[2026-06-18 16:54:28,487][feature_based_propensities_for_ULTR.experiments.config_resolver][WARNING] - test_clicks=500000 is ignored because test_set_mode='label_only'. Set test_set_mode='clicks' to enable legacy click-based test behavior.
[2026-06-18 16:54:28,493][feature_based_propensities_for_ULTR.experiments.data_pipeline][INFO] - Loading or generating click datasets...
[2026-06-18 16:55:29,215][absl][INFO] - orbax-checkpoint version: 0.11.40
[2026-06-18 16:55:29,215][absl][INFO] - save_device_host_concurrent_bytes=None
[2026-06-18 16:55:29,216][absl][INFO] - Created BasePyTreeCheckpointHandler: use_ocdbt=True, use_zarr3=False, pytree_metadata_options=PyTreeMetadataOptions(support_rich_types=False), array_metadata_store=<orbax.checkpoint._src.metadata.array_metadata_store.Store object at 0x14d4324f1250>, enable_pinned_host_transfer=False, save_concurrent_bytes: 96000000000 (89.4 GiB), restore_concurrent_bytes: 96000000000 (89.4 GiB)
[2026-06-18 16:55:29,216][absl][INFO] - [thread=MainThread] Failed to get flag value for EXPERIMENTAL_ORBAX_USE_DISTRIBUTED_PROCESS_ID.
[2026-06-18 16:55:29,216][absl][INFO] - [process=0][thread=MainThread] Using barrier_sync_fn: <function get_barrier_sync_fn.<locals>.<lambda> at 0x14d3806639c0> timeout: 1200 secs and primary_host=0 for async checkpoint writes
[2026-06-18 16:55:29,216][absl][INFO] - [process=0] [sync] Started load checkpoint @ /gpfs/home5/sfris1/ltr_datasets/ips_datasets/logging_policy_c10000_ps1p0_pt0p5_bs1p0_drop0rel0_sessallocv2_candfullv2_topx25_maxdocs200_lprdeep_lpsegreedysampler_lppct10p0.
[2026-06-18 16:55:29,219][absl][INFO] - Restoring checkpoint from /gpfs/home5/sfris1/ltr_datasets/ips_datasets/logging_policy_c10000_ps1p0_pt0p5_bs1p0_drop0rel0_sessallocv2_candfullv2_topx25_maxdocs200_lprdeep_lpsegreedysampler_lppct10p0.
[2026-06-18 16:55:29,219][absl][INFO] - [process=0] [sync] Finished blocking load in 0.00 seconds. Continuing load @ /gpfs/home5/sfris1/ltr_datasets/ips_datasets/logging_policy_c10000_ps1p0_pt0p5_bs1p0_drop0rel0_sessallocv2_candfullv2_topx25_maxdocs200_lprdeep_lpsegreedysampler_lppct10p0.
[2026-06-18 16:55:29,235][absl][INFO] - [process=0] /jax/orbax/read/worker/io/requested throughput: 1.927 MiB/s (total gbytes: 21.4 KiB) (time elapsed: 0.01083230972290039 s) (per-host)
[2026-06-18 16:55:29,236][absl][INFO] - [process=0] /jax/checkpoint/read/gbytes_per_sec: 1.284 MiB/s (total gbytes: 21.4 KiB) (time elapsed: 0.016263484954833984 s) (per-host)
[2026-06-18 16:55:29,236][absl][INFO] - [process=0] [sync] Finished load in 0.02 seconds @ /gpfs/home5/sfris1/ltr_datasets/ips_datasets/logging_policy_c10000_ps1p0_pt0p5_bs1p0_drop0rel0_sessallocv2_candfullv2_topx25_maxdocs200_lprdeep_lpsegreedysampler_lppct10p0
[2026-06-18 16:55:33,360][feature_based_propensities_for_ULTR.experiments.data_pipeline][INFO] - Loaded click datasets in 64.87 seconds (train=7500, val=2500, test=0)
[2026-06-18 16:55:33,360][feature_based_propensities_for_ULTR.experiments.data_pipeline][INFO] - Test split is label-only by design; no test click dataset was loaded.
[2026-06-18 16:55:33,360][feature_based_propensities_for_ULTR.data.runtime.alignment][INFO] - Applying data cutoff override: configured=25, natural=25, effective=25
[2026-06-18 16:55:33,361][feature_based_propensities_for_ULTR.data.runtime.alignment][INFO] - Applying data cutoff override: configured=25, natural=25, effective=25
[2026-06-18 16:55:33,450][feature_based_propensities_for_ULTR.data.runtime.aggregation][INFO] - Initializing simulator...
[2026-06-18 16:55:33,451][feature_based_propensities_for_ULTR.data.runtime.aggregation][INFO] - Aggregating train dataset...
[2026-06-18 16:55:38,501][feature_based_propensities_for_ULTR.data.runtime.aggregation][INFO] - Aggregating validation dataset...
[2026-06-18 16:55:41,356][feature_based_propensities_for_ULTR.data.runtime.aggregation][INFO] - Aggregating test dataset from labels only...
[2026-06-18 16:55:42,178][feature_based_propensities_for_ULTR.data.runtime.aggregation][INFO] - Aggregation done in 8.73 seconds
[2026-06-18 16:55:42,178][feature_based_propensities_for_ULTR.data.runtime.aggregation][INFO] - Session usage after aggregation: requested(train=7500,val=2500), actual(train=7500,val=2500,test=0)
[2026-06-18 16:55:42,178][feature_based_propensities_for_ULTR.data.runtime.aggregation][INFO] - Dataset persistence disabled; skipping aggregated dataset cache save.
[2026-06-18 16:55:42,178][feature_based_propensities_for_ULTR.experiments.ips_pipeline][INFO] - Test split uses label-only evaluation; raw test click diagnostics are skipped.
[2026-06-18 16:55:42,229][feature_based_propensities_for_ULTR.experiments.diagnostics][INFO] - [Data] train_docs=2132810, val_docs=707814, test_docs=708921, cutoff=25
[2026-06-18 16:55:42,328][feature_based_propensities_for_ULTR.experiments.diagnostics][INFO] - [Train] clicks=821, displays=182083, ctr=0.0045, ctr_per_doc=0.0045
[2026-06-18 16:55:42,416][feature_based_propensities_for_ULTR.experiments.diagnostics][INFO] - [Validation] clicks=262, displays=60882, ctr=0.0043, ctr_per_doc=0.0043
[2026-06-18 16:55:42,501][feature_based_propensities_for_ULTR.experiments.diagnostics][INFO] - [Test] clicks=0, displays=0, ctr=0.0000, ctr_per_doc=0.0000
[2026-06-18 16:55:42,501][feature_based_propensities_for_ULTR.experiments.ips_pipeline][INFO] - Running estimator pipeline with model='dm'
[2026-06-18 16:55:42,501][feature_based_propensities_for_ULTR.experiments.ips_pipeline][INFO] - Computing position bias (alpha)...
[2026-06-18 16:55:42,520][ultr_bias_toolkit.bias.intervention_harvesting.all_pairs][INFO] - Position bias estimation using global all pairs estimator
[2026-06-18 16:56:33,418][feature_based_propensities_for_ULTR.experiments.position_bias_pipeline][INFO] - Saved estimated position-bias curve to position_bias.json
[2026-06-18 16:56:33,418][feature_based_propensities_for_ULTR.experiments.ips_pipeline][INFO] - Estimated position bias in-run (estimator=global_all_pairs): [ 0.         -0.38790312 -1.0827018  -1.1843911  -1.8891504  -1.5973353
 -1.1805415  -1.4916188  -2.5585594  -2.617273   -1.0199682  -0.36795682
 -3.8643456  -2.124604   -2.8710113  -0.8508141  -6.9077554  -5.3989716
 -2.0561962  -5.3257875  -3.713086   -1.3164097  -2.548415   -6.0093813
 -6.6921268 ]
[2026-06-18 16:56:33,419][feature_based_propensities_for_ULTR.experiments.propensity_pipeline][INFO] - Computing propensity per doc (method=frequency_based)...
[2026-06-18 16:57:01,561][feature_based_propensities_for_ULTR.experiments.propensity_pipeline][INFO] - Propensity computed in 28.14 seconds
[2026-06-18 16:57:01,561][feature_based_propensities_for_ULTR.experiments.propensity_pipeline][INFO] - Alpha logits: [ 0.         -0.38790312 -1.0827018  -1.1843911  -1.8891504  -1.5973353
 -1.1805415  -1.4916188  -2.5585594  -2.617273   -1.0199682  -0.36795682
 -3.8643456  -2.124604   -2.8710113  -0.8508141  -6.9077554  -5.3989716
 -2.0561962  -5.3257875  -3.713086   -1.3164097  -2.548415   -6.0093813
 -6.6921268 ]
[2026-06-18 16:57:01,562][feature_based_propensities_for_ULTR.experiments.propensity_pipeline][INFO] - Alpha: [0.5        0.4042222  0.25299507 0.23426358 0.13134137 0.16835436
 0.23495485 0.18367888 0.07185356 0.06803499 0.2650336  0.40903482
 0.02054567 0.10672834 0.05360533 0.2992621  0.000999   0.00450088
 0.1134278  0.00484097 0.02382082 0.21141624 0.07253305 0.00244959
 0.0012391 ]
[2026-06-18 16:57:01,563][feature_based_propensities_for_ULTR.experiments.propensity_pipeline][INFO] - Propensity clipping disabled.
[2026-06-18 16:57:02,702][feature_based_propensities_for_ULTR.experiments.regression_pipeline][INFO] - Training regression model for DM/DR...
[2026-06-18 16:57:10,184][feature_based_propensities_for_ULTR.experiments.regression_pipeline][INFO] - Regression epoch 3: train_loss=0.459347 val_loss=0.343916
[2026-06-18 16:57:16,652][feature_based_propensities_for_ULTR.experiments.regression_pipeline][INFO] - Regression epoch 6: train_loss=0.405729 val_loss=0.282195
[2026-06-18 16:57:23,104][feature_based_propensities_for_ULTR.experiments.regression_pipeline][INFO] - Regression epoch 9: train_loss=0.419000 val_loss=0.303044
[2026-06-18 16:57:29,228][feature_based_propensities_for_ULTR.experiments.ips_pipeline][INFO] - Computing DM doc weights...
[2026-06-18 16:57:29,228][feature_based_propensities_for_ULTR.experiments.ips_pipeline][INFO] - Doc weights computed in 0.00 seconds
[2026-06-18 16:57:29,239][feature_based_propensities_for_ULTR.experiments.model_pipeline][INFO] - Loading trainer (trainer_type='pl-rank', n_samples=100)...
[2026-06-18 16:57:29,241][feature_based_propensities_for_ULTR.experiments.model_pipeline][INFO] - Trainer loaded in 0.00 seconds
[2026-06-18 16:57:29,241][feature_based_propensities_for_ULTR.experiments.model_pipeline][INFO] - Training model...
[2026-06-18 17:41:26,061][feature_based_propensities_for_ULTR.experiments.ips_pipeline][INFO] - Final evaluation results:
{'metrics': {'CTR': 0.5684061646461487,
             'DCG': 1.206598162651062,
             'NCTR': 0.2823178172111511,
             'NDCG': 0.3153862953186035,
             'NDCG@25': 0.3153862953186035,
             'NRCTR': 0.2823178172111511,
             'RCTR': 0.5684061646461487}}
[2026-06-18 17:41:26,096][submitit][INFO] - Job completed successfully
[2026-06-18 17:41:26,105][submitit][INFO] - Exiting after successful completion
