[2026-04-22 16:23:38,650][jax._src.xla_bridge][ERROR] - Jax plugin configuration error: Exception when calling jax_plugins.xla_cuda12.initialize()
Traceback (most recent call last):
  File "/gpfs/home5/sfris1/two-towers-confounding-project/.venv/lib/python3.11/site-packages/jax/_src/xla_bridge.py", line 485, in discover_pjrt_plugins
    plugin_module.initialize()
  File "/gpfs/home5/sfris1/two-towers-confounding-project/.venv/lib/python3.11/site-packages/jax_plugins/xla_cuda12/__init__.py", line 328, in initialize
    _check_cuda_versions(raise_on_first_error=True)
  File "/gpfs/home5/sfris1/two-towers-confounding-project/.venv/lib/python3.11/site-packages/jax_plugins/xla_cuda12/__init__.py", line 285, in _check_cuda_versions
    local_device_count = cuda_versions.cuda_device_count()
                         ^^^^^^^^^^^^^^^^^^^^^^^^^^^^^^^^^
RuntimeError: jaxlib/cuda/versions_helpers.cc:113: operation cuInit(0) failed: CUDA_ERROR_NO_DEVICE
[2026-04-22 16:23:44,569][two_tower_confounding.experiments.ips_pipeline][WARNING] - wandb.init failed (Error uploading run: returned error 403: {"data":{"upsertBucket":null},"errors":[{"message":"permission denied","path":["upsertBucket"],"extensions":{"code":"PERMISSION_ERROR"}}]}). Continuing with local logging only.
[2026-04-22 16:23:44,569][two_tower_confounding.experiments.ips_pipeline][WARNING] - Disabling wandb for trainer components because initialization failed.
[2026-04-22 16:23:44,570][two_tower_confounding.experiments.config_resolver][WARNING] - test_clicks=500000 is ignored because test_set_mode='label_only'. Set test_set_mode='clicks' to enable legacy click-based test behavior.
[2026-04-22 16:23:44,576][two_tower_confounding.experiments.data_pipeline][INFO] - Loading or generating click datasets...
[2026-04-22 16:24:08,264][absl][INFO] - orbax-checkpoint version: 0.11.25
[2026-04-22 16:24:08,264][absl][INFO] - Created BasePyTreeCheckpointHandler: use_ocdbt=True, use_zarr3=False, pytree_metadata_options=PyTreeMetadataOptions(support_rich_types=False), array_metadata_store=<orbax.checkpoint._src.metadata.array_metadata_store.Store object at 0x14d4ef09fc90>, enable_pinned_host_transfer=False, save_concurrent_bytes: 96000000000 (89.4 GiB), restore_concurrent_bytes: 96000000000 (89.4 GiB)
[2026-04-22 16:24:08,264][absl][INFO] - [thread=MainThread] Failed to get flag value for EXPERIMENTAL_ORBAX_USE_DISTRIBUTED_PROCESS_ID.
[2026-04-22 16:24:08,265][absl][INFO] - [process=0][thread=MainThread] Using barrier_sync_fn: <function get_barrier_sync_fn.<locals>.<lambda> at 0x14d424049300> timeout: 600 secs and primary_host=0 for async checkpoint writes
[2026-04-22 16:24:08,267][absl][INFO] - Restoring checkpoint from /gpfs/home5/sfris1/ltr_datasets/ips_datasets/logging_policy_c10000_ps1p0_pt0p5_bs1p0_drop0rel0_sessallocv2_candfullv2_topx25_maxdocs80_lprdeep_lpsegreedysampler_lppct10p0.
[2026-04-22 16:24:08,288][absl][INFO] - [process=0] /jax/checkpoint/read/gbytes_per_sec: 0 Bytes/s (total gbytes: 91.8 KiB) (time elapsed: 19 milliseconds) (per-host)
[2026-04-22 16:24:08,288][absl][INFO] - Finished restoring checkpoint in 0.02 seconds from /gpfs/home5/sfris1/ltr_datasets/ips_datasets/logging_policy_c10000_ps1p0_pt0p5_bs1p0_drop0rel0_sessallocv2_candfullv2_topx25_maxdocs80_lprdeep_lpsegreedysampler_lppct10p0.
[2026-04-22 16:24:13,332][two_tower_confounding.experiments.data_pipeline][INFO] - Loaded click datasets in 28.76 seconds (train=8694, val=1306, test=0)
[2026-04-22 16:24:13,332][two_tower_confounding.experiments.data_pipeline][INFO] - Test split is label-only by design; no test click dataset was loaded.
[2026-04-22 16:24:13,333][two_tower_confounding.data.runtime.alignment][INFO] - Applying data cutoff override: configured=25, natural=25, effective=25
[2026-04-22 16:24:13,333][two_tower_confounding.data.runtime.alignment][INFO] - Applying data cutoff override: configured=25, natural=25, effective=25
[2026-04-22 16:24:13,463][two_tower_confounding.data.runtime.aggregation][INFO] - Initializing simulator...
[2026-04-22 16:24:13,464][two_tower_confounding.data.runtime.aggregation][INFO] - Aggregating train dataset...
[2026-04-22 16:24:20,273][two_tower_confounding.data.runtime.aggregation][INFO] - Aggregating validation dataset...
[2026-04-22 16:24:23,116][two_tower_confounding.data.runtime.aggregation][INFO] - Aggregating test dataset from labels only...
[2026-04-22 16:24:24,997][two_tower_confounding.data.runtime.aggregation][INFO] - Aggregation done in 11.53 seconds
[2026-04-22 16:24:24,998][two_tower_confounding.data.runtime.aggregation][INFO] - Session usage after aggregation: requested(train=8694,val=1306), actual(train=8694,val=1306,test=0)
[2026-04-22 16:24:24,998][two_tower_confounding.data.runtime.aggregation][INFO] - Dataset persistence disabled; skipping aggregated dataset cache save.
[2026-04-22 16:24:24,998][two_tower_confounding.experiments.ips_pipeline][INFO] - Test split uses label-only evaluation; raw test click diagnostics are skipped.
[2026-04-22 16:24:25,027][two_tower_confounding.experiments.diagnostics][INFO] - [Data] train_docs=470251, val_docs=70687, test_docs=164676, cutoff=25
[2026-04-22 16:24:25,102][two_tower_confounding.experiments.diagnostics][INFO] - [Train] clicks=1442, displays=147751, ctr=0.0098, ctr_per_doc=0.0098
[2026-04-22 16:24:25,177][two_tower_confounding.experiments.diagnostics][INFO] - [Validation] clicks=175, displays=21330, ctr=0.0082, ctr_per_doc=0.0082
[2026-04-22 16:24:25,253][two_tower_confounding.experiments.diagnostics][INFO] - [Test] clicks=0, displays=0, ctr=0.0000, ctr_per_doc=0.0000
[2026-04-22 16:24:25,253][two_tower_confounding.experiments.ips_pipeline][INFO] - Running estimator pipeline with model='ips'
[2026-04-22 16:24:25,253][two_tower_confounding.experiments.ips_pipeline][INFO] - Computing position bias (alpha)...
[2026-04-22 16:24:25,259][submitit][INFO] - Job completed successfully
[2026-04-22 16:24:25,269][submitit][INFO] - Exiting after successful completion
[2026-04-22 16:48:14,123][jax._src.xla_bridge][ERROR] - Jax plugin configuration error: Exception when calling jax_plugins.xla_cuda12.initialize()
Traceback (most recent call last):
  File "/gpfs/home5/sfris1/two-towers-confounding-project/.venv/lib/python3.11/site-packages/jax/_src/xla_bridge.py", line 485, in discover_pjrt_plugins
    plugin_module.initialize()
  File "/gpfs/home5/sfris1/two-towers-confounding-project/.venv/lib/python3.11/site-packages/jax_plugins/xla_cuda12/__init__.py", line 328, in initialize
    _check_cuda_versions(raise_on_first_error=True)
  File "/gpfs/home5/sfris1/two-towers-confounding-project/.venv/lib/python3.11/site-packages/jax_plugins/xla_cuda12/__init__.py", line 285, in _check_cuda_versions
    local_device_count = cuda_versions.cuda_device_count()
                         ^^^^^^^^^^^^^^^^^^^^^^^^^^^^^^^^^
RuntimeError: jaxlib/cuda/versions_helpers.cc:113: operation cuInit(0) failed: CUDA_ERROR_NO_DEVICE
[2026-04-22 16:48:15,127][two_tower_confounding.experiments.ips_pipeline][WARNING] - wandb.init failed (Error uploading run: returned error 403: {"data":{"upsertBucket":null},"errors":[{"message":"permission denied","path":["upsertBucket"],"extensions":{"code":"PERMISSION_ERROR"}}]}). Continuing with local logging only.
[2026-04-22 16:48:15,128][two_tower_confounding.experiments.ips_pipeline][WARNING] - Disabling wandb for trainer components because initialization failed.
[2026-04-22 16:48:15,129][two_tower_confounding.experiments.config_resolver][WARNING] - test_clicks=500000 is ignored because test_set_mode='label_only'. Set test_set_mode='clicks' to enable legacy click-based test behavior.
[2026-04-22 16:48:15,135][two_tower_confounding.experiments.data_pipeline][INFO] - Loading or generating click datasets...
[2026-04-22 16:48:39,038][absl][INFO] - orbax-checkpoint version: 0.11.25
[2026-04-22 16:48:39,042][absl][INFO] - Created BasePyTreeCheckpointHandler: use_ocdbt=True, use_zarr3=False, pytree_metadata_options=PyTreeMetadataOptions(support_rich_types=False), array_metadata_store=<orbax.checkpoint._src.metadata.array_metadata_store.Store object at 0x149d5aa26510>, enable_pinned_host_transfer=False, save_concurrent_bytes: 96000000000 (89.4 GiB), restore_concurrent_bytes: 96000000000 (89.4 GiB)
[2026-04-22 16:48:39,042][absl][INFO] - [thread=MainThread] Failed to get flag value for EXPERIMENTAL_ORBAX_USE_DISTRIBUTED_PROCESS_ID.
[2026-04-22 16:48:39,043][absl][INFO] - [process=0][thread=MainThread] Using barrier_sync_fn: <function get_barrier_sync_fn.<locals>.<lambda> at 0x149cb5139300> timeout: 600 secs and primary_host=0 for async checkpoint writes
[2026-04-22 16:48:39,045][absl][INFO] - Restoring checkpoint from /gpfs/home5/sfris1/ltr_datasets/ips_datasets/logging_policy_c10000_ps1p0_pt0p5_bs1p0_drop0rel0_sessallocv2_candfullv2_topx25_maxdocs80_lprdeep_lpsegreedysampler_lppct10p0.
[2026-04-22 16:48:39,066][absl][INFO] - [process=0] /jax/checkpoint/read/gbytes_per_sec: 0 Bytes/s (total gbytes: 91.8 KiB) (time elapsed: 19 milliseconds) (per-host)
[2026-04-22 16:48:39,066][absl][INFO] - Finished restoring checkpoint in 0.02 seconds from /gpfs/home5/sfris1/ltr_datasets/ips_datasets/logging_policy_c10000_ps1p0_pt0p5_bs1p0_drop0rel0_sessallocv2_candfullv2_topx25_maxdocs80_lprdeep_lpsegreedysampler_lppct10p0.
[2026-04-22 16:48:43,863][two_tower_confounding.experiments.data_pipeline][INFO] - Loaded click datasets in 28.73 seconds (train=8694, val=1306, test=0)
[2026-04-22 16:48:43,863][two_tower_confounding.experiments.data_pipeline][INFO] - Test split is label-only by design; no test click dataset was loaded.
[2026-04-22 16:48:43,863][two_tower_confounding.data.runtime.alignment][INFO] - Applying data cutoff override: configured=25, natural=25, effective=25
[2026-04-22 16:48:43,863][two_tower_confounding.data.runtime.alignment][INFO] - Applying data cutoff override: configured=25, natural=25, effective=25
[2026-04-22 16:48:43,991][two_tower_confounding.data.runtime.aggregation][INFO] - Initializing simulator...
[2026-04-22 16:48:43,991][two_tower_confounding.data.runtime.aggregation][INFO] - Aggregating train dataset...
[2026-04-22 16:48:50,737][two_tower_confounding.data.runtime.aggregation][INFO] - Aggregating validation dataset...
[2026-04-22 16:48:53,518][two_tower_confounding.data.runtime.aggregation][INFO] - Aggregating test dataset from labels only...
[2026-04-22 16:48:55,251][two_tower_confounding.data.runtime.aggregation][INFO] - Aggregation done in 11.26 seconds
[2026-04-22 16:48:55,251][two_tower_confounding.data.runtime.aggregation][INFO] - Session usage after aggregation: requested(train=8694,val=1306), actual(train=8694,val=1306,test=0)
[2026-04-22 16:48:55,252][two_tower_confounding.data.runtime.aggregation][INFO] - Dataset persistence disabled; skipping aggregated dataset cache save.
[2026-04-22 16:48:55,252][two_tower_confounding.experiments.ips_pipeline][INFO] - Test split uses label-only evaluation; raw test click diagnostics are skipped.
[2026-04-22 16:48:55,277][two_tower_confounding.experiments.diagnostics][INFO] - [Data] train_docs=470251, val_docs=70687, test_docs=164676, cutoff=25
[2026-04-22 16:48:55,357][two_tower_confounding.experiments.diagnostics][INFO] - [Train] clicks=1442, displays=147751, ctr=0.0098, ctr_per_doc=0.0098
[2026-04-22 16:48:55,428][two_tower_confounding.experiments.diagnostics][INFO] - [Validation] clicks=175, displays=21330, ctr=0.0082, ctr_per_doc=0.0082
[2026-04-22 16:48:55,500][two_tower_confounding.experiments.diagnostics][INFO] - [Test] clicks=0, displays=0, ctr=0.0000, ctr_per_doc=0.0000
[2026-04-22 16:48:55,500][two_tower_confounding.experiments.ips_pipeline][INFO] - Running estimator pipeline with model='ips'
[2026-04-22 16:48:55,500][two_tower_confounding.experiments.ips_pipeline][INFO] - Computing position bias (alpha)...
[2026-04-22 16:48:55,506][two_tower_confounding.experiments.ips_pipeline][INFO] - Loaded CSV position bias from /gpfs/home5/sfris1/Doubly-Robust-Optimization-With-Two-Tower-Models/results/position_bias_csv_smoke.csv (method=pivot_one): [ 0.         -0.56798404 -0.31237468 -0.14310084 -1.1451323  -1.7635885
 -2.6390574  -1.4350846  -6.9077554  -6.9077554  -1.2527629  -6.9077554
 -6.9077554  -1.3862944  -6.9077554  -1.609438   -6.9077554  -6.9077554
 -6.9077554  -6.9077554  -6.9077554  -6.9077554  -6.9077554  -6.9077554
 -6.9077554 ]
[2026-04-22 16:48:55,508][two_tower_confounding.experiments.propensity_pipeline][INFO] - Computing propensity per doc (method=true_propensity)...
[2026-04-22 16:49:03,725][two_tower_confounding.experiments.propensity_pipeline][INFO] - Propensity computed in 8.22 seconds
[2026-04-22 16:49:03,725][two_tower_confounding.experiments.propensity_pipeline][INFO] - Alpha logits: [ 0.         -0.56798404 -0.31237468 -0.14310084 -1.1451323  -1.7635885
 -2.6390574  -1.4350846  -6.9077554  -6.9077554  -1.2527629  -6.9077554
 -6.9077554  -1.3862944  -6.9077554  -1.609438   -6.9077554  -6.9077554
 -6.9077554  -6.9077554  -6.9077554  -6.9077554  -6.9077554  -6.9077554
 -6.9077554 ]
[2026-04-22 16:49:03,726][two_tower_confounding.experiments.propensity_pipeline][INFO] - Alpha: [0.5        0.3617021  0.4225352  0.4642857  0.2413793  0.14634146
 0.06666667 0.1923077  0.000999   0.000999   0.22222222 0.000999
 0.000999   0.2        0.000999   0.16666667 0.000999   0.000999
 0.000999   0.000999   0.000999   0.000999   0.000999   0.000999
 0.000999  ]
[2026-04-22 16:49:03,727][two_tower_confounding.experiments.propensity_pipeline][INFO] - Propensity clipping disabled.
[2026-04-22 16:49:03,727][two_tower_confounding.experiments.ips_pipeline][INFO] - Computing IPS doc weights...
[2026-04-22 16:49:04,384][two_tower_confounding.experiments.ips_pipeline][INFO] - Doc weights computed in 0.66 seconds
[2026-04-22 16:49:04,392][two_tower_confounding.experiments.model_pipeline][INFO] - Loading trainer (trainer_type='pl-rank', n_samples=100)...
[2026-04-22 16:49:04,394][two_tower_confounding.experiments.model_pipeline][INFO] - Trainer loaded in 0.00 seconds
[2026-04-22 16:49:04,394][two_tower_confounding.experiments.model_pipeline][INFO] - Training model...
[2026-04-22 16:50:17,964][two_tower_confounding.experiments.ips_pipeline][INFO] - Final evaluation results:
{'metrics': {'CTR': 0.8989038467407227,
             'DCG': 2.0205698013305664,
             'NCTR': 0.6335460543632507,
             'NDCG': 0.7336543798446655,
             'NDCG@25': 0.7336543798446655,
             'NRCTR': 0.6335460543632507,
             'RCTR': 0.8989038467407227}}
[2026-04-22 16:50:17,990][submitit][INFO] - Job completed successfully
[2026-04-22 16:50:18,001][submitit][INFO] - Exiting after successful completion
[2026-05-02 18:24:45,524][two_tower_confounding.experiments.config_resolver][WARNING] - test_clicks=500000 is ignored because test_set_mode='label_only'. Set test_set_mode='clicks' to enable legacy click-based test behavior.
[2026-05-02 18:24:45,533][two_tower_confounding.experiments.data_pipeline][INFO] - Loading or generating click datasets...
[2026-05-02 18:25:10,720][absl][INFO] - orbax-checkpoint version: 0.11.37
[2026-05-02 18:25:10,721][absl][INFO] - save_device_host_concurrent_bytes=None
[2026-05-02 18:25:10,722][absl][INFO] - Created BasePyTreeCheckpointHandler: use_ocdbt=True, use_zarr3=False, pytree_metadata_options=PyTreeMetadataOptions(support_rich_types=False), array_metadata_store=<orbax.checkpoint._src.metadata.array_metadata_store.Store object at 0x148995932550>, enable_pinned_host_transfer=False, save_concurrent_bytes: 96000000000 (89.4 GiB), restore_concurrent_bytes: 96000000000 (89.4 GiB)
[2026-05-02 18:25:10,722][absl][INFO] - [thread=MainThread] Failed to get flag value for EXPERIMENTAL_ORBAX_USE_DISTRIBUTED_PROCESS_ID.
[2026-05-02 18:25:10,722][absl][INFO] - [process=0][thread=MainThread] Using barrier_sync_fn: <function get_barrier_sync_fn.<locals>.<lambda> at 0x1488fe41d800> timeout: 1200 secs and primary_host=0 for async checkpoint writes
[2026-05-02 18:25:10,722][absl][INFO] - [process=0] [sync] Started load checkpoint @ /gpfs/home5/sfris1/ltr_datasets/ips_datasets/logging_policy_c10000_ps1p0_pt0p5_bs1p0_drop0rel0_sessallocv2_candfullv2_topx25_maxdocs80_lprdeep_lpsegreedysampler_lppct10p0.
[2026-05-02 18:25:10,724][absl][INFO] - Restoring checkpoint from /gpfs/home5/sfris1/ltr_datasets/ips_datasets/logging_policy_c10000_ps1p0_pt0p5_bs1p0_drop0rel0_sessallocv2_candfullv2_topx25_maxdocs80_lprdeep_lpsegreedysampler_lppct10p0.
[2026-05-02 18:25:10,726][absl][INFO] - [process=0] [sync] Finished blocking load in 0.00 seconds. Continuing load @ /gpfs/home5/sfris1/ltr_datasets/ips_datasets/logging_policy_c10000_ps1p0_pt0p5_bs1p0_drop0rel0_sessallocv2_candfullv2_topx25_maxdocs80_lprdeep_lpsegreedysampler_lppct10p0.
[2026-05-02 18:25:10,741][absl][INFO] - [process=0] /jax/orbax/read/worker/io/requested throughput: 8.201 MiB/s (total gbytes: 91.8 KiB) (time elapsed: 0.010926246643066406 s) (per-host)
[2026-05-02 18:25:10,743][absl][INFO] - [process=0] /jax/checkpoint/read/gbytes_per_sec: 5.485 MiB/s (total gbytes: 91.8 KiB) (time elapsed: 0.016335010528564453 s) (per-host)
[2026-05-02 18:25:10,743][absl][INFO] - [process=0] [sync] Finished load in 0.02 seconds @ /gpfs/home5/sfris1/ltr_datasets/ips_datasets/logging_policy_c10000_ps1p0_pt0p5_bs1p0_drop0rel0_sessallocv2_candfullv2_topx25_maxdocs80_lprdeep_lpsegreedysampler_lppct10p0
[2026-05-02 18:25:14,945][two_tower_confounding.experiments.data_pipeline][INFO] - Loaded click datasets in 29.41 seconds (train=8694, val=1306, test=0)
[2026-05-02 18:25:14,945][two_tower_confounding.experiments.data_pipeline][INFO] - Test split is label-only by design; no test click dataset was loaded.
[2026-05-02 18:25:14,945][two_tower_confounding.data.runtime.alignment][INFO] - Applying data cutoff override: configured=25, natural=25, effective=25
[2026-05-02 18:25:14,946][two_tower_confounding.data.runtime.alignment][INFO] - Applying data cutoff override: configured=25, natural=25, effective=25
[2026-05-02 18:25:15,042][two_tower_confounding.data.runtime.aggregation][INFO] - Initializing simulator...
[2026-05-02 18:25:15,042][two_tower_confounding.data.runtime.aggregation][INFO] - Aggregating train dataset...
[2026-05-02 18:25:21,255][two_tower_confounding.data.runtime.aggregation][INFO] - Aggregating validation dataset...
[2026-05-02 18:25:23,663][two_tower_confounding.data.runtime.aggregation][INFO] - Aggregating test dataset from labels only...
[2026-05-02 18:25:25,480][two_tower_confounding.data.runtime.aggregation][INFO] - Aggregation done in 10.44 seconds
[2026-05-02 18:25:25,481][two_tower_confounding.data.runtime.aggregation][INFO] - Session usage after aggregation: requested(train=8694,val=1306), actual(train=8694,val=1306,test=0)
[2026-05-02 18:25:25,481][two_tower_confounding.data.runtime.aggregation][INFO] - Dataset persistence disabled; skipping aggregated dataset cache save.
[2026-05-02 18:25:25,481][two_tower_confounding.experiments.ips_pipeline][INFO] - Test split uses label-only evaluation; raw test click diagnostics are skipped.
[2026-05-02 18:25:25,506][two_tower_confounding.experiments.diagnostics][INFO] - [Data] train_docs=470251, val_docs=70687, test_docs=164676, cutoff=25
[2026-05-02 18:25:25,596][two_tower_confounding.experiments.diagnostics][INFO] - [Train] clicks=1442, displays=147751, ctr=0.0098, ctr_per_doc=0.0098
[2026-05-02 18:25:25,682][two_tower_confounding.experiments.diagnostics][INFO] - [Validation] clicks=175, displays=21330, ctr=0.0082, ctr_per_doc=0.0082
[2026-05-02 18:25:25,804][two_tower_confounding.experiments.diagnostics][INFO] - [Test] clicks=0, displays=0, ctr=0.0000, ctr_per_doc=0.0000
[2026-05-02 18:25:25,805][two_tower_confounding.experiments.ips_pipeline][INFO] - Running estimator pipeline with model='ips'
[2026-05-02 18:25:25,805][two_tower_confounding.experiments.ips_pipeline][INFO] - Computing position bias (alpha)...
[2026-05-02 18:25:25,811][two_tower_confounding.experiments.ips_pipeline][INFO] - Loaded CSV position bias from /gpfs/home5/sfris1/Doubly-Robust-Optimization-With-Two-Tower-Models/results/position_bias_csv_smoke.csv (method=pivot_one): [ 0.         -0.56798404 -0.31237468 -0.14310084 -1.1451323  -1.7635885
 -2.6390574  -1.4350846  -6.9077554  -6.9077554  -1.2527629  -6.9077554
 -6.9077554  -1.3862944  -6.9077554  -1.609438   -6.9077554  -6.9077554
 -6.9077554  -6.9077554  -6.9077554  -6.9077554  -6.9077554  -6.9077554
 -6.9077554 ]
[2026-05-02 18:25:25,813][two_tower_confounding.experiments.propensity_pipeline][INFO] - Computing propensity per doc (method=true_propensity)...
[2026-05-02 18:25:33,921][two_tower_confounding.experiments.propensity_pipeline][INFO] - Propensity computed in 8.11 seconds
[2026-05-02 18:25:33,922][two_tower_confounding.experiments.propensity_pipeline][INFO] - Alpha logits: [ 0.         -0.56798404 -0.31237468 -0.14310084 -1.1451323  -1.7635885
 -2.6390574  -1.4350846  -6.9077554  -6.9077554  -1.2527629  -6.9077554
 -6.9077554  -1.3862944  -6.9077554  -1.609438   -6.9077554  -6.9077554
 -6.9077554  -6.9077554  -6.9077554  -6.9077554  -6.9077554  -6.9077554
 -6.9077554 ]
[2026-05-02 18:25:33,922][two_tower_confounding.experiments.propensity_pipeline][INFO] - Alpha: [0.5        0.3617021  0.4225352  0.4642857  0.2413793  0.14634146
 0.06666667 0.1923077  0.000999   0.000999   0.22222222 0.000999
 0.000999   0.2        0.000999   0.16666667 0.000999   0.000999
 0.000999   0.000999   0.000999   0.000999   0.000999   0.000999
 0.000999  ]
[2026-05-02 18:25:33,925][two_tower_confounding.experiments.propensity_pipeline][INFO] - Propensity clipping disabled.
[2026-05-02 18:25:33,925][two_tower_confounding.experiments.ips_pipeline][INFO] - Computing IPS doc weights...
[2026-05-02 18:25:34,410][two_tower_confounding.experiments.ips_pipeline][INFO] - Doc weights computed in 0.48 seconds
[2026-05-02 18:25:34,421][two_tower_confounding.experiments.model_pipeline][INFO] - Loading trainer (trainer_type='pl-rank', n_samples=100)...
[2026-05-02 18:25:34,422][two_tower_confounding.experiments.model_pipeline][INFO] - Trainer loaded in 0.00 seconds
[2026-05-02 18:25:34,422][two_tower_confounding.experiments.model_pipeline][INFO] - Training model...
[2026-05-02 18:27:21,498][two_tower_confounding.experiments.ips_pipeline][INFO] - Final evaluation results:
{'metrics': {'CTR': 0.9141855239868164,
             'DCG': 2.0435681343078613,
             'NCTR': 0.6427241563796997,
             'NDCG': 0.7406868934631348,
             'NDCG@25': 0.7406868934631348,
             'NRCTR': 0.6427241563796997,
             'RCTR': 0.9141855239868164}}
[2026-05-02 18:27:21,524][submitit][INFO] - Job completed successfully
[2026-05-02 18:27:21,534][submitit][INFO] - Exiting after successful completion
