[2026-03-05 17:14:27,820][jax._src.xla_bridge][ERROR] - Jax plugin configuration error: Exception when calling jax_plugins.xla_cuda12.initialize()
Traceback (most recent call last):
  File "/gpfs/home5/sfris1/two-towers-confounding-project/.venv/lib/python3.11/site-packages/jax/_src/xla_bridge.py", line 485, in discover_pjrt_plugins
    plugin_module.initialize()
  File "/gpfs/home5/sfris1/two-towers-confounding-project/.venv/lib/python3.11/site-packages/jax_plugins/xla_cuda12/__init__.py", line 328, in initialize
    _check_cuda_versions(raise_on_first_error=True)
  File "/gpfs/home5/sfris1/two-towers-confounding-project/.venv/lib/python3.11/site-packages/jax_plugins/xla_cuda12/__init__.py", line 285, in _check_cuda_versions
    local_device_count = cuda_versions.cuda_device_count()
                         ^^^^^^^^^^^^^^^^^^^^^^^^^^^^^^^^^
RuntimeError: jaxlib/cuda/versions_helpers.cc:113: operation cuInit(0) failed: CUDA_ERROR_NO_DEVICE
[2026-03-05 17:14:31,365][two_tower_confounding.experiments.data_pipeline][INFO] - Loading aggregated datasets from /home/sfris1/ltr_datasets/ips_datasets...
[2026-03-05 17:14:36,607][two_tower_confounding.experiments.ips_pipeline][INFO] - Running estimator pipeline with model='ips'
[2026-03-05 17:14:36,608][two_tower_confounding.experiments.ips_pipeline][INFO] - Computing position bias (alpha)...
[2026-03-05 17:14:36,672][two_tower_confounding.experiments.propensity_pipeline][INFO] - Computing propensity per doc (method=frequency_based)...
[2026-03-05 17:14:39,625][two_tower_confounding.experiments.propensity_pipeline][INFO] - Propensity computed in 2.95 seconds
[2026-03-05 17:14:39,642][two_tower_confounding.experiments.propensity_pipeline][INFO] - Propensity clipping disabled.
[2026-03-05 17:14:39,643][two_tower_confounding.experiments.ips_pipeline][INFO] - Computing IPS doc weights...
[2026-03-05 17:14:40,371][two_tower_confounding.experiments.ips_pipeline][INFO] - Doc weights computed in 0.73 seconds
[2026-03-05 17:14:41,412][two_tower_confounding.experiments.model_pipeline][INFO] - Loading trainer (trainer_type='pl-rank', n_samples=100)...
[2026-03-05 17:14:41,413][two_tower_confounding.experiments.model_pipeline][INFO] - Trainer loaded in 0.00 seconds
[2026-03-05 17:14:41,413][two_tower_confounding.experiments.model_pipeline][INFO] - Training model...
[2026-03-05 17:15:31,016][two_tower_confounding.experiments.ips_pipeline][INFO] - Final evaluation results:
{'metrics': {'CTR': 1.5460188388824463,
             'DCG': 4.029112815856934,
             'NCTR': 0.854753315448761,
             'NDCG': 0.9093350768089294,
             'NRCTR': 0.854753315448761,
             'RCTR': 1.5460188388824463}}
[2026-03-05 17:15:34,574][submitit][INFO] - Job completed successfully
[2026-03-05 17:15:34,583][submitit][INFO] - Exiting after successful completion
