[2026-04-20 10:41:33,756][jax._src.xla_bridge][ERROR] - Jax plugin configuration error: Exception when calling jax_plugins.xla_cuda12.initialize()
Traceback (most recent call last):
  File "/gpfs/home5/sfris1/two-towers-confounding-project/.venv/lib/python3.11/site-packages/jax/_src/xla_bridge.py", line 485, in discover_pjrt_plugins
    plugin_module.initialize()
  File "/gpfs/home5/sfris1/two-towers-confounding-project/.venv/lib/python3.11/site-packages/jax_plugins/xla_cuda12/__init__.py", line 328, in initialize
    _check_cuda_versions(raise_on_first_error=True)
  File "/gpfs/home5/sfris1/two-towers-confounding-project/.venv/lib/python3.11/site-packages/jax_plugins/xla_cuda12/__init__.py", line 285, in _check_cuda_versions
    local_device_count = cuda_versions.cuda_device_count()
                         ^^^^^^^^^^^^^^^^^^^^^^^^^^^^^^^^^
RuntimeError: jaxlib/cuda/versions_helpers.cc:113: operation cuInit(0) failed: CUDA_ERROR_NO_DEVICE
[2026-04-20 10:41:34,804][two_tower_confounding.experiments.ips_pipeline][WARNING] - wandb.init failed (Error uploading run: returned error 403: {"data":{"upsertBucket":null},"errors":[{"message":"permission denied","path":["upsertBucket"],"extensions":{"code":"PERMISSION_ERROR"}}]}). Continuing with local logging only.
[2026-04-20 10:41:34,804][two_tower_confounding.experiments.ips_pipeline][WARNING] - Disabling wandb for trainer components because initialization failed.
[2026-04-20 10:41:34,805][two_tower_confounding.experiments.config_resolver][WARNING] - test_clicks=500000 is ignored because test_set_mode='label_only'. Set test_set_mode='clicks' to enable legacy click-based test behavior.
[2026-04-20 10:41:34,812][two_tower_confounding.experiments.data_pipeline][INFO] - Loading or generating click datasets...
[2026-04-20 10:42:35,437][absl][INFO] - orbax-checkpoint version: 0.11.25
[2026-04-20 10:42:35,437][absl][INFO] - Created BasePyTreeCheckpointHandler: use_ocdbt=True, use_zarr3=False, pytree_metadata_options=PyTreeMetadataOptions(support_rich_types=False), array_metadata_store=<orbax.checkpoint._src.metadata.array_metadata_store.Store object at 0x14cee4466950>, enable_pinned_host_transfer=False, save_concurrent_bytes: 96000000000 (89.4 GiB), restore_concurrent_bytes: 96000000000 (89.4 GiB)
[2026-04-20 10:42:35,438][absl][INFO] - [thread=MainThread] Failed to get flag value for EXPERIMENTAL_ORBAX_USE_DISTRIBUTED_PROCESS_ID.
[2026-04-20 10:42:35,438][absl][INFO] - [process=0][thread=MainThread] Using barrier_sync_fn: <function get_barrier_sync_fn.<locals>.<lambda> at 0x14ce356c13a0> timeout: 600 secs and primary_host=0 for async checkpoint writes
[2026-04-20 10:42:35,441][absl][INFO] - Restoring checkpoint from /gpfs/home5/sfris1/ltr_datasets/ips_datasets/logging_policy_c100000_ps1p0_pt0p5_bs1p0_drop0rel0_sessallocv2_candfullv2_topx25_maxdocs200_lprdeep_lpsegreedysampler_lppct10p0.
[2026-04-20 10:42:35,462][absl][INFO] - [process=0] /jax/checkpoint/read/gbytes_per_sec: 0 Bytes/s (total gbytes: 21.4 KiB) (time elapsed: 20 milliseconds) (per-host)
[2026-04-20 10:42:35,462][absl][INFO] - Finished restoring checkpoint in 0.02 seconds from /gpfs/home5/sfris1/ltr_datasets/ips_datasets/logging_policy_c100000_ps1p0_pt0p5_bs1p0_drop0rel0_sessallocv2_candfullv2_topx25_maxdocs200_lprdeep_lpsegreedysampler_lppct10p0.
[2026-04-20 10:42:47,780][two_tower_confounding.experiments.data_pipeline][INFO] - Loaded click datasets in 72.97 seconds (train=75000, val=25000, test=0)
[2026-04-20 10:42:47,780][two_tower_confounding.experiments.data_pipeline][INFO] - Test split is label-only by design; no test click dataset was loaded.
[2026-04-20 10:42:47,780][two_tower_confounding.data.runtime.alignment][INFO] - Applying data cutoff override: configured=25, natural=25, effective=25
[2026-04-20 10:42:47,781][two_tower_confounding.data.runtime.alignment][INFO] - Applying data cutoff override: configured=25, natural=25, effective=25
[2026-04-20 10:42:47,914][two_tower_confounding.data.runtime.aggregation][INFO] - Initializing simulator...
[2026-04-20 10:42:47,914][two_tower_confounding.data.runtime.aggregation][INFO] - Aggregating train dataset...
[2026-04-20 10:42:53,427][two_tower_confounding.data.runtime.aggregation][INFO] - Aggregating validation dataset...
[2026-04-20 10:42:56,728][two_tower_confounding.data.runtime.aggregation][INFO] - Aggregating test dataset from labels only...
[2026-04-20 10:42:57,718][two_tower_confounding.data.runtime.aggregation][INFO] - Aggregation done in 9.80 seconds
[2026-04-20 10:42:57,719][two_tower_confounding.data.runtime.aggregation][INFO] - Session usage after aggregation: requested(train=75000,val=25000), actual(train=75000,val=25000,test=0)
[2026-04-20 10:42:57,719][two_tower_confounding.data.runtime.aggregation][INFO] - Dataset persistence disabled; skipping aggregated dataset cache save.
[2026-04-20 10:42:57,719][two_tower_confounding.experiments.ips_pipeline][INFO] - Test split uses label-only evaluation; raw test click diagnostics are skipped.
[2026-04-20 10:42:57,776][two_tower_confounding.experiments.diagnostics][INFO] - [Data] train_docs=2132810, val_docs=707814, test_docs=708921, cutoff=25
[2026-04-20 10:42:57,864][two_tower_confounding.experiments.diagnostics][INFO] - [Train] clicks=8055, displays=1820929, ctr=0.0044, ctr_per_doc=0.0044
[2026-04-20 10:42:57,940][two_tower_confounding.experiments.diagnostics][INFO] - [Validation] clicks=2749, displays=608971, ctr=0.0045, ctr_per_doc=0.0045
[2026-04-20 10:42:58,015][two_tower_confounding.experiments.diagnostics][INFO] - [Test] clicks=0, displays=0, ctr=0.0000, ctr_per_doc=0.0000
[2026-04-20 10:42:58,015][two_tower_confounding.experiments.ips_pipeline][INFO] - Running estimator pipeline with model='ips'
[2026-04-20 10:42:58,015][two_tower_confounding.experiments.ips_pipeline][INFO] - Computing position bias (alpha)...
[2026-04-20 10:42:58,024][two_tower_confounding.experiments.position_bias_pipeline][WARNING] - Applying base epsilon=0.001 to 1 position-bias values while reading /gpfs/home5/sfris1/Doubly-Robust-Optimization-With-Two-Tower-Models/results/position_bias_csv_smoke.csv (invalid=0, below_floor=1).
[2026-04-20 10:42:58,025][two_tower_confounding.experiments.ips_pipeline][INFO] - Loaded CSV position bias from /gpfs/home5/sfris1/Doubly-Robust-Optimization-With-Two-Tower-Models/results/position_bias_csv_smoke.csv (method=pivot_one): [ 0.        -0.7707867 -0.8415591 -1.4691149 -1.3382697 -2.010199
 -1.9776151 -1.7789363 -2.2419605 -2.675818  -3.8013706 -2.5004518
 -2.518545  -2.3690748 -3.3044853 -2.585036  -3.9106889 -2.9508097
 -3.7759488 -4.36652   -4.8393197 -2.6880903 -3.9419055 -3.8736286
 -6.9077554]
[2026-04-20 10:42:58,026][two_tower_confounding.experiments.propensity_pipeline][INFO] - Computing propensity per doc (method=frequency_based)...
[2026-04-20 10:47:18,161][two_tower_confounding.experiments.propensity_pipeline][INFO] - Propensity computed in 260.14 seconds
[2026-04-20 10:47:18,162][two_tower_confounding.experiments.propensity_pipeline][INFO] - Alpha logits: [ 0.        -0.7707867 -0.8415591 -1.4691149 -1.3382697 -2.010199
 -1.9776151 -1.7789363 -2.2419605 -2.675818  -3.8013706 -2.5004518
 -2.518545  -2.3690748 -3.3044853 -2.585036  -3.9106889 -2.9508097
 -3.7759488 -4.36652   -4.8393197 -2.6880903 -3.9419055 -3.8736286
 -6.9077554]
[2026-04-20 10:47:18,163][two_tower_confounding.experiments.propensity_pipeline][INFO] - Alpha: [0.5        0.31630895 0.3012065  0.18707718 0.20779474 0.11813623
 0.1215733  0.14443453 0.0960452  0.06441546 0.02185195 0.07582651
 0.07456829 0.0855615  0.03541763 0.0701077  0.01963351 0.04969826
 0.02240199 0.01253619 0.00785032 0.06367978 0.01904157 0.02035969
 0.000999  ]
[2026-04-20 10:47:18,164][two_tower_confounding.experiments.propensity_pipeline][INFO] - Propensity clipping disabled.
[2026-04-20 10:47:18,164][two_tower_confounding.experiments.ips_pipeline][INFO] - Computing IPS doc weights...
[2026-04-20 10:47:18,897][two_tower_confounding.experiments.ips_pipeline][INFO] - Doc weights computed in 0.73 seconds
[2026-04-20 10:47:18,905][two_tower_confounding.experiments.model_pipeline][INFO] - Loading trainer (trainer_type='pl-rank', n_samples=100)...
[2026-04-20 10:47:18,907][two_tower_confounding.experiments.model_pipeline][INFO] - Trainer loaded in 0.00 seconds
[2026-04-20 10:47:18,907][two_tower_confounding.experiments.model_pipeline][INFO] - Training model...
[2026-04-20 11:03:56,416][two_tower_confounding.experiments.ips_pipeline][INFO] - Final evaluation results:
{'metrics': {'CTR': 0.509009838104248,
             'DCG': 1.5055168867111206,
             'NCTR': 0.3455306887626648,
             'NDCG': 0.3861536681652069,
             'NDCG@25': 0.3861536681652069,
             'NRCTR': 0.3455306887626648,
             'RCTR': 0.509009838104248}}
[2026-04-20 11:03:56,442][submitit][INFO] - Job completed successfully
[2026-04-20 11:03:56,454][submitit][INFO] - Exiting after successful completion
