[2026-04-22 16:23:54,635][jax._src.xla_bridge][ERROR] - Jax plugin configuration error: Exception when calling jax_plugins.xla_cuda12.initialize()
Traceback (most recent call last):
  File "/gpfs/home5/sfris1/two-towers-confounding-project/.venv/lib/python3.11/site-packages/jax/_src/xla_bridge.py", line 485, in discover_pjrt_plugins
    plugin_module.initialize()
  File "/gpfs/home5/sfris1/two-towers-confounding-project/.venv/lib/python3.11/site-packages/jax_plugins/xla_cuda12/__init__.py", line 328, in initialize
    _check_cuda_versions(raise_on_first_error=True)
  File "/gpfs/home5/sfris1/two-towers-confounding-project/.venv/lib/python3.11/site-packages/jax_plugins/xla_cuda12/__init__.py", line 285, in _check_cuda_versions
    local_device_count = cuda_versions.cuda_device_count()
                         ^^^^^^^^^^^^^^^^^^^^^^^^^^^^^^^^^
RuntimeError: jaxlib/cuda/versions_helpers.cc:113: operation cuInit(0) failed: CUDA_ERROR_NO_DEVICE
[2026-04-22 16:23:55,642][two_tower_confounding.experiments.ips_pipeline][WARNING] - wandb.init failed (Error uploading run: returned error 403: {"data":{"upsertBucket":null},"errors":[{"message":"permission denied","path":["upsertBucket"],"extensions":{"code":"PERMISSION_ERROR"}}]}). Continuing with local logging only.
[2026-04-22 16:23:55,643][two_tower_confounding.experiments.ips_pipeline][WARNING] - Disabling wandb for trainer components because initialization failed.
[2026-04-22 16:23:55,643][two_tower_confounding.experiments.config_resolver][WARNING] - test_clicks=500000 is ignored because test_set_mode='label_only'. Set test_set_mode='clicks' to enable legacy click-based test behavior.
[2026-04-22 16:23:55,650][two_tower_confounding.experiments.data_pipeline][INFO] - Loading or generating click datasets...
[2026-04-22 16:24:19,260][absl][INFO] - orbax-checkpoint version: 0.11.25
[2026-04-22 16:24:19,261][absl][INFO] - Created BasePyTreeCheckpointHandler: use_ocdbt=True, use_zarr3=False, pytree_metadata_options=PyTreeMetadataOptions(support_rich_types=False), array_metadata_store=<orbax.checkpoint._src.metadata.array_metadata_store.Store object at 0x1466b77ae7d0>, enable_pinned_host_transfer=False, save_concurrent_bytes: 96000000000 (89.4 GiB), restore_concurrent_bytes: 96000000000 (89.4 GiB)
[2026-04-22 16:24:19,261][absl][INFO] - [thread=MainThread] Failed to get flag value for EXPERIMENTAL_ORBAX_USE_DISTRIBUTED_PROCESS_ID.
[2026-04-22 16:24:19,261][absl][INFO] - [process=0][thread=MainThread] Using barrier_sync_fn: <function get_barrier_sync_fn.<locals>.<lambda> at 0x1465f7ac5300> timeout: 600 secs and primary_host=0 for async checkpoint writes
[2026-04-22 16:24:19,264][absl][INFO] - Restoring checkpoint from /gpfs/home5/sfris1/ltr_datasets/ips_datasets/logging_policy_c100000_ps1p0_pt0p5_bs1p0_drop0rel0_sessallocv2_candfullv2_topx25_maxdocs80_lprdeep_lpsegreedysampler_lppct10p0.
[2026-04-22 16:24:19,286][absl][INFO] - [process=0] /jax/checkpoint/read/gbytes_per_sec: 0 Bytes/s (total gbytes: 91.8 KiB) (time elapsed: 21 milliseconds) (per-host)
[2026-04-22 16:24:19,287][absl][INFO] - Finished restoring checkpoint in 0.02 seconds from /gpfs/home5/sfris1/ltr_datasets/ips_datasets/logging_policy_c100000_ps1p0_pt0p5_bs1p0_drop0rel0_sessallocv2_candfullv2_topx25_maxdocs80_lprdeep_lpsegreedysampler_lppct10p0.
[2026-04-22 16:24:30,824][two_tower_confounding.experiments.data_pipeline][INFO] - Loaded click datasets in 35.17 seconds (train=86947, val=13053, test=0)
[2026-04-22 16:24:30,824][two_tower_confounding.experiments.data_pipeline][INFO] - Test split is label-only by design; no test click dataset was loaded.
[2026-04-22 16:24:30,824][two_tower_confounding.data.runtime.alignment][INFO] - Applying data cutoff override: configured=25, natural=25, effective=25
[2026-04-22 16:24:30,825][two_tower_confounding.data.runtime.alignment][INFO] - Applying data cutoff override: configured=25, natural=25, effective=25
[2026-04-22 16:24:30,951][two_tower_confounding.data.runtime.aggregation][INFO] - Initializing simulator...
[2026-04-22 16:24:30,952][two_tower_confounding.data.runtime.aggregation][INFO] - Aggregating train dataset...
[2026-04-22 16:24:37,737][two_tower_confounding.data.runtime.aggregation][INFO] - Aggregating validation dataset...
[2026-04-22 16:24:40,856][two_tower_confounding.data.runtime.aggregation][INFO] - Aggregating test dataset from labels only...
[2026-04-22 16:24:42,597][two_tower_confounding.data.runtime.aggregation][INFO] - Aggregation done in 11.65 seconds
[2026-04-22 16:24:42,597][two_tower_confounding.data.runtime.aggregation][INFO] - Session usage after aggregation: requested(train=86947,val=13053), actual(train=86947,val=13053,test=0)
[2026-04-22 16:24:42,597][two_tower_confounding.data.runtime.aggregation][INFO] - Dataset persistence disabled; skipping aggregated dataset cache save.
[2026-04-22 16:24:42,598][two_tower_confounding.experiments.ips_pipeline][INFO] - Test split uses label-only evaluation; raw test click diagnostics are skipped.
[2026-04-22 16:24:42,623][two_tower_confounding.experiments.diagnostics][INFO] - [Data] train_docs=470251, val_docs=70687, test_docs=164676, cutoff=25
[2026-04-22 16:24:42,693][two_tower_confounding.experiments.diagnostics][INFO] - [Train] clicks=13326, displays=1477765, ctr=0.0090, ctr_per_doc=0.0090
[2026-04-22 16:24:42,762][two_tower_confounding.experiments.diagnostics][INFO] - [Validation] clicks=1998, displays=220489, ctr=0.0091, ctr_per_doc=0.0091
[2026-04-22 16:24:42,832][two_tower_confounding.experiments.diagnostics][INFO] - [Test] clicks=0, displays=0, ctr=0.0000, ctr_per_doc=0.0000
[2026-04-22 16:24:42,832][two_tower_confounding.experiments.ips_pipeline][INFO] - Running estimator pipeline with model='ips'
[2026-04-22 16:24:42,832][two_tower_confounding.experiments.ips_pipeline][INFO] - Computing position bias (alpha)...
[2026-04-22 16:24:42,837][submitit][INFO] - Job completed successfully
[2026-04-22 16:24:42,847][submitit][INFO] - Exiting after successful completion
[2026-04-22 16:48:07,741][jax._src.xla_bridge][ERROR] - Jax plugin configuration error: Exception when calling jax_plugins.xla_cuda12.initialize()
Traceback (most recent call last):
  File "/gpfs/home5/sfris1/two-towers-confounding-project/.venv/lib/python3.11/site-packages/jax/_src/xla_bridge.py", line 485, in discover_pjrt_plugins
    plugin_module.initialize()
  File "/gpfs/home5/sfris1/two-towers-confounding-project/.venv/lib/python3.11/site-packages/jax_plugins/xla_cuda12/__init__.py", line 328, in initialize
    _check_cuda_versions(raise_on_first_error=True)
  File "/gpfs/home5/sfris1/two-towers-confounding-project/.venv/lib/python3.11/site-packages/jax_plugins/xla_cuda12/__init__.py", line 285, in _check_cuda_versions
    local_device_count = cuda_versions.cuda_device_count()
                         ^^^^^^^^^^^^^^^^^^^^^^^^^^^^^^^^^
RuntimeError: jaxlib/cuda/versions_helpers.cc:113: operation cuInit(0) failed: CUDA_ERROR_NO_DEVICE
[2026-04-22 16:48:08,770][two_tower_confounding.experiments.ips_pipeline][WARNING] - wandb.init failed (Error uploading run: returned error 403: {"data":{"upsertBucket":null},"errors":[{"message":"permission denied","path":["upsertBucket"],"extensions":{"code":"PERMISSION_ERROR"}}]}). Continuing with local logging only.
[2026-04-22 16:48:08,771][two_tower_confounding.experiments.ips_pipeline][WARNING] - Disabling wandb for trainer components because initialization failed.
[2026-04-22 16:48:08,771][two_tower_confounding.experiments.config_resolver][WARNING] - test_clicks=500000 is ignored because test_set_mode='label_only'. Set test_set_mode='clicks' to enable legacy click-based test behavior.
[2026-04-22 16:48:08,778][two_tower_confounding.experiments.data_pipeline][INFO] - Loading or generating click datasets...
[2026-04-22 16:48:32,566][absl][INFO] - orbax-checkpoint version: 0.11.25
[2026-04-22 16:48:32,567][absl][INFO] - Created BasePyTreeCheckpointHandler: use_ocdbt=True, use_zarr3=False, pytree_metadata_options=PyTreeMetadataOptions(support_rich_types=False), array_metadata_store=<orbax.checkpoint._src.metadata.array_metadata_store.Store object at 0x15236ebff4d0>, enable_pinned_host_transfer=False, save_concurrent_bytes: 96000000000 (89.4 GiB), restore_concurrent_bytes: 96000000000 (89.4 GiB)
[2026-04-22 16:48:32,568][absl][INFO] - [thread=MainThread] Failed to get flag value for EXPERIMENTAL_ORBAX_USE_DISTRIBUTED_PROCESS_ID.
[2026-04-22 16:48:32,568][absl][INFO] - [process=0][thread=MainThread] Using barrier_sync_fn: <function get_barrier_sync_fn.<locals>.<lambda> at 0x1522b5d39300> timeout: 600 secs and primary_host=0 for async checkpoint writes
[2026-04-22 16:48:32,570][absl][INFO] - Restoring checkpoint from /gpfs/home5/sfris1/ltr_datasets/ips_datasets/logging_policy_c100000_ps1p0_pt0p5_bs1p0_drop0rel0_sessallocv2_candfullv2_topx25_maxdocs80_lprdeep_lpsegreedysampler_lppct10p0.
[2026-04-22 16:48:32,591][absl][INFO] - [process=0] /jax/checkpoint/read/gbytes_per_sec: 0 Bytes/s (total gbytes: 91.8 KiB) (time elapsed: 19 milliseconds) (per-host)
[2026-04-22 16:48:32,591][absl][INFO] - Finished restoring checkpoint in 0.02 seconds from /gpfs/home5/sfris1/ltr_datasets/ips_datasets/logging_policy_c100000_ps1p0_pt0p5_bs1p0_drop0rel0_sessallocv2_candfullv2_topx25_maxdocs80_lprdeep_lpsegreedysampler_lppct10p0.
[2026-04-22 16:48:44,324][two_tower_confounding.experiments.data_pipeline][INFO] - Loaded click datasets in 35.55 seconds (train=86947, val=13053, test=0)
[2026-04-22 16:48:44,324][two_tower_confounding.experiments.data_pipeline][INFO] - Test split is label-only by design; no test click dataset was loaded.
[2026-04-22 16:48:44,324][two_tower_confounding.data.runtime.alignment][INFO] - Applying data cutoff override: configured=25, natural=25, effective=25
[2026-04-22 16:48:44,324][two_tower_confounding.data.runtime.alignment][INFO] - Applying data cutoff override: configured=25, natural=25, effective=25
[2026-04-22 16:48:44,447][two_tower_confounding.data.runtime.aggregation][INFO] - Initializing simulator...
[2026-04-22 16:48:44,448][two_tower_confounding.data.runtime.aggregation][INFO] - Aggregating train dataset...
[2026-04-22 16:48:51,270][two_tower_confounding.data.runtime.aggregation][INFO] - Aggregating validation dataset...
[2026-04-22 16:48:54,421][two_tower_confounding.data.runtime.aggregation][INFO] - Aggregating test dataset from labels only...
[2026-04-22 16:48:56,192][two_tower_confounding.data.runtime.aggregation][INFO] - Aggregation done in 11.74 seconds
[2026-04-22 16:48:56,193][two_tower_confounding.data.runtime.aggregation][INFO] - Session usage after aggregation: requested(train=86947,val=13053), actual(train=86947,val=13053,test=0)
[2026-04-22 16:48:56,193][two_tower_confounding.data.runtime.aggregation][INFO] - Dataset persistence disabled; skipping aggregated dataset cache save.
[2026-04-22 16:48:56,193][two_tower_confounding.experiments.ips_pipeline][INFO] - Test split uses label-only evaluation; raw test click diagnostics are skipped.
[2026-04-22 16:48:56,220][two_tower_confounding.experiments.diagnostics][INFO] - [Data] train_docs=470251, val_docs=70687, test_docs=164676, cutoff=25
[2026-04-22 16:48:56,291][two_tower_confounding.experiments.diagnostics][INFO] - [Train] clicks=13326, displays=1477765, ctr=0.0090, ctr_per_doc=0.0090
[2026-04-22 16:48:56,360][two_tower_confounding.experiments.diagnostics][INFO] - [Validation] clicks=1998, displays=220489, ctr=0.0091, ctr_per_doc=0.0091
[2026-04-22 16:48:56,430][two_tower_confounding.experiments.diagnostics][INFO] - [Test] clicks=0, displays=0, ctr=0.0000, ctr_per_doc=0.0000
[2026-04-22 16:48:56,430][two_tower_confounding.experiments.ips_pipeline][INFO] - Running estimator pipeline with model='ips'
[2026-04-22 16:48:56,430][two_tower_confounding.experiments.ips_pipeline][INFO] - Computing position bias (alpha)...
[2026-04-22 16:48:56,437][two_tower_confounding.experiments.ips_pipeline][INFO] - Loaded CSV position bias from /gpfs/home5/sfris1/Doubly-Robust-Optimization-With-Two-Tower-Models/results/position_bias_csv_smoke.csv (method=ctr): [ 0.        -0.8516505 -1.369954  -1.6543572 -1.9565722 -2.1049669
 -2.3728406 -2.413449  -2.5263228 -2.6814098 -2.821046  -2.9396124
 -3.0816176 -3.1708205 -3.2345896 -3.0130436 -3.4126163 -3.309676
 -3.351216  -3.4790862 -3.4899235 -3.5636754 -3.5932357 -3.639966
 -3.5878994]
[2026-04-22 16:48:56,438][two_tower_confounding.experiments.propensity_pipeline][INFO] - Computing propensity per doc (method=propensity_mlp_regression)...
[2026-04-22 16:48:57,156][two_tower_confounding.experiments.propensity_pipeline][INFO] - Subsampling propensity classifier training data: 50000/86947 samples
[2026-04-22 16:53:09,457][two_tower_confounding.experiments.propensity_pipeline][INFO] - Propensity computed in 253.02 seconds
[2026-04-22 16:53:09,458][two_tower_confounding.experiments.propensity_pipeline][INFO] - Alpha logits: [ 0.     -0.8517 -1.37   -1.6544 -1.9566 -2.105  -2.3728 -2.4134 -2.5263
 -2.6814 -2.821  -2.9396 -3.0816 -3.1708 -3.2346 -3.013  -3.4126 -3.3097
 -3.3512 -3.4791 -3.4899 -3.5637 -3.5932 -3.64   -3.5879]
[2026-04-22 16:53:09,459][two_tower_confounding.experiments.propensity_pipeline][INFO] - Alpha: [0.5    0.2991 0.2026 0.1605 0.1238 0.1086 0.0853 0.0822 0.074  0.0641
 0.0562 0.0502 0.0439 0.0403 0.0379 0.0468 0.0319 0.0352 0.0339 0.0299
 0.0296 0.0276 0.0268 0.0256 0.0269]
[2026-04-22 16:53:09,460][two_tower_confounding.experiments.propensity_pipeline][INFO] - Propensity clipping disabled.
[2026-04-22 16:53:09,460][two_tower_confounding.experiments.ips_pipeline][INFO] - Computing IPS doc weights...
[2026-04-22 16:53:10,115][two_tower_confounding.experiments.ips_pipeline][INFO] - Doc weights computed in 0.65 seconds
[2026-04-22 16:53:10,119][two_tower_confounding.experiments.model_pipeline][INFO] - Loading trainer (trainer_type='pl-rank', n_samples=100)...
[2026-04-22 16:53:10,121][two_tower_confounding.experiments.model_pipeline][INFO] - Trainer loaded in 0.00 seconds
[2026-04-22 16:53:10,121][two_tower_confounding.experiments.model_pipeline][INFO] - Training model...
[2026-04-22 17:07:06,114][two_tower_confounding.experiments.ips_pipeline][INFO] - Final evaluation results:
{'metrics': {'CTR': 0.734010636806488,
             'DCG': 2.208101749420166,
             'NCTR': 0.7354052066802979,
             'NDCG': 0.7927436232566833,
             'NDCG@25': 0.7927436232566833,
             'NRCTR': 0.7354052066802979,
             'RCTR': 0.734010636806488}}
[2026-04-22 17:07:06,140][submitit][INFO] - Job completed successfully
[2026-04-22 17:07:06,155][submitit][INFO] - Exiting after successful completion
[2026-05-02 18:24:45,524][two_tower_confounding.experiments.config_resolver][WARNING] - test_clicks=500000 is ignored because test_set_mode='label_only'. Set test_set_mode='clicks' to enable legacy click-based test behavior.
[2026-05-02 18:24:45,533][two_tower_confounding.experiments.data_pipeline][INFO] - Loading or generating click datasets...
[2026-05-02 18:25:10,586][absl][INFO] - orbax-checkpoint version: 0.11.37
[2026-05-02 18:25:10,587][absl][INFO] - save_device_host_concurrent_bytes=None
[2026-05-02 18:25:10,588][absl][INFO] - Created BasePyTreeCheckpointHandler: use_ocdbt=True, use_zarr3=False, pytree_metadata_options=PyTreeMetadataOptions(support_rich_types=False), array_metadata_store=<orbax.checkpoint._src.metadata.array_metadata_store.Store object at 0x153da43e0890>, enable_pinned_host_transfer=False, save_concurrent_bytes: 96000000000 (89.4 GiB), restore_concurrent_bytes: 96000000000 (89.4 GiB)
[2026-05-02 18:25:10,588][absl][INFO] - [thread=MainThread] Failed to get flag value for EXPERIMENTAL_ORBAX_USE_DISTRIBUTED_PROCESS_ID.
[2026-05-02 18:25:10,588][absl][INFO] - [process=0][thread=MainThread] Using barrier_sync_fn: <function get_barrier_sync_fn.<locals>.<lambda> at 0x153d018e5800> timeout: 1200 secs and primary_host=0 for async checkpoint writes
[2026-05-02 18:25:10,588][absl][INFO] - [process=0] [sync] Started load checkpoint @ /gpfs/home5/sfris1/ltr_datasets/ips_datasets/logging_policy_c100000_ps1p0_pt0p5_bs1p0_drop0rel0_sessallocv2_candfullv2_topx25_maxdocs80_lprdeep_lpsegreedysampler_lppct10p0.
[2026-05-02 18:25:10,591][absl][INFO] - Restoring checkpoint from /gpfs/home5/sfris1/ltr_datasets/ips_datasets/logging_policy_c100000_ps1p0_pt0p5_bs1p0_drop0rel0_sessallocv2_candfullv2_topx25_maxdocs80_lprdeep_lpsegreedysampler_lppct10p0.
[2026-05-02 18:25:10,599][absl][INFO] - [process=0] [sync] Finished blocking load in 0.01 seconds. Continuing load @ /gpfs/home5/sfris1/ltr_datasets/ips_datasets/logging_policy_c100000_ps1p0_pt0p5_bs1p0_drop0rel0_sessallocv2_candfullv2_topx25_maxdocs80_lprdeep_lpsegreedysampler_lppct10p0.
[2026-05-02 18:25:10,615][absl][INFO] - [process=0] /jax/orbax/read/worker/io/requested throughput: 8.134 MiB/s (total gbytes: 91.8 KiB) (time elapsed: 0.011015892028808594 s) (per-host)
[2026-05-02 18:25:10,616][absl][INFO] - [process=0] /jax/checkpoint/read/gbytes_per_sec: 5.381 MiB/s (total gbytes: 91.8 KiB) (time elapsed: 0.016653060913085938 s) (per-host)
[2026-05-02 18:25:10,617][absl][INFO] - [process=0] [sync] Finished load in 0.03 seconds @ /gpfs/home5/sfris1/ltr_datasets/ips_datasets/logging_policy_c100000_ps1p0_pt0p5_bs1p0_drop0rel0_sessallocv2_candfullv2_topx25_maxdocs80_lprdeep_lpsegreedysampler_lppct10p0
[2026-05-02 18:25:21,665][two_tower_confounding.experiments.data_pipeline][INFO] - Loaded click datasets in 36.13 seconds (train=86947, val=13053, test=0)
[2026-05-02 18:25:21,666][two_tower_confounding.experiments.data_pipeline][INFO] - Test split is label-only by design; no test click dataset was loaded.
[2026-05-02 18:25:21,666][two_tower_confounding.data.runtime.alignment][INFO] - Applying data cutoff override: configured=25, natural=25, effective=25
[2026-05-02 18:25:21,667][two_tower_confounding.data.runtime.alignment][INFO] - Applying data cutoff override: configured=25, natural=25, effective=25
[2026-05-02 18:25:21,764][two_tower_confounding.data.runtime.aggregation][INFO] - Initializing simulator...
[2026-05-02 18:25:21,765][two_tower_confounding.data.runtime.aggregation][INFO] - Aggregating train dataset...
[2026-05-02 18:25:28,106][two_tower_confounding.data.runtime.aggregation][INFO] - Aggregating validation dataset...
[2026-05-02 18:25:30,644][two_tower_confounding.data.runtime.aggregation][INFO] - Aggregating test dataset from labels only...
[2026-05-02 18:25:32,360][two_tower_confounding.data.runtime.aggregation][INFO] - Aggregation done in 10.59 seconds
[2026-05-02 18:25:32,361][two_tower_confounding.data.runtime.aggregation][INFO] - Session usage after aggregation: requested(train=86947,val=13053), actual(train=86947,val=13053,test=0)
[2026-05-02 18:25:32,361][two_tower_confounding.data.runtime.aggregation][INFO] - Dataset persistence disabled; skipping aggregated dataset cache save.
[2026-05-02 18:25:32,361][two_tower_confounding.experiments.ips_pipeline][INFO] - Test split uses label-only evaluation; raw test click diagnostics are skipped.
[2026-05-02 18:25:32,387][two_tower_confounding.experiments.diagnostics][INFO] - [Data] train_docs=470251, val_docs=70687, test_docs=164676, cutoff=25
[2026-05-02 18:25:32,479][two_tower_confounding.experiments.diagnostics][INFO] - [Train] clicks=13326, displays=1477765, ctr=0.0090, ctr_per_doc=0.0090
[2026-05-02 18:25:32,564][two_tower_confounding.experiments.diagnostics][INFO] - [Validation] clicks=1998, displays=220489, ctr=0.0091, ctr_per_doc=0.0091
[2026-05-02 18:25:32,686][two_tower_confounding.experiments.diagnostics][INFO] - [Test] clicks=0, displays=0, ctr=0.0000, ctr_per_doc=0.0000
[2026-05-02 18:25:32,686][two_tower_confounding.experiments.ips_pipeline][INFO] - Running estimator pipeline with model='ips'
[2026-05-02 18:25:32,686][two_tower_confounding.experiments.ips_pipeline][INFO] - Computing position bias (alpha)...
[2026-05-02 18:25:32,694][two_tower_confounding.experiments.ips_pipeline][INFO] - Loaded CSV position bias from /gpfs/home5/sfris1/Doubly-Robust-Optimization-With-Two-Tower-Models/results/position_bias_csv_smoke.csv (method=ctr): [ 0.        -0.8516505 -1.369954  -1.6543572 -1.9565722 -2.1049669
 -2.3728406 -2.413449  -2.5263228 -2.6814098 -2.821046  -2.9396124
 -3.0816176 -3.1708205 -3.2345896 -3.0130436 -3.4126163 -3.309676
 -3.351216  -3.4790862 -3.4899235 -3.5636754 -3.5932357 -3.639966
 -3.5878994]
[2026-05-02 18:25:32,695][two_tower_confounding.experiments.propensity_pipeline][INFO] - Computing propensity per doc (method=propensity_mlp_regression)...
[2026-05-02 18:25:33,357][two_tower_confounding.experiments.propensity_pipeline][INFO] - Subsampling propensity classifier training data: 50000/86947 samples
[2026-05-02 18:28:57,347][two_tower_confounding.experiments.propensity_pipeline][INFO] - Propensity computed in 204.65 seconds
[2026-05-02 18:28:57,353][two_tower_confounding.experiments.propensity_pipeline][INFO] - Alpha logits: [ 0.     -0.8517 -1.37   -1.6544 -1.9566 -2.105  -2.3728 -2.4134 -2.5263
 -2.6814 -2.821  -2.9396 -3.0816 -3.1708 -3.2346 -3.013  -3.4126 -3.3097
 -3.3512 -3.4791 -3.4899 -3.5637 -3.5932 -3.64   -3.5879]
[2026-05-02 18:28:57,354][two_tower_confounding.experiments.propensity_pipeline][INFO] - Alpha: [0.5    0.2991 0.2026 0.1605 0.1238 0.1086 0.0853 0.0822 0.074  0.0641
 0.0562 0.0502 0.0439 0.0403 0.0379 0.0468 0.0319 0.0352 0.0339 0.0299
 0.0296 0.0276 0.0268 0.0256 0.0269]
[2026-05-02 18:28:57,355][two_tower_confounding.experiments.propensity_pipeline][INFO] - Propensity clipping disabled.
[2026-05-02 18:28:57,355][two_tower_confounding.experiments.ips_pipeline][INFO] - Computing IPS doc weights...
[2026-05-02 18:28:57,827][two_tower_confounding.experiments.ips_pipeline][INFO] - Doc weights computed in 0.47 seconds
[2026-05-02 18:28:57,834][two_tower_confounding.experiments.model_pipeline][INFO] - Loading trainer (trainer_type='pl-rank', n_samples=100)...
[2026-05-02 18:28:57,836][two_tower_confounding.experiments.model_pipeline][INFO] - Trainer loaded in 0.00 seconds
[2026-05-02 18:28:57,836][two_tower_confounding.experiments.model_pipeline][INFO] - Training model...
[2026-05-02 18:43:39,900][two_tower_confounding.experiments.ips_pipeline][INFO] - Final evaluation results:
{'metrics': {'CTR': 0.7345806360244751,
             'DCG': 2.2096402645111084,
             'NCTR': 0.7361859083175659,
             'NDCG': 0.7934457063674927,
             'NDCG@25': 0.7934457063674927,
             'NRCTR': 0.7361859083175659,
             'RCTR': 0.7345806360244751}}
[2026-05-02 18:43:39,925][submitit][INFO] - Job completed successfully
[2026-05-02 18:43:39,935][submitit][INFO] - Exiting after successful completion
