[2026-03-18 20:48:24,283][jax._src.xla_bridge][ERROR] - Jax plugin configuration error: Exception when calling jax_plugins.xla_cuda12.initialize()
Traceback (most recent call last):
  File "/gpfs/home5/sfris1/two-towers-confounding-project/.venv/lib/python3.11/site-packages/jax/_src/xla_bridge.py", line 485, in discover_pjrt_plugins
    plugin_module.initialize()
  File "/gpfs/home5/sfris1/two-towers-confounding-project/.venv/lib/python3.11/site-packages/jax_plugins/xla_cuda12/__init__.py", line 328, in initialize
    _check_cuda_versions(raise_on_first_error=True)
  File "/gpfs/home5/sfris1/two-towers-confounding-project/.venv/lib/python3.11/site-packages/jax_plugins/xla_cuda12/__init__.py", line 285, in _check_cuda_versions
    local_device_count = cuda_versions.cuda_device_count()
                         ^^^^^^^^^^^^^^^^^^^^^^^^^^^^^^^^^
RuntimeError: jaxlib/cuda/versions_helpers.cc:113: operation cuInit(0) failed: CUDA_ERROR_NO_DEVICE
[2026-03-18 20:48:25,343][two_tower_confounding.experiments.ips_pipeline][WARNING] - wandb.init failed (Error uploading run: returned error 403: {"data":{"upsertBucket":null},"errors":[{"message":"permission denied","path":["upsertBucket"],"extensions":{"code":"PERMISSION_ERROR"}}]}). Continuing with local logging only.
[2026-03-18 20:48:25,343][two_tower_confounding.experiments.ips_pipeline][WARNING] - Disabling wandb for trainer components because initialization failed.
[2026-03-18 20:48:25,344][two_tower_confounding.experiments.config_resolver][WARNING] - test_clicks=500000 is ignored because test_set_mode='label_only'. Set test_set_mode='clicks' to enable legacy click-based test behavior.
[2026-03-18 20:48:25,351][two_tower_confounding.experiments.data_pipeline][INFO] - Loading or generating click datasets...
[2026-03-18 20:50:23,469][absl][INFO] - orbax-checkpoint version: 0.11.25
[2026-03-18 20:50:23,469][absl][INFO] - Created BasePyTreeCheckpointHandler: use_ocdbt=True, use_zarr3=False, pytree_metadata_options=PyTreeMetadataOptions(support_rich_types=False), array_metadata_store=<orbax.checkpoint._src.metadata.array_metadata_store.Store object at 0x152df9ca3f50>, enable_pinned_host_transfer=False, save_concurrent_bytes: 96000000000 (89.4 GiB), restore_concurrent_bytes: 96000000000 (89.4 GiB)
[2026-03-18 20:50:23,470][absl][INFO] - [thread=MainThread] Failed to get flag value for EXPERIMENTAL_ORBAX_USE_DISTRIBUTED_PROCESS_ID.
[2026-03-18 20:50:23,470][absl][INFO] - [process=0][thread=MainThread] Using barrier_sync_fn: <function get_barrier_sync_fn.<locals>.<lambda> at 0x152c21ecd260> timeout: 600 secs and primary_host=0 for async checkpoint writes
[2026-03-18 20:50:23,471][absl][INFO] - [process=0] Started async saving checkpoint to /gpfs/home5/sfris1/ltr_datasets/ips_datasets/istella_logging_policy_c1000000_ps1p0_pt0p5_bs1p0_drop0rel0_sessallocv2_candfullv2_topx25_maxdocs200_lprdeep_lpsegreedysampler_lppct10p0.
[2026-03-18 20:50:23,474][absl][INFO] - [process=0] Specified `force`: removing existing directory.
[2026-03-18 20:50:23,476][absl][INFO] - Using ThreadSafeKeyValueSignalingClient
[2026-03-18 20:50:23,479][absl][WARNING] - Attempted to create temporary directory /gpfs/home5/sfris1/ltr_datasets/ips_datasets/istella_logging_policy_c1000000_ps1p0_pt0p5_bs1p0_drop0rel0_sessallocv2_candfullv2_topx25_maxdocs200_lprdeep_lpsegreedysampler_lppct10p0.orbax-checkpoint-tmp which already exists. Removing existing directory since it is not finalized.
[2026-03-18 20:50:23,481][absl][INFO] - Transferring arrays to host memory with options: use_replica_parallel=True, min_slice_bytes_for_replica_parallel=None, max_replicas_for_replica_parallel=None, enable_pinned_host_transfer=False
[2026-03-18 20:50:23,482][absl][INFO] - [process=0][thread=MainThread] Initiated "orbax.checkpoint._src.serialization.type_handlers.ArrayHandler".serialize. Time taken: 0.001239s
[2026-03-18 20:50:23,483][absl][INFO] - [process=0] /jax/checkpoint/write/blocking_gbytes_per_sec: 0 Bytes/s (total gbytes: 31.6 KiB) (time elapsed: 5 milliseconds) (per-host)
[2026-03-18 20:50:23,483][absl][INFO] - [process=0][thread=MainThread] Initiated Pytree async_save. Time taken: 0.006572s (batch_requests_ready=0.003214s, total_serialization_initiated=0.002396s, others=0.000962s)
[2026-03-18 20:50:23,484][absl][INFO] - [process=0][thread=async_save] Background save thread started.
[2026-03-18 20:50:23,484][absl][INFO] - Finished blocking save. Time taken: 0.014072s. Continuing background save to /gpfs/home5/sfris1/ltr_datasets/ips_datasets/istella_logging_policy_c1000000_ps1p0_pt0p5_bs1p0_drop0rel0_sessallocv2_candfullv2_topx25_maxdocs200_lprdeep_lpsegreedysampler_lppct10p0.
[2026-03-18 20:50:23,484][absl][INFO] - [process=0][thread=MainThread] Waiting for background save thread=async_save.
[2026-03-18 20:50:23,508][absl][ERROR] - [process=0] Failed to run 2 Handler Commit operations or the Commit callback in background save thread, directory: /gpfs/home5/sfris1/ltr_datasets/ips_datasets/istella_logging_policy_c1000000_ps1p0_pt0p5_bs1p0_drop0rel0_sessallocv2_candfullv2_topx25_maxdocs200_lprdeep_lpsegreedysampler_lppct10p0
Traceback (most recent call last):
  File "/gpfs/home5/sfris1/two-towers-confounding-project/.venv/lib/python3.11/site-packages/orbax/checkpoint/_src/checkpointers/async_checkpointer.py", line 215, in _thread_func
    _background_wait_for_commit_futures(
  File "/gpfs/home5/sfris1/two-towers-confounding-project/.venv/lib/python3.11/site-packages/orbax/checkpoint/_src/checkpointers/async_checkpointer.py", line 88, in _background_wait_for_commit_futures
    commit_future.result()
  File "/gpfs/home5/sfris1/two-towers-confounding-project/.venv/lib/python3.11/site-packages/orbax/checkpoint/_src/futures/future.py", line 440, in result
    return self._f.result(timeout=timeout)
           ^^^^^^^^^^^^^^^^^^^^^^^^^^^^^^^
  File "/gpfs/home5/sfris1/two-towers-confounding-project/.venv/lib/python3.11/site-packages/orbax/checkpoint/_src/futures/future.py", line 389, in result
    return self._t.result(timeout=timeout)
           ^^^^^^^^^^^^^^^^^^^^^^^^^^^^^^^
  File "/gpfs/home5/sfris1/two-towers-confounding-project/.venv/lib/python3.11/site-packages/orbax/checkpoint/_src/futures/future.py", line 338, in result
    self.join(timeout=timeout)
  File "/gpfs/home5/sfris1/two-towers-confounding-project/.venv/lib/python3.11/site-packages/orbax/checkpoint/_src/futures/future.py", line 335, in join
    raise self._exception
  File "/gpfs/home5/sfris1/two-towers-confounding-project/.venv/lib/python3.11/site-packages/orbax/checkpoint/_src/futures/future.py", line 311, in run
    super().run()
  File "/sw/arch/RHEL8/EB_production/2023/software/Anaconda3/2023.07-2/lib/python3.11/threading.py", line 975, in run
    self._target(*self._args, **self._kwargs)
  File "/gpfs/home5/sfris1/two-towers-confounding-project/.venv/lib/python3.11/site-packages/orbax/checkpoint/_src/futures/future.py", line 256, in _target_setting_result
    self._result = target()
                   ^^^^^^^^
  File "/gpfs/home5/sfris1/two-towers-confounding-project/.venv/lib/python3.11/site-packages/orbax/checkpoint/_src/futures/future.py", line 382, in <lambda>
    target=lambda: asyncio_utils.run_sync(coro),
                   ^^^^^^^^^^^^^^^^^^^^^^^^^^^^
  File "/gpfs/home5/sfris1/two-towers-confounding-project/.venv/lib/python3.11/site-packages/orbax/checkpoint/_src/asyncio_utils.py", line 36, in run_sync
    return asyncio.run(coro)
           ^^^^^^^^^^^^^^^^^
  File "/sw/arch/RHEL8/EB_production/2023/software/Anaconda3/2023.07-2/lib/python3.11/asyncio/runners.py", line 190, in run
    return runner.run(main)
           ^^^^^^^^^^^^^^^^
  File "/sw/arch/RHEL8/EB_production/2023/software/Anaconda3/2023.07-2/lib/python3.11/asyncio/runners.py", line 118, in run
    return self._loop.run_until_complete(task)
           ^^^^^^^^^^^^^^^^^^^^^^^^^^^^^^^^^^^
  File "/sw/arch/RHEL8/EB_production/2023/software/Anaconda3/2023.07-2/lib/python3.11/asyncio/base_events.py", line 653, in run_until_complete
    return future.result()
           ^^^^^^^^^^^^^^^
  File "/gpfs/home5/sfris1/two-towers-confounding-project/.venv/lib/python3.11/site-packages/orbax/checkpoint/_src/path/atomicity.py", line 747, in _create_paths
    paths = await asyncio.gather(*[path.create() for path in tmp_paths])
            ^^^^^^^^^^^^^^^^^^^^^^^^^^^^^^^^^^^^^^^^^^^^^^^^^^^^^^^^^^^^
  File "/gpfs/home5/sfris1/two-towers-confounding-project/.venv/lib/python3.11/site-packages/orbax/checkpoint/_src/path/atomicity.py", line 464, in create
    return await _create_tmp_directory(
           ^^^^^^^^^^^^^^^^^^^^^^^^^^^^
  File "/gpfs/home5/sfris1/two-towers-confounding-project/.venv/lib/python3.11/site-packages/orbax/checkpoint/_src/path/atomicity.py", line 136, in _create_tmp_directory
    await async_path.rmtree(tmp_dir)
  File "/gpfs/home5/sfris1/two-towers-confounding-project/.venv/lib/python3.11/site-packages/orbax/checkpoint/_src/path/async_path.py", line 79, in rmtree
    return await asyncio.to_thread(path.rmtree)
           ^^^^^^^^^^^^^^^^^^^^^^^^^^^^^^^^^^^^
  File "/sw/arch/RHEL8/EB_production/2023/software/Anaconda3/2023.07-2/lib/python3.11/asyncio/threads.py", line 25, in to_thread
    return await loop.run_in_executor(None, func_call)
           ^^^^^^^^^^^^^^^^^^^^^^^^^^^^^^^^^^^^^^^^^^^
  File "/sw/arch/RHEL8/EB_production/2023/software/Anaconda3/2023.07-2/lib/python3.11/concurrent/futures/thread.py", line 58, in run
    result = self.fn(*self.args, **self.kwargs)
             ^^^^^^^^^^^^^^^^^^^^^^^^^^^^^^^^^^
  File "/gpfs/home5/sfris1/two-towers-confounding-project/.venv/lib/python3.11/site-packages/etils/epath/gpath.py", line 222, in rmtree
    self._backend.rmtree(self._path_str)
  File "/gpfs/home5/sfris1/two-towers-confounding-project/.venv/lib/python3.11/site-packages/etils/epath/backend.py", line 193, in rmtree
    shutil.rmtree(path)
  File "/sw/arch/RHEL8/EB_production/2023/software/Anaconda3/2023.07-2/lib/python3.11/shutil.py", line 732, in rmtree
    _rmtree_safe_fd(fd, path, onerror)
  File "/sw/arch/RHEL8/EB_production/2023/software/Anaconda3/2023.07-2/lib/python3.11/shutil.py", line 660, in _rmtree_safe_fd
    _rmtree_safe_fd(dirfd, fullname, onerror)
  File "/sw/arch/RHEL8/EB_production/2023/software/Anaconda3/2023.07-2/lib/python3.11/shutil.py", line 660, in _rmtree_safe_fd
    _rmtree_safe_fd(dirfd, fullname, onerror)
  File "/sw/arch/RHEL8/EB_production/2023/software/Anaconda3/2023.07-2/lib/python3.11/shutil.py", line 683, in _rmtree_safe_fd
    onerror(os.unlink, fullname, sys.exc_info())
  File "/sw/arch/RHEL8/EB_production/2023/software/Anaconda3/2023.07-2/lib/python3.11/shutil.py", line 681, in _rmtree_safe_fd
    os.unlink(entry.name, dir_fd=topfd)
FileNotFoundError: [Errno 2] No such file or directory: '9c1147cd876860bca2660384f06fc67b.__lock'
[2026-03-18 20:50:23,529][absl][INFO] - [process=0][thread=MainThread] Done with waiting for background save thread=async_save.
[2026-03-18 20:50:23,530][submitit][INFO] - Job completed successfully
[2026-03-18 20:50:23,540][submitit][INFO] - Exiting after successful completion
