[2026-06-18 17:00:02,892][feature_based_propensities_for_ULTR.experiments.config_resolver][WARNING] - test_clicks=500000 is ignored because test_set_mode='label_only'. Set test_set_mode='clicks' to enable legacy click-based test behavior.
[2026-06-18 17:00:02,898][feature_based_propensities_for_ULTR.experiments.data_pipeline][INFO] - Loading or generating click datasets...
[2026-06-18 17:01:33,695][absl][INFO] - orbax-checkpoint version: 0.11.40
[2026-06-18 17:01:33,695][absl][INFO] - save_device_host_concurrent_bytes=None
[2026-06-18 17:01:33,695][absl][INFO] - Created BasePyTreeCheckpointHandler: use_ocdbt=True, use_zarr3=False, pytree_metadata_options=PyTreeMetadataOptions(support_rich_types=False), array_metadata_store=<orbax.checkpoint._src.metadata.array_metadata_store.Store object at 0x14596243ea90>, enable_pinned_host_transfer=False, save_concurrent_bytes: 96000000000 (89.4 GiB), restore_concurrent_bytes: 96000000000 (89.4 GiB)
[2026-06-18 17:01:33,696][absl][INFO] - [thread=MainThread] Failed to get flag value for EXPERIMENTAL_ORBAX_USE_DISTRIBUTED_PROCESS_ID.
[2026-06-18 17:01:33,696][absl][INFO] - [process=0][thread=MainThread] Using barrier_sync_fn: <function get_barrier_sync_fn.<locals>.<lambda> at 0x1458b58f3920> timeout: 1200 secs and primary_host=0 for async checkpoint writes
[2026-06-18 17:01:33,696][absl][INFO] - [process=0] [sync] Started load checkpoint @ /gpfs/home5/sfris1/ltr_datasets/ips_datasets/istella_logging_policy_c10000_ps1p0_pt0p5_bs1p0_drop0rel0_sessallocv2_candfullv2_topx25_maxdocs200_lprdeep_lpsegreedysampler_lppct10p0.
[2026-06-18 17:01:33,699][absl][INFO] - Restoring checkpoint from /gpfs/home5/sfris1/ltr_datasets/ips_datasets/istella_logging_policy_c10000_ps1p0_pt0p5_bs1p0_drop0rel0_sessallocv2_candfullv2_topx25_maxdocs200_lprdeep_lpsegreedysampler_lppct10p0.
[2026-06-18 17:01:33,700][absl][INFO] - [process=0] [sync] Finished blocking load in 0.00 seconds. Continuing load @ /gpfs/home5/sfris1/ltr_datasets/ips_datasets/istella_logging_policy_c10000_ps1p0_pt0p5_bs1p0_drop0rel0_sessallocv2_candfullv2_topx25_maxdocs200_lprdeep_lpsegreedysampler_lppct10p0.
[2026-06-18 17:01:33,716][absl][INFO] - [process=0] /jax/orbax/read/worker/io/requested throughput: 2.849 MiB/s (total gbytes: 31.6 KiB) (time elapsed: 0.010841608047485352 s) (per-host)
[2026-06-18 17:01:33,717][absl][INFO] - [process=0] /jax/checkpoint/read/gbytes_per_sec: 1.815 MiB/s (total gbytes: 31.6 KiB) (time elapsed: 0.01702094078063965 s) (per-host)
[2026-06-18 17:01:33,718][absl][INFO] - [process=0] [sync] Finished load in 0.02 seconds @ /gpfs/home5/sfris1/ltr_datasets/ips_datasets/istella_logging_policy_c10000_ps1p0_pt0p5_bs1p0_drop0rel0_sessallocv2_candfullv2_topx25_maxdocs200_lprdeep_lpsegreedysampler_lppct10p0
[2026-06-18 17:01:38,753][feature_based_propensities_for_ULTR.experiments.data_pipeline][INFO] - Loaded click datasets in 95.85 seconds (train=7274, val=2726, test=0)
[2026-06-18 17:01:38,753][feature_based_propensities_for_ULTR.experiments.data_pipeline][INFO] - Test split is label-only by design; no test click dataset was loaded.
[2026-06-18 17:01:38,753][feature_based_propensities_for_ULTR.data.runtime.alignment][INFO] - Applying data cutoff override: configured=25, natural=25, effective=25
[2026-06-18 17:01:38,753][feature_based_propensities_for_ULTR.data.runtime.alignment][INFO] - Applying data cutoff override: configured=25, natural=25, effective=25
[2026-06-18 17:01:38,842][feature_based_propensities_for_ULTR.data.runtime.aggregation][INFO] - Initializing simulator...
[2026-06-18 17:01:38,843][feature_based_propensities_for_ULTR.data.runtime.aggregation][INFO] - Aggregating train dataset...
[2026-06-18 17:01:45,223][feature_based_propensities_for_ULTR.data.runtime.aggregation][INFO] - Aggregating validation dataset...
[2026-06-18 17:01:48,379][feature_based_propensities_for_ULTR.data.runtime.aggregation][INFO] - Aggregating test dataset from labels only...
[2026-06-18 17:01:49,763][feature_based_propensities_for_ULTR.data.runtime.aggregation][INFO] - Aggregation done in 10.92 seconds
[2026-06-18 17:01:49,764][feature_based_propensities_for_ULTR.data.runtime.aggregation][INFO] - Session usage after aggregation: requested(train=7274,val=2726), actual(train=7274,val=2726,test=0)
[2026-06-18 17:01:49,764][feature_based_propensities_for_ULTR.data.runtime.aggregation][INFO] - Dataset persistence disabled; skipping aggregated dataset cache save.
[2026-06-18 17:01:49,764][feature_based_propensities_for_ULTR.experiments.ips_pipeline][INFO] - Test split uses label-only evaluation; raw test click diagnostics are skipped.
[2026-06-18 17:01:49,813][feature_based_propensities_for_ULTR.experiments.diagnostics][INFO] - [Data] train_docs=2043304, val_docs=684076, test_docs=681250, cutoff=25
[2026-06-18 17:01:49,907][feature_based_propensities_for_ULTR.experiments.diagnostics][INFO] - [Train] clicks=1607, displays=180979, ctr=0.0089, ctr_per_doc=0.0089
[2026-06-18 17:01:49,996][feature_based_propensities_for_ULTR.experiments.diagnostics][INFO] - [Validation] clicks=579, displays=67675, ctr=0.0086, ctr_per_doc=0.0086
[2026-06-18 17:01:50,084][feature_based_propensities_for_ULTR.experiments.diagnostics][INFO] - [Test] clicks=0, displays=0, ctr=0.0000, ctr_per_doc=0.0000
[2026-06-18 17:01:50,084][feature_based_propensities_for_ULTR.experiments.ips_pipeline][INFO] - Running estimator pipeline with model='dm'
[2026-06-18 17:01:50,084][feature_based_propensities_for_ULTR.experiments.ips_pipeline][INFO] - Computing position bias (alpha)...
[2026-06-18 17:01:50,105][ultr_bias_toolkit.bias.intervention_harvesting.all_pairs][INFO] - Position bias estimation using global all pairs estimator
[2026-06-18 17:02:39,270][feature_based_propensities_for_ULTR.experiments.position_bias_pipeline][INFO] - Saved estimated position-bias curve to position_bias.json
[2026-06-18 17:02:39,270][feature_based_propensities_for_ULTR.experiments.ips_pipeline][INFO] - Estimated position bias in-run (estimator=global_all_pairs): [ 0.         -0.3004407  -0.29915807 -0.5865419  -1.1382787  -0.8904212
 -1.803071   -1.3813006  -0.95806897 -1.7725599  -1.1868008  -1.6227689
 -2.1560962  -1.1994876  -3.0226073  -1.2745929  -6.9077554  -0.95703876
 -6.9077554  -0.6559076  -6.352277   -1.8614823  -6.278375   -6.5797615
 -2.5018125 ]
[2026-06-18 17:02:39,272][feature_based_propensities_for_ULTR.experiments.propensity_pipeline][INFO] - Computing propensity per doc (method=true_propensity)...
[2026-06-18 17:03:06,022][feature_based_propensities_for_ULTR.experiments.propensity_pipeline][INFO] - Propensity computed in 26.75 seconds
[2026-06-18 17:03:06,022][feature_based_propensities_for_ULTR.experiments.propensity_pipeline][INFO] - Alpha logits: [ 0.         -0.3004407  -0.29915807 -0.5865419  -1.1382787  -0.8904212
 -1.803071   -1.3813006  -0.95806897 -1.7725599  -1.1868008  -1.6227689
 -2.1560962  -1.1994876  -3.0226073  -1.2745929  -6.9077554  -0.95703876
 -6.9077554  -0.6559076  -6.352277   -1.8614823  -6.278375   -6.5797615
 -2.5018125 ]
[2026-06-18 17:03:06,023][feature_based_propensities_for_ULTR.experiments.propensity_pipeline][INFO] - Alpha: [0.5        0.42544976 0.4257633  0.3574287  0.24263653 0.29102293
 0.14147764 0.20080021 0.27726498 0.14522427 0.2338316  0.16482337
 0.10376294 0.23156638 0.04641494 0.21847205 0.000999   0.27747148
 0.000999   0.34165952 0.00173974 0.13453038 0.00187293 0.00138626
 0.07573123]
[2026-06-18 17:03:06,024][feature_based_propensities_for_ULTR.experiments.propensity_pipeline][INFO] - Propensity clipping disabled.
[2026-06-18 17:03:07,182][feature_based_propensities_for_ULTR.experiments.regression_pipeline][INFO] - Training regression model for DM/DR...
[2026-06-18 17:03:15,019][feature_based_propensities_for_ULTR.experiments.regression_pipeline][INFO] - Regression epoch 3: train_loss=0.222372 val_loss=0.190145
[2026-06-18 17:03:21,571][feature_based_propensities_for_ULTR.experiments.regression_pipeline][INFO] - Regression epoch 6: train_loss=0.211015 val_loss=0.186489
[2026-06-18 17:03:28,112][feature_based_propensities_for_ULTR.experiments.regression_pipeline][INFO] - Regression epoch 9: train_loss=0.215930 val_loss=0.183535
[2026-06-18 17:03:34,665][feature_based_propensities_for_ULTR.experiments.regression_pipeline][INFO] - Regression epoch 12: train_loss=0.204330 val_loss=0.185326
[2026-06-18 17:03:40,477][feature_based_propensities_for_ULTR.experiments.ips_pipeline][INFO] - Computing DM doc weights...
[2026-06-18 17:03:40,478][feature_based_propensities_for_ULTR.experiments.ips_pipeline][INFO] - Doc weights computed in 0.00 seconds
[2026-06-18 17:03:40,488][feature_based_propensities_for_ULTR.experiments.model_pipeline][INFO] - Loading trainer (trainer_type='pl-rank', n_samples=100)...
[2026-06-18 17:03:40,489][feature_based_propensities_for_ULTR.experiments.model_pipeline][INFO] - Trainer loaded in 0.00 seconds
[2026-06-18 17:03:40,490][feature_based_propensities_for_ULTR.experiments.model_pipeline][INFO] - Training model...
[2026-06-18 17:40:37,328][feature_based_propensities_for_ULTR.experiments.ips_pipeline][INFO] - Final evaluation results:
{'metrics': {'CTR': 1.5575752258300781,
             'DCG': 2.4651193618774414,
             'NCTR': 0.6461285352706909,
             'NDCG': 0.7173882126808167,
             'NDCG@25': 0.7173882126808167,
             'NRCTR': 0.6461285352706909,
             'RCTR': 1.5575752258300781}}
[2026-06-18 17:40:37,363][submitit][INFO] - Job completed successfully
[2026-06-18 17:40:37,373][submitit][INFO] - Exiting after successful completion
