[2026-03-18 20:49:31,739][jax._src.xla_bridge][ERROR] - Jax plugin configuration error: Exception when calling jax_plugins.xla_cuda12.initialize()
Traceback (most recent call last):
  File "/gpfs/home5/sfris1/two-towers-confounding-project/.venv/lib/python3.11/site-packages/jax/_src/xla_bridge.py", line 485, in discover_pjrt_plugins
    plugin_module.initialize()
  File "/gpfs/home5/sfris1/two-towers-confounding-project/.venv/lib/python3.11/site-packages/jax_plugins/xla_cuda12/__init__.py", line 328, in initialize
    _check_cuda_versions(raise_on_first_error=True)
  File "/gpfs/home5/sfris1/two-towers-confounding-project/.venv/lib/python3.11/site-packages/jax_plugins/xla_cuda12/__init__.py", line 285, in _check_cuda_versions
    local_device_count = cuda_versions.cuda_device_count()
                         ^^^^^^^^^^^^^^^^^^^^^^^^^^^^^^^^^
RuntimeError: jaxlib/cuda/versions_helpers.cc:113: operation cuInit(0) failed: CUDA_ERROR_NO_DEVICE
[2026-03-18 20:49:32,817][two_tower_confounding.experiments.ips_pipeline][WARNING] - wandb.init failed (Error uploading run: returned error 403: {"data":{"upsertBucket":null},"errors":[{"message":"permission denied","path":["upsertBucket"],"extensions":{"code":"PERMISSION_ERROR"}}]}). Continuing with local logging only.
[2026-03-18 20:49:32,818][two_tower_confounding.experiments.ips_pipeline][WARNING] - Disabling wandb for trainer components because initialization failed.
[2026-03-18 20:49:32,819][two_tower_confounding.experiments.config_resolver][WARNING] - test_clicks=500000 is ignored because test_set_mode='label_only'. Set test_set_mode='clicks' to enable legacy click-based test behavior.
[2026-03-18 20:49:32,826][two_tower_confounding.experiments.data_pipeline][INFO] - Loading or generating click datasets...
[2026-03-18 20:51:04,444][absl][INFO] - orbax-checkpoint version: 0.11.25
[2026-03-18 20:51:04,444][absl][INFO] - Created BasePyTreeCheckpointHandler: use_ocdbt=True, use_zarr3=False, pytree_metadata_options=PyTreeMetadataOptions(support_rich_types=False), array_metadata_store=<orbax.checkpoint._src.metadata.array_metadata_store.Store object at 0x1484d3f80250>, enable_pinned_host_transfer=False, save_concurrent_bytes: 96000000000 (89.4 GiB), restore_concurrent_bytes: 96000000000 (89.4 GiB)
[2026-03-18 20:51:04,445][absl][INFO] - [thread=MainThread] Failed to get flag value for EXPERIMENTAL_ORBAX_USE_DISTRIBUTED_PROCESS_ID.
[2026-03-18 20:51:04,445][absl][INFO] - [process=0][thread=MainThread] Using barrier_sync_fn: <function get_barrier_sync_fn.<locals>.<lambda> at 0x1482f445b6a0> timeout: 600 secs and primary_host=0 for async checkpoint writes
[2026-03-18 20:51:04,449][absl][INFO] - Restoring checkpoint from /gpfs/home5/sfris1/ltr_datasets/ips_datasets/istella_logging_policy_c5000000_ps1p0_pt0p5_bs1p0_drop0rel0_sessallocv2_candfullv2_topx25_maxdocs200_lprdeep_lpsegreedysampler_lppct10p0.
[2026-03-18 20:51:04,472][absl][INFO] - [process=0] /jax/checkpoint/read/gbytes_per_sec: 0 Bytes/s (total gbytes: 31.6 KiB) (time elapsed: 21 milliseconds) (per-host)
[2026-03-18 20:51:04,472][absl][INFO] - Finished restoring checkpoint in 0.03 seconds from /gpfs/home5/sfris1/ltr_datasets/ips_datasets/istella_logging_policy_c5000000_ps1p0_pt0p5_bs1p0_drop0rel0_sessallocv2_candfullv2_topx25_maxdocs200_lprdeep_lpsegreedysampler_lppct10p0.
[2026-03-18 20:58:47,214][two_tower_confounding.experiments.data_pipeline][INFO] - Loaded click datasets in 554.39 seconds (train=3637171, val=1362829, test=0)
[2026-03-18 20:58:47,214][two_tower_confounding.experiments.data_pipeline][INFO] - Test split is label-only by design; no test click dataset was loaded.
[2026-03-18 20:58:47,215][two_tower_confounding.data.runtime.aggregation][INFO] - Applying data cutoff override: configured=25, natural=25, effective=25
[2026-03-18 20:58:47,349][two_tower_confounding.data.runtime.aggregation][INFO] - Initializing simulator...
[2026-03-18 20:58:47,351][two_tower_confounding.data.runtime.aggregation][INFO] - Aggregating train dataset...
[2026-03-18 20:59:02,471][two_tower_confounding.data.runtime.aggregation][INFO] - Aggregating validation dataset...
[2026-03-18 20:59:08,931][two_tower_confounding.data.runtime.aggregation][INFO] - Aggregating test dataset from labels only...
[2026-03-18 20:59:10,747][two_tower_confounding.data.runtime.aggregation][INFO] - Aggregation done in 23.40 seconds
[2026-03-18 20:59:10,748][two_tower_confounding.data.runtime.aggregation][INFO] - Session usage after aggregation: requested(train=3637171,val=1362829), actual(train=3637171,val=1362829,test=0)
[2026-03-18 20:59:10,748][two_tower_confounding.data.runtime.aggregation][INFO] - Dataset persistence disabled; skipping aggregated dataset cache save.
[2026-03-18 20:59:10,748][two_tower_confounding.experiments.ips_pipeline][INFO] - Test split uses label-only evaluation; raw test click diagnostics are skipped.
[2026-03-18 20:59:10,802][two_tower_confounding.experiments.diagnostics][INFO] - [Data] train_docs=2043304, val_docs=684076, test_docs=681250, cutoff=25
[2026-03-18 20:59:10,881][two_tower_confounding.experiments.diagnostics][INFO] - [Train] clicks=843253, displays=90518474, ctr=0.0093, ctr_per_doc=0.0093
[2026-03-18 20:59:10,956][two_tower_confounding.experiments.diagnostics][INFO] - [Validation] clicks=304328, displays=33851940, ctr=0.0090, ctr_per_doc=0.0090
[2026-03-18 20:59:11,026][two_tower_confounding.experiments.diagnostics][INFO] - [Test] clicks=0, displays=0, ctr=0.0000, ctr_per_doc=0.0000
[2026-03-18 20:59:11,026][two_tower_confounding.experiments.ips_pipeline][INFO] - Running estimator pipeline with model='dm'
[2026-03-18 20:59:11,026][two_tower_confounding.experiments.ips_pipeline][INFO] - Computing position bias (alpha)...
[2026-03-18 20:59:11,090][two_tower_confounding.experiments.propensity_pipeline][INFO] - Computing propensity per doc (method=frequency_based)...
[2026-03-19 00:06:39,014][submitit][WARNING] - Bypassing signal SIGCONT
[2026-03-19 00:06:39,014][submitit][INFO] - Job has timed out. Ran 197 minutes out of requested 200 minutes.
[2026-03-19 00:06:39,016][submitit][WARNING] - Caught signal SIGUSR2 on tcn11.local.snellius.surf.nl: this job is timed-out.
[2026-03-19 00:06:39,016][submitit][INFO] - Calling checkpoint method.
[2026-03-19 00:06:39,276][submitit][INFO] - Job not requeued because: timed-out too many times.
[2026-03-19 00:06:39,277][submitit][INFO] - Job completed successfully
[2026-03-19 00:06:39,282][submitit][INFO] - Exiting after successful completion
