[2026-06-18 16:54:56,599][feature_based_propensities_for_ULTR.experiments.config_resolver][WARNING] - test_clicks=500000 is ignored because test_set_mode='label_only'. Set test_set_mode='clicks' to enable legacy click-based test behavior.
[2026-06-18 16:54:56,604][feature_based_propensities_for_ULTR.experiments.data_pipeline][INFO] - Loading or generating click datasets...
[2026-06-18 16:55:58,348][absl][INFO] - orbax-checkpoint version: 0.11.40
[2026-06-18 16:55:58,348][absl][INFO] - save_device_host_concurrent_bytes=None
[2026-06-18 16:55:58,348][absl][INFO] - Created BasePyTreeCheckpointHandler: use_ocdbt=True, use_zarr3=False, pytree_metadata_options=PyTreeMetadataOptions(support_rich_types=False), array_metadata_store=<orbax.checkpoint._src.metadata.array_metadata_store.Store object at 0x14a01b09a710>, enable_pinned_host_transfer=False, save_concurrent_bytes: 96000000000 (89.4 GiB), restore_concurrent_bytes: 96000000000 (89.4 GiB)
[2026-06-18 16:55:58,349][absl][INFO] - [thread=MainThread] Failed to get flag value for EXPERIMENTAL_ORBAX_USE_DISTRIBUTED_PROCESS_ID.
[2026-06-18 16:55:58,349][absl][INFO] - [process=0][thread=MainThread] Using barrier_sync_fn: <function get_barrier_sync_fn.<locals>.<lambda> at 0x149f7f1bb9c0> timeout: 1200 secs and primary_host=0 for async checkpoint writes
[2026-06-18 16:55:58,349][absl][INFO] - [process=0] [sync] Started load checkpoint @ /gpfs/home5/sfris1/ltr_datasets/ips_datasets/logging_policy_c10000_ps1p0_pt0p5_bs1p0_drop0rel0_sessallocv2_candfullv2_topx25_maxdocs200_lprdeep_lpsegreedysampler_lppct10p0.
[2026-06-18 16:55:58,352][absl][INFO] - Restoring checkpoint from /gpfs/home5/sfris1/ltr_datasets/ips_datasets/logging_policy_c10000_ps1p0_pt0p5_bs1p0_drop0rel0_sessallocv2_candfullv2_topx25_maxdocs200_lprdeep_lpsegreedysampler_lppct10p0.
[2026-06-18 16:55:58,352][absl][INFO] - [process=0] [sync] Finished blocking load in 0.00 seconds. Continuing load @ /gpfs/home5/sfris1/ltr_datasets/ips_datasets/logging_policy_c10000_ps1p0_pt0p5_bs1p0_drop0rel0_sessallocv2_candfullv2_topx25_maxdocs200_lprdeep_lpsegreedysampler_lppct10p0.
[2026-06-18 16:55:58,368][absl][INFO] - [process=0] /jax/orbax/read/worker/io/requested throughput: 1.872 MiB/s (total gbytes: 21.4 KiB) (time elapsed: 0.0111541748046875 s) (per-host)
[2026-06-18 16:55:58,369][absl][INFO] - [process=0] /jax/checkpoint/read/gbytes_per_sec: 1.261 MiB/s (total gbytes: 21.4 KiB) (time elapsed: 0.016558170318603516 s) (per-host)
[2026-06-18 16:55:58,369][absl][INFO] - [process=0] [sync] Finished load in 0.02 seconds @ /gpfs/home5/sfris1/ltr_datasets/ips_datasets/logging_policy_c10000_ps1p0_pt0p5_bs1p0_drop0rel0_sessallocv2_candfullv2_topx25_maxdocs200_lprdeep_lpsegreedysampler_lppct10p0
[2026-06-18 16:56:02,490][feature_based_propensities_for_ULTR.experiments.data_pipeline][INFO] - Loaded click datasets in 65.89 seconds (train=7500, val=2500, test=0)
[2026-06-18 16:56:02,490][feature_based_propensities_for_ULTR.experiments.data_pipeline][INFO] - Test split is label-only by design; no test click dataset was loaded.
[2026-06-18 16:56:02,490][feature_based_propensities_for_ULTR.data.runtime.alignment][INFO] - Applying data cutoff override: configured=25, natural=25, effective=25
[2026-06-18 16:56:02,490][feature_based_propensities_for_ULTR.data.runtime.alignment][INFO] - Applying data cutoff override: configured=25, natural=25, effective=25
[2026-06-18 16:56:02,585][feature_based_propensities_for_ULTR.data.runtime.aggregation][INFO] - Initializing simulator...
[2026-06-18 16:56:02,586][feature_based_propensities_for_ULTR.data.runtime.aggregation][INFO] - Aggregating train dataset...
[2026-06-18 16:56:07,768][feature_based_propensities_for_ULTR.data.runtime.aggregation][INFO] - Aggregating validation dataset...
[2026-06-18 16:56:10,657][feature_based_propensities_for_ULTR.data.runtime.aggregation][INFO] - Aggregating test dataset from labels only...
[2026-06-18 16:56:11,488][feature_based_propensities_for_ULTR.data.runtime.aggregation][INFO] - Aggregation done in 8.90 seconds
[2026-06-18 16:56:11,489][feature_based_propensities_for_ULTR.data.runtime.aggregation][INFO] - Session usage after aggregation: requested(train=7500,val=2500), actual(train=7500,val=2500,test=0)
[2026-06-18 16:56:11,489][feature_based_propensities_for_ULTR.data.runtime.aggregation][INFO] - Dataset persistence disabled; skipping aggregated dataset cache save.
[2026-06-18 16:56:11,489][feature_based_propensities_for_ULTR.experiments.ips_pipeline][INFO] - Test split uses label-only evaluation; raw test click diagnostics are skipped.
[2026-06-18 16:56:11,541][feature_based_propensities_for_ULTR.experiments.diagnostics][INFO] - [Data] train_docs=2132810, val_docs=707814, test_docs=708921, cutoff=25
[2026-06-18 16:56:11,645][feature_based_propensities_for_ULTR.experiments.diagnostics][INFO] - [Train] clicks=806, displays=182421, ctr=0.0044, ctr_per_doc=0.0044
[2026-06-18 16:56:11,734][feature_based_propensities_for_ULTR.experiments.diagnostics][INFO] - [Validation] clicks=279, displays=60868, ctr=0.0046, ctr_per_doc=0.0046
[2026-06-18 16:56:11,825][feature_based_propensities_for_ULTR.experiments.diagnostics][INFO] - [Test] clicks=0, displays=0, ctr=0.0000, ctr_per_doc=0.0000
[2026-06-18 16:56:11,825][feature_based_propensities_for_ULTR.experiments.ips_pipeline][INFO] - Running estimator pipeline with model='ips'
[2026-06-18 16:56:11,825][feature_based_propensities_for_ULTR.experiments.ips_pipeline][INFO] - Computing position bias (alpha)...
[2026-06-18 16:56:11,844][ultr_bias_toolkit.bias.intervention_harvesting.all_pairs][INFO] - Position bias estimation using global all pairs estimator
[2026-06-18 16:57:00,948][feature_based_propensities_for_ULTR.experiments.position_bias_pipeline][INFO] - Saved estimated position-bias curve to position_bias.json
[2026-06-18 16:57:00,949][feature_based_propensities_for_ULTR.experiments.ips_pipeline][INFO] - Estimated position bias in-run (estimator=global_all_pairs): [ 0.         -0.7391645  -1.645835   -1.7198288  -1.0015765  -0.88078743
 -1.5932682  -1.2866696  -6.9077554  -2.1623077  -1.236891   -2.144336
 -4.0484614  -2.125398   -0.40132472 -3.0133488  -5.746912   -6.247121
 -1.5618964  -1.4662043  -5.701676   -6.227842   -1.234576   -1.6520244
 -6.9077554 ]
[2026-06-18 16:57:00,950][feature_based_propensities_for_ULTR.experiments.propensity_pipeline][INFO] - Computing propensity per doc (method=propensity_mlp_regression)...
[2026-06-18 16:57:31,598][feature_based_propensities_for_ULTR.experiments.propensity_pipeline][INFO] - Propensity computed in 30.65 seconds
[2026-06-18 16:57:31,598][feature_based_propensities_for_ULTR.experiments.propensity_pipeline][INFO] - Alpha logits: [ 0.     -0.7392 -1.6458 -1.7198 -1.0016 -0.8808 -1.5933 -1.2867 -6.9078
 -2.1623 -1.2369 -2.1443 -4.0485 -2.1254 -0.4013 -3.0133 -5.7469 -6.2471
 -1.5619 -1.4662 -5.7017 -6.2278 -1.2346 -1.652  -6.9078]
[2026-06-18 16:57:31,599][feature_based_propensities_for_ULTR.experiments.propensity_pipeline][INFO] - Alpha: [0.5    0.3232 0.1617 0.1519 0.2686 0.293  0.1689 0.2164 0.001  0.1032
 0.225  0.1049 0.0171 0.1067 0.401  0.0468 0.0032 0.0019 0.1734 0.1875
 0.0033 0.002  0.2254 0.1608 0.001 ]
[2026-06-18 16:57:31,600][feature_based_propensities_for_ULTR.experiments.propensity_pipeline][INFO] - Propensity clipping disabled.
[2026-06-18 16:57:31,600][feature_based_propensities_for_ULTR.experiments.ips_pipeline][INFO] - Computing IPS doc weights...
[2026-06-18 16:57:32,120][feature_based_propensities_for_ULTR.experiments.ips_pipeline][INFO] - Doc weights computed in 0.52 seconds
[2026-06-18 16:57:32,131][feature_based_propensities_for_ULTR.experiments.model_pipeline][INFO] - Loading trainer (trainer_type='pl-rank', n_samples=100)...
[2026-06-18 16:57:32,133][feature_based_propensities_for_ULTR.experiments.model_pipeline][INFO] - Trainer loaded in 0.00 seconds
[2026-06-18 16:57:32,134][feature_based_propensities_for_ULTR.experiments.model_pipeline][INFO] - Training model...
[2026-06-18 17:01:43,043][feature_based_propensities_for_ULTR.experiments.ips_pipeline][INFO] - Final evaluation results:
{'metrics': {'CTR': 0.8381895422935486,
             'DCG': 1.7580002546310425,
             'NCTR': 0.4164406955242157,
             'NDCG': 0.45544755458831787,
             'NDCG@25': 0.45544755458831787,
             'NRCTR': 0.4164406955242157,
             'RCTR': 0.8381895422935486}}
[2026-06-18 17:01:43,069][submitit][INFO] - Job completed successfully
[2026-06-18 17:01:43,078][submitit][INFO] - Exiting after successful completion
