[2026-05-05 10:53:41,133][two_tower_confounding.experiments.config_resolver][WARNING] - test_clicks=500000 is ignored because test_set_mode='label_only'. Set test_set_mode='clicks' to enable legacy click-based test behavior.
[2026-05-05 10:53:41,140][two_tower_confounding.experiments.data_pipeline][INFO] - Loading or generating click datasets...
[2026-05-05 10:55:13,620][absl][INFO] - orbax-checkpoint version: 0.11.37
[2026-05-05 10:55:13,621][absl][INFO] - save_device_host_concurrent_bytes=None
[2026-05-05 10:55:13,621][absl][INFO] - Created BasePyTreeCheckpointHandler: use_ocdbt=True, use_zarr3=False, pytree_metadata_options=PyTreeMetadataOptions(support_rich_types=False), array_metadata_store=<orbax.checkpoint._src.metadata.array_metadata_store.Store object at 0x14d0cce95410>, enable_pinned_host_transfer=False, save_concurrent_bytes: 96000000000 (89.4 GiB), restore_concurrent_bytes: 96000000000 (89.4 GiB)
[2026-05-05 10:55:13,621][absl][INFO] - [thread=MainThread] Failed to get flag value for EXPERIMENTAL_ORBAX_USE_DISTRIBUTED_PROCESS_ID.
[2026-05-05 10:55:13,621][absl][INFO] - [process=0][thread=MainThread] Using barrier_sync_fn: <function get_barrier_sync_fn.<locals>.<lambda> at 0x14d0175298a0> timeout: 1200 secs and primary_host=0 for async checkpoint writes
[2026-05-05 10:55:13,622][absl][INFO] - [process=0] [sync] Started load checkpoint @ /gpfs/home5/sfris1/ltr_datasets/ips_datasets/istella_logging_policy_c100000_ps1p0_pt0p5_bs1p0_drop0rel0_sessallocv2_candfullv2_topx25_maxdocs200_lprdeep_lpsegreedysampler_lppct10p0.
[2026-05-05 10:55:13,625][absl][INFO] - Restoring checkpoint from /gpfs/home5/sfris1/ltr_datasets/ips_datasets/istella_logging_policy_c100000_ps1p0_pt0p5_bs1p0_drop0rel0_sessallocv2_candfullv2_topx25_maxdocs200_lprdeep_lpsegreedysampler_lppct10p0.
[2026-05-05 10:55:13,625][absl][INFO] - [process=0] [sync] Finished blocking load in 0.00 seconds. Continuing load @ /gpfs/home5/sfris1/ltr_datasets/ips_datasets/istella_logging_policy_c100000_ps1p0_pt0p5_bs1p0_drop0rel0_sessallocv2_candfullv2_topx25_maxdocs200_lprdeep_lpsegreedysampler_lppct10p0.
[2026-05-05 10:55:13,644][absl][INFO] - [process=0] /jax/orbax/read/worker/io/requested throughput: 2.574 MiB/s (total gbytes: 31.6 KiB) (time elapsed: 0.01199960708618164 s) (per-host)
[2026-05-05 10:55:13,645][absl][INFO] - [process=0] /jax/checkpoint/read/gbytes_per_sec: 1.662 MiB/s (total gbytes: 31.6 KiB) (time elapsed: 0.018581151962280273 s) (per-host)
[2026-05-05 10:55:13,645][absl][INFO] - [process=0] [sync] Finished load in 0.02 seconds @ /gpfs/home5/sfris1/ltr_datasets/ips_datasets/istella_logging_policy_c100000_ps1p0_pt0p5_bs1p0_drop0rel0_sessallocv2_candfullv2_topx25_maxdocs200_lprdeep_lpsegreedysampler_lppct10p0
[2026-05-05 10:55:26,801][two_tower_confounding.experiments.data_pipeline][INFO] - Loaded click datasets in 105.66 seconds (train=72743, val=27257, test=0)
[2026-05-05 10:55:26,802][two_tower_confounding.experiments.data_pipeline][INFO] - Test split is label-only by design; no test click dataset was loaded.
[2026-05-05 10:55:26,802][two_tower_confounding.data.runtime.alignment][INFO] - Applying data cutoff override: configured=25, natural=25, effective=25
[2026-05-05 10:55:26,802][two_tower_confounding.data.runtime.alignment][INFO] - Applying data cutoff override: configured=25, natural=25, effective=25
[2026-05-05 10:55:27,186][two_tower_confounding.data.runtime.aggregation][INFO] - Initializing simulator...
[2026-05-05 10:55:27,187][two_tower_confounding.data.runtime.aggregation][INFO] - Aggregating train dataset...
[2026-05-05 10:55:33,474][two_tower_confounding.data.runtime.aggregation][INFO] - Aggregating validation dataset...
[2026-05-05 10:55:36,720][two_tower_confounding.data.runtime.aggregation][INFO] - Aggregating test dataset from labels only...
[2026-05-05 10:55:38,390][two_tower_confounding.data.runtime.aggregation][INFO] - Aggregation done in 11.20 seconds
[2026-05-05 10:55:38,392][two_tower_confounding.data.runtime.aggregation][INFO] - Session usage after aggregation: requested(train=72743,val=27257), actual(train=72743,val=27257,test=0)
[2026-05-05 10:55:38,392][two_tower_confounding.data.runtime.aggregation][INFO] - Dataset persistence disabled; skipping aggregated dataset cache save.
[2026-05-05 10:55:38,392][two_tower_confounding.experiments.ips_pipeline][INFO] - Test split uses label-only evaluation; raw test click diagnostics are skipped.
[2026-05-05 10:55:38,444][two_tower_confounding.experiments.diagnostics][INFO] - [Data] train_docs=2043304, val_docs=684076, test_docs=681250, cutoff=25
[2026-05-05 10:55:38,539][two_tower_confounding.experiments.diagnostics][INFO] - [Train] clicks=15996, displays=1810163, ctr=0.0088, ctr_per_doc=0.0088
[2026-05-05 10:55:38,632][two_tower_confounding.experiments.diagnostics][INFO] - [Validation] clicks=5737, displays=677186, ctr=0.0085, ctr_per_doc=0.0085
[2026-05-05 10:55:38,718][two_tower_confounding.experiments.diagnostics][INFO] - [Test] clicks=0, displays=0, ctr=0.0000, ctr_per_doc=0.0000
[2026-05-05 10:55:38,718][two_tower_confounding.experiments.ips_pipeline][INFO] - Running estimator pipeline with model='dm'
[2026-05-05 10:55:38,718][two_tower_confounding.experiments.ips_pipeline][INFO] - Computing position bias (alpha)...
[2026-05-05 10:55:38,733][two_tower_confounding.experiments.ips_pipeline][INFO] - Loaded CSV position bias from /gpfs/home5/sfris1/Doubly-Robust-Optimization-With-Two-Tower-Models/results/position_bias_csv_smoke.csv (method=global_all_pairs): [ 0.        -0.6328167 -1.0071512 -1.207084  -1.4022496 -1.7184186
 -1.813603  -1.9886445 -1.9224156 -2.1666658 -2.3163047 -2.3282363
 -2.2757087 -2.5168834 -2.3761554 -2.865345  -2.5086544 -2.813683
 -2.9516935 -2.61771   -2.7692318 -2.9358823 -2.987475  -2.9559863
 -3.433718 ]
[2026-05-05 10:55:38,734][two_tower_confounding.experiments.propensity_pipeline][INFO] - Computing propensity per doc (method=true_propensity)...
[2026-05-05 10:59:54,675][two_tower_confounding.experiments.propensity_pipeline][INFO] - Propensity computed in 255.94 seconds
[2026-05-05 10:59:54,675][two_tower_confounding.experiments.propensity_pipeline][INFO] - Alpha logits: [ 0.        -0.6328167 -1.0071512 -1.207084  -1.4022496 -1.7184186
 -1.813603  -1.9886445 -1.9224156 -2.1666658 -2.3163047 -2.3282363
 -2.2757087 -2.5168834 -2.3761554 -2.865345  -2.5086544 -2.813683
 -2.9516935 -2.61771   -2.7692318 -2.9358823 -2.987475  -2.9559863
 -3.433718 ]
[2026-05-05 10:59:54,677][two_tower_confounding.experiments.propensity_pipeline][INFO] - Alpha: [0.5        0.34687215 0.26753774 0.23021743 0.19745938 0.15207498
 0.14020322 0.12040035 0.12759243 0.1027841  0.08978158 0.08881129
 0.09315483 0.07468304 0.08500914 0.05389352 0.0752537  0.05658924
 0.04965653 0.06800729 0.05900966 0.05040801 0.04799494 0.04945435
 0.03125815]
[2026-05-05 10:59:54,677][two_tower_confounding.experiments.propensity_pipeline][INFO] - Propensity clipping disabled.
[2026-05-05 10:59:56,095][two_tower_confounding.experiments.regression_pipeline][INFO] - Training regression model for DM/DR...
[2026-05-05 11:00:34,550][two_tower_confounding.experiments.regression_pipeline][INFO] - Regression epoch 3: train_loss=0.137877 val_loss=0.150764
[2026-05-05 11:01:11,984][two_tower_confounding.experiments.regression_pipeline][INFO] - Regression epoch 6: train_loss=0.136471 val_loss=0.141164
[2026-05-05 11:01:49,534][two_tower_confounding.experiments.regression_pipeline][INFO] - Regression epoch 9: train_loss=0.135420 val_loss=0.139232
[2026-05-05 11:02:27,117][two_tower_confounding.experiments.regression_pipeline][INFO] - Regression epoch 12: train_loss=0.134833 val_loss=0.136309
[2026-05-05 11:03:04,599][two_tower_confounding.experiments.regression_pipeline][INFO] - Regression epoch 15: train_loss=0.133864 val_loss=0.139329
[2026-05-05 11:03:10,716][two_tower_confounding.experiments.ips_pipeline][INFO] - Computing DM doc weights...
[2026-05-05 11:03:10,716][two_tower_confounding.experiments.ips_pipeline][INFO] - Doc weights computed in 0.00 seconds
[2026-05-05 11:03:10,727][two_tower_confounding.experiments.model_pipeline][INFO] - Loading trainer (trainer_type='pl-rank', n_samples=100)...
[2026-05-05 11:03:10,729][two_tower_confounding.experiments.model_pipeline][INFO] - Trainer loaded in 0.00 seconds
[2026-05-05 11:03:10,729][two_tower_confounding.experiments.model_pipeline][INFO] - Training model...
[2026-05-05 11:43:59,037][two_tower_confounding.experiments.ips_pipeline][INFO] - Final evaluation results:
{'metrics': {'CTR': 1.199355959892273,
             'DCG': 2.6309030055999756,
             'NCTR': 0.7193400859832764,
             'NDCG': 0.766226589679718,
             'NDCG@25': 0.766226589679718,
             'NRCTR': 0.7193400859832764,
             'RCTR': 1.199355959892273}}
[2026-05-05 11:43:59,080][submitit][INFO] - Job completed successfully
[2026-05-05 11:43:59,093][submitit][INFO] - Exiting after successful completion
