[2026-04-15 14:08:17,347][jax._src.xla_bridge][ERROR] - Jax plugin configuration error: Exception when calling jax_plugins.xla_cuda12.initialize()
Traceback (most recent call last):
  File "/gpfs/home5/sfris1/two-towers-confounding-project/.venv/lib/python3.11/site-packages/jax/_src/xla_bridge.py", line 485, in discover_pjrt_plugins
    plugin_module.initialize()
  File "/gpfs/home5/sfris1/two-towers-confounding-project/.venv/lib/python3.11/site-packages/jax_plugins/xla_cuda12/__init__.py", line 328, in initialize
    _check_cuda_versions(raise_on_first_error=True)
  File "/gpfs/home5/sfris1/two-towers-confounding-project/.venv/lib/python3.11/site-packages/jax_plugins/xla_cuda12/__init__.py", line 285, in _check_cuda_versions
    local_device_count = cuda_versions.cuda_device_count()
                         ^^^^^^^^^^^^^^^^^^^^^^^^^^^^^^^^^
RuntimeError: jaxlib/cuda/versions_helpers.cc:113: operation cuInit(0) failed: CUDA_ERROR_NO_DEVICE
[2026-04-15 14:08:28,142][two_tower_confounding.experiments.ips_pipeline][WARNING] - wandb.init failed (Error uploading run: returned error 403: {"data":{"upsertBucket":null},"errors":[{"message":"permission denied","path":["upsertBucket"],"extensions":{"code":"PERMISSION_ERROR"}}]}). Continuing with local logging only.
[2026-04-15 14:08:28,143][two_tower_confounding.experiments.ips_pipeline][WARNING] - Disabling wandb for trainer components because initialization failed.
[2026-04-15 14:08:28,143][two_tower_confounding.experiments.config_resolver][WARNING] - test_clicks=500000 is ignored because test_set_mode='label_only'. Set test_set_mode='clicks' to enable legacy click-based test behavior.
[2026-04-15 14:08:28,149][two_tower_confounding.experiments.data_pipeline][INFO] - Loading or generating click datasets...
[2026-04-15 14:09:30,097][absl][INFO] - orbax-checkpoint version: 0.11.25
[2026-04-15 14:09:30,098][absl][INFO] - Created BasePyTreeCheckpointHandler: use_ocdbt=True, use_zarr3=False, pytree_metadata_options=PyTreeMetadataOptions(support_rich_types=False), array_metadata_store=<orbax.checkpoint._src.metadata.array_metadata_store.Store object at 0x154569959f90>, enable_pinned_host_transfer=False, save_concurrent_bytes: 96000000000 (89.4 GiB), restore_concurrent_bytes: 96000000000 (89.4 GiB)
[2026-04-15 14:09:30,098][absl][INFO] - [thread=MainThread] Failed to get flag value for EXPERIMENTAL_ORBAX_USE_DISTRIBUTED_PROCESS_ID.
[2026-04-15 14:09:30,098][absl][INFO] - [process=0][thread=MainThread] Using barrier_sync_fn: <function get_barrier_sync_fn.<locals>.<lambda> at 0x1544a4fa4900> timeout: 600 secs and primary_host=0 for async checkpoint writes
[2026-04-15 14:09:30,102][absl][INFO] - Restoring checkpoint from /gpfs/home5/sfris1/ltr_datasets/ips_datasets/logging_policy_c10000_ps1p0_pt0p0_bs1p0_drop0rel0_sessallocv2_candfullv2_topx25_maxdocs200_lprdeep_lpsegreedysampler_lppct10p0.
[2026-04-15 14:09:30,123][absl][INFO] - [process=0] /jax/checkpoint/read/gbytes_per_sec: 0 Bytes/s (total gbytes: 21.4 KiB) (time elapsed: 19 milliseconds) (per-host)
[2026-04-15 14:09:30,123][absl][INFO] - Finished restoring checkpoint in 0.02 seconds from /gpfs/home5/sfris1/ltr_datasets/ips_datasets/logging_policy_c10000_ps1p0_pt0p0_bs1p0_drop0rel0_sessallocv2_candfullv2_topx25_maxdocs200_lprdeep_lpsegreedysampler_lppct10p0.
[2026-04-15 14:09:34,730][two_tower_confounding.experiments.data_pipeline][INFO] - Loaded click datasets in 66.58 seconds (train=7500, val=2500, test=0)
[2026-04-15 14:09:34,731][two_tower_confounding.experiments.data_pipeline][INFO] - Test split is label-only by design; no test click dataset was loaded.
[2026-04-15 14:09:34,731][two_tower_confounding.data.runtime.alignment][INFO] - Applying data cutoff override: configured=25, natural=25, effective=25
[2026-04-15 14:09:34,731][two_tower_confounding.data.runtime.alignment][INFO] - Applying data cutoff override: configured=25, natural=25, effective=25
[2026-04-15 14:09:34,861][two_tower_confounding.data.runtime.aggregation][INFO] - Initializing simulator...
[2026-04-15 14:09:34,862][two_tower_confounding.data.runtime.aggregation][INFO] - Aggregating train dataset...
[2026-04-15 14:09:40,369][two_tower_confounding.data.runtime.aggregation][INFO] - Aggregating validation dataset...
[2026-04-15 14:09:43,744][two_tower_confounding.data.runtime.aggregation][INFO] - Aggregating test dataset from labels only...
[2026-04-15 14:09:44,735][two_tower_confounding.data.runtime.aggregation][INFO] - Aggregation done in 9.87 seconds
[2026-04-15 14:09:44,735][two_tower_confounding.data.runtime.aggregation][INFO] - Session usage after aggregation: requested(train=7500,val=2500), actual(train=7500,val=2500,test=0)
[2026-04-15 14:09:44,735][two_tower_confounding.data.runtime.aggregation][INFO] - Dataset persistence disabled; skipping aggregated dataset cache save.
[2026-04-15 14:09:44,735][two_tower_confounding.experiments.ips_pipeline][INFO] - Test split uses label-only evaluation; raw test click diagnostics are skipped.
[2026-04-15 14:09:44,791][two_tower_confounding.experiments.diagnostics][INFO] - [Data] train_docs=2132810, val_docs=707814, test_docs=708921, cutoff=25
[2026-04-15 14:09:44,880][two_tower_confounding.experiments.diagnostics][INFO] - [Train] clicks=967, displays=181777, ctr=0.0053, ctr_per_doc=0.0053
[2026-04-15 14:09:44,954][two_tower_confounding.experiments.diagnostics][INFO] - [Validation] clicks=380, displays=60606, ctr=0.0063, ctr_per_doc=0.0063
[2026-04-15 14:09:45,030][two_tower_confounding.experiments.diagnostics][INFO] - [Test] clicks=0, displays=0, ctr=0.0000, ctr_per_doc=0.0000
[2026-04-15 14:09:45,030][two_tower_confounding.experiments.ips_pipeline][INFO] - Running estimator pipeline with model='dm'
[2026-04-15 14:09:45,031][two_tower_confounding.experiments.ips_pipeline][INFO] - Computing position bias (alpha)...
[2026-04-15 14:09:45,093][two_tower_confounding.experiments.propensity_pipeline][INFO] - Computing propensity per doc (method=true_propensity)...
[2026-04-15 14:10:13,323][two_tower_confounding.experiments.propensity_pipeline][INFO] - Propensity computed in 28.23 seconds
[2026-04-15 14:10:13,323][two_tower_confounding.experiments.propensity_pipeline][INFO] - Alpha logits: [-0.        -0.6931472 -1.0986123 -1.3862944 -1.609438  -1.7917595
 -1.9459101 -2.0794415 -2.1972246 -2.3025851 -2.3978953 -2.4849067
 -2.5649493 -2.6390574 -2.7080503 -2.7725887 -2.8332133 -2.8903718
 -2.944439  -2.9957323 -3.0445225 -3.0910425 -3.1354942 -3.1780539
 -3.218876 ]
[2026-04-15 14:10:13,324][two_tower_confounding.experiments.propensity_pipeline][INFO] - Alpha: [0.5        0.33333334 0.25       0.2        0.16666667 0.14285715
 0.12500001 0.11111111 0.1        0.09090909 0.08333333 0.07692308
 0.07142857 0.06666666 0.0625     0.05882353 0.05555556 0.05263158
 0.05       0.04761905 0.04545454 0.04347826 0.04166667 0.04
 0.03846154]
[2026-04-15 14:10:13,325][two_tower_confounding.experiments.propensity_pipeline][INFO] - Propensity clipping disabled.
[2026-04-15 14:10:14,868][two_tower_confounding.experiments.regression_pipeline][INFO] - Training regression model for DM/DR...
[2026-04-15 14:10:21,926][two_tower_confounding.experiments.regression_pipeline][INFO] - Regression epoch 3: train_loss=0.134931 val_loss=0.144917
[2026-04-15 14:10:27,663][two_tower_confounding.experiments.regression_pipeline][INFO] - Regression epoch 6: train_loss=0.131077 val_loss=0.145728
[2026-04-15 14:10:33,650][two_tower_confounding.experiments.ips_pipeline][INFO] - Computing DM doc weights...
[2026-04-15 14:10:33,650][two_tower_confounding.experiments.ips_pipeline][INFO] - Doc weights computed in 0.00 seconds
[2026-04-15 14:10:33,658][two_tower_confounding.experiments.model_pipeline][INFO] - Loading trainer (trainer_type='pl-rank', n_samples=100)...
[2026-04-15 14:10:33,659][two_tower_confounding.experiments.model_pipeline][INFO] - Trainer loaded in 0.00 seconds
[2026-04-15 14:10:33,659][two_tower_confounding.experiments.model_pipeline][INFO] - Training model...
[2026-04-15 14:34:45,317][two_tower_confounding.experiments.ips_pipeline][INFO] - Final evaluation results:
{'metrics': {'CTR': 0.6307404041290283,
             'DCG': 1.691910982131958,
             'NCTR': 0.4201087951660156,
             'NDCG': 0.4436268210411072,
             'NDCG@25': 0.4436268210411072,
             'NRCTR': 0.4201087951660156,
             'RCTR': 0.6307404041290283}}
[2026-04-15 14:34:45,347][submitit][INFO] - Job completed successfully
[2026-04-15 14:34:45,361][submitit][INFO] - Exiting after successful completion
[2026-04-16 16:40:02,602][jax._src.xla_bridge][ERROR] - Jax plugin configuration error: Exception when calling jax_plugins.xla_cuda12.initialize()
Traceback (most recent call last):
  File "/gpfs/home5/sfris1/two-towers-confounding-project/.venv/lib/python3.11/site-packages/jax/_src/xla_bridge.py", line 485, in discover_pjrt_plugins
    plugin_module.initialize()
  File "/gpfs/home5/sfris1/two-towers-confounding-project/.venv/lib/python3.11/site-packages/jax_plugins/xla_cuda12/__init__.py", line 328, in initialize
    _check_cuda_versions(raise_on_first_error=True)
  File "/gpfs/home5/sfris1/two-towers-confounding-project/.venv/lib/python3.11/site-packages/jax_plugins/xla_cuda12/__init__.py", line 285, in _check_cuda_versions
    local_device_count = cuda_versions.cuda_device_count()
                         ^^^^^^^^^^^^^^^^^^^^^^^^^^^^^^^^^
RuntimeError: jaxlib/cuda/versions_helpers.cc:113: operation cuInit(0) failed: CUDA_ERROR_NO_DEVICE
[2026-04-16 16:40:03,671][two_tower_confounding.experiments.ips_pipeline][WARNING] - wandb.init failed (Error uploading run: returned error 403: {"data":{"upsertBucket":null},"errors":[{"message":"permission denied","path":["upsertBucket"],"extensions":{"code":"PERMISSION_ERROR"}}]}). Continuing with local logging only.
[2026-04-16 16:40:03,672][two_tower_confounding.experiments.ips_pipeline][WARNING] - Disabling wandb for trainer components because initialization failed.
[2026-04-16 16:40:03,673][two_tower_confounding.experiments.config_resolver][WARNING] - test_clicks=500000 is ignored because test_set_mode='label_only'. Set test_set_mode='clicks' to enable legacy click-based test behavior.
[2026-04-16 16:40:03,679][two_tower_confounding.experiments.data_pipeline][INFO] - Loading or generating click datasets...
[2026-04-16 16:41:06,595][absl][INFO] - orbax-checkpoint version: 0.11.25
[2026-04-16 16:41:06,596][absl][INFO] - Created BasePyTreeCheckpointHandler: use_ocdbt=True, use_zarr3=False, pytree_metadata_options=PyTreeMetadataOptions(support_rich_types=False), array_metadata_store=<orbax.checkpoint._src.metadata.array_metadata_store.Store object at 0x152062ab4a10>, enable_pinned_host_transfer=False, save_concurrent_bytes: 96000000000 (89.4 GiB), restore_concurrent_bytes: 96000000000 (89.4 GiB)
[2026-04-16 16:41:06,597][absl][INFO] - [thread=MainThread] Failed to get flag value for EXPERIMENTAL_ORBAX_USE_DISTRIBUTED_PROCESS_ID.
[2026-04-16 16:41:06,597][absl][INFO] - [process=0][thread=MainThread] Using barrier_sync_fn: <function get_barrier_sync_fn.<locals>.<lambda> at 0x151f0d25c5e0> timeout: 600 secs and primary_host=0 for async checkpoint writes
[2026-04-16 16:41:06,600][absl][INFO] - Restoring checkpoint from /gpfs/home5/sfris1/ltr_datasets/ips_datasets/logging_policy_c10000_ps1p0_pt0p0_bs1p0_drop0rel0_sessallocv2_candfullv2_topx25_maxdocs200_lprdeep_lpsegreedysampler_lppct10p0.
[2026-04-16 16:41:06,624][absl][INFO] - [process=0] /jax/checkpoint/read/gbytes_per_sec: 0 Bytes/s (total gbytes: 21.4 KiB) (time elapsed: 22 milliseconds) (per-host)
[2026-04-16 16:41:06,624][absl][INFO] - Finished restoring checkpoint in 0.03 seconds from /gpfs/home5/sfris1/ltr_datasets/ips_datasets/logging_policy_c10000_ps1p0_pt0p0_bs1p0_drop0rel0_sessallocv2_candfullv2_topx25_maxdocs200_lprdeep_lpsegreedysampler_lppct10p0.
[2026-04-16 16:41:11,187][two_tower_confounding.experiments.data_pipeline][INFO] - Loaded click datasets in 67.51 seconds (train=7500, val=2500, test=0)
[2026-04-16 16:41:11,187][two_tower_confounding.experiments.data_pipeline][INFO] - Test split is label-only by design; no test click dataset was loaded.
[2026-04-16 16:41:11,187][two_tower_confounding.data.runtime.alignment][INFO] - Applying data cutoff override: configured=25, natural=25, effective=25
[2026-04-16 16:41:11,188][two_tower_confounding.data.runtime.alignment][INFO] - Applying data cutoff override: configured=25, natural=25, effective=25
[2026-04-16 16:41:11,322][two_tower_confounding.data.runtime.aggregation][INFO] - Initializing simulator...
[2026-04-16 16:41:11,324][two_tower_confounding.data.runtime.aggregation][INFO] - Aggregating train dataset...
[2026-04-16 16:41:16,298][two_tower_confounding.data.runtime.aggregation][INFO] - Aggregating validation dataset...
[2026-04-16 16:41:19,493][two_tower_confounding.data.runtime.aggregation][INFO] - Aggregating test dataset from labels only...
[2026-04-16 16:41:20,465][two_tower_confounding.data.runtime.aggregation][INFO] - Aggregation done in 9.14 seconds
[2026-04-16 16:41:20,466][two_tower_confounding.data.runtime.aggregation][INFO] - Session usage after aggregation: requested(train=7500,val=2500), actual(train=7500,val=2500,test=0)
[2026-04-16 16:41:20,466][two_tower_confounding.data.runtime.aggregation][INFO] - Dataset persistence disabled; skipping aggregated dataset cache save.
[2026-04-16 16:41:20,466][two_tower_confounding.experiments.ips_pipeline][INFO] - Test split uses label-only evaluation; raw test click diagnostics are skipped.
[2026-04-16 16:41:20,527][two_tower_confounding.experiments.diagnostics][INFO] - [Data] train_docs=2132810, val_docs=707814, test_docs=708921, cutoff=25
[2026-04-16 16:41:20,611][two_tower_confounding.experiments.diagnostics][INFO] - [Train] clicks=967, displays=181777, ctr=0.0053, ctr_per_doc=0.0053
[2026-04-16 16:41:20,686][two_tower_confounding.experiments.diagnostics][INFO] - [Validation] clicks=380, displays=60606, ctr=0.0063, ctr_per_doc=0.0063
[2026-04-16 16:41:20,761][two_tower_confounding.experiments.diagnostics][INFO] - [Test] clicks=0, displays=0, ctr=0.0000, ctr_per_doc=0.0000
[2026-04-16 16:41:20,762][two_tower_confounding.experiments.ips_pipeline][INFO] - Running estimator pipeline with model='dm'
[2026-04-16 16:41:20,762][two_tower_confounding.experiments.ips_pipeline][INFO] - Computing position bias (alpha)...
[2026-04-16 16:41:20,826][two_tower_confounding.experiments.propensity_pipeline][INFO] - Computing propensity per doc (method=true_propensity)...
[2026-04-16 16:41:48,695][two_tower_confounding.experiments.propensity_pipeline][INFO] - Propensity computed in 27.87 seconds
[2026-04-16 16:41:48,696][two_tower_confounding.experiments.propensity_pipeline][INFO] - Alpha logits: [-0.        -0.6931472 -1.0986123 -1.3862944 -1.609438  -1.7917595
 -1.9459101 -2.0794415 -2.1972246 -2.3025851 -2.3978953 -2.4849067
 -2.5649493 -2.6390574 -2.7080503 -2.7725887 -2.8332133 -2.8903718
 -2.944439  -2.9957323 -3.0445225 -3.0910425 -3.1354942 -3.1780539
 -3.218876 ]
[2026-04-16 16:41:48,697][two_tower_confounding.experiments.propensity_pipeline][INFO] - Alpha: [0.5        0.33333334 0.25       0.2        0.16666667 0.14285715
 0.12500001 0.11111111 0.1        0.09090909 0.08333333 0.07692308
 0.07142857 0.06666666 0.0625     0.05882353 0.05555556 0.05263158
 0.05       0.04761905 0.04545454 0.04347826 0.04166667 0.04
 0.03846154]
[2026-04-16 16:41:48,698][two_tower_confounding.experiments.propensity_pipeline][INFO] - Propensity clipping disabled.
[2026-04-16 16:41:50,211][two_tower_confounding.experiments.regression_pipeline][INFO] - Training regression model for DM/DR...
[2026-04-16 16:41:57,442][two_tower_confounding.experiments.regression_pipeline][INFO] - Regression epoch 3: train_loss=0.134931 val_loss=0.144917
[2026-04-16 16:42:03,253][two_tower_confounding.experiments.regression_pipeline][INFO] - Regression epoch 6: train_loss=0.131077 val_loss=0.145728
[2026-04-16 16:42:09,387][two_tower_confounding.experiments.ips_pipeline][INFO] - Computing DM doc weights...
[2026-04-16 16:42:09,387][two_tower_confounding.experiments.ips_pipeline][INFO] - Doc weights computed in 0.00 seconds
[2026-04-16 16:42:09,395][two_tower_confounding.experiments.model_pipeline][INFO] - Loading trainer (trainer_type='pl-rank', n_samples=100)...
[2026-04-16 16:42:09,396][two_tower_confounding.experiments.model_pipeline][INFO] - Trainer loaded in 0.00 seconds
[2026-04-16 16:42:09,397][two_tower_confounding.experiments.model_pipeline][INFO] - Training model...
[2026-04-16 17:06:20,858][two_tower_confounding.experiments.ips_pipeline][INFO] - Final evaluation results:
{'metrics': {'CTR': 0.6301416158676147,
             'DCG': 1.6903276443481445,
             'NCTR': 0.4197164475917816,
             'NDCG': 0.44320234656333923,
             'NDCG@25': 0.44320234656333923,
             'NRCTR': 0.4197164475917816,
             'RCTR': 0.6301416158676147}}
[2026-04-16 17:06:20,885][submitit][INFO] - Job completed successfully
[2026-04-16 17:06:20,896][submitit][INFO] - Exiting after successful completion
