[2026-03-18 20:50:55,832][jax._src.xla_bridge][ERROR] - Jax plugin configuration error: Exception when calling jax_plugins.xla_cuda12.initialize()
Traceback (most recent call last):
  File "/gpfs/home5/sfris1/two-towers-confounding-project/.venv/lib/python3.11/site-packages/jax/_src/xla_bridge.py", line 485, in discover_pjrt_plugins
    plugin_module.initialize()
  File "/gpfs/home5/sfris1/two-towers-confounding-project/.venv/lib/python3.11/site-packages/jax_plugins/xla_cuda12/__init__.py", line 328, in initialize
    _check_cuda_versions(raise_on_first_error=True)
  File "/gpfs/home5/sfris1/two-towers-confounding-project/.venv/lib/python3.11/site-packages/jax_plugins/xla_cuda12/__init__.py", line 285, in _check_cuda_versions
    local_device_count = cuda_versions.cuda_device_count()
                         ^^^^^^^^^^^^^^^^^^^^^^^^^^^^^^^^^
RuntimeError: jaxlib/cuda/versions_helpers.cc:113: operation cuInit(0) failed: CUDA_ERROR_NO_DEVICE
[2026-03-18 20:50:56,857][two_tower_confounding.experiments.ips_pipeline][WARNING] - wandb.init failed (Error uploading run: returned error 403: {"data":{"upsertBucket":null},"errors":[{"message":"permission denied","path":["upsertBucket"],"extensions":{"code":"PERMISSION_ERROR"}}]}). Continuing with local logging only.
[2026-03-18 20:50:56,857][two_tower_confounding.experiments.ips_pipeline][WARNING] - Disabling wandb for trainer components because initialization failed.
[2026-03-18 20:50:56,858][two_tower_confounding.experiments.config_resolver][WARNING] - test_clicks=500000 is ignored because test_set_mode='label_only'. Set test_set_mode='clicks' to enable legacy click-based test behavior.
[2026-03-18 20:50:56,864][two_tower_confounding.experiments.data_pipeline][INFO] - Loading or generating click datasets...
[2026-03-18 20:52:17,945][absl][INFO] - orbax-checkpoint version: 0.11.25
[2026-03-18 20:52:17,946][absl][INFO] - Created BasePyTreeCheckpointHandler: use_ocdbt=True, use_zarr3=False, pytree_metadata_options=PyTreeMetadataOptions(support_rich_types=False), array_metadata_store=<orbax.checkpoint._src.metadata.array_metadata_store.Store object at 0x14b281b5b2d0>, enable_pinned_host_transfer=False, save_concurrent_bytes: 96000000000 (89.4 GiB), restore_concurrent_bytes: 96000000000 (89.4 GiB)
[2026-03-18 20:52:17,946][absl][INFO] - [thread=MainThread] Failed to get flag value for EXPERIMENTAL_ORBAX_USE_DISTRIBUTED_PROCESS_ID.
[2026-03-18 20:52:17,947][absl][INFO] - [process=0][thread=MainThread] Using barrier_sync_fn: <function get_barrier_sync_fn.<locals>.<lambda> at 0x14b10434e980> timeout: 600 secs and primary_host=0 for async checkpoint writes
[2026-03-18 20:52:17,948][absl][INFO] - [process=0] Started async saving checkpoint to /gpfs/home5/sfris1/ltr_datasets/ips_datasets/logging_policy_c1000000_ps1p0_pt0p5_bs1p0_drop0rel0_sessallocv2_candfullv2_topx25_maxdocs200_lprdeep_lpsegreedysampler_lppct10p0.
[2026-03-18 20:52:17,949][absl][INFO] - [process=0] Specified `force`: removing existing directory.
[2026-03-18 20:52:17,950][absl][INFO] - Using ThreadSafeKeyValueSignalingClient
[2026-03-18 20:52:17,954][absl][INFO] - Transferring arrays to host memory with options: use_replica_parallel=True, min_slice_bytes_for_replica_parallel=None, max_replicas_for_replica_parallel=None, enable_pinned_host_transfer=False
[2026-03-18 20:52:17,955][absl][INFO] - Creating tmp directory /gpfs/home5/sfris1/ltr_datasets/ips_datasets/logging_policy_c1000000_ps1p0_pt0p5_bs1p0_drop0rel0_sessallocv2_candfullv2_topx25_maxdocs200_lprdeep_lpsegreedysampler_lppct10p0.orbax-checkpoint-tmp
[2026-03-18 20:52:17,956][absl][INFO] - [process=0][thread=MainThread] Initiated "orbax.checkpoint._src.serialization.type_handlers.ArrayHandler".serialize. Time taken: 0.001763s
[2026-03-18 20:52:17,957][absl][INFO] - [process=0] /jax/checkpoint/write/blocking_gbytes_per_sec: 0 Bytes/s (total gbytes: 21.4 KiB) (time elapsed: 5 milliseconds) (per-host)
[2026-03-18 20:52:17,957][absl][INFO] - [process=0][thread=MainThread] Initiated Pytree async_save. Time taken: 0.006240s (batch_requests_ready=0.002113s, total_serialization_initiated=0.003093s, others=0.001034s)
[2026-03-18 20:52:17,958][absl][INFO] - [process=0][thread=async_save] Background save thread started.
[2026-03-18 20:52:17,958][absl][INFO] - Finished blocking save. Time taken: 0.011426s. Continuing background save to /gpfs/home5/sfris1/ltr_datasets/ips_datasets/logging_policy_c1000000_ps1p0_pt0p5_bs1p0_drop0rel0_sessallocv2_candfullv2_topx25_maxdocs200_lprdeep_lpsegreedysampler_lppct10p0.
[2026-03-18 20:52:17,959][absl][INFO] - [process=0][thread=MainThread] Waiting for background save thread=async_save.
[2026-03-18 20:52:17,962][absl][INFO] - Wrote Metadata={'item_handlers': None, 'metrics': {}, 'performance_metrics': {}, 'init_timestamp_nsecs': 1773863537960987133, 'commit_timestamp_nsecs': None, 'custom_metadata': {}}, json={"item_handlers": null, "metrics": {}, "performance_metrics": {}, "init_timestamp_nsecs": 1773863537960987133, "commit_timestamp_nsecs": null, "custom_metadata": {}} to /gpfs/home5/sfris1/ltr_datasets/ips_datasets/logging_policy_c1000000_ps1p0_pt0p5_bs1p0_drop0rel0_sessallocv2_candfullv2_topx25_maxdocs200_lprdeep_lpsegreedysampler_lppct10p0.orbax-checkpoint-tmp/_CHECKPOINT_METADATA
[2026-03-18 20:52:17,967][absl][INFO] - [process=0][thread=array_type_handler] Wrote 6 array_metadata.ArrayMetadata to /gpfs/home5/sfris1/ltr_datasets/ips_datasets/logging_policy_c1000000_ps1p0_pt0p5_bs1p0_drop0rel0_sessallocv2_candfullv2_topx25_maxdocs200_lprdeep_lpsegreedysampler_lppct10p0.orbax-checkpoint-tmp/array_metadatas/process_0
[2026-03-18 20:52:17,995][absl][INFO] - [process=0][thread=write_metadata_after_commits] Commit + Array metadata written. Time taken: 0.032537s (commit=0.030137s, array_metadata_write=0.002400s)
[2026-03-18 20:52:17,996][absl][INFO] - [process=0] /jax/checkpoint/write/gbytes_per_sec: 0 Bytes/s (total gbytes: 21.4 KiB) (time elapsed: 44 milliseconds) (per-host)
[2026-03-18 20:52:17,996][absl][INFO] - [process=0][thread=async_save] 2 Handler Commit operations completed. Time taken: 0.037590s.
[2026-03-18 20:52:17,997][absl][INFO] - Read Metadata={'item_handlers': None, 'metrics': {}, 'performance_metrics': {}, 'init_timestamp_nsecs': 1773863537960987133, 'commit_timestamp_nsecs': None, 'custom_metadata': {}} from /gpfs/home5/sfris1/ltr_datasets/ips_datasets/logging_policy_c1000000_ps1p0_pt0p5_bs1p0_drop0rel0_sessallocv2_candfullv2_topx25_maxdocs200_lprdeep_lpsegreedysampler_lppct10p0.orbax-checkpoint-tmp/_CHECKPOINT_METADATA
[2026-03-18 20:52:17,998][absl][INFO] - Updated Metadata={'item_handlers': 'orbax.checkpoint._src.handlers.standard_checkpoint_handler.StandardCheckpointHandler', 'metrics': {}, 'performance_metrics': {}, 'init_timestamp_nsecs': 1773863537960987133, 'commit_timestamp_nsecs': None, 'custom_metadata': {}} to /gpfs/home5/sfris1/ltr_datasets/ips_datasets/logging_policy_c1000000_ps1p0_pt0p5_bs1p0_drop0rel0_sessallocv2_candfullv2_topx25_maxdocs200_lprdeep_lpsegreedysampler_lppct10p0.orbax-checkpoint-tmp/_CHECKPOINT_METADATA
[2026-03-18 20:52:17,999][absl][INFO] - [process=0][thread=async_save] Skipped cross-host ArrayMetadata validation because only one process is found: process_index=0.
[2026-03-18 20:52:18,004][absl][INFO] - [process=0][thread=async_save] Pytree save finalize (merge_ocdbt + ArrayMetadata validation) completed. Time taken: 0.007517s. use_zarr3=False, enable_post_merge_validation=True, directory=/gpfs/home5/sfris1/ltr_datasets/ips_datasets/logging_policy_c1000000_ps1p0_pt0p5_bs1p0_drop0rel0_sessallocv2_candfullv2_topx25_maxdocs200_lprdeep_lpsegreedysampler_lppct10p0.orbax-checkpoint-tmp
[2026-03-18 20:52:18,005][absl][INFO] - Renaming /gpfs/home5/sfris1/ltr_datasets/ips_datasets/logging_policy_c1000000_ps1p0_pt0p5_bs1p0_drop0rel0_sessallocv2_candfullv2_topx25_maxdocs200_lprdeep_lpsegreedysampler_lppct10p0.orbax-checkpoint-tmp to /gpfs/home5/sfris1/ltr_datasets/ips_datasets/logging_policy_c1000000_ps1p0_pt0p5_bs1p0_drop0rel0_sessallocv2_candfullv2_topx25_maxdocs200_lprdeep_lpsegreedysampler_lppct10p0
[2026-03-18 20:52:18,006][absl][INFO] - [process=0][thread=async_save] Finished saving checkpoint (finalized tmp dir) to `/gpfs/home5/sfris1/ltr_datasets/ips_datasets/logging_policy_c1000000_ps1p0_pt0p5_bs1p0_drop0rel0_sessallocv2_candfullv2_topx25_maxdocs200_lprdeep_lpsegreedysampler_lppct10p0`.
[2026-03-18 20:52:18,007][absl][INFO] - Finished async_save (blocking + background). Time taken: 0.059935s. directory=/gpfs/home5/sfris1/ltr_datasets/ips_datasets/logging_policy_c1000000_ps1p0_pt0p5_bs1p0_drop0rel0_sessallocv2_candfullv2_topx25_maxdocs200_lprdeep_lpsegreedysampler_lppct10p0
[2026-03-18 20:52:18,007][absl][INFO] - [process=0][thread=async_save] Background save thread done. Time taken: 0.048456s.
[2026-03-18 20:52:18,007][absl][INFO] - [process=0][thread=MainThread] Done with waiting for background save thread=async_save.
[2026-03-18 20:52:18,007][absl][INFO] - [process=0][thread=MainThread] No errors found in background save thread=async_save.
[2026-03-18 20:53:58,956][two_tower_confounding.experiments.data_pipeline][INFO] - Loaded click datasets in 182.09 seconds (train=750009, val=249991, test=0)
[2026-03-18 20:53:58,956][two_tower_confounding.experiments.data_pipeline][INFO] - Test split is label-only by design; no test click dataset was loaded.
[2026-03-18 20:53:58,956][two_tower_confounding.data.runtime.aggregation][INFO] - Applying data cutoff override: configured=25, natural=25, effective=25
[2026-03-18 20:53:59,094][two_tower_confounding.data.runtime.aggregation][INFO] - Initializing simulator...
[2026-03-18 20:53:59,095][two_tower_confounding.data.runtime.aggregation][INFO] - Aggregating train dataset...
[2026-03-18 20:54:05,282][two_tower_confounding.data.runtime.aggregation][INFO] - Aggregating validation dataset...
[2026-03-18 20:54:08,916][two_tower_confounding.data.runtime.aggregation][INFO] - Aggregating test dataset from labels only...
[2026-03-18 20:54:10,171][two_tower_confounding.data.runtime.aggregation][INFO] - Aggregation done in 11.08 seconds
[2026-03-18 20:54:10,171][two_tower_confounding.data.runtime.aggregation][INFO] - Session usage after aggregation: requested(train=750009,val=249991), actual(train=750009,val=249991,test=0)
[2026-03-18 20:54:10,171][two_tower_confounding.data.runtime.aggregation][INFO] - Dataset persistence disabled; skipping aggregated dataset cache save.
[2026-03-18 20:54:10,172][two_tower_confounding.experiments.ips_pipeline][INFO] - Test split uses label-only evaluation; raw test click diagnostics are skipped.
[2026-03-18 20:54:10,234][two_tower_confounding.experiments.diagnostics][INFO] - [Data] train_docs=2132810, val_docs=707814, test_docs=708921, cutoff=25
[2026-03-18 20:54:10,316][two_tower_confounding.experiments.diagnostics][INFO] - [Train] clicks=81111, displays=18223002, ctr=0.0045, ctr_per_doc=0.0045
[2026-03-18 20:54:10,387][two_tower_confounding.experiments.diagnostics][INFO] - [Validation] clicks=27054, displays=6082467, ctr=0.0044, ctr_per_doc=0.0044
[2026-03-18 20:54:10,462][two_tower_confounding.experiments.diagnostics][INFO] - [Test] clicks=0, displays=0, ctr=0.0000, ctr_per_doc=0.0000
[2026-03-18 20:54:10,462][two_tower_confounding.experiments.ips_pipeline][INFO] - Running estimator pipeline with model='dr'
[2026-03-18 20:54:10,462][two_tower_confounding.experiments.ips_pipeline][INFO] - Computing position bias (alpha)...
[2026-03-18 20:54:10,526][two_tower_confounding.experiments.propensity_pipeline][INFO] - Computing propensity per doc (method=true_propensity)...
[2026-03-18 21:38:50,766][two_tower_confounding.experiments.propensity_pipeline][INFO] - Propensity computed in 2680.24 seconds
[2026-03-18 21:38:50,767][two_tower_confounding.experiments.propensity_pipeline][INFO] - Alpha logits: [-0.        -0.6931472 -1.0986123 -1.3862944 -1.609438  -1.7917595
 -1.9459101 -2.0794415 -2.1972246 -2.3025851 -2.3978953 -2.4849067
 -2.5649493 -2.6390574 -2.7080503 -2.7725887 -2.8332133 -2.8903718
 -2.944439  -2.9957323 -3.0445225 -3.0910425 -3.1354942 -3.1780539
 -3.218876 ]
[2026-03-18 21:38:50,768][two_tower_confounding.experiments.propensity_pipeline][INFO] - Alpha: [0.5        0.33333334 0.25       0.2        0.16666667 0.14285715
 0.12500001 0.11111111 0.1        0.09090909 0.08333333 0.07692308
 0.07142857 0.06666666 0.0625     0.05882353 0.05555556 0.05263158
 0.05       0.04761905 0.04545454 0.04347826 0.04166667 0.04
 0.03846154]
[2026-03-18 21:38:50,769][two_tower_confounding.experiments.propensity_pipeline][INFO] - Propensity clipping disabled.
[2026-03-18 21:38:50,769][two_tower_confounding.experiments.propensity_pipeline][INFO] - Computing propensity per doc (method=frequency_based)...
[2026-03-18 22:22:56,302][two_tower_confounding.experiments.propensity_pipeline][INFO] - Propensity computed in 2645.53 seconds
[2026-03-18 22:22:56,304][two_tower_confounding.experiments.propensity_pipeline][INFO] - Alpha logits: [-0.        -0.6931472 -1.0986123 -1.3862944 -1.609438  -1.7917595
 -1.9459101 -2.0794415 -2.1972246 -2.3025851 -2.3978953 -2.4849067
 -2.5649493 -2.6390574 -2.7080503 -2.7725887 -2.8332133 -2.8903718
 -2.944439  -2.9957323 -3.0445225 -3.0910425 -3.1354942 -3.1780539
 -3.218876 ]
[2026-03-18 22:22:56,304][two_tower_confounding.experiments.propensity_pipeline][INFO] - Alpha: [0.5        0.33333334 0.25       0.2        0.16666667 0.14285715
 0.12500001 0.11111111 0.1        0.09090909 0.08333333 0.07692308
 0.07142857 0.06666666 0.0625     0.05882353 0.05555556 0.05263158
 0.05       0.04761905 0.04545454 0.04347826 0.04166667 0.04
 0.03846154]
[2026-03-18 22:22:58,284][two_tower_confounding.experiments.regression_pipeline][INFO] - Training regression model for DM/DR...
[2026-03-18 22:25:26,961][two_tower_confounding.experiments.regression_pipeline][INFO] - Regression epoch 3: train_loss=0.133498 val_loss=0.132236
[2026-03-18 22:27:51,728][two_tower_confounding.experiments.regression_pipeline][INFO] - Regression epoch 6: train_loss=0.132651 val_loss=0.132217
[2026-03-18 22:27:59,701][two_tower_confounding.experiments.ips_pipeline][INFO] - Computing DR doc weights...
[2026-03-18 22:27:59,732][two_tower_confounding.experiments.ips_pipeline][INFO] - Doc weights computed in 0.03 seconds
[2026-03-18 22:27:59,741][two_tower_confounding.experiments.model_pipeline][INFO] - Loading trainer (trainer_type='pl-rank', n_samples=100)...
[2026-03-18 22:27:59,744][two_tower_confounding.experiments.model_pipeline][INFO] - Trainer loaded in 0.00 seconds
[2026-03-18 22:27:59,744][two_tower_confounding.experiments.model_pipeline][INFO] - Training model...
[2026-03-18 23:40:16,051][two_tower_confounding.experiments.ips_pipeline][INFO] - Final evaluation results:
{'metrics': {'CTR': 0.6894556879997253,
             'DCG': 1.8527330160140991,
             'NCTR': 0.45550695061683655,
             'NDCG': 0.4808245003223419,
             'NDCG@25': 0.4808245003223419,
             'NRCTR': 0.45550695061683655,
             'RCTR': 0.6894556879997253}}
[2026-03-18 23:40:16,119][submitit][INFO] - Job completed successfully
[2026-03-18 23:40:16,131][submitit][INFO] - Exiting after successful completion
[2026-06-18 09:16:11,361][feature_based_propensities_for_ULTR.experiments.config_resolver][WARNING] - test_clicks=500000 is ignored because test_set_mode='label_only'. Set test_set_mode='clicks' to enable legacy click-based test behavior.
[2026-06-18 09:16:11,368][feature_based_propensities_for_ULTR.experiments.data_pipeline][INFO] - Loading or generating click datasets...
[2026-06-18 09:17:11,715][absl][INFO] - orbax-checkpoint version: 0.11.40
[2026-06-18 09:17:11,715][absl][INFO] - save_device_host_concurrent_bytes=None
[2026-06-18 09:17:11,716][absl][INFO] - Created BasePyTreeCheckpointHandler: use_ocdbt=True, use_zarr3=False, pytree_metadata_options=PyTreeMetadataOptions(support_rich_types=False), array_metadata_store=<orbax.checkpoint._src.metadata.array_metadata_store.Store object at 0x14baf3907b90>, enable_pinned_host_transfer=False, save_concurrent_bytes: 96000000000 (89.4 GiB), restore_concurrent_bytes: 96000000000 (89.4 GiB)
[2026-06-18 09:17:11,716][absl][INFO] - [thread=MainThread] Failed to get flag value for EXPERIMENTAL_ORBAX_USE_DISTRIBUTED_PROCESS_ID.
[2026-06-18 09:17:11,716][absl][INFO] - [process=0][thread=MainThread] Using barrier_sync_fn: <function get_barrier_sync_fn.<locals>.<lambda> at 0x14ba4194ab60> timeout: 1200 secs and primary_host=0 for async checkpoint writes
[2026-06-18 09:17:11,717][absl][INFO] - [process=0] [sync] Started load checkpoint @ /gpfs/home5/sfris1/ltr_datasets/ips_datasets/logging_policy_c1000000_ps1p0_pt0p5_bs1p0_drop0rel0_sessallocv2_candfullv2_topx25_maxdocs200_lprdeep_lpsegreedysampler_lppct10p0.
[2026-06-18 09:17:11,720][absl][INFO] - Restoring checkpoint from /gpfs/home5/sfris1/ltr_datasets/ips_datasets/logging_policy_c1000000_ps1p0_pt0p5_bs1p0_drop0rel0_sessallocv2_candfullv2_topx25_maxdocs200_lprdeep_lpsegreedysampler_lppct10p0.
[2026-06-18 09:17:11,720][absl][INFO] - [process=0] [sync] Finished blocking load in 0.00 seconds. Continuing load @ /gpfs/home5/sfris1/ltr_datasets/ips_datasets/logging_policy_c1000000_ps1p0_pt0p5_bs1p0_drop0rel0_sessallocv2_candfullv2_topx25_maxdocs200_lprdeep_lpsegreedysampler_lppct10p0.
[2026-06-18 09:17:11,737][absl][INFO] - [process=0] /jax/orbax/read/worker/io/requested throughput: 1.830 MiB/s (total gbytes: 21.4 KiB) (time elapsed: 0.011405706405639648 s) (per-host)
[2026-06-18 09:17:11,739][absl][INFO] - [process=0] /jax/checkpoint/read/gbytes_per_sec: 1.209 MiB/s (total gbytes: 21.4 KiB) (time elapsed: 0.017267942428588867 s) (per-host)
[2026-06-18 09:17:11,739][absl][INFO] - [process=0] [sync] Finished load in 0.02 seconds @ /gpfs/home5/sfris1/ltr_datasets/ips_datasets/logging_policy_c1000000_ps1p0_pt0p5_bs1p0_drop0rel0_sessallocv2_candfullv2_topx25_maxdocs200_lprdeep_lpsegreedysampler_lppct10p0
[2026-06-18 09:18:37,835][feature_based_propensities_for_ULTR.experiments.data_pipeline][INFO] - Loaded click datasets in 146.47 seconds (train=750009, val=249991, test=0)
[2026-06-18 09:18:37,835][feature_based_propensities_for_ULTR.experiments.data_pipeline][INFO] - Test split is label-only by design; no test click dataset was loaded.
[2026-06-18 09:18:37,835][feature_based_propensities_for_ULTR.data.runtime.alignment][INFO] - Applying data cutoff override: configured=25, natural=25, effective=25
[2026-06-18 09:18:37,835][feature_based_propensities_for_ULTR.data.runtime.alignment][INFO] - Applying data cutoff override: configured=25, natural=25, effective=25
[2026-06-18 09:18:37,930][feature_based_propensities_for_ULTR.data.runtime.aggregation][INFO] - Initializing simulator...
[2026-06-18 09:18:37,930][feature_based_propensities_for_ULTR.data.runtime.aggregation][INFO] - Aggregating train dataset...
[2026-06-18 09:18:43,884][feature_based_propensities_for_ULTR.data.runtime.aggregation][INFO] - Aggregating validation dataset...
[2026-06-18 09:18:47,218][feature_based_propensities_for_ULTR.data.runtime.aggregation][INFO] - Aggregating test dataset from labels only...
[2026-06-18 09:18:48,192][feature_based_propensities_for_ULTR.data.runtime.aggregation][INFO] - Aggregation done in 10.26 seconds
[2026-06-18 09:18:48,193][feature_based_propensities_for_ULTR.data.runtime.aggregation][INFO] - Session usage after aggregation: requested(train=750009,val=249991), actual(train=750009,val=249991,test=0)
[2026-06-18 09:18:48,193][feature_based_propensities_for_ULTR.data.runtime.aggregation][INFO] - Dataset persistence disabled; skipping aggregated dataset cache save.
[2026-06-18 09:18:48,193][feature_based_propensities_for_ULTR.experiments.ips_pipeline][INFO] - Test split uses label-only evaluation; raw test click diagnostics are skipped.
[2026-06-18 09:18:48,245][feature_based_propensities_for_ULTR.experiments.diagnostics][INFO] - [Data] train_docs=2132810, val_docs=707814, test_docs=708921, cutoff=25
[2026-06-18 09:18:48,345][feature_based_propensities_for_ULTR.experiments.diagnostics][INFO] - [Train] clicks=80836, displays=18223002, ctr=0.0044, ctr_per_doc=0.0044
[2026-06-18 09:18:48,434][feature_based_propensities_for_ULTR.experiments.diagnostics][INFO] - [Validation] clicks=26817, displays=6081659, ctr=0.0044, ctr_per_doc=0.0044
[2026-06-18 09:18:48,523][feature_based_propensities_for_ULTR.experiments.diagnostics][INFO] - [Test] clicks=0, displays=0, ctr=0.0000, ctr_per_doc=0.0000
[2026-06-18 09:18:48,523][feature_based_propensities_for_ULTR.experiments.ips_pipeline][INFO] - Running estimator pipeline with model='dr'
[2026-06-18 09:18:48,523][feature_based_propensities_for_ULTR.experiments.ips_pipeline][INFO] - Computing position bias (alpha)...
[2026-06-18 09:18:48,575][feature_based_propensities_for_ULTR.experiments.propensity_pipeline][INFO] - Computing propensity per doc (method=true_propensity)...
[2026-06-18 10:03:00,208][feature_based_propensities_for_ULTR.experiments.propensity_pipeline][INFO] - Propensity computed in 2651.63 seconds
[2026-06-18 10:03:00,209][feature_based_propensities_for_ULTR.experiments.propensity_pipeline][INFO] - Alpha logits: [-0.        -0.6931472 -1.0986123 -1.3862944 -1.609438  -1.7917595
 -1.9459101 -2.0794415 -2.1972246 -2.3025851 -2.3978953 -2.4849067
 -2.5649493 -2.6390574 -2.7080503 -2.7725887 -2.8332133 -2.8903718
 -2.944439  -2.9957323 -3.0445225 -3.0910425 -3.1354942 -3.1780539
 -3.218876 ]
[2026-06-18 10:03:00,210][feature_based_propensities_for_ULTR.experiments.propensity_pipeline][INFO] - Alpha: [0.5        0.33333334 0.25       0.2        0.16666667 0.14285715
 0.12500001 0.11111111 0.1        0.09090909 0.08333333 0.07692308
 0.07142857 0.06666666 0.0625     0.05882353 0.05555556 0.05263158
 0.05       0.04761905 0.04545454 0.04347826 0.04166667 0.04
 0.03846154]
[2026-06-18 10:03:00,211][feature_based_propensities_for_ULTR.experiments.propensity_pipeline][INFO] - Propensity clipping disabled.
[2026-06-18 10:03:00,211][feature_based_propensities_for_ULTR.experiments.propensity_pipeline][INFO] - Computing propensity per doc (method=frequency_based)...
[2026-06-18 10:46:57,463][feature_based_propensities_for_ULTR.experiments.propensity_pipeline][INFO] - Propensity computed in 2637.25 seconds
[2026-06-18 10:46:57,467][feature_based_propensities_for_ULTR.experiments.propensity_pipeline][INFO] - Alpha logits: [-0.        -0.6931472 -1.0986123 -1.3862944 -1.609438  -1.7917595
 -1.9459101 -2.0794415 -2.1972246 -2.3025851 -2.3978953 -2.4849067
 -2.5649493 -2.6390574 -2.7080503 -2.7725887 -2.8332133 -2.8903718
 -2.944439  -2.9957323 -3.0445225 -3.0910425 -3.1354942 -3.1780539
 -3.218876 ]
[2026-06-18 10:46:57,467][feature_based_propensities_for_ULTR.experiments.propensity_pipeline][INFO] - Alpha: [0.5        0.33333334 0.25       0.2        0.16666667 0.14285715
 0.12500001 0.11111111 0.1        0.09090909 0.08333333 0.07692308
 0.07142857 0.06666666 0.0625     0.05882353 0.05555556 0.05263158
 0.05       0.04761905 0.04545454 0.04347826 0.04166667 0.04
 0.03846154]
[2026-06-18 10:46:58,925][feature_based_propensities_for_ULTR.experiments.regression_pipeline][INFO] - Training regression model for DM/DR...
[2026-06-18 10:48:20,027][feature_based_propensities_for_ULTR.experiments.regression_pipeline][INFO] - Regression epoch 3: train_loss=0.133188 val_loss=0.131822
[2026-06-18 10:49:40,722][feature_based_propensities_for_ULTR.experiments.regression_pipeline][INFO] - Regression epoch 6: train_loss=0.132247 val_loss=0.131641
[2026-06-18 10:49:46,854][feature_based_propensities_for_ULTR.experiments.ips_pipeline][INFO] - Computing DR doc weights...
[2026-06-18 10:49:46,886][feature_based_propensities_for_ULTR.experiments.ips_pipeline][INFO] - Doc weights computed in 0.03 seconds
[2026-06-18 10:49:46,897][feature_based_propensities_for_ULTR.experiments.model_pipeline][INFO] - Loading trainer (trainer_type='pl-rank', n_samples=100)...
[2026-06-18 10:49:46,898][feature_based_propensities_for_ULTR.experiments.model_pipeline][INFO] - Trainer loaded in 0.00 seconds
[2026-06-18 10:49:46,899][feature_based_propensities_for_ULTR.experiments.model_pipeline][INFO] - Training model...
[2026-06-18 12:06:15,927][feature_based_propensities_for_ULTR.experiments.ips_pipeline][INFO] - Final evaluation results:
{'metrics': {'CTR': 0.7058639526367188,
             'DCG': 1.8848402500152588,
             'NCTR': 0.4671965539455414,
             'NDCG': 0.49023914337158203,
             'NDCG@25': 0.49023914337158203,
             'NRCTR': 0.4671965539455414,
             'RCTR': 0.7058639526367188}}
[2026-06-18 12:06:15,956][submitit][INFO] - Job completed successfully
[2026-06-18 12:06:15,967][submitit][INFO] - Exiting after successful completion
