[2026-06-18 16:55:28,077][feature_based_propensities_for_ULTR.experiments.config_resolver][WARNING] - test_clicks=500000 is ignored because test_set_mode='label_only'. Set test_set_mode='clicks' to enable legacy click-based test behavior.
[2026-06-18 16:55:28,083][feature_based_propensities_for_ULTR.experiments.data_pipeline][INFO] - Loading or generating click datasets...
[2026-06-18 16:55:51,740][absl][INFO] - orbax-checkpoint version: 0.11.40
[2026-06-18 16:55:51,741][absl][INFO] - save_device_host_concurrent_bytes=None
[2026-06-18 16:55:51,741][absl][INFO] - Created BasePyTreeCheckpointHandler: use_ocdbt=True, use_zarr3=False, pytree_metadata_options=PyTreeMetadataOptions(support_rich_types=False), array_metadata_store=<orbax.checkpoint._src.metadata.array_metadata_store.Store object at 0x15206d342b90>, enable_pinned_host_transfer=False, save_concurrent_bytes: 96000000000 (89.4 GiB), restore_concurrent_bytes: 96000000000 (89.4 GiB)
[2026-06-18 16:55:51,741][absl][INFO] - [thread=MainThread] Failed to get flag value for EXPERIMENTAL_ORBAX_USE_DISTRIBUTED_PROCESS_ID.
[2026-06-18 16:55:51,741][absl][INFO] - [process=0][thread=MainThread] Using barrier_sync_fn: <function get_barrier_sync_fn.<locals>.<lambda> at 0x151fcaca3880> timeout: 1200 secs and primary_host=0 for async checkpoint writes
[2026-06-18 16:55:51,742][absl][INFO] - [process=0] [sync] Started load checkpoint @ /gpfs/home5/sfris1/ltr_datasets/ips_datasets/logging_policy_c10000_ps1p0_pt0p5_bs1p0_drop0rel0_sessallocv2_candfullv2_topx25_maxdocs80_lprdeep_lpsegreedysampler_lppct10p0.
[2026-06-18 16:55:51,744][absl][INFO] - Restoring checkpoint from /gpfs/home5/sfris1/ltr_datasets/ips_datasets/logging_policy_c10000_ps1p0_pt0p5_bs1p0_drop0rel0_sessallocv2_candfullv2_topx25_maxdocs80_lprdeep_lpsegreedysampler_lppct10p0.
[2026-06-18 16:55:51,744][absl][INFO] - [process=0] [sync] Finished blocking load in 0.00 seconds. Continuing load @ /gpfs/home5/sfris1/ltr_datasets/ips_datasets/logging_policy_c10000_ps1p0_pt0p5_bs1p0_drop0rel0_sessallocv2_candfullv2_topx25_maxdocs80_lprdeep_lpsegreedysampler_lppct10p0.
[2026-06-18 16:55:51,760][absl][INFO] - [process=0] /jax/orbax/read/worker/io/requested throughput: 8.151 MiB/s (total gbytes: 91.8 KiB) (time elapsed: 0.010993242263793945 s) (per-host)
[2026-06-18 16:55:51,762][absl][INFO] - [process=0] /jax/checkpoint/read/gbytes_per_sec: 5.387 MiB/s (total gbytes: 91.8 KiB) (time elapsed: 0.016634225845336914 s) (per-host)
[2026-06-18 16:55:51,762][absl][INFO] - [process=0] [sync] Finished load in 0.02 seconds @ /gpfs/home5/sfris1/ltr_datasets/ips_datasets/logging_policy_c10000_ps1p0_pt0p5_bs1p0_drop0rel0_sessallocv2_candfullv2_topx25_maxdocs80_lprdeep_lpsegreedysampler_lppct10p0
[2026-06-18 16:55:55,944][feature_based_propensities_for_ULTR.experiments.data_pipeline][INFO] - Loaded click datasets in 27.86 seconds (train=8694, val=1306, test=0)
[2026-06-18 16:55:55,944][feature_based_propensities_for_ULTR.experiments.data_pipeline][INFO] - Test split is label-only by design; no test click dataset was loaded.
[2026-06-18 16:55:55,945][feature_based_propensities_for_ULTR.data.runtime.alignment][INFO] - Applying data cutoff override: configured=25, natural=25, effective=25
[2026-06-18 16:55:55,945][feature_based_propensities_for_ULTR.data.runtime.alignment][INFO] - Applying data cutoff override: configured=25, natural=25, effective=25
[2026-06-18 16:55:56,036][feature_based_propensities_for_ULTR.data.runtime.aggregation][INFO] - Initializing simulator...
[2026-06-18 16:55:56,036][feature_based_propensities_for_ULTR.data.runtime.aggregation][INFO] - Aggregating train dataset...
[2026-06-18 16:56:02,176][feature_based_propensities_for_ULTR.data.runtime.aggregation][INFO] - Aggregating validation dataset...
[2026-06-18 16:56:04,679][feature_based_propensities_for_ULTR.data.runtime.aggregation][INFO] - Aggregating test dataset from labels only...
[2026-06-18 16:56:06,234][feature_based_propensities_for_ULTR.data.runtime.aggregation][INFO] - Aggregation done in 10.20 seconds
[2026-06-18 16:56:06,234][feature_based_propensities_for_ULTR.data.runtime.aggregation][INFO] - Session usage after aggregation: requested(train=8694,val=1306), actual(train=8694,val=1306,test=0)
[2026-06-18 16:56:06,235][feature_based_propensities_for_ULTR.data.runtime.aggregation][INFO] - Dataset persistence disabled; skipping aggregated dataset cache save.
[2026-06-18 16:56:06,235][feature_based_propensities_for_ULTR.experiments.ips_pipeline][INFO] - Test split uses label-only evaluation; raw test click diagnostics are skipped.
[2026-06-18 16:56:06,257][feature_based_propensities_for_ULTR.experiments.diagnostics][INFO] - [Data] train_docs=470251, val_docs=70687, test_docs=164676, cutoff=25
[2026-06-18 16:56:06,343][feature_based_propensities_for_ULTR.experiments.diagnostics][INFO] - [Train] clicks=1429, displays=147094, ctr=0.0097, ctr_per_doc=0.0097
[2026-06-18 16:56:06,425][feature_based_propensities_for_ULTR.experiments.diagnostics][INFO] - [Validation] clicks=193, displays=22165, ctr=0.0087, ctr_per_doc=0.0087
[2026-06-18 16:56:06,541][feature_based_propensities_for_ULTR.experiments.diagnostics][INFO] - [Test] clicks=0, displays=0, ctr=0.0000, ctr_per_doc=0.0000
[2026-06-18 16:56:06,542][feature_based_propensities_for_ULTR.experiments.ips_pipeline][INFO] - Running estimator pipeline with model='dr'
[2026-06-18 16:56:06,542][feature_based_propensities_for_ULTR.experiments.ips_pipeline][INFO] - Computing position bias (alpha)...
[2026-06-18 16:56:06,557][ultr_bias_toolkit.bias.intervention_harvesting.all_pairs][INFO] - Position bias estimation using global all pairs estimator
[2026-06-18 16:56:55,600][feature_based_propensities_for_ULTR.experiments.position_bias_pipeline][INFO] - Saved estimated position-bias curve to position_bias.json
[2026-06-18 16:56:55,600][feature_based_propensities_for_ULTR.experiments.ips_pipeline][INFO] - Estimated position bias in-run (estimator=global_all_pairs): [ 0.        -0.6013592 -1.338902  -1.5814304 -1.7579435 -1.5713838
 -2.5524645 -2.2618494 -2.5232754 -2.3176374 -2.9330826 -2.0506206
 -2.5691125 -3.3227963 -2.7993803 -1.7051164 -3.7966099 -3.2021725
 -3.6116292 -3.4701495 -6.9077554 -6.9077554 -6.9077554 -3.6036732
 -2.3771904]
[2026-06-18 16:56:55,602][feature_based_propensities_for_ULTR.experiments.propensity_pipeline][INFO] - Computing propensity per doc (method=true_propensity)...
[2026-06-18 16:57:03,591][feature_based_propensities_for_ULTR.experiments.propensity_pipeline][INFO] - Propensity computed in 7.99 seconds
[2026-06-18 16:57:03,592][feature_based_propensities_for_ULTR.experiments.propensity_pipeline][INFO] - Alpha logits: [ 0.        -0.6013592 -1.338902  -1.5814304 -1.7579435 -1.5713838
 -2.5524645 -2.2618494 -2.5232754 -2.3176374 -2.9330826 -2.0506206
 -2.5691125 -3.3227963 -2.7993803 -1.7051164 -3.7966099 -3.2021725
 -3.6116292 -3.4701495 -6.9077554 -6.9077554 -6.9077554 -3.6036732
 -2.3771904]
[2026-06-18 16:57:03,592][feature_based_propensities_for_ULTR.experiments.propensity_pipeline][INFO] - Alpha: [0.5        0.35403278 0.20769069 0.170593   0.14704809 0.17201921
 0.0722611  0.09433226 0.07424251 0.08967272 0.0505422  0.11398969
 0.07115293 0.03479737 0.05735767 0.15379822 0.02195394 0.03908405
 0.02629757 0.03017361 0.000999   0.000999   0.000999   0.02650206
 0.08492868]
[2026-06-18 16:57:03,593][feature_based_propensities_for_ULTR.experiments.propensity_pipeline][INFO] - Propensity clipping disabled.
[2026-06-18 16:57:03,593][feature_based_propensities_for_ULTR.experiments.propensity_pipeline][INFO] - Computing propensity per doc (method=frequency_based)...
[2026-06-18 16:57:09,598][feature_based_propensities_for_ULTR.experiments.propensity_pipeline][INFO] - Propensity computed in 6.00 seconds
[2026-06-18 16:57:09,598][feature_based_propensities_for_ULTR.experiments.propensity_pipeline][INFO] - Alpha logits: [ 0.        -0.6013592 -1.338902  -1.5814304 -1.7579435 -1.5713838
 -2.5524645 -2.2618494 -2.5232754 -2.3176374 -2.9330826 -2.0506206
 -2.5691125 -3.3227963 -2.7993803 -1.7051164 -3.7966099 -3.2021725
 -3.6116292 -3.4701495 -6.9077554 -6.9077554 -6.9077554 -3.6036732
 -2.3771904]
[2026-06-18 16:57:09,599][feature_based_propensities_for_ULTR.experiments.propensity_pipeline][INFO] - Alpha: [0.5        0.35403278 0.20769069 0.170593   0.14704809 0.17201921
 0.0722611  0.09433226 0.07424251 0.08967272 0.0505422  0.11398969
 0.07115293 0.03479737 0.05735767 0.15379822 0.02195394 0.03908405
 0.02629757 0.03017361 0.000999   0.000999   0.000999   0.02650206
 0.08492868]
[2026-06-18 16:57:10,938][feature_based_propensities_for_ULTR.experiments.regression_pipeline][INFO] - Training regression model for DM/DR...
[2026-06-18 16:57:17,690][feature_based_propensities_for_ULTR.experiments.regression_pipeline][INFO] - Regression epoch 3: train_loss=0.303473 val_loss=0.281785
[2026-06-18 16:57:23,424][feature_based_propensities_for_ULTR.experiments.regression_pipeline][INFO] - Regression epoch 6: train_loss=0.288006 val_loss=0.289803
[2026-06-18 16:57:25,236][feature_based_propensities_for_ULTR.experiments.ips_pipeline][INFO] - Computing DR doc weights...
[2026-06-18 16:57:25,241][feature_based_propensities_for_ULTR.experiments.ips_pipeline][INFO] - Doc weights computed in 0.00 seconds
[2026-06-18 16:57:25,248][feature_based_propensities_for_ULTR.experiments.model_pipeline][INFO] - Loading trainer (trainer_type='pl-rank', n_samples=100)...
[2026-06-18 16:57:25,249][feature_based_propensities_for_ULTR.experiments.model_pipeline][INFO] - Trainer loaded in 0.00 seconds
[2026-06-18 16:57:25,249][feature_based_propensities_for_ULTR.experiments.model_pipeline][INFO] - Training model...
[2026-06-18 17:17:07,881][feature_based_propensities_for_ULTR.experiments.ips_pipeline][INFO] - Final evaluation results:
{'metrics': {'CTR': 0.7841872572898865,
             'DCG': 2.1282098293304443,
             'NCTR': 0.6953252553939819,
             'NDCG': 0.7696564197540283,
             'NDCG@25': 0.7696564197540283,
             'NRCTR': 0.6953252553939819,
             'RCTR': 0.7841872572898865}}
[2026-06-18 17:17:07,908][submitit][INFO] - Job completed successfully
[2026-06-18 17:17:07,917][submitit][INFO] - Exiting after successful completion
