[2026-06-18 00:48:09,617][feature_based_propensities_for_ULTR.experiments.config_resolver][WARNING] - test_clicks=500000 is ignored because test_set_mode='label_only'. Set test_set_mode='clicks' to enable legacy click-based test behavior.
[2026-06-18 00:48:09,622][feature_based_propensities_for_ULTR.experiments.data_pipeline][INFO] - Loading or generating click datasets...
[2026-06-18 00:49:09,476][absl][INFO] - orbax-checkpoint version: 0.11.40
[2026-06-18 00:49:09,476][absl][INFO] - save_device_host_concurrent_bytes=None
[2026-06-18 00:49:09,476][absl][INFO] - Created BasePyTreeCheckpointHandler: use_ocdbt=True, use_zarr3=False, pytree_metadata_options=PyTreeMetadataOptions(support_rich_types=False), array_metadata_store=<orbax.checkpoint._src.metadata.array_metadata_store.Store object at 0x14b63656e290>, enable_pinned_host_transfer=False, save_concurrent_bytes: 96000000000 (89.4 GiB), restore_concurrent_bytes: 96000000000 (89.4 GiB)
[2026-06-18 00:49:09,477][absl][INFO] - [thread=MainThread] Failed to get flag value for EXPERIMENTAL_ORBAX_USE_DISTRIBUTED_PROCESS_ID.
[2026-06-18 00:49:09,477][absl][INFO] - [process=0][thread=MainThread] Using barrier_sync_fn: <function get_barrier_sync_fn.<locals>.<lambda> at 0x14b59a69ab60> timeout: 1200 secs and primary_host=0 for async checkpoint writes
[2026-06-18 00:49:09,477][absl][INFO] - [process=0] [sync] Started load checkpoint @ /gpfs/home5/sfris1/ltr_datasets/ips_datasets/logging_policy_c1000000_ps1p0_pt0p5_bs1p0_drop0rel0_sessallocv2_candfullv2_topx25_maxdocs200_lprdeep_lpsegreedysampler_lppct10p0.
[2026-06-18 00:49:09,480][absl][INFO] - Restoring checkpoint from /gpfs/home5/sfris1/ltr_datasets/ips_datasets/logging_policy_c1000000_ps1p0_pt0p5_bs1p0_drop0rel0_sessallocv2_candfullv2_topx25_maxdocs200_lprdeep_lpsegreedysampler_lppct10p0.
[2026-06-18 00:49:09,480][absl][INFO] - [process=0] [sync] Finished blocking load in 0.00 seconds. Continuing load @ /gpfs/home5/sfris1/ltr_datasets/ips_datasets/logging_policy_c1000000_ps1p0_pt0p5_bs1p0_drop0rel0_sessallocv2_candfullv2_topx25_maxdocs200_lprdeep_lpsegreedysampler_lppct10p0.
[2026-06-18 00:49:09,497][absl][INFO] - [process=0] /jax/orbax/read/worker/io/requested throughput: 1.902 MiB/s (total gbytes: 21.4 KiB) (time elapsed: 0.010979413986206055 s) (per-host)
[2026-06-18 00:49:09,498][absl][INFO] - [process=0] /jax/checkpoint/read/gbytes_per_sec: 1.230 MiB/s (total gbytes: 21.4 KiB) (time elapsed: 0.016975879669189453 s) (per-host)
[2026-06-18 00:49:09,498][absl][INFO] - [process=0] [sync] Finished load in 0.02 seconds @ /gpfs/home5/sfris1/ltr_datasets/ips_datasets/logging_policy_c1000000_ps1p0_pt0p5_bs1p0_drop0rel0_sessallocv2_candfullv2_topx25_maxdocs200_lprdeep_lpsegreedysampler_lppct10p0
[2026-06-18 00:50:34,101][feature_based_propensities_for_ULTR.experiments.data_pipeline][INFO] - Loaded click datasets in 144.48 seconds (train=750009, val=249991, test=0)
[2026-06-18 00:50:34,101][feature_based_propensities_for_ULTR.experiments.data_pipeline][INFO] - Test split is label-only by design; no test click dataset was loaded.
[2026-06-18 00:50:34,102][feature_based_propensities_for_ULTR.data.runtime.alignment][INFO] - Applying data cutoff override: configured=25, natural=25, effective=25
[2026-06-18 00:50:34,102][feature_based_propensities_for_ULTR.data.runtime.alignment][INFO] - Applying data cutoff override: configured=25, natural=25, effective=25
[2026-06-18 00:50:34,193][feature_based_propensities_for_ULTR.data.runtime.aggregation][INFO] - Initializing simulator...
[2026-06-18 00:50:34,194][feature_based_propensities_for_ULTR.data.runtime.aggregation][INFO] - Aggregating train dataset...
[2026-06-18 00:50:40,176][feature_based_propensities_for_ULTR.data.runtime.aggregation][INFO] - Aggregating validation dataset...
[2026-06-18 00:50:43,459][feature_based_propensities_for_ULTR.data.runtime.aggregation][INFO] - Aggregating test dataset from labels only...
[2026-06-18 00:50:44,317][feature_based_propensities_for_ULTR.data.runtime.aggregation][INFO] - Aggregation done in 10.12 seconds
[2026-06-18 00:50:44,317][feature_based_propensities_for_ULTR.data.runtime.aggregation][INFO] - Session usage after aggregation: requested(train=750009,val=249991), actual(train=750009,val=249991,test=0)
[2026-06-18 00:50:44,317][feature_based_propensities_for_ULTR.data.runtime.aggregation][INFO] - Dataset persistence disabled; skipping aggregated dataset cache save.
[2026-06-18 00:50:44,317][feature_based_propensities_for_ULTR.experiments.ips_pipeline][INFO] - Test split uses label-only evaluation; raw test click diagnostics are skipped.
[2026-06-18 00:50:44,376][feature_based_propensities_for_ULTR.experiments.diagnostics][INFO] - [Data] train_docs=2132810, val_docs=707814, test_docs=708921, cutoff=25
[2026-06-18 00:50:44,473][feature_based_propensities_for_ULTR.experiments.diagnostics][INFO] - [Train] clicks=80617, displays=18224761, ctr=0.0044, ctr_per_doc=0.0044
[2026-06-18 00:50:44,559][feature_based_propensities_for_ULTR.experiments.diagnostics][INFO] - [Validation] clicks=26990, displays=6082921, ctr=0.0044, ctr_per_doc=0.0044
[2026-06-18 00:50:44,646][feature_based_propensities_for_ULTR.experiments.diagnostics][INFO] - [Test] clicks=0, displays=0, ctr=0.0000, ctr_per_doc=0.0000
[2026-06-18 00:50:44,646][feature_based_propensities_for_ULTR.experiments.ips_pipeline][INFO] - Running estimator pipeline with model='dr'
[2026-06-18 00:50:44,646][feature_based_propensities_for_ULTR.experiments.ips_pipeline][INFO] - Computing position bias (alpha)...
[2026-06-18 00:50:44,697][feature_based_propensities_for_ULTR.experiments.propensity_pipeline][INFO] - Computing propensity per doc (method=propensity_mlp_regression)...
[2026-06-18 00:50:45,176][feature_based_propensities_for_ULTR.experiments.propensity_pipeline][INFO] - Subsampling propensity classifier training data: 50000/750009 samples
[2026-06-18 00:50:45,177][feature_based_propensities_for_ULTR.experiments.propensity_pipeline][INFO] - Subsampling propensity classifier training data: 50000/249991 samples
[2026-06-18 00:57:00,625][feature_based_propensities_for_ULTR.experiments.propensity_pipeline][INFO] - Propensity computed in 375.93 seconds
[2026-06-18 00:57:00,625][feature_based_propensities_for_ULTR.experiments.propensity_pipeline][INFO] - Alpha logits: [-0.     -0.6931 -1.0986 -1.3863 -1.6094 -1.7918 -1.9459 -2.0794 -2.1972
 -2.3026 -2.3979 -2.4849 -2.5649 -2.6391 -2.7081 -2.7726 -2.8332 -2.8904
 -2.9444 -2.9957 -3.0445 -3.091  -3.1355 -3.1781 -3.2189]
[2026-06-18 00:57:00,626][feature_based_propensities_for_ULTR.experiments.propensity_pipeline][INFO] - Alpha: [0.5    0.3333 0.25   0.2    0.1667 0.1429 0.125  0.1111 0.1    0.0909
 0.0833 0.0769 0.0714 0.0667 0.0625 0.0588 0.0556 0.0526 0.05   0.0476
 0.0455 0.0435 0.0417 0.04   0.0385]
[2026-06-18 00:57:00,627][feature_based_propensities_for_ULTR.experiments.propensity_pipeline][INFO] - Propensity clipping disabled.
[2026-06-18 00:57:00,627][feature_based_propensities_for_ULTR.experiments.propensity_pipeline][INFO] - Computing propensity per doc (method=frequency_based)...
[2026-06-18 01:40:11,734][feature_based_propensities_for_ULTR.experiments.propensity_pipeline][INFO] - Propensity computed in 2591.11 seconds
[2026-06-18 01:40:11,735][feature_based_propensities_for_ULTR.experiments.propensity_pipeline][INFO] - Alpha logits: [-0.     -0.6931 -1.0986 -1.3863 -1.6094 -1.7918 -1.9459 -2.0794 -2.1972
 -2.3026 -2.3979 -2.4849 -2.5649 -2.6391 -2.7081 -2.7726 -2.8332 -2.8904
 -2.9444 -2.9957 -3.0445 -3.091  -3.1355 -3.1781 -3.2189]
[2026-06-18 01:40:11,735][feature_based_propensities_for_ULTR.experiments.propensity_pipeline][INFO] - Alpha: [0.5    0.3333 0.25   0.2    0.1667 0.1429 0.125  0.1111 0.1    0.0909
 0.0833 0.0769 0.0714 0.0667 0.0625 0.0588 0.0556 0.0526 0.05   0.0476
 0.0455 0.0435 0.0417 0.04   0.0385]
[2026-06-18 01:40:13,221][feature_based_propensities_for_ULTR.experiments.regression_pipeline][INFO] - Training regression model for DM/DR...
[2026-06-18 01:41:34,780][feature_based_propensities_for_ULTR.experiments.regression_pipeline][INFO] - Regression epoch 3: train_loss=0.045876 val_loss=0.045464
[2026-06-18 01:42:54,971][feature_based_propensities_for_ULTR.experiments.regression_pipeline][INFO] - Regression epoch 6: train_loss=0.045492 val_loss=0.045313
[2026-06-18 01:43:01,121][feature_based_propensities_for_ULTR.experiments.ips_pipeline][INFO] - Computing DR doc weights...
[2026-06-18 01:43:01,156][feature_based_propensities_for_ULTR.experiments.ips_pipeline][INFO] - Doc weights computed in 0.04 seconds
[2026-06-18 01:43:01,167][feature_based_propensities_for_ULTR.experiments.model_pipeline][INFO] - Loading trainer (trainer_type='pl-rank', n_samples=100)...
[2026-06-18 01:43:01,170][feature_based_propensities_for_ULTR.experiments.model_pipeline][INFO] - Trainer loaded in 0.00 seconds
[2026-06-18 01:43:01,170][feature_based_propensities_for_ULTR.experiments.model_pipeline][INFO] - Training model...
[2026-06-18 02:34:31,168][feature_based_propensities_for_ULTR.experiments.ips_pipeline][INFO] - Final evaluation results:
{'metrics': {'CTR': 0.7142398953437805,
             'DCG': 1.907928466796875,
             'NCTR': 0.4780024290084839,
             'NDCG': 0.5003087520599365,
             'NDCG@25': 0.5003087520599365,
             'NRCTR': 0.4780024290084839,
             'RCTR': 0.7142398953437805}}
[2026-06-18 02:34:31,198][submitit][INFO] - Job completed successfully
[2026-06-18 02:34:31,208][submitit][INFO] - Exiting after successful completion
