[2026-06-18 16:53:56,066][feature_based_propensities_for_ULTR.experiments.config_resolver][WARNING] - test_clicks=500000 is ignored because test_set_mode='label_only'. Set test_set_mode='clicks' to enable legacy click-based test behavior.
[2026-06-18 16:53:56,072][feature_based_propensities_for_ULTR.experiments.data_pipeline][INFO] - Loading or generating click datasets...
[2026-06-18 16:54:20,508][absl][INFO] - orbax-checkpoint version: 0.11.40
[2026-06-18 16:54:20,508][absl][INFO] - save_device_host_concurrent_bytes=None
[2026-06-18 16:54:20,509][absl][INFO] - Created BasePyTreeCheckpointHandler: use_ocdbt=True, use_zarr3=False, pytree_metadata_options=PyTreeMetadataOptions(support_rich_types=False), array_metadata_store=<orbax.checkpoint._src.metadata.array_metadata_store.Store object at 0x150bd6b023d0>, enable_pinned_host_transfer=False, save_concurrent_bytes: 96000000000 (89.4 GiB), restore_concurrent_bytes: 96000000000 (89.4 GiB)
[2026-06-18 16:54:20,509][absl][INFO] - [thread=MainThread] Failed to get flag value for EXPERIMENTAL_ORBAX_USE_DISTRIBUTED_PROCESS_ID.
[2026-06-18 16:54:20,509][absl][INFO] - [process=0][thread=MainThread] Using barrier_sync_fn: <function get_barrier_sync_fn.<locals>.<lambda> at 0x150b318b7880> timeout: 1200 secs and primary_host=0 for async checkpoint writes
[2026-06-18 16:54:20,510][absl][INFO] - [process=0] [sync] Started load checkpoint @ /gpfs/home5/sfris1/ltr_datasets/ips_datasets/logging_policy_c10000_ps1p0_pt0p5_bs1p0_drop0rel0_sessallocv2_candfullv2_topx25_maxdocs80_lprdeep_lpsegreedysampler_lppct10p0.
[2026-06-18 16:54:20,512][absl][INFO] - Restoring checkpoint from /gpfs/home5/sfris1/ltr_datasets/ips_datasets/logging_policy_c10000_ps1p0_pt0p5_bs1p0_drop0rel0_sessallocv2_candfullv2_topx25_maxdocs80_lprdeep_lpsegreedysampler_lppct10p0.
[2026-06-18 16:54:20,512][absl][INFO] - [process=0] [sync] Finished blocking load in 0.00 seconds. Continuing load @ /gpfs/home5/sfris1/ltr_datasets/ips_datasets/logging_policy_c10000_ps1p0_pt0p5_bs1p0_drop0rel0_sessallocv2_candfullv2_topx25_maxdocs80_lprdeep_lpsegreedysampler_lppct10p0.
[2026-06-18 16:54:20,528][absl][INFO] - [process=0] /jax/orbax/read/worker/io/requested throughput: 8.212 MiB/s (total gbytes: 91.8 KiB) (time elapsed: 0.010910749435424805 s) (per-host)
[2026-06-18 16:54:20,529][absl][INFO] - [process=0] /jax/checkpoint/read/gbytes_per_sec: 5.511 MiB/s (total gbytes: 91.8 KiB) (time elapsed: 0.016260385513305664 s) (per-host)
[2026-06-18 16:54:20,529][absl][INFO] - [process=0] [sync] Finished load in 0.02 seconds @ /gpfs/home5/sfris1/ltr_datasets/ips_datasets/logging_policy_c10000_ps1p0_pt0p5_bs1p0_drop0rel0_sessallocv2_candfullv2_topx25_maxdocs80_lprdeep_lpsegreedysampler_lppct10p0
[2026-06-18 16:54:24,692][feature_based_propensities_for_ULTR.experiments.data_pipeline][INFO] - Loaded click datasets in 28.62 seconds (train=8694, val=1306, test=0)
[2026-06-18 16:54:24,692][feature_based_propensities_for_ULTR.experiments.data_pipeline][INFO] - Test split is label-only by design; no test click dataset was loaded.
[2026-06-18 16:54:24,692][feature_based_propensities_for_ULTR.data.runtime.alignment][INFO] - Applying data cutoff override: configured=25, natural=25, effective=25
[2026-06-18 16:54:24,693][feature_based_propensities_for_ULTR.data.runtime.alignment][INFO] - Applying data cutoff override: configured=25, natural=25, effective=25
[2026-06-18 16:54:24,783][feature_based_propensities_for_ULTR.data.runtime.aggregation][INFO] - Initializing simulator...
[2026-06-18 16:54:24,784][feature_based_propensities_for_ULTR.data.runtime.aggregation][INFO] - Aggregating train dataset...
[2026-06-18 16:54:30,890][feature_based_propensities_for_ULTR.data.runtime.aggregation][INFO] - Aggregating validation dataset...
[2026-06-18 16:54:33,361][feature_based_propensities_for_ULTR.data.runtime.aggregation][INFO] - Aggregating test dataset from labels only...
[2026-06-18 16:54:34,946][feature_based_propensities_for_ULTR.data.runtime.aggregation][INFO] - Aggregation done in 10.16 seconds
[2026-06-18 16:54:34,946][feature_based_propensities_for_ULTR.data.runtime.aggregation][INFO] - Session usage after aggregation: requested(train=8694,val=1306), actual(train=8694,val=1306,test=0)
[2026-06-18 16:54:34,946][feature_based_propensities_for_ULTR.data.runtime.aggregation][INFO] - Dataset persistence disabled; skipping aggregated dataset cache save.
[2026-06-18 16:54:34,946][feature_based_propensities_for_ULTR.experiments.ips_pipeline][INFO] - Test split uses label-only evaluation; raw test click diagnostics are skipped.
[2026-06-18 16:54:34,969][feature_based_propensities_for_ULTR.experiments.diagnostics][INFO] - [Data] train_docs=470251, val_docs=70687, test_docs=164676, cutoff=25
[2026-06-18 16:54:35,055][feature_based_propensities_for_ULTR.experiments.diagnostics][INFO] - [Train] clicks=1414, displays=146825, ctr=0.0096, ctr_per_doc=0.0096
[2026-06-18 16:54:35,137][feature_based_propensities_for_ULTR.experiments.diagnostics][INFO] - [Validation] clicks=212, displays=21987, ctr=0.0096, ctr_per_doc=0.0096
[2026-06-18 16:54:35,253][feature_based_propensities_for_ULTR.experiments.diagnostics][INFO] - [Test] clicks=0, displays=0, ctr=0.0000, ctr_per_doc=0.0000
[2026-06-18 16:54:35,253][feature_based_propensities_for_ULTR.experiments.ips_pipeline][INFO] - Running estimator pipeline with model='dm'
[2026-06-18 16:54:35,253][feature_based_propensities_for_ULTR.experiments.ips_pipeline][INFO] - Computing position bias (alpha)...
[2026-06-18 16:54:35,276][ultr_bias_toolkit.bias.intervention_harvesting.all_pairs][INFO] - Position bias estimation using global all pairs estimator
[2026-06-18 16:55:25,832][feature_based_propensities_for_ULTR.experiments.position_bias_pipeline][INFO] - Saved estimated position-bias curve to position_bias.json
[2026-06-18 16:55:25,832][feature_based_propensities_for_ULTR.experiments.ips_pipeline][INFO] - Estimated position bias in-run (estimator=global_all_pairs): [ 0.        -0.9740934 -1.488047  -1.686409  -1.8008316 -2.2283723
 -1.992149  -1.3839501 -2.4439    -4.372132  -2.8777409 -2.5474584
 -2.0229785 -1.9437548 -2.279262  -2.0065691 -2.741111  -1.9569831
 -3.3221083 -2.8017476 -6.9077554 -3.8201766 -2.9234748 -3.2843292
 -6.5701013]
[2026-06-18 16:55:25,833][feature_based_propensities_for_ULTR.experiments.propensity_pipeline][INFO] - Computing propensity per doc (method=frequency_based)...
[2026-06-18 16:55:33,937][feature_based_propensities_for_ULTR.experiments.propensity_pipeline][INFO] - Propensity computed in 8.10 seconds
[2026-06-18 16:55:33,937][feature_based_propensities_for_ULTR.experiments.propensity_pipeline][INFO] - Alpha logits: [ 0.        -0.9740934 -1.488047  -1.686409  -1.8008316 -2.2283723
 -1.992149  -1.3839501 -2.4439    -4.372132  -2.8777409 -2.5474584
 -2.0229785 -1.9437548 -2.279262  -2.0065691 -2.741111  -1.9569831
 -3.3221083 -2.8017476 -6.9077554 -3.8201766 -2.9234748 -3.2843292
 -6.5701013]
[2026-06-18 16:55:33,938][feature_based_propensities_for_ULTR.experiments.propensity_pipeline][INFO] - Alpha: [0.5        0.27406535 0.18421504 0.15624867 0.14174987 0.09723142
 0.1200297  0.20037535 0.07988577 0.01246691 0.05326495 0.07259742
 0.11681136 0.12523593 0.0928551  0.11851493 0.06059063 0.12379391
 0.03482048 0.05722982 0.000999   0.02145358 0.05100524 0.03611273
 0.00139969]
[2026-06-18 16:55:33,938][feature_based_propensities_for_ULTR.experiments.propensity_pipeline][INFO] - Propensity clipping disabled.
[2026-06-18 16:55:35,226][feature_based_propensities_for_ULTR.experiments.regression_pipeline][INFO] - Training regression model for DM/DR...
[2026-06-18 16:55:41,704][feature_based_propensities_for_ULTR.experiments.regression_pipeline][INFO] - Regression epoch 3: train_loss=0.401969 val_loss=0.354054
[2026-06-18 16:55:47,112][feature_based_propensities_for_ULTR.experiments.regression_pipeline][INFO] - Regression epoch 6: train_loss=0.332815 val_loss=0.372055
[2026-06-18 16:55:48,912][feature_based_propensities_for_ULTR.experiments.ips_pipeline][INFO] - Computing DM doc weights...
[2026-06-18 16:55:48,912][feature_based_propensities_for_ULTR.experiments.ips_pipeline][INFO] - Doc weights computed in 0.00 seconds
[2026-06-18 16:55:48,918][feature_based_propensities_for_ULTR.experiments.model_pipeline][INFO] - Loading trainer (trainer_type='pl-rank', n_samples=100)...
[2026-06-18 16:55:48,920][feature_based_propensities_for_ULTR.experiments.model_pipeline][INFO] - Trainer loaded in 0.00 seconds
[2026-06-18 16:55:48,920][feature_based_propensities_for_ULTR.experiments.model_pipeline][INFO] - Training model...
[2026-06-18 17:05:49,931][feature_based_propensities_for_ULTR.experiments.ips_pipeline][INFO] - Final evaluation results:
{'metrics': {'CTR': 0.7134575843811035,
             'DCG': 1.973634123802185,
             'NCTR': 0.6447641253471375,
             'NDCG': 0.7217157483100891,
             'NDCG@25': 0.7217157483100891,
             'NRCTR': 0.6447641253471375,
             'RCTR': 0.7134575843811035}}
[2026-06-18 17:05:49,958][submitit][INFO] - Job completed successfully
[2026-06-18 17:05:49,967][submitit][INFO] - Exiting after successful completion
