[2026-06-18 16:56:04,150][feature_based_propensities_for_ULTR.experiments.config_resolver][WARNING] - test_clicks=500000 is ignored because test_set_mode='label_only'. Set test_set_mode='clicks' to enable legacy click-based test behavior.
[2026-06-18 16:56:04,156][feature_based_propensities_for_ULTR.experiments.data_pipeline][INFO] - Loading or generating click datasets...
[2026-06-18 16:56:28,603][absl][INFO] - orbax-checkpoint version: 0.11.40
[2026-06-18 16:56:28,604][absl][INFO] - save_device_host_concurrent_bytes=None
[2026-06-18 16:56:28,604][absl][INFO] - Created BasePyTreeCheckpointHandler: use_ocdbt=True, use_zarr3=False, pytree_metadata_options=PyTreeMetadataOptions(support_rich_types=False), array_metadata_store=<orbax.checkpoint._src.metadata.array_metadata_store.Store object at 0x1486b2e6bed0>, enable_pinned_host_transfer=False, save_concurrent_bytes: 96000000000 (89.4 GiB), restore_concurrent_bytes: 96000000000 (89.4 GiB)
[2026-06-18 16:56:28,604][absl][INFO] - [thread=MainThread] Failed to get flag value for EXPERIMENTAL_ORBAX_USE_DISTRIBUTED_PROCESS_ID.
[2026-06-18 16:56:28,604][absl][INFO] - [process=0][thread=MainThread] Using barrier_sync_fn: <function get_barrier_sync_fn.<locals>.<lambda> at 0x14860d577880> timeout: 1200 secs and primary_host=0 for async checkpoint writes
[2026-06-18 16:56:28,605][absl][INFO] - [process=0] [sync] Started load checkpoint @ /gpfs/home5/sfris1/ltr_datasets/ips_datasets/logging_policy_c10000_ps1p0_pt0p5_bs1p0_drop0rel0_sessallocv2_candfullv2_topx25_maxdocs80_lprdeep_lpsegreedysampler_lppct10p0.
[2026-06-18 16:56:28,607][absl][INFO] - Restoring checkpoint from /gpfs/home5/sfris1/ltr_datasets/ips_datasets/logging_policy_c10000_ps1p0_pt0p5_bs1p0_drop0rel0_sessallocv2_candfullv2_topx25_maxdocs80_lprdeep_lpsegreedysampler_lppct10p0.
[2026-06-18 16:56:28,607][absl][INFO] - [process=0] [sync] Finished blocking load in 0.00 seconds. Continuing load @ /gpfs/home5/sfris1/ltr_datasets/ips_datasets/logging_policy_c10000_ps1p0_pt0p5_bs1p0_drop0rel0_sessallocv2_candfullv2_topx25_maxdocs80_lprdeep_lpsegreedysampler_lppct10p0.
[2026-06-18 16:56:28,623][absl][INFO] - [process=0] /jax/orbax/read/worker/io/requested throughput: 8.083 MiB/s (total gbytes: 91.8 KiB) (time elapsed: 0.01108551025390625 s) (per-host)
[2026-06-18 16:56:28,625][absl][INFO] - [process=0] /jax/checkpoint/read/gbytes_per_sec: 5.372 MiB/s (total gbytes: 91.8 KiB) (time elapsed: 0.01667928695678711 s) (per-host)
[2026-06-18 16:56:28,625][absl][INFO] - [process=0] [sync] Finished load in 0.02 seconds @ /gpfs/home5/sfris1/ltr_datasets/ips_datasets/logging_policy_c10000_ps1p0_pt0p5_bs1p0_drop0rel0_sessallocv2_candfullv2_topx25_maxdocs80_lprdeep_lpsegreedysampler_lppct10p0
[2026-06-18 16:56:32,837][feature_based_propensities_for_ULTR.experiments.data_pipeline][INFO] - Loaded click datasets in 28.68 seconds (train=8694, val=1306, test=0)
[2026-06-18 16:56:32,837][feature_based_propensities_for_ULTR.experiments.data_pipeline][INFO] - Test split is label-only by design; no test click dataset was loaded.
[2026-06-18 16:56:32,838][feature_based_propensities_for_ULTR.data.runtime.alignment][INFO] - Applying data cutoff override: configured=25, natural=25, effective=25
[2026-06-18 16:56:32,838][feature_based_propensities_for_ULTR.data.runtime.alignment][INFO] - Applying data cutoff override: configured=25, natural=25, effective=25
[2026-06-18 16:56:32,931][feature_based_propensities_for_ULTR.data.runtime.aggregation][INFO] - Initializing simulator...
[2026-06-18 16:56:32,932][feature_based_propensities_for_ULTR.data.runtime.aggregation][INFO] - Aggregating train dataset...
[2026-06-18 16:56:39,104][feature_based_propensities_for_ULTR.data.runtime.aggregation][INFO] - Aggregating validation dataset...
[2026-06-18 16:56:41,733][feature_based_propensities_for_ULTR.data.runtime.aggregation][INFO] - Aggregating test dataset from labels only...
[2026-06-18 16:56:43,372][feature_based_propensities_for_ULTR.data.runtime.aggregation][INFO] - Aggregation done in 10.44 seconds
[2026-06-18 16:56:43,372][feature_based_propensities_for_ULTR.data.runtime.aggregation][INFO] - Session usage after aggregation: requested(train=8694,val=1306), actual(train=8694,val=1306,test=0)
[2026-06-18 16:56:43,373][feature_based_propensities_for_ULTR.data.runtime.aggregation][INFO] - Dataset persistence disabled; skipping aggregated dataset cache save.
[2026-06-18 16:56:43,373][feature_based_propensities_for_ULTR.experiments.ips_pipeline][INFO] - Test split uses label-only evaluation; raw test click diagnostics are skipped.
[2026-06-18 16:56:43,395][feature_based_propensities_for_ULTR.experiments.diagnostics][INFO] - [Data] train_docs=470251, val_docs=70687, test_docs=164676, cutoff=25
[2026-06-18 16:56:43,483][feature_based_propensities_for_ULTR.experiments.diagnostics][INFO] - [Train] clicks=1308, displays=147593, ctr=0.0089, ctr_per_doc=0.0089
[2026-06-18 16:56:43,567][feature_based_propensities_for_ULTR.experiments.diagnostics][INFO] - [Validation] clicks=202, displays=21889, ctr=0.0092, ctr_per_doc=0.0092
[2026-06-18 16:56:43,685][feature_based_propensities_for_ULTR.experiments.diagnostics][INFO] - [Test] clicks=0, displays=0, ctr=0.0000, ctr_per_doc=0.0000
[2026-06-18 16:56:43,686][feature_based_propensities_for_ULTR.experiments.ips_pipeline][INFO] - Running estimator pipeline with model='dm'
[2026-06-18 16:56:43,686][feature_based_propensities_for_ULTR.experiments.ips_pipeline][INFO] - Computing position bias (alpha)...
[2026-06-18 16:56:43,701][ultr_bias_toolkit.bias.intervention_harvesting.all_pairs][INFO] - Position bias estimation using global all pairs estimator
[2026-06-18 16:57:32,445][feature_based_propensities_for_ULTR.experiments.position_bias_pipeline][INFO] - Saved estimated position-bias curve to position_bias.json
[2026-06-18 16:57:32,445][feature_based_propensities_for_ULTR.experiments.ips_pipeline][INFO] - Estimated position bias in-run (estimator=global_all_pairs): [ 0.         -0.53261775 -1.3345408  -1.4372677  -1.3533355  -1.8111986
 -1.7272384  -1.7647067  -2.2851121  -2.5907376  -2.676158   -2.6960754
 -3.1472952  -1.536636   -2.1257718  -2.9594584  -3.9810724  -1.5990747
 -1.1833371  -2.2834654  -6.514248   -2.613329   -2.5397744  -2.1003513
 -6.9077554 ]
[2026-06-18 16:57:32,446][feature_based_propensities_for_ULTR.experiments.propensity_pipeline][INFO] - Computing propensity per doc (method=frequency_based)...
[2026-06-18 16:57:40,440][feature_based_propensities_for_ULTR.experiments.propensity_pipeline][INFO] - Propensity computed in 7.99 seconds
[2026-06-18 16:57:40,440][feature_based_propensities_for_ULTR.experiments.propensity_pipeline][INFO] - Alpha logits: [ 0.         -0.53261775 -1.3345408  -1.4372677  -1.3533355  -1.8111986
 -1.7272384  -1.7647067  -2.2851121  -2.5907376  -2.676158   -2.6960754
 -3.1472952  -1.536636   -2.1257718  -2.9594584  -3.9810724  -1.5990747
 -1.1833371  -2.2834654  -6.514248   -2.613329   -2.5397744  -2.1003513
 -6.9077554 ]
[2026-06-18 16:57:40,441][feature_based_propensities_for_ULTR.experiments.propensity_pipeline][INFO] - Alpha: [0.5        0.36990654 0.20840923 0.19196883 0.2053256  0.14049332
 0.15094115 0.14620183 0.09236351 0.06973691 0.06439497 0.06320533
 0.04119799 0.17702484 0.10661706 0.04929138 0.01832359 0.16811097
 0.23445271 0.09250164 0.00147998 0.0682855  0.07311647 0.10906269
 0.000999  ]
[2026-06-18 16:57:40,441][feature_based_propensities_for_ULTR.experiments.propensity_pipeline][INFO] - Propensity clipping disabled.
[2026-06-18 16:57:41,800][feature_based_propensities_for_ULTR.experiments.regression_pipeline][INFO] - Training regression model for DM/DR...
[2026-06-18 16:57:48,457][feature_based_propensities_for_ULTR.experiments.regression_pipeline][INFO] - Regression epoch 3: train_loss=0.283041 val_loss=0.520041
[2026-06-18 16:57:54,066][feature_based_propensities_for_ULTR.experiments.regression_pipeline][INFO] - Regression epoch 6: train_loss=0.247082 val_loss=0.640131
[2026-06-18 16:57:55,928][feature_based_propensities_for_ULTR.experiments.ips_pipeline][INFO] - Computing DM doc weights...
[2026-06-18 16:57:55,928][feature_based_propensities_for_ULTR.experiments.ips_pipeline][INFO] - Doc weights computed in 0.00 seconds
[2026-06-18 16:57:55,934][feature_based_propensities_for_ULTR.experiments.model_pipeline][INFO] - Loading trainer (trainer_type='pl-rank', n_samples=100)...
[2026-06-18 16:57:55,936][feature_based_propensities_for_ULTR.experiments.model_pipeline][INFO] - Trainer loaded in 0.00 seconds
[2026-06-18 16:57:55,936][feature_based_propensities_for_ULTR.experiments.model_pipeline][INFO] - Training model...
[2026-06-18 17:08:03,074][feature_based_propensities_for_ULTR.experiments.ips_pipeline][INFO] - Final evaluation results:
{'metrics': {'CTR': 0.894201397895813,
             'DCG': 2.0681252479553223,
             'NCTR': 0.679961085319519,
             'NDCG': 0.7513918876647949,
             'NDCG@25': 0.7513918876647949,
             'NRCTR': 0.679961085319519,
             'RCTR': 0.894201397895813}}
[2026-06-18 17:08:03,102][submitit][INFO] - Job completed successfully
[2026-06-18 17:08:03,111][submitit][INFO] - Exiting after successful completion
