[2026-03-18 15:58:30,626][jax._src.xla_bridge][ERROR] - Jax plugin configuration error: Exception when calling jax_plugins.xla_cuda12.initialize()
Traceback (most recent call last):
  File "/gpfs/home5/sfris1/two-towers-confounding-project/.venv/lib/python3.11/site-packages/jax/_src/xla_bridge.py", line 485, in discover_pjrt_plugins
    plugin_module.initialize()
  File "/gpfs/home5/sfris1/two-towers-confounding-project/.venv/lib/python3.11/site-packages/jax_plugins/xla_cuda12/__init__.py", line 328, in initialize
    _check_cuda_versions(raise_on_first_error=True)
  File "/gpfs/home5/sfris1/two-towers-confounding-project/.venv/lib/python3.11/site-packages/jax_plugins/xla_cuda12/__init__.py", line 285, in _check_cuda_versions
    local_device_count = cuda_versions.cuda_device_count()
                         ^^^^^^^^^^^^^^^^^^^^^^^^^^^^^^^^^
RuntimeError: jaxlib/cuda/versions_helpers.cc:113: operation cuInit(0) failed: CUDA_ERROR_NO_DEVICE
[2026-03-18 15:58:32,774][two_tower_confounding.experiments.ips_pipeline][WARNING] - wandb.init failed (Error uploading run: returned error 403: {"data":{"upsertBucket":null},"errors":[{"message":"permission denied","path":["upsertBucket"],"extensions":{"code":"PERMISSION_ERROR"}}]}). Continuing with local logging only.
[2026-03-18 15:58:32,775][two_tower_confounding.experiments.ips_pipeline][WARNING] - Disabling wandb for trainer components because initialization failed.
[2026-03-18 15:58:32,775][two_tower_confounding.experiments.config_resolver][WARNING] - test_clicks=500000 is ignored because test_set_mode='label_only'. Set test_set_mode='clicks' to enable legacy click-based test behavior.
[2026-03-18 15:58:32,785][two_tower_confounding.experiments.data_pipeline][INFO] - Loading or generating click datasets...
[2026-03-18 15:59:06,669][absl][INFO] - orbax-checkpoint version: 0.11.25
[2026-03-18 15:59:06,669][absl][INFO] - Created BasePyTreeCheckpointHandler: use_ocdbt=True, use_zarr3=False, pytree_metadata_options=PyTreeMetadataOptions(support_rich_types=False), array_metadata_store=<orbax.checkpoint._src.metadata.array_metadata_store.Store object at 0x1493a0883e10>, enable_pinned_host_transfer=False, save_concurrent_bytes: 96000000000 (89.4 GiB), restore_concurrent_bytes: 96000000000 (89.4 GiB)
[2026-03-18 15:59:06,670][absl][INFO] - [thread=MainThread] Failed to get flag value for EXPERIMENTAL_ORBAX_USE_DISTRIBUTED_PROCESS_ID.
[2026-03-18 15:59:06,670][absl][INFO] - [process=0][thread=MainThread] Using barrier_sync_fn: <function get_barrier_sync_fn.<locals>.<lambda> at 0x1491c1289bc0> timeout: 600 secs and primary_host=0 for async checkpoint writes
[2026-03-18 15:59:06,671][absl][INFO] - [process=0] Started async saving checkpoint to /gpfs/home5/sfris1/ltr_datasets/ips_datasets/logging_policy_c5000000_ps1p0_pt0p5_bs1p0_drop0rel0_dqchunk1_fsample1_spct25p0_candfullv2_topx25_maxdocs80_lprdeep_lpsegreedysampler_lppct10p0.
[2026-03-18 15:59:06,673][absl][INFO] - [process=0] Specified `force`: removing existing directory.
[2026-03-18 15:59:06,721][absl][INFO] - Using ThreadSafeKeyValueSignalingClient
[2026-03-18 15:59:06,725][absl][INFO] - Transferring arrays to host memory with options: use_replica_parallel=True, min_slice_bytes_for_replica_parallel=None, max_replicas_for_replica_parallel=None, enable_pinned_host_transfer=False
[2026-03-18 15:59:06,726][absl][INFO] - Creating tmp directory /gpfs/home5/sfris1/ltr_datasets/ips_datasets/logging_policy_c5000000_ps1p0_pt0p5_bs1p0_drop0rel0_dqchunk1_fsample1_spct25p0_candfullv2_topx25_maxdocs80_lprdeep_lpsegreedysampler_lppct10p0.orbax-checkpoint-tmp
[2026-03-18 15:59:06,726][absl][INFO] - [process=0][thread=MainThread] Initiated "orbax.checkpoint._src.serialization.type_handlers.ArrayHandler".serialize. Time taken: 0.001448s
[2026-03-18 15:59:06,727][absl][INFO] - [process=0] /jax/checkpoint/write/blocking_gbytes_per_sec: 0 Bytes/s (total gbytes: 91.8 KiB) (time elapsed: 4 milliseconds) (per-host)
[2026-03-18 15:59:06,728][absl][INFO] - [process=0][thread=MainThread] Initiated Pytree async_save. Time taken: 0.005626s (batch_requests_ready=0.001874s, total_serialization_initiated=0.002705s, others=0.001047s)
[2026-03-18 15:59:06,730][absl][INFO] - Wrote Metadata={'item_handlers': None, 'metrics': {}, 'performance_metrics': {}, 'init_timestamp_nsecs': 1773845946728759905, 'commit_timestamp_nsecs': None, 'custom_metadata': {}}, json={"item_handlers": null, "metrics": {}, "performance_metrics": {}, "init_timestamp_nsecs": 1773845946728759905, "commit_timestamp_nsecs": null, "custom_metadata": {}} to /gpfs/home5/sfris1/ltr_datasets/ips_datasets/logging_policy_c5000000_ps1p0_pt0p5_bs1p0_drop0rel0_dqchunk1_fsample1_spct25p0_candfullv2_topx25_maxdocs80_lprdeep_lpsegreedysampler_lppct10p0.orbax-checkpoint-tmp/_CHECKPOINT_METADATA
[2026-03-18 15:59:06,730][absl][INFO] - [process=0][thread=async_save] Background save thread started.
[2026-03-18 15:59:06,730][absl][INFO] - Finished blocking save. Time taken: 0.059904s. Continuing background save to /gpfs/home5/sfris1/ltr_datasets/ips_datasets/logging_policy_c5000000_ps1p0_pt0p5_bs1p0_drop0rel0_dqchunk1_fsample1_spct25p0_candfullv2_topx25_maxdocs80_lprdeep_lpsegreedysampler_lppct10p0.
[2026-03-18 15:59:06,731][absl][INFO] - [process=0][thread=MainThread] Waiting for background save thread=async_save.
[2026-03-18 15:59:06,757][absl][INFO] - [process=0][thread=array_type_handler] Wrote 6 array_metadata.ArrayMetadata to /gpfs/home5/sfris1/ltr_datasets/ips_datasets/logging_policy_c5000000_ps1p0_pt0p5_bs1p0_drop0rel0_dqchunk1_fsample1_spct25p0_candfullv2_topx25_maxdocs80_lprdeep_lpsegreedysampler_lppct10p0.orbax-checkpoint-tmp/array_metadatas/process_0
[2026-03-18 15:59:07,140][absl][INFO] - [process=0][thread=write_metadata_after_commits] Commit + Array metadata written. Time taken: 0.409020s (commit=0.407051s, array_metadata_write=0.001969s)
[2026-03-18 15:59:07,141][absl][INFO] - [process=0] /jax/checkpoint/write/gbytes_per_sec: 0 Bytes/s (total gbytes: 91.8 KiB) (time elapsed: 418 milliseconds) (per-host)
[2026-03-18 15:59:07,141][absl][INFO] - [process=0][thread=async_save] 2 Handler Commit operations completed. Time taken: 0.410349s.
[2026-03-18 15:59:07,142][absl][INFO] - Read Metadata={'item_handlers': None, 'metrics': {}, 'performance_metrics': {}, 'init_timestamp_nsecs': 1773845946728759905, 'commit_timestamp_nsecs': None, 'custom_metadata': {}} from /gpfs/home5/sfris1/ltr_datasets/ips_datasets/logging_policy_c5000000_ps1p0_pt0p5_bs1p0_drop0rel0_dqchunk1_fsample1_spct25p0_candfullv2_topx25_maxdocs80_lprdeep_lpsegreedysampler_lppct10p0.orbax-checkpoint-tmp/_CHECKPOINT_METADATA
[2026-03-18 15:59:07,143][absl][INFO] - Updated Metadata={'item_handlers': 'orbax.checkpoint._src.handlers.standard_checkpoint_handler.StandardCheckpointHandler', 'metrics': {}, 'performance_metrics': {}, 'init_timestamp_nsecs': 1773845946728759905, 'commit_timestamp_nsecs': None, 'custom_metadata': {}} to /gpfs/home5/sfris1/ltr_datasets/ips_datasets/logging_policy_c5000000_ps1p0_pt0p5_bs1p0_drop0rel0_dqchunk1_fsample1_spct25p0_candfullv2_topx25_maxdocs80_lprdeep_lpsegreedysampler_lppct10p0.orbax-checkpoint-tmp/_CHECKPOINT_METADATA
[2026-03-18 15:59:07,144][absl][INFO] - [process=0][thread=async_save] Skipped cross-host ArrayMetadata validation because only one process is found: process_index=0.
[2026-03-18 15:59:07,149][absl][INFO] - [process=0][thread=async_save] Pytree save finalize (merge_ocdbt + ArrayMetadata validation) completed. Time taken: 0.007535s. use_zarr3=False, enable_post_merge_validation=True, directory=/gpfs/home5/sfris1/ltr_datasets/ips_datasets/logging_policy_c5000000_ps1p0_pt0p5_bs1p0_drop0rel0_dqchunk1_fsample1_spct25p0_candfullv2_topx25_maxdocs80_lprdeep_lpsegreedysampler_lppct10p0.orbax-checkpoint-tmp
[2026-03-18 15:59:07,150][absl][INFO] - Renaming /gpfs/home5/sfris1/ltr_datasets/ips_datasets/logging_policy_c5000000_ps1p0_pt0p5_bs1p0_drop0rel0_dqchunk1_fsample1_spct25p0_candfullv2_topx25_maxdocs80_lprdeep_lpsegreedysampler_lppct10p0.orbax-checkpoint-tmp to /gpfs/home5/sfris1/ltr_datasets/ips_datasets/logging_policy_c5000000_ps1p0_pt0p5_bs1p0_drop0rel0_dqchunk1_fsample1_spct25p0_candfullv2_topx25_maxdocs80_lprdeep_lpsegreedysampler_lppct10p0
[2026-03-18 15:59:07,151][absl][INFO] - [process=0][thread=async_save] Finished saving checkpoint (finalized tmp dir) to `/gpfs/home5/sfris1/ltr_datasets/ips_datasets/logging_policy_c5000000_ps1p0_pt0p5_bs1p0_drop0rel0_dqchunk1_fsample1_spct25p0_candfullv2_topx25_maxdocs80_lprdeep_lpsegreedysampler_lppct10p0`.
[2026-03-18 15:59:07,152][absl][INFO] - Finished async_save (blocking + background). Time taken: 0.481404s. directory=/gpfs/home5/sfris1/ltr_datasets/ips_datasets/logging_policy_c5000000_ps1p0_pt0p5_bs1p0_drop0rel0_dqchunk1_fsample1_spct25p0_candfullv2_topx25_maxdocs80_lprdeep_lpsegreedysampler_lppct10p0
[2026-03-18 15:59:07,152][absl][INFO] - [process=0][thread=async_save] Background save thread done. Time taken: 0.421201s.
[2026-03-18 15:59:07,152][absl][INFO] - [process=0][thread=MainThread] Done with waiting for background save thread=async_save.
[2026-03-18 15:59:07,152][absl][INFO] - [process=0][thread=MainThread] No errors found in background save thread=async_save.
[2026-03-18 15:59:10,409][two_tower_confounding.experiments.data_pipeline][INFO] - Loaded click datasets in 37.62 seconds (train=7454, val=1122, test=0)
[2026-03-18 15:59:10,409][two_tower_confounding.experiments.data_pipeline][INFO] - Test split is label-only by design; no test click dataset was loaded.
[2026-03-18 15:59:10,409][two_tower_confounding.data.runtime.aggregation][INFO] - Applying data cutoff override: configured=25, natural=25, effective=25
[2026-03-18 15:59:10,535][two_tower_confounding.data.runtime.aggregation][INFO] - Initializing simulator...
[2026-03-18 15:59:10,536][two_tower_confounding.data.runtime.aggregation][INFO] - Aggregating train dataset...
[2026-03-18 15:59:15,437][two_tower_confounding.data.runtime.aggregation][INFO] - Aggregating validation dataset...
[2026-03-18 15:59:18,090][two_tower_confounding.data.runtime.aggregation][INFO] - Aggregating test dataset from labels only...
[2026-03-18 15:59:19,798][two_tower_confounding.data.runtime.aggregation][INFO] - Aggregation done in 9.26 seconds
[2026-03-18 15:59:19,799][two_tower_confounding.data.runtime.aggregation][INFO] - Session usage after aggregation: requested(train=7454,val=1122), actual(train=7454,val=1122,test=0)
[2026-03-18 15:59:19,799][two_tower_confounding.data.runtime.aggregation][INFO] - Dataset persistence disabled; skipping aggregated dataset cache save.
[2026-03-18 15:59:19,799][two_tower_confounding.experiments.ips_pipeline][INFO] - Test split uses label-only evaluation; raw test click diagnostics are skipped.
[2026-03-18 15:59:19,829][two_tower_confounding.experiments.diagnostics][INFO] - [Data] train_docs=473134, val_docs=71083, test_docs=164676, cutoff=25
[2026-03-18 15:59:19,899][two_tower_confounding.experiments.diagnostics][INFO] - [Train] clicks=927, displays=118366, ctr=0.0078, ctr_per_doc=0.0078
[2026-03-18 15:59:19,965][two_tower_confounding.experiments.diagnostics][INFO] - [Validation] clicks=162, displays=17800, ctr=0.0091, ctr_per_doc=0.0091
[2026-03-18 15:59:20,032][two_tower_confounding.experiments.diagnostics][INFO] - [Test] clicks=0, displays=0, ctr=0.0000, ctr_per_doc=0.0000
[2026-03-18 15:59:20,033][two_tower_confounding.experiments.ips_pipeline][INFO] - Running estimator pipeline with model='dr'
[2026-03-18 15:59:20,033][two_tower_confounding.experiments.ips_pipeline][INFO] - Computing position bias (alpha)...
[2026-03-18 15:59:20,094][two_tower_confounding.experiments.propensity_pipeline][INFO] - Computing propensity per doc (method=propensity_mlp_regression)...
[2026-03-18 16:00:18,865][two_tower_confounding.experiments.propensity_pipeline][INFO] - Propensity computed in 58.77 seconds
[2026-03-18 16:00:18,866][two_tower_confounding.experiments.propensity_pipeline][INFO] - Alpha logits: [-0.     -0.6931 -1.0986 -1.3863 -1.6094 -1.7918 -1.9459 -2.0794 -2.1972
 -2.3026 -2.3979 -2.4849 -2.5649 -2.6391 -2.7081 -2.7726 -2.8332 -2.8904
 -2.9444 -2.9957 -3.0445 -3.091  -3.1355 -3.1781 -3.2189]
[2026-03-18 16:00:18,867][two_tower_confounding.experiments.propensity_pipeline][INFO] - Alpha: [0.5    0.3333 0.25   0.2    0.1667 0.1429 0.125  0.1111 0.1    0.0909
 0.0833 0.0769 0.0714 0.0667 0.0625 0.0588 0.0556 0.0526 0.05   0.0476
 0.0455 0.0435 0.0417 0.04   0.0385]
[2026-03-18 16:00:18,867][two_tower_confounding.experiments.propensity_pipeline][INFO] - Propensity clipping disabled.
[2026-03-18 16:00:18,868][two_tower_confounding.experiments.propensity_pipeline][INFO] - Computing propensity per doc (method=frequency_based)...
[2026-03-18 16:00:24,339][two_tower_confounding.experiments.propensity_pipeline][INFO] - Propensity computed in 5.47 seconds
[2026-03-18 16:00:24,339][two_tower_confounding.experiments.propensity_pipeline][INFO] - Alpha logits: [-0.     -0.6931 -1.0986 -1.3863 -1.6094 -1.7918 -1.9459 -2.0794 -2.1972
 -2.3026 -2.3979 -2.4849 -2.5649 -2.6391 -2.7081 -2.7726 -2.8332 -2.8904
 -2.9444 -2.9957 -3.0445 -3.091  -3.1355 -3.1781 -3.2189]
[2026-03-18 16:00:24,339][two_tower_confounding.experiments.propensity_pipeline][INFO] - Alpha: [0.5    0.3333 0.25   0.2    0.1667 0.1429 0.125  0.1111 0.1    0.0909
 0.0833 0.0769 0.0714 0.0667 0.0625 0.0588 0.0556 0.0526 0.05   0.0476
 0.0455 0.0435 0.0417 0.04   0.0385]
[2026-03-18 16:00:26,071][two_tower_confounding.experiments.regression_pipeline][INFO] - Training regression model for DM/DR...
[2026-03-18 16:00:32,443][two_tower_confounding.experiments.regression_pipeline][INFO] - Regression epoch 3: train_loss=0.212221 val_loss=0.249502
[2026-03-18 16:00:37,780][two_tower_confounding.experiments.regression_pipeline][INFO] - Regression epoch 6: train_loss=0.205027 val_loss=0.246189
[2026-03-18 16:00:43,049][two_tower_confounding.experiments.regression_pipeline][INFO] - Regression epoch 9: train_loss=0.194568 val_loss=0.262471
[2026-03-18 16:00:47,480][two_tower_confounding.experiments.ips_pipeline][INFO] - Computing DR doc weights...
[2026-03-18 16:00:47,486][two_tower_confounding.experiments.ips_pipeline][INFO] - Doc weights computed in 0.01 seconds
[2026-03-18 16:00:47,491][two_tower_confounding.experiments.model_pipeline][INFO] - Loading trainer (trainer_type='pl-rank', n_samples=100)...
[2026-03-18 16:00:47,493][two_tower_confounding.experiments.model_pipeline][INFO] - Trainer loaded in 0.00 seconds
[2026-03-18 16:00:47,493][two_tower_confounding.experiments.model_pipeline][INFO] - Training model...
[2026-03-18 16:07:04,967][two_tower_confounding.experiments.ips_pipeline][INFO] - Final evaluation results:
{'metrics': {'CTR': 0.8546383380889893,
             'DCG': 2.142069101333618,
             'NCTR': 0.7269160747528076,
             'NDCG': 0.7695430517196655,
             'NDCG@25': 0.7695430517196655,
             'NRCTR': 0.7269160747528076,
             'RCTR': 0.8546383380889893}}
[2026-03-18 16:07:04,989][submitit][INFO] - Job completed successfully
[2026-03-18 16:07:05,010][submitit][INFO] - Exiting after successful completion
