[2026-06-18 15:39:17,482][feature_based_propensities_for_ULTR.experiments.config_resolver][WARNING] - test_clicks=500000 is ignored because test_set_mode='label_only'. Set test_set_mode='clicks' to enable legacy click-based test behavior.
[2026-06-18 15:39:17,487][feature_based_propensities_for_ULTR.experiments.data_pipeline][INFO] - Loading or generating click datasets...
[2026-06-18 15:40:45,229][absl][INFO] - orbax-checkpoint version: 0.11.40
[2026-06-18 15:40:45,229][absl][INFO] - save_device_host_concurrent_bytes=None
[2026-06-18 15:40:45,229][absl][INFO] - Created BasePyTreeCheckpointHandler: use_ocdbt=True, use_zarr3=False, pytree_metadata_options=PyTreeMetadataOptions(support_rich_types=False), array_metadata_store=<orbax.checkpoint._src.metadata.array_metadata_store.Store object at 0x14a27075a610>, enable_pinned_host_transfer=False, save_concurrent_bytes: 96000000000 (89.4 GiB), restore_concurrent_bytes: 96000000000 (89.4 GiB)
[2026-06-18 15:40:45,230][absl][INFO] - [thread=MainThread] Failed to get flag value for EXPERIMENTAL_ORBAX_USE_DISTRIBUTED_PROCESS_ID.
[2026-06-18 15:40:45,230][absl][INFO] - [process=0][thread=MainThread] Using barrier_sync_fn: <function get_barrier_sync_fn.<locals>.<lambda> at 0x14a1e4827920> timeout: 1200 secs and primary_host=0 for async checkpoint writes
[2026-06-18 15:40:45,230][absl][INFO] - [process=0] [sync] Started load checkpoint @ /gpfs/home5/sfris1/ltr_datasets/ips_datasets/istella_logging_policy_c10000_ps1p0_pt0p5_bs1p0_drop0rel0_sessallocv2_candfullv2_topx25_maxdocs200_lprdeep_lpsegreedysampler_lppct10p0.
[2026-06-18 15:40:45,233][absl][INFO] - Restoring checkpoint from /gpfs/home5/sfris1/ltr_datasets/ips_datasets/istella_logging_policy_c10000_ps1p0_pt0p5_bs1p0_drop0rel0_sessallocv2_candfullv2_topx25_maxdocs200_lprdeep_lpsegreedysampler_lppct10p0.
[2026-06-18 15:40:45,233][absl][INFO] - [process=0] [sync] Finished blocking load in 0.00 seconds. Continuing load @ /gpfs/home5/sfris1/ltr_datasets/ips_datasets/istella_logging_policy_c10000_ps1p0_pt0p5_bs1p0_drop0rel0_sessallocv2_candfullv2_topx25_maxdocs200_lprdeep_lpsegreedysampler_lppct10p0.
[2026-06-18 15:40:45,249][absl][INFO] - [process=0] /jax/orbax/read/worker/io/requested throughput: 2.757 MiB/s (total gbytes: 31.6 KiB) (time elapsed: 0.011204719543457031 s) (per-host)
[2026-06-18 15:40:45,251][absl][INFO] - [process=0] /jax/checkpoint/read/gbytes_per_sec: 1.831 MiB/s (total gbytes: 31.6 KiB) (time elapsed: 0.016872406005859375 s) (per-host)
[2026-06-18 15:40:45,251][absl][INFO] - [process=0] [sync] Finished load in 0.02 seconds @ /gpfs/home5/sfris1/ltr_datasets/ips_datasets/istella_logging_policy_c10000_ps1p0_pt0p5_bs1p0_drop0rel0_sessallocv2_candfullv2_topx25_maxdocs200_lprdeep_lpsegreedysampler_lppct10p0
[2026-06-18 15:40:50,369][feature_based_propensities_for_ULTR.experiments.data_pipeline][INFO] - Loaded click datasets in 92.88 seconds (train=7274, val=2726, test=0)
[2026-06-18 15:40:50,369][feature_based_propensities_for_ULTR.experiments.data_pipeline][INFO] - Test split is label-only by design; no test click dataset was loaded.
[2026-06-18 15:40:50,369][feature_based_propensities_for_ULTR.data.runtime.alignment][INFO] - Applying data cutoff override: configured=25, natural=25, effective=25
[2026-06-18 15:40:50,369][feature_based_propensities_for_ULTR.data.runtime.alignment][INFO] - Applying data cutoff override: configured=25, natural=25, effective=25
[2026-06-18 15:40:50,460][feature_based_propensities_for_ULTR.data.runtime.aggregation][INFO] - Initializing simulator...
[2026-06-18 15:40:50,461][feature_based_propensities_for_ULTR.data.runtime.aggregation][INFO] - Aggregating train dataset...
[2026-06-18 15:40:56,660][feature_based_propensities_for_ULTR.data.runtime.aggregation][INFO] - Aggregating validation dataset...
[2026-06-18 15:41:00,062][feature_based_propensities_for_ULTR.data.runtime.aggregation][INFO] - Aggregating test dataset from labels only...
[2026-06-18 15:41:01,468][feature_based_propensities_for_ULTR.data.runtime.aggregation][INFO] - Aggregation done in 11.01 seconds
[2026-06-18 15:41:01,468][feature_based_propensities_for_ULTR.data.runtime.aggregation][INFO] - Session usage after aggregation: requested(train=7274,val=2726), actual(train=7274,val=2726,test=0)
[2026-06-18 15:41:01,468][feature_based_propensities_for_ULTR.data.runtime.aggregation][INFO] - Dataset persistence disabled; skipping aggregated dataset cache save.
[2026-06-18 15:41:01,468][feature_based_propensities_for_ULTR.experiments.ips_pipeline][INFO] - Test split uses label-only evaluation; raw test click diagnostics are skipped.
[2026-06-18 15:41:01,524][feature_based_propensities_for_ULTR.experiments.diagnostics][INFO] - [Data] train_docs=2043304, val_docs=684076, test_docs=681250, cutoff=25
[2026-06-18 15:41:01,618][feature_based_propensities_for_ULTR.experiments.diagnostics][INFO] - [Train] clicks=1617, displays=181075, ctr=0.0089, ctr_per_doc=0.0089
[2026-06-18 15:41:01,707][feature_based_propensities_for_ULTR.experiments.diagnostics][INFO] - [Validation] clicks=544, displays=67683, ctr=0.0080, ctr_per_doc=0.0080
[2026-06-18 15:41:01,793][feature_based_propensities_for_ULTR.experiments.diagnostics][INFO] - [Test] clicks=0, displays=0, ctr=0.0000, ctr_per_doc=0.0000
[2026-06-18 15:41:01,794][feature_based_propensities_for_ULTR.experiments.ips_pipeline][INFO] - Running estimator pipeline with model='dm'
[2026-06-18 15:41:01,794][feature_based_propensities_for_ULTR.experiments.ips_pipeline][INFO] - Computing position bias (alpha)...
[2026-06-18 15:41:01,814][ultr_bias_toolkit.bias.intervention_harvesting.all_pairs][INFO] - Position bias estimation using global all pairs estimator
[2026-06-18 15:41:51,232][feature_based_propensities_for_ULTR.experiments.position_bias_pipeline][INFO] - Saved estimated position-bias curve to position_bias.json
[2026-06-18 15:41:51,233][feature_based_propensities_for_ULTR.experiments.ips_pipeline][INFO] - Estimated position bias in-run (estimator=global_all_pairs): [ 0.         -0.50308883 -0.898967   -1.233319   -1.4271001  -0.86506534
 -2.2000508  -1.6995547  -2.1048594  -1.5292095  -1.0697479  -2.375739
 -3.1169453  -6.9077554  -6.9077554  -1.555602   -1.6968312  -0.9166962
 -2.2312474  -3.332816   -6.8345137  -1.847977   -2.399842   -1.715486
 -1.9009087 ]
[2026-06-18 15:41:51,234][feature_based_propensities_for_ULTR.experiments.propensity_pipeline][INFO] - Computing propensity per doc (method=propensity_mlp_regression)...
[2026-06-18 15:42:34,809][feature_based_propensities_for_ULTR.experiments.propensity_pipeline][INFO] - Propensity computed in 43.58 seconds
[2026-06-18 15:42:34,810][feature_based_propensities_for_ULTR.experiments.propensity_pipeline][INFO] - Alpha logits: [ 0.     -0.5031 -0.899  -1.2333 -1.4271 -0.8651 -2.2001 -1.6996 -2.1049
 -1.5292 -1.0697 -2.3757 -3.1169 -6.9078 -6.9078 -1.5556 -1.6968 -0.9167
 -2.2312 -3.3328 -6.8345 -1.848  -2.3998 -1.7155 -1.9009]
[2026-06-18 15:42:34,811][feature_based_propensities_for_ULTR.experiments.propensity_pipeline][INFO] - Alpha: [0.5    0.3768 0.2893 0.2256 0.1936 0.2963 0.0997 0.1545 0.1086 0.1781
 0.2555 0.085  0.0424 0.001  0.001  0.1743 0.1549 0.2856 0.097  0.0345
 0.0011 0.1361 0.0832 0.1525 0.13  ]
[2026-06-18 15:42:34,811][feature_based_propensities_for_ULTR.experiments.propensity_pipeline][INFO] - Propensity clipping disabled.
[2026-06-18 15:42:36,196][feature_based_propensities_for_ULTR.experiments.regression_pipeline][INFO] - Training regression model for DM/DR...
[2026-06-18 15:43:02,360][feature_based_propensities_for_ULTR.experiments.regression_pipeline][INFO] - Regression epoch 3: train_loss=0.061439 val_loss=0.064787
[2026-06-18 15:43:27,453][feature_based_propensities_for_ULTR.experiments.regression_pipeline][INFO] - Regression epoch 6: train_loss=0.059873 val_loss=0.062581
[2026-06-18 15:43:52,606][feature_based_propensities_for_ULTR.experiments.regression_pipeline][INFO] - Regression epoch 9: train_loss=0.058918 val_loss=0.064026
[2026-06-18 15:43:58,516][feature_based_propensities_for_ULTR.experiments.ips_pipeline][INFO] - Computing DM doc weights...
[2026-06-18 15:43:58,516][feature_based_propensities_for_ULTR.experiments.ips_pipeline][INFO] - Doc weights computed in 0.00 seconds
[2026-06-18 15:43:58,526][feature_based_propensities_for_ULTR.experiments.model_pipeline][INFO] - Loading trainer (trainer_type='pl-rank', n_samples=100)...
[2026-06-18 15:43:58,528][feature_based_propensities_for_ULTR.experiments.model_pipeline][INFO] - Trainer loaded in 0.00 seconds
[2026-06-18 15:43:58,528][feature_based_propensities_for_ULTR.experiments.model_pipeline][INFO] - Training model...
[2026-06-18 16:14:10,847][feature_based_propensities_for_ULTR.experiments.ips_pipeline][INFO] - Final evaluation results:
{'metrics': {'CTR': 1.3091766834259033,
             'DCG': 2.5278751850128174,
             'NCTR': 0.6469839811325073,
             'NDCG': 0.735686182975769,
             'NDCG@25': 0.735686182975769,
             'NRCTR': 0.6469839811325073,
             'RCTR': 1.3091766834259033}}
[2026-06-18 16:14:10,894][submitit][INFO] - Job completed successfully
[2026-06-18 16:14:10,905][submitit][INFO] - Exiting after successful completion
