[2026-05-05 10:56:53,844][two_tower_confounding.experiments.config_resolver][WARNING] - test_clicks=500000 is ignored because test_set_mode='label_only'. Set test_set_mode='clicks' to enable legacy click-based test behavior.
[2026-05-05 10:56:53,850][two_tower_confounding.experiments.data_pipeline][INFO] - Loading or generating click datasets...
[2026-05-05 10:57:18,290][absl][INFO] - orbax-checkpoint version: 0.11.37
[2026-05-05 10:57:18,290][absl][INFO] - save_device_host_concurrent_bytes=None
[2026-05-05 10:57:18,291][absl][INFO] - Created BasePyTreeCheckpointHandler: use_ocdbt=True, use_zarr3=False, pytree_metadata_options=PyTreeMetadataOptions(support_rich_types=False), array_metadata_store=<orbax.checkpoint._src.metadata.array_metadata_store.Store object at 0x150dcc514f90>, enable_pinned_host_transfer=False, save_concurrent_bytes: 96000000000 (89.4 GiB), restore_concurrent_bytes: 96000000000 (89.4 GiB)
[2026-05-05 10:57:18,291][absl][INFO] - [thread=MainThread] Failed to get flag value for EXPERIMENTAL_ORBAX_USE_DISTRIBUTED_PROCESS_ID.
[2026-05-05 10:57:18,291][absl][INFO] - [process=0][thread=MainThread] Using barrier_sync_fn: <function get_barrier_sync_fn.<locals>.<lambda> at 0x150d29cd9800> timeout: 1200 secs and primary_host=0 for async checkpoint writes
[2026-05-05 10:57:18,292][absl][INFO] - [process=0] [sync] Started load checkpoint @ /gpfs/home5/sfris1/ltr_datasets/ips_datasets/logging_policy_c100000_ps1p0_pt0p5_bs1p0_drop0rel0_sessallocv2_candfullv2_topx25_maxdocs80_lprdeep_lpsegreedysampler_lppct10p0.
[2026-05-05 10:57:18,294][absl][INFO] - Restoring checkpoint from /gpfs/home5/sfris1/ltr_datasets/ips_datasets/logging_policy_c100000_ps1p0_pt0p5_bs1p0_drop0rel0_sessallocv2_candfullv2_topx25_maxdocs80_lprdeep_lpsegreedysampler_lppct10p0.
[2026-05-05 10:57:18,294][absl][INFO] - [process=0] [sync] Finished blocking load in 0.00 seconds. Continuing load @ /gpfs/home5/sfris1/ltr_datasets/ips_datasets/logging_policy_c100000_ps1p0_pt0p5_bs1p0_drop0rel0_sessallocv2_candfullv2_topx25_maxdocs80_lprdeep_lpsegreedysampler_lppct10p0.
[2026-05-05 10:57:18,310][absl][INFO] - [process=0] /jax/orbax/read/worker/io/requested throughput: 7.994 MiB/s (total gbytes: 91.8 KiB) (time elapsed: 0.011209487915039062 s) (per-host)
[2026-05-05 10:57:18,312][absl][INFO] - [process=0] /jax/checkpoint/read/gbytes_per_sec: 5.305 MiB/s (total gbytes: 91.8 KiB) (time elapsed: 0.016888856887817383 s) (per-host)
[2026-05-05 10:57:18,312][absl][INFO] - [process=0] [sync] Finished load in 0.02 seconds @ /gpfs/home5/sfris1/ltr_datasets/ips_datasets/logging_policy_c100000_ps1p0_pt0p5_bs1p0_drop0rel0_sessallocv2_candfullv2_topx25_maxdocs80_lprdeep_lpsegreedysampler_lppct10p0
[2026-05-05 10:57:29,646][two_tower_confounding.experiments.data_pipeline][INFO] - Loaded click datasets in 35.80 seconds (train=86947, val=13053, test=0)
[2026-05-05 10:57:29,646][two_tower_confounding.experiments.data_pipeline][INFO] - Test split is label-only by design; no test click dataset was loaded.
[2026-05-05 10:57:29,646][two_tower_confounding.data.runtime.alignment][INFO] - Applying data cutoff override: configured=25, natural=25, effective=25
[2026-05-05 10:57:29,647][two_tower_confounding.data.runtime.alignment][INFO] - Applying data cutoff override: configured=25, natural=25, effective=25
[2026-05-05 10:57:29,742][two_tower_confounding.data.runtime.aggregation][INFO] - Initializing simulator...
[2026-05-05 10:57:29,742][two_tower_confounding.data.runtime.aggregation][INFO] - Aggregating train dataset...
[2026-05-05 10:57:36,030][two_tower_confounding.data.runtime.aggregation][INFO] - Aggregating validation dataset...
[2026-05-05 10:57:38,601][two_tower_confounding.data.runtime.aggregation][INFO] - Aggregating test dataset from labels only...
[2026-05-05 10:57:40,295][two_tower_confounding.data.runtime.aggregation][INFO] - Aggregation done in 10.55 seconds
[2026-05-05 10:57:40,297][two_tower_confounding.data.runtime.aggregation][INFO] - Session usage after aggregation: requested(train=86947,val=13053), actual(train=86947,val=13053,test=0)
[2026-05-05 10:57:40,297][two_tower_confounding.data.runtime.aggregation][INFO] - Dataset persistence disabled; skipping aggregated dataset cache save.
[2026-05-05 10:57:40,297][two_tower_confounding.experiments.ips_pipeline][INFO] - Test split uses label-only evaluation; raw test click diagnostics are skipped.
[2026-05-05 10:57:40,322][two_tower_confounding.experiments.diagnostics][INFO] - [Data] train_docs=470251, val_docs=70687, test_docs=164676, cutoff=25
[2026-05-05 10:57:40,412][two_tower_confounding.experiments.diagnostics][INFO] - [Train] clicks=13259, displays=1470025, ctr=0.0090, ctr_per_doc=0.0090
[2026-05-05 10:57:40,496][two_tower_confounding.experiments.diagnostics][INFO] - [Validation] clicks=1920, displays=219403, ctr=0.0088, ctr_per_doc=0.0088
[2026-05-05 10:57:40,617][two_tower_confounding.experiments.diagnostics][INFO] - [Test] clicks=0, displays=0, ctr=0.0000, ctr_per_doc=0.0000
[2026-05-05 10:57:40,618][two_tower_confounding.experiments.ips_pipeline][INFO] - Running estimator pipeline with model='dm'
[2026-05-05 10:57:40,618][two_tower_confounding.experiments.ips_pipeline][INFO] - Computing position bias (alpha)...
[2026-05-05 10:57:40,626][two_tower_confounding.experiments.ips_pipeline][INFO] - Loaded CSV position bias from /gpfs/home5/sfris1/Doubly-Robust-Optimization-With-Two-Tower-Models/results/position_bias_csv_smoke.csv (method=pivot_one): [ 0.         -0.61061436 -0.85616785 -1.3881377  -1.510305   -1.7788593
 -1.8470843  -1.900386   -1.8587685  -2.009611   -2.4342933  -2.5307863
 -2.5496075  -2.681373   -3.0202541  -2.1649003  -2.466411   -2.5170379
 -2.8024838  -2.7797272  -2.3523402  -2.4394972  -3.6131115  -3.1493785
 -2.8244355 ]
[2026-05-05 10:57:40,627][two_tower_confounding.experiments.propensity_pipeline][INFO] - Computing propensity per doc (method=propensity_mlp_regression)...
[2026-05-05 10:57:41,289][two_tower_confounding.experiments.propensity_pipeline][INFO] - Subsampling propensity classifier training data: 50000/86947 samples
[2026-05-05 11:02:55,809][two_tower_confounding.experiments.propensity_pipeline][INFO] - Propensity computed in 315.18 seconds
[2026-05-05 11:02:55,809][two_tower_confounding.experiments.propensity_pipeline][INFO] - Alpha logits: [ 0.     -0.6106 -0.8562 -1.3881 -1.5103 -1.7789 -1.8471 -1.9004 -1.8588
 -2.0096 -2.4343 -2.5308 -2.5496 -2.6814 -3.0203 -2.1649 -2.4664 -2.517
 -2.8025 -2.7797 -2.3523 -2.4395 -3.6131 -3.1494 -2.8244]
[2026-05-05 11:02:55,810][two_tower_confounding.experiments.propensity_pipeline][INFO] - Alpha: [0.5    0.3519 0.2981 0.1997 0.1809 0.1444 0.1362 0.1301 0.1348 0.1182
 0.0806 0.0737 0.0725 0.0641 0.0465 0.1029 0.0782 0.0747 0.0572 0.0584
 0.0869 0.0802 0.0263 0.0411 0.056 ]
[2026-05-05 11:02:55,810][two_tower_confounding.experiments.propensity_pipeline][INFO] - Propensity clipping disabled.
[2026-05-05 11:02:57,218][two_tower_confounding.experiments.regression_pipeline][INFO] - Training regression model for DM/DR...
[2026-05-05 11:03:18,675][two_tower_confounding.experiments.regression_pipeline][INFO] - Regression epoch 3: train_loss=0.165285 val_loss=0.159457
[2026-05-05 11:03:38,949][two_tower_confounding.experiments.regression_pipeline][INFO] - Regression epoch 6: train_loss=0.163078 val_loss=0.158358
[2026-05-05 11:03:59,215][two_tower_confounding.experiments.regression_pipeline][INFO] - Regression epoch 9: train_loss=0.161423 val_loss=0.158143
[2026-05-05 11:04:01,076][two_tower_confounding.experiments.ips_pipeline][INFO] - Computing DM doc weights...
[2026-05-05 11:04:01,077][two_tower_confounding.experiments.ips_pipeline][INFO] - Doc weights computed in 0.00 seconds
[2026-05-05 11:04:01,084][two_tower_confounding.experiments.model_pipeline][INFO] - Loading trainer (trainer_type='pl-rank', n_samples=100)...
[2026-05-05 11:04:01,086][two_tower_confounding.experiments.model_pipeline][INFO] - Trainer loaded in 0.00 seconds
[2026-05-05 11:04:01,086][two_tower_confounding.experiments.model_pipeline][INFO] - Training model...
[2026-05-05 11:17:26,352][two_tower_confounding.experiments.ips_pipeline][INFO] - Final evaluation results:
{'metrics': {'CTR': 0.9470642805099487,
             'DCG': 2.1805689334869385,
             'NCTR': 0.7470293045043945,
             'NDCG': 0.7838373780250549,
             'NDCG@25': 0.7838373780250549,
             'NRCTR': 0.7470293045043945,
             'RCTR': 0.9470642805099487}}
[2026-05-05 11:17:26,378][submitit][INFO] - Job completed successfully
[2026-05-05 11:17:26,388][submitit][INFO] - Exiting after successful completion
