[2026-05-03 14:54:21,210][two_tower_confounding.experiments.config_resolver][WARNING] - test_clicks=500000 is ignored because test_set_mode='label_only'. Set test_set_mode='clicks' to enable legacy click-based test behavior.
[2026-05-03 14:54:21,216][two_tower_confounding.experiments.data_pipeline][INFO] - Loading or generating click datasets...
[2026-05-03 14:55:53,425][absl][INFO] - orbax-checkpoint version: 0.11.37
[2026-05-03 14:55:53,428][absl][INFO] - save_device_host_concurrent_bytes=None
[2026-05-03 14:55:53,428][absl][INFO] - Created BasePyTreeCheckpointHandler: use_ocdbt=True, use_zarr3=False, pytree_metadata_options=PyTreeMetadataOptions(support_rich_types=False), array_metadata_store=<orbax.checkpoint._src.metadata.array_metadata_store.Store object at 0x14be820fe550>, enable_pinned_host_transfer=False, save_concurrent_bytes: 96000000000 (89.4 GiB), restore_concurrent_bytes: 96000000000 (89.4 GiB)
[2026-05-03 14:55:53,428][absl][INFO] - [thread=MainThread] Failed to get flag value for EXPERIMENTAL_ORBAX_USE_DISTRIBUTED_PROCESS_ID.
[2026-05-03 14:55:53,428][absl][INFO] - [process=0][thread=MainThread] Using barrier_sync_fn: <function get_barrier_sync_fn.<locals>.<lambda> at 0x14bdee2b98a0> timeout: 1200 secs and primary_host=0 for async checkpoint writes
[2026-05-03 14:55:53,428][absl][INFO] - [process=0] [sync] Started load checkpoint @ /gpfs/home5/sfris1/ltr_datasets/ips_datasets/istella_logging_policy_c10000_ps1p0_pt0p5_bs1p0_drop0rel0_sessallocv2_candfullv2_topx25_maxdocs200_lprdeep_lpsegreedysampler_lppct10p0.
[2026-05-03 14:55:53,430][absl][INFO] - Restoring checkpoint from /gpfs/home5/sfris1/ltr_datasets/ips_datasets/istella_logging_policy_c10000_ps1p0_pt0p5_bs1p0_drop0rel0_sessallocv2_candfullv2_topx25_maxdocs200_lprdeep_lpsegreedysampler_lppct10p0.
[2026-05-03 14:55:53,431][absl][INFO] - [process=0] [sync] Finished blocking load in 0.00 seconds. Continuing load @ /gpfs/home5/sfris1/ltr_datasets/ips_datasets/istella_logging_policy_c10000_ps1p0_pt0p5_bs1p0_drop0rel0_sessallocv2_candfullv2_topx25_maxdocs200_lprdeep_lpsegreedysampler_lppct10p0.
[2026-05-03 14:55:53,446][absl][INFO] - [process=0] /jax/orbax/read/worker/io/requested throughput: 2.889 MiB/s (total gbytes: 31.6 KiB) (time elapsed: 0.010689973831176758 s) (per-host)
[2026-05-03 14:55:53,447][absl][INFO] - [process=0] /jax/checkpoint/read/gbytes_per_sec: 1.925 MiB/s (total gbytes: 31.6 KiB) (time elapsed: 0.016043424606323242 s) (per-host)
[2026-05-03 14:55:53,448][absl][INFO] - [process=0] [sync] Finished load in 0.02 seconds @ /gpfs/home5/sfris1/ltr_datasets/ips_datasets/istella_logging_policy_c10000_ps1p0_pt0p5_bs1p0_drop0rel0_sessallocv2_candfullv2_topx25_maxdocs200_lprdeep_lpsegreedysampler_lppct10p0
[2026-05-03 14:55:58,548][two_tower_confounding.experiments.data_pipeline][INFO] - Loaded click datasets in 97.33 seconds (train=7274, val=2726, test=0)
[2026-05-03 14:55:58,549][two_tower_confounding.experiments.data_pipeline][INFO] - Test split is label-only by design; no test click dataset was loaded.
[2026-05-03 14:55:58,549][two_tower_confounding.data.runtime.alignment][INFO] - Applying data cutoff override: configured=25, natural=25, effective=25
[2026-05-03 14:55:58,549][two_tower_confounding.data.runtime.alignment][INFO] - Applying data cutoff override: configured=25, natural=25, effective=25
[2026-05-03 14:55:58,639][two_tower_confounding.data.runtime.aggregation][INFO] - Initializing simulator...
[2026-05-03 14:55:58,640][two_tower_confounding.data.runtime.aggregation][INFO] - Aggregating train dataset...
[2026-05-03 14:56:04,852][two_tower_confounding.data.runtime.aggregation][INFO] - Aggregating validation dataset...
[2026-05-03 14:56:08,198][two_tower_confounding.data.runtime.aggregation][INFO] - Aggregating test dataset from labels only...
[2026-05-03 14:56:09,626][two_tower_confounding.data.runtime.aggregation][INFO] - Aggregation done in 10.99 seconds
[2026-05-03 14:56:09,627][two_tower_confounding.data.runtime.aggregation][INFO] - Session usage after aggregation: requested(train=7274,val=2726), actual(train=7274,val=2726,test=0)
[2026-05-03 14:56:09,627][two_tower_confounding.data.runtime.aggregation][INFO] - Dataset persistence disabled; skipping aggregated dataset cache save.
[2026-05-03 14:56:09,627][two_tower_confounding.experiments.ips_pipeline][INFO] - Test split uses label-only evaluation; raw test click diagnostics are skipped.
[2026-05-03 14:56:09,679][two_tower_confounding.experiments.diagnostics][INFO] - [Data] train_docs=2043304, val_docs=684076, test_docs=681250, cutoff=25
[2026-05-03 14:56:09,772][two_tower_confounding.experiments.diagnostics][INFO] - [Train] clicks=1510, displays=180914, ctr=0.0083, ctr_per_doc=0.0083
[2026-05-03 14:56:09,861][two_tower_confounding.experiments.diagnostics][INFO] - [Validation] clicks=579, displays=67686, ctr=0.0086, ctr_per_doc=0.0086
[2026-05-03 14:56:09,948][two_tower_confounding.experiments.diagnostics][INFO] - [Test] clicks=0, displays=0, ctr=0.0000, ctr_per_doc=0.0000
[2026-05-03 14:56:09,948][two_tower_confounding.experiments.ips_pipeline][INFO] - Running estimator pipeline with model='ips'
[2026-05-03 14:56:09,948][two_tower_confounding.experiments.ips_pipeline][INFO] - Computing position bias (alpha)...
[2026-05-03 14:56:09,955][two_tower_confounding.experiments.ips_pipeline][INFO] - Loaded CSV position bias from /gpfs/home5/sfris1/Doubly-Robust-Optimization-With-Two-Tower-Models/results/position_bias_csv_smoke.csv (method=ctr): [ 0.         -0.87284064 -1.4357426  -1.7786874  -2.0792415  -2.3380032
 -2.7209954  -2.903117   -3.0773702  -3.2312207  -3.6363854  -3.4464424
 -3.923166   -3.7222948  -3.7677119  -4.24608    -4.1715703  -4.101471
 -4.322802   -4.09865    -4.4070883  -4.7229104  -4.4974337  -5.1883435
 -4.598519  ]
[2026-05-03 14:56:09,956][two_tower_confounding.experiments.propensity_pipeline][INFO] - Computing propensity per doc (method=propensity_mlp_regression)...
[2026-05-03 14:56:50,236][two_tower_confounding.experiments.propensity_pipeline][INFO] - Propensity computed in 40.28 seconds
[2026-05-03 14:56:50,236][two_tower_confounding.experiments.propensity_pipeline][INFO] - Alpha logits: [ 0.     -0.8728 -1.4357 -1.7787 -2.0792 -2.338  -2.721  -2.9031 -3.0774
 -3.2312 -3.6364 -3.4464 -3.9232 -3.7223 -3.7677 -4.2461 -4.1716 -4.1015
 -4.3228 -4.0986 -4.4071 -4.7229 -4.4974 -5.1883 -4.5985]
[2026-05-03 14:56:50,237][two_tower_confounding.experiments.propensity_pipeline][INFO] - Alpha: [0.5    0.2947 0.1922 0.1445 0.1111 0.088  0.0617 0.052  0.0441 0.038
 0.0257 0.0309 0.0194 0.0236 0.0226 0.0141 0.0152 0.0163 0.0131 0.0163
 0.012  0.0088 0.011  0.0056 0.01  ]
[2026-05-03 14:56:50,238][two_tower_confounding.experiments.propensity_pipeline][INFO] - Propensity clipping disabled.
[2026-05-03 14:56:50,238][two_tower_confounding.experiments.ips_pipeline][INFO] - Computing IPS doc weights...
[2026-05-03 14:56:50,725][two_tower_confounding.experiments.ips_pipeline][INFO] - Doc weights computed in 0.49 seconds
[2026-05-03 14:56:50,736][two_tower_confounding.experiments.model_pipeline][INFO] - Loading trainer (trainer_type='pl-rank', n_samples=100)...
[2026-05-03 14:56:50,738][two_tower_confounding.experiments.model_pipeline][INFO] - Trainer loaded in 0.00 seconds
[2026-05-03 14:56:50,738][two_tower_confounding.experiments.model_pipeline][INFO] - Training model...
[2026-05-03 15:00:34,521][two_tower_confounding.experiments.ips_pipeline][INFO] - Final evaluation results:
{'metrics': {'CTR': 0.7051305174827576,
             'DCG': 2.3314504623413086,
             'NCTR': 0.566373884677887,
             'NDCG': 0.6757577061653137,
             'NDCG@25': 0.6757577061653137,
             'NRCTR': 0.566373884677887,
             'RCTR': 0.7051305174827576}}
[2026-05-03 15:00:34,550][submitit][INFO] - Job completed successfully
[2026-05-03 15:00:34,561][submitit][INFO] - Exiting after successful completion
