[2026-06-18 16:54:26,818][feature_based_propensities_for_ULTR.experiments.config_resolver][WARNING] - test_clicks=500000 is ignored because test_set_mode='label_only'. Set test_set_mode='clicks' to enable legacy click-based test behavior.
[2026-06-18 16:54:26,823][feature_based_propensities_for_ULTR.experiments.data_pipeline][INFO] - Loading or generating click datasets...
[2026-06-18 16:55:27,554][absl][INFO] - orbax-checkpoint version: 0.11.40
[2026-06-18 16:55:27,555][absl][INFO] - save_device_host_concurrent_bytes=None
[2026-06-18 16:55:27,555][absl][INFO] - Created BasePyTreeCheckpointHandler: use_ocdbt=True, use_zarr3=False, pytree_metadata_options=PyTreeMetadataOptions(support_rich_types=False), array_metadata_store=<orbax.checkpoint._src.metadata.array_metadata_store.Store object at 0x14d144279250>, enable_pinned_host_transfer=False, save_concurrent_bytes: 96000000000 (89.4 GiB), restore_concurrent_bytes: 96000000000 (89.4 GiB)
[2026-06-18 16:55:27,555][absl][INFO] - [thread=MainThread] Failed to get flag value for EXPERIMENTAL_ORBAX_USE_DISTRIBUTED_PROCESS_ID.
[2026-06-18 16:55:27,555][absl][INFO] - [process=0][thread=MainThread] Using barrier_sync_fn: <function get_barrier_sync_fn.<locals>.<lambda> at 0x14d0ad4ef9c0> timeout: 1200 secs and primary_host=0 for async checkpoint writes
[2026-06-18 16:55:27,556][absl][INFO] - [process=0] [sync] Started load checkpoint @ /gpfs/home5/sfris1/ltr_datasets/ips_datasets/logging_policy_c10000_ps1p0_pt0p5_bs1p0_drop0rel0_sessallocv2_candfullv2_topx25_maxdocs200_lprdeep_lpsegreedysampler_lppct10p0.
[2026-06-18 16:55:27,558][absl][INFO] - Restoring checkpoint from /gpfs/home5/sfris1/ltr_datasets/ips_datasets/logging_policy_c10000_ps1p0_pt0p5_bs1p0_drop0rel0_sessallocv2_candfullv2_topx25_maxdocs200_lprdeep_lpsegreedysampler_lppct10p0.
[2026-06-18 16:55:27,558][absl][INFO] - [process=0] [sync] Finished blocking load in 0.00 seconds. Continuing load @ /gpfs/home5/sfris1/ltr_datasets/ips_datasets/logging_policy_c10000_ps1p0_pt0p5_bs1p0_drop0rel0_sessallocv2_candfullv2_topx25_maxdocs200_lprdeep_lpsegreedysampler_lppct10p0.
[2026-06-18 16:55:27,574][absl][INFO] - [process=0] /jax/orbax/read/worker/io/requested throughput: 1.934 MiB/s (total gbytes: 21.4 KiB) (time elapsed: 0.01079559326171875 s) (per-host)
[2026-06-18 16:55:27,576][absl][INFO] - [process=0] /jax/checkpoint/read/gbytes_per_sec: 1.275 MiB/s (total gbytes: 21.4 KiB) (time elapsed: 0.01637887954711914 s) (per-host)
[2026-06-18 16:55:27,576][absl][INFO] - [process=0] [sync] Finished load in 0.02 seconds @ /gpfs/home5/sfris1/ltr_datasets/ips_datasets/logging_policy_c10000_ps1p0_pt0p5_bs1p0_drop0rel0_sessallocv2_candfullv2_topx25_maxdocs200_lprdeep_lpsegreedysampler_lppct10p0
[2026-06-18 16:55:31,679][feature_based_propensities_for_ULTR.experiments.data_pipeline][INFO] - Loaded click datasets in 64.86 seconds (train=7500, val=2500, test=0)
[2026-06-18 16:55:31,680][feature_based_propensities_for_ULTR.experiments.data_pipeline][INFO] - Test split is label-only by design; no test click dataset was loaded.
[2026-06-18 16:55:31,680][feature_based_propensities_for_ULTR.data.runtime.alignment][INFO] - Applying data cutoff override: configured=25, natural=25, effective=25
[2026-06-18 16:55:31,680][feature_based_propensities_for_ULTR.data.runtime.alignment][INFO] - Applying data cutoff override: configured=25, natural=25, effective=25
[2026-06-18 16:55:31,770][feature_based_propensities_for_ULTR.data.runtime.aggregation][INFO] - Initializing simulator...
[2026-06-18 16:55:31,771][feature_based_propensities_for_ULTR.data.runtime.aggregation][INFO] - Aggregating train dataset...
[2026-06-18 16:55:36,869][feature_based_propensities_for_ULTR.data.runtime.aggregation][INFO] - Aggregating validation dataset...
[2026-06-18 16:55:39,831][feature_based_propensities_for_ULTR.data.runtime.aggregation][INFO] - Aggregating test dataset from labels only...
[2026-06-18 16:55:40,633][feature_based_propensities_for_ULTR.data.runtime.aggregation][INFO] - Aggregation done in 8.86 seconds
[2026-06-18 16:55:40,634][feature_based_propensities_for_ULTR.data.runtime.aggregation][INFO] - Session usage after aggregation: requested(train=7500,val=2500), actual(train=7500,val=2500,test=0)
[2026-06-18 16:55:40,634][feature_based_propensities_for_ULTR.data.runtime.aggregation][INFO] - Dataset persistence disabled; skipping aggregated dataset cache save.
[2026-06-18 16:55:40,634][feature_based_propensities_for_ULTR.experiments.ips_pipeline][INFO] - Test split uses label-only evaluation; raw test click diagnostics are skipped.
[2026-06-18 16:55:40,686][feature_based_propensities_for_ULTR.experiments.diagnostics][INFO] - [Data] train_docs=2132810, val_docs=707814, test_docs=708921, cutoff=25
[2026-06-18 16:55:40,784][feature_based_propensities_for_ULTR.experiments.diagnostics][INFO] - [Train] clicks=813, displays=182801, ctr=0.0044, ctr_per_doc=0.0044
[2026-06-18 16:55:40,871][feature_based_propensities_for_ULTR.experiments.diagnostics][INFO] - [Validation] clicks=256, displays=60780, ctr=0.0042, ctr_per_doc=0.0042
[2026-06-18 16:55:40,958][feature_based_propensities_for_ULTR.experiments.diagnostics][INFO] - [Test] clicks=0, displays=0, ctr=0.0000, ctr_per_doc=0.0000
[2026-06-18 16:55:40,958][feature_based_propensities_for_ULTR.experiments.ips_pipeline][INFO] - Running estimator pipeline with model='ips'
[2026-06-18 16:55:40,958][feature_based_propensities_for_ULTR.experiments.ips_pipeline][INFO] - Computing position bias (alpha)...
[2026-06-18 16:55:40,978][ultr_bias_toolkit.bias.intervention_harvesting.all_pairs][INFO] - Position bias estimation using global all pairs estimator
[2026-06-18 16:56:29,513][feature_based_propensities_for_ULTR.experiments.position_bias_pipeline][INFO] - Saved estimated position-bias curve to position_bias.json
[2026-06-18 16:56:29,514][feature_based_propensities_for_ULTR.experiments.ips_pipeline][INFO] - Estimated position bias in-run (estimator=global_all_pairs): [ 0.         -0.98092604 -0.32124066 -1.9919859  -1.4837182  -2.4923499
 -0.69770235 -1.1187258  -2.5416903  -6.419679   -6.507998   -3.3485997
 -1.9404556  -1.3770467  -0.8181674  -1.9689901  -2.8842869  -2.6042614
 -2.9203672  -5.86163    -2.1075637  -6.8761444  -2.9283895  -3.5475824
 -6.4194384 ]
[2026-06-18 16:56:29,515][feature_based_propensities_for_ULTR.experiments.propensity_pipeline][INFO] - Computing propensity per doc (method=frequency_based)...
[2026-06-18 16:56:57,911][feature_based_propensities_for_ULTR.experiments.propensity_pipeline][INFO] - Propensity computed in 28.40 seconds
[2026-06-18 16:56:57,911][feature_based_propensities_for_ULTR.experiments.propensity_pipeline][INFO] - Alpha logits: [ 0.         -0.98092604 -0.32124066 -1.9919859  -1.4837182  -2.4923499
 -0.69770235 -1.1187258  -2.5416903  -6.419679   -6.507998   -3.3485997
 -1.9404556  -1.3770467  -0.8181674  -1.9689901  -2.8842869  -2.6042614
 -2.9203672  -5.86163    -2.1075637  -6.8761444  -2.9283895  -3.5475824
 -6.4194384 ]
[2026-06-18 16:56:57,912][feature_based_propensities_for_ULTR.experiments.propensity_pipeline][INFO] - Alpha: [0.5        0.27270806 0.4203734  0.12004692 0.18486647 0.07639623
 0.33232185 0.24624771 0.07298673 0.00162653 0.00148924 0.03394105
 0.1255978  0.20148374 0.30615282 0.12249741 0.05293581 0.06886466
 0.05115587 0.00283852 0.10836384 0.00103105 0.05076788 0.02798827
 0.00162692]
[2026-06-18 16:56:57,913][feature_based_propensities_for_ULTR.experiments.propensity_pipeline][INFO] - Propensity clipping disabled.
[2026-06-18 16:56:57,913][feature_based_propensities_for_ULTR.experiments.ips_pipeline][INFO] - Computing IPS doc weights...
[2026-06-18 16:56:58,440][feature_based_propensities_for_ULTR.experiments.ips_pipeline][INFO] - Doc weights computed in 0.53 seconds
[2026-06-18 16:56:58,451][feature_based_propensities_for_ULTR.experiments.model_pipeline][INFO] - Loading trainer (trainer_type='pl-rank', n_samples=100)...
[2026-06-18 16:56:58,453][feature_based_propensities_for_ULTR.experiments.model_pipeline][INFO] - Trainer loaded in 0.00 seconds
[2026-06-18 16:56:58,453][feature_based_propensities_for_ULTR.experiments.model_pipeline][INFO] - Training model...
[2026-06-18 16:59:11,122][feature_based_propensities_for_ULTR.experiments.ips_pipeline][INFO] - Final evaluation results:
{'metrics': {'CTR': 0.5715585947036743,
             'DCG': 1.3671107292175293,
             'NCTR': 0.3155599534511566,
             'NDCG': 0.3595023453235626,
             'NDCG@25': 0.3595023453235626,
             'NRCTR': 0.3155599534511566,
             'RCTR': 0.5715585947036743}}
[2026-06-18 16:59:11,154][submitit][INFO] - Job completed successfully
[2026-06-18 16:59:11,166][submitit][INFO] - Exiting after successful completion
