[2026-05-05 10:55:07,688][two_tower_confounding.experiments.config_resolver][WARNING] - test_clicks=500000 is ignored because test_set_mode='label_only'. Set test_set_mode='clicks' to enable legacy click-based test behavior.
[2026-05-05 10:55:07,695][two_tower_confounding.experiments.data_pipeline][INFO] - Loading or generating click datasets...
[2026-05-05 10:56:40,018][absl][INFO] - orbax-checkpoint version: 0.11.37
[2026-05-05 10:56:40,018][absl][INFO] - save_device_host_concurrent_bytes=None
[2026-05-05 10:56:40,018][absl][INFO] - Created BasePyTreeCheckpointHandler: use_ocdbt=True, use_zarr3=False, pytree_metadata_options=PyTreeMetadataOptions(support_rich_types=False), array_metadata_store=<orbax.checkpoint._src.metadata.array_metadata_store.Store object at 0x14ea25bf0090>, enable_pinned_host_transfer=False, save_concurrent_bytes: 96000000000 (89.4 GiB), restore_concurrent_bytes: 96000000000 (89.4 GiB)
[2026-05-05 10:56:40,018][absl][INFO] - [thread=MainThread] Failed to get flag value for EXPERIMENTAL_ORBAX_USE_DISTRIBUTED_PROCESS_ID.
[2026-05-05 10:56:40,019][absl][INFO] - [process=0][thread=MainThread] Using barrier_sync_fn: <function get_barrier_sync_fn.<locals>.<lambda> at 0x14e95b9418a0> timeout: 1200 secs and primary_host=0 for async checkpoint writes
[2026-05-05 10:56:40,019][absl][INFO] - [process=0] [sync] Started load checkpoint @ /gpfs/home5/sfris1/ltr_datasets/ips_datasets/istella_logging_policy_c100000_ps1p0_pt0p5_bs1p0_drop0rel0_sessallocv2_candfullv2_topx25_maxdocs200_lprdeep_lpsegreedysampler_lppct10p0.
[2026-05-05 10:56:40,022][absl][INFO] - Restoring checkpoint from /gpfs/home5/sfris1/ltr_datasets/ips_datasets/istella_logging_policy_c100000_ps1p0_pt0p5_bs1p0_drop0rel0_sessallocv2_candfullv2_topx25_maxdocs200_lprdeep_lpsegreedysampler_lppct10p0.
[2026-05-05 10:56:40,022][absl][INFO] - [process=0] [sync] Finished blocking load in 0.00 seconds. Continuing load @ /gpfs/home5/sfris1/ltr_datasets/ips_datasets/istella_logging_policy_c100000_ps1p0_pt0p5_bs1p0_drop0rel0_sessallocv2_candfullv2_topx25_maxdocs200_lprdeep_lpsegreedysampler_lppct10p0.
[2026-05-05 10:56:40,038][absl][INFO] - [process=0] /jax/orbax/read/worker/io/requested throughput: 2.836 MiB/s (total gbytes: 31.6 KiB) (time elapsed: 0.01089024543762207 s) (per-host)
[2026-05-05 10:56:40,039][absl][INFO] - [process=0] /jax/checkpoint/read/gbytes_per_sec: 1.856 MiB/s (total gbytes: 31.6 KiB) (time elapsed: 0.016638755798339844 s) (per-host)
[2026-05-05 10:56:40,040][absl][INFO] - [process=0] [sync] Finished load in 0.02 seconds @ /gpfs/home5/sfris1/ltr_datasets/ips_datasets/istella_logging_policy_c100000_ps1p0_pt0p5_bs1p0_drop0rel0_sessallocv2_candfullv2_topx25_maxdocs200_lprdeep_lpsegreedysampler_lppct10p0
[2026-05-05 10:56:52,686][two_tower_confounding.experiments.data_pipeline][INFO] - Loaded click datasets in 104.99 seconds (train=72743, val=27257, test=0)
[2026-05-05 10:56:52,686][two_tower_confounding.experiments.data_pipeline][INFO] - Test split is label-only by design; no test click dataset was loaded.
[2026-05-05 10:56:52,686][two_tower_confounding.data.runtime.alignment][INFO] - Applying data cutoff override: configured=25, natural=25, effective=25
[2026-05-05 10:56:52,687][two_tower_confounding.data.runtime.alignment][INFO] - Applying data cutoff override: configured=25, natural=25, effective=25
[2026-05-05 10:56:52,779][two_tower_confounding.data.runtime.aggregation][INFO] - Initializing simulator...
[2026-05-05 10:56:52,780][two_tower_confounding.data.runtime.aggregation][INFO] - Aggregating train dataset...
[2026-05-05 10:56:59,172][two_tower_confounding.data.runtime.aggregation][INFO] - Aggregating validation dataset...
[2026-05-05 10:57:02,832][two_tower_confounding.data.runtime.aggregation][INFO] - Aggregating test dataset from labels only...
[2026-05-05 10:57:04,268][two_tower_confounding.data.runtime.aggregation][INFO] - Aggregation done in 11.49 seconds
[2026-05-05 10:57:04,269][two_tower_confounding.data.runtime.aggregation][INFO] - Session usage after aggregation: requested(train=72743,val=27257), actual(train=72743,val=27257,test=0)
[2026-05-05 10:57:04,269][two_tower_confounding.data.runtime.aggregation][INFO] - Dataset persistence disabled; skipping aggregated dataset cache save.
[2026-05-05 10:57:04,269][two_tower_confounding.experiments.ips_pipeline][INFO] - Test split uses label-only evaluation; raw test click diagnostics are skipped.
[2026-05-05 10:57:04,329][two_tower_confounding.experiments.diagnostics][INFO] - [Data] train_docs=2043304, val_docs=684076, test_docs=681250, cutoff=25
[2026-05-05 10:57:04,427][two_tower_confounding.experiments.diagnostics][INFO] - [Train] clicks=15996, displays=1810163, ctr=0.0088, ctr_per_doc=0.0088
[2026-05-05 10:57:04,519][two_tower_confounding.experiments.diagnostics][INFO] - [Validation] clicks=5737, displays=677186, ctr=0.0085, ctr_per_doc=0.0085
[2026-05-05 10:57:04,608][two_tower_confounding.experiments.diagnostics][INFO] - [Test] clicks=0, displays=0, ctr=0.0000, ctr_per_doc=0.0000
[2026-05-05 10:57:04,608][two_tower_confounding.experiments.ips_pipeline][INFO] - Running estimator pipeline with model='dm'
[2026-05-05 10:57:04,608][two_tower_confounding.experiments.ips_pipeline][INFO] - Computing position bias (alpha)...
[2026-05-05 10:57:04,615][two_tower_confounding.experiments.ips_pipeline][INFO] - Loaded CSV position bias from /gpfs/home5/sfris1/Doubly-Robust-Optimization-With-Two-Tower-Models/results/position_bias_csv_smoke.csv (method=adjacent_chain): [ 0.         -0.71397245 -1.244342   -1.7140291  -2.012362   -2.6938226
 -2.8869438  -2.8939126  -2.4723957  -2.4125772  -2.3637872  -2.2240252
 -2.575423   -2.863105   -2.863105   -2.9118953  -6.9077554  -6.9077554
 -6.9077554  -6.9077554  -6.9077554  -6.9077554  -6.9077554  -6.9077554
 -6.9077554 ]
[2026-05-05 10:57:04,616][two_tower_confounding.experiments.propensity_pipeline][INFO] - Computing propensity per doc (method=propensity_mlp_regression)...
[2026-05-05 10:57:05,115][two_tower_confounding.experiments.propensity_pipeline][INFO] - Subsampling propensity classifier training data: 50000/72743 samples
[2026-05-05 10:59:23,906][two_tower_confounding.experiments.propensity_pipeline][INFO] - Propensity computed in 139.29 seconds
[2026-05-05 10:59:23,906][two_tower_confounding.experiments.propensity_pipeline][INFO] - Alpha logits: [ 0.     -0.714  -1.2443 -1.714  -2.0124 -2.6938 -2.8869 -2.8939 -2.4724
 -2.4126 -2.3638 -2.224  -2.5754 -2.8631 -2.8631 -2.9119 -6.9078 -6.9078
 -6.9078 -6.9078 -6.9078 -6.9078 -6.9078 -6.9078 -6.9078]
[2026-05-05 10:59:23,907][two_tower_confounding.experiments.propensity_pipeline][INFO] - Alpha: [0.5    0.3287 0.2237 0.1526 0.1179 0.0633 0.0528 0.0525 0.0778 0.0822
 0.086  0.0976 0.0707 0.054  0.054  0.0516 0.001  0.001  0.001  0.001
 0.001  0.001  0.001  0.001  0.001 ]
[2026-05-05 10:59:23,908][two_tower_confounding.experiments.propensity_pipeline][INFO] - Propensity clipping disabled.
[2026-05-05 10:59:25,436][two_tower_confounding.experiments.regression_pipeline][INFO] - Training regression model for DM/DR...
[2026-05-05 11:00:46,000][two_tower_confounding.experiments.regression_pipeline][INFO] - Regression epoch 3: train_loss=0.132922 val_loss=0.147915
[2026-05-05 11:02:05,737][two_tower_confounding.experiments.regression_pipeline][INFO] - Regression epoch 6: train_loss=0.124151 val_loss=0.145815
[2026-05-05 11:03:25,210][two_tower_confounding.experiments.regression_pipeline][INFO] - Regression epoch 9: train_loss=0.124062 val_loss=0.149820
[2026-05-05 11:03:31,323][two_tower_confounding.experiments.ips_pipeline][INFO] - Computing DM doc weights...
[2026-05-05 11:03:31,323][two_tower_confounding.experiments.ips_pipeline][INFO] - Doc weights computed in 0.00 seconds
[2026-05-05 11:03:31,334][two_tower_confounding.experiments.model_pipeline][INFO] - Loading trainer (trainer_type='pl-rank', n_samples=100)...
[2026-05-05 11:03:31,336][two_tower_confounding.experiments.model_pipeline][INFO] - Trainer loaded in 0.00 seconds
[2026-05-05 11:03:31,336][two_tower_confounding.experiments.model_pipeline][INFO] - Training model...
[2026-05-05 11:43:22,356][two_tower_confounding.experiments.ips_pipeline][INFO] - Final evaluation results:
{'metrics': {'CTR': 0.9211244583129883,
             'DCG': 2.613011121749878,
             'NCTR': 0.666334331035614,
             'NDCG': 0.7609326839447021,
             'NDCG@25': 0.7609326839447021,
             'NRCTR': 0.666334331035614,
             'RCTR': 0.9211244583129883}}
[2026-05-05 11:43:22,388][submitit][INFO] - Job completed successfully
[2026-05-05 11:43:22,398][submitit][INFO] - Exiting after successful completion
