[2026-05-03 14:54:30,405][two_tower_confounding.experiments.config_resolver][WARNING] - test_clicks=500000 is ignored because test_set_mode='label_only'. Set test_set_mode='clicks' to enable legacy click-based test behavior.
[2026-05-03 14:54:30,412][two_tower_confounding.experiments.data_pipeline][INFO] - Loading or generating click datasets...
[2026-05-03 14:56:03,588][absl][INFO] - orbax-checkpoint version: 0.11.37
[2026-05-03 14:56:03,589][absl][INFO] - save_device_host_concurrent_bytes=None
[2026-05-03 14:56:03,589][absl][INFO] - Created BasePyTreeCheckpointHandler: use_ocdbt=True, use_zarr3=False, pytree_metadata_options=PyTreeMetadataOptions(support_rich_types=False), array_metadata_store=<orbax.checkpoint._src.metadata.array_metadata_store.Store object at 0x150239dfb610>, enable_pinned_host_transfer=False, save_concurrent_bytes: 96000000000 (89.4 GiB), restore_concurrent_bytes: 96000000000 (89.4 GiB)
[2026-05-03 14:56:03,590][absl][INFO] - [thread=MainThread] Failed to get flag value for EXPERIMENTAL_ORBAX_USE_DISTRIBUTED_PROCESS_ID.
[2026-05-03 14:56:03,590][absl][INFO] - [process=0][thread=MainThread] Using barrier_sync_fn: <function get_barrier_sync_fn.<locals>.<lambda> at 0x1501a69518a0> timeout: 1200 secs and primary_host=0 for async checkpoint writes
[2026-05-03 14:56:03,590][absl][INFO] - [process=0] [sync] Started load checkpoint @ /gpfs/home5/sfris1/ltr_datasets/ips_datasets/istella_logging_policy_c10000_ps1p0_pt0p5_bs1p0_drop0rel0_sessallocv2_candfullv2_topx25_maxdocs200_lprdeep_lpsegreedysampler_lppct10p0.
[2026-05-03 14:56:03,594][absl][INFO] - Restoring checkpoint from /gpfs/home5/sfris1/ltr_datasets/ips_datasets/istella_logging_policy_c10000_ps1p0_pt0p5_bs1p0_drop0rel0_sessallocv2_candfullv2_topx25_maxdocs200_lprdeep_lpsegreedysampler_lppct10p0.
[2026-05-03 14:56:03,594][absl][INFO] - [process=0] [sync] Finished blocking load in 0.00 seconds. Continuing load @ /gpfs/home5/sfris1/ltr_datasets/ips_datasets/istella_logging_policy_c10000_ps1p0_pt0p5_bs1p0_drop0rel0_sessallocv2_candfullv2_topx25_maxdocs200_lprdeep_lpsegreedysampler_lppct10p0.
[2026-05-03 14:56:03,612][absl][INFO] - [process=0] /jax/orbax/read/worker/io/requested throughput: 2.593 MiB/s (total gbytes: 31.6 KiB) (time elapsed: 0.011913299560546875 s) (per-host)
[2026-05-03 14:56:03,614][absl][INFO] - [process=0] /jax/checkpoint/read/gbytes_per_sec: 1.639 MiB/s (total gbytes: 31.6 KiB) (time elapsed: 0.018843889236450195 s) (per-host)
[2026-05-03 14:56:03,614][absl][INFO] - [process=0] [sync] Finished load in 0.02 seconds @ /gpfs/home5/sfris1/ltr_datasets/ips_datasets/istella_logging_policy_c10000_ps1p0_pt0p5_bs1p0_drop0rel0_sessallocv2_candfullv2_topx25_maxdocs200_lprdeep_lpsegreedysampler_lppct10p0
[2026-05-03 14:56:08,652][two_tower_confounding.experiments.data_pipeline][INFO] - Loaded click datasets in 98.24 seconds (train=7274, val=2726, test=0)
[2026-05-03 14:56:08,652][two_tower_confounding.experiments.data_pipeline][INFO] - Test split is label-only by design; no test click dataset was loaded.
[2026-05-03 14:56:08,653][two_tower_confounding.data.runtime.alignment][INFO] - Applying data cutoff override: configured=25, natural=25, effective=25
[2026-05-03 14:56:08,653][two_tower_confounding.data.runtime.alignment][INFO] - Applying data cutoff override: configured=25, natural=25, effective=25
[2026-05-03 14:56:08,748][two_tower_confounding.data.runtime.aggregation][INFO] - Initializing simulator...
[2026-05-03 14:56:08,748][two_tower_confounding.data.runtime.aggregation][INFO] - Aggregating train dataset...
[2026-05-03 14:56:15,101][two_tower_confounding.data.runtime.aggregation][INFO] - Aggregating validation dataset...
[2026-05-03 14:56:18,655][two_tower_confounding.data.runtime.aggregation][INFO] - Aggregating test dataset from labels only...
[2026-05-03 14:56:20,307][two_tower_confounding.data.runtime.aggregation][INFO] - Aggregation done in 11.56 seconds
[2026-05-03 14:56:20,309][two_tower_confounding.data.runtime.aggregation][INFO] - Session usage after aggregation: requested(train=7274,val=2726), actual(train=7274,val=2726,test=0)
[2026-05-03 14:56:20,309][two_tower_confounding.data.runtime.aggregation][INFO] - Dataset persistence disabled; skipping aggregated dataset cache save.
[2026-05-03 14:56:20,309][two_tower_confounding.experiments.ips_pipeline][INFO] - Test split uses label-only evaluation; raw test click diagnostics are skipped.
[2026-05-03 14:56:20,363][two_tower_confounding.experiments.diagnostics][INFO] - [Data] train_docs=2043304, val_docs=684076, test_docs=681250, cutoff=25
[2026-05-03 14:56:20,462][two_tower_confounding.experiments.diagnostics][INFO] - [Train] clicks=1602, displays=181084, ctr=0.0088, ctr_per_doc=0.0088
[2026-05-03 14:56:20,556][two_tower_confounding.experiments.diagnostics][INFO] - [Validation] clicks=588, displays=67606, ctr=0.0087, ctr_per_doc=0.0087
[2026-05-03 14:56:20,645][two_tower_confounding.experiments.diagnostics][INFO] - [Test] clicks=0, displays=0, ctr=0.0000, ctr_per_doc=0.0000
[2026-05-03 14:56:20,646][two_tower_confounding.experiments.ips_pipeline][INFO] - Running estimator pipeline with model='ips'
[2026-05-03 14:56:20,646][two_tower_confounding.experiments.ips_pipeline][INFO] - Computing position bias (alpha)...
[2026-05-03 14:56:20,655][two_tower_confounding.experiments.ips_pipeline][INFO] - Loaded CSV position bias from /gpfs/home5/sfris1/Doubly-Robust-Optimization-With-Two-Tower-Models/results/position_bias_csv_smoke.csv (method=adjacent_chain): [ 0.        -0.6931472 -6.9077554 -6.9077554 -6.9077554 -6.9077554
 -6.9077554 -6.9077554 -6.9077554 -6.9077554 -6.9077554 -6.9077554
 -6.9077554 -6.9077554 -6.9077554 -6.9077554 -6.9077554 -6.9077554
 -6.9077554 -6.9077554 -6.9077554 -6.9077554 -6.9077554 -6.9077554
 -6.9077554]
[2026-05-03 14:56:20,656][two_tower_confounding.experiments.propensity_pipeline][INFO] - Computing propensity per doc (method=true_propensity)...
[2026-05-03 14:56:47,571][two_tower_confounding.experiments.propensity_pipeline][INFO] - Propensity computed in 26.92 seconds
[2026-05-03 14:56:47,572][two_tower_confounding.experiments.propensity_pipeline][INFO] - Alpha logits: [ 0.        -0.6931472 -6.9077554 -6.9077554 -6.9077554 -6.9077554
 -6.9077554 -6.9077554 -6.9077554 -6.9077554 -6.9077554 -6.9077554
 -6.9077554 -6.9077554 -6.9077554 -6.9077554 -6.9077554 -6.9077554
 -6.9077554 -6.9077554 -6.9077554 -6.9077554 -6.9077554 -6.9077554
 -6.9077554]
[2026-05-03 14:56:47,572][two_tower_confounding.experiments.propensity_pipeline][INFO] - Alpha: [0.5        0.33333334 0.000999   0.000999   0.000999   0.000999
 0.000999   0.000999   0.000999   0.000999   0.000999   0.000999
 0.000999   0.000999   0.000999   0.000999   0.000999   0.000999
 0.000999   0.000999   0.000999   0.000999   0.000999   0.000999
 0.000999  ]
[2026-05-03 14:56:47,573][two_tower_confounding.experiments.propensity_pipeline][INFO] - Propensity clipping disabled.
[2026-05-03 14:56:47,573][two_tower_confounding.experiments.ips_pipeline][INFO] - Computing IPS doc weights...
[2026-05-03 14:56:48,089][two_tower_confounding.experiments.ips_pipeline][INFO] - Doc weights computed in 0.52 seconds
[2026-05-03 14:56:48,122][two_tower_confounding.experiments.model_pipeline][INFO] - Loading trainer (trainer_type='pl-rank', n_samples=100)...
[2026-05-03 14:56:48,124][two_tower_confounding.experiments.model_pipeline][INFO] - Trainer loaded in 0.00 seconds
[2026-05-03 14:56:48,124][two_tower_confounding.experiments.model_pipeline][INFO] - Training model...
[2026-05-03 15:02:03,560][two_tower_confounding.experiments.ips_pipeline][INFO] - Final evaluation results:
{'metrics': {'CTR': 0.365389883518219,
             'DCG': 2.092582941055298,
             'NCTR': 0.45482543110847473,
             'NDCG': 0.607113778591156,
             'NDCG@25': 0.607113778591156,
             'NRCTR': 0.45482543110847473,
             'RCTR': 0.365389883518219}}
[2026-05-03 15:02:03,610][submitit][INFO] - Job completed successfully
[2026-05-03 15:02:03,621][submitit][INFO] - Exiting after successful completion
