[2026-04-22 16:23:46,177][jax._src.xla_bridge][ERROR] - Jax plugin configuration error: Exception when calling jax_plugins.xla_cuda12.initialize()
Traceback (most recent call last):
  File "/gpfs/home5/sfris1/two-towers-confounding-project/.venv/lib/python3.11/site-packages/jax/_src/xla_bridge.py", line 485, in discover_pjrt_plugins
    plugin_module.initialize()
  File "/gpfs/home5/sfris1/two-towers-confounding-project/.venv/lib/python3.11/site-packages/jax_plugins/xla_cuda12/__init__.py", line 328, in initialize
    _check_cuda_versions(raise_on_first_error=True)
  File "/gpfs/home5/sfris1/two-towers-confounding-project/.venv/lib/python3.11/site-packages/jax_plugins/xla_cuda12/__init__.py", line 285, in _check_cuda_versions
    local_device_count = cuda_versions.cuda_device_count()
                         ^^^^^^^^^^^^^^^^^^^^^^^^^^^^^^^^^
RuntimeError: jaxlib/cuda/versions_helpers.cc:113: operation cuInit(0) failed: CUDA_ERROR_NO_DEVICE
[2026-04-22 16:23:47,209][two_tower_confounding.experiments.ips_pipeline][WARNING] - wandb.init failed (Error uploading run: returned error 403: {"data":{"upsertBucket":null},"errors":[{"message":"permission denied","path":["upsertBucket"],"extensions":{"code":"PERMISSION_ERROR"}}]}). Continuing with local logging only.
[2026-04-22 16:23:47,210][two_tower_confounding.experiments.ips_pipeline][WARNING] - Disabling wandb for trainer components because initialization failed.
[2026-04-22 16:23:47,211][two_tower_confounding.experiments.config_resolver][WARNING] - test_clicks=500000 is ignored because test_set_mode='label_only'. Set test_set_mode='clicks' to enable legacy click-based test behavior.
[2026-04-22 16:23:47,217][two_tower_confounding.experiments.data_pipeline][INFO] - Loading or generating click datasets...
[2026-04-22 16:24:10,907][absl][INFO] - orbax-checkpoint version: 0.11.25
[2026-04-22 16:24:10,907][absl][INFO] - Created BasePyTreeCheckpointHandler: use_ocdbt=True, use_zarr3=False, pytree_metadata_options=PyTreeMetadataOptions(support_rich_types=False), array_metadata_store=<orbax.checkpoint._src.metadata.array_metadata_store.Store object at 0x14bfc5022210>, enable_pinned_host_transfer=False, save_concurrent_bytes: 96000000000 (89.4 GiB), restore_concurrent_bytes: 96000000000 (89.4 GiB)
[2026-04-22 16:24:10,907][absl][INFO] - [thread=MainThread] Failed to get flag value for EXPERIMENTAL_ORBAX_USE_DISTRIBUTED_PROCESS_ID.
[2026-04-22 16:24:10,908][absl][INFO] - [process=0][thread=MainThread] Using barrier_sync_fn: <function get_barrier_sync_fn.<locals>.<lambda> at 0x14bf07c71300> timeout: 600 secs and primary_host=0 for async checkpoint writes
[2026-04-22 16:24:10,910][absl][INFO] - Restoring checkpoint from /gpfs/home5/sfris1/ltr_datasets/ips_datasets/logging_policy_c10000_ps1p0_pt0p5_bs1p0_drop0rel0_sessallocv2_candfullv2_topx25_maxdocs80_lprdeep_lpsegreedysampler_lppct10p0.
[2026-04-22 16:24:10,931][absl][INFO] - [process=0] /jax/checkpoint/read/gbytes_per_sec: 0 Bytes/s (total gbytes: 91.8 KiB) (time elapsed: 19 milliseconds) (per-host)
[2026-04-22 16:24:10,931][absl][INFO] - Finished restoring checkpoint in 0.02 seconds from /gpfs/home5/sfris1/ltr_datasets/ips_datasets/logging_policy_c10000_ps1p0_pt0p5_bs1p0_drop0rel0_sessallocv2_candfullv2_topx25_maxdocs80_lprdeep_lpsegreedysampler_lppct10p0.
[2026-04-22 16:24:15,772][two_tower_confounding.experiments.data_pipeline][INFO] - Loaded click datasets in 28.55 seconds (train=8694, val=1306, test=0)
[2026-04-22 16:24:15,772][two_tower_confounding.experiments.data_pipeline][INFO] - Test split is label-only by design; no test click dataset was loaded.
[2026-04-22 16:24:15,773][two_tower_confounding.data.runtime.alignment][INFO] - Applying data cutoff override: configured=25, natural=25, effective=25
[2026-04-22 16:24:15,773][two_tower_confounding.data.runtime.alignment][INFO] - Applying data cutoff override: configured=25, natural=25, effective=25
[2026-04-22 16:24:15,900][two_tower_confounding.data.runtime.aggregation][INFO] - Initializing simulator...
[2026-04-22 16:24:15,901][two_tower_confounding.data.runtime.aggregation][INFO] - Aggregating train dataset...
[2026-04-22 16:24:22,636][two_tower_confounding.data.runtime.aggregation][INFO] - Aggregating validation dataset...
[2026-04-22 16:24:25,414][two_tower_confounding.data.runtime.aggregation][INFO] - Aggregating test dataset from labels only...
[2026-04-22 16:24:27,151][two_tower_confounding.data.runtime.aggregation][INFO] - Aggregation done in 11.25 seconds
[2026-04-22 16:24:27,151][two_tower_confounding.data.runtime.aggregation][INFO] - Session usage after aggregation: requested(train=8694,val=1306), actual(train=8694,val=1306,test=0)
[2026-04-22 16:24:27,151][two_tower_confounding.data.runtime.aggregation][INFO] - Dataset persistence disabled; skipping aggregated dataset cache save.
[2026-04-22 16:24:27,151][two_tower_confounding.experiments.ips_pipeline][INFO] - Test split uses label-only evaluation; raw test click diagnostics are skipped.
[2026-04-22 16:24:27,179][two_tower_confounding.experiments.diagnostics][INFO] - [Data] train_docs=470251, val_docs=70687, test_docs=164676, cutoff=25
[2026-04-22 16:24:27,248][two_tower_confounding.experiments.diagnostics][INFO] - [Train] clicks=1442, displays=147751, ctr=0.0098, ctr_per_doc=0.0098
[2026-04-22 16:24:27,315][two_tower_confounding.experiments.diagnostics][INFO] - [Validation] clicks=175, displays=21330, ctr=0.0082, ctr_per_doc=0.0082
[2026-04-22 16:24:27,383][two_tower_confounding.experiments.diagnostics][INFO] - [Test] clicks=0, displays=0, ctr=0.0000, ctr_per_doc=0.0000
[2026-04-22 16:24:27,384][two_tower_confounding.experiments.ips_pipeline][INFO] - Running estimator pipeline with model='ips'
[2026-04-22 16:24:27,384][two_tower_confounding.experiments.ips_pipeline][INFO] - Computing position bias (alpha)...
[2026-04-22 16:24:27,389][submitit][INFO] - Job completed successfully
[2026-04-22 16:24:27,398][submitit][INFO] - Exiting after successful completion
[2026-04-22 16:48:08,949][jax._src.xla_bridge][ERROR] - Jax plugin configuration error: Exception when calling jax_plugins.xla_cuda12.initialize()
Traceback (most recent call last):
  File "/gpfs/home5/sfris1/two-towers-confounding-project/.venv/lib/python3.11/site-packages/jax/_src/xla_bridge.py", line 485, in discover_pjrt_plugins
    plugin_module.initialize()
  File "/gpfs/home5/sfris1/two-towers-confounding-project/.venv/lib/python3.11/site-packages/jax_plugins/xla_cuda12/__init__.py", line 328, in initialize
    _check_cuda_versions(raise_on_first_error=True)
  File "/gpfs/home5/sfris1/two-towers-confounding-project/.venv/lib/python3.11/site-packages/jax_plugins/xla_cuda12/__init__.py", line 285, in _check_cuda_versions
    local_device_count = cuda_versions.cuda_device_count()
                         ^^^^^^^^^^^^^^^^^^^^^^^^^^^^^^^^^
RuntimeError: jaxlib/cuda/versions_helpers.cc:113: operation cuInit(0) failed: CUDA_ERROR_NO_DEVICE
[2026-04-22 16:48:16,043][two_tower_confounding.experiments.ips_pipeline][WARNING] - wandb.init failed (Error uploading run: returned error 403: {"data":{"upsertBucket":null},"errors":[{"message":"permission denied","path":["upsertBucket"],"extensions":{"code":"PERMISSION_ERROR"}}]}). Continuing with local logging only.
[2026-04-22 16:48:16,044][two_tower_confounding.experiments.ips_pipeline][WARNING] - Disabling wandb for trainer components because initialization failed.
[2026-04-22 16:48:16,045][two_tower_confounding.experiments.config_resolver][WARNING] - test_clicks=500000 is ignored because test_set_mode='label_only'. Set test_set_mode='clicks' to enable legacy click-based test behavior.
[2026-04-22 16:48:16,051][two_tower_confounding.experiments.data_pipeline][INFO] - Loading or generating click datasets...
[2026-04-22 16:48:39,937][absl][INFO] - orbax-checkpoint version: 0.11.25
[2026-04-22 16:48:39,938][absl][INFO] - Created BasePyTreeCheckpointHandler: use_ocdbt=True, use_zarr3=False, pytree_metadata_options=PyTreeMetadataOptions(support_rich_types=False), array_metadata_store=<orbax.checkpoint._src.metadata.array_metadata_store.Store object at 0x1532bd6dd6d0>, enable_pinned_host_transfer=False, save_concurrent_bytes: 96000000000 (89.4 GiB), restore_concurrent_bytes: 96000000000 (89.4 GiB)
[2026-04-22 16:48:39,940][absl][INFO] - [thread=MainThread] Failed to get flag value for EXPERIMENTAL_ORBAX_USE_DISTRIBUTED_PROCESS_ID.
[2026-04-22 16:48:39,940][absl][INFO] - [process=0][thread=MainThread] Using barrier_sync_fn: <function get_barrier_sync_fn.<locals>.<lambda> at 0x1531f802d300> timeout: 600 secs and primary_host=0 for async checkpoint writes
[2026-04-22 16:48:39,943][absl][INFO] - Restoring checkpoint from /gpfs/home5/sfris1/ltr_datasets/ips_datasets/logging_policy_c10000_ps1p0_pt0p5_bs1p0_drop0rel0_sessallocv2_candfullv2_topx25_maxdocs80_lprdeep_lpsegreedysampler_lppct10p0.
[2026-04-22 16:48:39,963][absl][INFO] - [process=0] /jax/checkpoint/read/gbytes_per_sec: 0 Bytes/s (total gbytes: 91.8 KiB) (time elapsed: 19 milliseconds) (per-host)
[2026-04-22 16:48:39,964][absl][INFO] - Finished restoring checkpoint in 0.02 seconds from /gpfs/home5/sfris1/ltr_datasets/ips_datasets/logging_policy_c10000_ps1p0_pt0p5_bs1p0_drop0rel0_sessallocv2_candfullv2_topx25_maxdocs80_lprdeep_lpsegreedysampler_lppct10p0.
[2026-04-22 16:48:44,797][two_tower_confounding.experiments.data_pipeline][INFO] - Loaded click datasets in 28.75 seconds (train=8694, val=1306, test=0)
[2026-04-22 16:48:44,797][two_tower_confounding.experiments.data_pipeline][INFO] - Test split is label-only by design; no test click dataset was loaded.
[2026-04-22 16:48:44,797][two_tower_confounding.data.runtime.alignment][INFO] - Applying data cutoff override: configured=25, natural=25, effective=25
[2026-04-22 16:48:44,798][two_tower_confounding.data.runtime.alignment][INFO] - Applying data cutoff override: configured=25, natural=25, effective=25
[2026-04-22 16:48:44,920][two_tower_confounding.data.runtime.aggregation][INFO] - Initializing simulator...
[2026-04-22 16:48:44,921][two_tower_confounding.data.runtime.aggregation][INFO] - Aggregating train dataset...
[2026-04-22 16:48:51,670][two_tower_confounding.data.runtime.aggregation][INFO] - Aggregating validation dataset...
[2026-04-22 16:48:54,446][two_tower_confounding.data.runtime.aggregation][INFO] - Aggregating test dataset from labels only...
[2026-04-22 16:48:56,242][two_tower_confounding.data.runtime.aggregation][INFO] - Aggregation done in 11.32 seconds
[2026-04-22 16:48:56,243][two_tower_confounding.data.runtime.aggregation][INFO] - Session usage after aggregation: requested(train=8694,val=1306), actual(train=8694,val=1306,test=0)
[2026-04-22 16:48:56,243][two_tower_confounding.data.runtime.aggregation][INFO] - Dataset persistence disabled; skipping aggregated dataset cache save.
[2026-04-22 16:48:56,243][two_tower_confounding.experiments.ips_pipeline][INFO] - Test split uses label-only evaluation; raw test click diagnostics are skipped.
[2026-04-22 16:48:56,268][two_tower_confounding.experiments.diagnostics][INFO] - [Data] train_docs=470251, val_docs=70687, test_docs=164676, cutoff=25
[2026-04-22 16:48:56,338][two_tower_confounding.experiments.diagnostics][INFO] - [Train] clicks=1442, displays=147751, ctr=0.0098, ctr_per_doc=0.0098
[2026-04-22 16:48:56,405][two_tower_confounding.experiments.diagnostics][INFO] - [Validation] clicks=175, displays=21330, ctr=0.0082, ctr_per_doc=0.0082
[2026-04-22 16:48:56,473][two_tower_confounding.experiments.diagnostics][INFO] - [Test] clicks=0, displays=0, ctr=0.0000, ctr_per_doc=0.0000
[2026-04-22 16:48:56,473][two_tower_confounding.experiments.ips_pipeline][INFO] - Running estimator pipeline with model='ips'
[2026-04-22 16:48:56,473][two_tower_confounding.experiments.ips_pipeline][INFO] - Computing position bias (alpha)...
[2026-04-22 16:48:56,484][two_tower_confounding.experiments.ips_pipeline][INFO] - Loaded CSV position bias from /gpfs/home5/sfris1/Doubly-Robust-Optimization-With-Two-Tower-Models/results/position_bias_csv_smoke.csv (method=pivot_one): [ 0.         -0.56798404 -0.31237468 -0.14310084 -1.1451323  -1.7635885
 -2.6390574  -1.4350846  -6.9077554  -6.9077554  -1.2527629  -6.9077554
 -6.9077554  -1.3862944  -6.9077554  -1.609438   -6.9077554  -6.9077554
 -6.9077554  -6.9077554  -6.9077554  -6.9077554  -6.9077554  -6.9077554
 -6.9077554 ]
[2026-04-22 16:48:56,486][two_tower_confounding.experiments.propensity_pipeline][INFO] - Computing propensity per doc (method=frequency_based)...
[2026-04-22 16:49:04,877][two_tower_confounding.experiments.propensity_pipeline][INFO] - Propensity computed in 8.39 seconds
[2026-04-22 16:49:04,877][two_tower_confounding.experiments.propensity_pipeline][INFO] - Alpha logits: [ 0.         -0.56798404 -0.31237468 -0.14310084 -1.1451323  -1.7635885
 -2.6390574  -1.4350846  -6.9077554  -6.9077554  -1.2527629  -6.9077554
 -6.9077554  -1.3862944  -6.9077554  -1.609438   -6.9077554  -6.9077554
 -6.9077554  -6.9077554  -6.9077554  -6.9077554  -6.9077554  -6.9077554
 -6.9077554 ]
[2026-04-22 16:49:04,878][two_tower_confounding.experiments.propensity_pipeline][INFO] - Alpha: [0.5        0.3617021  0.4225352  0.4642857  0.2413793  0.14634146
 0.06666667 0.1923077  0.000999   0.000999   0.22222222 0.000999
 0.000999   0.2        0.000999   0.16666667 0.000999   0.000999
 0.000999   0.000999   0.000999   0.000999   0.000999   0.000999
 0.000999  ]
[2026-04-22 16:49:04,878][two_tower_confounding.experiments.propensity_pipeline][INFO] - Propensity clipping disabled.
[2026-04-22 16:49:04,879][two_tower_confounding.experiments.ips_pipeline][INFO] - Computing IPS doc weights...
[2026-04-22 16:49:05,523][two_tower_confounding.experiments.ips_pipeline][INFO] - Doc weights computed in 0.64 seconds
[2026-04-22 16:49:05,528][two_tower_confounding.experiments.model_pipeline][INFO] - Loading trainer (trainer_type='pl-rank', n_samples=100)...
[2026-04-22 16:49:05,529][two_tower_confounding.experiments.model_pipeline][INFO] - Trainer loaded in 0.00 seconds
[2026-04-22 16:49:05,530][two_tower_confounding.experiments.model_pipeline][INFO] - Training model...
[2026-04-22 16:50:24,475][two_tower_confounding.experiments.ips_pipeline][INFO] - Final evaluation results:
{'metrics': {'CTR': 0.8705987930297852,
             'DCG': 1.9778242111206055,
             'NCTR': 0.6176140904426575,
             'NDCG': 0.7214667201042175,
             'NDCG@25': 0.7214667201042175,
             'NRCTR': 0.6176140904426575,
             'RCTR': 0.8705987930297852}}
[2026-04-22 16:50:24,503][submitit][INFO] - Job completed successfully
[2026-04-22 16:50:24,513][submitit][INFO] - Exiting after successful completion
[2026-05-02 18:25:04,092][two_tower_confounding.experiments.config_resolver][WARNING] - test_clicks=500000 is ignored because test_set_mode='label_only'. Set test_set_mode='clicks' to enable legacy click-based test behavior.
[2026-05-02 18:25:04,099][two_tower_confounding.experiments.data_pipeline][INFO] - Loading or generating click datasets...
[2026-05-02 18:25:28,496][absl][INFO] - orbax-checkpoint version: 0.11.37
[2026-05-02 18:25:28,497][absl][INFO] - save_device_host_concurrent_bytes=None
[2026-05-02 18:25:28,497][absl][INFO] - Created BasePyTreeCheckpointHandler: use_ocdbt=True, use_zarr3=False, pytree_metadata_options=PyTreeMetadataOptions(support_rich_types=False), array_metadata_store=<orbax.checkpoint._src.metadata.array_metadata_store.Store object at 0x14bcae1ff790>, enable_pinned_host_transfer=False, save_concurrent_bytes: 96000000000 (89.4 GiB), restore_concurrent_bytes: 96000000000 (89.4 GiB)
[2026-05-02 18:25:28,497][absl][INFO] - [thread=MainThread] Failed to get flag value for EXPERIMENTAL_ORBAX_USE_DISTRIBUTED_PROCESS_ID.
[2026-05-02 18:25:28,497][absl][INFO] - [process=0][thread=MainThread] Using barrier_sync_fn: <function get_barrier_sync_fn.<locals>.<lambda> at 0x14bc14175800> timeout: 1200 secs and primary_host=0 for async checkpoint writes
[2026-05-02 18:25:28,498][absl][INFO] - [process=0] [sync] Started load checkpoint @ /gpfs/home5/sfris1/ltr_datasets/ips_datasets/logging_policy_c10000_ps1p0_pt0p5_bs1p0_drop0rel0_sessallocv2_candfullv2_topx25_maxdocs80_lprdeep_lpsegreedysampler_lppct10p0.
[2026-05-02 18:25:28,500][absl][INFO] - Restoring checkpoint from /gpfs/home5/sfris1/ltr_datasets/ips_datasets/logging_policy_c10000_ps1p0_pt0p5_bs1p0_drop0rel0_sessallocv2_candfullv2_topx25_maxdocs80_lprdeep_lpsegreedysampler_lppct10p0.
[2026-05-02 18:25:28,501][absl][INFO] - [process=0] [sync] Finished blocking load in 0.00 seconds. Continuing load @ /gpfs/home5/sfris1/ltr_datasets/ips_datasets/logging_policy_c10000_ps1p0_pt0p5_bs1p0_drop0rel0_sessallocv2_candfullv2_topx25_maxdocs80_lprdeep_lpsegreedysampler_lppct10p0.
[2026-05-02 18:25:28,520][absl][INFO] - [process=0] /jax/orbax/read/worker/io/requested throughput: 6.739 MiB/s (total gbytes: 91.8 KiB) (time elapsed: 0.013296127319335938 s) (per-host)
[2026-05-02 18:25:28,522][absl][INFO] - [process=0] /jax/checkpoint/read/gbytes_per_sec: 4.507 MiB/s (total gbytes: 91.8 KiB) (time elapsed: 0.019880056381225586 s) (per-host)
[2026-05-02 18:25:28,522][absl][INFO] - [process=0] [sync] Finished load in 0.02 seconds @ /gpfs/home5/sfris1/ltr_datasets/ips_datasets/logging_policy_c10000_ps1p0_pt0p5_bs1p0_drop0rel0_sessallocv2_candfullv2_topx25_maxdocs80_lprdeep_lpsegreedysampler_lppct10p0
[2026-05-02 18:25:32,740][two_tower_confounding.experiments.data_pipeline][INFO] - Loaded click datasets in 28.64 seconds (train=8694, val=1306, test=0)
[2026-05-02 18:25:32,741][two_tower_confounding.experiments.data_pipeline][INFO] - Test split is label-only by design; no test click dataset was loaded.
[2026-05-02 18:25:32,741][two_tower_confounding.data.runtime.alignment][INFO] - Applying data cutoff override: configured=25, natural=25, effective=25
[2026-05-02 18:25:32,741][two_tower_confounding.data.runtime.alignment][INFO] - Applying data cutoff override: configured=25, natural=25, effective=25
[2026-05-02 18:25:32,830][two_tower_confounding.data.runtime.aggregation][INFO] - Initializing simulator...
[2026-05-02 18:25:32,831][two_tower_confounding.data.runtime.aggregation][INFO] - Aggregating train dataset...
[2026-05-02 18:25:38,892][two_tower_confounding.data.runtime.aggregation][INFO] - Aggregating validation dataset...
[2026-05-02 18:25:41,173][two_tower_confounding.data.runtime.aggregation][INFO] - Aggregating test dataset from labels only...
[2026-05-02 18:25:42,845][two_tower_confounding.data.runtime.aggregation][INFO] - Aggregation done in 10.01 seconds
[2026-05-02 18:25:42,847][two_tower_confounding.data.runtime.aggregation][INFO] - Session usage after aggregation: requested(train=8694,val=1306), actual(train=8694,val=1306,test=0)
[2026-05-02 18:25:42,847][two_tower_confounding.data.runtime.aggregation][INFO] - Dataset persistence disabled; skipping aggregated dataset cache save.
[2026-05-02 18:25:42,847][two_tower_confounding.experiments.ips_pipeline][INFO] - Test split uses label-only evaluation; raw test click diagnostics are skipped.
[2026-05-02 18:25:42,869][two_tower_confounding.experiments.diagnostics][INFO] - [Data] train_docs=470251, val_docs=70687, test_docs=164676, cutoff=25
[2026-05-02 18:25:42,953][two_tower_confounding.experiments.diagnostics][INFO] - [Train] clicks=1442, displays=147751, ctr=0.0098, ctr_per_doc=0.0098
[2026-05-02 18:25:43,032][two_tower_confounding.experiments.diagnostics][INFO] - [Validation] clicks=175, displays=21330, ctr=0.0082, ctr_per_doc=0.0082
[2026-05-02 18:25:43,145][two_tower_confounding.experiments.diagnostics][INFO] - [Test] clicks=0, displays=0, ctr=0.0000, ctr_per_doc=0.0000
[2026-05-02 18:25:43,145][two_tower_confounding.experiments.ips_pipeline][INFO] - Running estimator pipeline with model='ips'
[2026-05-02 18:25:43,145][two_tower_confounding.experiments.ips_pipeline][INFO] - Computing position bias (alpha)...
[2026-05-02 18:25:43,154][two_tower_confounding.experiments.ips_pipeline][INFO] - Loaded CSV position bias from /gpfs/home5/sfris1/Doubly-Robust-Optimization-With-Two-Tower-Models/results/position_bias_csv_smoke.csv (method=pivot_one): [ 0.         -0.56798404 -0.31237468 -0.14310084 -1.1451323  -1.7635885
 -2.6390574  -1.4350846  -6.9077554  -6.9077554  -1.2527629  -6.9077554
 -6.9077554  -1.3862944  -6.9077554  -1.609438   -6.9077554  -6.9077554
 -6.9077554  -6.9077554  -6.9077554  -6.9077554  -6.9077554  -6.9077554
 -6.9077554 ]
[2026-05-02 18:25:43,155][two_tower_confounding.experiments.propensity_pipeline][INFO] - Computing propensity per doc (method=frequency_based)...
[2026-05-02 18:25:51,102][two_tower_confounding.experiments.propensity_pipeline][INFO] - Propensity computed in 7.95 seconds
[2026-05-02 18:25:51,102][two_tower_confounding.experiments.propensity_pipeline][INFO] - Alpha logits: [ 0.         -0.56798404 -0.31237468 -0.14310084 -1.1451323  -1.7635885
 -2.6390574  -1.4350846  -6.9077554  -6.9077554  -1.2527629  -6.9077554
 -6.9077554  -1.3862944  -6.9077554  -1.609438   -6.9077554  -6.9077554
 -6.9077554  -6.9077554  -6.9077554  -6.9077554  -6.9077554  -6.9077554
 -6.9077554 ]
[2026-05-02 18:25:51,103][two_tower_confounding.experiments.propensity_pipeline][INFO] - Alpha: [0.5        0.3617021  0.4225352  0.4642857  0.2413793  0.14634146
 0.06666667 0.1923077  0.000999   0.000999   0.22222222 0.000999
 0.000999   0.2        0.000999   0.16666667 0.000999   0.000999
 0.000999   0.000999   0.000999   0.000999   0.000999   0.000999
 0.000999  ]
[2026-05-02 18:25:51,104][two_tower_confounding.experiments.propensity_pipeline][INFO] - Propensity clipping disabled.
[2026-05-02 18:25:51,104][two_tower_confounding.experiments.ips_pipeline][INFO] - Computing IPS doc weights...
[2026-05-02 18:25:51,544][two_tower_confounding.experiments.ips_pipeline][INFO] - Doc weights computed in 0.44 seconds
[2026-05-02 18:25:51,551][two_tower_confounding.experiments.model_pipeline][INFO] - Loading trainer (trainer_type='pl-rank', n_samples=100)...
[2026-05-02 18:25:51,553][two_tower_confounding.experiments.model_pipeline][INFO] - Trainer loaded in 0.00 seconds
[2026-05-02 18:25:51,553][two_tower_confounding.experiments.model_pipeline][INFO] - Training model...
[2026-05-02 18:27:25,830][two_tower_confounding.experiments.ips_pipeline][INFO] - Final evaluation results:
{'metrics': {'CTR': 0.8738462924957275,
             'DCG': 1.9833645820617676,
             'NCTR': 0.619513213634491,
             'NDCG': 0.723058819770813,
             'NDCG@25': 0.723058819770813,
             'NRCTR': 0.619513213634491,
             'RCTR': 0.8738462924957275}}
[2026-05-02 18:27:25,856][submitit][INFO] - Job completed successfully
[2026-05-02 18:27:25,865][submitit][INFO] - Exiting after successful completion
