[2026-04-20 10:41:36,801][jax._src.xla_bridge][ERROR] - Jax plugin configuration error: Exception when calling jax_plugins.xla_cuda12.initialize()
Traceback (most recent call last):
  File "/gpfs/home5/sfris1/two-towers-confounding-project/.venv/lib/python3.11/site-packages/jax/_src/xla_bridge.py", line 485, in discover_pjrt_plugins
    plugin_module.initialize()
  File "/gpfs/home5/sfris1/two-towers-confounding-project/.venv/lib/python3.11/site-packages/jax_plugins/xla_cuda12/__init__.py", line 328, in initialize
    _check_cuda_versions(raise_on_first_error=True)
  File "/gpfs/home5/sfris1/two-towers-confounding-project/.venv/lib/python3.11/site-packages/jax_plugins/xla_cuda12/__init__.py", line 285, in _check_cuda_versions
    local_device_count = cuda_versions.cuda_device_count()
                         ^^^^^^^^^^^^^^^^^^^^^^^^^^^^^^^^^
RuntimeError: jaxlib/cuda/versions_helpers.cc:113: operation cuInit(0) failed: CUDA_ERROR_NO_DEVICE
[2026-04-20 10:41:37,765][two_tower_confounding.experiments.ips_pipeline][WARNING] - wandb.init failed (Error uploading run: returned error 403: {"data":{"upsertBucket":null},"errors":[{"message":"permission denied","path":["upsertBucket"],"extensions":{"code":"PERMISSION_ERROR"}}]}). Continuing with local logging only.
[2026-04-20 10:41:37,766][two_tower_confounding.experiments.ips_pipeline][WARNING] - Disabling wandb for trainer components because initialization failed.
[2026-04-20 10:41:37,766][two_tower_confounding.experiments.config_resolver][WARNING] - test_clicks=500000 is ignored because test_set_mode='label_only'. Set test_set_mode='clicks' to enable legacy click-based test behavior.
[2026-04-20 10:41:37,773][two_tower_confounding.experiments.data_pipeline][INFO] - Loading or generating click datasets...
[2026-04-20 10:42:39,249][absl][INFO] - orbax-checkpoint version: 0.11.25
[2026-04-20 10:42:39,249][absl][INFO] - Created BasePyTreeCheckpointHandler: use_ocdbt=True, use_zarr3=False, pytree_metadata_options=PyTreeMetadataOptions(support_rich_types=False), array_metadata_store=<orbax.checkpoint._src.metadata.array_metadata_store.Store object at 0x14ffd37b6950>, enable_pinned_host_transfer=False, save_concurrent_bytes: 96000000000 (89.4 GiB), restore_concurrent_bytes: 96000000000 (89.4 GiB)
[2026-04-20 10:42:39,250][absl][INFO] - [thread=MainThread] Failed to get flag value for EXPERIMENTAL_ORBAX_USE_DISTRIBUTED_PROCESS_ID.
[2026-04-20 10:42:39,250][absl][INFO] - [process=0][thread=MainThread] Using barrier_sync_fn: <function get_barrier_sync_fn.<locals>.<lambda> at 0x14ff09c5d3a0> timeout: 600 secs and primary_host=0 for async checkpoint writes
[2026-04-20 10:42:39,253][absl][INFO] - Restoring checkpoint from /gpfs/home5/sfris1/ltr_datasets/ips_datasets/logging_policy_c100000_ps1p0_pt0p5_bs1p0_drop0rel0_sessallocv2_candfullv2_topx25_maxdocs200_lprdeep_lpsegreedysampler_lppct10p0.
[2026-04-20 10:42:39,276][absl][INFO] - [process=0] /jax/checkpoint/read/gbytes_per_sec: 0 Bytes/s (total gbytes: 21.4 KiB) (time elapsed: 21 milliseconds) (per-host)
[2026-04-20 10:42:39,276][absl][INFO] - Finished restoring checkpoint in 0.03 seconds from /gpfs/home5/sfris1/ltr_datasets/ips_datasets/logging_policy_c100000_ps1p0_pt0p5_bs1p0_drop0rel0_sessallocv2_candfullv2_topx25_maxdocs200_lprdeep_lpsegreedysampler_lppct10p0.
[2026-04-20 10:42:51,691][two_tower_confounding.experiments.data_pipeline][INFO] - Loaded click datasets in 73.92 seconds (train=75000, val=25000, test=0)
[2026-04-20 10:42:51,691][two_tower_confounding.experiments.data_pipeline][INFO] - Test split is label-only by design; no test click dataset was loaded.
[2026-04-20 10:42:51,691][two_tower_confounding.data.runtime.alignment][INFO] - Applying data cutoff override: configured=25, natural=25, effective=25
[2026-04-20 10:42:51,691][two_tower_confounding.data.runtime.alignment][INFO] - Applying data cutoff override: configured=25, natural=25, effective=25
[2026-04-20 10:42:51,822][two_tower_confounding.data.runtime.aggregation][INFO] - Initializing simulator...
[2026-04-20 10:42:51,823][two_tower_confounding.data.runtime.aggregation][INFO] - Aggregating train dataset...
[2026-04-20 10:42:57,962][two_tower_confounding.data.runtime.aggregation][INFO] - Aggregating validation dataset...
[2026-04-20 10:43:01,295][two_tower_confounding.data.runtime.aggregation][INFO] - Aggregating test dataset from labels only...
[2026-04-20 10:43:02,349][two_tower_confounding.data.runtime.aggregation][INFO] - Aggregation done in 10.53 seconds
[2026-04-20 10:43:02,349][two_tower_confounding.data.runtime.aggregation][INFO] - Session usage after aggregation: requested(train=75000,val=25000), actual(train=75000,val=25000,test=0)
[2026-04-20 10:43:02,349][two_tower_confounding.data.runtime.aggregation][INFO] - Dataset persistence disabled; skipping aggregated dataset cache save.
[2026-04-20 10:43:02,349][two_tower_confounding.experiments.ips_pipeline][INFO] - Test split uses label-only evaluation; raw test click diagnostics are skipped.
[2026-04-20 10:43:02,406][two_tower_confounding.experiments.diagnostics][INFO] - [Data] train_docs=2132810, val_docs=707814, test_docs=708921, cutoff=25
[2026-04-20 10:43:02,492][two_tower_confounding.experiments.diagnostics][INFO] - [Train] clicks=8170, displays=1823611, ctr=0.0045, ctr_per_doc=0.0045
[2026-04-20 10:43:02,564][two_tower_confounding.experiments.diagnostics][INFO] - [Validation] clicks=2646, displays=608248, ctr=0.0044, ctr_per_doc=0.0044
[2026-04-20 10:43:02,635][two_tower_confounding.experiments.diagnostics][INFO] - [Test] clicks=0, displays=0, ctr=0.0000, ctr_per_doc=0.0000
[2026-04-20 10:43:02,636][two_tower_confounding.experiments.ips_pipeline][INFO] - Running estimator pipeline with model='ips'
[2026-04-20 10:43:02,636][two_tower_confounding.experiments.ips_pipeline][INFO] - Computing position bias (alpha)...
[2026-04-20 10:43:02,643][two_tower_confounding.experiments.ips_pipeline][INFO] - Loaded CSV position bias from /gpfs/home5/sfris1/Doubly-Robust-Optimization-With-Two-Tower-Models/results/position_bias_csv_smoke.csv (method=ctr): [ 0.        -0.7902519 -1.2760661 -1.6615218 -1.9336212 -2.0900147
 -2.3551056 -2.3590481 -2.556249  -2.6894243 -2.7909026 -2.9095302
 -2.9233193 -3.036587  -3.1577184 -3.141911  -3.5251951 -3.3161259
 -3.330596  -3.4236865 -3.5067904 -3.5764074 -3.564399  -3.5102262
 -3.7956536]
[2026-04-20 10:43:02,645][two_tower_confounding.experiments.propensity_pipeline][INFO] - Computing propensity per doc (method=frequency_based)...
[2026-04-20 10:47:34,507][two_tower_confounding.experiments.propensity_pipeline][INFO] - Propensity computed in 271.86 seconds
[2026-04-20 10:47:34,508][two_tower_confounding.experiments.propensity_pipeline][INFO] - Alpha logits: [ 0.        -0.7902519 -1.2760661 -1.6615218 -1.9336212 -2.0900147
 -2.3551056 -2.3590481 -2.556249  -2.6894243 -2.7909026 -2.9095302
 -2.9233193 -3.036587  -3.1577184 -3.141911  -3.5251951 -3.3161259
 -3.330596  -3.4236865 -3.5067904 -3.5764074 -3.564399  -3.5102262
 -3.7956536]
[2026-04-20 10:47:34,509][two_tower_confounding.experiments.propensity_pipeline][INFO] - Alpha: [0.5        0.3121146  0.21822062 0.15955782 0.12635031 0.11007112
 0.08666081 0.08634926 0.0720078  0.06360029 0.05781776 0.05168446
 0.05101277 0.0458001  0.04078822 0.04141119 0.02860379 0.0350221
 0.03453636 0.03156335 0.02911964 0.02721467 0.02753439 0.02902266
 0.02197449]
[2026-04-20 10:47:34,510][two_tower_confounding.experiments.propensity_pipeline][INFO] - Propensity clipping disabled.
[2026-04-20 10:47:34,510][two_tower_confounding.experiments.ips_pipeline][INFO] - Computing IPS doc weights...
[2026-04-20 10:47:35,256][two_tower_confounding.experiments.ips_pipeline][INFO] - Doc weights computed in 0.75 seconds
[2026-04-20 10:47:35,264][two_tower_confounding.experiments.model_pipeline][INFO] - Loading trainer (trainer_type='pl-rank', n_samples=100)...
[2026-04-20 10:47:35,266][two_tower_confounding.experiments.model_pipeline][INFO] - Trainer loaded in 0.00 seconds
[2026-04-20 10:47:35,266][two_tower_confounding.experiments.model_pipeline][INFO] - Training model...
[2026-04-20 11:05:29,356][two_tower_confounding.experiments.ips_pipeline][INFO] - Final evaluation results:
{'metrics': {'CTR': 0.5791220664978027,
             'DCG': 1.8479173183441162,
             'NCTR': 0.45641613006591797,
             'NDCG': 0.48127982020378113,
             'NDCG@25': 0.48127982020378113,
             'NRCTR': 0.45641613006591797,
             'RCTR': 0.5791220664978027}}
[2026-04-20 11:05:29,437][submitit][INFO] - Job completed successfully
[2026-04-20 11:05:29,448][submitit][INFO] - Exiting after successful completion
