[2026-06-18 16:55:09,127][feature_based_propensities_for_ULTR.experiments.config_resolver][WARNING] - test_clicks=500000 is ignored because test_set_mode='label_only'. Set test_set_mode='clicks' to enable legacy click-based test behavior.
[2026-06-18 16:55:09,132][feature_based_propensities_for_ULTR.experiments.data_pipeline][INFO] - Loading or generating click datasets...
[2026-06-18 16:56:09,824][absl][INFO] - orbax-checkpoint version: 0.11.40
[2026-06-18 16:56:09,824][absl][INFO] - save_device_host_concurrent_bytes=None
[2026-06-18 16:56:09,824][absl][INFO] - Created BasePyTreeCheckpointHandler: use_ocdbt=True, use_zarr3=False, pytree_metadata_options=PyTreeMetadataOptions(support_rich_types=False), array_metadata_store=<orbax.checkpoint._src.metadata.array_metadata_store.Store object at 0x153c0e93aed0>, enable_pinned_host_transfer=False, save_concurrent_bytes: 96000000000 (89.4 GiB), restore_concurrent_bytes: 96000000000 (89.4 GiB)
[2026-06-18 16:56:09,824][absl][INFO] - [thread=MainThread] Failed to get flag value for EXPERIMENTAL_ORBAX_USE_DISTRIBUTED_PROCESS_ID.
[2026-06-18 16:56:09,825][absl][INFO] - [process=0][thread=MainThread] Using barrier_sync_fn: <function get_barrier_sync_fn.<locals>.<lambda> at 0x153b6ea5b9c0> timeout: 1200 secs and primary_host=0 for async checkpoint writes
[2026-06-18 16:56:09,825][absl][INFO] - [process=0] [sync] Started load checkpoint @ /gpfs/home5/sfris1/ltr_datasets/ips_datasets/logging_policy_c10000_ps1p0_pt0p5_bs1p0_drop0rel0_sessallocv2_candfullv2_topx25_maxdocs200_lprdeep_lpsegreedysampler_lppct10p0.
[2026-06-18 16:56:09,827][absl][INFO] - Restoring checkpoint from /gpfs/home5/sfris1/ltr_datasets/ips_datasets/logging_policy_c10000_ps1p0_pt0p5_bs1p0_drop0rel0_sessallocv2_candfullv2_topx25_maxdocs200_lprdeep_lpsegreedysampler_lppct10p0.
[2026-06-18 16:56:09,828][absl][INFO] - [process=0] [sync] Finished blocking load in 0.00 seconds. Continuing load @ /gpfs/home5/sfris1/ltr_datasets/ips_datasets/logging_policy_c10000_ps1p0_pt0p5_bs1p0_drop0rel0_sessallocv2_candfullv2_topx25_maxdocs200_lprdeep_lpsegreedysampler_lppct10p0.
[2026-06-18 16:56:09,843][absl][INFO] - [process=0] /jax/orbax/read/worker/io/requested throughput: 1.920 MiB/s (total gbytes: 21.4 KiB) (time elapsed: 0.01087641716003418 s) (per-host)
[2026-06-18 16:56:09,845][absl][INFO] - [process=0] /jax/checkpoint/read/gbytes_per_sec: 1.280 MiB/s (total gbytes: 21.4 KiB) (time elapsed: 0.016304492950439453 s) (per-host)
[2026-06-18 16:56:09,845][absl][INFO] - [process=0] [sync] Finished load in 0.02 seconds @ /gpfs/home5/sfris1/ltr_datasets/ips_datasets/logging_policy_c10000_ps1p0_pt0p5_bs1p0_drop0rel0_sessallocv2_candfullv2_topx25_maxdocs200_lprdeep_lpsegreedysampler_lppct10p0
[2026-06-18 16:56:14,040][feature_based_propensities_for_ULTR.experiments.data_pipeline][INFO] - Loaded click datasets in 64.91 seconds (train=7500, val=2500, test=0)
[2026-06-18 16:56:14,040][feature_based_propensities_for_ULTR.experiments.data_pipeline][INFO] - Test split is label-only by design; no test click dataset was loaded.
[2026-06-18 16:56:14,041][feature_based_propensities_for_ULTR.data.runtime.alignment][INFO] - Applying data cutoff override: configured=25, natural=25, effective=25
[2026-06-18 16:56:14,041][feature_based_propensities_for_ULTR.data.runtime.alignment][INFO] - Applying data cutoff override: configured=25, natural=25, effective=25
[2026-06-18 16:56:14,131][feature_based_propensities_for_ULTR.data.runtime.aggregation][INFO] - Initializing simulator...
[2026-06-18 16:56:14,132][feature_based_propensities_for_ULTR.data.runtime.aggregation][INFO] - Aggregating train dataset...
[2026-06-18 16:56:19,222][feature_based_propensities_for_ULTR.data.runtime.aggregation][INFO] - Aggregating validation dataset...
[2026-06-18 16:56:22,165][feature_based_propensities_for_ULTR.data.runtime.aggregation][INFO] - Aggregating test dataset from labels only...
[2026-06-18 16:56:23,077][feature_based_propensities_for_ULTR.data.runtime.aggregation][INFO] - Aggregation done in 8.94 seconds
[2026-06-18 16:56:23,077][feature_based_propensities_for_ULTR.data.runtime.aggregation][INFO] - Session usage after aggregation: requested(train=7500,val=2500), actual(train=7500,val=2500,test=0)
[2026-06-18 16:56:23,077][feature_based_propensities_for_ULTR.data.runtime.aggregation][INFO] - Dataset persistence disabled; skipping aggregated dataset cache save.
[2026-06-18 16:56:23,077][feature_based_propensities_for_ULTR.experiments.ips_pipeline][INFO] - Test split uses label-only evaluation; raw test click diagnostics are skipped.
[2026-06-18 16:56:23,129][feature_based_propensities_for_ULTR.experiments.diagnostics][INFO] - [Data] train_docs=2132810, val_docs=707814, test_docs=708921, cutoff=25
[2026-06-18 16:56:23,226][feature_based_propensities_for_ULTR.experiments.diagnostics][INFO] - [Train] clicks=828, displays=182371, ctr=0.0045, ctr_per_doc=0.0045
[2026-06-18 16:56:23,314][feature_based_propensities_for_ULTR.experiments.diagnostics][INFO] - [Validation] clicks=280, displays=60770, ctr=0.0046, ctr_per_doc=0.0046
[2026-06-18 16:56:23,402][feature_based_propensities_for_ULTR.experiments.diagnostics][INFO] - [Test] clicks=0, displays=0, ctr=0.0000, ctr_per_doc=0.0000
[2026-06-18 16:56:23,402][feature_based_propensities_for_ULTR.experiments.ips_pipeline][INFO] - Running estimator pipeline with model='ips'
[2026-06-18 16:56:23,403][feature_based_propensities_for_ULTR.experiments.ips_pipeline][INFO] - Computing position bias (alpha)...
[2026-06-18 16:56:23,420][ultr_bias_toolkit.bias.intervention_harvesting.all_pairs][INFO] - Position bias estimation using global all pairs estimator
[2026-06-18 16:57:13,363][feature_based_propensities_for_ULTR.experiments.position_bias_pipeline][INFO] - Saved estimated position-bias curve to position_bias.json
[2026-06-18 16:57:13,363][feature_based_propensities_for_ULTR.experiments.ips_pipeline][INFO] - Estimated position bias in-run (estimator=global_all_pairs): [ 0.         -0.5959668  -1.3526795  -0.93776226 -1.7892464  -3.2243376
 -1.6025801  -6.692332   -6.9077554  -2.0305963  -2.632285   -6.8390837
 -1.6667209  -2.040378   -1.6950284  -2.4900312  -0.1925816  -3.0570128
 -5.5639987  -6.3825393  -6.5094156  -1.5053933   0.78414345 -6.9077554
 -1.9947841 ]
[2026-06-18 16:57:13,365][feature_based_propensities_for_ULTR.experiments.propensity_pipeline][INFO] - Computing propensity per doc (method=propensity_mlp_regression)...
[2026-06-18 16:57:55,808][feature_based_propensities_for_ULTR.experiments.propensity_pipeline][INFO] - Propensity computed in 42.44 seconds
[2026-06-18 16:57:55,809][feature_based_propensities_for_ULTR.experiments.propensity_pipeline][INFO] - Alpha logits: [ 0.     -0.596  -1.3527 -0.9378 -1.7892 -3.2243 -1.6026 -6.6923 -6.9078
 -2.0306 -2.6323 -6.8391 -1.6667 -2.0404 -1.695  -2.49   -0.1926 -3.057
 -5.564  -6.3825 -6.5094 -1.5054  0.7841 -6.9078 -1.9948]
[2026-06-18 16:57:55,810][feature_based_propensities_for_ULTR.experiments.propensity_pipeline][INFO] - Alpha: [0.5    0.3553 0.2054 0.2814 0.1432 0.0383 0.1676 0.0012 0.001  0.116
 0.0671 0.0011 0.1589 0.115  0.1551 0.0766 0.452  0.0449 0.0038 0.0017
 0.0015 0.1816 0.6866 0.001  0.1198]
[2026-06-18 16:57:55,810][feature_based_propensities_for_ULTR.experiments.propensity_pipeline][INFO] - Propensity clipping disabled.
[2026-06-18 16:57:55,810][feature_based_propensities_for_ULTR.experiments.ips_pipeline][INFO] - Computing IPS doc weights...
[2026-06-18 16:57:56,328][feature_based_propensities_for_ULTR.experiments.ips_pipeline][INFO] - Doc weights computed in 0.52 seconds
[2026-06-18 16:57:56,339][feature_based_propensities_for_ULTR.experiments.model_pipeline][INFO] - Loading trainer (trainer_type='pl-rank', n_samples=100)...
[2026-06-18 16:57:56,341][feature_based_propensities_for_ULTR.experiments.model_pipeline][INFO] - Trainer loaded in 0.00 seconds
[2026-06-18 16:57:56,342][feature_based_propensities_for_ULTR.experiments.model_pipeline][INFO] - Training model...
[2026-06-18 17:01:45,908][feature_based_propensities_for_ULTR.experiments.ips_pipeline][INFO] - Final evaluation results:
{'metrics': {'CTR': 0.8183121681213379,
             'DCG': 1.7295119762420654,
             'NCTR': 0.3744392991065979,
             'NDCG': 0.4470222592353821,
             'NDCG@25': 0.4470222592353821,
             'NRCTR': 0.3744392991065979,
             'RCTR': 0.8183121681213379}}
[2026-06-18 17:01:45,941][submitit][INFO] - Job completed successfully
[2026-06-18 17:01:45,951][submitit][INFO] - Exiting after successful completion
