[2026-06-18 15:29:03,952][feature_based_propensities_for_ULTR.experiments.config_resolver][WARNING] - test_clicks=500000 is ignored because test_set_mode='label_only'. Set test_set_mode='clicks' to enable legacy click-based test behavior.
[2026-06-18 15:29:03,957][feature_based_propensities_for_ULTR.experiments.data_pipeline][INFO] - Loading or generating click datasets...
[2026-06-18 15:29:27,270][absl][INFO] - orbax-checkpoint version: 0.11.40
[2026-06-18 15:29:27,270][absl][INFO] - save_device_host_concurrent_bytes=None
[2026-06-18 15:29:27,270][absl][INFO] - Created BasePyTreeCheckpointHandler: use_ocdbt=True, use_zarr3=False, pytree_metadata_options=PyTreeMetadataOptions(support_rich_types=False), array_metadata_store=<orbax.checkpoint._src.metadata.array_metadata_store.Store object at 0x14f14df22ad0>, enable_pinned_host_transfer=False, save_concurrent_bytes: 96000000000 (89.4 GiB), restore_concurrent_bytes: 96000000000 (89.4 GiB)
[2026-06-18 15:29:27,271][absl][INFO] - [thread=MainThread] Failed to get flag value for EXPERIMENTAL_ORBAX_USE_DISTRIBUTED_PROCESS_ID.
[2026-06-18 15:29:27,271][absl][INFO] - [process=0][thread=MainThread] Using barrier_sync_fn: <function get_barrier_sync_fn.<locals>.<lambda> at 0x14f0a7aef880> timeout: 1200 secs and primary_host=0 for async checkpoint writes
[2026-06-18 15:29:27,271][absl][INFO] - [process=0] [sync] Started load checkpoint @ /gpfs/home5/sfris1/ltr_datasets/ips_datasets/logging_policy_c10000_ps1p0_pt0p5_bs1p0_drop0rel0_sessallocv2_candfullv2_topx25_maxdocs80_lprdeep_lpsegreedysampler_lppct10p0.
[2026-06-18 15:29:27,274][absl][INFO] - Restoring checkpoint from /gpfs/home5/sfris1/ltr_datasets/ips_datasets/logging_policy_c10000_ps1p0_pt0p5_bs1p0_drop0rel0_sessallocv2_candfullv2_topx25_maxdocs80_lprdeep_lpsegreedysampler_lppct10p0.
[2026-06-18 15:29:27,274][absl][INFO] - [process=0] [sync] Finished blocking load in 0.00 seconds. Continuing load @ /gpfs/home5/sfris1/ltr_datasets/ips_datasets/logging_policy_c10000_ps1p0_pt0p5_bs1p0_drop0rel0_sessallocv2_candfullv2_topx25_maxdocs80_lprdeep_lpsegreedysampler_lppct10p0.
[2026-06-18 15:29:27,289][absl][INFO] - [process=0] /jax/orbax/read/worker/io/requested throughput: 8.335 MiB/s (total gbytes: 91.8 KiB) (time elapsed: 0.010750770568847656 s) (per-host)
[2026-06-18 15:29:27,291][absl][INFO] - [process=0] /jax/checkpoint/read/gbytes_per_sec: 5.533 MiB/s (total gbytes: 91.8 KiB) (time elapsed: 0.016194820404052734 s) (per-host)
[2026-06-18 15:29:27,291][absl][INFO] - [process=0] [sync] Finished load in 0.02 seconds @ /gpfs/home5/sfris1/ltr_datasets/ips_datasets/logging_policy_c10000_ps1p0_pt0p5_bs1p0_drop0rel0_sessallocv2_candfullv2_topx25_maxdocs80_lprdeep_lpsegreedysampler_lppct10p0
[2026-06-18 15:29:31,426][feature_based_propensities_for_ULTR.experiments.data_pipeline][INFO] - Loaded click datasets in 27.47 seconds (train=8694, val=1306, test=0)
[2026-06-18 15:29:31,426][feature_based_propensities_for_ULTR.experiments.data_pipeline][INFO] - Test split is label-only by design; no test click dataset was loaded.
[2026-06-18 15:29:31,427][feature_based_propensities_for_ULTR.data.runtime.alignment][INFO] - Applying data cutoff override: configured=25, natural=25, effective=25
[2026-06-18 15:29:31,427][feature_based_propensities_for_ULTR.data.runtime.alignment][INFO] - Applying data cutoff override: configured=25, natural=25, effective=25
[2026-06-18 15:29:31,518][feature_based_propensities_for_ULTR.data.runtime.aggregation][INFO] - Initializing simulator...
[2026-06-18 15:29:31,519][feature_based_propensities_for_ULTR.data.runtime.aggregation][INFO] - Aggregating train dataset...
[2026-06-18 15:29:37,673][feature_based_propensities_for_ULTR.data.runtime.aggregation][INFO] - Aggregating validation dataset...
[2026-06-18 15:29:40,216][feature_based_propensities_for_ULTR.data.runtime.aggregation][INFO] - Aggregating test dataset from labels only...
[2026-06-18 15:29:41,861][feature_based_propensities_for_ULTR.data.runtime.aggregation][INFO] - Aggregation done in 10.34 seconds
[2026-06-18 15:29:41,862][feature_based_propensities_for_ULTR.data.runtime.aggregation][INFO] - Session usage after aggregation: requested(train=8694,val=1306), actual(train=8694,val=1306,test=0)
[2026-06-18 15:29:41,862][feature_based_propensities_for_ULTR.data.runtime.aggregation][INFO] - Dataset persistence disabled; skipping aggregated dataset cache save.
[2026-06-18 15:29:41,862][feature_based_propensities_for_ULTR.experiments.ips_pipeline][INFO] - Test split uses label-only evaluation; raw test click diagnostics are skipped.
[2026-06-18 15:29:41,884][feature_based_propensities_for_ULTR.experiments.diagnostics][INFO] - [Data] train_docs=470251, val_docs=70687, test_docs=164676, cutoff=25
[2026-06-18 15:29:41,971][feature_based_propensities_for_ULTR.experiments.diagnostics][INFO] - [Train] clicks=1387, displays=146798, ctr=0.0094, ctr_per_doc=0.0094
[2026-06-18 15:29:42,051][feature_based_propensities_for_ULTR.experiments.diagnostics][INFO] - [Validation] clicks=211, displays=22027, ctr=0.0096, ctr_per_doc=0.0096
[2026-06-18 15:29:42,170][feature_based_propensities_for_ULTR.experiments.diagnostics][INFO] - [Test] clicks=0, displays=0, ctr=0.0000, ctr_per_doc=0.0000
[2026-06-18 15:29:42,170][feature_based_propensities_for_ULTR.experiments.ips_pipeline][INFO] - Running estimator pipeline with model='dm'
[2026-06-18 15:29:42,170][feature_based_propensities_for_ULTR.experiments.ips_pipeline][INFO] - Computing position bias (alpha)...
[2026-06-18 15:29:42,187][ultr_bias_toolkit.bias.intervention_harvesting.all_pairs][INFO] - Position bias estimation using global all pairs estimator
[2026-06-18 15:30:32,112][feature_based_propensities_for_ULTR.experiments.position_bias_pipeline][INFO] - Saved estimated position-bias curve to position_bias.json
[2026-06-18 15:30:32,112][feature_based_propensities_for_ULTR.experiments.ips_pipeline][INFO] - Estimated position bias in-run (estimator=global_all_pairs): [ 0.        -1.0514059 -1.0275564 -1.4137833 -2.243672  -1.780917
 -2.3847487 -2.1133244 -1.9514008 -2.4929583 -4.019623  -1.4679316
 -2.0065765 -2.2688222 -2.5689774 -1.7818109 -2.3225012 -3.2142787
 -4.231138  -3.096346  -2.2387936 -6.9077554 -6.9077554 -2.9621623
 -3.6381726]
[2026-06-18 15:30:32,114][feature_based_propensities_for_ULTR.experiments.propensity_pipeline][INFO] - Computing propensity per doc (method=propensity_mlp_regression)...
[2026-06-18 15:31:27,033][feature_based_propensities_for_ULTR.experiments.propensity_pipeline][INFO] - Propensity computed in 54.92 seconds
[2026-06-18 15:31:27,033][feature_based_propensities_for_ULTR.experiments.propensity_pipeline][INFO] - Alpha logits: [ 0.     -1.0514 -1.0276 -1.4138 -2.2437 -1.7809 -2.3847 -2.1133 -1.9514
 -2.493  -4.0196 -1.4679 -2.0066 -2.2688 -2.569  -1.7818 -2.3225 -3.2143
 -4.2311 -3.0963 -2.2388 -6.9078 -6.9078 -2.9622 -3.6382]
[2026-06-18 15:31:27,034][feature_based_propensities_for_ULTR.experiments.propensity_pipeline][INFO] - Alpha: [0.5    0.259  0.2636 0.1956 0.0959 0.1442 0.0843 0.1078 0.1244 0.0764
 0.0176 0.1873 0.1185 0.0937 0.0712 0.1441 0.0893 0.0386 0.0143 0.0433
 0.0963 0.001  0.001  0.0492 0.0256]
[2026-06-18 15:31:27,035][feature_based_propensities_for_ULTR.experiments.propensity_pipeline][INFO] - Propensity clipping disabled.
[2026-06-18 15:31:28,159][feature_based_propensities_for_ULTR.experiments.regression_pipeline][INFO] - Training regression model for DM/DR...
[2026-06-18 15:31:36,576][feature_based_propensities_for_ULTR.experiments.regression_pipeline][INFO] - Regression epoch 3: train_loss=0.222692 val_loss=0.212543
[2026-06-18 15:31:43,960][feature_based_propensities_for_ULTR.experiments.regression_pipeline][INFO] - Regression epoch 6: train_loss=0.216919 val_loss=0.213396
[2026-06-18 15:31:45,779][feature_based_propensities_for_ULTR.experiments.ips_pipeline][INFO] - Computing DM doc weights...
[2026-06-18 15:31:45,779][feature_based_propensities_for_ULTR.experiments.ips_pipeline][INFO] - Doc weights computed in 0.00 seconds
[2026-06-18 15:31:45,785][feature_based_propensities_for_ULTR.experiments.model_pipeline][INFO] - Loading trainer (trainer_type='pl-rank', n_samples=100)...
[2026-06-18 15:31:45,787][feature_based_propensities_for_ULTR.experiments.model_pipeline][INFO] - Trainer loaded in 0.00 seconds
[2026-06-18 15:31:45,787][feature_based_propensities_for_ULTR.experiments.model_pipeline][INFO] - Training model...
[2026-06-18 15:42:02,393][feature_based_propensities_for_ULTR.experiments.ips_pipeline][INFO] - Final evaluation results:
{'metrics': {'CTR': 0.8237382173538208,
             'DCG': 2.145322799682617,
             'NCTR': 0.7044216990470886,
             'NDCG': 0.7747119665145874,
             'NDCG@25': 0.7747119665145874,
             'NRCTR': 0.7044216990470886,
             'RCTR': 0.8237382173538208}}
[2026-06-18 15:42:02,420][submitit][INFO] - Job completed successfully
[2026-06-18 15:42:02,429][submitit][INFO] - Exiting after successful completion
