[2026-04-19 15:18:14,328][jax._src.xla_bridge][ERROR] - Jax plugin configuration error: Exception when calling jax_plugins.xla_cuda12.initialize()
Traceback (most recent call last):
  File "/gpfs/home5/sfris1/two-towers-confounding-project/.venv/lib/python3.11/site-packages/jax/_src/xla_bridge.py", line 485, in discover_pjrt_plugins
    plugin_module.initialize()
  File "/gpfs/home5/sfris1/two-towers-confounding-project/.venv/lib/python3.11/site-packages/jax_plugins/xla_cuda12/__init__.py", line 328, in initialize
    _check_cuda_versions(raise_on_first_error=True)
  File "/gpfs/home5/sfris1/two-towers-confounding-project/.venv/lib/python3.11/site-packages/jax_plugins/xla_cuda12/__init__.py", line 285, in _check_cuda_versions
    local_device_count = cuda_versions.cuda_device_count()
                         ^^^^^^^^^^^^^^^^^^^^^^^^^^^^^^^^^
RuntimeError: jaxlib/cuda/versions_helpers.cc:113: operation cuInit(0) failed: CUDA_ERROR_NO_DEVICE
[2026-04-19 15:18:15,348][two_tower_confounding.experiments.ips_pipeline][WARNING] - wandb.init failed (Error uploading run: returned error 403: {"data":{"upsertBucket":null},"errors":[{"message":"permission denied","path":["upsertBucket"],"extensions":{"code":"PERMISSION_ERROR"}}]}). Continuing with local logging only.
[2026-04-19 15:18:15,348][two_tower_confounding.experiments.ips_pipeline][WARNING] - Disabling wandb for trainer components because initialization failed.
[2026-04-19 15:18:15,349][two_tower_confounding.experiments.config_resolver][WARNING] - test_clicks=500000 is ignored because test_set_mode='label_only'. Set test_set_mode='clicks' to enable legacy click-based test behavior.
[2026-04-19 15:18:15,356][two_tower_confounding.experiments.data_pipeline][INFO] - Loading or generating click datasets...
[2026-04-19 15:19:17,954][absl][INFO] - orbax-checkpoint version: 0.11.25
[2026-04-19 15:19:17,954][absl][INFO] - Created BasePyTreeCheckpointHandler: use_ocdbt=True, use_zarr3=False, pytree_metadata_options=PyTreeMetadataOptions(support_rich_types=False), array_metadata_store=<orbax.checkpoint._src.metadata.array_metadata_store.Store object at 0x14f7355eb790>, enable_pinned_host_transfer=False, save_concurrent_bytes: 96000000000 (89.4 GiB), restore_concurrent_bytes: 96000000000 (89.4 GiB)
[2026-04-19 15:19:17,954][absl][INFO] - [thread=MainThread] Failed to get flag value for EXPERIMENTAL_ORBAX_USE_DISTRIBUTED_PROCESS_ID.
[2026-04-19 15:19:17,955][absl][INFO] - [process=0][thread=MainThread] Using barrier_sync_fn: <function get_barrier_sync_fn.<locals>.<lambda> at 0x14f66d2d13a0> timeout: 600 secs and primary_host=0 for async checkpoint writes
[2026-04-19 15:19:17,959][absl][INFO] - Restoring checkpoint from /gpfs/home5/sfris1/ltr_datasets/ips_datasets/logging_policy_c10000_ps1p0_pt0p5_bs1p0_drop0rel0_sessallocv2_candfullv2_topx25_maxdocs200_lprdeep_lpsegreedysampler_lppct10p0.
[2026-04-19 15:19:17,994][absl][INFO] - [process=0] /jax/checkpoint/read/gbytes_per_sec: 0 Bytes/s (total gbytes: 21.4 KiB) (time elapsed: 27 milliseconds) (per-host)
[2026-04-19 15:19:17,994][absl][INFO] - Finished restoring checkpoint in 0.04 seconds from /gpfs/home5/sfris1/ltr_datasets/ips_datasets/logging_policy_c10000_ps1p0_pt0p5_bs1p0_drop0rel0_sessallocv2_candfullv2_topx25_maxdocs200_lprdeep_lpsegreedysampler_lppct10p0.
[2026-04-19 15:19:22,615][two_tower_confounding.experiments.data_pipeline][INFO] - Loaded click datasets in 67.26 seconds (train=7500, val=2500, test=0)
[2026-04-19 15:19:22,615][two_tower_confounding.experiments.data_pipeline][INFO] - Test split is label-only by design; no test click dataset was loaded.
[2026-04-19 15:19:22,616][two_tower_confounding.data.runtime.alignment][INFO] - Applying data cutoff override: configured=25, natural=25, effective=25
[2026-04-19 15:19:22,616][two_tower_confounding.data.runtime.alignment][INFO] - Applying data cutoff override: configured=25, natural=25, effective=25
[2026-04-19 15:19:22,744][two_tower_confounding.data.runtime.aggregation][INFO] - Initializing simulator...
[2026-04-19 15:19:22,744][two_tower_confounding.data.runtime.aggregation][INFO] - Aggregating train dataset...
[2026-04-19 15:19:29,853][two_tower_confounding.data.runtime.aggregation][INFO] - Aggregating validation dataset...
[2026-04-19 15:19:33,596][two_tower_confounding.data.runtime.aggregation][INFO] - Aggregating test dataset from labels only...
[2026-04-19 15:19:34,858][two_tower_confounding.data.runtime.aggregation][INFO] - Aggregation done in 12.11 seconds
[2026-04-19 15:19:34,858][two_tower_confounding.data.runtime.aggregation][INFO] - Session usage after aggregation: requested(train=7500,val=2500), actual(train=7500,val=2500,test=0)
[2026-04-19 15:19:34,858][two_tower_confounding.data.runtime.aggregation][INFO] - Dataset persistence disabled; skipping aggregated dataset cache save.
[2026-04-19 15:19:34,858][two_tower_confounding.experiments.ips_pipeline][INFO] - Test split uses label-only evaluation; raw test click diagnostics are skipped.
[2026-04-19 15:19:34,915][two_tower_confounding.experiments.diagnostics][INFO] - [Data] train_docs=2132810, val_docs=707814, test_docs=708921, cutoff=25
[2026-04-19 15:19:34,997][two_tower_confounding.experiments.diagnostics][INFO] - [Train] clicks=730, displays=181777, ctr=0.0040, ctr_per_doc=0.0040
[2026-04-19 15:19:35,068][two_tower_confounding.experiments.diagnostics][INFO] - [Validation] clicks=307, displays=60606, ctr=0.0051, ctr_per_doc=0.0051
[2026-04-19 15:19:35,138][two_tower_confounding.experiments.diagnostics][INFO] - [Test] clicks=0, displays=0, ctr=0.0000, ctr_per_doc=0.0000
[2026-04-19 15:19:35,138][two_tower_confounding.experiments.ips_pipeline][INFO] - Running estimator pipeline with model='dr'
[2026-04-19 15:19:35,138][two_tower_confounding.experiments.ips_pipeline][INFO] - Computing position bias (alpha)...
[2026-04-19 15:19:35,146][two_tower_confounding.experiments.position_bias_pipeline][WARNING] - Applying base epsilon=0.001 to 24 position-bias values while reading /gpfs/home5/sfris1/Doubly-Robust-Optimization-With-Two-Tower-Models/results/position_bias_csv_smoke.csv (invalid=2, below_floor=22).
[2026-04-19 15:19:35,146][two_tower_confounding.experiments.ips_pipeline][INFO] - Loaded CSV position bias from /gpfs/home5/sfris1/Doubly-Robust-Optimization-With-Two-Tower-Models/results/position_bias_csv_smoke.csv (method=pivot_one): [ 0.        -6.9077554 -6.9077554 -6.9077554 -6.9077554 -6.9077554
 -6.9077554 -6.9077554 -6.9077554 -6.9077554 -6.9077554 -6.9077554
 -6.9077554 -6.9077554 -6.9077554 -6.9077554 -6.9077554 -6.9077554
 -6.9077554 -6.9077554 -6.9077554 -6.9077554 -6.9077554 -6.9077554
 -6.9077554]
[2026-04-19 15:19:35,148][two_tower_confounding.experiments.propensity_pipeline][INFO] - Computing propensity per doc (method=propensity_mlp_regression)...
[2026-04-19 15:20:30,236][two_tower_confounding.experiments.propensity_pipeline][INFO] - Propensity computed in 55.09 seconds
[2026-04-19 15:20:30,236][two_tower_confounding.experiments.propensity_pipeline][INFO] - Alpha logits: [ 0.     -6.9078 -6.9078 -6.9078 -6.9078 -6.9078 -6.9078 -6.9078 -6.9078
 -6.9078 -6.9078 -6.9078 -6.9078 -6.9078 -6.9078 -6.9078 -6.9078 -6.9078
 -6.9078 -6.9078 -6.9078 -6.9078 -6.9078 -6.9078 -6.9078]
[2026-04-19 15:20:30,237][two_tower_confounding.experiments.propensity_pipeline][INFO] - Alpha: [0.5   0.001 0.001 0.001 0.001 0.001 0.001 0.001 0.001 0.001 0.001 0.001
 0.001 0.001 0.001 0.001 0.001 0.001 0.001 0.001 0.001 0.001 0.001 0.001
 0.001]
[2026-04-19 15:20:30,238][two_tower_confounding.experiments.propensity_pipeline][INFO] - Propensity clipping disabled.
[2026-04-19 15:20:30,238][two_tower_confounding.experiments.propensity_pipeline][INFO] - Computing propensity per doc (method=frequency_based)...
[2026-04-19 15:20:58,998][two_tower_confounding.experiments.propensity_pipeline][INFO] - Propensity computed in 28.76 seconds
[2026-04-19 15:20:58,999][two_tower_confounding.experiments.propensity_pipeline][INFO] - Alpha logits: [ 0.     -6.9078 -6.9078 -6.9078 -6.9078 -6.9078 -6.9078 -6.9078 -6.9078
 -6.9078 -6.9078 -6.9078 -6.9078 -6.9078 -6.9078 -6.9078 -6.9078 -6.9078
 -6.9078 -6.9078 -6.9078 -6.9078 -6.9078 -6.9078 -6.9078]
[2026-04-19 15:20:58,999][two_tower_confounding.experiments.propensity_pipeline][INFO] - Alpha: [0.5   0.001 0.001 0.001 0.001 0.001 0.001 0.001 0.001 0.001 0.001 0.001
 0.001 0.001 0.001 0.001 0.001 0.001 0.001 0.001 0.001 0.001 0.001 0.001
 0.001]
[2026-04-19 15:21:00,531][two_tower_confounding.experiments.regression_pipeline][INFO] - Training regression model for DM/DR...
[2026-04-19 15:21:27,951][two_tower_confounding.experiments.regression_pipeline][INFO] - Regression epoch 3: train_loss=-1.575017 val_loss=-2.315724
[2026-04-19 15:21:54,698][two_tower_confounding.experiments.regression_pipeline][INFO] - Regression epoch 6: train_loss=-1.779466 val_loss=-2.781760
[2026-04-19 15:22:20,620][two_tower_confounding.experiments.regression_pipeline][INFO] - Regression epoch 9: train_loss=-1.602963 val_loss=-1.649617
[2026-04-19 15:22:26,678][two_tower_confounding.experiments.ips_pipeline][INFO] - Computing DR doc weights...
[2026-04-19 15:22:26,708][two_tower_confounding.experiments.ips_pipeline][INFO] - Doc weights computed in 0.03 seconds
[2026-04-19 15:22:26,716][two_tower_confounding.experiments.model_pipeline][INFO] - Loading trainer (trainer_type='pl-rank', n_samples=100)...
[2026-04-19 15:22:26,718][two_tower_confounding.experiments.model_pipeline][INFO] - Trainer loaded in 0.00 seconds
[2026-04-19 15:22:26,718][two_tower_confounding.experiments.model_pipeline][INFO] - Training model...
[2026-04-19 16:01:47,575][two_tower_confounding.experiments.ips_pipeline][INFO] - Final evaluation results:
{'metrics': {'CTR': 0.055899620056152344,
             'DCG': 0.9830662608146667,
             'NCTR': 0.14665891230106354,
             'NDCG': 0.25397300720214844,
             'NDCG@25': 0.25397300720214844,
             'NRCTR': 0.14665891230106354,
             'RCTR': 0.055899620056152344}}
[2026-04-19 16:01:47,982][submitit][INFO] - Job completed successfully
[2026-04-19 16:01:47,996][submitit][INFO] - Exiting after successful completion
