[2026-03-25 14:46:57,656][jax._src.xla_bridge][ERROR] - Jax plugin configuration error: Exception when calling jax_plugins.xla_cuda12.initialize()
Traceback (most recent call last):
  File "/gpfs/home5/sfris1/two-towers-confounding-project/.venv/lib/python3.11/site-packages/jax/_src/xla_bridge.py", line 485, in discover_pjrt_plugins
    plugin_module.initialize()
  File "/gpfs/home5/sfris1/two-towers-confounding-project/.venv/lib/python3.11/site-packages/jax_plugins/xla_cuda12/__init__.py", line 328, in initialize
    _check_cuda_versions(raise_on_first_error=True)
  File "/gpfs/home5/sfris1/two-towers-confounding-project/.venv/lib/python3.11/site-packages/jax_plugins/xla_cuda12/__init__.py", line 285, in _check_cuda_versions
    local_device_count = cuda_versions.cuda_device_count()
                         ^^^^^^^^^^^^^^^^^^^^^^^^^^^^^^^^^
RuntimeError: jaxlib/cuda/versions_helpers.cc:113: operation cuInit(0) failed: CUDA_ERROR_NO_DEVICE
[2026-03-25 14:46:58,722][two_tower_confounding.experiments.ips_pipeline][WARNING] - wandb.init failed (Error uploading run: returned error 403: {"data":{"upsertBucket":null},"errors":[{"message":"permission denied","path":["upsertBucket"],"extensions":{"code":"PERMISSION_ERROR"}}]}). Continuing with local logging only.
[2026-03-25 14:46:58,723][two_tower_confounding.experiments.ips_pipeline][WARNING] - Disabling wandb for trainer components because initialization failed.
[2026-03-25 14:46:58,723][two_tower_confounding.experiments.config_resolver][WARNING] - test_clicks=500000 is ignored because test_set_mode='label_only'. Set test_set_mode='clicks' to enable legacy click-based test behavior.
[2026-03-25 14:46:58,730][two_tower_confounding.experiments.data_pipeline][INFO] - Loading or generating click datasets...
[2026-03-25 14:47:23,163][absl][INFO] - orbax-checkpoint version: 0.11.25
[2026-03-25 14:47:23,163][absl][INFO] - Created BasePyTreeCheckpointHandler: use_ocdbt=True, use_zarr3=False, pytree_metadata_options=PyTreeMetadataOptions(support_rich_types=False), array_metadata_store=<orbax.checkpoint._src.metadata.array_metadata_store.Store object at 0x147cc20a7ad0>, enable_pinned_host_transfer=False, save_concurrent_bytes: 96000000000 (89.4 GiB), restore_concurrent_bytes: 96000000000 (89.4 GiB)
[2026-03-25 14:47:23,164][absl][INFO] - [thread=MainThread] Failed to get flag value for EXPERIMENTAL_ORBAX_USE_DISTRIBUTED_PROCESS_ID.
[2026-03-25 14:47:23,164][absl][INFO] - [process=0][thread=MainThread] Using barrier_sync_fn: <function get_barrier_sync_fn.<locals>.<lambda> at 0x147c092e00e0> timeout: 600 secs and primary_host=0 for async checkpoint writes
[2026-03-25 14:47:23,166][absl][INFO] - Restoring checkpoint from /gpfs/home5/sfris1/ltr_datasets/ips_datasets/logging_policy_c50000_ps1p0_pt0p5_bs1p0_drop0rel0_sessallocv2_candfullv2_topx25_maxdocs80_lprdeep_lpsegreedysampler_lppct10p0.
[2026-03-25 14:47:23,190][absl][INFO] - [process=0] /jax/checkpoint/read/gbytes_per_sec: 0 Bytes/s (total gbytes: 91.8 KiB) (time elapsed: 22 milliseconds) (per-host)
[2026-03-25 14:47:23,191][absl][INFO] - Finished restoring checkpoint in 0.03 seconds from /gpfs/home5/sfris1/ltr_datasets/ips_datasets/logging_policy_c50000_ps1p0_pt0p5_bs1p0_drop0rel0_sessallocv2_candfullv2_topx25_maxdocs80_lprdeep_lpsegreedysampler_lppct10p0.
[2026-03-25 14:47:31,335][two_tower_confounding.experiments.data_pipeline][INFO] - Loaded click datasets in 32.61 seconds (train=43473, val=6527, test=0)
[2026-03-25 14:47:31,335][two_tower_confounding.experiments.data_pipeline][INFO] - Test split is label-only by design; no test click dataset was loaded.
[2026-03-25 14:47:31,335][two_tower_confounding.data.runtime.alignment][INFO] - Applying data cutoff override: configured=25, natural=25, effective=25
[2026-03-25 14:47:31,336][two_tower_confounding.data.runtime.alignment][INFO] - Applying data cutoff override: configured=25, natural=25, effective=25
[2026-03-25 14:47:31,467][two_tower_confounding.data.runtime.aggregation][INFO] - Initializing simulator...
[2026-03-25 14:47:31,468][two_tower_confounding.data.runtime.aggregation][INFO] - Aggregating train dataset...
[2026-03-25 14:47:38,339][two_tower_confounding.data.runtime.aggregation][INFO] - Aggregating validation dataset...
[2026-03-25 14:47:41,577][two_tower_confounding.data.runtime.aggregation][INFO] - Aggregating test dataset from labels only...
[2026-03-25 14:47:43,491][two_tower_confounding.data.runtime.aggregation][INFO] - Aggregation done in 12.02 seconds
[2026-03-25 14:47:43,492][two_tower_confounding.data.runtime.aggregation][INFO] - Session usage after aggregation: requested(train=43473,val=6527), actual(train=43473,val=6527,test=0)
[2026-03-25 14:47:43,492][two_tower_confounding.data.runtime.aggregation][INFO] - Dataset persistence disabled; skipping aggregated dataset cache save.
[2026-03-25 14:47:43,492][two_tower_confounding.experiments.ips_pipeline][INFO] - Test split uses label-only evaluation; raw test click diagnostics are skipped.
[2026-03-25 14:47:43,520][two_tower_confounding.experiments.diagnostics][INFO] - [Data] train_docs=470251, val_docs=70687, test_docs=164676, cutoff=25
[2026-03-25 14:47:43,594][two_tower_confounding.experiments.diagnostics][INFO] - [Train] clicks=6530, displays=736179, ctr=0.0089, ctr_per_doc=0.0089
[2026-03-25 14:47:43,667][two_tower_confounding.experiments.diagnostics][INFO] - [Validation] clicks=954, displays=109890, ctr=0.0087, ctr_per_doc=0.0087
[2026-03-25 14:47:43,740][two_tower_confounding.experiments.diagnostics][INFO] - [Test] clicks=0, displays=0, ctr=0.0000, ctr_per_doc=0.0000
[2026-03-25 14:47:43,740][two_tower_confounding.experiments.ips_pipeline][INFO] - Running estimator pipeline with model='dr'
[2026-03-25 14:47:43,740][two_tower_confounding.experiments.ips_pipeline][INFO] - Computing position bias (alpha)...
[2026-03-25 14:47:43,804][two_tower_confounding.experiments.propensity_pipeline][INFO] - Computing propensity per doc (method=frequency_based)...
[2026-03-25 14:48:16,314][two_tower_confounding.experiments.propensity_pipeline][INFO] - Propensity computed in 32.51 seconds
[2026-03-25 14:48:16,314][two_tower_confounding.experiments.propensity_pipeline][INFO] - Alpha logits: [-0.        -0.6931472 -1.0986123 -1.3862944 -1.609438  -1.7917595
 -1.9459101 -2.0794415 -2.1972246 -2.3025851 -2.3978953 -2.4849067
 -2.5649493 -2.6390574 -2.7080503 -2.7725887 -2.8332133 -2.8903718
 -2.944439  -2.9957323 -3.0445225 -3.0910425 -3.1354942 -3.1780539
 -3.218876 ]
[2026-03-25 14:48:16,315][two_tower_confounding.experiments.propensity_pipeline][INFO] - Alpha: [0.5        0.33333334 0.25       0.2        0.16666667 0.14285715
 0.12500001 0.11111111 0.1        0.09090909 0.08333333 0.07692308
 0.07142857 0.06666666 0.0625     0.05882353 0.05555556 0.05263158
 0.05       0.04761905 0.04545454 0.04347826 0.04166667 0.04
 0.03846154]
[2026-03-25 14:48:16,316][two_tower_confounding.experiments.propensity_pipeline][INFO] - Propensity clipping disabled.
[2026-03-25 14:48:16,316][two_tower_confounding.experiments.propensity_pipeline][INFO] - Computing propensity per doc (method=frequency_based)...
[2026-03-25 14:48:46,555][two_tower_confounding.experiments.propensity_pipeline][INFO] - Propensity computed in 30.24 seconds
[2026-03-25 14:48:46,556][two_tower_confounding.experiments.propensity_pipeline][INFO] - Alpha logits: [-0.        -0.6931472 -1.0986123 -1.3862944 -1.609438  -1.7917595
 -1.9459101 -2.0794415 -2.1972246 -2.3025851 -2.3978953 -2.4849067
 -2.5649493 -2.6390574 -2.7080503 -2.7725887 -2.8332133 -2.8903718
 -2.944439  -2.9957323 -3.0445225 -3.0910425 -3.1354942 -3.1780539
 -3.218876 ]
[2026-03-25 14:48:46,556][two_tower_confounding.experiments.propensity_pipeline][INFO] - Alpha: [0.5        0.33333334 0.25       0.2        0.16666667 0.14285715
 0.12500001 0.11111111 0.1        0.09090909 0.08333333 0.07692308
 0.07142857 0.06666666 0.0625     0.05882353 0.05555556 0.05263158
 0.05       0.04761905 0.04545454 0.04347826 0.04166667 0.04
 0.03846154]
[2026-03-25 14:48:48,599][two_tower_confounding.experiments.regression_pipeline][INFO] - Training regression model for DM/DR...
[2026-03-25 14:49:04,186][two_tower_confounding.experiments.regression_pipeline][INFO] - Regression epoch 3: train_loss=0.192646 val_loss=0.194438
[2026-03-25 14:49:18,556][two_tower_confounding.experiments.regression_pipeline][INFO] - Regression epoch 6: train_loss=0.189184 val_loss=0.187740
[2026-03-25 14:49:32,943][two_tower_confounding.experiments.regression_pipeline][INFO] - Regression epoch 9: train_loss=0.185839 val_loss=0.194452
[2026-03-25 14:49:37,216][two_tower_confounding.experiments.ips_pipeline][INFO] - Computing DR doc weights...
[2026-03-25 14:49:37,221][two_tower_confounding.experiments.ips_pipeline][INFO] - Doc weights computed in 0.01 seconds
[2026-03-25 14:49:37,226][two_tower_confounding.experiments.model_pipeline][INFO] - Loading trainer (trainer_type='pl-rank', n_samples=100)...
[2026-03-25 14:49:37,228][two_tower_confounding.experiments.model_pipeline][INFO] - Trainer loaded in 0.00 seconds
[2026-03-25 14:49:37,228][two_tower_confounding.experiments.model_pipeline][INFO] - Training model...
[2026-03-25 14:56:47,271][two_tower_confounding.experiments.ips_pipeline][INFO] - Final evaluation results:
{'metrics': {'CTR': 0.8526108264923096,
             'DCG': 2.146082639694214,
             'NCTR': 0.7291788458824158,
             'NDCG': 0.773249089717865,
             'NDCG@25': 0.773249089717865,
             'NRCTR': 0.7291788458824158,
             'RCTR': 0.8526108264923096}}
[2026-03-25 14:56:47,272][submitit][INFO] - Job completed successfully
[2026-03-25 14:56:47,308][submitit][INFO] - Exiting after successful completion
[2026-06-17 22:05:22,166][feature_based_propensities_for_ULTR.experiments.config_resolver][WARNING] - test_clicks=500000 is ignored because test_set_mode='label_only'. Set test_set_mode='clicks' to enable legacy click-based test behavior.
[2026-06-17 22:05:22,172][feature_based_propensities_for_ULTR.experiments.data_pipeline][INFO] - Loading or generating click datasets...
[2026-06-17 22:05:46,199][absl][INFO] - orbax-checkpoint version: 0.11.40
[2026-06-17 22:05:46,200][absl][INFO] - save_device_host_concurrent_bytes=None
[2026-06-17 22:05:46,200][absl][INFO] - Created BasePyTreeCheckpointHandler: use_ocdbt=True, use_zarr3=False, pytree_metadata_options=PyTreeMetadataOptions(support_rich_types=False), array_metadata_store=<orbax.checkpoint._src.metadata.array_metadata_store.Store object at 0x14a97b0be590>, enable_pinned_host_transfer=False, save_concurrent_bytes: 96000000000 (89.4 GiB), restore_concurrent_bytes: 96000000000 (89.4 GiB)
[2026-06-17 22:05:46,200][absl][INFO] - [thread=MainThread] Failed to get flag value for EXPERIMENTAL_ORBAX_USE_DISTRIBUTED_PROCESS_ID.
[2026-06-17 22:05:46,200][absl][INFO] - [process=0][thread=MainThread] Using barrier_sync_fn: <function get_barrier_sync_fn.<locals>.<lambda> at 0x14a8d5892a20> timeout: 1200 secs and primary_host=0 for async checkpoint writes
[2026-06-17 22:05:46,201][absl][INFO] - [process=0] [sync] Started load checkpoint @ /gpfs/home5/sfris1/ltr_datasets/ips_datasets/logging_policy_c50000_ps1p0_pt0p5_bs1p0_drop0rel0_sessallocv2_candfullv2_topx25_maxdocs80_lprdeep_lpsegreedysampler_lppct10p0.
[2026-06-17 22:05:46,203][absl][INFO] - Restoring checkpoint from /gpfs/home5/sfris1/ltr_datasets/ips_datasets/logging_policy_c50000_ps1p0_pt0p5_bs1p0_drop0rel0_sessallocv2_candfullv2_topx25_maxdocs80_lprdeep_lpsegreedysampler_lppct10p0.
[2026-06-17 22:05:46,203][absl][INFO] - [process=0] [sync] Finished blocking load in 0.00 seconds. Continuing load @ /gpfs/home5/sfris1/ltr_datasets/ips_datasets/logging_policy_c50000_ps1p0_pt0p5_bs1p0_drop0rel0_sessallocv2_candfullv2_topx25_maxdocs80_lprdeep_lpsegreedysampler_lppct10p0.
[2026-06-17 22:05:46,220][absl][INFO] - [process=0] /jax/orbax/read/worker/io/requested throughput: 7.959 MiB/s (total gbytes: 91.8 KiB) (time elapsed: 0.011258363723754883 s) (per-host)
[2026-06-17 22:05:46,221][absl][INFO] - [process=0] /jax/checkpoint/read/gbytes_per_sec: 5.316 MiB/s (total gbytes: 91.8 KiB) (time elapsed: 0.01685476303100586 s) (per-host)
[2026-06-17 22:05:46,221][absl][INFO] - [process=0] [sync] Finished load in 0.02 seconds @ /gpfs/home5/sfris1/ltr_datasets/ips_datasets/logging_policy_c50000_ps1p0_pt0p5_bs1p0_drop0rel0_sessallocv2_candfullv2_topx25_maxdocs80_lprdeep_lpsegreedysampler_lppct10p0
[2026-06-17 22:05:53,490][feature_based_propensities_for_ULTR.experiments.data_pipeline][INFO] - Loaded click datasets in 31.32 seconds (train=43473, val=6527, test=0)
[2026-06-17 22:05:53,491][feature_based_propensities_for_ULTR.experiments.data_pipeline][INFO] - Test split is label-only by design; no test click dataset was loaded.
[2026-06-17 22:05:53,491][feature_based_propensities_for_ULTR.data.runtime.alignment][INFO] - Applying data cutoff override: configured=25, natural=25, effective=25
[2026-06-17 22:05:53,491][feature_based_propensities_for_ULTR.data.runtime.alignment][INFO] - Applying data cutoff override: configured=25, natural=25, effective=25
[2026-06-17 22:05:53,585][feature_based_propensities_for_ULTR.data.runtime.aggregation][INFO] - Initializing simulator...
[2026-06-17 22:05:53,586][feature_based_propensities_for_ULTR.data.runtime.aggregation][INFO] - Aggregating train dataset...
[2026-06-17 22:05:59,683][feature_based_propensities_for_ULTR.data.runtime.aggregation][INFO] - Aggregating validation dataset...
[2026-06-17 22:06:02,256][feature_based_propensities_for_ULTR.data.runtime.aggregation][INFO] - Aggregating test dataset from labels only...
[2026-06-17 22:06:03,848][feature_based_propensities_for_ULTR.data.runtime.aggregation][INFO] - Aggregation done in 10.26 seconds
[2026-06-17 22:06:03,848][feature_based_propensities_for_ULTR.data.runtime.aggregation][INFO] - Session usage after aggregation: requested(train=43473,val=6527), actual(train=43473,val=6527,test=0)
[2026-06-17 22:06:03,848][feature_based_propensities_for_ULTR.data.runtime.aggregation][INFO] - Dataset persistence disabled; skipping aggregated dataset cache save.
[2026-06-17 22:06:03,849][feature_based_propensities_for_ULTR.experiments.ips_pipeline][INFO] - Test split uses label-only evaluation; raw test click diagnostics are skipped.
[2026-06-17 22:06:03,871][feature_based_propensities_for_ULTR.experiments.diagnostics][INFO] - [Data] train_docs=470251, val_docs=70687, test_docs=164676, cutoff=25
[2026-06-17 22:06:03,957][feature_based_propensities_for_ULTR.experiments.diagnostics][INFO] - [Train] clicks=6620, displays=736179, ctr=0.0090, ctr_per_doc=0.0090
[2026-06-17 22:06:04,039][feature_based_propensities_for_ULTR.experiments.diagnostics][INFO] - [Validation] clicks=972, displays=109960, ctr=0.0088, ctr_per_doc=0.0088
[2026-06-17 22:06:04,157][feature_based_propensities_for_ULTR.experiments.diagnostics][INFO] - [Test] clicks=0, displays=0, ctr=0.0000, ctr_per_doc=0.0000
[2026-06-17 22:06:04,157][feature_based_propensities_for_ULTR.experiments.ips_pipeline][INFO] - Running estimator pipeline with model='dr'
[2026-06-17 22:06:04,157][feature_based_propensities_for_ULTR.experiments.ips_pipeline][INFO] - Computing position bias (alpha)...
[2026-06-17 22:06:04,207][feature_based_propensities_for_ULTR.experiments.propensity_pipeline][INFO] - Computing propensity per doc (method=frequency_based)...
[2026-06-17 22:06:36,219][feature_based_propensities_for_ULTR.experiments.propensity_pipeline][INFO] - Propensity computed in 32.01 seconds
[2026-06-17 22:06:36,219][feature_based_propensities_for_ULTR.experiments.propensity_pipeline][INFO] - Alpha logits: [-0.        -0.6931472 -1.0986123 -1.3862944 -1.609438  -1.7917595
 -1.9459101 -2.0794415 -2.1972246 -2.3025851 -2.3978953 -2.4849067
 -2.5649493 -2.6390574 -2.7080503 -2.7725887 -2.8332133 -2.8903718
 -2.944439  -2.9957323 -3.0445225 -3.0910425 -3.1354942 -3.1780539
 -3.218876 ]
[2026-06-17 22:06:36,220][feature_based_propensities_for_ULTR.experiments.propensity_pipeline][INFO] - Alpha: [0.5        0.33333334 0.25       0.2        0.16666667 0.14285715
 0.12500001 0.11111111 0.1        0.09090909 0.08333333 0.07692308
 0.07142857 0.06666666 0.0625     0.05882353 0.05555556 0.05263158
 0.05       0.04761905 0.04545454 0.04347826 0.04166667 0.04
 0.03846154]
[2026-06-17 22:06:36,221][feature_based_propensities_for_ULTR.experiments.propensity_pipeline][INFO] - Propensity clipping disabled.
[2026-06-17 22:06:36,222][feature_based_propensities_for_ULTR.experiments.propensity_pipeline][INFO] - Computing propensity per doc (method=frequency_based)...
[2026-06-17 22:07:06,410][feature_based_propensities_for_ULTR.experiments.propensity_pipeline][INFO] - Propensity computed in 30.19 seconds
[2026-06-17 22:07:06,410][feature_based_propensities_for_ULTR.experiments.propensity_pipeline][INFO] - Alpha logits: [-0.        -0.6931472 -1.0986123 -1.3862944 -1.609438  -1.7917595
 -1.9459101 -2.0794415 -2.1972246 -2.3025851 -2.3978953 -2.4849067
 -2.5649493 -2.6390574 -2.7080503 -2.7725887 -2.8332133 -2.8903718
 -2.944439  -2.9957323 -3.0445225 -3.0910425 -3.1354942 -3.1780539
 -3.218876 ]
[2026-06-17 22:07:06,411][feature_based_propensities_for_ULTR.experiments.propensity_pipeline][INFO] - Alpha: [0.5        0.33333334 0.25       0.2        0.16666667 0.14285715
 0.12500001 0.11111111 0.1        0.09090909 0.08333333 0.07692308
 0.07142857 0.06666666 0.0625     0.05882353 0.05555556 0.05263158
 0.05       0.04761905 0.04545454 0.04347826 0.04166667 0.04
 0.03846154]
[2026-06-17 22:07:07,754][feature_based_propensities_for_ULTR.experiments.regression_pipeline][INFO] - Training regression model for DM/DR...
[2026-06-17 22:07:23,850][feature_based_propensities_for_ULTR.experiments.regression_pipeline][INFO] - Regression epoch 3: train_loss=0.190864 val_loss=0.189320
[2026-06-17 22:07:38,812][feature_based_propensities_for_ULTR.experiments.regression_pipeline][INFO] - Regression epoch 6: train_loss=0.187148 val_loss=0.190351
[2026-06-17 22:07:40,616][feature_based_propensities_for_ULTR.experiments.ips_pipeline][INFO] - Computing DR doc weights...
[2026-06-17 22:07:40,622][feature_based_propensities_for_ULTR.experiments.ips_pipeline][INFO] - Doc weights computed in 0.00 seconds
[2026-06-17 22:07:40,628][feature_based_propensities_for_ULTR.experiments.model_pipeline][INFO] - Loading trainer (trainer_type='pl-rank', n_samples=100)...
[2026-06-17 22:07:40,630][feature_based_propensities_for_ULTR.experiments.model_pipeline][INFO] - Trainer loaded in 0.00 seconds
[2026-06-17 22:07:40,630][feature_based_propensities_for_ULTR.experiments.model_pipeline][INFO] - Training model...
[2026-06-17 22:15:18,409][feature_based_propensities_for_ULTR.experiments.ips_pipeline][INFO] - Final evaluation results:
{'metrics': {'CTR': 0.8520008325576782,
             'DCG': 2.1457366943359375,
             'NCTR': 0.7292972207069397,
             'NDCG': 0.7734975218772888,
             'NDCG@25': 0.7734975218772888,
             'NRCTR': 0.7292972207069397,
             'RCTR': 0.8520008325576782}}
[2026-06-17 22:15:18,436][submitit][INFO] - Job completed successfully
[2026-06-17 22:15:18,444][submitit][INFO] - Exiting after successful completion
