[2026-06-18 15:29:43,816][feature_based_propensities_for_ULTR.experiments.config_resolver][WARNING] - test_clicks=500000 is ignored because test_set_mode='label_only'. Set test_set_mode='clicks' to enable legacy click-based test behavior.
[2026-06-18 15:29:43,821][feature_based_propensities_for_ULTR.experiments.data_pipeline][INFO] - Loading or generating click datasets...
[2026-06-18 15:30:44,472][absl][INFO] - orbax-checkpoint version: 0.11.40
[2026-06-18 15:30:44,473][absl][INFO] - save_device_host_concurrent_bytes=None
[2026-06-18 15:30:44,473][absl][INFO] - Created BasePyTreeCheckpointHandler: use_ocdbt=True, use_zarr3=False, pytree_metadata_options=PyTreeMetadataOptions(support_rich_types=False), array_metadata_store=<orbax.checkpoint._src.metadata.array_metadata_store.Store object at 0x14d86d282d90>, enable_pinned_host_transfer=False, save_concurrent_bytes: 96000000000 (89.4 GiB), restore_concurrent_bytes: 96000000000 (89.4 GiB)
[2026-06-18 15:30:44,473][absl][INFO] - [thread=MainThread] Failed to get flag value for EXPERIMENTAL_ORBAX_USE_DISTRIBUTED_PROCESS_ID.
[2026-06-18 15:30:44,473][absl][INFO] - [process=0][thread=MainThread] Using barrier_sync_fn: <function get_barrier_sync_fn.<locals>.<lambda> at 0x14d7956e79c0> timeout: 1200 secs and primary_host=0 for async checkpoint writes
[2026-06-18 15:30:44,474][absl][INFO] - [process=0] [sync] Started load checkpoint @ /gpfs/home5/sfris1/ltr_datasets/ips_datasets/logging_policy_c10000_ps1p0_pt0p5_bs1p0_drop0rel0_sessallocv2_candfullv2_topx25_maxdocs200_lprdeep_lpsegreedysampler_lppct10p0.
[2026-06-18 15:30:44,476][absl][INFO] - Restoring checkpoint from /gpfs/home5/sfris1/ltr_datasets/ips_datasets/logging_policy_c10000_ps1p0_pt0p5_bs1p0_drop0rel0_sessallocv2_candfullv2_topx25_maxdocs200_lprdeep_lpsegreedysampler_lppct10p0.
[2026-06-18 15:30:44,476][absl][INFO] - [process=0] [sync] Finished blocking load in 0.00 seconds. Continuing load @ /gpfs/home5/sfris1/ltr_datasets/ips_datasets/logging_policy_c10000_ps1p0_pt0p5_bs1p0_drop0rel0_sessallocv2_candfullv2_topx25_maxdocs200_lprdeep_lpsegreedysampler_lppct10p0.
[2026-06-18 15:30:44,492][absl][INFO] - [process=0] /jax/orbax/read/worker/io/requested throughput: 1.880 MiB/s (total gbytes: 21.4 KiB) (time elapsed: 0.011106491088867188 s) (per-host)
[2026-06-18 15:30:44,494][absl][INFO] - [process=0] /jax/checkpoint/read/gbytes_per_sec: 1.254 MiB/s (total gbytes: 21.4 KiB) (time elapsed: 0.016651630401611328 s) (per-host)
[2026-06-18 15:30:44,494][absl][INFO] - [process=0] [sync] Finished load in 0.02 seconds @ /gpfs/home5/sfris1/ltr_datasets/ips_datasets/logging_policy_c10000_ps1p0_pt0p5_bs1p0_drop0rel0_sessallocv2_candfullv2_topx25_maxdocs200_lprdeep_lpsegreedysampler_lppct10p0
[2026-06-18 15:30:48,792][feature_based_propensities_for_ULTR.experiments.data_pipeline][INFO] - Loaded click datasets in 64.97 seconds (train=7500, val=2500, test=0)
[2026-06-18 15:30:48,792][feature_based_propensities_for_ULTR.experiments.data_pipeline][INFO] - Test split is label-only by design; no test click dataset was loaded.
[2026-06-18 15:30:48,792][feature_based_propensities_for_ULTR.data.runtime.alignment][INFO] - Applying data cutoff override: configured=25, natural=25, effective=25
[2026-06-18 15:30:48,792][feature_based_propensities_for_ULTR.data.runtime.alignment][INFO] - Applying data cutoff override: configured=25, natural=25, effective=25
[2026-06-18 15:30:48,889][feature_based_propensities_for_ULTR.data.runtime.aggregation][INFO] - Initializing simulator...
[2026-06-18 15:30:48,890][feature_based_propensities_for_ULTR.data.runtime.aggregation][INFO] - Aggregating train dataset...
[2026-06-18 15:30:54,131][feature_based_propensities_for_ULTR.data.runtime.aggregation][INFO] - Aggregating validation dataset...
[2026-06-18 15:30:57,095][feature_based_propensities_for_ULTR.data.runtime.aggregation][INFO] - Aggregating test dataset from labels only...
[2026-06-18 15:30:57,942][feature_based_propensities_for_ULTR.data.runtime.aggregation][INFO] - Aggregation done in 9.05 seconds
[2026-06-18 15:30:57,942][feature_based_propensities_for_ULTR.data.runtime.aggregation][INFO] - Session usage after aggregation: requested(train=7500,val=2500), actual(train=7500,val=2500,test=0)
[2026-06-18 15:30:57,942][feature_based_propensities_for_ULTR.data.runtime.aggregation][INFO] - Dataset persistence disabled; skipping aggregated dataset cache save.
[2026-06-18 15:30:57,942][feature_based_propensities_for_ULTR.experiments.ips_pipeline][INFO] - Test split uses label-only evaluation; raw test click diagnostics are skipped.
[2026-06-18 15:30:57,995][feature_based_propensities_for_ULTR.experiments.diagnostics][INFO] - [Data] train_docs=2132810, val_docs=707814, test_docs=708921, cutoff=25
[2026-06-18 15:30:58,098][feature_based_propensities_for_ULTR.experiments.diagnostics][INFO] - [Train] clicks=820, displays=181833, ctr=0.0045, ctr_per_doc=0.0045
[2026-06-18 15:30:58,187][feature_based_propensities_for_ULTR.experiments.diagnostics][INFO] - [Validation] clicks=265, displays=60569, ctr=0.0044, ctr_per_doc=0.0044
[2026-06-18 15:30:58,277][feature_based_propensities_for_ULTR.experiments.diagnostics][INFO] - [Test] clicks=0, displays=0, ctr=0.0000, ctr_per_doc=0.0000
[2026-06-18 15:30:58,277][feature_based_propensities_for_ULTR.experiments.ips_pipeline][INFO] - Running estimator pipeline with model='dm'
[2026-06-18 15:30:58,278][feature_based_propensities_for_ULTR.experiments.ips_pipeline][INFO] - Computing position bias (alpha)...
[2026-06-18 15:30:58,295][ultr_bias_toolkit.bias.intervention_harvesting.all_pairs][INFO] - Position bias estimation using global all pairs estimator
[2026-06-18 15:31:47,701][feature_based_propensities_for_ULTR.experiments.position_bias_pipeline][INFO] - Saved estimated position-bias curve to position_bias.json
[2026-06-18 15:31:47,702][feature_based_propensities_for_ULTR.experiments.ips_pipeline][INFO] - Estimated position bias in-run (estimator=global_all_pairs): [ 0.         -1.1478715  -1.1877514  -0.80740917 -2.216094   -0.62309957
 -1.2351027  -2.3684964  -1.2837151  -1.2653729  -2.440841   -1.3471056
  0.07196856 -6.9077554  -2.7999203  -1.3841491  -6.1910524  -6.9077554
 -6.9077554  -6.148424   -6.4778004  -6.4481697  -2.2538328  -1.3906103
 -1.9383092 ]
[2026-06-18 15:31:47,703][feature_based_propensities_for_ULTR.experiments.propensity_pipeline][INFO] - Computing propensity per doc (method=frequency_based)...
[2026-06-18 15:32:16,174][feature_based_propensities_for_ULTR.experiments.propensity_pipeline][INFO] - Propensity computed in 28.47 seconds
[2026-06-18 15:32:16,174][feature_based_propensities_for_ULTR.experiments.propensity_pipeline][INFO] - Alpha logits: [ 0.         -1.1478715  -1.1877514  -0.80740917 -2.216094   -0.62309957
 -1.2351027  -2.3684964  -1.2837151  -1.2653729  -2.440841   -1.3471056
  0.07196856 -6.9077554  -2.7999203  -1.3841491  -6.1910524  -6.9077554
 -6.9077554  -6.148424   -6.4778004  -6.4481697  -2.2538328  -1.3906103
 -1.9383092 ]
[2026-06-18 15:32:16,175][feature_based_propensities_for_ULTR.experiments.propensity_pipeline][INFO] - Alpha: [0.5        0.24087809 0.23366134 0.30844286 0.09831452 0.34907684
 0.2252896  0.08560677 0.21691848 0.22005038 0.08011092 0.20634396
 0.5179844  0.000999   0.05732848 0.20034346 0.00204349 0.000999
 0.000999   0.00213229 0.00153483 0.00158091 0.09501938 0.19931033
 0.12583372]
[2026-06-18 15:32:16,176][feature_based_propensities_for_ULTR.experiments.propensity_pipeline][INFO] - Propensity clipping disabled.
[2026-06-18 15:32:17,348][feature_based_propensities_for_ULTR.experiments.regression_pipeline][INFO] - Training regression model for DM/DR...
[2026-06-18 15:32:25,840][feature_based_propensities_for_ULTR.experiments.regression_pipeline][INFO] - Regression epoch 3: train_loss=0.585014 val_loss=0.520129
[2026-06-18 15:32:33,329][feature_based_propensities_for_ULTR.experiments.regression_pipeline][INFO] - Regression epoch 6: train_loss=0.556863 val_loss=0.601048
[2026-06-18 15:32:39,398][feature_based_propensities_for_ULTR.experiments.ips_pipeline][INFO] - Computing DM doc weights...
[2026-06-18 15:32:39,398][feature_based_propensities_for_ULTR.experiments.ips_pipeline][INFO] - Doc weights computed in 0.00 seconds
[2026-06-18 15:32:39,408][feature_based_propensities_for_ULTR.experiments.model_pipeline][INFO] - Loading trainer (trainer_type='pl-rank', n_samples=100)...
[2026-06-18 15:32:39,410][feature_based_propensities_for_ULTR.experiments.model_pipeline][INFO] - Trainer loaded in 0.00 seconds
[2026-06-18 15:32:39,410][feature_based_propensities_for_ULTR.experiments.model_pipeline][INFO] - Training model...
[2026-06-18 15:56:57,365][feature_based_propensities_for_ULTR.experiments.ips_pipeline][INFO] - Final evaluation results:
{'metrics': {'CTR': 0.6219387054443359,
             'DCG': 1.2720181941986084,
             'NCTR': 0.29953786730766296,
             'NDCG': 0.3347170948982239,
             'NDCG@25': 0.3347170948982239,
             'NRCTR': 0.29953786730766296,
             'RCTR': 0.6219387054443359}}
[2026-06-18 15:56:57,411][submitit][INFO] - Job completed successfully
[2026-06-18 15:56:57,420][submitit][INFO] - Exiting after successful completion
