[2026-03-25 14:47:41,200][jax._src.xla_bridge][ERROR] - Jax plugin configuration error: Exception when calling jax_plugins.xla_cuda12.initialize()
Traceback (most recent call last):
  File "/gpfs/home5/sfris1/two-towers-confounding-project/.venv/lib/python3.11/site-packages/jax/_src/xla_bridge.py", line 485, in discover_pjrt_plugins
    plugin_module.initialize()
  File "/gpfs/home5/sfris1/two-towers-confounding-project/.venv/lib/python3.11/site-packages/jax_plugins/xla_cuda12/__init__.py", line 328, in initialize
    _check_cuda_versions(raise_on_first_error=True)
  File "/gpfs/home5/sfris1/two-towers-confounding-project/.venv/lib/python3.11/site-packages/jax_plugins/xla_cuda12/__init__.py", line 285, in _check_cuda_versions
    local_device_count = cuda_versions.cuda_device_count()
                         ^^^^^^^^^^^^^^^^^^^^^^^^^^^^^^^^^
RuntimeError: jaxlib/cuda/versions_helpers.cc:113: operation cuInit(0) failed: CUDA_ERROR_NO_DEVICE
[2026-03-25 14:47:42,338][two_tower_confounding.experiments.ips_pipeline][WARNING] - wandb.init failed (Error uploading run: returned error 403: {"data":{"upsertBucket":null},"errors":[{"message":"permission denied","path":["upsertBucket"],"extensions":{"code":"PERMISSION_ERROR"}}]}). Continuing with local logging only.
[2026-03-25 14:47:42,339][two_tower_confounding.experiments.ips_pipeline][WARNING] - Disabling wandb for trainer components because initialization failed.
[2026-03-25 14:47:42,339][two_tower_confounding.experiments.config_resolver][WARNING] - test_clicks=500000 is ignored because test_set_mode='label_only'. Set test_set_mode='clicks' to enable legacy click-based test behavior.
[2026-03-25 14:47:42,347][two_tower_confounding.experiments.data_pipeline][INFO] - Loading or generating click datasets...
[2026-03-25 14:48:06,124][absl][INFO] - orbax-checkpoint version: 0.11.25
[2026-03-25 14:48:06,124][absl][INFO] - Created BasePyTreeCheckpointHandler: use_ocdbt=True, use_zarr3=False, pytree_metadata_options=PyTreeMetadataOptions(support_rich_types=False), array_metadata_store=<orbax.checkpoint._src.metadata.array_metadata_store.Store object at 0x1547e8701690>, enable_pinned_host_transfer=False, save_concurrent_bytes: 96000000000 (89.4 GiB), restore_concurrent_bytes: 96000000000 (89.4 GiB)
[2026-03-25 14:48:06,125][absl][INFO] - [thread=MainThread] Failed to get flag value for EXPERIMENTAL_ORBAX_USE_DISTRIBUTED_PROCESS_ID.
[2026-03-25 14:48:06,125][absl][INFO] - [process=0][thread=MainThread] Using barrier_sync_fn: <function get_barrier_sync_fn.<locals>.<lambda> at 0x15472ee9c0e0> timeout: 600 secs and primary_host=0 for async checkpoint writes
[2026-03-25 14:48:06,127][absl][INFO] - Restoring checkpoint from /gpfs/home5/sfris1/ltr_datasets/ips_datasets/logging_policy_c50000_ps1p0_pt0p5_bs1p0_drop0rel0_sessallocv2_candfullv2_topx25_maxdocs80_lprdeep_lpsegreedysampler_lppct10p0.
[2026-03-25 14:48:06,151][absl][INFO] - [process=0] /jax/checkpoint/read/gbytes_per_sec: 0 Bytes/s (total gbytes: 91.8 KiB) (time elapsed: 22 milliseconds) (per-host)
[2026-03-25 14:48:06,151][absl][INFO] - Finished restoring checkpoint in 0.03 seconds from /gpfs/home5/sfris1/ltr_datasets/ips_datasets/logging_policy_c50000_ps1p0_pt0p5_bs1p0_drop0rel0_sessallocv2_candfullv2_topx25_maxdocs80_lprdeep_lpsegreedysampler_lppct10p0.
[2026-03-25 14:48:14,078][two_tower_confounding.experiments.data_pipeline][INFO] - Loaded click datasets in 31.73 seconds (train=43473, val=6527, test=0)
[2026-03-25 14:48:14,078][two_tower_confounding.experiments.data_pipeline][INFO] - Test split is label-only by design; no test click dataset was loaded.
[2026-03-25 14:48:14,078][two_tower_confounding.data.runtime.alignment][INFO] - Applying data cutoff override: configured=25, natural=25, effective=25
[2026-03-25 14:48:14,078][two_tower_confounding.data.runtime.alignment][INFO] - Applying data cutoff override: configured=25, natural=25, effective=25
[2026-03-25 14:48:14,208][two_tower_confounding.data.runtime.aggregation][INFO] - Initializing simulator...
[2026-03-25 14:48:14,209][two_tower_confounding.data.runtime.aggregation][INFO] - Aggregating train dataset...
[2026-03-25 14:48:21,066][two_tower_confounding.data.runtime.aggregation][INFO] - Aggregating validation dataset...
[2026-03-25 14:48:24,286][two_tower_confounding.data.runtime.aggregation][INFO] - Aggregating test dataset from labels only...
[2026-03-25 14:48:26,009][two_tower_confounding.data.runtime.aggregation][INFO] - Aggregation done in 11.80 seconds
[2026-03-25 14:48:26,010][two_tower_confounding.data.runtime.aggregation][INFO] - Session usage after aggregation: requested(train=43473,val=6527), actual(train=43473,val=6527,test=0)
[2026-03-25 14:48:26,010][two_tower_confounding.data.runtime.aggregation][INFO] - Dataset persistence disabled; skipping aggregated dataset cache save.
[2026-03-25 14:48:26,010][two_tower_confounding.experiments.ips_pipeline][INFO] - Test split uses label-only evaluation; raw test click diagnostics are skipped.
[2026-03-25 14:48:26,038][two_tower_confounding.experiments.diagnostics][INFO] - [Data] train_docs=470251, val_docs=70687, test_docs=164676, cutoff=25
[2026-03-25 14:48:26,111][two_tower_confounding.experiments.diagnostics][INFO] - [Train] clicks=6530, displays=736179, ctr=0.0089, ctr_per_doc=0.0089
[2026-03-25 14:48:26,183][two_tower_confounding.experiments.diagnostics][INFO] - [Validation] clicks=954, displays=109890, ctr=0.0087, ctr_per_doc=0.0087
[2026-03-25 14:48:26,256][two_tower_confounding.experiments.diagnostics][INFO] - [Test] clicks=0, displays=0, ctr=0.0000, ctr_per_doc=0.0000
[2026-03-25 14:48:26,256][two_tower_confounding.experiments.ips_pipeline][INFO] - Running estimator pipeline with model='ips'
[2026-03-25 14:48:26,256][two_tower_confounding.experiments.ips_pipeline][INFO] - Computing position bias (alpha)...
[2026-03-25 14:48:26,319][two_tower_confounding.experiments.propensity_pipeline][INFO] - Computing propensity per doc (method=propensity_mlp_regression)...
[2026-03-25 14:48:26,350][submitit][INFO] - Job completed successfully
[2026-03-25 14:48:26,360][submitit][INFO] - Exiting after successful completion
[2026-06-17 21:41:58,567][feature_based_propensities_for_ULTR.experiments.config_resolver][WARNING] - test_clicks=500000 is ignored because test_set_mode='label_only'. Set test_set_mode='clicks' to enable legacy click-based test behavior.
[2026-06-17 21:41:58,573][feature_based_propensities_for_ULTR.experiments.data_pipeline][INFO] - Loading or generating click datasets...
[2026-06-17 21:42:21,790][absl][INFO] - orbax-checkpoint version: 0.11.40
[2026-06-17 21:42:21,791][absl][INFO] - save_device_host_concurrent_bytes=None
[2026-06-17 21:42:21,791][absl][INFO] - Created BasePyTreeCheckpointHandler: use_ocdbt=True, use_zarr3=False, pytree_metadata_options=PyTreeMetadataOptions(support_rich_types=False), array_metadata_store=<orbax.checkpoint._src.metadata.array_metadata_store.Store object at 0x1497fa9aa150>, enable_pinned_host_transfer=False, save_concurrent_bytes: 96000000000 (89.4 GiB), restore_concurrent_bytes: 96000000000 (89.4 GiB)
[2026-06-17 21:42:21,791][absl][INFO] - [thread=MainThread] Failed to get flag value for EXPERIMENTAL_ORBAX_USE_DISTRIBUTED_PROCESS_ID.
[2026-06-17 21:42:21,791][absl][INFO] - [process=0][thread=MainThread] Using barrier_sync_fn: <function get_barrier_sync_fn.<locals>.<lambda> at 0x14975bb92a20> timeout: 1200 secs and primary_host=0 for async checkpoint writes
[2026-06-17 21:42:21,792][absl][INFO] - [process=0] [sync] Started load checkpoint @ /gpfs/home5/sfris1/ltr_datasets/ips_datasets/logging_policy_c50000_ps1p0_pt0p5_bs1p0_drop0rel0_sessallocv2_candfullv2_topx25_maxdocs80_lprdeep_lpsegreedysampler_lppct10p0.
[2026-06-17 21:42:21,794][absl][INFO] - Restoring checkpoint from /gpfs/home5/sfris1/ltr_datasets/ips_datasets/logging_policy_c50000_ps1p0_pt0p5_bs1p0_drop0rel0_sessallocv2_candfullv2_topx25_maxdocs80_lprdeep_lpsegreedysampler_lppct10p0.
[2026-06-17 21:42:21,794][absl][INFO] - [process=0] [sync] Finished blocking load in 0.00 seconds. Continuing load @ /gpfs/home5/sfris1/ltr_datasets/ips_datasets/logging_policy_c50000_ps1p0_pt0p5_bs1p0_drop0rel0_sessallocv2_candfullv2_topx25_maxdocs80_lprdeep_lpsegreedysampler_lppct10p0.
[2026-06-17 21:42:21,818][absl][INFO] - [process=0] /jax/orbax/read/worker/io/requested throughput: 6.014 MiB/s (total gbytes: 91.8 KiB) (time elapsed: 0.01490020751953125 s) (per-host)
[2026-06-17 21:42:21,819][absl][INFO] - [process=0] /jax/checkpoint/read/gbytes_per_sec: 4.109 MiB/s (total gbytes: 91.8 KiB) (time elapsed: 0.021808385848999023 s) (per-host)
[2026-06-17 21:42:21,819][absl][INFO] - [process=0] [sync] Finished load in 0.03 seconds @ /gpfs/home5/sfris1/ltr_datasets/ips_datasets/logging_policy_c50000_ps1p0_pt0p5_bs1p0_drop0rel0_sessallocv2_candfullv2_topx25_maxdocs80_lprdeep_lpsegreedysampler_lppct10p0
[2026-06-17 21:42:29,143][feature_based_propensities_for_ULTR.experiments.data_pipeline][INFO] - Loaded click datasets in 30.57 seconds (train=43473, val=6527, test=0)
[2026-06-17 21:42:29,143][feature_based_propensities_for_ULTR.experiments.data_pipeline][INFO] - Test split is label-only by design; no test click dataset was loaded.
[2026-06-17 21:42:29,143][feature_based_propensities_for_ULTR.data.runtime.alignment][INFO] - Applying data cutoff override: configured=25, natural=25, effective=25
[2026-06-17 21:42:29,143][feature_based_propensities_for_ULTR.data.runtime.alignment][INFO] - Applying data cutoff override: configured=25, natural=25, effective=25
[2026-06-17 21:42:29,236][feature_based_propensities_for_ULTR.data.runtime.aggregation][INFO] - Initializing simulator...
[2026-06-17 21:42:29,236][feature_based_propensities_for_ULTR.data.runtime.aggregation][INFO] - Aggregating train dataset...
[2026-06-17 21:42:35,506][feature_based_propensities_for_ULTR.data.runtime.aggregation][INFO] - Aggregating validation dataset...
[2026-06-17 21:42:38,227][feature_based_propensities_for_ULTR.data.runtime.aggregation][INFO] - Aggregating test dataset from labels only...
[2026-06-17 21:42:39,902][feature_based_propensities_for_ULTR.data.runtime.aggregation][INFO] - Aggregation done in 10.67 seconds
[2026-06-17 21:42:39,903][feature_based_propensities_for_ULTR.data.runtime.aggregation][INFO] - Session usage after aggregation: requested(train=43473,val=6527), actual(train=43473,val=6527,test=0)
[2026-06-17 21:42:39,903][feature_based_propensities_for_ULTR.data.runtime.aggregation][INFO] - Dataset persistence disabled; skipping aggregated dataset cache save.
[2026-06-17 21:42:39,903][feature_based_propensities_for_ULTR.experiments.ips_pipeline][INFO] - Test split uses label-only evaluation; raw test click diagnostics are skipped.
[2026-06-17 21:42:39,925][feature_based_propensities_for_ULTR.experiments.diagnostics][INFO] - [Data] train_docs=470251, val_docs=70687, test_docs=164676, cutoff=25
[2026-06-17 21:42:40,016][feature_based_propensities_for_ULTR.experiments.diagnostics][INFO] - [Train] clicks=6620, displays=736179, ctr=0.0090, ctr_per_doc=0.0090
[2026-06-17 21:42:40,097][feature_based_propensities_for_ULTR.experiments.diagnostics][INFO] - [Validation] clicks=972, displays=109960, ctr=0.0088, ctr_per_doc=0.0088
[2026-06-17 21:42:40,213][feature_based_propensities_for_ULTR.experiments.diagnostics][INFO] - [Test] clicks=0, displays=0, ctr=0.0000, ctr_per_doc=0.0000
[2026-06-17 21:42:40,214][feature_based_propensities_for_ULTR.experiments.ips_pipeline][INFO] - Running estimator pipeline with model='ips'
[2026-06-17 21:42:40,214][feature_based_propensities_for_ULTR.experiments.ips_pipeline][INFO] - Computing position bias (alpha)...
[2026-06-17 21:42:40,264][feature_based_propensities_for_ULTR.experiments.propensity_pipeline][INFO] - Computing propensity per doc (method=propensity_mlp_regression)...
[2026-06-17 21:47:10,334][feature_based_propensities_for_ULTR.experiments.propensity_pipeline][INFO] - Propensity computed in 270.07 seconds
[2026-06-17 21:47:10,334][feature_based_propensities_for_ULTR.experiments.propensity_pipeline][INFO] - Alpha logits: [-0.     -0.6931 -1.0986 -1.3863 -1.6094 -1.7918 -1.9459 -2.0794 -2.1972
 -2.3026 -2.3979 -2.4849 -2.5649 -2.6391 -2.7081 -2.7726 -2.8332 -2.8904
 -2.9444 -2.9957 -3.0445 -3.091  -3.1355 -3.1781 -3.2189]
[2026-06-17 21:47:10,335][feature_based_propensities_for_ULTR.experiments.propensity_pipeline][INFO] - Alpha: [0.5    0.3333 0.25   0.2    0.1667 0.1429 0.125  0.1111 0.1    0.0909
 0.0833 0.0769 0.0714 0.0667 0.0625 0.0588 0.0556 0.0526 0.05   0.0476
 0.0455 0.0435 0.0417 0.04   0.0385]
[2026-06-17 21:47:10,336][feature_based_propensities_for_ULTR.experiments.propensity_pipeline][INFO] - Propensity clipping disabled.
[2026-06-17 21:47:10,336][feature_based_propensities_for_ULTR.experiments.ips_pipeline][INFO] - Computing IPS doc weights...
[2026-06-17 21:47:10,814][feature_based_propensities_for_ULTR.experiments.ips_pipeline][INFO] - Doc weights computed in 0.48 seconds
[2026-06-17 21:47:10,820][feature_based_propensities_for_ULTR.experiments.model_pipeline][INFO] - Loading trainer (trainer_type='pl-rank', n_samples=100)...
[2026-06-17 21:47:10,822][feature_based_propensities_for_ULTR.experiments.model_pipeline][INFO] - Trainer loaded in 0.00 seconds
[2026-06-17 21:47:10,823][feature_based_propensities_for_ULTR.experiments.model_pipeline][INFO] - Training model...
[2026-06-17 21:49:53,658][feature_based_propensities_for_ULTR.experiments.ips_pipeline][INFO] - Final evaluation results:
{'metrics': {'CTR': 0.8590835332870483,
             'DCG': 2.159867763519287,
             'NCTR': 0.7353230714797974,
             'NDCG': 0.778384268283844,
             'NDCG@25': 0.778384268283844,
             'NRCTR': 0.7353230714797974,
             'RCTR': 0.8590835332870483}}
[2026-06-17 21:49:53,682][submitit][INFO] - Job completed successfully
[2026-06-17 21:49:53,690][submitit][INFO] - Exiting after successful completion
