[2026-05-05 10:55:12,379][two_tower_confounding.experiments.config_resolver][WARNING] - test_clicks=500000 is ignored because test_set_mode='label_only'. Set test_set_mode='clicks' to enable legacy click-based test behavior.
[2026-05-05 10:55:12,385][two_tower_confounding.experiments.data_pipeline][INFO] - Loading or generating click datasets...
[2026-05-05 10:55:35,870][absl][INFO] - orbax-checkpoint version: 0.11.37
[2026-05-05 10:55:35,870][absl][INFO] - save_device_host_concurrent_bytes=None
[2026-05-05 10:55:35,870][absl][INFO] - Created BasePyTreeCheckpointHandler: use_ocdbt=True, use_zarr3=False, pytree_metadata_options=PyTreeMetadataOptions(support_rich_types=False), array_metadata_store=<orbax.checkpoint._src.metadata.array_metadata_store.Store object at 0x1496f8142a50>, enable_pinned_host_transfer=False, save_concurrent_bytes: 96000000000 (89.4 GiB), restore_concurrent_bytes: 96000000000 (89.4 GiB)
[2026-05-05 10:55:35,870][absl][INFO] - [thread=MainThread] Failed to get flag value for EXPERIMENTAL_ORBAX_USE_DISTRIBUTED_PROCESS_ID.
[2026-05-05 10:55:35,871][absl][INFO] - [process=0][thread=MainThread] Using barrier_sync_fn: <function get_barrier_sync_fn.<locals>.<lambda> at 0x14966900d800> timeout: 1200 secs and primary_host=0 for async checkpoint writes
[2026-05-05 10:55:35,871][absl][INFO] - [process=0] [sync] Started load checkpoint @ /gpfs/home5/sfris1/ltr_datasets/ips_datasets/logging_policy_c100000_ps1p0_pt0p5_bs1p0_drop0rel0_sessallocv2_candfullv2_topx25_maxdocs80_lprdeep_lpsegreedysampler_lppct10p0.
[2026-05-05 10:55:35,873][absl][INFO] - Restoring checkpoint from /gpfs/home5/sfris1/ltr_datasets/ips_datasets/logging_policy_c100000_ps1p0_pt0p5_bs1p0_drop0rel0_sessallocv2_candfullv2_topx25_maxdocs80_lprdeep_lpsegreedysampler_lppct10p0.
[2026-05-05 10:55:35,873][absl][INFO] - [process=0] [sync] Finished blocking load in 0.00 seconds. Continuing load @ /gpfs/home5/sfris1/ltr_datasets/ips_datasets/logging_policy_c100000_ps1p0_pt0p5_bs1p0_drop0rel0_sessallocv2_candfullv2_topx25_maxdocs80_lprdeep_lpsegreedysampler_lppct10p0.
[2026-05-05 10:55:35,889][absl][INFO] - [process=0] /jax/orbax/read/worker/io/requested throughput: 8.118 MiB/s (total gbytes: 91.8 KiB) (time elapsed: 0.011037826538085938 s) (per-host)
[2026-05-05 10:55:35,891][absl][INFO] - [process=0] /jax/checkpoint/read/gbytes_per_sec: 5.392 MiB/s (total gbytes: 91.8 KiB) (time elapsed: 0.016618728637695312 s) (per-host)
[2026-05-05 10:55:35,891][absl][INFO] - [process=0] [sync] Finished load in 0.02 seconds @ /gpfs/home5/sfris1/ltr_datasets/ips_datasets/logging_policy_c100000_ps1p0_pt0p5_bs1p0_drop0rel0_sessallocv2_candfullv2_topx25_maxdocs80_lprdeep_lpsegreedysampler_lppct10p0
[2026-05-05 10:55:47,113][two_tower_confounding.experiments.data_pipeline][INFO] - Loaded click datasets in 34.73 seconds (train=86947, val=13053, test=0)
[2026-05-05 10:55:47,113][two_tower_confounding.experiments.data_pipeline][INFO] - Test split is label-only by design; no test click dataset was loaded.
[2026-05-05 10:55:47,113][two_tower_confounding.data.runtime.alignment][INFO] - Applying data cutoff override: configured=25, natural=25, effective=25
[2026-05-05 10:55:47,114][two_tower_confounding.data.runtime.alignment][INFO] - Applying data cutoff override: configured=25, natural=25, effective=25
[2026-05-05 10:55:47,207][two_tower_confounding.data.runtime.aggregation][INFO] - Initializing simulator...
[2026-05-05 10:55:47,208][two_tower_confounding.data.runtime.aggregation][INFO] - Aggregating train dataset...
[2026-05-05 10:55:53,522][two_tower_confounding.data.runtime.aggregation][INFO] - Aggregating validation dataset...
[2026-05-05 10:55:56,037][two_tower_confounding.data.runtime.aggregation][INFO] - Aggregating test dataset from labels only...
[2026-05-05 10:55:57,910][two_tower_confounding.data.runtime.aggregation][INFO] - Aggregation done in 10.70 seconds
[2026-05-05 10:55:57,911][two_tower_confounding.data.runtime.aggregation][INFO] - Session usage after aggregation: requested(train=86947,val=13053), actual(train=86947,val=13053,test=0)
[2026-05-05 10:55:57,911][two_tower_confounding.data.runtime.aggregation][INFO] - Dataset persistence disabled; skipping aggregated dataset cache save.
[2026-05-05 10:55:57,911][two_tower_confounding.experiments.ips_pipeline][INFO] - Test split uses label-only evaluation; raw test click diagnostics are skipped.
[2026-05-05 10:55:57,934][two_tower_confounding.experiments.diagnostics][INFO] - [Data] train_docs=470251, val_docs=70687, test_docs=164676, cutoff=25
[2026-05-05 10:55:58,024][two_tower_confounding.experiments.diagnostics][INFO] - [Train] clicks=13115, displays=1471619, ctr=0.0089, ctr_per_doc=0.0089
[2026-05-05 10:55:58,109][two_tower_confounding.experiments.diagnostics][INFO] - [Validation] clicks=1959, displays=219167, ctr=0.0089, ctr_per_doc=0.0089
[2026-05-05 10:55:58,227][two_tower_confounding.experiments.diagnostics][INFO] - [Test] clicks=0, displays=0, ctr=0.0000, ctr_per_doc=0.0000
[2026-05-05 10:55:58,227][two_tower_confounding.experiments.ips_pipeline][INFO] - Running estimator pipeline with model='dm'
[2026-05-05 10:55:58,227][two_tower_confounding.experiments.ips_pipeline][INFO] - Computing position bias (alpha)...
[2026-05-05 10:55:58,234][two_tower_confounding.experiments.ips_pipeline][INFO] - Loaded CSV position bias from /gpfs/home5/sfris1/Doubly-Robust-Optimization-With-Two-Tower-Models/results/position_bias_csv_smoke.csv (method=global_all_pairs): [ 0.        -0.6762404 -1.078172  -1.3593199 -1.6449132 -1.7892423
 -1.9097745 -2.0003607 -2.0913854 -2.1824634 -2.3962963 -2.5267391
 -2.5543985 -2.6866524 -2.7146919 -2.464648  -2.8178678 -2.5680165
 -2.596511  -3.0224187 -2.731134  -2.8996856 -3.0862072 -3.0266771
 -2.7021465]
[2026-05-05 10:55:58,235][two_tower_confounding.experiments.propensity_pipeline][INFO] - Computing propensity per doc (method=true_propensity)...
[2026-05-05 10:57:00,193][two_tower_confounding.experiments.propensity_pipeline][INFO] - Propensity computed in 61.96 seconds
[2026-05-05 10:57:00,193][two_tower_confounding.experiments.propensity_pipeline][INFO] - Alpha logits: [ 0.        -0.6762404 -1.078172  -1.3593199 -1.6449132 -1.7892423
 -1.9097745 -2.0003607 -2.0913854 -2.1824634 -2.3962963 -2.5267391
 -2.5543985 -2.6866524 -2.7146919 -2.464648  -2.8178678 -2.5680165
 -2.596511  -3.0224187 -2.731134  -2.8996856 -3.0862072 -3.0266771
 -2.7021465]
[2026-05-05 10:57:00,194][two_tower_confounding.experiments.propensity_pipeline][INFO] - Alpha: [0.5        0.33710092 0.2538521  0.20435084 0.16179763 0.14316565
 0.12900618 0.11916506 0.10993693 0.10133637 0.08345556 0.07400479
 0.07213154 0.06376557 0.06211197 0.07837395 0.05636624 0.0712254
 0.06936332 0.04642329 0.06116102 0.0521691  0.04367979 0.04623513
 0.06284682]
[2026-05-05 10:57:00,195][two_tower_confounding.experiments.propensity_pipeline][INFO] - Propensity clipping disabled.
[2026-05-05 10:57:01,522][two_tower_confounding.experiments.regression_pipeline][INFO] - Training regression model for DM/DR...
[2026-05-05 10:57:21,099][two_tower_confounding.experiments.regression_pipeline][INFO] - Regression epoch 3: train_loss=0.209162 val_loss=0.207944
[2026-05-05 10:57:39,549][two_tower_confounding.experiments.regression_pipeline][INFO] - Regression epoch 6: train_loss=0.206278 val_loss=0.210042
[2026-05-05 10:57:41,411][two_tower_confounding.experiments.ips_pipeline][INFO] - Computing DM doc weights...
[2026-05-05 10:57:41,412][two_tower_confounding.experiments.ips_pipeline][INFO] - Doc weights computed in 0.00 seconds
[2026-05-05 10:57:41,418][two_tower_confounding.experiments.model_pipeline][INFO] - Loading trainer (trainer_type='pl-rank', n_samples=100)...
[2026-05-05 10:57:41,420][two_tower_confounding.experiments.model_pipeline][INFO] - Trainer loaded in 0.00 seconds
[2026-05-05 10:57:41,420][two_tower_confounding.experiments.model_pipeline][INFO] - Training model...
[2026-05-05 11:07:41,368][two_tower_confounding.experiments.ips_pipeline][INFO] - Final evaluation results:
{'metrics': {'CTR': 0.8826999664306641,
             'DCG': 2.152611255645752,
             'NCTR': 0.7361062169075012,
             'NDCG': 0.7752624750137329,
             'NDCG@25': 0.7752624750137329,
             'NRCTR': 0.7361062169075012,
             'RCTR': 0.8826999664306641}}
[2026-05-05 11:07:41,393][submitit][INFO] - Job completed successfully
[2026-05-05 11:07:41,402][submitit][INFO] - Exiting after successful completion
