[2026-05-05 10:57:15,324][two_tower_confounding.experiments.config_resolver][WARNING] - test_clicks=500000 is ignored because test_set_mode='label_only'. Set test_set_mode='clicks' to enable legacy click-based test behavior.
[2026-05-05 10:57:15,330][two_tower_confounding.experiments.data_pipeline][INFO] - Loading or generating click datasets...
[2026-05-05 10:57:39,007][absl][INFO] - orbax-checkpoint version: 0.11.37
[2026-05-05 10:57:39,008][absl][INFO] - save_device_host_concurrent_bytes=None
[2026-05-05 10:57:39,008][absl][INFO] - Created BasePyTreeCheckpointHandler: use_ocdbt=True, use_zarr3=False, pytree_metadata_options=PyTreeMetadataOptions(support_rich_types=False), array_metadata_store=<orbax.checkpoint._src.metadata.array_metadata_store.Store object at 0x14f73c4a1710>, enable_pinned_host_transfer=False, save_concurrent_bytes: 96000000000 (89.4 GiB), restore_concurrent_bytes: 96000000000 (89.4 GiB)
[2026-05-05 10:57:39,008][absl][INFO] - [thread=MainThread] Failed to get flag value for EXPERIMENTAL_ORBAX_USE_DISTRIBUTED_PROCESS_ID.
[2026-05-05 10:57:39,008][absl][INFO] - [process=0][thread=MainThread] Using barrier_sync_fn: <function get_barrier_sync_fn.<locals>.<lambda> at 0x14f69b885800> timeout: 1200 secs and primary_host=0 for async checkpoint writes
[2026-05-05 10:57:39,008][absl][INFO] - [process=0] [sync] Started load checkpoint @ /gpfs/home5/sfris1/ltr_datasets/ips_datasets/logging_policy_c10000_ps1p0_pt0p5_bs1p0_drop0rel0_sessallocv2_candfullv2_topx25_maxdocs80_lprdeep_lpsegreedysampler_lppct10p0.
[2026-05-05 10:57:39,010][absl][INFO] - Restoring checkpoint from /gpfs/home5/sfris1/ltr_datasets/ips_datasets/logging_policy_c10000_ps1p0_pt0p5_bs1p0_drop0rel0_sessallocv2_candfullv2_topx25_maxdocs80_lprdeep_lpsegreedysampler_lppct10p0.
[2026-05-05 10:57:39,011][absl][INFO] - [process=0] [sync] Finished blocking load in 0.00 seconds. Continuing load @ /gpfs/home5/sfris1/ltr_datasets/ips_datasets/logging_policy_c10000_ps1p0_pt0p5_bs1p0_drop0rel0_sessallocv2_candfullv2_topx25_maxdocs80_lprdeep_lpsegreedysampler_lppct10p0.
[2026-05-05 10:57:39,027][absl][INFO] - [process=0] /jax/orbax/read/worker/io/requested throughput: 7.991 MiB/s (total gbytes: 91.8 KiB) (time elapsed: 0.011212825775146484 s) (per-host)
[2026-05-05 10:57:39,028][absl][INFO] - [process=0] /jax/checkpoint/read/gbytes_per_sec: 5.334 MiB/s (total gbytes: 91.8 KiB) (time elapsed: 0.01679706573486328 s) (per-host)
[2026-05-05 10:57:39,028][absl][INFO] - [process=0] [sync] Finished load in 0.02 seconds @ /gpfs/home5/sfris1/ltr_datasets/ips_datasets/logging_policy_c10000_ps1p0_pt0p5_bs1p0_drop0rel0_sessallocv2_candfullv2_topx25_maxdocs80_lprdeep_lpsegreedysampler_lppct10p0
[2026-05-05 10:57:43,305][two_tower_confounding.experiments.data_pipeline][INFO] - Loaded click datasets in 27.97 seconds (train=8694, val=1306, test=0)
[2026-05-05 10:57:43,305][two_tower_confounding.experiments.data_pipeline][INFO] - Test split is label-only by design; no test click dataset was loaded.
[2026-05-05 10:57:43,305][two_tower_confounding.data.runtime.alignment][INFO] - Applying data cutoff override: configured=25, natural=25, effective=25
[2026-05-05 10:57:43,305][two_tower_confounding.data.runtime.alignment][INFO] - Applying data cutoff override: configured=25, natural=25, effective=25
[2026-05-05 10:57:43,403][two_tower_confounding.data.runtime.aggregation][INFO] - Initializing simulator...
[2026-05-05 10:57:43,404][two_tower_confounding.data.runtime.aggregation][INFO] - Aggregating train dataset...
[2026-05-05 10:57:49,611][two_tower_confounding.data.runtime.aggregation][INFO] - Aggregating validation dataset...
[2026-05-05 10:57:51,979][two_tower_confounding.data.runtime.aggregation][INFO] - Aggregating test dataset from labels only...
[2026-05-05 10:57:53,750][two_tower_confounding.data.runtime.aggregation][INFO] - Aggregation done in 10.35 seconds
[2026-05-05 10:57:53,752][two_tower_confounding.data.runtime.aggregation][INFO] - Session usage after aggregation: requested(train=8694,val=1306), actual(train=8694,val=1306,test=0)
[2026-05-05 10:57:53,752][two_tower_confounding.data.runtime.aggregation][INFO] - Dataset persistence disabled; skipping aggregated dataset cache save.
[2026-05-05 10:57:53,752][two_tower_confounding.experiments.ips_pipeline][INFO] - Test split uses label-only evaluation; raw test click diagnostics are skipped.
[2026-05-05 10:57:53,776][two_tower_confounding.experiments.diagnostics][INFO] - [Data] train_docs=470251, val_docs=70687, test_docs=164676, cutoff=25
[2026-05-05 10:57:53,864][two_tower_confounding.experiments.diagnostics][INFO] - [Train] clicks=1442, displays=147751, ctr=0.0098, ctr_per_doc=0.0098
[2026-05-05 10:57:53,946][two_tower_confounding.experiments.diagnostics][INFO] - [Validation] clicks=175, displays=21330, ctr=0.0082, ctr_per_doc=0.0082
[2026-05-05 10:57:54,063][two_tower_confounding.experiments.diagnostics][INFO] - [Test] clicks=0, displays=0, ctr=0.0000, ctr_per_doc=0.0000
[2026-05-05 10:57:54,063][two_tower_confounding.experiments.ips_pipeline][INFO] - Running estimator pipeline with model='dr'
[2026-05-05 10:57:54,063][two_tower_confounding.experiments.ips_pipeline][INFO] - Computing position bias (alpha)...
[2026-05-05 10:57:54,070][two_tower_confounding.experiments.ips_pipeline][INFO] - Loaded CSV position bias from /gpfs/home5/sfris1/Doubly-Robust-Optimization-With-Two-Tower-Models/results/position_bias_csv_smoke.csv (method=pivot_one): [ 0.         -0.56798404 -0.31237468 -0.14310084 -1.1451323  -1.7635885
 -2.6390574  -1.4350846  -6.9077554  -6.9077554  -1.2527629  -6.9077554
 -6.9077554  -1.3862944  -6.9077554  -1.609438   -6.9077554  -6.9077554
 -6.9077554  -6.9077554  -6.9077554  -6.9077554  -6.9077554  -6.9077554
 -6.9077554 ]
[2026-05-05 10:57:54,071][two_tower_confounding.experiments.propensity_pipeline][INFO] - Computing propensity per doc (method=true_propensity)...
[2026-05-05 10:58:02,090][two_tower_confounding.experiments.propensity_pipeline][INFO] - Propensity computed in 8.02 seconds
[2026-05-05 10:58:02,091][two_tower_confounding.experiments.propensity_pipeline][INFO] - Alpha logits: [ 0.         -0.56798404 -0.31237468 -0.14310084 -1.1451323  -1.7635885
 -2.6390574  -1.4350846  -6.9077554  -6.9077554  -1.2527629  -6.9077554
 -6.9077554  -1.3862944  -6.9077554  -1.609438   -6.9077554  -6.9077554
 -6.9077554  -6.9077554  -6.9077554  -6.9077554  -6.9077554  -6.9077554
 -6.9077554 ]
[2026-05-05 10:58:02,091][two_tower_confounding.experiments.propensity_pipeline][INFO] - Alpha: [0.5        0.3617021  0.4225352  0.4642857  0.2413793  0.14634146
 0.06666667 0.1923077  0.000999   0.000999   0.22222222 0.000999
 0.000999   0.2        0.000999   0.16666667 0.000999   0.000999
 0.000999   0.000999   0.000999   0.000999   0.000999   0.000999
 0.000999  ]
[2026-05-05 10:58:02,092][two_tower_confounding.experiments.propensity_pipeline][INFO] - Propensity clipping disabled.
[2026-05-05 10:58:02,092][two_tower_confounding.experiments.propensity_pipeline][INFO] - Computing propensity per doc (method=frequency_based)...
[2026-05-05 10:58:08,324][two_tower_confounding.experiments.propensity_pipeline][INFO] - Propensity computed in 6.23 seconds
[2026-05-05 10:58:08,324][two_tower_confounding.experiments.propensity_pipeline][INFO] - Alpha logits: [ 0.         -0.56798404 -0.31237468 -0.14310084 -1.1451323  -1.7635885
 -2.6390574  -1.4350846  -6.9077554  -6.9077554  -1.2527629  -6.9077554
 -6.9077554  -1.3862944  -6.9077554  -1.609438   -6.9077554  -6.9077554
 -6.9077554  -6.9077554  -6.9077554  -6.9077554  -6.9077554  -6.9077554
 -6.9077554 ]
[2026-05-05 10:58:08,325][two_tower_confounding.experiments.propensity_pipeline][INFO] - Alpha: [0.5        0.3617021  0.4225352  0.4642857  0.2413793  0.14634146
 0.06666667 0.1923077  0.000999   0.000999   0.22222222 0.000999
 0.000999   0.2        0.000999   0.16666667 0.000999   0.000999
 0.000999   0.000999   0.000999   0.000999   0.000999   0.000999
 0.000999  ]
[2026-05-05 10:58:09,410][two_tower_confounding.experiments.regression_pipeline][INFO] - Training regression model for DM/DR...
[2026-05-05 10:58:15,939][two_tower_confounding.experiments.regression_pipeline][INFO] - Regression epoch 3: train_loss=0.543522 val_loss=0.634613
[2026-05-05 10:58:21,336][two_tower_confounding.experiments.regression_pipeline][INFO] - Regression epoch 6: train_loss=0.457705 val_loss=0.559017
[2026-05-05 10:58:26,735][two_tower_confounding.experiments.regression_pipeline][INFO] - Regression epoch 9: train_loss=0.254476 val_loss=0.350150
[2026-05-05 10:58:32,123][two_tower_confounding.experiments.regression_pipeline][INFO] - Regression epoch 12: train_loss=0.048939 val_loss=0.896476
[2026-05-05 10:58:33,936][two_tower_confounding.experiments.ips_pipeline][INFO] - Computing DR doc weights...
[2026-05-05 10:58:33,941][two_tower_confounding.experiments.ips_pipeline][INFO] - Doc weights computed in 0.00 seconds
[2026-05-05 10:58:33,948][two_tower_confounding.experiments.model_pipeline][INFO] - Loading trainer (trainer_type='pl-rank', n_samples=100)...
[2026-05-05 10:58:33,950][two_tower_confounding.experiments.model_pipeline][INFO] - Trainer loaded in 0.00 seconds
[2026-05-05 10:58:33,950][two_tower_confounding.experiments.model_pipeline][INFO] - Training model...
[2026-05-05 11:08:40,487][two_tower_confounding.experiments.ips_pipeline][INFO] - Final evaluation results:
{'metrics': {'CTR': 0.8492941856384277,
             'DCG': 1.943555235862732,
             'NCTR': 0.6054051518440247,
             'NDCG': 0.711969792842865,
             'NDCG@25': 0.711969792842865,
             'NRCTR': 0.6054051518440247,
             'RCTR': 0.8492941856384277}}
[2026-05-05 11:08:40,512][submitit][INFO] - Job completed successfully
[2026-05-05 11:08:40,523][submitit][INFO] - Exiting after successful completion
