[2026-06-18 16:54:03,721][feature_based_propensities_for_ULTR.experiments.config_resolver][WARNING] - test_clicks=500000 is ignored because test_set_mode='label_only'. Set test_set_mode='clicks' to enable legacy click-based test behavior.
[2026-06-18 16:54:03,726][feature_based_propensities_for_ULTR.experiments.data_pipeline][INFO] - Loading or generating click datasets...
[2026-06-18 16:54:26,772][absl][INFO] - orbax-checkpoint version: 0.11.40
[2026-06-18 16:54:26,772][absl][INFO] - save_device_host_concurrent_bytes=None
[2026-06-18 16:54:26,772][absl][INFO] - Created BasePyTreeCheckpointHandler: use_ocdbt=True, use_zarr3=False, pytree_metadata_options=PyTreeMetadataOptions(support_rich_types=False), array_metadata_store=<orbax.checkpoint._src.metadata.array_metadata_store.Store object at 0x1549316c6c10>, enable_pinned_host_transfer=False, save_concurrent_bytes: 96000000000 (89.4 GiB), restore_concurrent_bytes: 96000000000 (89.4 GiB)
[2026-06-18 16:54:26,772][absl][INFO] - [thread=MainThread] Failed to get flag value for EXPERIMENTAL_ORBAX_USE_DISTRIBUTED_PROCESS_ID.
[2026-06-18 16:54:26,772][absl][INFO] - [process=0][thread=MainThread] Using barrier_sync_fn: <function get_barrier_sync_fn.<locals>.<lambda> at 0x15488ae9b880> timeout: 1200 secs and primary_host=0 for async checkpoint writes
[2026-06-18 16:54:26,773][absl][INFO] - [process=0] [sync] Started load checkpoint @ /gpfs/home5/sfris1/ltr_datasets/ips_datasets/logging_policy_c10000_ps1p0_pt0p5_bs1p0_drop0rel0_sessallocv2_candfullv2_topx25_maxdocs80_lprdeep_lpsegreedysampler_lppct10p0.
[2026-06-18 16:54:26,775][absl][INFO] - Restoring checkpoint from /gpfs/home5/sfris1/ltr_datasets/ips_datasets/logging_policy_c10000_ps1p0_pt0p5_bs1p0_drop0rel0_sessallocv2_candfullv2_topx25_maxdocs80_lprdeep_lpsegreedysampler_lppct10p0.
[2026-06-18 16:54:26,775][absl][INFO] - [process=0] [sync] Finished blocking load in 0.00 seconds. Continuing load @ /gpfs/home5/sfris1/ltr_datasets/ips_datasets/logging_policy_c10000_ps1p0_pt0p5_bs1p0_drop0rel0_sessallocv2_candfullv2_topx25_maxdocs80_lprdeep_lpsegreedysampler_lppct10p0.
[2026-06-18 16:54:26,791][absl][INFO] - [process=0] /jax/orbax/read/worker/io/requested throughput: 8.002 MiB/s (total gbytes: 91.8 KiB) (time elapsed: 0.011197328567504883 s) (per-host)
[2026-06-18 16:54:26,793][absl][INFO] - [process=0] /jax/checkpoint/read/gbytes_per_sec: 5.387 MiB/s (total gbytes: 91.8 KiB) (time elapsed: 0.016634225845336914 s) (per-host)
[2026-06-18 16:54:26,793][absl][INFO] - [process=0] [sync] Finished load in 0.02 seconds @ /gpfs/home5/sfris1/ltr_datasets/ips_datasets/logging_policy_c10000_ps1p0_pt0p5_bs1p0_drop0rel0_sessallocv2_candfullv2_topx25_maxdocs80_lprdeep_lpsegreedysampler_lppct10p0
[2026-06-18 16:54:30,874][feature_based_propensities_for_ULTR.experiments.data_pipeline][INFO] - Loaded click datasets in 27.15 seconds (train=8694, val=1306, test=0)
[2026-06-18 16:54:30,874][feature_based_propensities_for_ULTR.experiments.data_pipeline][INFO] - Test split is label-only by design; no test click dataset was loaded.
[2026-06-18 16:54:30,874][feature_based_propensities_for_ULTR.data.runtime.alignment][INFO] - Applying data cutoff override: configured=25, natural=25, effective=25
[2026-06-18 16:54:30,874][feature_based_propensities_for_ULTR.data.runtime.alignment][INFO] - Applying data cutoff override: configured=25, natural=25, effective=25
[2026-06-18 16:54:30,965][feature_based_propensities_for_ULTR.data.runtime.aggregation][INFO] - Initializing simulator...
[2026-06-18 16:54:30,966][feature_based_propensities_for_ULTR.data.runtime.aggregation][INFO] - Aggregating train dataset...
[2026-06-18 16:54:37,079][feature_based_propensities_for_ULTR.data.runtime.aggregation][INFO] - Aggregating validation dataset...
[2026-06-18 16:54:39,550][feature_based_propensities_for_ULTR.data.runtime.aggregation][INFO] - Aggregating test dataset from labels only...
[2026-06-18 16:54:41,198][feature_based_propensities_for_ULTR.data.runtime.aggregation][INFO] - Aggregation done in 10.23 seconds
[2026-06-18 16:54:41,198][feature_based_propensities_for_ULTR.data.runtime.aggregation][INFO] - Session usage after aggregation: requested(train=8694,val=1306), actual(train=8694,val=1306,test=0)
[2026-06-18 16:54:41,198][feature_based_propensities_for_ULTR.data.runtime.aggregation][INFO] - Dataset persistence disabled; skipping aggregated dataset cache save.
[2026-06-18 16:54:41,199][feature_based_propensities_for_ULTR.experiments.ips_pipeline][INFO] - Test split uses label-only evaluation; raw test click diagnostics are skipped.
[2026-06-18 16:54:41,222][feature_based_propensities_for_ULTR.experiments.diagnostics][INFO] - [Data] train_docs=470251, val_docs=70687, test_docs=164676, cutoff=25
[2026-06-18 16:54:41,308][feature_based_propensities_for_ULTR.experiments.diagnostics][INFO] - [Train] clicks=1429, displays=147094, ctr=0.0097, ctr_per_doc=0.0097
[2026-06-18 16:54:41,393][feature_based_propensities_for_ULTR.experiments.diagnostics][INFO] - [Validation] clicks=193, displays=22165, ctr=0.0087, ctr_per_doc=0.0087
[2026-06-18 16:54:41,510][feature_based_propensities_for_ULTR.experiments.diagnostics][INFO] - [Test] clicks=0, displays=0, ctr=0.0000, ctr_per_doc=0.0000
[2026-06-18 16:54:41,510][feature_based_propensities_for_ULTR.experiments.ips_pipeline][INFO] - Running estimator pipeline with model='dm'
[2026-06-18 16:54:41,510][feature_based_propensities_for_ULTR.experiments.ips_pipeline][INFO] - Computing position bias (alpha)...
[2026-06-18 16:54:41,528][ultr_bias_toolkit.bias.intervention_harvesting.all_pairs][INFO] - Position bias estimation using global all pairs estimator
[2026-06-18 16:55:30,958][feature_based_propensities_for_ULTR.experiments.position_bias_pipeline][INFO] - Saved estimated position-bias curve to position_bias.json
[2026-06-18 16:55:30,958][feature_based_propensities_for_ULTR.experiments.ips_pipeline][INFO] - Estimated position bias in-run (estimator=global_all_pairs): [ 0.        -0.5998136 -1.3361969 -1.5813318 -1.756927  -1.5713414
 -2.5497193 -2.258889  -2.5218945 -2.3184078 -2.93905   -2.050558
 -2.5713704 -3.3215427 -2.7992036 -1.7071803 -3.8000665 -3.2035413
 -3.606183  -3.4889517 -6.9077554 -6.9077554 -6.9077554 -3.6101494
 -2.3805983]
[2026-06-18 16:55:30,960][feature_based_propensities_for_ULTR.experiments.propensity_pipeline][INFO] - Computing propensity per doc (method=frequency_based)...
[2026-06-18 16:55:38,987][feature_based_propensities_for_ULTR.experiments.propensity_pipeline][INFO] - Propensity computed in 8.03 seconds
[2026-06-18 16:55:38,987][feature_based_propensities_for_ULTR.experiments.propensity_pipeline][INFO] - Alpha logits: [ 0.        -0.5998136 -1.3361969 -1.5813318 -1.756927  -1.5713414
 -2.5497193 -2.258889  -2.5218945 -2.3184078 -2.93905   -2.050558
 -2.5713704 -3.3215427 -2.7992036 -1.7071803 -3.8000665 -3.2035413
 -3.606183  -3.4889517 -6.9077554 -6.9077554 -6.9077554 -3.6101494
 -2.3805983]
[2026-06-18 16:55:38,988][feature_based_propensities_for_ULTR.experiments.propensity_pipeline][INFO] - Alpha: [0.5        0.35438636 0.20813619 0.17060696 0.14717562 0.17202525
 0.07244534 0.09458546 0.07433748 0.08960986 0.0502566  0.113996
 0.07100385 0.0348395  0.05736722 0.15352981 0.02187985 0.03903268
 0.02643739 0.02962823 0.000999   0.000999   0.000999   0.02633549
 0.08466419]
[2026-06-18 16:55:38,988][feature_based_propensities_for_ULTR.experiments.propensity_pipeline][INFO] - Propensity clipping disabled.
[2026-06-18 16:55:40,366][feature_based_propensities_for_ULTR.experiments.regression_pipeline][INFO] - Training regression model for DM/DR...
[2026-06-18 16:55:46,935][feature_based_propensities_for_ULTR.experiments.regression_pipeline][INFO] - Regression epoch 3: train_loss=0.413275 val_loss=0.442853
[2026-06-18 16:55:52,502][feature_based_propensities_for_ULTR.experiments.regression_pipeline][INFO] - Regression epoch 6: train_loss=0.341484 val_loss=0.434237
[2026-06-18 16:55:57,986][feature_based_propensities_for_ULTR.experiments.regression_pipeline][INFO] - Regression epoch 9: train_loss=0.322857 val_loss=0.518536
[2026-06-18 16:55:59,796][feature_based_propensities_for_ULTR.experiments.ips_pipeline][INFO] - Computing DM doc weights...
[2026-06-18 16:55:59,796][feature_based_propensities_for_ULTR.experiments.ips_pipeline][INFO] - Doc weights computed in 0.00 seconds
[2026-06-18 16:55:59,803][feature_based_propensities_for_ULTR.experiments.model_pipeline][INFO] - Loading trainer (trainer_type='pl-rank', n_samples=100)...
[2026-06-18 16:55:59,805][feature_based_propensities_for_ULTR.experiments.model_pipeline][INFO] - Trainer loaded in 0.00 seconds
[2026-06-18 16:55:59,805][feature_based_propensities_for_ULTR.experiments.model_pipeline][INFO] - Training model...
[2026-06-18 17:14:05,870][feature_based_propensities_for_ULTR.experiments.ips_pipeline][INFO] - Final evaluation results:
{'metrics': {'CTR': 0.7385687828063965,
             'DCG': 2.045710802078247,
             'NCTR': 0.6639991998672485,
             'NDCG': 0.7469105124473572,
             'NDCG@25': 0.7469105124473572,
             'NRCTR': 0.6639991998672485,
             'RCTR': 0.7385687828063965}}
[2026-06-18 17:14:05,898][submitit][INFO] - Job completed successfully
[2026-06-18 17:14:05,908][submitit][INFO] - Exiting after successful completion
