[2026-05-03 14:54:22,029][two_tower_confounding.experiments.config_resolver][WARNING] - test_clicks=500000 is ignored because test_set_mode='label_only'. Set test_set_mode='clicks' to enable legacy click-based test behavior.
[2026-05-03 14:54:22,043][two_tower_confounding.experiments.data_pipeline][INFO] - Loading or generating click datasets...
[2026-05-03 14:55:56,611][absl][INFO] - orbax-checkpoint version: 0.11.37
[2026-05-03 14:55:56,613][absl][INFO] - save_device_host_concurrent_bytes=None
[2026-05-03 14:55:56,613][absl][INFO] - Created BasePyTreeCheckpointHandler: use_ocdbt=True, use_zarr3=False, pytree_metadata_options=PyTreeMetadataOptions(support_rich_types=False), array_metadata_store=<orbax.checkpoint._src.metadata.array_metadata_store.Store object at 0x15275383bb90>, enable_pinned_host_transfer=False, save_concurrent_bytes: 96000000000 (89.4 GiB), restore_concurrent_bytes: 96000000000 (89.4 GiB)
[2026-05-03 14:55:56,614][absl][INFO] - [thread=MainThread] Failed to get flag value for EXPERIMENTAL_ORBAX_USE_DISTRIBUTED_PROCESS_ID.
[2026-05-03 14:55:56,614][absl][INFO] - [process=0][thread=MainThread] Using barrier_sync_fn: <function get_barrier_sync_fn.<locals>.<lambda> at 0x1526c350d8a0> timeout: 1200 secs and primary_host=0 for async checkpoint writes
[2026-05-03 14:55:56,614][absl][INFO] - [process=0] [sync] Started load checkpoint @ /gpfs/home5/sfris1/ltr_datasets/ips_datasets/istella_logging_policy_c100000_ps1p0_pt0p5_bs1p0_drop0rel0_sessallocv2_candfullv2_topx25_maxdocs200_lprdeep_lpsegreedysampler_lppct10p0.
[2026-05-03 14:55:56,616][absl][INFO] - Restoring checkpoint from /gpfs/home5/sfris1/ltr_datasets/ips_datasets/istella_logging_policy_c100000_ps1p0_pt0p5_bs1p0_drop0rel0_sessallocv2_candfullv2_topx25_maxdocs200_lprdeep_lpsegreedysampler_lppct10p0.
[2026-05-03 14:55:56,617][absl][INFO] - [process=0] [sync] Finished blocking load in 0.00 seconds. Continuing load @ /gpfs/home5/sfris1/ltr_datasets/ips_datasets/istella_logging_policy_c100000_ps1p0_pt0p5_bs1p0_drop0rel0_sessallocv2_candfullv2_topx25_maxdocs200_lprdeep_lpsegreedysampler_lppct10p0.
[2026-05-03 14:55:56,633][absl][INFO] - [process=0] /jax/orbax/read/worker/io/requested throughput: 2.829 MiB/s (total gbytes: 31.6 KiB) (time elapsed: 0.010919332504272461 s) (per-host)
[2026-05-03 14:55:56,634][absl][INFO] - [process=0] /jax/checkpoint/read/gbytes_per_sec: 1.842 MiB/s (total gbytes: 31.6 KiB) (time elapsed: 0.016764163970947266 s) (per-host)
[2026-05-03 14:55:56,634][absl][INFO] - [process=0] [sync] Finished load in 0.02 seconds @ /gpfs/home5/sfris1/ltr_datasets/ips_datasets/istella_logging_policy_c100000_ps1p0_pt0p5_bs1p0_drop0rel0_sessallocv2_candfullv2_topx25_maxdocs200_lprdeep_lpsegreedysampler_lppct10p0
[2026-05-03 14:56:09,389][two_tower_confounding.experiments.data_pipeline][INFO] - Loaded click datasets in 107.35 seconds (train=72743, val=27257, test=0)
[2026-05-03 14:56:09,389][two_tower_confounding.experiments.data_pipeline][INFO] - Test split is label-only by design; no test click dataset was loaded.
[2026-05-03 14:56:09,389][two_tower_confounding.data.runtime.alignment][INFO] - Applying data cutoff override: configured=25, natural=25, effective=25
[2026-05-03 14:56:09,390][two_tower_confounding.data.runtime.alignment][INFO] - Applying data cutoff override: configured=25, natural=25, effective=25
[2026-05-03 14:56:09,486][two_tower_confounding.data.runtime.aggregation][INFO] - Initializing simulator...
[2026-05-03 14:56:09,487][two_tower_confounding.data.runtime.aggregation][INFO] - Aggregating train dataset...
[2026-05-03 14:56:15,883][two_tower_confounding.data.runtime.aggregation][INFO] - Aggregating validation dataset...
[2026-05-03 14:56:19,562][two_tower_confounding.data.runtime.aggregation][INFO] - Aggregating test dataset from labels only...
[2026-05-03 14:56:21,079][two_tower_confounding.data.runtime.aggregation][INFO] - Aggregation done in 11.59 seconds
[2026-05-03 14:56:21,080][two_tower_confounding.data.runtime.aggregation][INFO] - Session usage after aggregation: requested(train=72743,val=27257), actual(train=72743,val=27257,test=0)
[2026-05-03 14:56:21,080][two_tower_confounding.data.runtime.aggregation][INFO] - Dataset persistence disabled; skipping aggregated dataset cache save.
[2026-05-03 14:56:21,080][two_tower_confounding.experiments.ips_pipeline][INFO] - Test split uses label-only evaluation; raw test click diagnostics are skipped.
[2026-05-03 14:56:21,135][two_tower_confounding.experiments.diagnostics][INFO] - [Data] train_docs=2043304, val_docs=684076, test_docs=681250, cutoff=25
[2026-05-03 14:56:21,231][two_tower_confounding.experiments.diagnostics][INFO] - [Train] clicks=15800, displays=1809818, ctr=0.0087, ctr_per_doc=0.0087
[2026-05-03 14:56:21,322][two_tower_confounding.experiments.diagnostics][INFO] - [Validation] clicks=5712, displays=676943, ctr=0.0084, ctr_per_doc=0.0084
[2026-05-03 14:56:21,411][two_tower_confounding.experiments.diagnostics][INFO] - [Test] clicks=0, displays=0, ctr=0.0000, ctr_per_doc=0.0000
[2026-05-03 14:56:21,411][two_tower_confounding.experiments.ips_pipeline][INFO] - Running estimator pipeline with model='ips'
[2026-05-03 14:56:21,411][two_tower_confounding.experiments.ips_pipeline][INFO] - Computing position bias (alpha)...
[2026-05-03 14:56:21,418][two_tower_confounding.experiments.ips_pipeline][INFO] - Loaded CSV position bias from /gpfs/home5/sfris1/Doubly-Robust-Optimization-With-Two-Tower-Models/results/position_bias_csv_smoke.csv (method=global_all_pairs): [ 0.        -0.6328167 -1.0071512 -1.207084  -1.4022496 -1.7184186
 -1.813603  -1.9886445 -1.9224156 -2.1666658 -2.3163047 -2.3282363
 -2.2757087 -2.5168834 -2.3761554 -2.865345  -2.5086544 -2.813683
 -2.9516935 -2.61771   -2.7692318 -2.9358823 -2.987475  -2.9559863
 -3.433718 ]
[2026-05-03 14:56:21,419][two_tower_confounding.experiments.propensity_pipeline][INFO] - Computing propensity per doc (method=propensity_mlp_regression)...
[2026-05-03 14:56:21,912][two_tower_confounding.experiments.propensity_pipeline][INFO] - Subsampling propensity classifier training data: 50000/72743 samples
[2026-05-03 14:59:45,307][two_tower_confounding.experiments.propensity_pipeline][INFO] - Propensity computed in 203.89 seconds
[2026-05-03 14:59:45,307][two_tower_confounding.experiments.propensity_pipeline][INFO] - Alpha logits: [ 0.     -0.6328 -1.0072 -1.2071 -1.4022 -1.7184 -1.8136 -1.9886 -1.9224
 -2.1667 -2.3163 -2.3282 -2.2757 -2.5169 -2.3762 -2.8653 -2.5087 -2.8137
 -2.9517 -2.6177 -2.7692 -2.9359 -2.9875 -2.956  -3.4337]
[2026-05-03 14:59:45,308][two_tower_confounding.experiments.propensity_pipeline][INFO] - Alpha: [0.5    0.3469 0.2675 0.2302 0.1975 0.1521 0.1402 0.1204 0.1276 0.1028
 0.0898 0.0888 0.0932 0.0747 0.085  0.0539 0.0753 0.0566 0.0497 0.068
 0.059  0.0504 0.048  0.0495 0.0313]
[2026-05-03 14:59:45,308][two_tower_confounding.experiments.propensity_pipeline][INFO] - Propensity clipping disabled.
[2026-05-03 14:59:45,309][two_tower_confounding.experiments.ips_pipeline][INFO] - Computing IPS doc weights...
[2026-05-03 14:59:45,831][two_tower_confounding.experiments.ips_pipeline][INFO] - Doc weights computed in 0.52 seconds
[2026-05-03 14:59:45,842][two_tower_confounding.experiments.model_pipeline][INFO] - Loading trainer (trainer_type='pl-rank', n_samples=100)...
[2026-05-03 14:59:45,844][two_tower_confounding.experiments.model_pipeline][INFO] - Trainer loaded in 0.00 seconds
[2026-05-03 14:59:45,844][two_tower_confounding.experiments.model_pipeline][INFO] - Training model...
[2026-05-03 15:27:36,142][two_tower_confounding.experiments.ips_pipeline][INFO] - Final evaluation results:
{'metrics': {'CTR': 1.1664623022079468,
             'DCG': 2.5721938610076904,
             'NCTR': 0.6986507773399353,
             'NDCG': 0.7482371926307678,
             'NDCG@25': 0.7482371926307678,
             'NRCTR': 0.6986507773399353,
             'RCTR': 1.1664623022079468}}
[2026-05-03 15:27:36,189][submitit][INFO] - Job completed successfully
[2026-05-03 15:27:36,199][submitit][INFO] - Exiting after successful completion
