[2026-06-18 00:38:54,284][feature_based_propensities_for_ULTR.experiments.config_resolver][WARNING] - test_clicks=500000 is ignored because test_set_mode='label_only'. Set test_set_mode='clicks' to enable legacy click-based test behavior.
[2026-06-18 00:38:54,289][feature_based_propensities_for_ULTR.experiments.data_pipeline][INFO] - Loading or generating click datasets...
[2026-06-18 00:39:54,078][absl][INFO] - orbax-checkpoint version: 0.11.40
[2026-06-18 00:39:54,079][absl][INFO] - save_device_host_concurrent_bytes=None
[2026-06-18 00:39:54,079][absl][INFO] - Created BasePyTreeCheckpointHandler: use_ocdbt=True, use_zarr3=False, pytree_metadata_options=PyTreeMetadataOptions(support_rich_types=False), array_metadata_store=<orbax.checkpoint._src.metadata.array_metadata_store.Store object at 0x14f545befb10>, enable_pinned_host_transfer=False, save_concurrent_bytes: 96000000000 (89.4 GiB), restore_concurrent_bytes: 96000000000 (89.4 GiB)
[2026-06-18 00:39:54,079][absl][INFO] - [thread=MainThread] Failed to get flag value for EXPERIMENTAL_ORBAX_USE_DISTRIBUTED_PROCESS_ID.
[2026-06-18 00:39:54,079][absl][INFO] - [process=0][thread=MainThread] Using barrier_sync_fn: <function get_barrier_sync_fn.<locals>.<lambda> at 0x14f493cceb60> timeout: 1200 secs and primary_host=0 for async checkpoint writes
[2026-06-18 00:39:54,080][absl][INFO] - [process=0] [sync] Started load checkpoint @ /gpfs/home5/sfris1/ltr_datasets/ips_datasets/logging_policy_c5000_ps1p0_pt0p5_bs1p0_drop0rel0_sessallocv2_candfullv2_topx25_maxdocs200_lprdeep_lpsegreedysampler_lppct10p0.
[2026-06-18 00:39:54,082][absl][INFO] - Restoring checkpoint from /gpfs/home5/sfris1/ltr_datasets/ips_datasets/logging_policy_c5000_ps1p0_pt0p5_bs1p0_drop0rel0_sessallocv2_candfullv2_topx25_maxdocs200_lprdeep_lpsegreedysampler_lppct10p0.
[2026-06-18 00:39:54,082][absl][INFO] - [process=0] [sync] Finished blocking load in 0.00 seconds. Continuing load @ /gpfs/home5/sfris1/ltr_datasets/ips_datasets/logging_policy_c5000_ps1p0_pt0p5_bs1p0_drop0rel0_sessallocv2_candfullv2_topx25_maxdocs200_lprdeep_lpsegreedysampler_lppct10p0.
[2026-06-18 00:39:54,099][absl][INFO] - [process=0] /jax/orbax/read/worker/io/requested throughput: 1.859 MiB/s (total gbytes: 21.4 KiB) (time elapsed: 0.011229515075683594 s) (per-host)
[2026-06-18 00:39:54,100][absl][INFO] - [process=0] /jax/checkpoint/read/gbytes_per_sec: 1.226 MiB/s (total gbytes: 21.4 KiB) (time elapsed: 0.017035484313964844 s) (per-host)
[2026-06-18 00:39:54,100][absl][INFO] - [process=0] [sync] Finished load in 0.02 seconds @ /gpfs/home5/sfris1/ltr_datasets/ips_datasets/logging_policy_c5000_ps1p0_pt0p5_bs1p0_drop0rel0_sessallocv2_candfullv2_topx25_maxdocs200_lprdeep_lpsegreedysampler_lppct10p0
[2026-06-18 00:39:57,704][feature_based_propensities_for_ULTR.experiments.data_pipeline][INFO] - Loaded click datasets in 63.41 seconds (train=3750, val=1250, test=0)
[2026-06-18 00:39:57,704][feature_based_propensities_for_ULTR.experiments.data_pipeline][INFO] - Test split is label-only by design; no test click dataset was loaded.
[2026-06-18 00:39:57,705][feature_based_propensities_for_ULTR.data.runtime.alignment][INFO] - Applying data cutoff override: configured=25, natural=25, effective=25
[2026-06-18 00:39:57,705][feature_based_propensities_for_ULTR.data.runtime.alignment][INFO] - Applying data cutoff override: configured=25, natural=25, effective=25
[2026-06-18 00:39:57,799][feature_based_propensities_for_ULTR.data.runtime.aggregation][INFO] - Initializing simulator...
[2026-06-18 00:39:57,800][feature_based_propensities_for_ULTR.data.runtime.aggregation][INFO] - Aggregating train dataset...
[2026-06-18 00:40:02,855][feature_based_propensities_for_ULTR.data.runtime.aggregation][INFO] - Aggregating validation dataset...
[2026-06-18 00:40:05,769][feature_based_propensities_for_ULTR.data.runtime.aggregation][INFO] - Aggregating test dataset from labels only...
[2026-06-18 00:40:06,621][feature_based_propensities_for_ULTR.data.runtime.aggregation][INFO] - Aggregation done in 8.82 seconds
[2026-06-18 00:40:06,622][feature_based_propensities_for_ULTR.data.runtime.aggregation][INFO] - Session usage after aggregation: requested(train=3750,val=1250), actual(train=3750,val=1250,test=0)
[2026-06-18 00:40:06,622][feature_based_propensities_for_ULTR.data.runtime.aggregation][INFO] - Dataset persistence disabled; skipping aggregated dataset cache save.
[2026-06-18 00:40:06,622][feature_based_propensities_for_ULTR.experiments.ips_pipeline][INFO] - Test split uses label-only evaluation; raw test click diagnostics are skipped.
[2026-06-18 00:40:06,683][feature_based_propensities_for_ULTR.experiments.diagnostics][INFO] - [Data] train_docs=2132810, val_docs=707814, test_docs=708921, cutoff=25
[2026-06-18 00:40:06,783][feature_based_propensities_for_ULTR.experiments.diagnostics][INFO] - [Train] clicks=413, displays=91290, ctr=0.0045, ctr_per_doc=0.0045
[2026-06-18 00:40:06,871][feature_based_propensities_for_ULTR.experiments.diagnostics][INFO] - [Validation] clicks=139, displays=30206, ctr=0.0046, ctr_per_doc=0.0046
[2026-06-18 00:40:06,961][feature_based_propensities_for_ULTR.experiments.diagnostics][INFO] - [Test] clicks=0, displays=0, ctr=0.0000, ctr_per_doc=0.0000
[2026-06-18 00:40:06,961][feature_based_propensities_for_ULTR.experiments.ips_pipeline][INFO] - Running estimator pipeline with model='dm'
[2026-06-18 00:40:06,961][feature_based_propensities_for_ULTR.experiments.ips_pipeline][INFO] - Computing position bias (alpha)...
[2026-06-18 00:40:07,014][feature_based_propensities_for_ULTR.experiments.propensity_pipeline][INFO] - Computing propensity per doc (method=propensity_mlp_regression)...
[2026-06-18 00:40:41,441][feature_based_propensities_for_ULTR.experiments.propensity_pipeline][INFO] - Propensity computed in 34.43 seconds
[2026-06-18 00:40:41,441][feature_based_propensities_for_ULTR.experiments.propensity_pipeline][INFO] - Alpha logits: [-0.     -0.6931 -1.0986 -1.3863 -1.6094 -1.7918 -1.9459 -2.0794 -2.1972
 -2.3026 -2.3979 -2.4849 -2.5649 -2.6391 -2.7081 -2.7726 -2.8332 -2.8904
 -2.9444 -2.9957 -3.0445 -3.091  -3.1355 -3.1781 -3.2189]
[2026-06-18 00:40:41,442][feature_based_propensities_for_ULTR.experiments.propensity_pipeline][INFO] - Alpha: [0.5    0.3333 0.25   0.2    0.1667 0.1429 0.125  0.1111 0.1    0.0909
 0.0833 0.0769 0.0714 0.0667 0.0625 0.0588 0.0556 0.0526 0.05   0.0476
 0.0455 0.0435 0.0417 0.04   0.0385]
[2026-06-18 00:40:41,443][feature_based_propensities_for_ULTR.experiments.propensity_pipeline][INFO] - Propensity clipping disabled.
[2026-06-18 00:40:42,627][feature_based_propensities_for_ULTR.experiments.regression_pipeline][INFO] - Training regression model for DM/DR...
[2026-06-18 00:40:58,395][feature_based_propensities_for_ULTR.experiments.regression_pipeline][INFO] - Regression epoch 3: train_loss=0.051237 val_loss=0.051135
[2026-06-18 00:41:13,047][feature_based_propensities_for_ULTR.experiments.regression_pipeline][INFO] - Regression epoch 6: train_loss=0.050048 val_loss=0.049835
[2026-06-18 00:41:27,734][feature_based_propensities_for_ULTR.experiments.regression_pipeline][INFO] - Regression epoch 9: train_loss=0.048907 val_loss=0.048690
[2026-06-18 00:41:42,427][feature_based_propensities_for_ULTR.experiments.regression_pipeline][INFO] - Regression epoch 12: train_loss=0.048329 val_loss=0.051984
[2026-06-18 00:41:48,672][feature_based_propensities_for_ULTR.experiments.ips_pipeline][INFO] - Computing DM doc weights...
[2026-06-18 00:41:48,673][feature_based_propensities_for_ULTR.experiments.ips_pipeline][INFO] - Doc weights computed in 0.00 seconds
[2026-06-18 00:41:48,683][feature_based_propensities_for_ULTR.experiments.model_pipeline][INFO] - Loading trainer (trainer_type='pl-rank', n_samples=100)...
[2026-06-18 00:41:48,685][feature_based_propensities_for_ULTR.experiments.model_pipeline][INFO] - Trainer loaded in 0.00 seconds
[2026-06-18 00:41:48,685][feature_based_propensities_for_ULTR.experiments.model_pipeline][INFO] - Training model...
[2026-06-18 01:06:26,170][feature_based_propensities_for_ULTR.experiments.ips_pipeline][INFO] - Final evaluation results:
{'metrics': {'CTR': 0.6956746578216553,
             'DCG': 1.8468824625015259,
             'NCTR': 0.46110469102859497,
             'NDCG': 0.4811632037162781,
             'NDCG@25': 0.4811632037162781,
             'NRCTR': 0.46110469102859497,
             'RCTR': 0.6956746578216553}}
[2026-06-18 01:06:26,196][submitit][INFO] - Job completed successfully
[2026-06-18 01:06:26,206][submitit][INFO] - Exiting after successful completion
