[2026-03-16 12:20:58,009][jax._src.xla_bridge][ERROR] - Jax plugin configuration error: Exception when calling jax_plugins.xla_cuda12.initialize()
Traceback (most recent call last):
  File "/gpfs/home5/sfris1/two-towers-confounding-project/.venv/lib/python3.11/site-packages/jax/_src/xla_bridge.py", line 485, in discover_pjrt_plugins
    plugin_module.initialize()
  File "/gpfs/home5/sfris1/two-towers-confounding-project/.venv/lib/python3.11/site-packages/jax_plugins/xla_cuda12/__init__.py", line 328, in initialize
    _check_cuda_versions(raise_on_first_error=True)
  File "/gpfs/home5/sfris1/two-towers-confounding-project/.venv/lib/python3.11/site-packages/jax_plugins/xla_cuda12/__init__.py", line 285, in _check_cuda_versions
    local_device_count = cuda_versions.cuda_device_count()
                         ^^^^^^^^^^^^^^^^^^^^^^^^^^^^^^^^^
RuntimeError: jaxlib/cuda/versions_helpers.cc:113: operation cuInit(0) failed: CUDA_ERROR_NO_DEVICE
[2026-03-16 12:20:59,028][two_tower_confounding.experiments.ips_pipeline][WARNING] - wandb.init failed (Error uploading run: returned error 403: {"data":{"upsertBucket":null},"errors":[{"message":"permission denied","path":["upsertBucket"],"extensions":{"code":"PERMISSION_ERROR"}}]}). Continuing with local logging only.
[2026-03-16 12:20:59,029][two_tower_confounding.experiments.ips_pipeline][WARNING] - Disabling wandb for trainer components because initialization failed.
[2026-03-16 12:20:59,036][two_tower_confounding.experiments.data_pipeline][INFO] - Loading or generating click datasets...
[2026-03-16 12:22:29,411][absl][INFO] - orbax-checkpoint version: 0.11.25
[2026-03-16 12:22:29,411][absl][INFO] - Created BasePyTreeCheckpointHandler: use_ocdbt=True, use_zarr3=False, pytree_metadata_options=PyTreeMetadataOptions(support_rich_types=False), array_metadata_store=<orbax.checkpoint._src.metadata.array_metadata_store.Store object at 0x14c593e2b710>, enable_pinned_host_transfer=False, save_concurrent_bytes: 96000000000 (89.4 GiB), restore_concurrent_bytes: 96000000000 (89.4 GiB)
[2026-03-16 12:22:29,412][absl][INFO] - [thread=MainThread] Failed to get flag value for EXPERIMENTAL_ORBAX_USE_DISTRIBUTED_PROCESS_ID.
[2026-03-16 12:22:29,412][absl][INFO] - [process=0][thread=MainThread] Using barrier_sync_fn: <function get_barrier_sync_fn.<locals>.<lambda> at 0x14c4a42baa20> timeout: 600 secs and primary_host=0 for async checkpoint writes
[2026-03-16 12:22:29,416][absl][INFO] - Restoring checkpoint from /gpfs/home5/sfris1/ltr_datasets/ips_datasets/istella_logging_policy_c500000_ps1p0_pt0p5_bs1p0_drop0rel0_candfullv2_topx25_lppct10p0.
[2026-03-16 12:22:29,439][absl][INFO] - [process=0] /jax/checkpoint/read/gbytes_per_sec: 0 Bytes/s (total gbytes: 31.6 KiB) (time elapsed: 21 milliseconds) (per-host)
[2026-03-16 12:22:29,439][absl][INFO] - Finished restoring checkpoint in 0.03 seconds from /gpfs/home5/sfris1/ltr_datasets/ips_datasets/istella_logging_policy_c500000_ps1p0_pt0p5_bs1p0_drop0rel0_candfullv2_topx25_lppct10p0.
[2026-03-16 12:23:27,594][two_tower_confounding.experiments.data_pipeline][INFO] - Loaded click datasets in 148.56 seconds (train=19245, val=7211, test=500000)
[2026-03-16 12:23:27,595][two_tower_confounding.data.runtime.aggregation][INFO] - Applying data cutoff override: configured=25, natural=25, effective=25
[2026-03-16 12:23:27,722][two_tower_confounding.data.runtime.aggregation][INFO] - Initializing simulator...
[2026-03-16 12:23:27,723][two_tower_confounding.data.runtime.aggregation][INFO] - Aggregating train dataset...
[2026-03-16 12:23:36,901][two_tower_confounding.data.runtime.aggregation][INFO] - Aggregating validation dataset...
[2026-03-16 12:23:41,691][two_tower_confounding.data.runtime.aggregation][INFO] - Aggregating test dataset...
[2026-03-16 12:23:47,394][two_tower_confounding.data.runtime.aggregation][INFO] - Aggregation done in 19.67 seconds
[2026-03-16 12:23:47,394][two_tower_confounding.data.runtime.aggregation][INFO] - Session usage after aggregation: requested(train=19245,val=7211), actual(train=19245,val=7211,test=500000)
[2026-03-16 12:23:47,395][two_tower_confounding.data.runtime.aggregation][INFO] - Dataset persistence disabled; skipping aggregated dataset cache save.
[2026-03-16 12:23:47,479][two_tower_confounding.experiments.diagnostics][INFO] - [Data] train_docs=2043304, val_docs=684076, test_docs=681250, cutoff=25
[2026-03-16 12:23:47,558][two_tower_confounding.experiments.diagnostics][INFO] - [Train] clicks=4460, displays=478669, ctr=0.0093, ctr_per_doc=0.0093
[2026-03-16 12:23:47,631][two_tower_confounding.experiments.diagnostics][INFO] - [Validation] clicks=1622, displays=179170, ctr=0.0091, ctr_per_doc=0.0091
[2026-03-16 12:23:47,701][two_tower_confounding.experiments.diagnostics][INFO] - [Test] clicks=107735, displays=12441228, ctr=0.0087, ctr_per_doc=0.0087
[2026-03-16 12:23:47,701][two_tower_confounding.experiments.ips_pipeline][INFO] - Running estimator pipeline with model='max-score'
[2026-03-16 12:23:47,701][two_tower_confounding.experiments.ips_pipeline][INFO] - Computing position bias (alpha)...
[2026-03-16 12:23:47,762][two_tower_confounding.experiments.ips_pipeline][INFO] - Computing MaxScore doc weights...
[2026-03-16 12:23:47,765][two_tower_confounding.experiments.ips_pipeline][INFO] - Doc weights computed in 0.00 seconds
[2026-03-16 12:23:47,772][two_tower_confounding.experiments.model_pipeline][INFO] - Loading trainer (trainer_type='pl-rank', n_samples=100)...
[2026-03-16 12:23:47,774][two_tower_confounding.experiments.model_pipeline][INFO] - Trainer loaded in 0.00 seconds
[2026-03-16 12:23:47,774][two_tower_confounding.experiments.model_pipeline][INFO] - Training model...
[2026-03-16 13:58:41,042][submitit][INFO] - Job has timed out. Ran 98 minutes out of requested 100 minutes.
[2026-03-16 13:58:41,043][submitit][WARNING] - Caught signal SIGUSR2 on tcn340.local.snellius.surf.nl: this job is timed-out.
[2026-03-16 13:58:41,044][submitit][INFO] - Calling checkpoint method.
[2026-03-16 13:58:41,081][submitit][INFO] - Job not requeued because: timed-out too many times.
[2026-03-16 13:58:41,084][submitit][WARNING] - Bypassing signal SIGCONT
[2026-03-16 13:58:41,083][submitit][INFO] - Job completed successfully
[2026-03-16 13:58:41,089][submitit][INFO] - Exiting after successful completion
