[2026-03-05 20:52:58,035][jax._src.xla_bridge][ERROR] - Jax plugin configuration error: Exception when calling jax_plugins.xla_cuda12.initialize()
Traceback (most recent call last):
  File "/gpfs/home5/sfris1/two-towers-confounding-project/.venv/lib/python3.11/site-packages/jax/_src/xla_bridge.py", line 485, in discover_pjrt_plugins
    plugin_module.initialize()
  File "/gpfs/home5/sfris1/two-towers-confounding-project/.venv/lib/python3.11/site-packages/jax_plugins/xla_cuda12/__init__.py", line 328, in initialize
    _check_cuda_versions(raise_on_first_error=True)
  File "/gpfs/home5/sfris1/two-towers-confounding-project/.venv/lib/python3.11/site-packages/jax_plugins/xla_cuda12/__init__.py", line 285, in _check_cuda_versions
    local_device_count = cuda_versions.cuda_device_count()
                         ^^^^^^^^^^^^^^^^^^^^^^^^^^^^^^^^^
RuntimeError: jaxlib/cuda/versions_helpers.cc:113: operation cuInit(0) failed: CUDA_ERROR_NO_DEVICE
[2026-03-05 20:53:00,407][two_tower_confounding.experiments.data_pipeline][INFO] - Loading aggregated datasets from /home/sfris1/ltr_datasets/ips_datasets...
[2026-03-05 20:53:05,592][two_tower_confounding.experiments.ips_pipeline][INFO] - Running estimator pipeline with model='ips'
[2026-03-05 20:53:05,592][two_tower_confounding.experiments.ips_pipeline][INFO] - Computing position bias (alpha)...
[2026-03-05 20:53:05,658][two_tower_confounding.experiments.propensity_pipeline][INFO] - Computing propensity per doc (method=frequency_based)...
[2026-03-05 20:53:08,553][two_tower_confounding.experiments.propensity_pipeline][INFO] - Propensity computed in 2.90 seconds
[2026-03-05 20:53:08,573][two_tower_confounding.experiments.propensity_pipeline][INFO] - Propensity clipping disabled.
[2026-03-05 20:53:08,573][two_tower_confounding.experiments.ips_pipeline][INFO] - Computing IPS doc weights...
[2026-03-05 20:53:09,299][two_tower_confounding.experiments.ips_pipeline][INFO] - Doc weights computed in 0.73 seconds
[2026-03-05 20:53:10,346][two_tower_confounding.experiments.model_pipeline][INFO] - Loading trainer (trainer_type='pl-rank', n_samples=100)...
[2026-03-05 20:53:10,347][two_tower_confounding.experiments.model_pipeline][INFO] - Trainer loaded in 0.00 seconds
[2026-03-05 20:53:10,347][two_tower_confounding.experiments.model_pipeline][INFO] - Training model...
[2026-03-05 20:53:50,356][two_tower_confounding.experiments.ips_pipeline][INFO] - Final evaluation results:
{'metrics': {'CTR': 1.525883674621582,
             'DCG': 3.998000383377075,
             'NCTR': 0.8423135280609131,
             'NDCG': 0.9011407494544983,
             'NRCTR': 0.8423135280609131,
             'RCTR': 1.525883674621582}}
[2026-03-05 20:53:52,579][submitit][INFO] - Job completed successfully
[2026-03-05 20:53:52,591][submitit][INFO] - Exiting after successful completion
