[2026-06-18 15:29:40,364][feature_based_propensities_for_ULTR.experiments.config_resolver][WARNING] - test_clicks=500000 is ignored because test_set_mode='label_only'. Set test_set_mode='clicks' to enable legacy click-based test behavior.
[2026-06-18 15:29:40,370][feature_based_propensities_for_ULTR.experiments.data_pipeline][INFO] - Loading or generating click datasets...
[2026-06-18 15:30:41,003][absl][INFO] - orbax-checkpoint version: 0.11.40
[2026-06-18 15:30:41,003][absl][INFO] - save_device_host_concurrent_bytes=None
[2026-06-18 15:30:41,003][absl][INFO] - Created BasePyTreeCheckpointHandler: use_ocdbt=True, use_zarr3=False, pytree_metadata_options=PyTreeMetadataOptions(support_rich_types=False), array_metadata_store=<orbax.checkpoint._src.metadata.array_metadata_store.Store object at 0x14edec1c1810>, enable_pinned_host_transfer=False, save_concurrent_bytes: 96000000000 (89.4 GiB), restore_concurrent_bytes: 96000000000 (89.4 GiB)
[2026-06-18 15:30:41,004][absl][INFO] - [thread=MainThread] Failed to get flag value for EXPERIMENTAL_ORBAX_USE_DISTRIBUTED_PROCESS_ID.
[2026-06-18 15:30:41,004][absl][INFO] - [process=0][thread=MainThread] Using barrier_sync_fn: <function get_barrier_sync_fn.<locals>.<lambda> at 0x14ed3a2a39c0> timeout: 1200 secs and primary_host=0 for async checkpoint writes
[2026-06-18 15:30:41,004][absl][INFO] - [process=0] [sync] Started load checkpoint @ /gpfs/home5/sfris1/ltr_datasets/ips_datasets/logging_policy_c10000_ps1p0_pt0p5_bs1p0_drop0rel0_sessallocv2_candfullv2_topx25_maxdocs200_lprdeep_lpsegreedysampler_lppct10p0.
[2026-06-18 15:30:41,006][absl][INFO] - Restoring checkpoint from /gpfs/home5/sfris1/ltr_datasets/ips_datasets/logging_policy_c10000_ps1p0_pt0p5_bs1p0_drop0rel0_sessallocv2_candfullv2_topx25_maxdocs200_lprdeep_lpsegreedysampler_lppct10p0.
[2026-06-18 15:30:41,007][absl][INFO] - [process=0] [sync] Finished blocking load in 0.00 seconds. Continuing load @ /gpfs/home5/sfris1/ltr_datasets/ips_datasets/logging_policy_c10000_ps1p0_pt0p5_bs1p0_drop0rel0_sessallocv2_candfullv2_topx25_maxdocs200_lprdeep_lpsegreedysampler_lppct10p0.
[2026-06-18 15:30:41,023][absl][INFO] - [process=0] /jax/orbax/read/worker/io/requested throughput: 1.911 MiB/s (total gbytes: 21.4 KiB) (time elapsed: 0.010927438735961914 s) (per-host)
[2026-06-18 15:30:41,024][absl][INFO] - [process=0] /jax/checkpoint/read/gbytes_per_sec: 1.266 MiB/s (total gbytes: 21.4 KiB) (time elapsed: 0.016497135162353516 s) (per-host)
[2026-06-18 15:30:41,024][absl][INFO] - [process=0] [sync] Finished load in 0.02 seconds @ /gpfs/home5/sfris1/ltr_datasets/ips_datasets/logging_policy_c10000_ps1p0_pt0p5_bs1p0_drop0rel0_sessallocv2_candfullv2_topx25_maxdocs200_lprdeep_lpsegreedysampler_lppct10p0
[2026-06-18 15:30:45,078][feature_based_propensities_for_ULTR.experiments.data_pipeline][INFO] - Loaded click datasets in 64.71 seconds (train=7500, val=2500, test=0)
[2026-06-18 15:30:45,078][feature_based_propensities_for_ULTR.experiments.data_pipeline][INFO] - Test split is label-only by design; no test click dataset was loaded.
[2026-06-18 15:30:45,079][feature_based_propensities_for_ULTR.data.runtime.alignment][INFO] - Applying data cutoff override: configured=25, natural=25, effective=25
[2026-06-18 15:30:45,079][feature_based_propensities_for_ULTR.data.runtime.alignment][INFO] - Applying data cutoff override: configured=25, natural=25, effective=25
[2026-06-18 15:30:45,169][feature_based_propensities_for_ULTR.data.runtime.aggregation][INFO] - Initializing simulator...
[2026-06-18 15:30:45,170][feature_based_propensities_for_ULTR.data.runtime.aggregation][INFO] - Aggregating train dataset...
[2026-06-18 15:30:50,178][feature_based_propensities_for_ULTR.data.runtime.aggregation][INFO] - Aggregating validation dataset...
[2026-06-18 15:30:53,162][feature_based_propensities_for_ULTR.data.runtime.aggregation][INFO] - Aggregating test dataset from labels only...
[2026-06-18 15:30:53,983][feature_based_propensities_for_ULTR.data.runtime.aggregation][INFO] - Aggregation done in 8.81 seconds
[2026-06-18 15:30:53,984][feature_based_propensities_for_ULTR.data.runtime.aggregation][INFO] - Session usage after aggregation: requested(train=7500,val=2500), actual(train=7500,val=2500,test=0)
[2026-06-18 15:30:53,984][feature_based_propensities_for_ULTR.data.runtime.aggregation][INFO] - Dataset persistence disabled; skipping aggregated dataset cache save.
[2026-06-18 15:30:53,984][feature_based_propensities_for_ULTR.experiments.ips_pipeline][INFO] - Test split uses label-only evaluation; raw test click diagnostics are skipped.
[2026-06-18 15:30:54,035][feature_based_propensities_for_ULTR.experiments.diagnostics][INFO] - [Data] train_docs=2132810, val_docs=707814, test_docs=708921, cutoff=25
[2026-06-18 15:30:54,134][feature_based_propensities_for_ULTR.experiments.diagnostics][INFO] - [Train] clicks=820, displays=181833, ctr=0.0045, ctr_per_doc=0.0045
[2026-06-18 15:30:54,222][feature_based_propensities_for_ULTR.experiments.diagnostics][INFO] - [Validation] clicks=265, displays=60569, ctr=0.0044, ctr_per_doc=0.0044
[2026-06-18 15:30:54,308][feature_based_propensities_for_ULTR.experiments.diagnostics][INFO] - [Test] clicks=0, displays=0, ctr=0.0000, ctr_per_doc=0.0000
[2026-06-18 15:30:54,309][feature_based_propensities_for_ULTR.experiments.ips_pipeline][INFO] - Running estimator pipeline with model='dr'
[2026-06-18 15:30:54,309][feature_based_propensities_for_ULTR.experiments.ips_pipeline][INFO] - Computing position bias (alpha)...
[2026-06-18 15:30:54,328][ultr_bias_toolkit.bias.intervention_harvesting.all_pairs][INFO] - Position bias estimation using global all pairs estimator
[2026-06-18 15:31:43,141][feature_based_propensities_for_ULTR.experiments.position_bias_pipeline][INFO] - Saved estimated position-bias curve to position_bias.json
[2026-06-18 15:31:43,141][feature_based_propensities_for_ULTR.experiments.ips_pipeline][INFO] - Estimated position bias in-run (estimator=global_all_pairs): [ 0.         -1.1469309  -1.1893857  -0.8034484  -2.2590046  -0.62316096
 -1.2417799  -2.3676522  -1.2817802  -1.2706137  -2.4957764  -1.337706
  0.09424943 -6.688773   -2.8519492  -1.3791367  -6.1868677  -6.616831
 -6.5041394  -6.1605096  -6.9077554  -6.4499836  -2.229226   -1.385625
 -2.005267  ]
[2026-06-18 15:31:43,142][feature_based_propensities_for_ULTR.experiments.propensity_pipeline][INFO] - Computing propensity per doc (method=true_propensity)...
[2026-06-18 15:32:11,854][feature_based_propensities_for_ULTR.experiments.propensity_pipeline][INFO] - Propensity computed in 28.71 seconds
[2026-06-18 15:32:11,854][feature_based_propensities_for_ULTR.experiments.propensity_pipeline][INFO] - Alpha logits: [ 0.         -1.1469309  -1.1893857  -0.8034484  -2.2590046  -0.62316096
 -1.2417799  -2.3676522  -1.2817802  -1.2706137  -2.4957764  -1.337706
  0.09424943 -6.688773   -2.8519492  -1.3791367  -6.1868677  -6.616831
 -6.5041394  -6.1605096  -6.9077554  -6.4499836  -2.229226   -1.385625
 -2.005267  ]
[2026-06-18 15:32:11,855][feature_based_propensities_for_ULTR.experiments.propensity_pipeline][INFO] - Alpha: [0.5        0.24105011 0.23336883 0.30928835 0.09457558 0.3490629
 0.22412631 0.08567287 0.21724734 0.21915223 0.0761548  0.20788756
 0.5235449  0.00124326 0.05458064 0.20114768 0.00205204 0.00133588
 0.00149499 0.00210673 0.000999   0.00157805 0.09715651 0.20010713
 0.11865103]
[2026-06-18 15:32:11,856][feature_based_propensities_for_ULTR.experiments.propensity_pipeline][INFO] - Propensity clipping disabled.
[2026-06-18 15:32:11,856][feature_based_propensities_for_ULTR.experiments.propensity_pipeline][INFO] - Computing propensity per doc (method=frequency_based)...
[2026-06-18 15:32:38,725][feature_based_propensities_for_ULTR.experiments.propensity_pipeline][INFO] - Propensity computed in 26.87 seconds
[2026-06-18 15:32:38,725][feature_based_propensities_for_ULTR.experiments.propensity_pipeline][INFO] - Alpha logits: [ 0.         -1.1469309  -1.1893857  -0.8034484  -2.2590046  -0.62316096
 -1.2417799  -2.3676522  -1.2817802  -1.2706137  -2.4957764  -1.337706
  0.09424943 -6.688773   -2.8519492  -1.3791367  -6.1868677  -6.616831
 -6.5041394  -6.1605096  -6.9077554  -6.4499836  -2.229226   -1.385625
 -2.005267  ]
[2026-06-18 15:32:38,726][feature_based_propensities_for_ULTR.experiments.propensity_pipeline][INFO] - Alpha: [0.5        0.24105011 0.23336883 0.30928835 0.09457558 0.3490629
 0.22412631 0.08567287 0.21724734 0.21915223 0.0761548  0.20788756
 0.5235449  0.00124326 0.05458064 0.20114768 0.00205204 0.00133588
 0.00149499 0.00210673 0.000999   0.00157805 0.09715651 0.20010713
 0.11865103]
[2026-06-18 15:32:39,852][feature_based_propensities_for_ULTR.experiments.regression_pipeline][INFO] - Training regression model for DM/DR...
[2026-06-18 15:32:47,312][feature_based_propensities_for_ULTR.experiments.regression_pipeline][INFO] - Regression epoch 3: train_loss=0.239580 val_loss=0.237154
[2026-06-18 15:32:53,710][feature_based_propensities_for_ULTR.experiments.regression_pipeline][INFO] - Regression epoch 6: train_loss=0.236555 val_loss=0.229451
[2026-06-18 15:33:00,117][feature_based_propensities_for_ULTR.experiments.regression_pipeline][INFO] - Regression epoch 9: train_loss=0.233168 val_loss=0.250870
[2026-06-18 15:33:06,191][feature_based_propensities_for_ULTR.experiments.ips_pipeline][INFO] - Computing DR doc weights...
[2026-06-18 15:33:06,220][feature_based_propensities_for_ULTR.experiments.ips_pipeline][INFO] - Doc weights computed in 0.03 seconds
[2026-06-18 15:33:06,231][feature_based_propensities_for_ULTR.experiments.model_pipeline][INFO] - Loading trainer (trainer_type='pl-rank', n_samples=100)...
[2026-06-18 15:33:06,233][feature_based_propensities_for_ULTR.experiments.model_pipeline][INFO] - Trainer loaded in 0.00 seconds
[2026-06-18 15:33:06,233][feature_based_propensities_for_ULTR.experiments.model_pipeline][INFO] - Training model...
[2026-06-18 16:21:30,284][feature_based_propensities_for_ULTR.experiments.ips_pipeline][INFO] - Final evaluation results:
{'metrics': {'CTR': 0.7047187089920044,
             'DCG': 1.4384528398513794,
             'NCTR': 0.3339841365814209,
             'NDCG': 0.3729355037212372,
             'NDCG@25': 0.3729355037212372,
             'NRCTR': 0.3339841365814209,
             'RCTR': 0.7047187089920044}}
[2026-06-18 16:21:30,320][submitit][INFO] - Job completed successfully
[2026-06-18 16:21:30,329][submitit][INFO] - Exiting after successful completion
