[2026-03-16 22:18:06,270][jax._src.xla_bridge][ERROR] - Jax plugin configuration error: Exception when calling jax_plugins.xla_cuda12.initialize()
Traceback (most recent call last):
  File "/gpfs/home5/sfris1/two-towers-confounding-project/.venv/lib/python3.11/site-packages/jax/_src/xla_bridge.py", line 485, in discover_pjrt_plugins
    plugin_module.initialize()
  File "/gpfs/home5/sfris1/two-towers-confounding-project/.venv/lib/python3.11/site-packages/jax_plugins/xla_cuda12/__init__.py", line 328, in initialize
    _check_cuda_versions(raise_on_first_error=True)
  File "/gpfs/home5/sfris1/two-towers-confounding-project/.venv/lib/python3.11/site-packages/jax_plugins/xla_cuda12/__init__.py", line 285, in _check_cuda_versions
    local_device_count = cuda_versions.cuda_device_count()
                         ^^^^^^^^^^^^^^^^^^^^^^^^^^^^^^^^^
RuntimeError: jaxlib/cuda/versions_helpers.cc:113: operation cuInit(0) failed: CUDA_ERROR_NO_DEVICE
[2026-03-16 22:18:07,285][two_tower_confounding.experiments.ips_pipeline][WARNING] - wandb.init failed (Error uploading run: returned error 403: {"data":{"upsertBucket":null},"errors":[{"message":"permission denied","path":["upsertBucket"],"extensions":{"code":"PERMISSION_ERROR"}}]}). Continuing with local logging only.
[2026-03-16 22:18:07,286][two_tower_confounding.experiments.ips_pipeline][WARNING] - Disabling wandb for trainer components because initialization failed.
[2026-03-16 22:18:07,293][two_tower_confounding.experiments.data_pipeline][INFO] - Loading or generating click datasets...
[2026-03-16 22:18:51,332][absl][INFO] - orbax-checkpoint version: 0.11.25
[2026-03-16 22:18:51,332][absl][INFO] - Created BasePyTreeCheckpointHandler: use_ocdbt=True, use_zarr3=False, pytree_metadata_options=PyTreeMetadataOptions(support_rich_types=False), array_metadata_store=<orbax.checkpoint._src.metadata.array_metadata_store.Store object at 0x14fb752fb090>, enable_pinned_host_transfer=False, save_concurrent_bytes: 96000000000 (89.4 GiB), restore_concurrent_bytes: 96000000000 (89.4 GiB)
[2026-03-16 22:18:51,332][absl][INFO] - [thread=MainThread] Failed to get flag value for EXPERIMENTAL_ORBAX_USE_DISTRIBUTED_PROCESS_ID.
[2026-03-16 22:18:51,332][absl][INFO] - [process=0][thread=MainThread] Using barrier_sync_fn: <function get_barrier_sync_fn.<locals>.<lambda> at 0x14f9a2fc42c0> timeout: 600 secs and primary_host=0 for async checkpoint writes
[2026-03-16 22:18:51,335][absl][INFO] - Restoring checkpoint from /gpfs/home5/sfris1/ltr_datasets/ips_datasets/logging_policy_c500000_ps1p0_pt0p5_bs1p0_drop0rel0_candfullv2_topx25_maxdocs200_lprdeep_lpsegreedysampler_lppct10p0.
[2026-03-16 22:18:51,360][absl][INFO] - [process=0] /jax/checkpoint/read/gbytes_per_sec: 0 Bytes/s (total gbytes: 91.8 KiB) (time elapsed: 23 milliseconds) (per-host)
[2026-03-16 22:18:51,360][absl][INFO] - Finished restoring checkpoint in 0.03 seconds from /gpfs/home5/sfris1/ltr_datasets/ips_datasets/logging_policy_c500000_ps1p0_pt0p5_bs1p0_drop0rel0_candfullv2_topx25_maxdocs200_lprdeep_lpsegreedysampler_lppct10p0.
[2026-03-16 22:19:56,844][two_tower_confounding.experiments.data_pipeline][INFO] - Loaded click datasets in 109.55 seconds (train=19944, val=2994, test=500000)
[2026-03-16 22:19:56,844][two_tower_confounding.data.runtime.aggregation][INFO] - Applying data cutoff override: configured=25, natural=25, effective=25
[2026-03-16 22:19:56,983][two_tower_confounding.data.runtime.aggregation][INFO] - Initializing simulator...
[2026-03-16 22:19:56,983][two_tower_confounding.data.runtime.aggregation][INFO] - Aggregating train dataset...
[2026-03-16 22:20:16,682][two_tower_confounding.data.runtime.aggregation][INFO] - Aggregating validation dataset...
[2026-03-16 22:20:21,285][two_tower_confounding.data.runtime.aggregation][INFO] - Aggregating test dataset...
[2026-03-16 22:20:30,789][two_tower_confounding.data.runtime.aggregation][INFO] - Aggregation done in 33.81 seconds
[2026-03-16 22:20:30,791][two_tower_confounding.data.runtime.aggregation][INFO] - Session usage after aggregation: requested(train=19944,val=2994), actual(train=19944,val=2994,test=500000)
[2026-03-16 22:20:30,791][two_tower_confounding.data.runtime.aggregation][INFO] - Dataset persistence disabled; skipping aggregated dataset cache save.
[2026-03-16 22:20:30,822][two_tower_confounding.experiments.diagnostics][INFO] - [Data] train_docs=473134, val_docs=71083, test_docs=165660, cutoff=25
[2026-03-16 22:20:30,900][two_tower_confounding.experiments.diagnostics][INFO] - [Train] clicks=3250, displays=337635, ctr=0.0096, ctr_per_doc=0.0096
[2026-03-16 22:20:30,968][two_tower_confounding.experiments.diagnostics][INFO] - [Validation] clicks=453, displays=50341, ctr=0.0090, ctr_per_doc=0.0090
[2026-03-16 22:20:31,039][two_tower_confounding.experiments.diagnostics][INFO] - [Test] clicks=79172, displays=8495475, ctr=0.0093, ctr_per_doc=0.0093
[2026-03-16 22:20:31,040][two_tower_confounding.experiments.ips_pipeline][INFO] - Running estimator pipeline with model='max-score'
[2026-03-16 22:20:31,040][two_tower_confounding.experiments.ips_pipeline][INFO] - Computing position bias (alpha)...
[2026-03-16 22:20:31,104][two_tower_confounding.experiments.ips_pipeline][INFO] - Computing MaxScore doc weights...
[2026-03-16 22:20:31,104][two_tower_confounding.experiments.ips_pipeline][INFO] - Doc weights computed in 0.00 seconds
[2026-03-16 22:20:31,109][two_tower_confounding.experiments.model_pipeline][INFO] - Loading trainer (trainer_type='pl-rank', n_samples=100)...
[2026-03-16 22:20:31,111][two_tower_confounding.experiments.model_pipeline][INFO] - Trainer loaded in 0.00 seconds
[2026-03-16 22:20:31,111][two_tower_confounding.experiments.model_pipeline][INFO] - Training model...
[2026-03-16 23:11:47,708][two_tower_confounding.experiments.ips_pipeline][INFO] - Final evaluation results:
{'metrics': {'CTR': 0.9073876142501831,
             'DCG': 2.255361318588257,
             'NCTR': 0.7734097242355347,
             'NDCG': 0.809798002243042,
             'NDCG@25': 0.809798002243042,
             'NRCTR': 0.7734097242355347,
             'RCTR': 0.9073876142501831}}
[2026-03-16 23:11:48,810][submitit][INFO] - Job completed successfully
[2026-03-16 23:11:48,821][submitit][INFO] - Exiting after successful completion
[2026-03-19 15:41:10,293][jax._src.xla_bridge][ERROR] - Jax plugin configuration error: Exception when calling jax_plugins.xla_cuda12.initialize()
Traceback (most recent call last):
  File "/gpfs/home5/sfris1/two-towers-confounding-project/.venv/lib/python3.11/site-packages/jax/_src/xla_bridge.py", line 485, in discover_pjrt_plugins
    plugin_module.initialize()
  File "/gpfs/home5/sfris1/two-towers-confounding-project/.venv/lib/python3.11/site-packages/jax_plugins/xla_cuda12/__init__.py", line 328, in initialize
    _check_cuda_versions(raise_on_first_error=True)
  File "/gpfs/home5/sfris1/two-towers-confounding-project/.venv/lib/python3.11/site-packages/jax_plugins/xla_cuda12/__init__.py", line 285, in _check_cuda_versions
    local_device_count = cuda_versions.cuda_device_count()
                         ^^^^^^^^^^^^^^^^^^^^^^^^^^^^^^^^^
RuntimeError: jaxlib/cuda/versions_helpers.cc:113: operation cuInit(0) failed: CUDA_ERROR_NO_DEVICE
[2026-03-19 15:41:11,498][two_tower_confounding.experiments.ips_pipeline][WARNING] - wandb.init failed (Error uploading run: returned error 403: {"data":{"upsertBucket":null},"errors":[{"message":"permission denied","path":["upsertBucket"],"extensions":{"code":"PERMISSION_ERROR"}}]}). Continuing with local logging only.
[2026-03-19 15:41:11,498][two_tower_confounding.experiments.ips_pipeline][WARNING] - Disabling wandb for trainer components because initialization failed.
[2026-03-19 15:41:11,499][two_tower_confounding.experiments.config_resolver][WARNING] - test_clicks=500000 is ignored because test_set_mode='label_only'. Set test_set_mode='clicks' to enable legacy click-based test behavior.
[2026-03-19 15:41:11,505][two_tower_confounding.experiments.data_pipeline][INFO] - Loading or generating click datasets...
[2026-03-19 15:41:37,558][absl][INFO] - orbax-checkpoint version: 0.11.25
[2026-03-19 15:41:37,559][absl][INFO] - Created BasePyTreeCheckpointHandler: use_ocdbt=True, use_zarr3=False, pytree_metadata_options=PyTreeMetadataOptions(support_rich_types=False), array_metadata_store=<orbax.checkpoint._src.metadata.array_metadata_store.Store object at 0x151e3bdcb9d0>, enable_pinned_host_transfer=False, save_concurrent_bytes: 96000000000 (89.4 GiB), restore_concurrent_bytes: 96000000000 (89.4 GiB)
[2026-03-19 15:41:37,560][absl][INFO] - [thread=MainThread] Failed to get flag value for EXPERIMENTAL_ORBAX_USE_DISTRIBUTED_PROCESS_ID.
[2026-03-19 15:41:37,561][absl][INFO] - [process=0][thread=MainThread] Using barrier_sync_fn: <function get_barrier_sync_fn.<locals>.<lambda> at 0x151d82c9b4c0> timeout: 600 secs and primary_host=0 for async checkpoint writes
[2026-03-19 15:41:37,563][absl][INFO] - Restoring checkpoint from /gpfs/home5/sfris1/ltr_datasets/ips_datasets/logging_policy_c500000_ps1p0_pt0p5_bs1p0_drop0rel0_sessallocv2_candfullv2_topx25_maxdocs80_lprdeep_lpsegreedysampler_lppct10p0.
[2026-03-19 15:41:37,588][absl][INFO] - [process=0] /jax/checkpoint/read/gbytes_per_sec: 0 Bytes/s (total gbytes: 91.8 KiB) (time elapsed: 23 milliseconds) (per-host)
[2026-03-19 15:41:37,588][absl][INFO] - Finished restoring checkpoint in 0.03 seconds from /gpfs/home5/sfris1/ltr_datasets/ips_datasets/logging_policy_c500000_ps1p0_pt0p5_bs1p0_drop0rel0_sessallocv2_candfullv2_topx25_maxdocs80_lprdeep_lpsegreedysampler_lppct10p0.
[2026-03-19 15:42:23,791][two_tower_confounding.experiments.data_pipeline][INFO] - Loaded click datasets in 72.29 seconds (train=434737, val=65263, test=0)
[2026-03-19 15:42:23,792][two_tower_confounding.experiments.data_pipeline][INFO] - Test split is label-only by design; no test click dataset was loaded.
[2026-03-19 15:42:23,793][two_tower_confounding.data.runtime.aggregation][INFO] - Applying data cutoff override: configured=25, natural=25, effective=25
[2026-03-19 15:42:23,922][two_tower_confounding.data.runtime.aggregation][INFO] - Initializing simulator...
[2026-03-19 15:42:23,923][two_tower_confounding.data.runtime.aggregation][INFO] - Aggregating train dataset...
