[2026-06-18 16:55:09,100][feature_based_propensities_for_ULTR.experiments.config_resolver][WARNING] - test_clicks=500000 is ignored because test_set_mode='label_only'. Set test_set_mode='clicks' to enable legacy click-based test behavior.
[2026-06-18 16:55:09,105][feature_based_propensities_for_ULTR.experiments.data_pipeline][INFO] - Loading or generating click datasets...
[2026-06-18 16:56:09,721][absl][INFO] - orbax-checkpoint version: 0.11.40
[2026-06-18 16:56:09,721][absl][INFO] - save_device_host_concurrent_bytes=None
[2026-06-18 16:56:09,721][absl][INFO] - Created BasePyTreeCheckpointHandler: use_ocdbt=True, use_zarr3=False, pytree_metadata_options=PyTreeMetadataOptions(support_rich_types=False), array_metadata_store=<orbax.checkpoint._src.metadata.array_metadata_store.Store object at 0x14e6abf03290>, enable_pinned_host_transfer=False, save_concurrent_bytes: 96000000000 (89.4 GiB), restore_concurrent_bytes: 96000000000 (89.4 GiB)
[2026-06-18 16:56:09,722][absl][INFO] - [thread=MainThread] Failed to get flag value for EXPERIMENTAL_ORBAX_USE_DISTRIBUTED_PROCESS_ID.
[2026-06-18 16:56:09,722][absl][INFO] - [process=0][thread=MainThread] Using barrier_sync_fn: <function get_barrier_sync_fn.<locals>.<lambda> at 0x14e5fd0579c0> timeout: 1200 secs and primary_host=0 for async checkpoint writes
[2026-06-18 16:56:09,722][absl][INFO] - [process=0] [sync] Started load checkpoint @ /gpfs/home5/sfris1/ltr_datasets/ips_datasets/logging_policy_c10000_ps1p0_pt0p5_bs1p0_drop0rel0_sessallocv2_candfullv2_topx25_maxdocs200_lprdeep_lpsegreedysampler_lppct10p0.
[2026-06-18 16:56:09,725][absl][INFO] - Restoring checkpoint from /gpfs/home5/sfris1/ltr_datasets/ips_datasets/logging_policy_c10000_ps1p0_pt0p5_bs1p0_drop0rel0_sessallocv2_candfullv2_topx25_maxdocs200_lprdeep_lpsegreedysampler_lppct10p0.
[2026-06-18 16:56:09,725][absl][INFO] - [process=0] [sync] Finished blocking load in 0.00 seconds. Continuing load @ /gpfs/home5/sfris1/ltr_datasets/ips_datasets/logging_policy_c10000_ps1p0_pt0p5_bs1p0_drop0rel0_sessallocv2_candfullv2_topx25_maxdocs200_lprdeep_lpsegreedysampler_lppct10p0.
[2026-06-18 16:56:09,741][absl][INFO] - [process=0] /jax/orbax/read/worker/io/requested throughput: 1.876 MiB/s (total gbytes: 21.4 KiB) (time elapsed: 0.011126041412353516 s) (per-host)
[2026-06-18 16:56:09,742][absl][INFO] - [process=0] /jax/checkpoint/read/gbytes_per_sec: 1.256 MiB/s (total gbytes: 21.4 KiB) (time elapsed: 0.016618013381958008 s) (per-host)
[2026-06-18 16:56:09,742][absl][INFO] - [process=0] [sync] Finished load in 0.02 seconds @ /gpfs/home5/sfris1/ltr_datasets/ips_datasets/logging_policy_c10000_ps1p0_pt0p5_bs1p0_drop0rel0_sessallocv2_candfullv2_topx25_maxdocs200_lprdeep_lpsegreedysampler_lppct10p0
[2026-06-18 16:56:13,909][feature_based_propensities_for_ULTR.experiments.data_pipeline][INFO] - Loaded click datasets in 64.80 seconds (train=7500, val=2500, test=0)
[2026-06-18 16:56:13,909][feature_based_propensities_for_ULTR.experiments.data_pipeline][INFO] - Test split is label-only by design; no test click dataset was loaded.
[2026-06-18 16:56:13,909][feature_based_propensities_for_ULTR.data.runtime.alignment][INFO] - Applying data cutoff override: configured=25, natural=25, effective=25
[2026-06-18 16:56:13,910][feature_based_propensities_for_ULTR.data.runtime.alignment][INFO] - Applying data cutoff override: configured=25, natural=25, effective=25
[2026-06-18 16:56:14,000][feature_based_propensities_for_ULTR.data.runtime.aggregation][INFO] - Initializing simulator...
[2026-06-18 16:56:14,000][feature_based_propensities_for_ULTR.data.runtime.aggregation][INFO] - Aggregating train dataset...
[2026-06-18 16:56:19,077][feature_based_propensities_for_ULTR.data.runtime.aggregation][INFO] - Aggregating validation dataset...
[2026-06-18 16:56:22,020][feature_based_propensities_for_ULTR.data.runtime.aggregation][INFO] - Aggregating test dataset from labels only...
[2026-06-18 16:56:22,839][feature_based_propensities_for_ULTR.data.runtime.aggregation][INFO] - Aggregation done in 8.84 seconds
[2026-06-18 16:56:22,839][feature_based_propensities_for_ULTR.data.runtime.aggregation][INFO] - Session usage after aggregation: requested(train=7500,val=2500), actual(train=7500,val=2500,test=0)
[2026-06-18 16:56:22,839][feature_based_propensities_for_ULTR.data.runtime.aggregation][INFO] - Dataset persistence disabled; skipping aggregated dataset cache save.
[2026-06-18 16:56:22,840][feature_based_propensities_for_ULTR.experiments.ips_pipeline][INFO] - Test split uses label-only evaluation; raw test click diagnostics are skipped.
[2026-06-18 16:56:22,892][feature_based_propensities_for_ULTR.experiments.diagnostics][INFO] - [Data] train_docs=2132810, val_docs=707814, test_docs=708921, cutoff=25
[2026-06-18 16:56:22,990][feature_based_propensities_for_ULTR.experiments.diagnostics][INFO] - [Train] clicks=828, displays=182371, ctr=0.0045, ctr_per_doc=0.0045
[2026-06-18 16:56:23,076][feature_based_propensities_for_ULTR.experiments.diagnostics][INFO] - [Validation] clicks=280, displays=60770, ctr=0.0046, ctr_per_doc=0.0046
[2026-06-18 16:56:23,164][feature_based_propensities_for_ULTR.experiments.diagnostics][INFO] - [Test] clicks=0, displays=0, ctr=0.0000, ctr_per_doc=0.0000
[2026-06-18 16:56:23,164][feature_based_propensities_for_ULTR.experiments.ips_pipeline][INFO] - Running estimator pipeline with model='ips'
[2026-06-18 16:56:23,164][feature_based_propensities_for_ULTR.experiments.ips_pipeline][INFO] - Computing position bias (alpha)...
[2026-06-18 16:56:23,182][ultr_bias_toolkit.bias.intervention_harvesting.all_pairs][INFO] - Position bias estimation using global all pairs estimator
[2026-06-18 16:57:11,856][feature_based_propensities_for_ULTR.experiments.position_bias_pipeline][INFO] - Saved estimated position-bias curve to position_bias.json
[2026-06-18 16:57:11,856][feature_based_propensities_for_ULTR.experiments.ips_pipeline][INFO] - Estimated position bias in-run (estimator=global_all_pairs): [ 0.         -0.59368217 -1.3512665  -0.93930155 -1.7943376  -3.219744
 -1.6034791  -6.317719   -6.9077554  -2.0338802  -2.6422343  -6.6773787
 -1.6976733  -2.0512793  -1.6965898  -2.4821901  -0.35516682 -3.0319664
 -4.7295313  -6.9077554  -6.9077554  -1.4841062   0.77835304 -6.9077554
 -1.9840878 ]
[2026-06-18 16:57:11,858][feature_based_propensities_for_ULTR.experiments.propensity_pipeline][INFO] - Computing propensity per doc (method=true_propensity)...
[2026-06-18 16:57:40,409][feature_based_propensities_for_ULTR.experiments.propensity_pipeline][INFO] - Propensity computed in 28.55 seconds
[2026-06-18 16:57:40,409][feature_based_propensities_for_ULTR.experiments.propensity_pipeline][INFO] - Alpha logits: [ 0.         -0.59368217 -1.3512665  -0.93930155 -1.7943376  -3.219744
 -1.6034791  -6.317719   -6.9077554  -2.0338802  -2.6422343  -6.6773787
 -1.6976733  -2.0512793  -1.6965898  -2.4821901  -0.35516682 -3.0319664
 -4.7295313  -6.9077554  -6.9077554  -1.4841062   0.77835304 -6.9077554
 -1.9840878 ]
[2026-06-18 16:57:40,410][feature_based_propensities_for_ULTR.experiments.propensity_pipeline][INFO] - Alpha: [0.5        0.35579044 0.2056634  0.28104144 0.14254175 0.03842944
 0.1674959  0.00180081 0.000999   0.11569135 0.06646926 0.00125749
 0.15476939 0.11392317 0.15491118 0.07711619 0.41213006 0.04600245
 0.00875331 0.000999   0.000999   0.184808   0.685325   0.000999
 0.12088376]
[2026-06-18 16:57:40,411][feature_based_propensities_for_ULTR.experiments.propensity_pipeline][INFO] - Propensity clipping disabled.
[2026-06-18 16:57:40,411][feature_based_propensities_for_ULTR.experiments.ips_pipeline][INFO] - Computing IPS doc weights...
[2026-06-18 16:57:40,912][feature_based_propensities_for_ULTR.experiments.ips_pipeline][INFO] - Doc weights computed in 0.50 seconds
[2026-06-18 16:57:40,950][feature_based_propensities_for_ULTR.experiments.model_pipeline][INFO] - Loading trainer (trainer_type='pl-rank', n_samples=100)...
[2026-06-18 16:57:40,952][feature_based_propensities_for_ULTR.experiments.model_pipeline][INFO] - Trainer loaded in 0.00 seconds
[2026-06-18 16:57:40,952][feature_based_propensities_for_ULTR.experiments.model_pipeline][INFO] - Training model...
[2026-06-18 16:59:30,241][feature_based_propensities_for_ULTR.experiments.ips_pipeline][INFO] - Final evaluation results:
{'metrics': {'CTR': 0.6491255164146423,
             'DCG': 1.38101065158844,
             'NCTR': 0.3021787106990814,
             'NDCG': 0.3586099445819855,
             'NDCG@25': 0.3586099445819855,
             'NRCTR': 0.3021787106990814,
             'RCTR': 0.6491255164146423}}
[2026-06-18 16:59:30,268][submitit][INFO] - Job completed successfully
[2026-06-18 16:59:30,279][submitit][INFO] - Exiting after successful completion
