[2026-06-18 03:29:00,468][feature_based_propensities_for_ULTR.experiments.config_resolver][WARNING] - test_clicks=500000 is ignored because test_set_mode='label_only'. Set test_set_mode='clicks' to enable legacy click-based test behavior.
[2026-06-18 03:29:00,474][feature_based_propensities_for_ULTR.experiments.data_pipeline][INFO] - Loading or generating click datasets...
[2026-06-18 03:30:29,545][absl][INFO] - orbax-checkpoint version: 0.11.40
[2026-06-18 03:30:29,545][absl][INFO] - save_device_host_concurrent_bytes=None
[2026-06-18 03:30:29,546][absl][INFO] - Created BasePyTreeCheckpointHandler: use_ocdbt=True, use_zarr3=False, pytree_metadata_options=PyTreeMetadataOptions(support_rich_types=False), array_metadata_store=<orbax.checkpoint._src.metadata.array_metadata_store.Store object at 0x14d8d70ac2d0>, enable_pinned_host_transfer=False, save_concurrent_bytes: 96000000000 (89.4 GiB), restore_concurrent_bytes: 96000000000 (89.4 GiB)
[2026-06-18 03:30:29,546][absl][INFO] - [thread=MainThread] Failed to get flag value for EXPERIMENTAL_ORBAX_USE_DISTRIBUTED_PROCESS_ID.
[2026-06-18 03:30:29,546][absl][INFO] - [process=0][thread=MainThread] Using barrier_sync_fn: <function get_barrier_sync_fn.<locals>.<lambda> at 0x14d82773aac0> timeout: 1200 secs and primary_host=0 for async checkpoint writes
[2026-06-18 03:30:29,547][absl][INFO] - [process=0] [sync] Started load checkpoint @ /gpfs/home5/sfris1/ltr_datasets/ips_datasets/istella_logging_policy_c1000_ps1p0_pt0p5_bs1p0_drop0rel0_sessallocv2_candfullv2_topx25_maxdocs200_lprdeep_lpsegreedysampler_lppct10p0.
[2026-06-18 03:30:29,549][absl][INFO] - Restoring checkpoint from /gpfs/home5/sfris1/ltr_datasets/ips_datasets/istella_logging_policy_c1000_ps1p0_pt0p5_bs1p0_drop0rel0_sessallocv2_candfullv2_topx25_maxdocs200_lprdeep_lpsegreedysampler_lppct10p0.
[2026-06-18 03:30:29,549][absl][INFO] - [process=0] [sync] Finished blocking load in 0.00 seconds. Continuing load @ /gpfs/home5/sfris1/ltr_datasets/ips_datasets/istella_logging_policy_c1000_ps1p0_pt0p5_bs1p0_drop0rel0_sessallocv2_candfullv2_topx25_maxdocs200_lprdeep_lpsegreedysampler_lppct10p0.
[2026-06-18 03:30:29,567][absl][INFO] - [process=0] /jax/orbax/read/worker/io/requested throughput: 2.590 MiB/s (total gbytes: 31.6 KiB) (time elapsed: 0.01192617416381836 s) (per-host)
[2026-06-18 03:30:29,569][absl][INFO] - [process=0] /jax/checkpoint/read/gbytes_per_sec: 1.683 MiB/s (total gbytes: 31.6 KiB) (time elapsed: 0.018355131149291992 s) (per-host)
[2026-06-18 03:30:29,569][absl][INFO] - [process=0] [sync] Finished load in 0.02 seconds @ /gpfs/home5/sfris1/ltr_datasets/ips_datasets/istella_logging_policy_c1000_ps1p0_pt0p5_bs1p0_drop0rel0_sessallocv2_candfullv2_topx25_maxdocs200_lprdeep_lpsegreedysampler_lppct10p0
[2026-06-18 03:30:33,710][feature_based_propensities_for_ULTR.experiments.data_pipeline][INFO] - Loaded click datasets in 93.24 seconds (train=727, val=273, test=0)
[2026-06-18 03:30:33,710][feature_based_propensities_for_ULTR.experiments.data_pipeline][INFO] - Test split is label-only by design; no test click dataset was loaded.
[2026-06-18 03:30:33,710][feature_based_propensities_for_ULTR.data.runtime.alignment][INFO] - Applying data cutoff override: configured=25, natural=25, effective=25
[2026-06-18 03:30:33,710][feature_based_propensities_for_ULTR.data.runtime.alignment][INFO] - Applying data cutoff override: configured=25, natural=25, effective=25
[2026-06-18 03:30:33,805][feature_based_propensities_for_ULTR.data.runtime.aggregation][INFO] - Initializing simulator...
[2026-06-18 03:30:33,806][feature_based_propensities_for_ULTR.data.runtime.aggregation][INFO] - Aggregating train dataset...
[2026-06-18 03:30:39,630][feature_based_propensities_for_ULTR.data.runtime.aggregation][INFO] - Aggregating validation dataset...
[2026-06-18 03:30:42,882][feature_based_propensities_for_ULTR.data.runtime.aggregation][INFO] - Aggregating test dataset from labels only...
[2026-06-18 03:30:44,283][feature_based_propensities_for_ULTR.data.runtime.aggregation][INFO] - Aggregation done in 10.48 seconds
[2026-06-18 03:30:44,283][feature_based_propensities_for_ULTR.data.runtime.aggregation][INFO] - Session usage after aggregation: requested(train=727,val=273), actual(train=727,val=273,test=0)
[2026-06-18 03:30:44,283][feature_based_propensities_for_ULTR.data.runtime.aggregation][INFO] - Dataset persistence disabled; skipping aggregated dataset cache save.
[2026-06-18 03:30:44,284][feature_based_propensities_for_ULTR.experiments.ips_pipeline][INFO] - Test split uses label-only evaluation; raw test click diagnostics are skipped.
[2026-06-18 03:30:44,333][feature_based_propensities_for_ULTR.experiments.diagnostics][INFO] - [Data] train_docs=2043304, val_docs=684076, test_docs=681250, cutoff=25
[2026-06-18 03:30:44,427][feature_based_propensities_for_ULTR.experiments.diagnostics][INFO] - [Train] clicks=152, displays=18106, ctr=0.0084, ctr_per_doc=0.0084
[2026-06-18 03:30:44,516][feature_based_propensities_for_ULTR.experiments.diagnostics][INFO] - [Validation] clicks=63, displays=6772, ctr=0.0093, ctr_per_doc=0.0093
[2026-06-18 03:30:44,604][feature_based_propensities_for_ULTR.experiments.diagnostics][INFO] - [Test] clicks=0, displays=0, ctr=0.0000, ctr_per_doc=0.0000
[2026-06-18 03:30:44,604][feature_based_propensities_for_ULTR.experiments.ips_pipeline][INFO] - Running estimator pipeline with model='dr'
[2026-06-18 03:30:44,604][feature_based_propensities_for_ULTR.experiments.ips_pipeline][INFO] - Computing position bias (alpha)...
[2026-06-18 03:30:44,655][feature_based_propensities_for_ULTR.experiments.propensity_pipeline][INFO] - Computing propensity per doc (method=true_propensity)...
[2026-06-18 03:30:48,921][feature_based_propensities_for_ULTR.experiments.propensity_pipeline][INFO] - Propensity computed in 4.27 seconds
[2026-06-18 03:30:48,922][feature_based_propensities_for_ULTR.experiments.propensity_pipeline][INFO] - Alpha logits: [-0.        -0.6931472 -1.0986123 -1.3862944 -1.609438  -1.7917595
 -1.9459101 -2.0794415 -2.1972246 -2.3025851 -2.3978953 -2.4849067
 -2.5649493 -2.6390574 -2.7080503 -2.7725887 -2.8332133 -2.8903718
 -2.944439  -2.9957323 -3.0445225 -3.0910425 -3.1354942 -3.1780539
 -3.218876 ]
[2026-06-18 03:30:48,922][feature_based_propensities_for_ULTR.experiments.propensity_pipeline][INFO] - Alpha: [0.5        0.33333334 0.25       0.2        0.16666667 0.14285715
 0.12500001 0.11111111 0.1        0.09090909 0.08333333 0.07692308
 0.07142857 0.06666666 0.0625     0.05882353 0.05555556 0.05263158
 0.05       0.04761905 0.04545454 0.04347826 0.04166667 0.04
 0.03846154]
[2026-06-18 03:30:48,923][feature_based_propensities_for_ULTR.experiments.propensity_pipeline][INFO] - Propensity clipping disabled.
[2026-06-18 03:30:48,923][feature_based_propensities_for_ULTR.experiments.propensity_pipeline][INFO] - Computing propensity per doc (method=frequency_based)...
[2026-06-18 03:30:51,359][feature_based_propensities_for_ULTR.experiments.propensity_pipeline][INFO] - Propensity computed in 2.44 seconds
[2026-06-18 03:30:51,359][feature_based_propensities_for_ULTR.experiments.propensity_pipeline][INFO] - Alpha logits: [-0.        -0.6931472 -1.0986123 -1.3862944 -1.609438  -1.7917595
 -1.9459101 -2.0794415 -2.1972246 -2.3025851 -2.3978953 -2.4849067
 -2.5649493 -2.6390574 -2.7080503 -2.7725887 -2.8332133 -2.8903718
 -2.944439  -2.9957323 -3.0445225 -3.0910425 -3.1354942 -3.1780539
 -3.218876 ]
[2026-06-18 03:30:51,360][feature_based_propensities_for_ULTR.experiments.propensity_pipeline][INFO] - Alpha: [0.5        0.33333334 0.25       0.2        0.16666667 0.14285715
 0.12500001 0.11111111 0.1        0.09090909 0.08333333 0.07692308
 0.07142857 0.06666666 0.0625     0.05882353 0.05555556 0.05263158
 0.05       0.04761905 0.04545454 0.04347826 0.04166667 0.04
 0.03846154]
[2026-06-18 03:30:52,433][feature_based_propensities_for_ULTR.experiments.regression_pipeline][INFO] - Training regression model for DM/DR...
[2026-06-18 03:30:54,203][feature_based_propensities_for_ULTR.experiments.regression_pipeline][INFO] - Regression epoch 3: train_loss=0.198362 val_loss=0.241123
[2026-06-18 03:30:54,905][feature_based_propensities_for_ULTR.experiments.regression_pipeline][INFO] - Regression epoch 6: train_loss=0.184954 val_loss=0.207762
[2026-06-18 03:30:55,607][feature_based_propensities_for_ULTR.experiments.regression_pipeline][INFO] - Regression epoch 9: train_loss=0.174445 val_loss=0.213598
[2026-06-18 03:31:01,527][feature_based_propensities_for_ULTR.experiments.ips_pipeline][INFO] - Computing DR doc weights...
[2026-06-18 03:31:01,557][feature_based_propensities_for_ULTR.experiments.ips_pipeline][INFO] - Doc weights computed in 0.03 seconds
[2026-06-18 03:31:01,567][feature_based_propensities_for_ULTR.experiments.model_pipeline][INFO] - Loading trainer (trainer_type='pl-rank', n_samples=100)...
[2026-06-18 03:31:01,569][feature_based_propensities_for_ULTR.experiments.model_pipeline][INFO] - Trainer loaded in 0.00 seconds
[2026-06-18 03:31:01,569][feature_based_propensities_for_ULTR.experiments.model_pipeline][INFO] - Training model...
[2026-06-18 04:04:41,292][feature_based_propensities_for_ULTR.experiments.ips_pipeline][INFO] - Final evaluation results:
{'metrics': {'CTR': 0.9694631099700928,
             'DCG': 2.3392183780670166,
             'NCTR': 0.6207073330879211,
             'NDCG': 0.6808642148971558,
             'NDCG@25': 0.6808642148971558,
             'NRCTR': 0.6207073330879211,
             'RCTR': 0.9694631099700928}}
[2026-06-18 04:04:41,326][submitit][INFO] - Job completed successfully
[2026-06-18 04:04:41,335][submitit][INFO] - Exiting after successful completion
