[2026-06-18 15:29:30,100][feature_based_propensities_for_ULTR.experiments.config_resolver][WARNING] - test_clicks=500000 is ignored because test_set_mode='label_only'. Set test_set_mode='clicks' to enable legacy click-based test behavior.
[2026-06-18 15:29:30,105][feature_based_propensities_for_ULTR.experiments.data_pipeline][INFO] - Loading or generating click datasets...
[2026-06-18 15:30:31,360][absl][INFO] - orbax-checkpoint version: 0.11.40
[2026-06-18 15:30:31,361][absl][INFO] - save_device_host_concurrent_bytes=None
[2026-06-18 15:30:31,361][absl][INFO] - Created BasePyTreeCheckpointHandler: use_ocdbt=True, use_zarr3=False, pytree_metadata_options=PyTreeMetadataOptions(support_rich_types=False), array_metadata_store=<orbax.checkpoint._src.metadata.array_metadata_store.Store object at 0x14d7e1a630d0>, enable_pinned_host_transfer=False, save_concurrent_bytes: 96000000000 (89.4 GiB), restore_concurrent_bytes: 96000000000 (89.4 GiB)
[2026-06-18 15:30:31,361][absl][INFO] - [thread=MainThread] Failed to get flag value for EXPERIMENTAL_ORBAX_USE_DISTRIBUTED_PROCESS_ID.
[2026-06-18 15:30:31,361][absl][INFO] - [process=0][thread=MainThread] Using barrier_sync_fn: <function get_barrier_sync_fn.<locals>.<lambda> at 0x14d749b439c0> timeout: 1200 secs and primary_host=0 for async checkpoint writes
[2026-06-18 15:30:31,362][absl][INFO] - [process=0] [sync] Started load checkpoint @ /gpfs/home5/sfris1/ltr_datasets/ips_datasets/logging_policy_c10000_ps1p0_pt0p5_bs1p0_drop0rel0_sessallocv2_candfullv2_topx25_maxdocs200_lprdeep_lpsegreedysampler_lppct10p0.
[2026-06-18 15:30:31,364][absl][INFO] - Restoring checkpoint from /gpfs/home5/sfris1/ltr_datasets/ips_datasets/logging_policy_c10000_ps1p0_pt0p5_bs1p0_drop0rel0_sessallocv2_candfullv2_topx25_maxdocs200_lprdeep_lpsegreedysampler_lppct10p0.
[2026-06-18 15:30:31,364][absl][INFO] - [process=0] [sync] Finished blocking load in 0.00 seconds. Continuing load @ /gpfs/home5/sfris1/ltr_datasets/ips_datasets/logging_policy_c10000_ps1p0_pt0p5_bs1p0_drop0rel0_sessallocv2_candfullv2_topx25_maxdocs200_lprdeep_lpsegreedysampler_lppct10p0.
[2026-06-18 15:30:31,380][absl][INFO] - [process=0] /jax/orbax/read/worker/io/requested throughput: 1.902 MiB/s (total gbytes: 21.4 KiB) (time elapsed: 0.010978221893310547 s) (per-host)
[2026-06-18 15:30:31,381][absl][INFO] - [process=0] /jax/checkpoint/read/gbytes_per_sec: 1.277 MiB/s (total gbytes: 21.4 KiB) (time elapsed: 0.016343116760253906 s) (per-host)
[2026-06-18 15:30:31,382][absl][INFO] - [process=0] [sync] Finished load in 0.02 seconds @ /gpfs/home5/sfris1/ltr_datasets/ips_datasets/logging_policy_c10000_ps1p0_pt0p5_bs1p0_drop0rel0_sessallocv2_candfullv2_topx25_maxdocs200_lprdeep_lpsegreedysampler_lppct10p0
[2026-06-18 15:30:35,551][feature_based_propensities_for_ULTR.experiments.data_pipeline][INFO] - Loaded click datasets in 65.45 seconds (train=7500, val=2500, test=0)
[2026-06-18 15:30:35,552][feature_based_propensities_for_ULTR.experiments.data_pipeline][INFO] - Test split is label-only by design; no test click dataset was loaded.
[2026-06-18 15:30:35,552][feature_based_propensities_for_ULTR.data.runtime.alignment][INFO] - Applying data cutoff override: configured=25, natural=25, effective=25
[2026-06-18 15:30:35,552][feature_based_propensities_for_ULTR.data.runtime.alignment][INFO] - Applying data cutoff override: configured=25, natural=25, effective=25
[2026-06-18 15:30:35,644][feature_based_propensities_for_ULTR.data.runtime.aggregation][INFO] - Initializing simulator...
[2026-06-18 15:30:35,645][feature_based_propensities_for_ULTR.data.runtime.aggregation][INFO] - Aggregating train dataset...
[2026-06-18 15:30:40,785][feature_based_propensities_for_ULTR.data.runtime.aggregation][INFO] - Aggregating validation dataset...
[2026-06-18 15:30:43,724][feature_based_propensities_for_ULTR.data.runtime.aggregation][INFO] - Aggregating test dataset from labels only...
[2026-06-18 15:30:44,654][feature_based_propensities_for_ULTR.data.runtime.aggregation][INFO] - Aggregation done in 9.01 seconds
[2026-06-18 15:30:44,654][feature_based_propensities_for_ULTR.data.runtime.aggregation][INFO] - Session usage after aggregation: requested(train=7500,val=2500), actual(train=7500,val=2500,test=0)
[2026-06-18 15:30:44,654][feature_based_propensities_for_ULTR.data.runtime.aggregation][INFO] - Dataset persistence disabled; skipping aggregated dataset cache save.
[2026-06-18 15:30:44,655][feature_based_propensities_for_ULTR.experiments.ips_pipeline][INFO] - Test split uses label-only evaluation; raw test click diagnostics are skipped.
[2026-06-18 15:30:44,708][feature_based_propensities_for_ULTR.experiments.diagnostics][INFO] - [Data] train_docs=2132810, val_docs=707814, test_docs=708921, cutoff=25
[2026-06-18 15:30:44,810][feature_based_propensities_for_ULTR.experiments.diagnostics][INFO] - [Train] clicks=752, displays=182393, ctr=0.0041, ctr_per_doc=0.0041
[2026-06-18 15:30:44,900][feature_based_propensities_for_ULTR.experiments.diagnostics][INFO] - [Validation] clicks=265, displays=60842, ctr=0.0044, ctr_per_doc=0.0044
[2026-06-18 15:30:44,988][feature_based_propensities_for_ULTR.experiments.diagnostics][INFO] - [Test] clicks=0, displays=0, ctr=0.0000, ctr_per_doc=0.0000
[2026-06-18 15:30:44,988][feature_based_propensities_for_ULTR.experiments.ips_pipeline][INFO] - Running estimator pipeline with model='dm'
[2026-06-18 15:30:44,988][feature_based_propensities_for_ULTR.experiments.ips_pipeline][INFO] - Computing position bias (alpha)...
[2026-06-18 15:30:45,006][ultr_bias_toolkit.bias.intervention_harvesting.all_pairs][INFO] - Position bias estimation using global all pairs estimator
[2026-06-18 15:31:34,538][feature_based_propensities_for_ULTR.experiments.position_bias_pipeline][INFO] - Saved estimated position-bias curve to position_bias.json
[2026-06-18 15:31:34,538][feature_based_propensities_for_ULTR.experiments.ips_pipeline][INFO] - Estimated position bias in-run (estimator=global_all_pairs): [ 0.         -1.1534058  -0.9182734  -0.7482912  -2.9819705  -2.613583
 -2.418482   -6.9077554  -3.0008051  -2.4832816  -3.3536031  -2.2267735
 -5.8476405  -3.5901537  -6.9077554  -3.6683815  -3.8829527  -3.9263923
 -6.9077554  -0.90312934 -6.9077554  -6.9077554  -2.5449603  -6.9077554
 -6.9077554 ]
[2026-06-18 15:31:34,539][feature_based_propensities_for_ULTR.experiments.propensity_pipeline][INFO] - Computing propensity per doc (method=propensity_mlp_regression)...
[2026-06-18 15:32:16,301][feature_based_propensities_for_ULTR.experiments.propensity_pipeline][INFO] - Propensity computed in 41.76 seconds
[2026-06-18 15:32:16,301][feature_based_propensities_for_ULTR.experiments.propensity_pipeline][INFO] - Alpha logits: [ 0.     -1.1534 -0.9183 -0.7483 -2.982  -2.6136 -2.4185 -6.9078 -3.0008
 -2.4833 -3.3536 -2.2268 -5.8476 -3.5902 -6.9078 -3.6684 -3.883  -3.9264
 -6.9078 -0.9031 -6.9078 -6.9078 -2.545  -6.9078 -6.9078]
[2026-06-18 15:32:16,302][feature_based_propensities_for_ULTR.experiments.propensity_pipeline][INFO] - Alpha: [0.5    0.2399 0.2853 0.3212 0.0482 0.0683 0.0818 0.001  0.0474 0.077
 0.0338 0.0974 0.0029 0.0269 0.001  0.0249 0.0202 0.0193 0.001  0.2884
 0.001  0.001  0.0728 0.001  0.001 ]
[2026-06-18 15:32:16,302][feature_based_propensities_for_ULTR.experiments.propensity_pipeline][INFO] - Propensity clipping disabled.
[2026-06-18 15:32:17,613][feature_based_propensities_for_ULTR.experiments.regression_pipeline][INFO] - Training regression model for DM/DR...
[2026-06-18 15:32:45,604][feature_based_propensities_for_ULTR.experiments.regression_pipeline][INFO] - Regression epoch 3: train_loss=0.132182 val_loss=0.120063
[2026-06-18 15:33:12,575][feature_based_propensities_for_ULTR.experiments.regression_pipeline][INFO] - Regression epoch 6: train_loss=0.128187 val_loss=0.110433
[2026-06-18 15:33:39,355][feature_based_propensities_for_ULTR.experiments.regression_pipeline][INFO] - Regression epoch 9: train_loss=0.128310 val_loss=0.108284
[2026-06-18 15:34:06,047][feature_based_propensities_for_ULTR.experiments.regression_pipeline][INFO] - Regression epoch 12: train_loss=0.125813 val_loss=0.110289
[2026-06-18 15:34:12,217][feature_based_propensities_for_ULTR.experiments.ips_pipeline][INFO] - Computing DM doc weights...
[2026-06-18 15:34:12,217][feature_based_propensities_for_ULTR.experiments.ips_pipeline][INFO] - Doc weights computed in 0.00 seconds
[2026-06-18 15:34:12,227][feature_based_propensities_for_ULTR.experiments.model_pipeline][INFO] - Loading trainer (trainer_type='pl-rank', n_samples=100)...
[2026-06-18 15:34:12,229][feature_based_propensities_for_ULTR.experiments.model_pipeline][INFO] - Trainer loaded in 0.00 seconds
[2026-06-18 15:34:12,229][feature_based_propensities_for_ULTR.experiments.model_pipeline][INFO] - Training model...
[2026-06-18 16:21:21,988][feature_based_propensities_for_ULTR.experiments.ips_pipeline][INFO] - Final evaluation results:
{'metrics': {'CTR': 0.5621930956840515,
             'DCG': 1.8144298791885376,
             'NCTR': 0.4197804629802704,
             'NDCG': 0.4712190628051758,
             'NDCG@25': 0.4712190628051758,
             'NRCTR': 0.4197804629802704,
             'RCTR': 0.5621930956840515}}
[2026-06-18 16:21:22,016][submitit][INFO] - Job completed successfully
[2026-06-18 16:21:22,025][submitit][INFO] - Exiting after successful completion
