[2026-06-18 15:34:55,566][feature_based_propensities_for_ULTR.experiments.config_resolver][WARNING] - test_clicks=500000 is ignored because test_set_mode='label_only'. Set test_set_mode='clicks' to enable legacy click-based test behavior.
[2026-06-18 15:34:55,572][feature_based_propensities_for_ULTR.experiments.data_pipeline][INFO] - Loading or generating click datasets...
[2026-06-18 15:36:24,466][absl][INFO] - orbax-checkpoint version: 0.11.40
[2026-06-18 15:36:24,466][absl][INFO] - save_device_host_concurrent_bytes=None
[2026-06-18 15:36:24,466][absl][INFO] - Created BasePyTreeCheckpointHandler: use_ocdbt=True, use_zarr3=False, pytree_metadata_options=PyTreeMetadataOptions(support_rich_types=False), array_metadata_store=<orbax.checkpoint._src.metadata.array_metadata_store.Store object at 0x14ebc148a950>, enable_pinned_host_transfer=False, save_concurrent_bytes: 96000000000 (89.4 GiB), restore_concurrent_bytes: 96000000000 (89.4 GiB)
[2026-06-18 15:36:24,466][absl][INFO] - [thread=MainThread] Failed to get flag value for EXPERIMENTAL_ORBAX_USE_DISTRIBUTED_PROCESS_ID.
[2026-06-18 15:36:24,467][absl][INFO] - [process=0][thread=MainThread] Using barrier_sync_fn: <function get_barrier_sync_fn.<locals>.<lambda> at 0x14eb014df920> timeout: 1200 secs and primary_host=0 for async checkpoint writes
[2026-06-18 15:36:24,467][absl][INFO] - [process=0] [sync] Started load checkpoint @ /gpfs/home5/sfris1/ltr_datasets/ips_datasets/istella_logging_policy_c10000_ps1p0_pt0p5_bs1p0_drop0rel0_sessallocv2_candfullv2_topx25_maxdocs200_lprdeep_lpsegreedysampler_lppct10p0.
[2026-06-18 15:36:24,469][absl][INFO] - Restoring checkpoint from /gpfs/home5/sfris1/ltr_datasets/ips_datasets/istella_logging_policy_c10000_ps1p0_pt0p5_bs1p0_drop0rel0_sessallocv2_candfullv2_topx25_maxdocs200_lprdeep_lpsegreedysampler_lppct10p0.
[2026-06-18 15:36:24,469][absl][INFO] - [process=0] [sync] Finished blocking load in 0.00 seconds. Continuing load @ /gpfs/home5/sfris1/ltr_datasets/ips_datasets/istella_logging_policy_c10000_ps1p0_pt0p5_bs1p0_drop0rel0_sessallocv2_candfullv2_topx25_maxdocs200_lprdeep_lpsegreedysampler_lppct10p0.
[2026-06-18 15:36:24,486][absl][INFO] - [process=0] /jax/orbax/read/worker/io/requested throughput: 2.755 MiB/s (total gbytes: 31.6 KiB) (time elapsed: 0.011211872100830078 s) (per-host)
[2026-06-18 15:36:24,487][absl][INFO] - [process=0] /jax/checkpoint/read/gbytes_per_sec: 1.844 MiB/s (total gbytes: 31.6 KiB) (time elapsed: 0.016754150390625 s) (per-host)
[2026-06-18 15:36:24,487][absl][INFO] - [process=0] [sync] Finished load in 0.02 seconds @ /gpfs/home5/sfris1/ltr_datasets/ips_datasets/istella_logging_policy_c10000_ps1p0_pt0p5_bs1p0_drop0rel0_sessallocv2_candfullv2_topx25_maxdocs200_lprdeep_lpsegreedysampler_lppct10p0
[2026-06-18 15:36:29,469][feature_based_propensities_for_ULTR.experiments.data_pipeline][INFO] - Loaded click datasets in 93.90 seconds (train=7274, val=2726, test=0)
[2026-06-18 15:36:29,470][feature_based_propensities_for_ULTR.experiments.data_pipeline][INFO] - Test split is label-only by design; no test click dataset was loaded.
[2026-06-18 15:36:29,470][feature_based_propensities_for_ULTR.data.runtime.alignment][INFO] - Applying data cutoff override: configured=25, natural=25, effective=25
[2026-06-18 15:36:29,470][feature_based_propensities_for_ULTR.data.runtime.alignment][INFO] - Applying data cutoff override: configured=25, natural=25, effective=25
[2026-06-18 15:36:29,560][feature_based_propensities_for_ULTR.data.runtime.aggregation][INFO] - Initializing simulator...
[2026-06-18 15:36:29,560][feature_based_propensities_for_ULTR.data.runtime.aggregation][INFO] - Aggregating train dataset...
[2026-06-18 15:36:35,867][feature_based_propensities_for_ULTR.data.runtime.aggregation][INFO] - Aggregating validation dataset...
[2026-06-18 15:36:38,991][feature_based_propensities_for_ULTR.data.runtime.aggregation][INFO] - Aggregating test dataset from labels only...
[2026-06-18 15:36:40,337][feature_based_propensities_for_ULTR.data.runtime.aggregation][INFO] - Aggregation done in 10.78 seconds
[2026-06-18 15:36:40,338][feature_based_propensities_for_ULTR.data.runtime.aggregation][INFO] - Session usage after aggregation: requested(train=7274,val=2726), actual(train=7274,val=2726,test=0)
[2026-06-18 15:36:40,338][feature_based_propensities_for_ULTR.data.runtime.aggregation][INFO] - Dataset persistence disabled; skipping aggregated dataset cache save.
[2026-06-18 15:36:40,338][feature_based_propensities_for_ULTR.experiments.ips_pipeline][INFO] - Test split uses label-only evaluation; raw test click diagnostics are skipped.
[2026-06-18 15:36:40,389][feature_based_propensities_for_ULTR.experiments.diagnostics][INFO] - [Data] train_docs=2043304, val_docs=684076, test_docs=681250, cutoff=25
[2026-06-18 15:36:40,484][feature_based_propensities_for_ULTR.experiments.diagnostics][INFO] - [Train] clicks=1609, displays=181138, ctr=0.0089, ctr_per_doc=0.0089
[2026-06-18 15:36:40,571][feature_based_propensities_for_ULTR.experiments.diagnostics][INFO] - [Validation] clicks=556, displays=67609, ctr=0.0082, ctr_per_doc=0.0082
[2026-06-18 15:36:40,657][feature_based_propensities_for_ULTR.experiments.diagnostics][INFO] - [Test] clicks=0, displays=0, ctr=0.0000, ctr_per_doc=0.0000
[2026-06-18 15:36:40,658][feature_based_propensities_for_ULTR.experiments.ips_pipeline][INFO] - Running estimator pipeline with model='dm'
[2026-06-18 15:36:40,658][feature_based_propensities_for_ULTR.experiments.ips_pipeline][INFO] - Computing position bias (alpha)...
[2026-06-18 15:36:40,679][ultr_bias_toolkit.bias.intervention_harvesting.all_pairs][INFO] - Position bias estimation using global all pairs estimator
[2026-06-18 15:37:29,580][feature_based_propensities_for_ULTR.experiments.position_bias_pipeline][INFO] - Saved estimated position-bias curve to position_bias.json
[2026-06-18 15:37:29,581][feature_based_propensities_for_ULTR.experiments.ips_pipeline][INFO] - Estimated position bias in-run (estimator=global_all_pairs): [ 0.        -1.0079148 -1.863707  -1.5784057 -1.7814366 -1.5845038
 -1.8026433 -2.3086925 -3.5145793 -1.9342965 -2.2513533 -2.762542
 -3.6036286 -2.6837707 -3.6959298 -2.642229  -1.9124045 -2.0481827
 -6.9077554 -3.3486013 -6.9077554 -6.9077554 -6.9077554 -3.64857
 -2.3067048]
[2026-06-18 15:37:29,582][feature_based_propensities_for_ULTR.experiments.propensity_pipeline][INFO] - Computing propensity per doc (method=frequency_based)...
[2026-06-18 15:37:55,830][feature_based_propensities_for_ULTR.experiments.propensity_pipeline][INFO] - Propensity computed in 26.25 seconds
[2026-06-18 15:37:55,830][feature_based_propensities_for_ULTR.experiments.propensity_pipeline][INFO] - Alpha logits: [ 0.        -1.0079148 -1.863707  -1.5784057 -1.7814366 -1.5845038
 -1.8026433 -2.3086925 -3.5145793 -1.9342965 -2.2513533 -2.762542
 -3.6036286 -2.6837707 -3.6959298 -2.642229  -1.9124045 -2.0481827
 -6.9077554 -3.3486013 -6.9077554 -6.9077554 -6.9077554 -3.64857
 -2.3067048]
[2026-06-18 15:37:55,831][feature_based_propensities_for_ULTR.experiments.propensity_pipeline][INFO] - Alpha: [0.5        0.26738814 0.13427156 0.17102139 0.14412583 0.1701586
 0.1415296  0.09040561 0.02890024 0.12627578 0.09523279 0.05938222
 0.02650321 0.06393783 0.02422304 0.06646959 0.12871096 0.11423615
 0.000999   0.033941   0.000999   0.000999   0.000999   0.02536803
 0.09056919]
[2026-06-18 15:37:55,831][feature_based_propensities_for_ULTR.experiments.propensity_pipeline][INFO] - Propensity clipping disabled.
[2026-06-18 15:37:57,237][feature_based_propensities_for_ULTR.experiments.regression_pipeline][INFO] - Training regression model for DM/DR...
[2026-06-18 15:38:05,930][feature_based_propensities_for_ULTR.experiments.regression_pipeline][INFO] - Regression epoch 3: train_loss=0.562045 val_loss=0.656171
[2026-06-18 15:38:13,322][feature_based_propensities_for_ULTR.experiments.regression_pipeline][INFO] - Regression epoch 6: train_loss=0.547669 val_loss=0.631714
[2026-06-18 15:38:19,838][feature_based_propensities_for_ULTR.experiments.regression_pipeline][INFO] - Regression epoch 9: train_loss=0.526903 val_loss=0.592315
[2026-06-18 15:38:26,354][feature_based_propensities_for_ULTR.experiments.regression_pipeline][INFO] - Regression epoch 12: train_loss=0.459783 val_loss=0.681615
[2026-06-18 15:38:32,180][feature_based_propensities_for_ULTR.experiments.ips_pipeline][INFO] - Computing DM doc weights...
[2026-06-18 15:38:32,180][feature_based_propensities_for_ULTR.experiments.ips_pipeline][INFO] - Doc weights computed in 0.00 seconds
[2026-06-18 15:38:32,190][feature_based_propensities_for_ULTR.experiments.model_pipeline][INFO] - Loading trainer (trainer_type='pl-rank', n_samples=100)...
[2026-06-18 15:38:32,192][feature_based_propensities_for_ULTR.experiments.model_pipeline][INFO] - Trainer loaded in 0.00 seconds
[2026-06-18 15:38:32,192][feature_based_propensities_for_ULTR.experiments.model_pipeline][INFO] - Training model...
[2026-06-18 16:30:14,042][feature_based_propensities_for_ULTR.experiments.ips_pipeline][INFO] - Final evaluation results:
{'metrics': {'CTR': 0.6196969151496887,
             'DCG': 1.8515762090682983,
             'NCTR': 0.43676310777664185,
             'NDCG': 0.5435001850128174,
             'NDCG@25': 0.5435001850128174,
             'NRCTR': 0.43676310777664185,
             'RCTR': 0.6196969151496887}}
[2026-06-18 16:30:14,075][submitit][INFO] - Job completed successfully
[2026-06-18 16:30:14,084][submitit][INFO] - Exiting after successful completion
