[2026-03-18 17:34:21,608][jax._src.xla_bridge][ERROR] - Jax plugin configuration error: Exception when calling jax_plugins.xla_cuda12.initialize()
Traceback (most recent call last):
  File "/gpfs/home5/sfris1/two-towers-confounding-project/.venv/lib/python3.11/site-packages/jax/_src/xla_bridge.py", line 485, in discover_pjrt_plugins
    plugin_module.initialize()
  File "/gpfs/home5/sfris1/two-towers-confounding-project/.venv/lib/python3.11/site-packages/jax_plugins/xla_cuda12/__init__.py", line 328, in initialize
    _check_cuda_versions(raise_on_first_error=True)
  File "/gpfs/home5/sfris1/two-towers-confounding-project/.venv/lib/python3.11/site-packages/jax_plugins/xla_cuda12/__init__.py", line 285, in _check_cuda_versions
    local_device_count = cuda_versions.cuda_device_count()
                         ^^^^^^^^^^^^^^^^^^^^^^^^^^^^^^^^^
RuntimeError: jaxlib/cuda/versions_helpers.cc:113: operation cuInit(0) failed: CUDA_ERROR_NO_DEVICE
[2026-03-18 17:34:22,637][two_tower_confounding.experiments.ips_pipeline][WARNING] - wandb.init failed (Error uploading run: returned error 403: {"data":{"upsertBucket":null},"errors":[{"message":"permission denied","path":["upsertBucket"],"extensions":{"code":"PERMISSION_ERROR"}}]}). Continuing with local logging only.
[2026-03-18 17:34:22,638][two_tower_confounding.experiments.ips_pipeline][WARNING] - Disabling wandb for trainer components because initialization failed.
[2026-03-18 17:34:22,639][two_tower_confounding.experiments.config_resolver][WARNING] - test_clicks=500000 is ignored because test_set_mode='label_only'. Set test_set_mode='clicks' to enable legacy click-based test behavior.
[2026-03-18 17:34:22,645][two_tower_confounding.experiments.data_pipeline][INFO] - Loading or generating click datasets...
[2026-03-18 17:34:47,855][absl][INFO] - orbax-checkpoint version: 0.11.25
[2026-03-18 17:34:47,855][absl][INFO] - Created BasePyTreeCheckpointHandler: use_ocdbt=True, use_zarr3=False, pytree_metadata_options=PyTreeMetadataOptions(support_rich_types=False), array_metadata_store=<orbax.checkpoint._src.metadata.array_metadata_store.Store object at 0x14f755f17c10>, enable_pinned_host_transfer=False, save_concurrent_bytes: 96000000000 (89.4 GiB), restore_concurrent_bytes: 96000000000 (89.4 GiB)
[2026-03-18 17:34:47,856][absl][INFO] - [thread=MainThread] Failed to get flag value for EXPERIMENTAL_ORBAX_USE_DISTRIBUTED_PROCESS_ID.
[2026-03-18 17:34:47,856][absl][INFO] - [process=0][thread=MainThread] Using barrier_sync_fn: <function get_barrier_sync_fn.<locals>.<lambda> at 0x14f64830fb00> timeout: 600 secs and primary_host=0 for async checkpoint writes
[2026-03-18 17:34:47,858][absl][INFO] - Restoring checkpoint from /gpfs/home5/sfris1/ltr_datasets/ips_datasets/logging_policy_c500_ps1p0_pt0p5_bs1p0_drop0rel0_sessallocv2_candfullv2_topx25_maxdocs80_lprdeep_lpsegreedysampler_lppct10p0.
[2026-03-18 17:34:47,882][absl][INFO] - [process=0] /jax/checkpoint/read/gbytes_per_sec: 0 Bytes/s (total gbytes: 91.8 KiB) (time elapsed: 22 milliseconds) (per-host)
[2026-03-18 17:34:47,882][absl][INFO] - Finished restoring checkpoint in 0.03 seconds from /gpfs/home5/sfris1/ltr_datasets/ips_datasets/logging_policy_c500_ps1p0_pt0p5_bs1p0_drop0rel0_sessallocv2_candfullv2_topx25_maxdocs80_lprdeep_lpsegreedysampler_lppct10p0.
[2026-03-18 17:34:52,051][two_tower_confounding.experiments.data_pipeline][INFO] - Loaded click datasets in 29.41 seconds (train=434, val=66, test=0)
[2026-03-18 17:34:52,051][two_tower_confounding.experiments.data_pipeline][INFO] - Test split is label-only by design; no test click dataset was loaded.
[2026-03-18 17:34:52,051][two_tower_confounding.data.runtime.aggregation][INFO] - Applying data cutoff override: configured=25, natural=25, effective=25
[2026-03-18 17:34:52,174][two_tower_confounding.data.runtime.aggregation][INFO] - Initializing simulator...
[2026-03-18 17:34:52,175][two_tower_confounding.data.runtime.aggregation][INFO] - Aggregating train dataset...
[2026-03-18 17:34:58,318][two_tower_confounding.data.runtime.aggregation][INFO] - Aggregating validation dataset...
[2026-03-18 17:35:01,052][two_tower_confounding.data.runtime.aggregation][INFO] - Aggregating test dataset from labels only...
[2026-03-18 17:35:03,001][two_tower_confounding.data.runtime.aggregation][INFO] - Aggregation done in 10.83 seconds
[2026-03-18 17:35:03,002][two_tower_confounding.data.runtime.aggregation][INFO] - Session usage after aggregation: requested(train=434,val=66), actual(train=434,val=66,test=0)
[2026-03-18 17:35:03,002][two_tower_confounding.data.runtime.aggregation][INFO] - Dataset persistence disabled; skipping aggregated dataset cache save.
[2026-03-18 17:35:03,002][two_tower_confounding.experiments.ips_pipeline][INFO] - Test split uses label-only evaluation; raw test click diagnostics are skipped.
[2026-03-18 17:35:03,028][two_tower_confounding.experiments.diagnostics][INFO] - [Data] train_docs=470251, val_docs=70687, test_docs=164676, cutoff=25
[2026-03-18 17:35:03,099][two_tower_confounding.experiments.diagnostics][INFO] - [Train] clicks=78, displays=7501, ctr=0.0104, ctr_per_doc=0.0104
[2026-03-18 17:35:03,170][two_tower_confounding.experiments.diagnostics][INFO] - [Validation] clicks=8, displays=1132, ctr=0.0071, ctr_per_doc=0.0071
[2026-03-18 17:35:03,240][two_tower_confounding.experiments.diagnostics][INFO] - [Test] clicks=0, displays=0, ctr=0.0000, ctr_per_doc=0.0000
[2026-03-18 17:35:03,240][two_tower_confounding.experiments.ips_pipeline][INFO] - Running estimator pipeline with model='dm'
[2026-03-18 17:35:03,240][two_tower_confounding.experiments.ips_pipeline][INFO] - Computing position bias (alpha)...
[2026-03-18 17:35:03,303][two_tower_confounding.experiments.propensity_pipeline][INFO] - Computing propensity per doc (method=propensity_mlp_regression)...
[2026-03-18 17:35:10,660][two_tower_confounding.experiments.propensity_pipeline][INFO] - Propensity computed in 7.36 seconds
[2026-03-18 17:35:10,660][two_tower_confounding.experiments.propensity_pipeline][INFO] - Alpha logits: [-0.     -0.6931 -1.0986 -1.3863 -1.6094 -1.7918 -1.9459 -2.0794 -2.1972
 -2.3026 -2.3979 -2.4849 -2.5649 -2.6391 -2.7081 -2.7726 -2.8332 -2.8904
 -2.9444 -2.9957 -3.0445 -3.091  -3.1355 -3.1781 -3.2189]
[2026-03-18 17:35:10,662][two_tower_confounding.experiments.propensity_pipeline][INFO] - Alpha: [0.5    0.3333 0.25   0.2    0.1667 0.1429 0.125  0.1111 0.1    0.0909
 0.0833 0.0769 0.0714 0.0667 0.0625 0.0588 0.0556 0.0526 0.05   0.0476
 0.0455 0.0435 0.0417 0.04   0.0385]
[2026-03-18 17:35:10,662][two_tower_confounding.experiments.propensity_pipeline][INFO] - Propensity clipping disabled.
[2026-03-18 17:35:12,326][two_tower_confounding.experiments.regression_pipeline][INFO] - Training regression model for DM/DR...
[2026-03-18 17:35:13,989][two_tower_confounding.experiments.regression_pipeline][INFO] - Regression epoch 3: train_loss=0.208490 val_loss=0.157309
[2026-03-18 17:35:14,427][two_tower_confounding.experiments.regression_pipeline][INFO] - Regression epoch 6: train_loss=0.170113 val_loss=0.166839
[2026-03-18 17:35:18,825][two_tower_confounding.experiments.ips_pipeline][INFO] - Computing DM doc weights...
[2026-03-18 17:35:18,825][two_tower_confounding.experiments.ips_pipeline][INFO] - Doc weights computed in 0.00 seconds
[2026-03-18 17:35:18,830][two_tower_confounding.experiments.model_pipeline][INFO] - Loading trainer (trainer_type='pl-rank', n_samples=100)...
[2026-03-18 17:35:18,832][two_tower_confounding.experiments.model_pipeline][INFO] - Trainer loaded in 0.00 seconds
[2026-03-18 17:35:18,832][two_tower_confounding.experiments.model_pipeline][INFO] - Training model...
[2026-03-18 17:45:01,608][two_tower_confounding.experiments.ips_pipeline][INFO] - Final evaluation results:
{'metrics': {'CTR': 0.8278670310974121,
             'DCG': 2.100823163986206,
             'NCTR': 0.7136940360069275,
             'NDCG': 0.761275053024292,
             'NDCG@25': 0.761275053024292,
             'NRCTR': 0.7136940360069275,
             'RCTR': 0.8278670310974121}}
[2026-03-18 17:45:01,642][submitit][INFO] - Job completed successfully
[2026-03-18 17:45:01,653][submitit][INFO] - Exiting after successful completion
