[2026-06-17 23:02:02,149][feature_based_propensities_for_ULTR.experiments.config_resolver][WARNING] - test_clicks=500000 is ignored because test_set_mode='label_only'. Set test_set_mode='clicks' to enable legacy click-based test behavior.
[2026-06-17 23:02:02,155][feature_based_propensities_for_ULTR.experiments.data_pipeline][INFO] - Loading or generating click datasets...
[2026-06-17 23:02:27,651][absl][INFO] - orbax-checkpoint version: 0.11.40
[2026-06-17 23:02:27,652][absl][INFO] - save_device_host_concurrent_bytes=None
[2026-06-17 23:02:27,652][absl][INFO] - Created BasePyTreeCheckpointHandler: use_ocdbt=True, use_zarr3=False, pytree_metadata_options=PyTreeMetadataOptions(support_rich_types=False), array_metadata_store=<orbax.checkpoint._src.metadata.array_metadata_store.Store object at 0x149ff94990d0>, enable_pinned_host_transfer=False, save_concurrent_bytes: 96000000000 (89.4 GiB), restore_concurrent_bytes: 96000000000 (89.4 GiB)
[2026-06-17 23:02:27,652][absl][INFO] - [thread=MainThread] Failed to get flag value for EXPERIMENTAL_ORBAX_USE_DISTRIBUTED_PROCESS_ID.
[2026-06-17 23:02:27,652][absl][INFO] - [process=0][thread=MainThread] Using barrier_sync_fn: <function get_barrier_sync_fn.<locals>.<lambda> at 0x149f53a0ea20> timeout: 1200 secs and primary_host=0 for async checkpoint writes
[2026-06-17 23:02:27,653][absl][INFO] - [process=0] [sync] Started load checkpoint @ /gpfs/home5/sfris1/ltr_datasets/ips_datasets/logging_policy_c500000_ps1p0_pt0p5_bs1p0_drop0rel0_sessallocv2_candfullv2_topx25_maxdocs80_lprdeep_lpsegreedysampler_lppct10p0.
[2026-06-17 23:02:27,655][absl][INFO] - Restoring checkpoint from /gpfs/home5/sfris1/ltr_datasets/ips_datasets/logging_policy_c500000_ps1p0_pt0p5_bs1p0_drop0rel0_sessallocv2_candfullv2_topx25_maxdocs80_lprdeep_lpsegreedysampler_lppct10p0.
[2026-06-17 23:02:27,655][absl][INFO] - [process=0] [sync] Finished blocking load in 0.00 seconds. Continuing load @ /gpfs/home5/sfris1/ltr_datasets/ips_datasets/logging_policy_c500000_ps1p0_pt0p5_bs1p0_drop0rel0_sessallocv2_candfullv2_topx25_maxdocs80_lprdeep_lpsegreedysampler_lppct10p0.
[2026-06-17 23:02:27,674][absl][INFO] - [process=0] /jax/orbax/read/worker/io/requested throughput: 7.336 MiB/s (total gbytes: 91.8 KiB) (time elapsed: 0.012214422225952148 s) (per-host)
[2026-06-17 23:02:27,675][absl][INFO] - [process=0] /jax/checkpoint/read/gbytes_per_sec: 4.816 MiB/s (total gbytes: 91.8 KiB) (time elapsed: 0.018605470657348633 s) (per-host)
[2026-06-17 23:02:27,675][absl][INFO] - [process=0] [sync] Finished load in 0.02 seconds @ /gpfs/home5/sfris1/ltr_datasets/ips_datasets/logging_policy_c500000_ps1p0_pt0p5_bs1p0_drop0rel0_sessallocv2_candfullv2_topx25_maxdocs80_lprdeep_lpsegreedysampler_lppct10p0
[2026-06-17 23:03:09,938][feature_based_propensities_for_ULTR.experiments.data_pipeline][INFO] - Loaded click datasets in 67.78 seconds (train=434737, val=65263, test=0)
[2026-06-17 23:03:09,938][feature_based_propensities_for_ULTR.experiments.data_pipeline][INFO] - Test split is label-only by design; no test click dataset was loaded.
[2026-06-17 23:03:09,938][feature_based_propensities_for_ULTR.data.runtime.alignment][INFO] - Applying data cutoff override: configured=25, natural=25, effective=25
[2026-06-17 23:03:09,939][feature_based_propensities_for_ULTR.data.runtime.alignment][INFO] - Applying data cutoff override: configured=25, natural=25, effective=25
[2026-06-17 23:03:10,033][feature_based_propensities_for_ULTR.data.runtime.aggregation][INFO] - Initializing simulator...
[2026-06-17 23:03:10,034][feature_based_propensities_for_ULTR.data.runtime.aggregation][INFO] - Aggregating train dataset...
[2026-06-17 23:03:16,539][feature_based_propensities_for_ULTR.data.runtime.aggregation][INFO] - Aggregating validation dataset...
[2026-06-17 23:03:19,233][feature_based_propensities_for_ULTR.data.runtime.aggregation][INFO] - Aggregating test dataset from labels only...
[2026-06-17 23:03:21,021][feature_based_propensities_for_ULTR.data.runtime.aggregation][INFO] - Aggregation done in 10.99 seconds
[2026-06-17 23:03:21,021][feature_based_propensities_for_ULTR.data.runtime.aggregation][INFO] - Session usage after aggregation: requested(train=434737,val=65263), actual(train=434737,val=65263,test=0)
[2026-06-17 23:03:21,021][feature_based_propensities_for_ULTR.data.runtime.aggregation][INFO] - Dataset persistence disabled; skipping aggregated dataset cache save.
[2026-06-17 23:03:21,021][feature_based_propensities_for_ULTR.experiments.ips_pipeline][INFO] - Test split uses label-only evaluation; raw test click diagnostics are skipped.
[2026-06-17 23:03:21,044][feature_based_propensities_for_ULTR.experiments.diagnostics][INFO] - [Data] train_docs=470251, val_docs=70687, test_docs=164676, cutoff=25
[2026-06-17 23:03:21,133][feature_based_propensities_for_ULTR.experiments.diagnostics][INFO] - [Train] clicks=66129, displays=7372789, ctr=0.0090, ctr_per_doc=0.0090
[2026-06-17 23:03:21,215][feature_based_propensities_for_ULTR.experiments.diagnostics][INFO] - [Validation] clicks=9795, displays=1095479, ctr=0.0089, ctr_per_doc=0.0089
[2026-06-17 23:03:21,334][feature_based_propensities_for_ULTR.experiments.diagnostics][INFO] - [Test] clicks=0, displays=0, ctr=0.0000, ctr_per_doc=0.0000
[2026-06-17 23:03:21,335][feature_based_propensities_for_ULTR.experiments.ips_pipeline][INFO] - Running estimator pipeline with model='ips'
[2026-06-17 23:03:21,335][feature_based_propensities_for_ULTR.experiments.ips_pipeline][INFO] - Computing position bias (alpha)...
[2026-06-17 23:03:21,386][feature_based_propensities_for_ULTR.experiments.propensity_pipeline][INFO] - Computing propensity per doc (method=propensity_mlp_regression)...
[2026-06-17 23:03:21,918][feature_based_propensities_for_ULTR.experiments.propensity_pipeline][INFO] - Subsampling propensity classifier training data: 50000/434737 samples
[2026-06-17 23:03:21,918][feature_based_propensities_for_ULTR.experiments.propensity_pipeline][INFO] - Subsampling propensity classifier training data: 50000/65263 samples
[2026-06-17 23:07:39,876][feature_based_propensities_for_ULTR.experiments.propensity_pipeline][INFO] - Propensity computed in 258.49 seconds
[2026-06-17 23:07:39,876][feature_based_propensities_for_ULTR.experiments.propensity_pipeline][INFO] - Alpha logits: [-0.     -0.6931 -1.0986 -1.3863 -1.6094 -1.7918 -1.9459 -2.0794 -2.1972
 -2.3026 -2.3979 -2.4849 -2.5649 -2.6391 -2.7081 -2.7726 -2.8332 -2.8904
 -2.9444 -2.9957 -3.0445 -3.091  -3.1355 -3.1781 -3.2189]
[2026-06-17 23:07:39,877][feature_based_propensities_for_ULTR.experiments.propensity_pipeline][INFO] - Alpha: [0.5    0.3333 0.25   0.2    0.1667 0.1429 0.125  0.1111 0.1    0.0909
 0.0833 0.0769 0.0714 0.0667 0.0625 0.0588 0.0556 0.0526 0.05   0.0476
 0.0455 0.0435 0.0417 0.04   0.0385]
[2026-06-17 23:07:39,878][feature_based_propensities_for_ULTR.experiments.propensity_pipeline][INFO] - Propensity clipping disabled.
[2026-06-17 23:07:39,878][feature_based_propensities_for_ULTR.experiments.ips_pipeline][INFO] - Computing IPS doc weights...
[2026-06-17 23:07:40,348][feature_based_propensities_for_ULTR.experiments.ips_pipeline][INFO] - Doc weights computed in 0.47 seconds
[2026-06-17 23:07:40,355][feature_based_propensities_for_ULTR.experiments.model_pipeline][INFO] - Loading trainer (trainer_type='pl-rank', n_samples=100)...
[2026-06-17 23:07:40,357][feature_based_propensities_for_ULTR.experiments.model_pipeline][INFO] - Trainer loaded in 0.00 seconds
[2026-06-17 23:07:40,357][feature_based_propensities_for_ULTR.experiments.model_pipeline][INFO] - Training model...
