[2026-05-05 10:52:43,141][two_tower_confounding.experiments.config_resolver][WARNING] - test_clicks=500000 is ignored because test_set_mode='label_only'. Set test_set_mode='clicks' to enable legacy click-based test behavior.
[2026-05-05 10:52:43,147][two_tower_confounding.experiments.data_pipeline][INFO] - Loading or generating click datasets...
[2026-05-05 10:54:14,918][absl][INFO] - orbax-checkpoint version: 0.11.37
[2026-05-05 10:54:14,918][absl][INFO] - save_device_host_concurrent_bytes=None
[2026-05-05 10:54:14,918][absl][INFO] - Created BasePyTreeCheckpointHandler: use_ocdbt=True, use_zarr3=False, pytree_metadata_options=PyTreeMetadataOptions(support_rich_types=False), array_metadata_store=<orbax.checkpoint._src.metadata.array_metadata_store.Store object at 0x1516a802a6d0>, enable_pinned_host_transfer=False, save_concurrent_bytes: 96000000000 (89.4 GiB), restore_concurrent_bytes: 96000000000 (89.4 GiB)
[2026-05-05 10:54:14,918][absl][INFO] - [thread=MainThread] Failed to get flag value for EXPERIMENTAL_ORBAX_USE_DISTRIBUTED_PROCESS_ID.
[2026-05-05 10:54:14,919][absl][INFO] - [process=0][thread=MainThread] Using barrier_sync_fn: <function get_barrier_sync_fn.<locals>.<lambda> at 0x151606d5d8a0> timeout: 1200 secs and primary_host=0 for async checkpoint writes
[2026-05-05 10:54:14,919][absl][INFO] - [process=0] [sync] Started load checkpoint @ /gpfs/home5/sfris1/ltr_datasets/ips_datasets/istella_logging_policy_c100000_ps1p0_pt0p5_bs1p0_drop0rel0_sessallocv2_candfullv2_topx25_maxdocs200_lprdeep_lpsegreedysampler_lppct10p0.
[2026-05-05 10:54:14,921][absl][INFO] - Restoring checkpoint from /gpfs/home5/sfris1/ltr_datasets/ips_datasets/istella_logging_policy_c100000_ps1p0_pt0p5_bs1p0_drop0rel0_sessallocv2_candfullv2_topx25_maxdocs200_lprdeep_lpsegreedysampler_lppct10p0.
[2026-05-05 10:54:14,922][absl][INFO] - [process=0] [sync] Finished blocking load in 0.00 seconds. Continuing load @ /gpfs/home5/sfris1/ltr_datasets/ips_datasets/istella_logging_policy_c100000_ps1p0_pt0p5_bs1p0_drop0rel0_sessallocv2_candfullv2_topx25_maxdocs200_lprdeep_lpsegreedysampler_lppct10p0.
[2026-05-05 10:54:14,938][absl][INFO] - [process=0] /jax/orbax/read/worker/io/requested throughput: 2.818 MiB/s (total gbytes: 31.6 KiB) (time elapsed: 0.01096034049987793 s) (per-host)
[2026-05-05 10:54:14,939][absl][INFO] - [process=0] /jax/checkpoint/read/gbytes_per_sec: 1.848 MiB/s (total gbytes: 31.6 KiB) (time elapsed: 0.016716480255126953 s) (per-host)
[2026-05-05 10:54:14,939][absl][INFO] - [process=0] [sync] Finished load in 0.02 seconds @ /gpfs/home5/sfris1/ltr_datasets/ips_datasets/istella_logging_policy_c100000_ps1p0_pt0p5_bs1p0_drop0rel0_sessallocv2_candfullv2_topx25_maxdocs200_lprdeep_lpsegreedysampler_lppct10p0
[2026-05-05 10:54:27,664][two_tower_confounding.experiments.data_pipeline][INFO] - Loaded click datasets in 104.52 seconds (train=72743, val=27257, test=0)
[2026-05-05 10:54:27,664][two_tower_confounding.experiments.data_pipeline][INFO] - Test split is label-only by design; no test click dataset was loaded.
[2026-05-05 10:54:27,664][two_tower_confounding.data.runtime.alignment][INFO] - Applying data cutoff override: configured=25, natural=25, effective=25
[2026-05-05 10:54:27,664][two_tower_confounding.data.runtime.alignment][INFO] - Applying data cutoff override: configured=25, natural=25, effective=25
[2026-05-05 10:54:27,758][two_tower_confounding.data.runtime.aggregation][INFO] - Initializing simulator...
[2026-05-05 10:54:27,759][two_tower_confounding.data.runtime.aggregation][INFO] - Aggregating train dataset...
[2026-05-05 10:54:34,143][two_tower_confounding.data.runtime.aggregation][INFO] - Aggregating validation dataset...
[2026-05-05 10:54:37,837][two_tower_confounding.data.runtime.aggregation][INFO] - Aggregating test dataset from labels only...
[2026-05-05 10:54:39,301][two_tower_confounding.data.runtime.aggregation][INFO] - Aggregation done in 11.54 seconds
[2026-05-05 10:54:39,302][two_tower_confounding.data.runtime.aggregation][INFO] - Session usage after aggregation: requested(train=72743,val=27257), actual(train=72743,val=27257,test=0)
[2026-05-05 10:54:39,302][two_tower_confounding.data.runtime.aggregation][INFO] - Dataset persistence disabled; skipping aggregated dataset cache save.
[2026-05-05 10:54:39,302][two_tower_confounding.experiments.ips_pipeline][INFO] - Test split uses label-only evaluation; raw test click diagnostics are skipped.
[2026-05-05 10:54:39,356][two_tower_confounding.experiments.diagnostics][INFO] - [Data] train_docs=2043304, val_docs=684076, test_docs=681250, cutoff=25
[2026-05-05 10:54:39,458][two_tower_confounding.experiments.diagnostics][INFO] - [Train] clicks=15996, displays=1810163, ctr=0.0088, ctr_per_doc=0.0088
[2026-05-05 10:54:39,554][two_tower_confounding.experiments.diagnostics][INFO] - [Validation] clicks=5737, displays=677186, ctr=0.0085, ctr_per_doc=0.0085
[2026-05-05 10:54:39,643][two_tower_confounding.experiments.diagnostics][INFO] - [Test] clicks=0, displays=0, ctr=0.0000, ctr_per_doc=0.0000
[2026-05-05 10:54:39,644][two_tower_confounding.experiments.ips_pipeline][INFO] - Running estimator pipeline with model='dr'
[2026-05-05 10:54:39,644][two_tower_confounding.experiments.ips_pipeline][INFO] - Computing position bias (alpha)...
[2026-05-05 10:54:39,651][two_tower_confounding.experiments.ips_pipeline][INFO] - Loaded CSV position bias from /gpfs/home5/sfris1/Doubly-Robust-Optimization-With-Two-Tower-Models/results/position_bias_csv_smoke.csv (method=pivot_one): [ 0.         -0.71397245 -0.7888189  -1.3089033  -1.575755   -1.7692593
 -1.5714395  -1.6733272  -2.0251276  -2.1282127  -2.3622222  -2.1674728
 -2.2107904  -2.4139278  -2.3570342  -3.02267    -2.3304596  -2.3705897
 -2.036172   -2.381443   -2.405794   -2.902032   -2.6797976  -3.2612824
 -3.0599732 ]
[2026-05-05 10:54:39,652][two_tower_confounding.experiments.propensity_pipeline][INFO] - Computing propensity per doc (method=propensity_mlp_regression)...
[2026-05-05 10:54:40,147][two_tower_confounding.experiments.propensity_pipeline][INFO] - Subsampling propensity classifier training data: 50000/72743 samples
[2026-05-05 10:56:58,096][two_tower_confounding.experiments.propensity_pipeline][INFO] - Propensity computed in 138.44 seconds
[2026-05-05 10:56:58,097][two_tower_confounding.experiments.propensity_pipeline][INFO] - Alpha logits: [ 0.     -0.714  -0.7888 -1.3089 -1.5758 -1.7693 -1.5714 -1.6733 -2.0251
 -2.1282 -2.3622 -2.1675 -2.2108 -2.4139 -2.357  -3.0227 -2.3305 -2.3706
 -2.0362 -2.3814 -2.4058 -2.902  -2.6798 -3.2613 -3.06  ]
[2026-05-05 10:56:58,098][two_tower_confounding.experiments.propensity_pipeline][INFO] - Alpha: [0.5    0.3287 0.3124 0.2127 0.1714 0.1456 0.172  0.158  0.1166 0.1064
 0.0861 0.1027 0.0988 0.0821 0.0865 0.0464 0.0886 0.0854 0.1155 0.0846
 0.0827 0.0521 0.0642 0.0369 0.0448]
[2026-05-05 10:56:58,099][two_tower_confounding.experiments.propensity_pipeline][INFO] - Propensity clipping disabled.
[2026-05-05 10:56:58,099][two_tower_confounding.experiments.propensity_pipeline][INFO] - Computing propensity per doc (method=frequency_based)...
[2026-05-05 11:01:03,672][two_tower_confounding.experiments.propensity_pipeline][INFO] - Propensity computed in 245.57 seconds
[2026-05-05 11:01:03,672][two_tower_confounding.experiments.propensity_pipeline][INFO] - Alpha logits: [ 0.     -0.714  -0.7888 -1.3089 -1.5758 -1.7693 -1.5714 -1.6733 -2.0251
 -2.1282 -2.3622 -2.1675 -2.2108 -2.4139 -2.357  -3.0227 -2.3305 -2.3706
 -2.0362 -2.3814 -2.4058 -2.902  -2.6798 -3.2613 -3.06  ]
[2026-05-05 11:01:03,673][two_tower_confounding.experiments.propensity_pipeline][INFO] - Alpha: [0.5    0.3287 0.3124 0.2127 0.1714 0.1456 0.172  0.158  0.1166 0.1064
 0.0861 0.1027 0.0988 0.0821 0.0865 0.0464 0.0886 0.0854 0.1155 0.0846
 0.0827 0.0521 0.0642 0.0369 0.0448]
[2026-05-05 11:01:05,393][two_tower_confounding.experiments.regression_pipeline][INFO] - Training regression model for DM/DR...
[2026-05-05 11:02:24,842][two_tower_confounding.experiments.regression_pipeline][INFO] - Regression epoch 3: train_loss=0.052902 val_loss=0.058926
[2026-05-05 11:03:43,362][two_tower_confounding.experiments.regression_pipeline][INFO] - Regression epoch 6: train_loss=0.052013 val_loss=0.058787
[2026-05-05 11:03:49,519][two_tower_confounding.experiments.ips_pipeline][INFO] - Computing DR doc weights...
[2026-05-05 11:03:49,550][two_tower_confounding.experiments.ips_pipeline][INFO] - Doc weights computed in 0.03 seconds
[2026-05-05 11:03:49,561][two_tower_confounding.experiments.model_pipeline][INFO] - Loading trainer (trainer_type='pl-rank', n_samples=100)...
[2026-05-05 11:03:49,563][two_tower_confounding.experiments.model_pipeline][INFO] - Trainer loaded in 0.00 seconds
[2026-05-05 11:03:49,563][two_tower_confounding.experiments.model_pipeline][INFO] - Training model...
[2026-05-05 12:12:59,171][two_tower_confounding.experiments.ips_pipeline][INFO] - Final evaluation results:
{'metrics': {'CTR': 1.2343871593475342,
             'DCG': 2.6425185203552246,
             'NCTR': 0.7266733050346375,
             'NDCG': 0.769416868686676,
             'NDCG@25': 0.769416868686676,
             'NRCTR': 0.7266733050346375,
             'RCTR': 1.2343871593475342}}
[2026-05-05 12:12:59,207][submitit][INFO] - Job completed successfully
[2026-05-05 12:12:59,217][submitit][INFO] - Exiting after successful completion
