[2026-06-18 16:58:30,041][feature_based_propensities_for_ULTR.experiments.config_resolver][WARNING] - test_clicks=500000 is ignored because test_set_mode='label_only'. Set test_set_mode='clicks' to enable legacy click-based test behavior.
[2026-06-18 16:58:30,046][feature_based_propensities_for_ULTR.experiments.data_pipeline][INFO] - Loading or generating click datasets...
[2026-06-18 16:59:58,348][absl][INFO] - orbax-checkpoint version: 0.11.40
[2026-06-18 16:59:58,349][absl][INFO] - save_device_host_concurrent_bytes=None
[2026-06-18 16:59:58,349][absl][INFO] - Created BasePyTreeCheckpointHandler: use_ocdbt=True, use_zarr3=False, pytree_metadata_options=PyTreeMetadataOptions(support_rich_types=False), array_metadata_store=<orbax.checkpoint._src.metadata.array_metadata_store.Store object at 0x153bd3fbedd0>, enable_pinned_host_transfer=False, save_concurrent_bytes: 96000000000 (89.4 GiB), restore_concurrent_bytes: 96000000000 (89.4 GiB)
[2026-06-18 16:59:58,349][absl][INFO] - [thread=MainThread] Failed to get flag value for EXPERIMENTAL_ORBAX_USE_DISTRIBUTED_PROCESS_ID.
[2026-06-18 16:59:58,349][absl][INFO] - [process=0][thread=MainThread] Using barrier_sync_fn: <function get_barrier_sync_fn.<locals>.<lambda> at 0x153b246f3920> timeout: 1200 secs and primary_host=0 for async checkpoint writes
[2026-06-18 16:59:58,350][absl][INFO] - [process=0] [sync] Started load checkpoint @ /gpfs/home5/sfris1/ltr_datasets/ips_datasets/istella_logging_policy_c10000_ps1p0_pt0p5_bs1p0_drop0rel0_sessallocv2_candfullv2_topx25_maxdocs200_lprdeep_lpsegreedysampler_lppct10p0.
[2026-06-18 16:59:58,352][absl][INFO] - Restoring checkpoint from /gpfs/home5/sfris1/ltr_datasets/ips_datasets/istella_logging_policy_c10000_ps1p0_pt0p5_bs1p0_drop0rel0_sessallocv2_candfullv2_topx25_maxdocs200_lprdeep_lpsegreedysampler_lppct10p0.
[2026-06-18 16:59:58,353][absl][INFO] - [process=0] [sync] Finished blocking load in 0.00 seconds. Continuing load @ /gpfs/home5/sfris1/ltr_datasets/ips_datasets/istella_logging_policy_c10000_ps1p0_pt0p5_bs1p0_drop0rel0_sessallocv2_candfullv2_topx25_maxdocs200_lprdeep_lpsegreedysampler_lppct10p0.
[2026-06-18 16:59:58,369][absl][INFO] - [process=0] /jax/orbax/read/worker/io/requested throughput: 2.806 MiB/s (total gbytes: 31.6 KiB) (time elapsed: 0.011007070541381836 s) (per-host)
[2026-06-18 16:59:58,370][absl][INFO] - [process=0] /jax/checkpoint/read/gbytes_per_sec: 1.827 MiB/s (total gbytes: 31.6 KiB) (time elapsed: 0.016907930374145508 s) (per-host)
[2026-06-18 16:59:58,371][absl][INFO] - [process=0] [sync] Finished load in 0.02 seconds @ /gpfs/home5/sfris1/ltr_datasets/ips_datasets/istella_logging_policy_c10000_ps1p0_pt0p5_bs1p0_drop0rel0_sessallocv2_candfullv2_topx25_maxdocs200_lprdeep_lpsegreedysampler_lppct10p0
[2026-06-18 17:00:03,495][feature_based_propensities_for_ULTR.experiments.data_pipeline][INFO] - Loaded click datasets in 93.45 seconds (train=7274, val=2726, test=0)
[2026-06-18 17:00:03,495][feature_based_propensities_for_ULTR.experiments.data_pipeline][INFO] - Test split is label-only by design; no test click dataset was loaded.
[2026-06-18 17:00:03,496][feature_based_propensities_for_ULTR.data.runtime.alignment][INFO] - Applying data cutoff override: configured=25, natural=25, effective=25
[2026-06-18 17:00:03,496][feature_based_propensities_for_ULTR.data.runtime.alignment][INFO] - Applying data cutoff override: configured=25, natural=25, effective=25
[2026-06-18 17:00:03,589][feature_based_propensities_for_ULTR.data.runtime.aggregation][INFO] - Initializing simulator...
[2026-06-18 17:00:03,590][feature_based_propensities_for_ULTR.data.runtime.aggregation][INFO] - Aggregating train dataset...
[2026-06-18 17:00:09,864][feature_based_propensities_for_ULTR.data.runtime.aggregation][INFO] - Aggregating validation dataset...
[2026-06-18 17:00:13,432][feature_based_propensities_for_ULTR.data.runtime.aggregation][INFO] - Aggregating test dataset from labels only...
[2026-06-18 17:00:14,829][feature_based_propensities_for_ULTR.data.runtime.aggregation][INFO] - Aggregation done in 11.24 seconds
[2026-06-18 17:00:14,829][feature_based_propensities_for_ULTR.data.runtime.aggregation][INFO] - Session usage after aggregation: requested(train=7274,val=2726), actual(train=7274,val=2726,test=0)
[2026-06-18 17:00:14,829][feature_based_propensities_for_ULTR.data.runtime.aggregation][INFO] - Dataset persistence disabled; skipping aggregated dataset cache save.
[2026-06-18 17:00:14,829][feature_based_propensities_for_ULTR.experiments.ips_pipeline][INFO] - Test split uses label-only evaluation; raw test click diagnostics are skipped.
[2026-06-18 17:00:14,882][feature_based_propensities_for_ULTR.experiments.diagnostics][INFO] - [Data] train_docs=2043304, val_docs=684076, test_docs=681250, cutoff=25
[2026-06-18 17:00:14,979][feature_based_propensities_for_ULTR.experiments.diagnostics][INFO] - [Train] clicks=1606, displays=181080, ctr=0.0089, ctr_per_doc=0.0089
[2026-06-18 17:00:15,068][feature_based_propensities_for_ULTR.experiments.diagnostics][INFO] - [Validation] clicks=593, displays=67740, ctr=0.0088, ctr_per_doc=0.0088
[2026-06-18 17:00:15,156][feature_based_propensities_for_ULTR.experiments.diagnostics][INFO] - [Test] clicks=0, displays=0, ctr=0.0000, ctr_per_doc=0.0000
[2026-06-18 17:00:15,156][feature_based_propensities_for_ULTR.experiments.ips_pipeline][INFO] - Running estimator pipeline with model='dm'
[2026-06-18 17:00:15,156][feature_based_propensities_for_ULTR.experiments.ips_pipeline][INFO] - Computing position bias (alpha)...
[2026-06-18 17:00:15,177][ultr_bias_toolkit.bias.intervention_harvesting.all_pairs][INFO] - Position bias estimation using global all pairs estimator
[2026-06-18 17:01:05,553][feature_based_propensities_for_ULTR.experiments.position_bias_pipeline][INFO] - Saved estimated position-bias curve to position_bias.json
[2026-06-18 17:01:05,553][feature_based_propensities_for_ULTR.experiments.ips_pipeline][INFO] - Estimated position bias in-run (estimator=global_all_pairs): [ 0.         -0.6396553  -1.4490523  -1.3974204  -0.93053824 -1.3613241
 -2.050127   -1.9705132  -2.448806   -1.3789868  -3.4760532  -3.304858
 -2.0295746  -1.4686075  -6.9077554  -3.2455683  -6.9077554  -2.0721693
 -1.6072308  -6.719352   -2.8563235  -6.9077554  -6.463565   -2.1643791
 -6.9077554 ]
[2026-06-18 17:01:05,555][feature_based_propensities_for_ULTR.experiments.propensity_pipeline][INFO] - Computing propensity per doc (method=propensity_mlp_regression)...
[2026-06-18 17:02:00,517][feature_based_propensities_for_ULTR.experiments.propensity_pipeline][INFO] - Propensity computed in 54.96 seconds
[2026-06-18 17:02:00,517][feature_based_propensities_for_ULTR.experiments.propensity_pipeline][INFO] - Alpha logits: [ 0.     -0.6397 -1.4491 -1.3974 -0.9305 -1.3613 -2.0501 -1.9705 -2.4488
 -1.379  -3.4761 -3.3049 -2.0296 -1.4686 -6.9078 -3.2456 -6.9078 -2.0722
 -1.6072 -6.7194 -2.8563 -6.9078 -6.4636 -2.1644 -6.9078]
[2026-06-18 17:02:00,518][feature_based_propensities_for_ULTR.experiments.propensity_pipeline][INFO] - Alpha: [0.5    0.3453 0.1901 0.1982 0.2828 0.204  0.114  0.1223 0.0795 0.2012
 0.03   0.0354 0.1161 0.1872 0.001  0.0375 0.001  0.1118 0.167  0.0012
 0.0544 0.001  0.0016 0.103  0.001 ]
[2026-06-18 17:02:00,519][feature_based_propensities_for_ULTR.experiments.propensity_pipeline][INFO] - Propensity clipping disabled.
[2026-06-18 17:02:01,965][feature_based_propensities_for_ULTR.experiments.regression_pipeline][INFO] - Training regression model for DM/DR...
[2026-06-18 17:02:28,415][feature_based_propensities_for_ULTR.experiments.regression_pipeline][INFO] - Regression epoch 3: train_loss=0.097588 val_loss=0.106917
[2026-06-18 17:02:53,387][feature_based_propensities_for_ULTR.experiments.regression_pipeline][INFO] - Regression epoch 6: train_loss=0.094993 val_loss=0.104398
[2026-06-18 17:03:18,370][feature_based_propensities_for_ULTR.experiments.regression_pipeline][INFO] - Regression epoch 9: train_loss=0.091357 val_loss=0.108537
[2026-06-18 17:03:24,253][feature_based_propensities_for_ULTR.experiments.ips_pipeline][INFO] - Computing DM doc weights...
[2026-06-18 17:03:24,254][feature_based_propensities_for_ULTR.experiments.ips_pipeline][INFO] - Doc weights computed in 0.00 seconds
[2026-06-18 17:03:24,264][feature_based_propensities_for_ULTR.experiments.model_pipeline][INFO] - Loading trainer (trainer_type='pl-rank', n_samples=100)...
[2026-06-18 17:03:24,266][feature_based_propensities_for_ULTR.experiments.model_pipeline][INFO] - Trainer loaded in 0.00 seconds
[2026-06-18 17:03:24,266][feature_based_propensities_for_ULTR.experiments.model_pipeline][INFO] - Training model...
[2026-06-18 17:37:13,128][feature_based_propensities_for_ULTR.experiments.ips_pipeline][INFO] - Final evaluation results:
{'metrics': {'CTR': 1.1185302734375,
             'DCG': 2.5158512592315674,
             'NCTR': 0.6329895257949829,
             'NDCG': 0.7322177290916443,
             'NDCG@25': 0.7322177290916443,
             'NRCTR': 0.6329895257949829,
             'RCTR': 1.1185302734375}}
[2026-06-18 17:37:13,182][submitit][INFO] - Job completed successfully
[2026-06-18 17:37:13,191][submitit][INFO] - Exiting after successful completion
