[2026-04-22 16:23:21,668][jax._src.xla_bridge][ERROR] - Jax plugin configuration error: Exception when calling jax_plugins.xla_cuda12.initialize()
Traceback (most recent call last):
  File "/gpfs/home5/sfris1/two-towers-confounding-project/.venv/lib/python3.11/site-packages/jax/_src/xla_bridge.py", line 485, in discover_pjrt_plugins
    plugin_module.initialize()
  File "/gpfs/home5/sfris1/two-towers-confounding-project/.venv/lib/python3.11/site-packages/jax_plugins/xla_cuda12/__init__.py", line 328, in initialize
    _check_cuda_versions(raise_on_first_error=True)
  File "/gpfs/home5/sfris1/two-towers-confounding-project/.venv/lib/python3.11/site-packages/jax_plugins/xla_cuda12/__init__.py", line 285, in _check_cuda_versions
    local_device_count = cuda_versions.cuda_device_count()
                         ^^^^^^^^^^^^^^^^^^^^^^^^^^^^^^^^^
RuntimeError: jaxlib/cuda/versions_helpers.cc:113: operation cuInit(0) failed: CUDA_ERROR_NO_DEVICE
[2026-04-22 16:23:22,628][two_tower_confounding.experiments.ips_pipeline][WARNING] - wandb.init failed (Error uploading run: returned error 403: {"data":{"upsertBucket":null},"errors":[{"message":"permission denied","path":["upsertBucket"],"extensions":{"code":"PERMISSION_ERROR"}}]}). Continuing with local logging only.
[2026-04-22 16:23:22,628][two_tower_confounding.experiments.ips_pipeline][WARNING] - Disabling wandb for trainer components because initialization failed.
[2026-04-22 16:23:22,629][two_tower_confounding.experiments.config_resolver][WARNING] - test_clicks=500000 is ignored because test_set_mode='label_only'. Set test_set_mode='clicks' to enable legacy click-based test behavior.
[2026-04-22 16:23:22,637][two_tower_confounding.experiments.data_pipeline][INFO] - Loading or generating click datasets...
[2026-04-22 16:23:48,492][absl][INFO] - orbax-checkpoint version: 0.11.25
[2026-04-22 16:23:48,492][absl][INFO] - Created BasePyTreeCheckpointHandler: use_ocdbt=True, use_zarr3=False, pytree_metadata_options=PyTreeMetadataOptions(support_rich_types=False), array_metadata_store=<orbax.checkpoint._src.metadata.array_metadata_store.Store object at 0x14f856329fd0>, enable_pinned_host_transfer=False, save_concurrent_bytes: 96000000000 (89.4 GiB), restore_concurrent_bytes: 96000000000 (89.4 GiB)
[2026-04-22 16:23:48,493][absl][INFO] - [thread=MainThread] Failed to get flag value for EXPERIMENTAL_ORBAX_USE_DISTRIBUTED_PROCESS_ID.
[2026-04-22 16:23:48,493][absl][INFO] - [process=0][thread=MainThread] Using barrier_sync_fn: <function get_barrier_sync_fn.<locals>.<lambda> at 0x14f7933d5300> timeout: 600 secs and primary_host=0 for async checkpoint writes
[2026-04-22 16:23:48,495][absl][INFO] - Restoring checkpoint from /gpfs/home5/sfris1/ltr_datasets/ips_datasets/logging_policy_c100000_ps1p0_pt0p5_bs1p0_drop0rel0_sessallocv2_candfullv2_topx25_maxdocs80_lprdeep_lpsegreedysampler_lppct10p0.
[2026-04-22 16:23:48,534][absl][INFO] - [process=0] /jax/checkpoint/read/gbytes_per_sec: 0 Bytes/s (total gbytes: 91.8 KiB) (time elapsed: 37 milliseconds) (per-host)
[2026-04-22 16:23:48,535][absl][INFO] - Finished restoring checkpoint in 0.04 seconds from /gpfs/home5/sfris1/ltr_datasets/ips_datasets/logging_policy_c100000_ps1p0_pt0p5_bs1p0_drop0rel0_sessallocv2_candfullv2_topx25_maxdocs80_lprdeep_lpsegreedysampler_lppct10p0.
[2026-04-22 16:24:00,483][two_tower_confounding.experiments.data_pipeline][INFO] - Loaded click datasets in 37.85 seconds (train=86947, val=13053, test=0)
[2026-04-22 16:24:00,484][two_tower_confounding.experiments.data_pipeline][INFO] - Test split is label-only by design; no test click dataset was loaded.
[2026-04-22 16:24:00,484][two_tower_confounding.data.runtime.alignment][INFO] - Applying data cutoff override: configured=25, natural=25, effective=25
[2026-04-22 16:24:00,484][two_tower_confounding.data.runtime.alignment][INFO] - Applying data cutoff override: configured=25, natural=25, effective=25
[2026-04-22 16:24:00,614][two_tower_confounding.data.runtime.aggregation][INFO] - Initializing simulator...
[2026-04-22 16:24:00,615][two_tower_confounding.data.runtime.aggregation][INFO] - Aggregating train dataset...
[2026-04-22 16:24:07,363][two_tower_confounding.data.runtime.aggregation][INFO] - Aggregating validation dataset...
[2026-04-22 16:24:10,454][two_tower_confounding.data.runtime.aggregation][INFO] - Aggregating test dataset from labels only...
[2026-04-22 16:24:12,341][two_tower_confounding.data.runtime.aggregation][INFO] - Aggregation done in 11.73 seconds
[2026-04-22 16:24:12,341][two_tower_confounding.data.runtime.aggregation][INFO] - Session usage after aggregation: requested(train=86947,val=13053), actual(train=86947,val=13053,test=0)
[2026-04-22 16:24:12,341][two_tower_confounding.data.runtime.aggregation][INFO] - Dataset persistence disabled; skipping aggregated dataset cache save.
[2026-04-22 16:24:12,342][two_tower_confounding.experiments.ips_pipeline][INFO] - Test split uses label-only evaluation; raw test click diagnostics are skipped.
[2026-04-22 16:24:12,367][two_tower_confounding.experiments.diagnostics][INFO] - [Data] train_docs=470251, val_docs=70687, test_docs=164676, cutoff=25
[2026-04-22 16:24:12,438][two_tower_confounding.experiments.diagnostics][INFO] - [Train] clicks=13259, displays=1470025, ctr=0.0090, ctr_per_doc=0.0090
[2026-04-22 16:24:12,506][two_tower_confounding.experiments.diagnostics][INFO] - [Validation] clicks=1920, displays=219403, ctr=0.0088, ctr_per_doc=0.0088
[2026-04-22 16:24:12,578][two_tower_confounding.experiments.diagnostics][INFO] - [Test] clicks=0, displays=0, ctr=0.0000, ctr_per_doc=0.0000
[2026-04-22 16:24:12,578][two_tower_confounding.experiments.ips_pipeline][INFO] - Running estimator pipeline with model='ips'
[2026-04-22 16:24:12,578][two_tower_confounding.experiments.ips_pipeline][INFO] - Computing position bias (alpha)...
[2026-04-22 16:24:12,583][submitit][INFO] - Job completed successfully
[2026-04-22 16:24:12,593][submitit][INFO] - Exiting after successful completion
[2026-04-22 16:48:08,949][jax._src.xla_bridge][ERROR] - Jax plugin configuration error: Exception when calling jax_plugins.xla_cuda12.initialize()
Traceback (most recent call last):
  File "/gpfs/home5/sfris1/two-towers-confounding-project/.venv/lib/python3.11/site-packages/jax/_src/xla_bridge.py", line 485, in discover_pjrt_plugins
    plugin_module.initialize()
  File "/gpfs/home5/sfris1/two-towers-confounding-project/.venv/lib/python3.11/site-packages/jax_plugins/xla_cuda12/__init__.py", line 328, in initialize
    _check_cuda_versions(raise_on_first_error=True)
  File "/gpfs/home5/sfris1/two-towers-confounding-project/.venv/lib/python3.11/site-packages/jax_plugins/xla_cuda12/__init__.py", line 285, in _check_cuda_versions
    local_device_count = cuda_versions.cuda_device_count()
                         ^^^^^^^^^^^^^^^^^^^^^^^^^^^^^^^^^
RuntimeError: jaxlib/cuda/versions_helpers.cc:113: operation cuInit(0) failed: CUDA_ERROR_NO_DEVICE
[2026-04-22 16:48:09,915][two_tower_confounding.experiments.ips_pipeline][WARNING] - wandb.init failed (Error uploading run: returned error 403: {"data":{"upsertBucket":null},"errors":[{"message":"permission denied","path":["upsertBucket"],"extensions":{"code":"PERMISSION_ERROR"}}]}). Continuing with local logging only.
[2026-04-22 16:48:09,916][two_tower_confounding.experiments.ips_pipeline][WARNING] - Disabling wandb for trainer components because initialization failed.
[2026-04-22 16:48:09,916][two_tower_confounding.experiments.config_resolver][WARNING] - test_clicks=500000 is ignored because test_set_mode='label_only'. Set test_set_mode='clicks' to enable legacy click-based test behavior.
[2026-04-22 16:48:09,923][two_tower_confounding.experiments.data_pipeline][INFO] - Loading or generating click datasets...
[2026-04-22 16:48:34,633][absl][INFO] - orbax-checkpoint version: 0.11.25
[2026-04-22 16:48:34,634][absl][INFO] - Created BasePyTreeCheckpointHandler: use_ocdbt=True, use_zarr3=False, pytree_metadata_options=PyTreeMetadataOptions(support_rich_types=False), array_metadata_store=<orbax.checkpoint._src.metadata.array_metadata_store.Store object at 0x1486430a6f50>, enable_pinned_host_transfer=False, save_concurrent_bytes: 96000000000 (89.4 GiB), restore_concurrent_bytes: 96000000000 (89.4 GiB)
[2026-04-22 16:48:34,635][absl][INFO] - [thread=MainThread] Failed to get flag value for EXPERIMENTAL_ORBAX_USE_DISTRIBUTED_PROCESS_ID.
[2026-04-22 16:48:34,636][absl][INFO] - [process=0][thread=MainThread] Using barrier_sync_fn: <function get_barrier_sync_fn.<locals>.<lambda> at 0x14857e539300> timeout: 600 secs and primary_host=0 for async checkpoint writes
[2026-04-22 16:48:34,638][absl][INFO] - Restoring checkpoint from /gpfs/home5/sfris1/ltr_datasets/ips_datasets/logging_policy_c100000_ps1p0_pt0p5_bs1p0_drop0rel0_sessallocv2_candfullv2_topx25_maxdocs80_lprdeep_lpsegreedysampler_lppct10p0.
[2026-04-22 16:48:34,659][absl][INFO] - [process=0] /jax/checkpoint/read/gbytes_per_sec: 0 Bytes/s (total gbytes: 91.8 KiB) (time elapsed: 20 milliseconds) (per-host)
[2026-04-22 16:48:34,659][absl][INFO] - Finished restoring checkpoint in 0.02 seconds from /gpfs/home5/sfris1/ltr_datasets/ips_datasets/logging_policy_c100000_ps1p0_pt0p5_bs1p0_drop0rel0_sessallocv2_candfullv2_topx25_maxdocs80_lprdeep_lpsegreedysampler_lppct10p0.
[2026-04-22 16:48:46,261][two_tower_confounding.experiments.data_pipeline][INFO] - Loaded click datasets in 36.34 seconds (train=86947, val=13053, test=0)
[2026-04-22 16:48:46,261][two_tower_confounding.experiments.data_pipeline][INFO] - Test split is label-only by design; no test click dataset was loaded.
[2026-04-22 16:48:46,261][two_tower_confounding.data.runtime.alignment][INFO] - Applying data cutoff override: configured=25, natural=25, effective=25
[2026-04-22 16:48:46,261][two_tower_confounding.data.runtime.alignment][INFO] - Applying data cutoff override: configured=25, natural=25, effective=25
[2026-04-22 16:48:46,396][two_tower_confounding.data.runtime.aggregation][INFO] - Initializing simulator...
[2026-04-22 16:48:46,397][two_tower_confounding.data.runtime.aggregation][INFO] - Aggregating train dataset...
[2026-04-22 16:48:53,348][two_tower_confounding.data.runtime.aggregation][INFO] - Aggregating validation dataset...
[2026-04-22 16:48:56,566][two_tower_confounding.data.runtime.aggregation][INFO] - Aggregating test dataset from labels only...
[2026-04-22 16:48:58,513][two_tower_confounding.data.runtime.aggregation][INFO] - Aggregation done in 12.12 seconds
[2026-04-22 16:48:58,513][two_tower_confounding.data.runtime.aggregation][INFO] - Session usage after aggregation: requested(train=86947,val=13053), actual(train=86947,val=13053,test=0)
[2026-04-22 16:48:58,513][two_tower_confounding.data.runtime.aggregation][INFO] - Dataset persistence disabled; skipping aggregated dataset cache save.
[2026-04-22 16:48:58,514][two_tower_confounding.experiments.ips_pipeline][INFO] - Test split uses label-only evaluation; raw test click diagnostics are skipped.
[2026-04-22 16:48:58,540][two_tower_confounding.experiments.diagnostics][INFO] - [Data] train_docs=470251, val_docs=70687, test_docs=164676, cutoff=25
[2026-04-22 16:48:58,612][two_tower_confounding.experiments.diagnostics][INFO] - [Train] clicks=13259, displays=1470025, ctr=0.0090, ctr_per_doc=0.0090
[2026-04-22 16:48:58,681][two_tower_confounding.experiments.diagnostics][INFO] - [Validation] clicks=1920, displays=219403, ctr=0.0088, ctr_per_doc=0.0088
[2026-04-22 16:48:58,752][two_tower_confounding.experiments.diagnostics][INFO] - [Test] clicks=0, displays=0, ctr=0.0000, ctr_per_doc=0.0000
[2026-04-22 16:48:58,752][two_tower_confounding.experiments.ips_pipeline][INFO] - Running estimator pipeline with model='ips'
[2026-04-22 16:48:58,752][two_tower_confounding.experiments.ips_pipeline][INFO] - Computing position bias (alpha)...
[2026-04-22 16:48:58,760][two_tower_confounding.experiments.ips_pipeline][INFO] - Loaded CSV position bias from /gpfs/home5/sfris1/Doubly-Robust-Optimization-With-Two-Tower-Models/results/position_bias_csv_smoke.csv (method=ctr): [ 0.        -0.8516505 -1.369954  -1.6543572 -1.9565722 -2.1049669
 -2.3728406 -2.413449  -2.5263228 -2.6814098 -2.821046  -2.9396124
 -3.0816176 -3.1708205 -3.2345896 -3.0130436 -3.4126163 -3.309676
 -3.351216  -3.4790862 -3.4899235 -3.5636754 -3.5932357 -3.639966
 -3.5878994]
[2026-04-22 16:48:58,761][two_tower_confounding.experiments.propensity_pipeline][INFO] - Computing propensity per doc (method=true_propensity)...
[2026-04-22 16:49:58,913][two_tower_confounding.experiments.propensity_pipeline][INFO] - Propensity computed in 60.15 seconds
[2026-04-22 16:49:58,920][two_tower_confounding.experiments.propensity_pipeline][INFO] - Alpha logits: [ 0.        -0.8516505 -1.369954  -1.6543572 -1.9565722 -2.1049669
 -2.3728406 -2.413449  -2.5263228 -2.6814098 -2.821046  -2.9396124
 -3.0816176 -3.1708205 -3.2345896 -3.0130436 -3.4126163 -3.309676
 -3.351216  -3.4790862 -3.4899235 -3.5636754 -3.5932357 -3.639966
 -3.5878994]
[2026-04-22 16:49:58,921][two_tower_confounding.experiments.propensity_pipeline][INFO] - Alpha: [0.5        0.29908675 0.20262729 0.16052093 0.1238385  0.108615
 0.08526732 0.08215287 0.07403333 0.06407927 0.05619742 0.05022976
 0.04387191 0.04027869 0.0378846  0.04684007 0.03190349 0.03524074
 0.03385536 0.02991319 0.02960031 0.02755377 0.02677268 0.02558163
 0.02691207]
[2026-04-22 16:49:58,922][two_tower_confounding.experiments.propensity_pipeline][INFO] - Propensity clipping disabled.
[2026-04-22 16:49:58,922][two_tower_confounding.experiments.ips_pipeline][INFO] - Computing IPS doc weights...
[2026-04-22 16:49:59,607][two_tower_confounding.experiments.ips_pipeline][INFO] - Doc weights computed in 0.68 seconds
[2026-04-22 16:49:59,617][two_tower_confounding.experiments.model_pipeline][INFO] - Loading trainer (trainer_type='pl-rank', n_samples=100)...
[2026-04-22 16:49:59,619][two_tower_confounding.experiments.model_pipeline][INFO] - Trainer loaded in 0.00 seconds
[2026-04-22 16:49:59,619][two_tower_confounding.experiments.model_pipeline][INFO] - Training model...
[2026-04-22 16:57:17,575][two_tower_confounding.experiments.ips_pipeline][INFO] - Final evaluation results:
{'metrics': {'CTR': 0.7284993529319763,
             'DCG': 2.196539878845215,
             'NCTR': 0.7308418154716492,
             'NDCG': 0.7894055247306824,
             'NDCG@25': 0.7894055247306824,
             'NRCTR': 0.7308418154716492,
             'RCTR': 0.7284993529319763}}
[2026-04-22 16:57:17,602][submitit][INFO] - Job completed successfully
[2026-04-22 16:57:17,613][submitit][INFO] - Exiting after successful completion
[2026-05-02 18:24:32,267][two_tower_confounding.experiments.config_resolver][WARNING] - test_clicks=500000 is ignored because test_set_mode='label_only'. Set test_set_mode='clicks' to enable legacy click-based test behavior.
[2026-05-02 18:24:32,274][two_tower_confounding.experiments.data_pipeline][INFO] - Loading or generating click datasets...
[2026-05-02 18:24:58,865][absl][INFO] - orbax-checkpoint version: 0.11.37
[2026-05-02 18:24:58,866][absl][INFO] - save_device_host_concurrent_bytes=None
[2026-05-02 18:24:58,866][absl][INFO] - Created BasePyTreeCheckpointHandler: use_ocdbt=True, use_zarr3=False, pytree_metadata_options=PyTreeMetadataOptions(support_rich_types=False), array_metadata_store=<orbax.checkpoint._src.metadata.array_metadata_store.Store object at 0x14fd95281290>, enable_pinned_host_transfer=False, save_concurrent_bytes: 96000000000 (89.4 GiB), restore_concurrent_bytes: 96000000000 (89.4 GiB)
[2026-05-02 18:24:58,866][absl][INFO] - [thread=MainThread] Failed to get flag value for EXPERIMENTAL_ORBAX_USE_DISTRIBUTED_PROCESS_ID.
[2026-05-02 18:24:58,866][absl][INFO] - [process=0][thread=MainThread] Using barrier_sync_fn: <function get_barrier_sync_fn.<locals>.<lambda> at 0x14fd05eb63e0> timeout: 1200 secs and primary_host=0 for async checkpoint writes
[2026-05-02 18:24:58,867][absl][INFO] - [process=0] [sync] Started load checkpoint @ /gpfs/home5/sfris1/ltr_datasets/ips_datasets/logging_policy_c100000_ps1p0_pt0p5_bs1p0_drop0rel0_sessallocv2_candfullv2_topx25_maxdocs80_lprdeep_lpsegreedysampler_lppct10p0.
[2026-05-02 18:24:58,870][absl][INFO] - Restoring checkpoint from /gpfs/home5/sfris1/ltr_datasets/ips_datasets/logging_policy_c100000_ps1p0_pt0p5_bs1p0_drop0rel0_sessallocv2_candfullv2_topx25_maxdocs80_lprdeep_lpsegreedysampler_lppct10p0.
[2026-05-02 18:24:58,871][absl][INFO] - [process=0] [sync] Finished blocking load in 0.00 seconds. Continuing load @ /gpfs/home5/sfris1/ltr_datasets/ips_datasets/logging_policy_c100000_ps1p0_pt0p5_bs1p0_drop0rel0_sessallocv2_candfullv2_topx25_maxdocs80_lprdeep_lpsegreedysampler_lppct10p0.
[2026-05-02 18:24:58,887][absl][INFO] - [process=0] /jax/orbax/read/worker/io/requested throughput: 8.084 MiB/s (total gbytes: 91.8 KiB) (time elapsed: 0.011083602905273438 s) (per-host)
[2026-05-02 18:24:58,889][absl][INFO] - [process=0] /jax/checkpoint/read/gbytes_per_sec: 5.381 MiB/s (total gbytes: 91.8 KiB) (time elapsed: 0.016650915145874023 s) (per-host)
[2026-05-02 18:24:58,889][absl][INFO] - [process=0] [sync] Finished load in 0.02 seconds @ /gpfs/home5/sfris1/ltr_datasets/ips_datasets/logging_policy_c100000_ps1p0_pt0p5_bs1p0_drop0rel0_sessallocv2_candfullv2_topx25_maxdocs80_lprdeep_lpsegreedysampler_lppct10p0
[2026-05-02 18:25:10,086][two_tower_confounding.experiments.data_pipeline][INFO] - Loaded click datasets in 37.81 seconds (train=86947, val=13053, test=0)
[2026-05-02 18:25:10,087][two_tower_confounding.experiments.data_pipeline][INFO] - Test split is label-only by design; no test click dataset was loaded.
[2026-05-02 18:25:10,087][two_tower_confounding.data.runtime.alignment][INFO] - Applying data cutoff override: configured=25, natural=25, effective=25
[2026-05-02 18:25:10,087][two_tower_confounding.data.runtime.alignment][INFO] - Applying data cutoff override: configured=25, natural=25, effective=25
[2026-05-02 18:25:10,182][two_tower_confounding.data.runtime.aggregation][INFO] - Initializing simulator...
[2026-05-02 18:25:10,182][two_tower_confounding.data.runtime.aggregation][INFO] - Aggregating train dataset...
[2026-05-02 18:25:16,487][two_tower_confounding.data.runtime.aggregation][INFO] - Aggregating validation dataset...
[2026-05-02 18:25:18,964][two_tower_confounding.data.runtime.aggregation][INFO] - Aggregating test dataset from labels only...
[2026-05-02 18:25:20,574][two_tower_confounding.data.runtime.aggregation][INFO] - Aggregation done in 10.39 seconds
[2026-05-02 18:25:20,575][two_tower_confounding.data.runtime.aggregation][INFO] - Session usage after aggregation: requested(train=86947,val=13053), actual(train=86947,val=13053,test=0)
[2026-05-02 18:25:20,575][two_tower_confounding.data.runtime.aggregation][INFO] - Dataset persistence disabled; skipping aggregated dataset cache save.
[2026-05-02 18:25:20,575][two_tower_confounding.experiments.ips_pipeline][INFO] - Test split uses label-only evaluation; raw test click diagnostics are skipped.
[2026-05-02 18:25:20,598][two_tower_confounding.experiments.diagnostics][INFO] - [Data] train_docs=470251, val_docs=70687, test_docs=164676, cutoff=25
[2026-05-02 18:25:20,690][two_tower_confounding.experiments.diagnostics][INFO] - [Train] clicks=13259, displays=1470025, ctr=0.0090, ctr_per_doc=0.0090
[2026-05-02 18:25:20,777][two_tower_confounding.experiments.diagnostics][INFO] - [Validation] clicks=1920, displays=219403, ctr=0.0088, ctr_per_doc=0.0088
[2026-05-02 18:25:21,056][two_tower_confounding.experiments.diagnostics][INFO] - [Test] clicks=0, displays=0, ctr=0.0000, ctr_per_doc=0.0000
[2026-05-02 18:25:21,056][two_tower_confounding.experiments.ips_pipeline][INFO] - Running estimator pipeline with model='ips'
[2026-05-02 18:25:21,056][two_tower_confounding.experiments.ips_pipeline][INFO] - Computing position bias (alpha)...
[2026-05-02 18:25:21,063][two_tower_confounding.experiments.ips_pipeline][INFO] - Loaded CSV position bias from /gpfs/home5/sfris1/Doubly-Robust-Optimization-With-Two-Tower-Models/results/position_bias_csv_smoke.csv (method=ctr): [ 0.        -0.8516505 -1.369954  -1.6543572 -1.9565722 -2.1049669
 -2.3728406 -2.413449  -2.5263228 -2.6814098 -2.821046  -2.9396124
 -3.0816176 -3.1708205 -3.2345896 -3.0130436 -3.4126163 -3.309676
 -3.351216  -3.4790862 -3.4899235 -3.5636754 -3.5932357 -3.639966
 -3.5878994]
[2026-05-02 18:25:21,064][two_tower_confounding.experiments.propensity_pipeline][INFO] - Computing propensity per doc (method=true_propensity)...
[2026-05-02 18:26:21,767][two_tower_confounding.experiments.propensity_pipeline][INFO] - Propensity computed in 60.70 seconds
[2026-05-02 18:26:21,768][two_tower_confounding.experiments.propensity_pipeline][INFO] - Alpha logits: [ 0.        -0.8516505 -1.369954  -1.6543572 -1.9565722 -2.1049669
 -2.3728406 -2.413449  -2.5263228 -2.6814098 -2.821046  -2.9396124
 -3.0816176 -3.1708205 -3.2345896 -3.0130436 -3.4126163 -3.309676
 -3.351216  -3.4790862 -3.4899235 -3.5636754 -3.5932357 -3.639966
 -3.5878994]
[2026-05-02 18:26:21,769][two_tower_confounding.experiments.propensity_pipeline][INFO] - Alpha: [0.5        0.29908675 0.20262729 0.16052093 0.1238385  0.108615
 0.08526732 0.08215287 0.07403333 0.06407927 0.05619742 0.05022976
 0.04387191 0.04027869 0.0378846  0.04684007 0.03190349 0.03524074
 0.03385536 0.02991319 0.02960031 0.02755377 0.02677268 0.02558163
 0.02691207]
[2026-05-02 18:26:21,769][two_tower_confounding.experiments.propensity_pipeline][INFO] - Propensity clipping disabled.
[2026-05-02 18:26:21,769][two_tower_confounding.experiments.ips_pipeline][INFO] - Computing IPS doc weights...
[2026-05-02 18:26:22,238][two_tower_confounding.experiments.ips_pipeline][INFO] - Doc weights computed in 0.47 seconds
[2026-05-02 18:26:22,249][two_tower_confounding.experiments.model_pipeline][INFO] - Loading trainer (trainer_type='pl-rank', n_samples=100)...
[2026-05-02 18:26:22,251][two_tower_confounding.experiments.model_pipeline][INFO] - Trainer loaded in 0.00 seconds
[2026-05-02 18:26:22,251][two_tower_confounding.experiments.model_pipeline][INFO] - Training model...
[2026-05-02 18:34:10,236][two_tower_confounding.experiments.ips_pipeline][INFO] - Final evaluation results:
{'metrics': {'CTR': 0.727903425693512,
             'DCG': 2.1952733993530273,
             'NCTR': 0.729984700679779,
             'NDCG': 0.7887287139892578,
             'NDCG@25': 0.7887287139892578,
             'NRCTR': 0.729984700679779,
             'RCTR': 0.727903425693512}}
[2026-05-02 18:34:10,262][submitit][INFO] - Job completed successfully
[2026-05-02 18:34:10,271][submitit][INFO] - Exiting after successful completion
