[2026-06-18 16:54:54,232][feature_based_propensities_for_ULTR.experiments.config_resolver][WARNING] - test_clicks=500000 is ignored because test_set_mode='label_only'. Set test_set_mode='clicks' to enable legacy click-based test behavior.
[2026-06-18 16:54:54,237][feature_based_propensities_for_ULTR.experiments.data_pipeline][INFO] - Loading or generating click datasets...
[2026-06-18 16:55:55,217][absl][INFO] - orbax-checkpoint version: 0.11.40
[2026-06-18 16:55:55,217][absl][INFO] - save_device_host_concurrent_bytes=None
[2026-06-18 16:55:55,217][absl][INFO] - Created BasePyTreeCheckpointHandler: use_ocdbt=True, use_zarr3=False, pytree_metadata_options=PyTreeMetadataOptions(support_rich_types=False), array_metadata_store=<orbax.checkpoint._src.metadata.array_metadata_store.Store object at 0x148d00c25f50>, enable_pinned_host_transfer=False, save_concurrent_bytes: 96000000000 (89.4 GiB), restore_concurrent_bytes: 96000000000 (89.4 GiB)
[2026-06-18 16:55:55,217][absl][INFO] - [thread=MainThread] Failed to get flag value for EXPERIMENTAL_ORBAX_USE_DISTRIBUTED_PROCESS_ID.
[2026-06-18 16:55:55,218][absl][INFO] - [process=0][thread=MainThread] Using barrier_sync_fn: <function get_barrier_sync_fn.<locals>.<lambda> at 0x148c51a3b9c0> timeout: 1200 secs and primary_host=0 for async checkpoint writes
[2026-06-18 16:55:55,218][absl][INFO] - [process=0] [sync] Started load checkpoint @ /gpfs/home5/sfris1/ltr_datasets/ips_datasets/logging_policy_c10000_ps1p0_pt0p5_bs1p0_drop0rel0_sessallocv2_candfullv2_topx25_maxdocs200_lprdeep_lpsegreedysampler_lppct10p0.
[2026-06-18 16:55:55,220][absl][INFO] - Restoring checkpoint from /gpfs/home5/sfris1/ltr_datasets/ips_datasets/logging_policy_c10000_ps1p0_pt0p5_bs1p0_drop0rel0_sessallocv2_candfullv2_topx25_maxdocs200_lprdeep_lpsegreedysampler_lppct10p0.
[2026-06-18 16:55:55,221][absl][INFO] - [process=0] [sync] Finished blocking load in 0.00 seconds. Continuing load @ /gpfs/home5/sfris1/ltr_datasets/ips_datasets/logging_policy_c10000_ps1p0_pt0p5_bs1p0_drop0rel0_sessallocv2_candfullv2_topx25_maxdocs200_lprdeep_lpsegreedysampler_lppct10p0.
[2026-06-18 16:55:55,237][absl][INFO] - [process=0] /jax/orbax/read/worker/io/requested throughput: 1.859 MiB/s (total gbytes: 21.4 KiB) (time elapsed: 0.011232614517211914 s) (per-host)
[2026-06-18 16:55:55,238][absl][INFO] - [process=0] /jax/checkpoint/read/gbytes_per_sec: 1.245 MiB/s (total gbytes: 21.4 KiB) (time elapsed: 0.016773700714111328 s) (per-host)
[2026-06-18 16:55:55,238][absl][INFO] - [process=0] [sync] Finished load in 0.02 seconds @ /gpfs/home5/sfris1/ltr_datasets/ips_datasets/logging_policy_c10000_ps1p0_pt0p5_bs1p0_drop0rel0_sessallocv2_candfullv2_topx25_maxdocs200_lprdeep_lpsegreedysampler_lppct10p0
[2026-06-18 16:55:59,379][feature_based_propensities_for_ULTR.experiments.data_pipeline][INFO] - Loaded click datasets in 65.14 seconds (train=7500, val=2500, test=0)
[2026-06-18 16:55:59,379][feature_based_propensities_for_ULTR.experiments.data_pipeline][INFO] - Test split is label-only by design; no test click dataset was loaded.
[2026-06-18 16:55:59,379][feature_based_propensities_for_ULTR.data.runtime.alignment][INFO] - Applying data cutoff override: configured=25, natural=25, effective=25
[2026-06-18 16:55:59,379][feature_based_propensities_for_ULTR.data.runtime.alignment][INFO] - Applying data cutoff override: configured=25, natural=25, effective=25
[2026-06-18 16:55:59,472][feature_based_propensities_for_ULTR.data.runtime.aggregation][INFO] - Initializing simulator...
[2026-06-18 16:55:59,473][feature_based_propensities_for_ULTR.data.runtime.aggregation][INFO] - Aggregating train dataset...
[2026-06-18 16:56:04,586][feature_based_propensities_for_ULTR.data.runtime.aggregation][INFO] - Aggregating validation dataset...
[2026-06-18 16:56:07,678][feature_based_propensities_for_ULTR.data.runtime.aggregation][INFO] - Aggregating test dataset from labels only...
[2026-06-18 16:56:08,543][feature_based_propensities_for_ULTR.data.runtime.aggregation][INFO] - Aggregation done in 9.07 seconds
[2026-06-18 16:56:08,544][feature_based_propensities_for_ULTR.data.runtime.aggregation][INFO] - Session usage after aggregation: requested(train=7500,val=2500), actual(train=7500,val=2500,test=0)
[2026-06-18 16:56:08,544][feature_based_propensities_for_ULTR.data.runtime.aggregation][INFO] - Dataset persistence disabled; skipping aggregated dataset cache save.
[2026-06-18 16:56:08,544][feature_based_propensities_for_ULTR.experiments.ips_pipeline][INFO] - Test split uses label-only evaluation; raw test click diagnostics are skipped.
[2026-06-18 16:56:08,598][feature_based_propensities_for_ULTR.experiments.diagnostics][INFO] - [Data] train_docs=2132810, val_docs=707814, test_docs=708921, cutoff=25
[2026-06-18 16:56:08,697][feature_based_propensities_for_ULTR.experiments.diagnostics][INFO] - [Train] clicks=813, displays=182801, ctr=0.0044, ctr_per_doc=0.0044
[2026-06-18 16:56:08,787][feature_based_propensities_for_ULTR.experiments.diagnostics][INFO] - [Validation] clicks=256, displays=60780, ctr=0.0042, ctr_per_doc=0.0042
[2026-06-18 16:56:08,876][feature_based_propensities_for_ULTR.experiments.diagnostics][INFO] - [Test] clicks=0, displays=0, ctr=0.0000, ctr_per_doc=0.0000
[2026-06-18 16:56:08,876][feature_based_propensities_for_ULTR.experiments.ips_pipeline][INFO] - Running estimator pipeline with model='dr'
[2026-06-18 16:56:08,876][feature_based_propensities_for_ULTR.experiments.ips_pipeline][INFO] - Computing position bias (alpha)...
[2026-06-18 16:56:08,896][ultr_bias_toolkit.bias.intervention_harvesting.all_pairs][INFO] - Position bias estimation using global all pairs estimator
[2026-06-18 16:56:58,436][feature_based_propensities_for_ULTR.experiments.position_bias_pipeline][INFO] - Saved estimated position-bias curve to position_bias.json
[2026-06-18 16:56:58,437][feature_based_propensities_for_ULTR.experiments.ips_pipeline][INFO] - Estimated position bias in-run (estimator=global_all_pairs): [ 0.         -0.9771938  -0.31619754 -1.9877821  -1.4821069  -2.5007656
 -0.6927847  -1.1175902  -2.520614   -6.9077554  -6.687395   -3.3498368
 -1.980918   -1.3638616  -0.8079081  -1.9684219  -2.8799212  -2.5885916
 -2.8438058  -6.1889668  -2.0830917  -6.9077554  -2.9451778  -3.5741003
 -6.9077554 ]
[2026-06-18 16:56:58,438][feature_based_propensities_for_ULTR.experiments.propensity_pipeline][INFO] - Computing propensity per doc (method=frequency_based)...
[2026-06-18 16:57:26,572][feature_based_propensities_for_ULTR.experiments.propensity_pipeline][INFO] - Propensity computed in 28.13 seconds
[2026-06-18 16:57:26,572][feature_based_propensities_for_ULTR.experiments.propensity_pipeline][INFO] - Alpha logits: [ 0.         -0.9771938  -0.31619754 -1.9877821  -1.4821069  -2.5007656
 -0.6927847  -1.1175902  -2.520614   -6.9077554  -6.687395   -3.3498368
 -1.980918   -1.3638616  -0.8079081  -1.9684219  -2.8799212  -2.5885916
 -2.8438058  -6.1889668  -2.0830917  -6.9077554  -2.9451778  -3.5741003
 -6.9077554 ]
[2026-06-18 16:57:26,573][feature_based_propensities_for_ULTR.experiments.propensity_pipeline][INFO] - Alpha: [0.5        0.27344894 0.42160273 0.1204917  0.18510939 0.07580452
 0.33341387 0.24645856 0.07442565 0.000999   0.00124497 0.03390051
 0.12122101 0.20361343 0.30833644 0.12255849 0.05315511 0.06987627
 0.05500239 0.00204774 0.11075111 0.000999   0.04996492 0.02727581
 0.000999  ]
[2026-06-18 16:57:26,574][feature_based_propensities_for_ULTR.experiments.propensity_pipeline][INFO] - Propensity clipping disabled.
[2026-06-18 16:57:26,574][feature_based_propensities_for_ULTR.experiments.propensity_pipeline][INFO] - Computing propensity per doc (method=frequency_based)...
[2026-06-18 16:57:52,917][feature_based_propensities_for_ULTR.experiments.propensity_pipeline][INFO] - Propensity computed in 26.34 seconds
[2026-06-18 16:57:52,917][feature_based_propensities_for_ULTR.experiments.propensity_pipeline][INFO] - Alpha logits: [ 0.         -0.9771938  -0.31619754 -1.9877821  -1.4821069  -2.5007656
 -0.6927847  -1.1175902  -2.520614   -6.9077554  -6.687395   -3.3498368
 -1.980918   -1.3638616  -0.8079081  -1.9684219  -2.8799212  -2.5885916
 -2.8438058  -6.1889668  -2.0830917  -6.9077554  -2.9451778  -3.5741003
 -6.9077554 ]
[2026-06-18 16:57:52,918][feature_based_propensities_for_ULTR.experiments.propensity_pipeline][INFO] - Alpha: [0.5        0.27344894 0.42160273 0.1204917  0.18510939 0.07580452
 0.33341387 0.24645856 0.07442565 0.000999   0.00124497 0.03390051
 0.12122101 0.20361343 0.30833644 0.12255849 0.05315511 0.06987627
 0.05500239 0.00204774 0.11075111 0.000999   0.04996492 0.02727581
 0.000999  ]
[2026-06-18 16:57:54,109][feature_based_propensities_for_ULTR.experiments.regression_pipeline][INFO] - Training regression model for DM/DR...
[2026-06-18 16:58:01,769][feature_based_propensities_for_ULTR.experiments.regression_pipeline][INFO] - Regression epoch 3: train_loss=0.579013 val_loss=0.587049
[2026-06-18 16:58:08,345][feature_based_propensities_for_ULTR.experiments.regression_pipeline][INFO] - Regression epoch 6: train_loss=0.487881 val_loss=0.651307
[2026-06-18 16:58:14,593][feature_based_propensities_for_ULTR.experiments.ips_pipeline][INFO] - Computing DR doc weights...
[2026-06-18 16:58:14,620][feature_based_propensities_for_ULTR.experiments.ips_pipeline][INFO] - Doc weights computed in 0.03 seconds
[2026-06-18 16:58:14,631][feature_based_propensities_for_ULTR.experiments.model_pipeline][INFO] - Loading trainer (trainer_type='pl-rank', n_samples=100)...
[2026-06-18 16:58:14,633][feature_based_propensities_for_ULTR.experiments.model_pipeline][INFO] - Trainer loaded in 0.00 seconds
[2026-06-18 16:58:14,633][feature_based_propensities_for_ULTR.experiments.model_pipeline][INFO] - Training model...
[2026-06-18 17:53:11,620][feature_based_propensities_for_ULTR.experiments.ips_pipeline][INFO] - Final evaluation results:
{'metrics': {'CTR': 0.5743091702461243,
             'DCG': 1.368111252784729,
             'NCTR': 0.319901704788208,
             'NDCG': 0.3648907244205475,
             'NDCG@25': 0.3648907244205475,
             'NRCTR': 0.319901704788208,
             'RCTR': 0.5743091702461243}}
[2026-06-18 17:53:11,658][submitit][INFO] - Job completed successfully
[2026-06-18 17:53:11,667][submitit][INFO] - Exiting after successful completion
