[2026-03-18 21:52:53,414][jax._src.xla_bridge][ERROR] - Jax plugin configuration error: Exception when calling jax_plugins.xla_cuda12.initialize()
Traceback (most recent call last):
  File "/gpfs/home5/sfris1/two-towers-confounding-project/.venv/lib/python3.11/site-packages/jax/_src/xla_bridge.py", line 485, in discover_pjrt_plugins
    plugin_module.initialize()
  File "/gpfs/home5/sfris1/two-towers-confounding-project/.venv/lib/python3.11/site-packages/jax_plugins/xla_cuda12/__init__.py", line 328, in initialize
    _check_cuda_versions(raise_on_first_error=True)
  File "/gpfs/home5/sfris1/two-towers-confounding-project/.venv/lib/python3.11/site-packages/jax_plugins/xla_cuda12/__init__.py", line 285, in _check_cuda_versions
    local_device_count = cuda_versions.cuda_device_count()
                         ^^^^^^^^^^^^^^^^^^^^^^^^^^^^^^^^^
RuntimeError: jaxlib/cuda/versions_helpers.cc:113: operation cuInit(0) failed: CUDA_ERROR_NO_DEVICE
[2026-03-18 21:52:54,425][two_tower_confounding.experiments.ips_pipeline][WARNING] - wandb.init failed (Error uploading run: returned error 403: {"data":{"upsertBucket":null},"errors":[{"message":"permission denied","path":["upsertBucket"],"extensions":{"code":"PERMISSION_ERROR"}}]}). Continuing with local logging only.
[2026-03-18 21:52:54,426][two_tower_confounding.experiments.ips_pipeline][WARNING] - Disabling wandb for trainer components because initialization failed.
[2026-03-18 21:52:54,426][two_tower_confounding.experiments.config_resolver][WARNING] - test_clicks=500000 is ignored because test_set_mode='label_only'. Set test_set_mode='clicks' to enable legacy click-based test behavior.
[2026-03-18 21:52:54,433][two_tower_confounding.experiments.data_pipeline][INFO] - Loading or generating click datasets...
[2026-03-18 21:53:56,601][absl][INFO] - orbax-checkpoint version: 0.11.25
[2026-03-18 21:53:56,602][absl][INFO] - Created BasePyTreeCheckpointHandler: use_ocdbt=True, use_zarr3=False, pytree_metadata_options=PyTreeMetadataOptions(support_rich_types=False), array_metadata_store=<orbax.checkpoint._src.metadata.array_metadata_store.Store object at 0x147a52b06010>, enable_pinned_host_transfer=False, save_concurrent_bytes: 96000000000 (89.4 GiB), restore_concurrent_bytes: 96000000000 (89.4 GiB)
[2026-03-18 21:53:56,602][absl][INFO] - [thread=MainThread] Failed to get flag value for EXPERIMENTAL_ORBAX_USE_DISTRIBUTED_PROCESS_ID.
[2026-03-18 21:53:56,602][absl][INFO] - [process=0][thread=MainThread] Using barrier_sync_fn: <function get_barrier_sync_fn.<locals>.<lambda> at 0x14786e09b880> timeout: 600 secs and primary_host=0 for async checkpoint writes
[2026-03-18 21:53:56,605][absl][INFO] - Restoring checkpoint from /gpfs/home5/sfris1/ltr_datasets/ips_datasets/logging_policy_c5000000_ps1p0_pt0p5_bs1p0_drop0rel0_sessallocv2_candfullv2_topx25_maxdocs200_lprdeep_lpsegreedysampler_lppct10p0.
[2026-03-18 21:53:56,627][absl][INFO] - [process=0] /jax/checkpoint/read/gbytes_per_sec: 0 Bytes/s (total gbytes: 21.4 KiB) (time elapsed: 20 milliseconds) (per-host)
[2026-03-18 21:53:56,627][absl][INFO] - Finished restoring checkpoint in 0.02 seconds from /gpfs/home5/sfris1/ltr_datasets/ips_datasets/logging_policy_c5000000_ps1p0_pt0p5_bs1p0_drop0rel0_sessallocv2_candfullv2_topx25_maxdocs200_lprdeep_lpsegreedysampler_lppct10p0.
[2026-03-18 22:01:52,822][two_tower_confounding.experiments.data_pipeline][INFO] - Loaded click datasets in 538.39 seconds (train=3750049, val=1249951, test=0)
[2026-03-18 22:01:52,822][two_tower_confounding.experiments.data_pipeline][INFO] - Test split is label-only by design; no test click dataset was loaded.
[2026-03-18 22:01:52,823][two_tower_confounding.data.runtime.aggregation][INFO] - Applying data cutoff override: configured=25, natural=25, effective=25
[2026-03-18 22:01:52,958][two_tower_confounding.data.runtime.aggregation][INFO] - Initializing simulator...
[2026-03-18 22:01:52,960][two_tower_confounding.data.runtime.aggregation][INFO] - Aggregating train dataset...
[2026-03-18 22:02:06,834][two_tower_confounding.data.runtime.aggregation][INFO] - Aggregating validation dataset...
[2026-03-18 22:02:12,716][two_tower_confounding.data.runtime.aggregation][INFO] - Aggregating test dataset from labels only...
[2026-03-18 22:02:13,694][two_tower_confounding.data.runtime.aggregation][INFO] - Aggregation done in 20.73 seconds
[2026-03-18 22:02:13,695][two_tower_confounding.data.runtime.aggregation][INFO] - Session usage after aggregation: requested(train=3750049,val=1249951), actual(train=3750049,val=1249951,test=0)
[2026-03-18 22:02:13,695][two_tower_confounding.data.runtime.aggregation][INFO] - Dataset persistence disabled; skipping aggregated dataset cache save.
[2026-03-18 22:02:13,695][two_tower_confounding.experiments.ips_pipeline][INFO] - Test split uses label-only evaluation; raw test click diagnostics are skipped.
[2026-03-18 22:02:13,760][two_tower_confounding.experiments.diagnostics][INFO] - [Data] train_docs=2132810, val_docs=707814, test_docs=708921, cutoff=25
[2026-03-18 22:02:13,844][two_tower_confounding.experiments.diagnostics][INFO] - [Train] clicks=402651, displays=91142668, ctr=0.0044, ctr_per_doc=0.0044
[2026-03-18 22:02:13,918][two_tower_confounding.experiments.diagnostics][INFO] - [Validation] clicks=135286, displays=30416264, ctr=0.0044, ctr_per_doc=0.0044
[2026-03-18 22:02:13,993][two_tower_confounding.experiments.diagnostics][INFO] - [Test] clicks=0, displays=0, ctr=0.0000, ctr_per_doc=0.0000
[2026-03-18 22:02:13,993][two_tower_confounding.experiments.ips_pipeline][INFO] - Running estimator pipeline with model='dr'
[2026-03-18 22:02:13,993][two_tower_confounding.experiments.ips_pipeline][INFO] - Computing position bias (alpha)...
[2026-03-18 22:02:14,058][two_tower_confounding.experiments.propensity_pipeline][INFO] - Computing propensity per doc (method=propensity_mlp_regression)...
[2026-03-18 22:02:14,806][two_tower_confounding.experiments.propensity_pipeline][INFO] - Subsampling propensity classifier training data: 50000/3750049 samples
[2026-03-18 22:02:14,810][two_tower_confounding.experiments.propensity_pipeline][INFO] - Subsampling propensity classifier training data: 50000/1249951 samples
[2026-03-18 22:04:39,509][two_tower_confounding.experiments.propensity_pipeline][INFO] - Propensity computed in 145.45 seconds
[2026-03-18 22:04:39,509][two_tower_confounding.experiments.propensity_pipeline][INFO] - Alpha logits: [-0.     -0.6931 -1.0986 -1.3863 -1.6094 -1.7918 -1.9459 -2.0794 -2.1972
 -2.3026 -2.3979 -2.4849 -2.5649 -2.6391 -2.7081 -2.7726 -2.8332 -2.8904
 -2.9444 -2.9957 -3.0445 -3.091  -3.1355 -3.1781 -3.2189]
[2026-03-18 22:04:39,510][two_tower_confounding.experiments.propensity_pipeline][INFO] - Alpha: [0.5    0.3333 0.25   0.2    0.1667 0.1429 0.125  0.1111 0.1    0.0909
 0.0833 0.0769 0.0714 0.0667 0.0625 0.0588 0.0556 0.0526 0.05   0.0476
 0.0455 0.0435 0.0417 0.04   0.0385]
[2026-03-18 22:04:39,511][two_tower_confounding.experiments.propensity_pipeline][INFO] - Propensity clipping disabled.
[2026-03-18 22:04:39,511][two_tower_confounding.experiments.propensity_pipeline][INFO] - Computing propensity per doc (method=frequency_based)...
[2026-03-19 01:10:27,005][submitit][INFO] - Job has timed out. Ran 198 minutes out of requested 200 minutes.
[2026-03-19 01:10:27,006][submitit][WARNING] - Caught signal SIGUSR2 on tcn380.local.snellius.surf.nl: this job is timed-out.
[2026-03-19 01:10:27,007][submitit][INFO] - Calling checkpoint method.
[2026-03-19 01:10:27,045][submitit][INFO] - Job not requeued because: timed-out too many times.
[2026-03-19 01:10:27,005][submitit][WARNING] - Bypassing signal SIGCONT
[2026-03-19 01:12:59,383][submitit][WARNING] - Bypassing signal SIGTERM
[2026-03-19 01:12:59,384][submitit][WARNING] - Bypassing signal SIGCONT
[2026-03-19 01:12:59,385][submitit][WARNING] - Bypassing signal SIGTERM
