[2026-06-18 16:53:36,295][feature_based_propensities_for_ULTR.experiments.config_resolver][WARNING] - test_clicks=500000 is ignored because test_set_mode='label_only'. Set test_set_mode='clicks' to enable legacy click-based test behavior.
[2026-06-18 16:53:36,300][feature_based_propensities_for_ULTR.experiments.data_pipeline][INFO] - Loading or generating click datasets...
[2026-06-18 16:53:59,522][absl][INFO] - orbax-checkpoint version: 0.11.40
[2026-06-18 16:53:59,523][absl][INFO] - save_device_host_concurrent_bytes=None
[2026-06-18 16:53:59,523][absl][INFO] - Created BasePyTreeCheckpointHandler: use_ocdbt=True, use_zarr3=False, pytree_metadata_options=PyTreeMetadataOptions(support_rich_types=False), array_metadata_store=<orbax.checkpoint._src.metadata.array_metadata_store.Store object at 0x1485a072fd90>, enable_pinned_host_transfer=False, save_concurrent_bytes: 96000000000 (89.4 GiB), restore_concurrent_bytes: 96000000000 (89.4 GiB)
[2026-06-18 16:53:59,523][absl][INFO] - [thread=MainThread] Failed to get flag value for EXPERIMENTAL_ORBAX_USE_DISTRIBUTED_PROCESS_ID.
[2026-06-18 16:53:59,523][absl][INFO] - [process=0][thread=MainThread] Using barrier_sync_fn: <function get_barrier_sync_fn.<locals>.<lambda> at 0x1484ff3c3880> timeout: 1200 secs and primary_host=0 for async checkpoint writes
[2026-06-18 16:53:59,524][absl][INFO] - [process=0] [sync] Started load checkpoint @ /gpfs/home5/sfris1/ltr_datasets/ips_datasets/logging_policy_c10000_ps1p0_pt0p5_bs1p0_drop0rel0_sessallocv2_candfullv2_topx25_maxdocs80_lprdeep_lpsegreedysampler_lppct10p0.
[2026-06-18 16:53:59,526][absl][INFO] - Restoring checkpoint from /gpfs/home5/sfris1/ltr_datasets/ips_datasets/logging_policy_c10000_ps1p0_pt0p5_bs1p0_drop0rel0_sessallocv2_candfullv2_topx25_maxdocs80_lprdeep_lpsegreedysampler_lppct10p0.
[2026-06-18 16:53:59,526][absl][INFO] - [process=0] [sync] Finished blocking load in 0.00 seconds. Continuing load @ /gpfs/home5/sfris1/ltr_datasets/ips_datasets/logging_policy_c10000_ps1p0_pt0p5_bs1p0_drop0rel0_sessallocv2_candfullv2_topx25_maxdocs80_lprdeep_lpsegreedysampler_lppct10p0.
[2026-06-18 16:53:59,542][absl][INFO] - [process=0] /jax/orbax/read/worker/io/requested throughput: 8.343 MiB/s (total gbytes: 91.8 KiB) (time elapsed: 0.010740041732788086 s) (per-host)
[2026-06-18 16:53:59,543][absl][INFO] - [process=0] /jax/checkpoint/read/gbytes_per_sec: 5.522 MiB/s (total gbytes: 91.8 KiB) (time elapsed: 0.016226530075073242 s) (per-host)
[2026-06-18 16:53:59,543][absl][INFO] - [process=0] [sync] Finished load in 0.02 seconds @ /gpfs/home5/sfris1/ltr_datasets/ips_datasets/logging_policy_c10000_ps1p0_pt0p5_bs1p0_drop0rel0_sessallocv2_candfullv2_topx25_maxdocs80_lprdeep_lpsegreedysampler_lppct10p0
[2026-06-18 16:54:03,774][feature_based_propensities_for_ULTR.experiments.data_pipeline][INFO] - Loaded click datasets in 27.47 seconds (train=8694, val=1306, test=0)
[2026-06-18 16:54:03,774][feature_based_propensities_for_ULTR.experiments.data_pipeline][INFO] - Test split is label-only by design; no test click dataset was loaded.
[2026-06-18 16:54:03,774][feature_based_propensities_for_ULTR.data.runtime.alignment][INFO] - Applying data cutoff override: configured=25, natural=25, effective=25
[2026-06-18 16:54:03,774][feature_based_propensities_for_ULTR.data.runtime.alignment][INFO] - Applying data cutoff override: configured=25, natural=25, effective=25
[2026-06-18 16:54:03,866][feature_based_propensities_for_ULTR.data.runtime.aggregation][INFO] - Initializing simulator...
[2026-06-18 16:54:03,866][feature_based_propensities_for_ULTR.data.runtime.aggregation][INFO] - Aggregating train dataset...
[2026-06-18 16:54:09,969][feature_based_propensities_for_ULTR.data.runtime.aggregation][INFO] - Aggregating validation dataset...
[2026-06-18 16:54:12,493][feature_based_propensities_for_ULTR.data.runtime.aggregation][INFO] - Aggregating test dataset from labels only...
[2026-06-18 16:54:14,148][feature_based_propensities_for_ULTR.data.runtime.aggregation][INFO] - Aggregation done in 10.28 seconds
[2026-06-18 16:54:14,149][feature_based_propensities_for_ULTR.data.runtime.aggregation][INFO] - Session usage after aggregation: requested(train=8694,val=1306), actual(train=8694,val=1306,test=0)
[2026-06-18 16:54:14,149][feature_based_propensities_for_ULTR.data.runtime.aggregation][INFO] - Dataset persistence disabled; skipping aggregated dataset cache save.
[2026-06-18 16:54:14,149][feature_based_propensities_for_ULTR.experiments.ips_pipeline][INFO] - Test split uses label-only evaluation; raw test click diagnostics are skipped.
[2026-06-18 16:54:14,171][feature_based_propensities_for_ULTR.experiments.diagnostics][INFO] - [Data] train_docs=470251, val_docs=70687, test_docs=164676, cutoff=25
[2026-06-18 16:54:14,257][feature_based_propensities_for_ULTR.experiments.diagnostics][INFO] - [Train] clicks=1396, displays=147058, ctr=0.0095, ctr_per_doc=0.0095
[2026-06-18 16:54:14,338][feature_based_propensities_for_ULTR.experiments.diagnostics][INFO] - [Validation] clicks=249, displays=22219, ctr=0.0112, ctr_per_doc=0.0112
[2026-06-18 16:54:14,454][feature_based_propensities_for_ULTR.experiments.diagnostics][INFO] - [Test] clicks=0, displays=0, ctr=0.0000, ctr_per_doc=0.0000
[2026-06-18 16:54:14,454][feature_based_propensities_for_ULTR.experiments.ips_pipeline][INFO] - Running estimator pipeline with model='ips'
[2026-06-18 16:54:14,454][feature_based_propensities_for_ULTR.experiments.ips_pipeline][INFO] - Computing position bias (alpha)...
[2026-06-18 16:54:14,471][ultr_bias_toolkit.bias.intervention_harvesting.all_pairs][INFO] - Position bias estimation using global all pairs estimator
[2026-06-18 16:55:04,031][feature_based_propensities_for_ULTR.experiments.position_bias_pipeline][INFO] - Saved estimated position-bias curve to position_bias.json
[2026-06-18 16:55:04,032][feature_based_propensities_for_ULTR.experiments.ips_pipeline][INFO] - Estimated position bias in-run (estimator=global_all_pairs): [ 0.        -0.8815775 -1.105892  -1.5268389 -1.7802248 -1.7203138
 -1.9513736 -1.765233  -2.8835838 -2.8340034 -2.4918752 -2.6124048
 -2.6923263 -2.3944983 -2.3275318 -1.1433849 -6.9077554 -2.6273816
 -3.0806417 -2.9504175 -2.0979013 -3.3233616 -3.2534103 -6.9077554
 -2.6826952]
[2026-06-18 16:55:04,033][feature_based_propensities_for_ULTR.experiments.propensity_pipeline][INFO] - Computing propensity per doc (method=propensity_mlp_regression)...
[2026-06-18 16:55:51,510][feature_based_propensities_for_ULTR.experiments.propensity_pipeline][INFO] - Propensity computed in 47.48 seconds
[2026-06-18 16:55:51,510][feature_based_propensities_for_ULTR.experiments.propensity_pipeline][INFO] - Alpha logits: [ 0.     -0.8816 -1.1059 -1.5268 -1.7802 -1.7203 -1.9514 -1.7652 -2.8836
 -2.834  -2.4919 -2.6124 -2.6923 -2.3945 -2.3275 -1.1434 -6.9078 -2.6274
 -3.0806 -2.9504 -2.0979 -3.3234 -3.2534 -6.9078 -2.6827]
[2026-06-18 16:55:51,511][feature_based_propensities_for_ULTR.experiments.propensity_pipeline][INFO] - Alpha: [0.5    0.2929 0.2486 0.1785 0.1443 0.1518 0.1244 0.1461 0.053  0.0555
 0.0764 0.0683 0.0634 0.0836 0.0889 0.2417 0.001  0.0674 0.0439 0.0497
 0.1093 0.0348 0.0372 0.001  0.064 ]
[2026-06-18 16:55:51,512][feature_based_propensities_for_ULTR.experiments.propensity_pipeline][INFO] - Propensity clipping disabled.
[2026-06-18 16:55:51,512][feature_based_propensities_for_ULTR.experiments.ips_pipeline][INFO] - Computing IPS doc weights...
[2026-06-18 16:55:51,969][feature_based_propensities_for_ULTR.experiments.ips_pipeline][INFO] - Doc weights computed in 0.46 seconds
[2026-06-18 16:55:51,976][feature_based_propensities_for_ULTR.experiments.model_pipeline][INFO] - Loading trainer (trainer_type='pl-rank', n_samples=100)...
[2026-06-18 16:55:51,978][feature_based_propensities_for_ULTR.experiments.model_pipeline][INFO] - Trainer loaded in 0.00 seconds
[2026-06-18 16:55:51,978][feature_based_propensities_for_ULTR.experiments.model_pipeline][INFO] - Training model...
[2026-06-18 16:57:07,058][feature_based_propensities_for_ULTR.experiments.ips_pipeline][INFO] - Final evaluation results:
{'metrics': {'CTR': 0.839077353477478,
             'DCG': 2.133514404296875,
             'NCTR': 0.6958886384963989,
             'NDCG': 0.7689319849014282,
             'NDCG@25': 0.7689319849014282,
             'NRCTR': 0.6958886384963989,
             'RCTR': 0.839077353477478}}
[2026-06-18 16:57:07,085][submitit][INFO] - Job completed successfully
[2026-06-18 16:57:07,095][submitit][INFO] - Exiting after successful completion
