[2026-05-05 10:53:33,059][two_tower_confounding.experiments.config_resolver][WARNING] - test_clicks=500000 is ignored because test_set_mode='label_only'. Set test_set_mode='clicks' to enable legacy click-based test behavior.
[2026-05-05 10:53:33,065][two_tower_confounding.experiments.data_pipeline][INFO] - Loading or generating click datasets...
[2026-05-05 10:53:56,917][absl][INFO] - orbax-checkpoint version: 0.11.37
[2026-05-05 10:53:56,917][absl][INFO] - save_device_host_concurrent_bytes=None
[2026-05-05 10:53:56,917][absl][INFO] - Created BasePyTreeCheckpointHandler: use_ocdbt=True, use_zarr3=False, pytree_metadata_options=PyTreeMetadataOptions(support_rich_types=False), array_metadata_store=<orbax.checkpoint._src.metadata.array_metadata_store.Store object at 0x150a8e0b1a90>, enable_pinned_host_transfer=False, save_concurrent_bytes: 96000000000 (89.4 GiB), restore_concurrent_bytes: 96000000000 (89.4 GiB)
[2026-05-05 10:53:56,918][absl][INFO] - [thread=MainThread] Failed to get flag value for EXPERIMENTAL_ORBAX_USE_DISTRIBUTED_PROCESS_ID.
[2026-05-05 10:53:56,918][absl][INFO] - [process=0][thread=MainThread] Using barrier_sync_fn: <function get_barrier_sync_fn.<locals>.<lambda> at 0x150a01dfd800> timeout: 1200 secs and primary_host=0 for async checkpoint writes
[2026-05-05 10:53:56,918][absl][INFO] - [process=0] [sync] Started load checkpoint @ /gpfs/home5/sfris1/ltr_datasets/ips_datasets/logging_policy_c100000_ps1p0_pt0p5_bs1p0_drop0rel0_sessallocv2_candfullv2_topx25_maxdocs80_lprdeep_lpsegreedysampler_lppct10p0.
[2026-05-05 10:53:56,920][absl][INFO] - Restoring checkpoint from /gpfs/home5/sfris1/ltr_datasets/ips_datasets/logging_policy_c100000_ps1p0_pt0p5_bs1p0_drop0rel0_sessallocv2_candfullv2_topx25_maxdocs80_lprdeep_lpsegreedysampler_lppct10p0.
[2026-05-05 10:53:56,921][absl][INFO] - [process=0] [sync] Finished blocking load in 0.00 seconds. Continuing load @ /gpfs/home5/sfris1/ltr_datasets/ips_datasets/logging_policy_c100000_ps1p0_pt0p5_bs1p0_drop0rel0_sessallocv2_candfullv2_topx25_maxdocs80_lprdeep_lpsegreedysampler_lppct10p0.
[2026-05-05 10:53:56,937][absl][INFO] - [process=0] /jax/orbax/read/worker/io/requested throughput: 8.185 MiB/s (total gbytes: 91.8 KiB) (time elapsed: 0.010947465896606445 s) (per-host)
[2026-05-05 10:53:56,938][absl][INFO] - [process=0] /jax/checkpoint/read/gbytes_per_sec: 5.387 MiB/s (total gbytes: 91.8 KiB) (time elapsed: 0.016634702682495117 s) (per-host)
[2026-05-05 10:53:56,938][absl][INFO] - [process=0] [sync] Finished load in 0.02 seconds @ /gpfs/home5/sfris1/ltr_datasets/ips_datasets/logging_policy_c100000_ps1p0_pt0p5_bs1p0_drop0rel0_sessallocv2_candfullv2_topx25_maxdocs80_lprdeep_lpsegreedysampler_lppct10p0
[2026-05-05 10:54:08,382][two_tower_confounding.experiments.data_pipeline][INFO] - Loaded click datasets in 35.32 seconds (train=86947, val=13053, test=0)
[2026-05-05 10:54:08,382][two_tower_confounding.experiments.data_pipeline][INFO] - Test split is label-only by design; no test click dataset was loaded.
[2026-05-05 10:54:08,382][two_tower_confounding.data.runtime.alignment][INFO] - Applying data cutoff override: configured=25, natural=25, effective=25
[2026-05-05 10:54:08,383][two_tower_confounding.data.runtime.alignment][INFO] - Applying data cutoff override: configured=25, natural=25, effective=25
[2026-05-05 10:54:08,476][two_tower_confounding.data.runtime.aggregation][INFO] - Initializing simulator...
[2026-05-05 10:54:08,476][two_tower_confounding.data.runtime.aggregation][INFO] - Aggregating train dataset...
[2026-05-05 10:54:14,730][two_tower_confounding.data.runtime.aggregation][INFO] - Aggregating validation dataset...
[2026-05-05 10:54:17,286][two_tower_confounding.data.runtime.aggregation][INFO] - Aggregating test dataset from labels only...
[2026-05-05 10:54:19,027][two_tower_confounding.data.runtime.aggregation][INFO] - Aggregation done in 10.55 seconds
[2026-05-05 10:54:19,028][two_tower_confounding.data.runtime.aggregation][INFO] - Session usage after aggregation: requested(train=86947,val=13053), actual(train=86947,val=13053,test=0)
[2026-05-05 10:54:19,028][two_tower_confounding.data.runtime.aggregation][INFO] - Dataset persistence disabled; skipping aggregated dataset cache save.
[2026-05-05 10:54:19,028][two_tower_confounding.experiments.ips_pipeline][INFO] - Test split uses label-only evaluation; raw test click diagnostics are skipped.
[2026-05-05 10:54:19,054][two_tower_confounding.experiments.diagnostics][INFO] - [Data] train_docs=470251, val_docs=70687, test_docs=164676, cutoff=25
[2026-05-05 10:54:19,146][two_tower_confounding.experiments.diagnostics][INFO] - [Train] clicks=13115, displays=1471619, ctr=0.0089, ctr_per_doc=0.0089
[2026-05-05 10:54:19,230][two_tower_confounding.experiments.diagnostics][INFO] - [Validation] clicks=1959, displays=219167, ctr=0.0089, ctr_per_doc=0.0089
[2026-05-05 10:54:19,350][two_tower_confounding.experiments.diagnostics][INFO] - [Test] clicks=0, displays=0, ctr=0.0000, ctr_per_doc=0.0000
[2026-05-05 10:54:19,350][two_tower_confounding.experiments.ips_pipeline][INFO] - Running estimator pipeline with model='dr'
[2026-05-05 10:54:19,350][two_tower_confounding.experiments.ips_pipeline][INFO] - Computing position bias (alpha)...
[2026-05-05 10:54:19,357][two_tower_confounding.experiments.ips_pipeline][INFO] - Loaded CSV position bias from /gpfs/home5/sfris1/Doubly-Robust-Optimization-With-Two-Tower-Models/results/position_bias_csv_smoke.csv (method=adjacent_chain): [ 0.         -0.61061436 -0.9636136  -1.3918216  -1.8466424  -2.0047195
 -2.345135   -2.410578   -2.5700867  -2.8911116  -3.2466629  -3.20286
 -2.7213922  -2.6307952  -2.436438   -2.3167303  -2.5692418  -1.9294696
 -1.5668246  -2.3777547  -1.2193924  -0.3031017   0.64597887  0.64597887
  0.6859842 ]
[2026-05-05 10:54:19,359][two_tower_confounding.experiments.propensity_pipeline][INFO] - Computing propensity per doc (method=propensity_mlp_regression)...
[2026-05-05 10:54:20,020][two_tower_confounding.experiments.propensity_pipeline][INFO] - Subsampling propensity classifier training data: 50000/86947 samples
[2026-05-05 10:58:45,105][two_tower_confounding.experiments.propensity_pipeline][INFO] - Propensity computed in 265.75 seconds
[2026-05-05 10:58:45,105][two_tower_confounding.experiments.propensity_pipeline][INFO] - Alpha logits: [ 0.     -0.6106 -0.9636 -1.3918 -1.8466 -2.0047 -2.3451 -2.4106 -2.5701
 -2.8911 -3.2467 -3.2029 -2.7214 -2.6308 -2.4364 -2.3167 -2.5692 -1.9295
 -1.5668 -2.3778 -1.2194 -0.3031  0.646   0.646   0.686 ]
[2026-05-05 10:58:45,106][two_tower_confounding.experiments.propensity_pipeline][INFO] - Alpha: [0.5    0.3519 0.2762 0.1991 0.1363 0.1187 0.0875 0.0824 0.0711 0.0526
 0.0374 0.0391 0.0617 0.0672 0.0804 0.0897 0.0711 0.1268 0.1727 0.0849
 0.228  0.4248 0.6561 0.6561 0.6651]
[2026-05-05 10:58:45,107][two_tower_confounding.experiments.propensity_pipeline][INFO] - Propensity clipping disabled.
[2026-05-05 10:58:45,107][two_tower_confounding.experiments.propensity_pipeline][INFO] - Computing propensity per doc (method=frequency_based)...
[2026-05-05 10:59:48,679][two_tower_confounding.experiments.propensity_pipeline][INFO] - Propensity computed in 63.57 seconds
[2026-05-05 10:59:48,679][two_tower_confounding.experiments.propensity_pipeline][INFO] - Alpha logits: [ 0.     -0.6106 -0.9636 -1.3918 -1.8466 -2.0047 -2.3451 -2.4106 -2.5701
 -2.8911 -3.2467 -3.2029 -2.7214 -2.6308 -2.4364 -2.3167 -2.5692 -1.9295
 -1.5668 -2.3778 -1.2194 -0.3031  0.646   0.646   0.686 ]
[2026-05-05 10:59:48,680][two_tower_confounding.experiments.propensity_pipeline][INFO] - Alpha: [0.5    0.3519 0.2762 0.1991 0.1363 0.1187 0.0875 0.0824 0.0711 0.0526
 0.0374 0.0391 0.0617 0.0672 0.0804 0.0897 0.0711 0.1268 0.1727 0.0849
 0.228  0.4248 0.6561 0.6561 0.6651]
[2026-05-05 10:59:50,155][two_tower_confounding.experiments.regression_pipeline][INFO] - Training regression model for DM/DR...
[2026-05-05 11:00:12,028][two_tower_confounding.experiments.regression_pipeline][INFO] - Regression epoch 3: train_loss=0.148799 val_loss=0.149158
[2026-05-05 11:00:32,509][two_tower_confounding.experiments.regression_pipeline][INFO] - Regression epoch 6: train_loss=0.146918 val_loss=0.149828
[2026-05-05 11:00:34,369][two_tower_confounding.experiments.ips_pipeline][INFO] - Computing DR doc weights...
[2026-05-05 11:00:34,375][two_tower_confounding.experiments.ips_pipeline][INFO] - Doc weights computed in 0.01 seconds
[2026-05-05 11:00:34,382][two_tower_confounding.experiments.model_pipeline][INFO] - Loading trainer (trainer_type='pl-rank', n_samples=100)...
[2026-05-05 11:00:34,384][two_tower_confounding.experiments.model_pipeline][INFO] - Trainer loaded in 0.00 seconds
[2026-05-05 11:00:34,384][two_tower_confounding.experiments.model_pipeline][INFO] - Training model...
[2026-05-05 11:38:28,133][two_tower_confounding.experiments.ips_pipeline][INFO] - Final evaluation results:
{'metrics': {'CTR': 1.140252947807312,
             'DCG': 2.1360201835632324,
             'NCTR': 0.481851726770401,
             'NDCG': 0.7697015404701233,
             'NDCG@25': 0.7697015404701233,
             'NRCTR': 0.481851726770401,
             'RCTR': 1.140252947807312}}
[2026-05-05 11:38:28,160][submitit][INFO] - Job completed successfully
[2026-05-05 11:38:28,170][submitit][INFO] - Exiting after successful completion
