[2026-05-05 10:52:58,380][two_tower_confounding.experiments.config_resolver][WARNING] - test_clicks=500000 is ignored because test_set_mode='label_only'. Set test_set_mode='clicks' to enable legacy click-based test behavior.
[2026-05-05 10:52:58,387][two_tower_confounding.experiments.data_pipeline][INFO] - Loading or generating click datasets...
[2026-05-05 10:53:22,586][absl][INFO] - orbax-checkpoint version: 0.11.37
[2026-05-05 10:53:22,586][absl][INFO] - save_device_host_concurrent_bytes=None
[2026-05-05 10:53:22,586][absl][INFO] - Created BasePyTreeCheckpointHandler: use_ocdbt=True, use_zarr3=False, pytree_metadata_options=PyTreeMetadataOptions(support_rich_types=False), array_metadata_store=<orbax.checkpoint._src.metadata.array_metadata_store.Store object at 0x154c16ef2890>, enable_pinned_host_transfer=False, save_concurrent_bytes: 96000000000 (89.4 GiB), restore_concurrent_bytes: 96000000000 (89.4 GiB)
[2026-05-05 10:53:22,587][absl][INFO] - [thread=MainThread] Failed to get flag value for EXPERIMENTAL_ORBAX_USE_DISTRIBUTED_PROCESS_ID.
[2026-05-05 10:53:22,587][absl][INFO] - [process=0][thread=MainThread] Using barrier_sync_fn: <function get_barrier_sync_fn.<locals>.<lambda> at 0x154b7cb4d800> timeout: 1200 secs and primary_host=0 for async checkpoint writes
[2026-05-05 10:53:22,587][absl][INFO] - [process=0] [sync] Started load checkpoint @ /gpfs/home5/sfris1/ltr_datasets/ips_datasets/logging_policy_c10000_ps1p0_pt0p5_bs1p0_drop0rel0_sessallocv2_candfullv2_topx25_maxdocs80_lprdeep_lpsegreedysampler_lppct10p0.
[2026-05-05 10:53:22,589][absl][INFO] - Restoring checkpoint from /gpfs/home5/sfris1/ltr_datasets/ips_datasets/logging_policy_c10000_ps1p0_pt0p5_bs1p0_drop0rel0_sessallocv2_candfullv2_topx25_maxdocs80_lprdeep_lpsegreedysampler_lppct10p0.
[2026-05-05 10:53:22,589][absl][INFO] - [process=0] [sync] Finished blocking load in 0.00 seconds. Continuing load @ /gpfs/home5/sfris1/ltr_datasets/ips_datasets/logging_policy_c10000_ps1p0_pt0p5_bs1p0_drop0rel0_sessallocv2_candfullv2_topx25_maxdocs80_lprdeep_lpsegreedysampler_lppct10p0.
[2026-05-05 10:53:22,609][absl][INFO] - [process=0] /jax/orbax/read/worker/io/requested throughput: 6.622 MiB/s (total gbytes: 91.8 KiB) (time elapsed: 0.013531684875488281 s) (per-host)
[2026-05-05 10:53:22,611][absl][INFO] - [process=0] /jax/checkpoint/read/gbytes_per_sec: 4.457 MiB/s (total gbytes: 91.8 KiB) (time elapsed: 0.02010512351989746 s) (per-host)
[2026-05-05 10:53:22,611][absl][INFO] - [process=0] [sync] Finished load in 0.02 seconds @ /gpfs/home5/sfris1/ltr_datasets/ips_datasets/logging_policy_c10000_ps1p0_pt0p5_bs1p0_drop0rel0_sessallocv2_candfullv2_topx25_maxdocs80_lprdeep_lpsegreedysampler_lppct10p0
[2026-05-05 10:53:26,817][two_tower_confounding.experiments.data_pipeline][INFO] - Loaded click datasets in 28.43 seconds (train=8694, val=1306, test=0)
[2026-05-05 10:53:26,817][two_tower_confounding.experiments.data_pipeline][INFO] - Test split is label-only by design; no test click dataset was loaded.
[2026-05-05 10:53:26,817][two_tower_confounding.data.runtime.alignment][INFO] - Applying data cutoff override: configured=25, natural=25, effective=25
[2026-05-05 10:53:26,817][two_tower_confounding.data.runtime.alignment][INFO] - Applying data cutoff override: configured=25, natural=25, effective=25
[2026-05-05 10:53:26,909][two_tower_confounding.data.runtime.aggregation][INFO] - Initializing simulator...
[2026-05-05 10:53:26,910][two_tower_confounding.data.runtime.aggregation][INFO] - Aggregating train dataset...
[2026-05-05 10:53:33,013][two_tower_confounding.data.runtime.aggregation][INFO] - Aggregating validation dataset...
[2026-05-05 10:53:35,317][two_tower_confounding.data.runtime.aggregation][INFO] - Aggregating test dataset from labels only...
[2026-05-05 10:53:37,129][two_tower_confounding.data.runtime.aggregation][INFO] - Aggregation done in 10.22 seconds
[2026-05-05 10:53:37,130][two_tower_confounding.data.runtime.aggregation][INFO] - Session usage after aggregation: requested(train=8694,val=1306), actual(train=8694,val=1306,test=0)
[2026-05-05 10:53:37,130][two_tower_confounding.data.runtime.aggregation][INFO] - Dataset persistence disabled; skipping aggregated dataset cache save.
[2026-05-05 10:53:37,130][two_tower_confounding.experiments.ips_pipeline][INFO] - Test split uses label-only evaluation; raw test click diagnostics are skipped.
[2026-05-05 10:53:37,152][two_tower_confounding.experiments.diagnostics][INFO] - [Data] train_docs=470251, val_docs=70687, test_docs=164676, cutoff=25
[2026-05-05 10:53:37,238][two_tower_confounding.experiments.diagnostics][INFO] - [Train] clicks=1353, displays=147293, ctr=0.0092, ctr_per_doc=0.0092
[2026-05-05 10:53:37,317][two_tower_confounding.experiments.diagnostics][INFO] - [Validation] clicks=160, displays=21371, ctr=0.0075, ctr_per_doc=0.0075
[2026-05-05 10:53:37,431][two_tower_confounding.experiments.diagnostics][INFO] - [Test] clicks=0, displays=0, ctr=0.0000, ctr_per_doc=0.0000
[2026-05-05 10:53:37,432][two_tower_confounding.experiments.ips_pipeline][INFO] - Running estimator pipeline with model='dm'
[2026-05-05 10:53:37,432][two_tower_confounding.experiments.ips_pipeline][INFO] - Computing position bias (alpha)...
[2026-05-05 10:53:37,441][two_tower_confounding.experiments.ips_pipeline][INFO] - Loaded CSV position bias from /gpfs/home5/sfris1/Doubly-Robust-Optimization-With-Two-Tower-Models/results/position_bias_csv_smoke.csv (method=adjacent_chain): [ 0.         -0.56798404  0.12516314  0.12516314 -6.9077554  -6.9077554
 -6.9077554  -6.9077554  -6.9077554  -6.9077554  -6.9077554  -6.9077554
 -6.9077554  -6.9077554  -6.9077554  -6.9077554  -6.9077554  -6.9077554
 -6.9077554  -6.9077554  -6.9077554  -6.9077554  -6.9077554  -6.9077554
 -6.9077554 ]
[2026-05-05 10:53:37,442][two_tower_confounding.experiments.propensity_pipeline][INFO] - Computing propensity per doc (method=true_propensity)...
[2026-05-05 10:53:45,700][two_tower_confounding.experiments.propensity_pipeline][INFO] - Propensity computed in 8.26 seconds
[2026-05-05 10:53:45,701][two_tower_confounding.experiments.propensity_pipeline][INFO] - Alpha logits: [ 0.         -0.56798404  0.12516314  0.12516314 -6.9077554  -6.9077554
 -6.9077554  -6.9077554  -6.9077554  -6.9077554  -6.9077554  -6.9077554
 -6.9077554  -6.9077554  -6.9077554  -6.9077554  -6.9077554  -6.9077554
 -6.9077554  -6.9077554  -6.9077554  -6.9077554  -6.9077554  -6.9077554
 -6.9077554 ]
[2026-05-05 10:53:45,702][two_tower_confounding.experiments.propensity_pipeline][INFO] - Alpha: [0.5       0.3617021 0.53125   0.53125   0.000999  0.000999  0.000999
 0.000999  0.000999  0.000999  0.000999  0.000999  0.000999  0.000999
 0.000999  0.000999  0.000999  0.000999  0.000999  0.000999  0.000999
 0.000999  0.000999  0.000999  0.000999 ]
[2026-05-05 10:53:45,702][two_tower_confounding.experiments.propensity_pipeline][INFO] - Propensity clipping disabled.
[2026-05-05 10:53:46,742][two_tower_confounding.experiments.regression_pipeline][INFO] - Training regression model for DM/DR...
[2026-05-05 10:53:53,195][two_tower_confounding.experiments.regression_pipeline][INFO] - Regression epoch 3: train_loss=-8.560447 val_loss=-4.492016
[2026-05-05 10:53:58,559][two_tower_confounding.experiments.regression_pipeline][INFO] - Regression epoch 6: train_loss=-5.168188 val_loss=-4.452769
[2026-05-05 10:54:00,351][two_tower_confounding.experiments.ips_pipeline][INFO] - Computing DM doc weights...
[2026-05-05 10:54:00,351][two_tower_confounding.experiments.ips_pipeline][INFO] - Doc weights computed in 0.00 seconds
[2026-05-05 10:54:00,358][two_tower_confounding.experiments.model_pipeline][INFO] - Loading trainer (trainer_type='pl-rank', n_samples=100)...
[2026-05-05 10:54:00,360][two_tower_confounding.experiments.model_pipeline][INFO] - Trainer loaded in 0.00 seconds
[2026-05-05 10:54:00,360][two_tower_confounding.experiments.model_pipeline][INFO] - Training model...
[2026-05-05 11:04:21,400][two_tower_confounding.experiments.ips_pipeline][INFO] - Final evaluation results:
{'metrics': {'CTR': 0.6119665503501892,
             'DCG': 1.9601017236709595,
             'NCTR': 0.5596227645874023,
             'NDCG': 0.716819167137146,
             'NDCG@25': 0.716819167137146,
             'NRCTR': 0.5596227645874023,
             'RCTR': 0.6119665503501892}}
[2026-05-05 11:04:21,425][submitit][INFO] - Job completed successfully
[2026-05-05 11:04:21,434][submitit][INFO] - Exiting after successful completion
