[2026-04-22 16:23:38,248][jax._src.xla_bridge][ERROR] - Jax plugin configuration error: Exception when calling jax_plugins.xla_cuda12.initialize()
Traceback (most recent call last):
  File "/gpfs/home5/sfris1/two-towers-confounding-project/.venv/lib/python3.11/site-packages/jax/_src/xla_bridge.py", line 485, in discover_pjrt_plugins
    plugin_module.initialize()
  File "/gpfs/home5/sfris1/two-towers-confounding-project/.venv/lib/python3.11/site-packages/jax_plugins/xla_cuda12/__init__.py", line 328, in initialize
    _check_cuda_versions(raise_on_first_error=True)
  File "/gpfs/home5/sfris1/two-towers-confounding-project/.venv/lib/python3.11/site-packages/jax_plugins/xla_cuda12/__init__.py", line 285, in _check_cuda_versions
    local_device_count = cuda_versions.cuda_device_count()
                         ^^^^^^^^^^^^^^^^^^^^^^^^^^^^^^^^^
RuntimeError: jaxlib/cuda/versions_helpers.cc:113: operation cuInit(0) failed: CUDA_ERROR_NO_DEVICE
[2026-04-22 16:23:42,733][two_tower_confounding.experiments.ips_pipeline][WARNING] - wandb.init failed (Error uploading run: returned error 403: {"data":{"upsertBucket":null},"errors":[{"message":"permission denied","path":["upsertBucket"],"extensions":{"code":"PERMISSION_ERROR"}}]}). Continuing with local logging only.
[2026-04-22 16:23:42,733][two_tower_confounding.experiments.ips_pipeline][WARNING] - Disabling wandb for trainer components because initialization failed.
[2026-04-22 16:23:42,734][two_tower_confounding.experiments.config_resolver][WARNING] - test_clicks=500000 is ignored because test_set_mode='label_only'. Set test_set_mode='clicks' to enable legacy click-based test behavior.
[2026-04-22 16:23:42,740][two_tower_confounding.experiments.data_pipeline][INFO] - Loading or generating click datasets...
[2026-04-22 16:24:06,340][absl][INFO] - orbax-checkpoint version: 0.11.25
[2026-04-22 16:24:06,340][absl][INFO] - Created BasePyTreeCheckpointHandler: use_ocdbt=True, use_zarr3=False, pytree_metadata_options=PyTreeMetadataOptions(support_rich_types=False), array_metadata_store=<orbax.checkpoint._src.metadata.array_metadata_store.Store object at 0x14b3344790d0>, enable_pinned_host_transfer=False, save_concurrent_bytes: 96000000000 (89.4 GiB), restore_concurrent_bytes: 96000000000 (89.4 GiB)
[2026-04-22 16:24:06,340][absl][INFO] - [thread=MainThread] Failed to get flag value for EXPERIMENTAL_ORBAX_USE_DISTRIBUTED_PROCESS_ID.
[2026-04-22 16:24:06,341][absl][INFO] - [process=0][thread=MainThread] Using barrier_sync_fn: <function get_barrier_sync_fn.<locals>.<lambda> at 0x14b284cb9300> timeout: 600 secs and primary_host=0 for async checkpoint writes
[2026-04-22 16:24:06,343][absl][INFO] - Restoring checkpoint from /gpfs/home5/sfris1/ltr_datasets/ips_datasets/logging_policy_c10000_ps1p0_pt0p5_bs1p0_drop0rel0_sessallocv2_candfullv2_topx25_maxdocs80_lprdeep_lpsegreedysampler_lppct10p0.
[2026-04-22 16:24:06,364][absl][INFO] - [process=0] /jax/checkpoint/read/gbytes_per_sec: 0 Bytes/s (total gbytes: 91.8 KiB) (time elapsed: 19 milliseconds) (per-host)
[2026-04-22 16:24:06,364][absl][INFO] - Finished restoring checkpoint in 0.02 seconds from /gpfs/home5/sfris1/ltr_datasets/ips_datasets/logging_policy_c10000_ps1p0_pt0p5_bs1p0_drop0rel0_sessallocv2_candfullv2_topx25_maxdocs80_lprdeep_lpsegreedysampler_lppct10p0.
[2026-04-22 16:24:11,091][two_tower_confounding.experiments.data_pipeline][INFO] - Loaded click datasets in 28.35 seconds (train=8694, val=1306, test=0)
[2026-04-22 16:24:11,091][two_tower_confounding.experiments.data_pipeline][INFO] - Test split is label-only by design; no test click dataset was loaded.
[2026-04-22 16:24:11,091][two_tower_confounding.data.runtime.alignment][INFO] - Applying data cutoff override: configured=25, natural=25, effective=25
[2026-04-22 16:24:11,091][two_tower_confounding.data.runtime.alignment][INFO] - Applying data cutoff override: configured=25, natural=25, effective=25
[2026-04-22 16:24:11,218][two_tower_confounding.data.runtime.aggregation][INFO] - Initializing simulator...
[2026-04-22 16:24:11,219][two_tower_confounding.data.runtime.aggregation][INFO] - Aggregating train dataset...
[2026-04-22 16:24:17,977][two_tower_confounding.data.runtime.aggregation][INFO] - Aggregating validation dataset...
[2026-04-22 16:24:20,792][two_tower_confounding.data.runtime.aggregation][INFO] - Aggregating test dataset from labels only...
[2026-04-22 16:24:22,535][two_tower_confounding.data.runtime.aggregation][INFO] - Aggregation done in 11.32 seconds
[2026-04-22 16:24:22,535][two_tower_confounding.data.runtime.aggregation][INFO] - Session usage after aggregation: requested(train=8694,val=1306), actual(train=8694,val=1306,test=0)
[2026-04-22 16:24:22,535][two_tower_confounding.data.runtime.aggregation][INFO] - Dataset persistence disabled; skipping aggregated dataset cache save.
[2026-04-22 16:24:22,535][two_tower_confounding.experiments.ips_pipeline][INFO] - Test split uses label-only evaluation; raw test click diagnostics are skipped.
[2026-04-22 16:24:22,560][two_tower_confounding.experiments.diagnostics][INFO] - [Data] train_docs=470251, val_docs=70687, test_docs=164676, cutoff=25
[2026-04-22 16:24:22,631][two_tower_confounding.experiments.diagnostics][INFO] - [Train] clicks=1442, displays=147751, ctr=0.0098, ctr_per_doc=0.0098
[2026-04-22 16:24:22,699][two_tower_confounding.experiments.diagnostics][INFO] - [Validation] clicks=175, displays=21330, ctr=0.0082, ctr_per_doc=0.0082
[2026-04-22 16:24:22,769][two_tower_confounding.experiments.diagnostics][INFO] - [Test] clicks=0, displays=0, ctr=0.0000, ctr_per_doc=0.0000
[2026-04-22 16:24:22,770][two_tower_confounding.experiments.ips_pipeline][INFO] - Running estimator pipeline with model='ips'
[2026-04-22 16:24:22,770][two_tower_confounding.experiments.ips_pipeline][INFO] - Computing position bias (alpha)...
[2026-04-22 16:24:22,777][submitit][INFO] - Job completed successfully
[2026-04-22 16:24:22,788][submitit][INFO] - Exiting after successful completion
[2026-04-22 16:48:08,380][jax._src.xla_bridge][ERROR] - Jax plugin configuration error: Exception when calling jax_plugins.xla_cuda12.initialize()
Traceback (most recent call last):
  File "/gpfs/home5/sfris1/two-towers-confounding-project/.venv/lib/python3.11/site-packages/jax/_src/xla_bridge.py", line 485, in discover_pjrt_plugins
    plugin_module.initialize()
  File "/gpfs/home5/sfris1/two-towers-confounding-project/.venv/lib/python3.11/site-packages/jax_plugins/xla_cuda12/__init__.py", line 328, in initialize
    _check_cuda_versions(raise_on_first_error=True)
  File "/gpfs/home5/sfris1/two-towers-confounding-project/.venv/lib/python3.11/site-packages/jax_plugins/xla_cuda12/__init__.py", line 285, in _check_cuda_versions
    local_device_count = cuda_versions.cuda_device_count()
                         ^^^^^^^^^^^^^^^^^^^^^^^^^^^^^^^^^
RuntimeError: jaxlib/cuda/versions_helpers.cc:113: operation cuInit(0) failed: CUDA_ERROR_NO_DEVICE
[2026-04-22 16:48:12,331][two_tower_confounding.experiments.ips_pipeline][WARNING] - wandb.init failed (Error uploading run: returned error 403: {"data":{"upsertBucket":null},"errors":[{"message":"permission denied","path":["upsertBucket"],"extensions":{"code":"PERMISSION_ERROR"}}]}). Continuing with local logging only.
[2026-04-22 16:48:12,332][two_tower_confounding.experiments.ips_pipeline][WARNING] - Disabling wandb for trainer components because initialization failed.
[2026-04-22 16:48:12,333][two_tower_confounding.experiments.config_resolver][WARNING] - test_clicks=500000 is ignored because test_set_mode='label_only'. Set test_set_mode='clicks' to enable legacy click-based test behavior.
[2026-04-22 16:48:12,339][two_tower_confounding.experiments.data_pipeline][INFO] - Loading or generating click datasets...
[2026-04-22 16:48:36,333][absl][INFO] - orbax-checkpoint version: 0.11.25
[2026-04-22 16:48:36,337][absl][INFO] - Created BasePyTreeCheckpointHandler: use_ocdbt=True, use_zarr3=False, pytree_metadata_options=PyTreeMetadataOptions(support_rich_types=False), array_metadata_store=<orbax.checkpoint._src.metadata.array_metadata_store.Store object at 0x153727e21550>, enable_pinned_host_transfer=False, save_concurrent_bytes: 96000000000 (89.4 GiB), restore_concurrent_bytes: 96000000000 (89.4 GiB)
[2026-04-22 16:48:36,343][absl][INFO] - [thread=MainThread] Failed to get flag value for EXPERIMENTAL_ORBAX_USE_DISTRIBUTED_PROCESS_ID.
[2026-04-22 16:48:36,343][absl][INFO] - [process=0][thread=MainThread] Using barrier_sync_fn: <function get_barrier_sync_fn.<locals>.<lambda> at 0x153660d2d300> timeout: 600 secs and primary_host=0 for async checkpoint writes
[2026-04-22 16:48:36,346][absl][INFO] - Restoring checkpoint from /gpfs/home5/sfris1/ltr_datasets/ips_datasets/logging_policy_c10000_ps1p0_pt0p5_bs1p0_drop0rel0_sessallocv2_candfullv2_topx25_maxdocs80_lprdeep_lpsegreedysampler_lppct10p0.
[2026-04-22 16:48:36,367][absl][INFO] - [process=0] /jax/checkpoint/read/gbytes_per_sec: 0 Bytes/s (total gbytes: 91.8 KiB) (time elapsed: 19 milliseconds) (per-host)
[2026-04-22 16:48:36,367][absl][INFO] - Finished restoring checkpoint in 0.02 seconds from /gpfs/home5/sfris1/ltr_datasets/ips_datasets/logging_policy_c10000_ps1p0_pt0p5_bs1p0_drop0rel0_sessallocv2_candfullv2_topx25_maxdocs80_lprdeep_lpsegreedysampler_lppct10p0.
[2026-04-22 16:48:41,287][two_tower_confounding.experiments.data_pipeline][INFO] - Loaded click datasets in 28.95 seconds (train=8694, val=1306, test=0)
[2026-04-22 16:48:41,287][two_tower_confounding.experiments.data_pipeline][INFO] - Test split is label-only by design; no test click dataset was loaded.
[2026-04-22 16:48:41,287][two_tower_confounding.data.runtime.alignment][INFO] - Applying data cutoff override: configured=25, natural=25, effective=25
[2026-04-22 16:48:41,287][two_tower_confounding.data.runtime.alignment][INFO] - Applying data cutoff override: configured=25, natural=25, effective=25
[2026-04-22 16:48:41,417][two_tower_confounding.data.runtime.aggregation][INFO] - Initializing simulator...
[2026-04-22 16:48:41,418][two_tower_confounding.data.runtime.aggregation][INFO] - Aggregating train dataset...
[2026-04-22 16:48:48,253][two_tower_confounding.data.runtime.aggregation][INFO] - Aggregating validation dataset...
[2026-04-22 16:48:51,117][two_tower_confounding.data.runtime.aggregation][INFO] - Aggregating test dataset from labels only...
[2026-04-22 16:48:52,998][two_tower_confounding.data.runtime.aggregation][INFO] - Aggregation done in 11.58 seconds
[2026-04-22 16:48:52,998][two_tower_confounding.data.runtime.aggregation][INFO] - Session usage after aggregation: requested(train=8694,val=1306), actual(train=8694,val=1306,test=0)
[2026-04-22 16:48:52,998][two_tower_confounding.data.runtime.aggregation][INFO] - Dataset persistence disabled; skipping aggregated dataset cache save.
[2026-04-22 16:48:52,998][two_tower_confounding.experiments.ips_pipeline][INFO] - Test split uses label-only evaluation; raw test click diagnostics are skipped.
[2026-04-22 16:48:53,026][two_tower_confounding.experiments.diagnostics][INFO] - [Data] train_docs=470251, val_docs=70687, test_docs=164676, cutoff=25
[2026-04-22 16:48:53,101][two_tower_confounding.experiments.diagnostics][INFO] - [Train] clicks=1442, displays=147751, ctr=0.0098, ctr_per_doc=0.0098
[2026-04-22 16:48:53,172][two_tower_confounding.experiments.diagnostics][INFO] - [Validation] clicks=175, displays=21330, ctr=0.0082, ctr_per_doc=0.0082
[2026-04-22 16:48:53,243][two_tower_confounding.experiments.diagnostics][INFO] - [Test] clicks=0, displays=0, ctr=0.0000, ctr_per_doc=0.0000
[2026-04-22 16:48:53,244][two_tower_confounding.experiments.ips_pipeline][INFO] - Running estimator pipeline with model='ips'
[2026-04-22 16:48:53,244][two_tower_confounding.experiments.ips_pipeline][INFO] - Computing position bias (alpha)...
[2026-04-22 16:48:53,250][two_tower_confounding.experiments.ips_pipeline][INFO] - Loaded CSV position bias from /gpfs/home5/sfris1/Doubly-Robust-Optimization-With-Two-Tower-Models/results/position_bias_csv_smoke.csv (method=ctr): [ 0.         -0.88920724 -1.4546025  -1.6229489  -2.1797712  -2.3430865
 -2.3002396  -2.1621134  -2.68351    -2.9162612  -2.8434684  -3.1653183
 -3.1780622  -3.4288645  -3.313895   -2.9077036  -3.5193193  -4.0001216
 -3.969766   -3.425169   -3.3891518  -4.2698483  -4.2322526  -4.1910386
 -3.4611254 ]
[2026-04-22 16:48:53,252][two_tower_confounding.experiments.propensity_pipeline][INFO] - Computing propensity per doc (method=propensity_mlp_regression)...
[2026-04-22 16:50:30,799][two_tower_confounding.experiments.propensity_pipeline][INFO] - Propensity computed in 97.55 seconds
[2026-04-22 16:50:30,803][two_tower_confounding.experiments.propensity_pipeline][INFO] - Alpha logits: [ 0.     -0.8892 -1.4546 -1.6229 -2.1798 -2.3431 -2.3002 -2.1621 -2.6835
 -2.9163 -2.8435 -3.1653 -3.1781 -3.4289 -3.3139 -2.9077 -3.5193 -4.0001
 -3.9698 -3.4252 -3.3892 -4.2698 -4.2323 -4.191  -3.4611]
[2026-04-22 16:50:30,804][two_tower_confounding.experiments.propensity_pipeline][INFO] - Alpha: [0.5    0.2913 0.1893 0.1648 0.1016 0.0876 0.0911 0.1032 0.064  0.0514
 0.055  0.0405 0.04   0.0314 0.0351 0.0518 0.0288 0.018  0.0185 0.0315
 0.0326 0.0138 0.0143 0.0149 0.0304]
[2026-04-22 16:50:30,805][two_tower_confounding.experiments.propensity_pipeline][INFO] - Propensity clipping disabled.
[2026-04-22 16:50:30,805][two_tower_confounding.experiments.ips_pipeline][INFO] - Computing IPS doc weights...
[2026-04-22 16:50:31,536][two_tower_confounding.experiments.ips_pipeline][INFO] - Doc weights computed in 0.73 seconds
[2026-04-22 16:50:31,541][two_tower_confounding.experiments.model_pipeline][INFO] - Loading trainer (trainer_type='pl-rank', n_samples=100)...
[2026-04-22 16:50:31,543][two_tower_confounding.experiments.model_pipeline][INFO] - Trainer loaded in 0.00 seconds
[2026-04-22 16:50:31,543][two_tower_confounding.experiments.model_pipeline][INFO] - Training model...
[2026-04-22 16:51:54,158][two_tower_confounding.experiments.ips_pipeline][INFO] - Final evaluation results:
{'metrics': {'CTR': 0.6559802293777466,
             'DCG': 2.114664316177368,
             'NCTR': 0.685600996017456,
             'NDCG': 0.7630646824836731,
             'NDCG@25': 0.7630646824836731,
             'NRCTR': 0.685600996017456,
             'RCTR': 0.6559802293777466}}
[2026-04-22 16:51:54,185][submitit][INFO] - Job completed successfully
[2026-04-22 16:51:54,200][submitit][INFO] - Exiting after successful completion
[2026-05-02 18:24:37,082][two_tower_confounding.experiments.config_resolver][WARNING] - test_clicks=500000 is ignored because test_set_mode='label_only'. Set test_set_mode='clicks' to enable legacy click-based test behavior.
[2026-05-02 18:24:37,089][two_tower_confounding.experiments.data_pipeline][INFO] - Loading or generating click datasets...
[2026-05-02 18:25:01,986][absl][INFO] - orbax-checkpoint version: 0.11.37
[2026-05-02 18:25:01,987][absl][INFO] - save_device_host_concurrent_bytes=None
[2026-05-02 18:25:01,988][absl][INFO] - Created BasePyTreeCheckpointHandler: use_ocdbt=True, use_zarr3=False, pytree_metadata_options=PyTreeMetadataOptions(support_rich_types=False), array_metadata_store=<orbax.checkpoint._src.metadata.array_metadata_store.Store object at 0x1547c2e03fd0>, enable_pinned_host_transfer=False, save_concurrent_bytes: 96000000000 (89.4 GiB), restore_concurrent_bytes: 96000000000 (89.4 GiB)
[2026-05-02 18:25:01,988][absl][INFO] - [thread=MainThread] Failed to get flag value for EXPERIMENTAL_ORBAX_USE_DISTRIBUTED_PROCESS_ID.
[2026-05-02 18:25:01,988][absl][INFO] - [process=0][thread=MainThread] Using barrier_sync_fn: <function get_barrier_sync_fn.<locals>.<lambda> at 0x15472d22d800> timeout: 1200 secs and primary_host=0 for async checkpoint writes
[2026-05-02 18:25:01,989][absl][INFO] - [process=0] [sync] Started load checkpoint @ /gpfs/home5/sfris1/ltr_datasets/ips_datasets/logging_policy_c10000_ps1p0_pt0p5_bs1p0_drop0rel0_sessallocv2_candfullv2_topx25_maxdocs80_lprdeep_lpsegreedysampler_lppct10p0.
[2026-05-02 18:25:01,991][absl][INFO] - Restoring checkpoint from /gpfs/home5/sfris1/ltr_datasets/ips_datasets/logging_policy_c10000_ps1p0_pt0p5_bs1p0_drop0rel0_sessallocv2_candfullv2_topx25_maxdocs80_lprdeep_lpsegreedysampler_lppct10p0.
[2026-05-02 18:25:01,991][absl][INFO] - [process=0] [sync] Finished blocking load in 0.00 seconds. Continuing load @ /gpfs/home5/sfris1/ltr_datasets/ips_datasets/logging_policy_c10000_ps1p0_pt0p5_bs1p0_drop0rel0_sessallocv2_candfullv2_topx25_maxdocs80_lprdeep_lpsegreedysampler_lppct10p0.
[2026-05-02 18:25:02,016][absl][INFO] - [process=0] /jax/orbax/read/worker/io/requested throughput: 5.545 MiB/s (total gbytes: 91.8 KiB) (time elapsed: 0.016157865524291992 s) (per-host)
[2026-05-02 18:25:02,017][absl][INFO] - [process=0] /jax/checkpoint/read/gbytes_per_sec: 3.867 MiB/s (total gbytes: 91.8 KiB) (time elapsed: 0.023172616958618164 s) (per-host)
[2026-05-02 18:25:02,018][absl][INFO] - [process=0] [sync] Finished load in 0.03 seconds @ /gpfs/home5/sfris1/ltr_datasets/ips_datasets/logging_policy_c10000_ps1p0_pt0p5_bs1p0_drop0rel0_sessallocv2_candfullv2_topx25_maxdocs80_lprdeep_lpsegreedysampler_lppct10p0
[2026-05-02 18:25:06,162][two_tower_confounding.experiments.data_pipeline][INFO] - Loaded click datasets in 29.07 seconds (train=8694, val=1306, test=0)
[2026-05-02 18:25:06,163][two_tower_confounding.experiments.data_pipeline][INFO] - Test split is label-only by design; no test click dataset was loaded.
[2026-05-02 18:25:06,163][two_tower_confounding.data.runtime.alignment][INFO] - Applying data cutoff override: configured=25, natural=25, effective=25
[2026-05-02 18:25:06,163][two_tower_confounding.data.runtime.alignment][INFO] - Applying data cutoff override: configured=25, natural=25, effective=25
[2026-05-02 18:25:06,255][two_tower_confounding.data.runtime.aggregation][INFO] - Initializing simulator...
[2026-05-02 18:25:06,256][two_tower_confounding.data.runtime.aggregation][INFO] - Aggregating train dataset...
[2026-05-02 18:25:12,452][two_tower_confounding.data.runtime.aggregation][INFO] - Aggregating validation dataset...
[2026-05-02 18:25:14,774][two_tower_confounding.data.runtime.aggregation][INFO] - Aggregating test dataset from labels only...
[2026-05-02 18:25:16,369][two_tower_confounding.data.runtime.aggregation][INFO] - Aggregation done in 10.11 seconds
[2026-05-02 18:25:16,369][two_tower_confounding.data.runtime.aggregation][INFO] - Session usage after aggregation: requested(train=8694,val=1306), actual(train=8694,val=1306,test=0)
[2026-05-02 18:25:16,369][two_tower_confounding.data.runtime.aggregation][INFO] - Dataset persistence disabled; skipping aggregated dataset cache save.
[2026-05-02 18:25:16,370][two_tower_confounding.experiments.ips_pipeline][INFO] - Test split uses label-only evaluation; raw test click diagnostics are skipped.
[2026-05-02 18:25:16,394][two_tower_confounding.experiments.diagnostics][INFO] - [Data] train_docs=470251, val_docs=70687, test_docs=164676, cutoff=25
[2026-05-02 18:25:16,486][two_tower_confounding.experiments.diagnostics][INFO] - [Train] clicks=1442, displays=147751, ctr=0.0098, ctr_per_doc=0.0098
[2026-05-02 18:25:16,570][two_tower_confounding.experiments.diagnostics][INFO] - [Validation] clicks=175, displays=21330, ctr=0.0082, ctr_per_doc=0.0082
[2026-05-02 18:25:16,687][two_tower_confounding.experiments.diagnostics][INFO] - [Test] clicks=0, displays=0, ctr=0.0000, ctr_per_doc=0.0000
[2026-05-02 18:25:16,687][two_tower_confounding.experiments.ips_pipeline][INFO] - Running estimator pipeline with model='ips'
[2026-05-02 18:25:16,687][two_tower_confounding.experiments.ips_pipeline][INFO] - Computing position bias (alpha)...
[2026-05-02 18:25:16,696][two_tower_confounding.experiments.ips_pipeline][INFO] - Loaded CSV position bias from /gpfs/home5/sfris1/Doubly-Robust-Optimization-With-Two-Tower-Models/results/position_bias_csv_smoke.csv (method=ctr): [ 0.         -0.88920724 -1.4546025  -1.6229489  -2.1797712  -2.3430865
 -2.3002396  -2.1621134  -2.68351    -2.9162612  -2.8434684  -3.1653183
 -3.1780622  -3.4288645  -3.313895   -2.9077036  -3.5193193  -4.0001216
 -3.969766   -3.425169   -3.3891518  -4.2698483  -4.2322526  -4.1910386
 -3.4611254 ]
[2026-05-02 18:25:16,698][two_tower_confounding.experiments.propensity_pipeline][INFO] - Computing propensity per doc (method=propensity_mlp_regression)...
[2026-05-02 18:26:59,851][two_tower_confounding.experiments.propensity_pipeline][INFO] - Propensity computed in 103.15 seconds
[2026-05-02 18:26:59,852][two_tower_confounding.experiments.propensity_pipeline][INFO] - Alpha logits: [ 0.     -0.8892 -1.4546 -1.6229 -2.1798 -2.3431 -2.3002 -2.1621 -2.6835
 -2.9163 -2.8435 -3.1653 -3.1781 -3.4289 -3.3139 -2.9077 -3.5193 -4.0001
 -3.9698 -3.4252 -3.3892 -4.2698 -4.2323 -4.191  -3.4611]
[2026-05-02 18:26:59,853][two_tower_confounding.experiments.propensity_pipeline][INFO] - Alpha: [0.5    0.2913 0.1893 0.1648 0.1016 0.0876 0.0911 0.1032 0.064  0.0514
 0.055  0.0405 0.04   0.0314 0.0351 0.0518 0.0288 0.018  0.0185 0.0315
 0.0326 0.0138 0.0143 0.0149 0.0304]
[2026-05-02 18:26:59,854][two_tower_confounding.experiments.propensity_pipeline][INFO] - Propensity clipping disabled.
[2026-05-02 18:26:59,854][two_tower_confounding.experiments.ips_pipeline][INFO] - Computing IPS doc weights...
[2026-05-02 18:27:00,317][two_tower_confounding.experiments.ips_pipeline][INFO] - Doc weights computed in 0.46 seconds
[2026-05-02 18:27:00,324][two_tower_confounding.experiments.model_pipeline][INFO] - Loading trainer (trainer_type='pl-rank', n_samples=100)...
[2026-05-02 18:27:00,326][two_tower_confounding.experiments.model_pipeline][INFO] - Trainer loaded in 0.00 seconds
[2026-05-02 18:27:00,326][two_tower_confounding.experiments.model_pipeline][INFO] - Training model...
[2026-05-02 18:28:22,350][two_tower_confounding.experiments.ips_pipeline][INFO] - Final evaluation results:
{'metrics': {'CTR': 0.6545886397361755,
             'DCG': 2.11238694190979,
             'NCTR': 0.6844521164894104,
             'NDCG': 0.7623985409736633,
             'NDCG@25': 0.7623985409736633,
             'NRCTR': 0.6844521164894104,
             'RCTR': 0.6545886397361755}}
[2026-05-02 18:28:22,376][submitit][INFO] - Job completed successfully
[2026-05-02 18:28:22,386][submitit][INFO] - Exiting after successful completion
