[2026-06-18 16:59:00,348][feature_based_propensities_for_ULTR.experiments.config_resolver][WARNING] - test_clicks=500000 is ignored because test_set_mode='label_only'. Set test_set_mode='clicks' to enable legacy click-based test behavior.
[2026-06-18 16:59:00,354][feature_based_propensities_for_ULTR.experiments.data_pipeline][INFO] - Loading or generating click datasets...
[2026-06-18 17:00:29,449][absl][INFO] - orbax-checkpoint version: 0.11.40
[2026-06-18 17:00:29,449][absl][INFO] - save_device_host_concurrent_bytes=None
[2026-06-18 17:00:29,449][absl][INFO] - Created BasePyTreeCheckpointHandler: use_ocdbt=True, use_zarr3=False, pytree_metadata_options=PyTreeMetadataOptions(support_rich_types=False), array_metadata_store=<orbax.checkpoint._src.metadata.array_metadata_store.Store object at 0x14c8ec9d6710>, enable_pinned_host_transfer=False, save_concurrent_bytes: 96000000000 (89.4 GiB), restore_concurrent_bytes: 96000000000 (89.4 GiB)
[2026-06-18 17:00:29,450][absl][INFO] - [thread=MainThread] Failed to get flag value for EXPERIMENTAL_ORBAX_USE_DISTRIBUTED_PROCESS_ID.
[2026-06-18 17:00:29,450][absl][INFO] - [process=0][thread=MainThread] Using barrier_sync_fn: <function get_barrier_sync_fn.<locals>.<lambda> at 0x14c85cb0b920> timeout: 1200 secs and primary_host=0 for async checkpoint writes
[2026-06-18 17:00:29,450][absl][INFO] - [process=0] [sync] Started load checkpoint @ /gpfs/home5/sfris1/ltr_datasets/ips_datasets/istella_logging_policy_c10000_ps1p0_pt0p5_bs1p0_drop0rel0_sessallocv2_candfullv2_topx25_maxdocs200_lprdeep_lpsegreedysampler_lppct10p0.
[2026-06-18 17:00:29,453][absl][INFO] - Restoring checkpoint from /gpfs/home5/sfris1/ltr_datasets/ips_datasets/istella_logging_policy_c10000_ps1p0_pt0p5_bs1p0_drop0rel0_sessallocv2_candfullv2_topx25_maxdocs200_lprdeep_lpsegreedysampler_lppct10p0.
[2026-06-18 17:00:29,453][absl][INFO] - [process=0] [sync] Finished blocking load in 0.00 seconds. Continuing load @ /gpfs/home5/sfris1/ltr_datasets/ips_datasets/istella_logging_policy_c10000_ps1p0_pt0p5_bs1p0_drop0rel0_sessallocv2_candfullv2_topx25_maxdocs200_lprdeep_lpsegreedysampler_lppct10p0.
[2026-06-18 17:00:29,469][absl][INFO] - [process=0] /jax/orbax/read/worker/io/requested throughput: 2.765 MiB/s (total gbytes: 31.6 KiB) (time elapsed: 0.011170148849487305 s) (per-host)
[2026-06-18 17:00:29,470][absl][INFO] - [process=0] /jax/checkpoint/read/gbytes_per_sec: 1.839 MiB/s (total gbytes: 31.6 KiB) (time elapsed: 0.016793012619018555 s) (per-host)
[2026-06-18 17:00:29,471][absl][INFO] - [process=0] [sync] Finished load in 0.02 seconds @ /gpfs/home5/sfris1/ltr_datasets/ips_datasets/istella_logging_policy_c10000_ps1p0_pt0p5_bs1p0_drop0rel0_sessallocv2_candfullv2_topx25_maxdocs200_lprdeep_lpsegreedysampler_lppct10p0
[2026-06-18 17:00:34,713][feature_based_propensities_for_ULTR.experiments.data_pipeline][INFO] - Loaded click datasets in 94.36 seconds (train=7274, val=2726, test=0)
[2026-06-18 17:00:34,713][feature_based_propensities_for_ULTR.experiments.data_pipeline][INFO] - Test split is label-only by design; no test click dataset was loaded.
[2026-06-18 17:00:34,713][feature_based_propensities_for_ULTR.data.runtime.alignment][INFO] - Applying data cutoff override: configured=25, natural=25, effective=25
[2026-06-18 17:00:34,713][feature_based_propensities_for_ULTR.data.runtime.alignment][INFO] - Applying data cutoff override: configured=25, natural=25, effective=25
[2026-06-18 17:00:34,805][feature_based_propensities_for_ULTR.data.runtime.aggregation][INFO] - Initializing simulator...
[2026-06-18 17:00:34,805][feature_based_propensities_for_ULTR.data.runtime.aggregation][INFO] - Aggregating train dataset...
[2026-06-18 17:00:41,207][feature_based_propensities_for_ULTR.data.runtime.aggregation][INFO] - Aggregating validation dataset...
[2026-06-18 17:00:44,370][feature_based_propensities_for_ULTR.data.runtime.aggregation][INFO] - Aggregating test dataset from labels only...
[2026-06-18 17:00:45,827][feature_based_propensities_for_ULTR.data.runtime.aggregation][INFO] - Aggregation done in 11.02 seconds
[2026-06-18 17:00:45,827][feature_based_propensities_for_ULTR.data.runtime.aggregation][INFO] - Session usage after aggregation: requested(train=7274,val=2726), actual(train=7274,val=2726,test=0)
[2026-06-18 17:00:45,828][feature_based_propensities_for_ULTR.data.runtime.aggregation][INFO] - Dataset persistence disabled; skipping aggregated dataset cache save.
[2026-06-18 17:00:45,828][feature_based_propensities_for_ULTR.experiments.ips_pipeline][INFO] - Test split uses label-only evaluation; raw test click diagnostics are skipped.
[2026-06-18 17:00:45,879][feature_based_propensities_for_ULTR.experiments.diagnostics][INFO] - [Data] train_docs=2043304, val_docs=684076, test_docs=681250, cutoff=25
[2026-06-18 17:00:45,975][feature_based_propensities_for_ULTR.experiments.diagnostics][INFO] - [Train] clicks=1617, displays=180880, ctr=0.0089, ctr_per_doc=0.0089
[2026-06-18 17:00:46,066][feature_based_propensities_for_ULTR.experiments.diagnostics][INFO] - [Validation] clicks=597, displays=67648, ctr=0.0088, ctr_per_doc=0.0088
[2026-06-18 17:00:46,154][feature_based_propensities_for_ULTR.experiments.diagnostics][INFO] - [Test] clicks=0, displays=0, ctr=0.0000, ctr_per_doc=0.0000
[2026-06-18 17:00:46,154][feature_based_propensities_for_ULTR.experiments.ips_pipeline][INFO] - Running estimator pipeline with model='ips'
[2026-06-18 17:00:46,154][feature_based_propensities_for_ULTR.experiments.ips_pipeline][INFO] - Computing position bias (alpha)...
[2026-06-18 17:00:46,171][ultr_bias_toolkit.bias.intervention_harvesting.all_pairs][INFO] - Position bias estimation using global all pairs estimator
[2026-06-18 17:01:35,037][feature_based_propensities_for_ULTR.experiments.position_bias_pipeline][INFO] - Saved estimated position-bias curve to position_bias.json
[2026-06-18 17:01:35,037][feature_based_propensities_for_ULTR.experiments.ips_pipeline][INFO] - Estimated position bias in-run (estimator=global_all_pairs): [ 0.         -0.62373364 -0.8517515  -1.3721695  -1.5156245  -1.2095388
 -1.5839895  -2.4788327  -2.4172034  -2.0727484  -6.9077554  -2.4637034
 -0.7953946  -1.6352192  -6.6168303  -3.5005755  -6.686472   -2.1240964
 -1.7982956  -6.655516   -6.524372   -2.401159   -3.2692635  -3.3139086
 -2.5831902 ]
[2026-06-18 17:01:35,039][feature_based_propensities_for_ULTR.experiments.propensity_pipeline][INFO] - Computing propensity per doc (method=true_propensity)...
[2026-06-18 17:02:01,684][feature_based_propensities_for_ULTR.experiments.propensity_pipeline][INFO] - Propensity computed in 26.65 seconds
[2026-06-18 17:02:01,685][feature_based_propensities_for_ULTR.experiments.propensity_pipeline][INFO] - Alpha logits: [ 0.         -0.62373364 -0.8517515  -1.3721695  -1.5156245  -1.2095388
 -1.5839895  -2.4788327  -2.4172034  -2.0727484  -6.9077554  -2.4637034
 -0.7953946  -1.6352192  -6.6168303  -3.5005755  -6.686472   -2.1240964
 -1.7982956  -6.655516   -6.524372   -2.401159   -3.2692635  -3.3139086
 -2.5831902 ]
[2026-06-18 17:02:01,686][feature_based_propensities_for_ULTR.experiments.propensity_pipeline][INFO] - Alpha: [0.5        0.34893277 0.29906556 0.20226957 0.18010673 0.22978267
 0.17023121 0.07735547 0.08187022 0.11177388 0.000999   0.07844221
 0.31101152 0.16311663 0.00133588 0.02929586 0.00124612 0.10677674
 0.14205867 0.00128525 0.00146509 0.08308434 0.03664082 0.03509711
 0.07022814]
[2026-06-18 17:02:01,686][feature_based_propensities_for_ULTR.experiments.propensity_pipeline][INFO] - Propensity clipping disabled.
[2026-06-18 17:02:01,686][feature_based_propensities_for_ULTR.experiments.ips_pipeline][INFO] - Computing IPS doc weights...
[2026-06-18 17:02:02,205][feature_based_propensities_for_ULTR.experiments.ips_pipeline][INFO] - Doc weights computed in 0.52 seconds
[2026-06-18 17:02:02,245][feature_based_propensities_for_ULTR.experiments.model_pipeline][INFO] - Loading trainer (trainer_type='pl-rank', n_samples=100)...
[2026-06-18 17:02:02,247][feature_based_propensities_for_ULTR.experiments.model_pipeline][INFO] - Trainer loaded in 0.00 seconds
[2026-06-18 17:02:02,248][feature_based_propensities_for_ULTR.experiments.model_pipeline][INFO] - Training model...
[2026-06-18 17:07:01,294][feature_based_propensities_for_ULTR.experiments.ips_pipeline][INFO] - Final evaluation results:
{'metrics': {'CTR': 1.0025025606155396,
             'DCG': 2.213447093963623,
             'NCTR': 0.5345593094825745,
             'NDCG': 0.6413919925689697,
             'NDCG@25': 0.6413919925689697,
             'NRCTR': 0.5345593094825745,
             'RCTR': 1.0025025606155396}}
[2026-06-18 17:07:01,377][submitit][INFO] - Job completed successfully
[2026-06-18 17:07:01,388][submitit][INFO] - Exiting after successful completion
