[2026-06-18 16:55:25,608][feature_based_propensities_for_ULTR.experiments.config_resolver][WARNING] - test_clicks=500000 is ignored because test_set_mode='label_only'. Set test_set_mode='clicks' to enable legacy click-based test behavior.
[2026-06-18 16:55:25,613][feature_based_propensities_for_ULTR.experiments.data_pipeline][INFO] - Loading or generating click datasets...
[2026-06-18 16:56:55,802][absl][INFO] - orbax-checkpoint version: 0.11.40
[2026-06-18 16:56:55,803][absl][INFO] - save_device_host_concurrent_bytes=None
[2026-06-18 16:56:55,803][absl][INFO] - Created BasePyTreeCheckpointHandler: use_ocdbt=True, use_zarr3=False, pytree_metadata_options=PyTreeMetadataOptions(support_rich_types=False), array_metadata_store=<orbax.checkpoint._src.metadata.array_metadata_store.Store object at 0x149dc79ae0d0>, enable_pinned_host_transfer=False, save_concurrent_bytes: 96000000000 (89.4 GiB), restore_concurrent_bytes: 96000000000 (89.4 GiB)
[2026-06-18 16:56:55,803][absl][INFO] - [thread=MainThread] Failed to get flag value for EXPERIMENTAL_ORBAX_USE_DISTRIBUTED_PROCESS_ID.
[2026-06-18 16:56:55,803][absl][INFO] - [process=0][thread=MainThread] Using barrier_sync_fn: <function get_barrier_sync_fn.<locals>.<lambda> at 0x149d18203920> timeout: 1200 secs and primary_host=0 for async checkpoint writes
[2026-06-18 16:56:55,804][absl][INFO] - [process=0] [sync] Started load checkpoint @ /gpfs/home5/sfris1/ltr_datasets/ips_datasets/istella_logging_policy_c10000_ps1p0_pt0p5_bs1p0_drop0rel0_sessallocv2_candfullv2_topx25_maxdocs200_lprdeep_lpsegreedysampler_lppct10p0.
[2026-06-18 16:56:55,806][absl][INFO] - Restoring checkpoint from /gpfs/home5/sfris1/ltr_datasets/ips_datasets/istella_logging_policy_c10000_ps1p0_pt0p5_bs1p0_drop0rel0_sessallocv2_candfullv2_topx25_maxdocs200_lprdeep_lpsegreedysampler_lppct10p0.
[2026-06-18 16:56:55,806][absl][INFO] - [process=0] [sync] Finished blocking load in 0.00 seconds. Continuing load @ /gpfs/home5/sfris1/ltr_datasets/ips_datasets/istella_logging_policy_c10000_ps1p0_pt0p5_bs1p0_drop0rel0_sessallocv2_candfullv2_topx25_maxdocs200_lprdeep_lpsegreedysampler_lppct10p0.
[2026-06-18 16:56:55,822][absl][INFO] - [process=0] /jax/orbax/read/worker/io/requested throughput: 2.764 MiB/s (total gbytes: 31.6 KiB) (time elapsed: 0.011174917221069336 s) (per-host)
[2026-06-18 16:56:55,823][absl][INFO] - [process=0] /jax/checkpoint/read/gbytes_per_sec: 1.872 MiB/s (total gbytes: 31.6 KiB) (time elapsed: 0.016503572463989258 s) (per-host)
[2026-06-18 16:56:55,824][absl][INFO] - [process=0] [sync] Finished load in 0.02 seconds @ /gpfs/home5/sfris1/ltr_datasets/ips_datasets/istella_logging_policy_c10000_ps1p0_pt0p5_bs1p0_drop0rel0_sessallocv2_candfullv2_topx25_maxdocs200_lprdeep_lpsegreedysampler_lppct10p0
[2026-06-18 16:57:00,940][feature_based_propensities_for_ULTR.experiments.data_pipeline][INFO] - Loaded click datasets in 95.33 seconds (train=7274, val=2726, test=0)
[2026-06-18 16:57:00,940][feature_based_propensities_for_ULTR.experiments.data_pipeline][INFO] - Test split is label-only by design; no test click dataset was loaded.
[2026-06-18 16:57:00,940][feature_based_propensities_for_ULTR.data.runtime.alignment][INFO] - Applying data cutoff override: configured=25, natural=25, effective=25
[2026-06-18 16:57:00,941][feature_based_propensities_for_ULTR.data.runtime.alignment][INFO] - Applying data cutoff override: configured=25, natural=25, effective=25
[2026-06-18 16:57:01,034][feature_based_propensities_for_ULTR.data.runtime.aggregation][INFO] - Initializing simulator...
[2026-06-18 16:57:01,035][feature_based_propensities_for_ULTR.data.runtime.aggregation][INFO] - Aggregating train dataset...
[2026-06-18 16:57:07,297][feature_based_propensities_for_ULTR.data.runtime.aggregation][INFO] - Aggregating validation dataset...
[2026-06-18 16:57:10,656][feature_based_propensities_for_ULTR.data.runtime.aggregation][INFO] - Aggregating test dataset from labels only...
[2026-06-18 16:57:12,058][feature_based_propensities_for_ULTR.data.runtime.aggregation][INFO] - Aggregation done in 11.02 seconds
[2026-06-18 16:57:12,059][feature_based_propensities_for_ULTR.data.runtime.aggregation][INFO] - Session usage after aggregation: requested(train=7274,val=2726), actual(train=7274,val=2726,test=0)
[2026-06-18 16:57:12,059][feature_based_propensities_for_ULTR.data.runtime.aggregation][INFO] - Dataset persistence disabled; skipping aggregated dataset cache save.
[2026-06-18 16:57:12,059][feature_based_propensities_for_ULTR.experiments.ips_pipeline][INFO] - Test split uses label-only evaluation; raw test click diagnostics are skipped.
[2026-06-18 16:57:12,108][feature_based_propensities_for_ULTR.experiments.diagnostics][INFO] - [Data] train_docs=2043304, val_docs=684076, test_docs=681250, cutoff=25
[2026-06-18 16:57:12,204][feature_based_propensities_for_ULTR.experiments.diagnostics][INFO] - [Train] clicks=1557, displays=181030, ctr=0.0086, ctr_per_doc=0.0086
[2026-06-18 16:57:12,295][feature_based_propensities_for_ULTR.experiments.diagnostics][INFO] - [Validation] clicks=570, displays=67560, ctr=0.0084, ctr_per_doc=0.0084
[2026-06-18 16:57:12,382][feature_based_propensities_for_ULTR.experiments.diagnostics][INFO] - [Test] clicks=0, displays=0, ctr=0.0000, ctr_per_doc=0.0000
[2026-06-18 16:57:12,383][feature_based_propensities_for_ULTR.experiments.ips_pipeline][INFO] - Running estimator pipeline with model='dr'
[2026-06-18 16:57:12,383][feature_based_propensities_for_ULTR.experiments.ips_pipeline][INFO] - Computing position bias (alpha)...
[2026-06-18 16:57:12,401][ultr_bias_toolkit.bias.intervention_harvesting.all_pairs][INFO] - Position bias estimation using global all pairs estimator
[2026-06-18 16:58:01,690][feature_based_propensities_for_ULTR.experiments.position_bias_pipeline][INFO] - Saved estimated position-bias curve to position_bias.json
[2026-06-18 16:58:01,690][feature_based_propensities_for_ULTR.experiments.ips_pipeline][INFO] - Estimated position bias in-run (estimator=global_all_pairs): [ 0.        -1.0526167 -1.3288937 -1.5946616 -2.0379694 -1.6889327
 -1.8900508 -2.13904   -2.0755548 -3.5790749 -2.0702395 -1.9496801
 -3.4791305 -2.4161537 -2.4560773 -3.8486066 -2.4442716 -3.9104993
 -2.7203567 -2.4674275 -6.9077554 -2.065363  -1.9250596 -6.9077554
 -2.8453383]
[2026-06-18 16:58:01,692][feature_based_propensities_for_ULTR.experiments.propensity_pipeline][INFO] - Computing propensity per doc (method=propensity_mlp_regression)...
[2026-06-18 16:58:39,148][feature_based_propensities_for_ULTR.experiments.propensity_pipeline][INFO] - Propensity computed in 37.46 seconds
[2026-06-18 16:58:39,148][feature_based_propensities_for_ULTR.experiments.propensity_pipeline][INFO] - Alpha logits: [ 0.     -1.0526 -1.3289 -1.5947 -2.038  -1.6889 -1.8901 -2.139  -2.0756
 -3.5791 -2.0702 -1.9497 -3.4791 -2.4162 -2.4561 -3.8486 -2.4443 -3.9105
 -2.7204 -2.4674 -6.9078 -2.0654 -1.9251 -6.9078 -2.8453]
[2026-06-18 16:58:39,149][feature_based_propensities_for_ULTR.experiments.propensity_pipeline][INFO] - Alpha: [0.5    0.2587 0.2093 0.1687 0.1153 0.1559 0.1312 0.1054 0.1115 0.0271
 0.112  0.1246 0.0299 0.0819 0.079  0.0209 0.0799 0.0196 0.0618 0.0782
 0.001  0.1125 0.1273 0.001  0.0549]
[2026-06-18 16:58:39,150][feature_based_propensities_for_ULTR.experiments.propensity_pipeline][INFO] - Propensity clipping disabled.
[2026-06-18 16:58:39,150][feature_based_propensities_for_ULTR.experiments.propensity_pipeline][INFO] - Computing propensity per doc (method=frequency_based)...
[2026-06-18 16:59:06,046][feature_based_propensities_for_ULTR.experiments.propensity_pipeline][INFO] - Propensity computed in 26.90 seconds
[2026-06-18 16:59:06,046][feature_based_propensities_for_ULTR.experiments.propensity_pipeline][INFO] - Alpha logits: [ 0.     -1.0526 -1.3289 -1.5947 -2.038  -1.6889 -1.8901 -2.139  -2.0756
 -3.5791 -2.0702 -1.9497 -3.4791 -2.4162 -2.4561 -3.8486 -2.4443 -3.9105
 -2.7204 -2.4674 -6.9078 -2.0654 -1.9251 -6.9078 -2.8453]
[2026-06-18 16:59:06,047][feature_based_propensities_for_ULTR.experiments.propensity_pipeline][INFO] - Alpha: [0.5    0.2587 0.2093 0.1687 0.1153 0.1559 0.1312 0.1054 0.1115 0.0271
 0.112  0.1246 0.0299 0.0819 0.079  0.0209 0.0799 0.0196 0.0618 0.0782
 0.001  0.1125 0.1273 0.001  0.0549]
[2026-06-18 16:59:07,396][feature_based_propensities_for_ULTR.experiments.regression_pipeline][INFO] - Training regression model for DM/DR...
[2026-06-18 16:59:33,882][feature_based_propensities_for_ULTR.experiments.regression_pipeline][INFO] - Regression epoch 3: train_loss=0.075479 val_loss=0.079408
[2026-06-18 16:59:59,345][feature_based_propensities_for_ULTR.experiments.regression_pipeline][INFO] - Regression epoch 6: train_loss=0.072407 val_loss=0.077976
[2026-06-18 17:00:24,674][feature_based_propensities_for_ULTR.experiments.regression_pipeline][INFO] - Regression epoch 9: train_loss=0.071802 val_loss=0.079979
[2026-06-18 17:00:30,589][feature_based_propensities_for_ULTR.experiments.ips_pipeline][INFO] - Computing DR doc weights...
[2026-06-18 17:00:30,617][feature_based_propensities_for_ULTR.experiments.ips_pipeline][INFO] - Doc weights computed in 0.03 seconds
[2026-06-18 17:00:30,627][feature_based_propensities_for_ULTR.experiments.model_pipeline][INFO] - Loading trainer (trainer_type='pl-rank', n_samples=100)...
[2026-06-18 17:00:30,630][feature_based_propensities_for_ULTR.experiments.model_pipeline][INFO] - Trainer loaded in 0.00 seconds
[2026-06-18 17:00:30,630][feature_based_propensities_for_ULTR.experiments.model_pipeline][INFO] - Training model...
[2026-06-18 17:48:53,625][feature_based_propensities_for_ULTR.experiments.ips_pipeline][INFO] - Final evaluation results:
{'metrics': {'CTR': 0.9768592119216919,
             'DCG': 2.5248405933380127,
             'NCTR': 0.6665152311325073,
             'NDCG': 0.734215497970581,
             'NDCG@25': 0.734215497970581,
             'NRCTR': 0.6665152311325073,
             'RCTR': 0.9768592119216919}}
[2026-06-18 17:48:53,659][submitit][INFO] - Job completed successfully
[2026-06-18 17:48:53,670][submitit][INFO] - Exiting after successful completion
