[2026-06-18 15:29:43,815][feature_based_propensities_for_ULTR.experiments.config_resolver][WARNING] - test_clicks=500000 is ignored because test_set_mode='label_only'. Set test_set_mode='clicks' to enable legacy click-based test behavior.
[2026-06-18 15:29:43,820][feature_based_propensities_for_ULTR.experiments.data_pipeline][INFO] - Loading or generating click datasets...
[2026-06-18 15:30:44,440][absl][INFO] - orbax-checkpoint version: 0.11.40
[2026-06-18 15:30:44,440][absl][INFO] - save_device_host_concurrent_bytes=None
[2026-06-18 15:30:44,440][absl][INFO] - Created BasePyTreeCheckpointHandler: use_ocdbt=True, use_zarr3=False, pytree_metadata_options=PyTreeMetadataOptions(support_rich_types=False), array_metadata_store=<orbax.checkpoint._src.metadata.array_metadata_store.Store object at 0x14c50320d9d0>, enable_pinned_host_transfer=False, save_concurrent_bytes: 96000000000 (89.4 GiB), restore_concurrent_bytes: 96000000000 (89.4 GiB)
[2026-06-18 15:30:44,440][absl][INFO] - [thread=MainThread] Failed to get flag value for EXPERIMENTAL_ORBAX_USE_DISTRIBUTED_PROCESS_ID.
[2026-06-18 15:30:44,440][absl][INFO] - [process=0][thread=MainThread] Using barrier_sync_fn: <function get_barrier_sync_fn.<locals>.<lambda> at 0x14c4672579c0> timeout: 1200 secs and primary_host=0 for async checkpoint writes
[2026-06-18 15:30:44,441][absl][INFO] - [process=0] [sync] Started load checkpoint @ /gpfs/home5/sfris1/ltr_datasets/ips_datasets/logging_policy_c10000_ps1p0_pt0p5_bs1p0_drop0rel0_sessallocv2_candfullv2_topx25_maxdocs200_lprdeep_lpsegreedysampler_lppct10p0.
[2026-06-18 15:30:44,443][absl][INFO] - Restoring checkpoint from /gpfs/home5/sfris1/ltr_datasets/ips_datasets/logging_policy_c10000_ps1p0_pt0p5_bs1p0_drop0rel0_sessallocv2_candfullv2_topx25_maxdocs200_lprdeep_lpsegreedysampler_lppct10p0.
[2026-06-18 15:30:44,443][absl][INFO] - [process=0] [sync] Finished blocking load in 0.00 seconds. Continuing load @ /gpfs/home5/sfris1/ltr_datasets/ips_datasets/logging_policy_c10000_ps1p0_pt0p5_bs1p0_drop0rel0_sessallocv2_candfullv2_topx25_maxdocs200_lprdeep_lpsegreedysampler_lppct10p0.
[2026-06-18 15:30:44,459][absl][INFO] - [process=0] /jax/orbax/read/worker/io/requested throughput: 1.926 MiB/s (total gbytes: 21.4 KiB) (time elapsed: 0.010841846466064453 s) (per-host)
[2026-06-18 15:30:44,461][absl][INFO] - [process=0] /jax/checkpoint/read/gbytes_per_sec: 1.287 MiB/s (total gbytes: 21.4 KiB) (time elapsed: 0.01622152328491211 s) (per-host)
[2026-06-18 15:30:44,461][absl][INFO] - [process=0] [sync] Finished load in 0.02 seconds @ /gpfs/home5/sfris1/ltr_datasets/ips_datasets/logging_policy_c10000_ps1p0_pt0p5_bs1p0_drop0rel0_sessallocv2_candfullv2_topx25_maxdocs200_lprdeep_lpsegreedysampler_lppct10p0
[2026-06-18 15:30:48,635][feature_based_propensities_for_ULTR.experiments.data_pipeline][INFO] - Loaded click datasets in 64.81 seconds (train=7500, val=2500, test=0)
[2026-06-18 15:30:48,635][feature_based_propensities_for_ULTR.experiments.data_pipeline][INFO] - Test split is label-only by design; no test click dataset was loaded.
[2026-06-18 15:30:48,635][feature_based_propensities_for_ULTR.data.runtime.alignment][INFO] - Applying data cutoff override: configured=25, natural=25, effective=25
[2026-06-18 15:30:48,635][feature_based_propensities_for_ULTR.data.runtime.alignment][INFO] - Applying data cutoff override: configured=25, natural=25, effective=25
[2026-06-18 15:30:48,725][feature_based_propensities_for_ULTR.data.runtime.aggregation][INFO] - Initializing simulator...
[2026-06-18 15:30:48,726][feature_based_propensities_for_ULTR.data.runtime.aggregation][INFO] - Aggregating train dataset...
[2026-06-18 15:30:53,877][feature_based_propensities_for_ULTR.data.runtime.aggregation][INFO] - Aggregating validation dataset...
[2026-06-18 15:30:56,710][feature_based_propensities_for_ULTR.data.runtime.aggregation][INFO] - Aggregating test dataset from labels only...
[2026-06-18 15:30:57,549][feature_based_propensities_for_ULTR.data.runtime.aggregation][INFO] - Aggregation done in 8.82 seconds
[2026-06-18 15:30:57,549][feature_based_propensities_for_ULTR.data.runtime.aggregation][INFO] - Session usage after aggregation: requested(train=7500,val=2500), actual(train=7500,val=2500,test=0)
[2026-06-18 15:30:57,549][feature_based_propensities_for_ULTR.data.runtime.aggregation][INFO] - Dataset persistence disabled; skipping aggregated dataset cache save.
[2026-06-18 15:30:57,549][feature_based_propensities_for_ULTR.experiments.ips_pipeline][INFO] - Test split uses label-only evaluation; raw test click diagnostics are skipped.
[2026-06-18 15:30:57,600][feature_based_propensities_for_ULTR.experiments.diagnostics][INFO] - [Data] train_docs=2132810, val_docs=707814, test_docs=708921, cutoff=25
[2026-06-18 15:30:57,699][feature_based_propensities_for_ULTR.experiments.diagnostics][INFO] - [Train] clicks=820, displays=181833, ctr=0.0045, ctr_per_doc=0.0045
[2026-06-18 15:30:57,785][feature_based_propensities_for_ULTR.experiments.diagnostics][INFO] - [Validation] clicks=265, displays=60569, ctr=0.0044, ctr_per_doc=0.0044
[2026-06-18 15:30:57,873][feature_based_propensities_for_ULTR.experiments.diagnostics][INFO] - [Test] clicks=0, displays=0, ctr=0.0000, ctr_per_doc=0.0000
[2026-06-18 15:30:57,873][feature_based_propensities_for_ULTR.experiments.ips_pipeline][INFO] - Running estimator pipeline with model='dr'
[2026-06-18 15:30:57,873][feature_based_propensities_for_ULTR.experiments.ips_pipeline][INFO] - Computing position bias (alpha)...
[2026-06-18 15:30:57,891][ultr_bias_toolkit.bias.intervention_harvesting.all_pairs][INFO] - Position bias estimation using global all pairs estimator
[2026-06-18 15:31:46,365][feature_based_propensities_for_ULTR.experiments.position_bias_pipeline][INFO] - Saved estimated position-bias curve to position_bias.json
[2026-06-18 15:31:46,365][feature_based_propensities_for_ULTR.experiments.ips_pipeline][INFO] - Estimated position bias in-run (estimator=global_all_pairs): [ 0.         -1.1480341  -1.1894426  -0.8052359  -2.2346513  -0.62328845
 -1.2375747  -2.3719735  -1.2849785  -1.2760558  -2.4647105  -1.3390778
  0.08362799 -6.9077554  -2.831613   -1.3833338  -6.168138   -6.6104198
 -6.15817    -6.001132   -6.4929385  -6.3932457  -2.2327576  -1.3837568
 -1.9670233 ]
[2026-06-18 15:31:46,367][feature_based_propensities_for_ULTR.experiments.propensity_pipeline][INFO] - Computing propensity per doc (method=frequency_based)...
[2026-06-18 15:32:14,783][feature_based_propensities_for_ULTR.experiments.propensity_pipeline][INFO] - Propensity computed in 28.42 seconds
[2026-06-18 15:32:14,783][feature_based_propensities_for_ULTR.experiments.propensity_pipeline][INFO] - Alpha logits: [ 0.         -1.1480341  -1.1894426  -0.8052359  -2.2346513  -0.62328845
 -1.2375747  -2.3719735  -1.2849785  -1.2760558  -2.4647105  -1.3390778
  0.08362799 -6.9077554  -2.831613   -1.3833338  -6.168138   -6.6104198
 -6.15817    -6.001132   -6.4929385  -6.3932457  -2.2327576  -1.3837568
 -1.9670233 ]
[2026-06-18 15:32:14,784][feature_based_propensities_for_ULTR.experiments.propensity_pipeline][INFO] - Alpha: [0.5        0.24084836 0.23335864 0.3089066  0.09668165 0.34903392
 0.22485843 0.08533498 0.21670397 0.21822235 0.07836943 0.20766176
 0.5208948  0.000999   0.05563958 0.20047411 0.00209075 0.00134446
 0.00211165 0.00246983 0.0015118  0.00167002 0.09684718 0.20040633
 0.12270898]
[2026-06-18 15:32:14,785][feature_based_propensities_for_ULTR.experiments.propensity_pipeline][INFO] - Propensity clipping disabled.
[2026-06-18 15:32:14,785][feature_based_propensities_for_ULTR.experiments.propensity_pipeline][INFO] - Computing propensity per doc (method=frequency_based)...
[2026-06-18 15:32:41,530][feature_based_propensities_for_ULTR.experiments.propensity_pipeline][INFO] - Propensity computed in 26.74 seconds
[2026-06-18 15:32:41,530][feature_based_propensities_for_ULTR.experiments.propensity_pipeline][INFO] - Alpha logits: [ 0.         -1.1480341  -1.1894426  -0.8052359  -2.2346513  -0.62328845
 -1.2375747  -2.3719735  -1.2849785  -1.2760558  -2.4647105  -1.3390778
  0.08362799 -6.9077554  -2.831613   -1.3833338  -6.168138   -6.6104198
 -6.15817    -6.001132   -6.4929385  -6.3932457  -2.2327576  -1.3837568
 -1.9670233 ]
[2026-06-18 15:32:41,530][feature_based_propensities_for_ULTR.experiments.propensity_pipeline][INFO] - Alpha: [0.5        0.24084836 0.23335864 0.3089066  0.09668165 0.34903392
 0.22485843 0.08533498 0.21670397 0.21822235 0.07836943 0.20766176
 0.5208948  0.000999   0.05563958 0.20047411 0.00209075 0.00134446
 0.00211165 0.00246983 0.0015118  0.00167002 0.09684718 0.20040633
 0.12270898]
[2026-06-18 15:32:42,648][feature_based_propensities_for_ULTR.experiments.regression_pipeline][INFO] - Training regression model for DM/DR...
[2026-06-18 15:32:51,129][feature_based_propensities_for_ULTR.experiments.regression_pipeline][INFO] - Regression epoch 3: train_loss=0.541528 val_loss=0.488961
[2026-06-18 15:32:58,608][feature_based_propensities_for_ULTR.experiments.regression_pipeline][INFO] - Regression epoch 6: train_loss=0.496299 val_loss=1.016997
[2026-06-18 15:33:04,692][feature_based_propensities_for_ULTR.experiments.ips_pipeline][INFO] - Computing DR doc weights...
[2026-06-18 15:33:04,723][feature_based_propensities_for_ULTR.experiments.ips_pipeline][INFO] - Doc weights computed in 0.03 seconds
[2026-06-18 15:33:04,733][feature_based_propensities_for_ULTR.experiments.model_pipeline][INFO] - Loading trainer (trainer_type='pl-rank', n_samples=100)...
[2026-06-18 15:33:04,735][feature_based_propensities_for_ULTR.experiments.model_pipeline][INFO] - Trainer loaded in 0.00 seconds
[2026-06-18 15:33:04,735][feature_based_propensities_for_ULTR.experiments.model_pipeline][INFO] - Training model...
[2026-06-18 17:03:30,601][feature_based_propensities_for_ULTR.experiments.ips_pipeline][INFO] - Final evaluation results:
{'metrics': {'CTR': 0.5789835453033447,
             'DCG': 1.1874903440475464,
             'NCTR': 0.2769080102443695,
             'NDCG': 0.30989888310432434,
             'NDCG@25': 0.30989888310432434,
             'NRCTR': 0.2769080102443695,
             'RCTR': 0.5789835453033447}}
[2026-06-18 17:03:30,648][submitit][INFO] - Job completed successfully
[2026-06-18 17:03:30,661][submitit][INFO] - Exiting after successful completion
