[2026-06-18 03:25:46,455][feature_based_propensities_for_ULTR.experiments.config_resolver][WARNING] - test_clicks=500000 is ignored because test_set_mode='label_only'. Set test_set_mode='clicks' to enable legacy click-based test behavior.
[2026-06-18 03:25:46,460][feature_based_propensities_for_ULTR.experiments.data_pipeline][INFO] - Loading or generating click datasets...
[2026-06-18 03:27:15,625][absl][INFO] - orbax-checkpoint version: 0.11.40
[2026-06-18 03:27:15,625][absl][INFO] - save_device_host_concurrent_bytes=None
[2026-06-18 03:27:15,625][absl][INFO] - Created BasePyTreeCheckpointHandler: use_ocdbt=True, use_zarr3=False, pytree_metadata_options=PyTreeMetadataOptions(support_rich_types=False), array_metadata_store=<orbax.checkpoint._src.metadata.array_metadata_store.Store object at 0x14ea328d56d0>, enable_pinned_host_transfer=False, save_concurrent_bytes: 96000000000 (89.4 GiB), restore_concurrent_bytes: 96000000000 (89.4 GiB)
[2026-06-18 03:27:15,626][absl][INFO] - [thread=MainThread] Failed to get flag value for EXPERIMENTAL_ORBAX_USE_DISTRIBUTED_PROCESS_ID.
[2026-06-18 03:27:15,626][absl][INFO] - [process=0][thread=MainThread] Using barrier_sync_fn: <function get_barrier_sync_fn.<locals>.<lambda> at 0x14e9929aaac0> timeout: 1200 secs and primary_host=0 for async checkpoint writes
[2026-06-18 03:27:15,626][absl][INFO] - [process=0] [sync] Started load checkpoint @ /gpfs/home5/sfris1/ltr_datasets/ips_datasets/istella_logging_policy_c1000_ps1p0_pt0p5_bs1p0_drop0rel0_sessallocv2_candfullv2_topx25_maxdocs200_lprdeep_lpsegreedysampler_lppct10p0.
[2026-06-18 03:27:15,629][absl][INFO] - Restoring checkpoint from /gpfs/home5/sfris1/ltr_datasets/ips_datasets/istella_logging_policy_c1000_ps1p0_pt0p5_bs1p0_drop0rel0_sessallocv2_candfullv2_topx25_maxdocs200_lprdeep_lpsegreedysampler_lppct10p0.
[2026-06-18 03:27:15,629][absl][INFO] - [process=0] [sync] Finished blocking load in 0.00 seconds. Continuing load @ /gpfs/home5/sfris1/ltr_datasets/ips_datasets/istella_logging_policy_c1000_ps1p0_pt0p5_bs1p0_drop0rel0_sessallocv2_candfullv2_topx25_maxdocs200_lprdeep_lpsegreedysampler_lppct10p0.
[2026-06-18 03:27:15,645][absl][INFO] - [process=0] /jax/orbax/read/worker/io/requested throughput: 2.789 MiB/s (total gbytes: 31.6 KiB) (time elapsed: 0.011073827743530273 s) (per-host)
[2026-06-18 03:27:15,647][absl][INFO] - [process=0] /jax/checkpoint/read/gbytes_per_sec: 1.855 MiB/s (total gbytes: 31.6 KiB) (time elapsed: 0.016647815704345703 s) (per-host)
[2026-06-18 03:27:15,647][absl][INFO] - [process=0] [sync] Finished load in 0.02 seconds @ /gpfs/home5/sfris1/ltr_datasets/ips_datasets/istella_logging_policy_c1000_ps1p0_pt0p5_bs1p0_drop0rel0_sessallocv2_candfullv2_topx25_maxdocs200_lprdeep_lpsegreedysampler_lppct10p0
[2026-06-18 03:27:19,920][feature_based_propensities_for_ULTR.experiments.data_pipeline][INFO] - Loaded click datasets in 93.46 seconds (train=727, val=273, test=0)
[2026-06-18 03:27:19,921][feature_based_propensities_for_ULTR.experiments.data_pipeline][INFO] - Test split is label-only by design; no test click dataset was loaded.
[2026-06-18 03:27:19,921][feature_based_propensities_for_ULTR.data.runtime.alignment][INFO] - Applying data cutoff override: configured=25, natural=25, effective=25
[2026-06-18 03:27:19,921][feature_based_propensities_for_ULTR.data.runtime.alignment][INFO] - Applying data cutoff override: configured=25, natural=25, effective=25
[2026-06-18 03:27:20,009][feature_based_propensities_for_ULTR.data.runtime.aggregation][INFO] - Initializing simulator...
[2026-06-18 03:27:20,010][feature_based_propensities_for_ULTR.data.runtime.aggregation][INFO] - Aggregating train dataset...
[2026-06-18 03:27:25,813][feature_based_propensities_for_ULTR.data.runtime.aggregation][INFO] - Aggregating validation dataset...
[2026-06-18 03:27:29,019][feature_based_propensities_for_ULTR.data.runtime.aggregation][INFO] - Aggregating test dataset from labels only...
[2026-06-18 03:27:30,423][feature_based_propensities_for_ULTR.data.runtime.aggregation][INFO] - Aggregation done in 10.41 seconds
[2026-06-18 03:27:30,423][feature_based_propensities_for_ULTR.data.runtime.aggregation][INFO] - Session usage after aggregation: requested(train=727,val=273), actual(train=727,val=273,test=0)
[2026-06-18 03:27:30,423][feature_based_propensities_for_ULTR.data.runtime.aggregation][INFO] - Dataset persistence disabled; skipping aggregated dataset cache save.
[2026-06-18 03:27:30,423][feature_based_propensities_for_ULTR.experiments.ips_pipeline][INFO] - Test split uses label-only evaluation; raw test click diagnostics are skipped.
[2026-06-18 03:27:30,474][feature_based_propensities_for_ULTR.experiments.diagnostics][INFO] - [Data] train_docs=2043304, val_docs=684076, test_docs=681250, cutoff=25
[2026-06-18 03:27:30,569][feature_based_propensities_for_ULTR.experiments.diagnostics][INFO] - [Train] clicks=152, displays=18106, ctr=0.0084, ctr_per_doc=0.0084
[2026-06-18 03:27:30,657][feature_based_propensities_for_ULTR.experiments.diagnostics][INFO] - [Validation] clicks=63, displays=6772, ctr=0.0093, ctr_per_doc=0.0093
[2026-06-18 03:27:30,743][feature_based_propensities_for_ULTR.experiments.diagnostics][INFO] - [Test] clicks=0, displays=0, ctr=0.0000, ctr_per_doc=0.0000
[2026-06-18 03:27:30,744][feature_based_propensities_for_ULTR.experiments.ips_pipeline][INFO] - Running estimator pipeline with model='dr'
[2026-06-18 03:27:30,744][feature_based_propensities_for_ULTR.experiments.ips_pipeline][INFO] - Computing position bias (alpha)...
[2026-06-18 03:27:30,793][feature_based_propensities_for_ULTR.experiments.propensity_pipeline][INFO] - Computing propensity per doc (method=propensity_mlp_regression)...
[2026-06-18 03:27:37,777][feature_based_propensities_for_ULTR.experiments.propensity_pipeline][INFO] - Propensity computed in 6.98 seconds
[2026-06-18 03:27:37,777][feature_based_propensities_for_ULTR.experiments.propensity_pipeline][INFO] - Alpha logits: [-0.     -0.6931 -1.0986 -1.3863 -1.6094 -1.7918 -1.9459 -2.0794 -2.1972
 -2.3026 -2.3979 -2.4849 -2.5649 -2.6391 -2.7081 -2.7726 -2.8332 -2.8904
 -2.9444 -2.9957 -3.0445 -3.091  -3.1355 -3.1781 -3.2189]
[2026-06-18 03:27:37,778][feature_based_propensities_for_ULTR.experiments.propensity_pipeline][INFO] - Alpha: [0.5    0.3333 0.25   0.2    0.1667 0.1429 0.125  0.1111 0.1    0.0909
 0.0833 0.0769 0.0714 0.0667 0.0625 0.0588 0.0556 0.0526 0.05   0.0476
 0.0455 0.0435 0.0417 0.04   0.0385]
[2026-06-18 03:27:37,779][feature_based_propensities_for_ULTR.experiments.propensity_pipeline][INFO] - Propensity clipping disabled.
[2026-06-18 03:27:37,779][feature_based_propensities_for_ULTR.experiments.propensity_pipeline][INFO] - Computing propensity per doc (method=frequency_based)...
[2026-06-18 03:27:42,050][feature_based_propensities_for_ULTR.experiments.propensity_pipeline][INFO] - Propensity computed in 4.27 seconds
[2026-06-18 03:27:42,051][feature_based_propensities_for_ULTR.experiments.propensity_pipeline][INFO] - Alpha logits: [-0.     -0.6931 -1.0986 -1.3863 -1.6094 -1.7918 -1.9459 -2.0794 -2.1972
 -2.3026 -2.3979 -2.4849 -2.5649 -2.6391 -2.7081 -2.7726 -2.8332 -2.8904
 -2.9444 -2.9957 -3.0445 -3.091  -3.1355 -3.1781 -3.2189]
[2026-06-18 03:27:42,051][feature_based_propensities_for_ULTR.experiments.propensity_pipeline][INFO] - Alpha: [0.5    0.3333 0.25   0.2    0.1667 0.1429 0.125  0.1111 0.1    0.0909
 0.0833 0.0769 0.0714 0.0667 0.0625 0.0588 0.0556 0.0526 0.05   0.0476
 0.0455 0.0435 0.0417 0.04   0.0385]
[2026-06-18 03:27:43,102][feature_based_propensities_for_ULTR.experiments.regression_pipeline][INFO] - Training regression model for DM/DR...
[2026-06-18 03:27:47,090][feature_based_propensities_for_ULTR.experiments.regression_pipeline][INFO] - Regression epoch 3: train_loss=0.077913 val_loss=0.118573
[2026-06-18 03:27:50,001][feature_based_propensities_for_ULTR.experiments.regression_pipeline][INFO] - Regression epoch 6: train_loss=0.030815 val_loss=0.086793
[2026-06-18 03:27:52,899][feature_based_propensities_for_ULTR.experiments.regression_pipeline][INFO] - Regression epoch 9: train_loss=0.029509 val_loss=0.116084
[2026-06-18 03:27:58,724][feature_based_propensities_for_ULTR.experiments.ips_pipeline][INFO] - Computing DR doc weights...
[2026-06-18 03:27:58,755][feature_based_propensities_for_ULTR.experiments.ips_pipeline][INFO] - Doc weights computed in 0.03 seconds
[2026-06-18 03:27:58,765][feature_based_propensities_for_ULTR.experiments.model_pipeline][INFO] - Loading trainer (trainer_type='pl-rank', n_samples=100)...
[2026-06-18 03:27:58,767][feature_based_propensities_for_ULTR.experiments.model_pipeline][INFO] - Trainer loaded in 0.00 seconds
[2026-06-18 03:27:58,767][feature_based_propensities_for_ULTR.experiments.model_pipeline][INFO] - Training model...
[2026-06-18 04:18:57,091][feature_based_propensities_for_ULTR.experiments.ips_pipeline][INFO] - Final evaluation results:
{'metrics': {'CTR': 0.9680298566818237,
             'DCG': 2.347503662109375,
             'NCTR': 0.6177191138267517,
             'NDCG': 0.6810854077339172,
             'NDCG@25': 0.6810854077339172,
             'NRCTR': 0.6177191138267517,
             'RCTR': 0.9680298566818237}}
[2026-06-18 04:18:57,175][submitit][INFO] - Job completed successfully
[2026-06-18 04:18:57,185][submitit][INFO] - Exiting after successful completion
