[2026-06-18 15:33:16,651][feature_based_propensities_for_ULTR.experiments.config_resolver][WARNING] - test_clicks=500000 is ignored because test_set_mode='label_only'. Set test_set_mode='clicks' to enable legacy click-based test behavior.
[2026-06-18 15:33:16,657][feature_based_propensities_for_ULTR.experiments.data_pipeline][INFO] - Loading or generating click datasets...
[2026-06-18 15:33:40,204][absl][INFO] - orbax-checkpoint version: 0.11.40
[2026-06-18 15:33:40,205][absl][INFO] - save_device_host_concurrent_bytes=None
[2026-06-18 15:33:40,205][absl][INFO] - Created BasePyTreeCheckpointHandler: use_ocdbt=True, use_zarr3=False, pytree_metadata_options=PyTreeMetadataOptions(support_rich_types=False), array_metadata_store=<orbax.checkpoint._src.metadata.array_metadata_store.Store object at 0x1465384a1d10>, enable_pinned_host_transfer=False, save_concurrent_bytes: 96000000000 (89.4 GiB), restore_concurrent_bytes: 96000000000 (89.4 GiB)
[2026-06-18 15:33:40,205][absl][INFO] - [thread=MainThread] Failed to get flag value for EXPERIMENTAL_ORBAX_USE_DISTRIBUTED_PROCESS_ID.
[2026-06-18 15:33:40,205][absl][INFO] - [process=0][thread=MainThread] Using barrier_sync_fn: <function get_barrier_sync_fn.<locals>.<lambda> at 0x1464a16df880> timeout: 1200 secs and primary_host=0 for async checkpoint writes
[2026-06-18 15:33:40,206][absl][INFO] - [process=0] [sync] Started load checkpoint @ /gpfs/home5/sfris1/ltr_datasets/ips_datasets/logging_policy_c10000_ps1p0_pt0p5_bs1p0_drop0rel0_sessallocv2_candfullv2_topx25_maxdocs80_lprdeep_lpsegreedysampler_lppct10p0.
[2026-06-18 15:33:40,208][absl][INFO] - Restoring checkpoint from /gpfs/home5/sfris1/ltr_datasets/ips_datasets/logging_policy_c10000_ps1p0_pt0p5_bs1p0_drop0rel0_sessallocv2_candfullv2_topx25_maxdocs80_lprdeep_lpsegreedysampler_lppct10p0.
[2026-06-18 15:33:40,208][absl][INFO] - [process=0] [sync] Finished blocking load in 0.00 seconds. Continuing load @ /gpfs/home5/sfris1/ltr_datasets/ips_datasets/logging_policy_c10000_ps1p0_pt0p5_bs1p0_drop0rel0_sessallocv2_candfullv2_topx25_maxdocs80_lprdeep_lpsegreedysampler_lppct10p0.
[2026-06-18 15:33:40,224][absl][INFO] - [process=0] /jax/orbax/read/worker/io/requested throughput: 8.158 MiB/s (total gbytes: 91.8 KiB) (time elapsed: 0.010982990264892578 s) (per-host)
[2026-06-18 15:33:40,226][absl][INFO] - [process=0] /jax/checkpoint/read/gbytes_per_sec: 5.415 MiB/s (total gbytes: 91.8 KiB) (time elapsed: 0.016547679901123047 s) (per-host)
[2026-06-18 15:33:40,226][absl][INFO] - [process=0] [sync] Finished load in 0.02 seconds @ /gpfs/home5/sfris1/ltr_datasets/ips_datasets/logging_policy_c10000_ps1p0_pt0p5_bs1p0_drop0rel0_sessallocv2_candfullv2_topx25_maxdocs80_lprdeep_lpsegreedysampler_lppct10p0
[2026-06-18 15:33:44,407][feature_based_propensities_for_ULTR.experiments.data_pipeline][INFO] - Loaded click datasets in 27.75 seconds (train=8694, val=1306, test=0)
[2026-06-18 15:33:44,408][feature_based_propensities_for_ULTR.experiments.data_pipeline][INFO] - Test split is label-only by design; no test click dataset was loaded.
[2026-06-18 15:33:44,408][feature_based_propensities_for_ULTR.data.runtime.alignment][INFO] - Applying data cutoff override: configured=25, natural=25, effective=25
[2026-06-18 15:33:44,408][feature_based_propensities_for_ULTR.data.runtime.alignment][INFO] - Applying data cutoff override: configured=25, natural=25, effective=25
[2026-06-18 15:33:44,500][feature_based_propensities_for_ULTR.data.runtime.aggregation][INFO] - Initializing simulator...
[2026-06-18 15:33:44,501][feature_based_propensities_for_ULTR.data.runtime.aggregation][INFO] - Aggregating train dataset...
[2026-06-18 15:33:50,615][feature_based_propensities_for_ULTR.data.runtime.aggregation][INFO] - Aggregating validation dataset...
[2026-06-18 15:33:53,113][feature_based_propensities_for_ULTR.data.runtime.aggregation][INFO] - Aggregating test dataset from labels only...
[2026-06-18 15:33:54,747][feature_based_propensities_for_ULTR.data.runtime.aggregation][INFO] - Aggregation done in 10.25 seconds
[2026-06-18 15:33:54,747][feature_based_propensities_for_ULTR.data.runtime.aggregation][INFO] - Session usage after aggregation: requested(train=8694,val=1306), actual(train=8694,val=1306,test=0)
[2026-06-18 15:33:54,747][feature_based_propensities_for_ULTR.data.runtime.aggregation][INFO] - Dataset persistence disabled; skipping aggregated dataset cache save.
[2026-06-18 15:33:54,747][feature_based_propensities_for_ULTR.experiments.ips_pipeline][INFO] - Test split uses label-only evaluation; raw test click diagnostics are skipped.
[2026-06-18 15:33:54,770][feature_based_propensities_for_ULTR.experiments.diagnostics][INFO] - [Data] train_docs=470251, val_docs=70687, test_docs=164676, cutoff=25
[2026-06-18 15:33:54,854][feature_based_propensities_for_ULTR.experiments.diagnostics][INFO] - [Train] clicks=1425, displays=146654, ctr=0.0097, ctr_per_doc=0.0097
[2026-06-18 15:33:54,933][feature_based_propensities_for_ULTR.experiments.diagnostics][INFO] - [Validation] clicks=198, displays=21426, ctr=0.0092, ctr_per_doc=0.0092
[2026-06-18 15:33:55,046][feature_based_propensities_for_ULTR.experiments.diagnostics][INFO] - [Test] clicks=0, displays=0, ctr=0.0000, ctr_per_doc=0.0000
[2026-06-18 15:33:55,047][feature_based_propensities_for_ULTR.experiments.ips_pipeline][INFO] - Running estimator pipeline with model='ips'
[2026-06-18 15:33:55,047][feature_based_propensities_for_ULTR.experiments.ips_pipeline][INFO] - Computing position bias (alpha)...
[2026-06-18 15:33:55,063][ultr_bias_toolkit.bias.intervention_harvesting.all_pairs][INFO] - Position bias estimation using global all pairs estimator
[2026-06-18 15:34:44,577][feature_based_propensities_for_ULTR.experiments.position_bias_pipeline][INFO] - Saved estimated position-bias curve to position_bias.json
[2026-06-18 15:34:44,577][feature_based_propensities_for_ULTR.experiments.ips_pipeline][INFO] - Estimated position bias in-run (estimator=global_all_pairs): [ 0.        -0.6544177 -1.3023405 -1.3730811 -2.2430186 -2.167402
 -1.5995059 -2.936091  -3.345627  -2.8345811 -1.8741292 -2.207801
 -1.2529643 -6.9077554 -3.208909  -2.7303298 -3.178294  -3.106327
 -1.950276  -3.5181334 -4.2476387 -3.28951   -6.9077554 -4.0280447
 -6.6400747]
[2026-06-18 15:34:44,579][feature_based_propensities_for_ULTR.experiments.propensity_pipeline][INFO] - Computing propensity per doc (method=frequency_based)...
[2026-06-18 15:34:52,709][feature_based_propensities_for_ULTR.experiments.propensity_pipeline][INFO] - Propensity computed in 8.13 seconds
[2026-06-18 15:34:52,709][feature_based_propensities_for_ULTR.experiments.propensity_pipeline][INFO] - Alpha logits: [ 0.        -0.6544177 -1.3023405 -1.3730811 -2.2430186 -2.167402
 -1.5995059 -2.936091  -3.345627  -2.8345811 -1.8741292 -2.207801
 -1.2529643 -6.9077554 -3.208909  -2.7303298 -3.178294  -3.106327
 -1.950276  -3.5181334 -4.2476387 -3.28951   -6.9077554 -4.0280447
 -6.6400747]
[2026-06-18 15:34:52,710][feature_based_propensities_for_ULTR.experiments.propensity_pipeline][INFO] - Alpha: [0.5        0.3419947  0.21377137 0.2021225  0.09595338 0.10271624
 0.16805068 0.05039803 0.03403865 0.05548383 0.13306467 0.09905212
 0.22218743 0.000999   0.03883183 0.06120721 0.03999078 0.04284703
 0.12452326 0.02880066 0.0140964  0.03593282 0.000999   0.01749751
 0.00130522]
[2026-06-18 15:34:52,711][feature_based_propensities_for_ULTR.experiments.propensity_pipeline][INFO] - Propensity clipping disabled.
[2026-06-18 15:34:52,711][feature_based_propensities_for_ULTR.experiments.ips_pipeline][INFO] - Computing IPS doc weights...
[2026-06-18 15:34:53,159][feature_based_propensities_for_ULTR.experiments.ips_pipeline][INFO] - Doc weights computed in 0.45 seconds
[2026-06-18 15:34:53,167][feature_based_propensities_for_ULTR.experiments.model_pipeline][INFO] - Loading trainer (trainer_type='pl-rank', n_samples=100)...
[2026-06-18 15:34:53,169][feature_based_propensities_for_ULTR.experiments.model_pipeline][INFO] - Trainer loaded in 0.00 seconds
[2026-06-18 15:34:53,169][feature_based_propensities_for_ULTR.experiments.model_pipeline][INFO] - Training model...
[2026-06-18 15:35:42,606][feature_based_propensities_for_ULTR.experiments.ips_pipeline][INFO] - Final evaluation results:
{'metrics': {'CTR': 0.6977621912956238,
             'DCG': 1.956573724746704,
             'NCTR': 0.6088659167289734,
             'NDCG': 0.7160052061080933,
             'NDCG@25': 0.7160052061080933,
             'NRCTR': 0.6088659167289734,
             'RCTR': 0.6977621912956238}}
[2026-06-18 15:35:42,632][submitit][INFO] - Job completed successfully
[2026-06-18 15:35:42,640][submitit][INFO] - Exiting after successful completion
