[2026-03-18 16:28:42,480][jax._src.xla_bridge][ERROR] - Jax plugin configuration error: Exception when calling jax_plugins.xla_cuda12.initialize()
Traceback (most recent call last):
  File "/gpfs/home5/sfris1/two-towers-confounding-project/.venv/lib/python3.11/site-packages/jax/_src/xla_bridge.py", line 485, in discover_pjrt_plugins
    plugin_module.initialize()
  File "/gpfs/home5/sfris1/two-towers-confounding-project/.venv/lib/python3.11/site-packages/jax_plugins/xla_cuda12/__init__.py", line 328, in initialize
    _check_cuda_versions(raise_on_first_error=True)
  File "/gpfs/home5/sfris1/two-towers-confounding-project/.venv/lib/python3.11/site-packages/jax_plugins/xla_cuda12/__init__.py", line 285, in _check_cuda_versions
    local_device_count = cuda_versions.cuda_device_count()
                         ^^^^^^^^^^^^^^^^^^^^^^^^^^^^^^^^^
RuntimeError: jaxlib/cuda/versions_helpers.cc:113: operation cuInit(0) failed: CUDA_ERROR_NO_DEVICE
[2026-03-18 16:28:43,670][two_tower_confounding.experiments.ips_pipeline][WARNING] - wandb.init failed (Error uploading run: returned error 403: {"data":{"upsertBucket":null},"errors":[{"message":"permission denied","path":["upsertBucket"],"extensions":{"code":"PERMISSION_ERROR"}}]}). Continuing with local logging only.
[2026-03-18 16:28:43,671][two_tower_confounding.experiments.ips_pipeline][WARNING] - Disabling wandb for trainer components because initialization failed.
[2026-03-18 16:28:43,672][two_tower_confounding.experiments.config_resolver][WARNING] - test_clicks=500000 is ignored because test_set_mode='label_only'. Set test_set_mode='clicks' to enable legacy click-based test behavior.
[2026-03-18 16:28:43,678][two_tower_confounding.experiments.data_pipeline][INFO] - Loading or generating click datasets...
[2026-03-18 16:30:11,261][absl][INFO] - orbax-checkpoint version: 0.11.25
[2026-03-18 16:30:11,261][absl][INFO] - Created BasePyTreeCheckpointHandler: use_ocdbt=True, use_zarr3=False, pytree_metadata_options=PyTreeMetadataOptions(support_rich_types=False), array_metadata_store=<orbax.checkpoint._src.metadata.array_metadata_store.Store object at 0x149408007990>, enable_pinned_host_transfer=False, save_concurrent_bytes: 96000000000 (89.4 GiB), restore_concurrent_bytes: 96000000000 (89.4 GiB)
[2026-03-18 16:30:11,261][absl][INFO] - [thread=MainThread] Failed to get flag value for EXPERIMENTAL_ORBAX_USE_DISTRIBUTED_PROCESS_ID.
[2026-03-18 16:30:11,261][absl][INFO] - [process=0][thread=MainThread] Using barrier_sync_fn: <function get_barrier_sync_fn.<locals>.<lambda> at 0x1491fdb4f560> timeout: 600 secs and primary_host=0 for async checkpoint writes
[2026-03-18 16:30:11,265][absl][INFO] - Restoring checkpoint from /gpfs/home5/sfris1/ltr_datasets/ips_datasets/logging_policy_c5000000_ps1p0_pt0p5_bs1p0_drop0rel0_dqchunk1_fsample1_spct10p0_candfullv2_topx25_maxdocs200_lprdeep_lpsegreedysampler_lppct10p0.
[2026-03-18 16:30:11,289][absl][INFO] - [process=0] /jax/checkpoint/read/gbytes_per_sec: 0 Bytes/s (total gbytes: 21.4 KiB) (time elapsed: 22 milliseconds) (per-host)
[2026-03-18 16:30:11,289][absl][INFO] - Finished restoring checkpoint in 0.03 seconds from /gpfs/home5/sfris1/ltr_datasets/ips_datasets/logging_policy_c5000000_ps1p0_pt0p5_bs1p0_drop0rel0_dqchunk1_fsample1_spct10p0_candfullv2_topx25_maxdocs200_lprdeep_lpsegreedysampler_lppct10p0.
[2026-03-18 16:30:14,993][two_tower_confounding.experiments.data_pipeline][INFO] - Loaded click datasets in 91.32 seconds (train=9999, val=3294, test=0)
[2026-03-18 16:30:14,993][two_tower_confounding.experiments.data_pipeline][INFO] - Test split is label-only by design; no test click dataset was loaded.
[2026-03-18 16:30:14,994][two_tower_confounding.data.runtime.aggregation][INFO] - Applying data cutoff override: configured=25, natural=25, effective=25
[2026-03-18 16:30:15,128][two_tower_confounding.data.runtime.aggregation][INFO] - Initializing simulator...
[2026-03-18 16:30:15,130][two_tower_confounding.data.runtime.aggregation][INFO] - Aggregating train dataset...
[2026-03-18 16:30:20,322][two_tower_confounding.data.runtime.aggregation][INFO] - Aggregating validation dataset...
[2026-03-18 16:30:23,649][two_tower_confounding.data.runtime.aggregation][INFO] - Aggregating test dataset from labels only...
[2026-03-18 16:30:25,339][two_tower_confounding.data.runtime.aggregation][INFO] - Aggregation done in 10.21 seconds
[2026-03-18 16:30:25,339][two_tower_confounding.data.runtime.aggregation][INFO] - Session usage after aggregation: requested(train=9999,val=3294), actual(train=9999,val=3294,test=0)
[2026-03-18 16:30:25,339][two_tower_confounding.data.runtime.aggregation][INFO] - Dataset persistence disabled; skipping aggregated dataset cache save.
[2026-03-18 16:30:25,339][two_tower_confounding.experiments.ips_pipeline][INFO] - Test split uses label-only evaluation; raw test click diagnostics are skipped.
[2026-03-18 16:30:25,400][two_tower_confounding.experiments.diagnostics][INFO] - [Data] train_docs=2270296, val_docs=747218, test_docs=708921, cutoff=25
[2026-03-18 16:30:25,489][two_tower_confounding.experiments.diagnostics][INFO] - [Train] clicks=771, displays=227195, ctr=0.0034, ctr_per_doc=0.0034
[2026-03-18 16:30:25,563][two_tower_confounding.experiments.diagnostics][INFO] - [Validation] clicks=258, displays=75200, ctr=0.0034, ctr_per_doc=0.0034
[2026-03-18 16:30:25,641][two_tower_confounding.experiments.diagnostics][INFO] - [Test] clicks=0, displays=0, ctr=0.0000, ctr_per_doc=0.0000
[2026-03-18 16:30:25,642][two_tower_confounding.experiments.ips_pipeline][INFO] - Running estimator pipeline with model='dr'
[2026-03-18 16:30:25,642][two_tower_confounding.experiments.ips_pipeline][INFO] - Computing position bias (alpha)...
[2026-03-18 16:30:25,708][two_tower_confounding.experiments.propensity_pipeline][INFO] - Computing propensity per doc (method=true_propensity)...
[2026-03-18 16:30:34,927][two_tower_confounding.experiments.propensity_pipeline][INFO] - Propensity computed in 9.22 seconds
[2026-03-18 16:30:34,927][two_tower_confounding.experiments.propensity_pipeline][INFO] - Alpha logits: [-0.        -0.6931472 -1.0986123 -1.3862944 -1.609438  -1.7917595
 -1.9459101 -2.0794415 -2.1972246 -2.3025851 -2.3978953 -2.4849067
 -2.5649493 -2.6390574 -2.7080503 -2.7725887 -2.8332133 -2.8903718
 -2.944439  -2.9957323 -3.0445225 -3.0910425 -3.1354942 -3.1780539
 -3.218876 ]
[2026-03-18 16:30:34,928][two_tower_confounding.experiments.propensity_pipeline][INFO] - Alpha: [0.5        0.33333334 0.25       0.2        0.16666667 0.14285715
 0.12500001 0.11111111 0.1        0.09090909 0.08333333 0.07692308
 0.07142857 0.06666666 0.0625     0.05882353 0.05555556 0.05263158
 0.05       0.04761905 0.04545454 0.04347826 0.04166667 0.04
 0.03846154]
[2026-03-18 16:30:34,929][two_tower_confounding.experiments.propensity_pipeline][INFO] - Propensity clipping disabled.
[2026-03-18 16:30:34,929][two_tower_confounding.experiments.propensity_pipeline][INFO] - Computing propensity per doc (method=frequency_based)...
[2026-03-18 16:30:42,369][two_tower_confounding.experiments.propensity_pipeline][INFO] - Propensity computed in 7.44 seconds
[2026-03-18 16:30:42,369][two_tower_confounding.experiments.propensity_pipeline][INFO] - Alpha logits: [-0.        -0.6931472 -1.0986123 -1.3862944 -1.609438  -1.7917595
 -1.9459101 -2.0794415 -2.1972246 -2.3025851 -2.3978953 -2.4849067
 -2.5649493 -2.6390574 -2.7080503 -2.7725887 -2.8332133 -2.8903718
 -2.944439  -2.9957323 -3.0445225 -3.0910425 -3.1354942 -3.1780539
 -3.218876 ]
[2026-03-18 16:30:42,370][two_tower_confounding.experiments.propensity_pipeline][INFO] - Alpha: [0.5        0.33333334 0.25       0.2        0.16666667 0.14285715
 0.12500001 0.11111111 0.1        0.09090909 0.08333333 0.07692308
 0.07142857 0.06666666 0.0625     0.05882353 0.05555556 0.05263158
 0.05       0.04761905 0.04545454 0.04347826 0.04166667 0.04
 0.03846154]
[2026-03-18 16:30:44,047][two_tower_confounding.experiments.regression_pipeline][INFO] - Training regression model for DM/DR...
[2026-03-18 16:30:54,887][two_tower_confounding.experiments.regression_pipeline][INFO] - Regression epoch 3: train_loss=0.127814 val_loss=0.128854
[2026-03-18 16:31:04,668][two_tower_confounding.experiments.regression_pipeline][INFO] - Regression epoch 6: train_loss=0.125438 val_loss=0.134451
[2026-03-18 16:31:11,737][two_tower_confounding.experiments.ips_pipeline][INFO] - Computing DR doc weights...
[2026-03-18 16:31:11,770][two_tower_confounding.experiments.ips_pipeline][INFO] - Doc weights computed in 0.03 seconds
[2026-03-18 16:31:11,779][two_tower_confounding.experiments.model_pipeline][INFO] - Loading trainer (trainer_type='pl-rank', n_samples=100)...
[2026-03-18 16:31:11,781][two_tower_confounding.experiments.model_pipeline][INFO] - Trainer loaded in 0.00 seconds
[2026-03-18 16:31:11,781][two_tower_confounding.experiments.model_pipeline][INFO] - Training model...
[2026-03-18 16:47:37,920][two_tower_confounding.experiments.ips_pipeline][INFO] - Final evaluation results:
{'metrics': {'CTR': 0.6967563033103943,
             'DCG': 1.849605679512024,
             'NCTR': 0.4645027220249176,
             'NDCG': 0.48434147238731384,
             'NDCG@25': 0.48434147238731384,
             'NRCTR': 0.4645027220249176,
             'RCTR': 0.6967563033103943}}
[2026-03-18 16:47:37,938][submitit][INFO] - Job completed successfully
[2026-03-18 16:47:37,951][submitit][INFO] - Exiting after successful completion
[2026-03-23 16:01:15,090][jax._src.xla_bridge][ERROR] - Jax plugin configuration error: Exception when calling jax_plugins.xla_cuda12.initialize()
Traceback (most recent call last):
  File "/gpfs/home5/sfris1/two-towers-confounding-project/.venv/lib/python3.11/site-packages/jax/_src/xla_bridge.py", line 485, in discover_pjrt_plugins
    plugin_module.initialize()
  File "/gpfs/home5/sfris1/two-towers-confounding-project/.venv/lib/python3.11/site-packages/jax_plugins/xla_cuda12/__init__.py", line 328, in initialize
    _check_cuda_versions(raise_on_first_error=True)
  File "/gpfs/home5/sfris1/two-towers-confounding-project/.venv/lib/python3.11/site-packages/jax_plugins/xla_cuda12/__init__.py", line 285, in _check_cuda_versions
    local_device_count = cuda_versions.cuda_device_count()
                         ^^^^^^^^^^^^^^^^^^^^^^^^^^^^^^^^^
RuntimeError: jaxlib/cuda/versions_helpers.cc:113: operation cuInit(0) failed: CUDA_ERROR_NO_DEVICE
[2026-03-23 16:01:16,106][two_tower_confounding.experiments.ips_pipeline][WARNING] - wandb.init failed (Error uploading run: returned error 403: {"data":{"upsertBucket":null},"errors":[{"message":"permission denied","path":["upsertBucket"],"extensions":{"code":"PERMISSION_ERROR"}}]}). Continuing with local logging only.
[2026-03-23 16:01:16,106][two_tower_confounding.experiments.ips_pipeline][WARNING] - Disabling wandb for trainer components because initialization failed.
[2026-03-23 16:01:16,107][two_tower_confounding.experiments.config_resolver][WARNING] - test_clicks=500000 is ignored because test_set_mode='label_only'. Set test_set_mode='clicks' to enable legacy click-based test behavior.
[2026-03-23 16:01:16,114][two_tower_confounding.experiments.data_pipeline][INFO] - Loading or generating click datasets...
[2026-03-23 16:02:43,401][absl][INFO] - orbax-checkpoint version: 0.11.25
[2026-03-23 16:02:43,402][absl][INFO] - Created BasePyTreeCheckpointHandler: use_ocdbt=True, use_zarr3=False, pytree_metadata_options=PyTreeMetadataOptions(support_rich_types=False), array_metadata_store=<orbax.checkpoint._src.metadata.array_metadata_store.Store object at 0x151878653850>, enable_pinned_host_transfer=False, save_concurrent_bytes: 96000000000 (89.4 GiB), restore_concurrent_bytes: 96000000000 (89.4 GiB)
[2026-03-23 16:02:43,402][absl][INFO] - [thread=MainThread] Failed to get flag value for EXPERIMENTAL_ORBAX_USE_DISTRIBUTED_PROCESS_ID.
[2026-03-23 16:02:43,402][absl][INFO] - [process=0][thread=MainThread] Using barrier_sync_fn: <function get_barrier_sync_fn.<locals>.<lambda> at 0x1517d1ec39c0> timeout: 600 secs and primary_host=0 for async checkpoint writes
[2026-03-23 16:02:43,406][absl][INFO] - Restoring checkpoint from /gpfs/home5/sfris1/ltr_datasets/ips_datasets/logging_policy_c5000000_ps1p0_pt0p5_bs1p0_drop0rel0_dqchunk1_fsample1_spct10p0_candfullv2_topx25_maxdocs200_lprdeep_lpsegreedysampler_lppct10p0.
[2026-03-23 16:02:43,432][absl][INFO] - [process=0] /jax/checkpoint/read/gbytes_per_sec: 0 Bytes/s (total gbytes: 21.4 KiB) (time elapsed: 24 milliseconds) (per-host)
[2026-03-23 16:02:43,432][absl][INFO] - Finished restoring checkpoint in 0.03 seconds from /gpfs/home5/sfris1/ltr_datasets/ips_datasets/logging_policy_c5000000_ps1p0_pt0p5_bs1p0_drop0rel0_dqchunk1_fsample1_spct10p0_candfullv2_topx25_maxdocs200_lprdeep_lpsegreedysampler_lppct10p0.
[2026-03-23 16:02:47,007][two_tower_confounding.experiments.data_pipeline][INFO] - Loaded click datasets in 90.89 seconds (train=9999, val=3294, test=0)
[2026-03-23 16:02:47,007][two_tower_confounding.experiments.data_pipeline][INFO] - Test split is label-only by design; no test click dataset was loaded.
[2026-03-23 16:02:47,007][two_tower_confounding.data.runtime.alignment][INFO] - Applying data cutoff override: configured=25, natural=25, effective=25
[2026-03-23 16:02:47,007][two_tower_confounding.data.runtime.alignment][INFO] - Applying data cutoff override: configured=25, natural=25, effective=25
[2026-03-23 16:02:47,134][two_tower_confounding.data.runtime.aggregation][INFO] - Initializing simulator...
[2026-03-23 16:02:47,135][two_tower_confounding.data.runtime.aggregation][INFO] - Aggregating train dataset...
[2026-03-23 16:02:51,693][two_tower_confounding.data.runtime.aggregation][INFO] - Aggregating validation dataset...
[2026-03-23 16:02:54,830][two_tower_confounding.data.runtime.aggregation][INFO] - Aggregating test dataset from labels only...
[2026-03-23 16:02:56,318][two_tower_confounding.data.runtime.aggregation][INFO] - Aggregation done in 9.18 seconds
[2026-03-23 16:02:56,319][two_tower_confounding.data.runtime.aggregation][INFO] - Session usage after aggregation: requested(train=1000,val=330), actual(train=1000,val=330,test=0)
[2026-03-23 16:02:56,319][two_tower_confounding.data.runtime.aggregation][INFO] - Dataset persistence disabled; skipping aggregated dataset cache save.
[2026-03-23 16:02:56,319][two_tower_confounding.experiments.ips_pipeline][INFO] - Test split uses label-only evaluation; raw test click diagnostics are skipped.
[2026-03-23 16:02:56,376][two_tower_confounding.experiments.diagnostics][INFO] - [Data] train_docs=2270296, val_docs=747218, test_docs=708921, cutoff=25
[2026-03-23 16:02:56,462][two_tower_confounding.experiments.diagnostics][INFO] - [Train] clicks=77, displays=22671, ctr=0.0034, ctr_per_doc=0.0034
[2026-03-23 16:02:56,529][two_tower_confounding.experiments.diagnostics][INFO] - [Validation] clicks=24, displays=7561, ctr=0.0032, ctr_per_doc=0.0032
[2026-03-23 16:02:56,600][two_tower_confounding.experiments.diagnostics][INFO] - [Test] clicks=0, displays=0, ctr=0.0000, ctr_per_doc=0.0000
[2026-03-23 16:02:56,601][two_tower_confounding.experiments.ips_pipeline][INFO] - Running estimator pipeline with model='dr'
[2026-03-23 16:02:56,601][two_tower_confounding.experiments.ips_pipeline][INFO] - Computing position bias (alpha)...
[2026-03-23 16:02:56,662][two_tower_confounding.experiments.propensity_pipeline][INFO] - Computing propensity per doc (method=true_propensity)...
[2026-03-23 16:02:59,140][two_tower_confounding.experiments.propensity_pipeline][INFO] - Propensity computed in 2.48 seconds
[2026-03-23 16:02:59,141][two_tower_confounding.experiments.propensity_pipeline][INFO] - Alpha logits: [-0.        -0.6931472 -1.0986123 -1.3862944 -1.609438  -1.7917595
 -1.9459101 -2.0794415 -2.1972246 -2.3025851 -2.3978953 -2.4849067
 -2.5649493 -2.6390574 -2.7080503 -2.7725887 -2.8332133 -2.8903718
 -2.944439  -2.9957323 -3.0445225 -3.0910425 -3.1354942 -3.1780539
 -3.218876 ]
[2026-03-23 16:02:59,141][two_tower_confounding.experiments.propensity_pipeline][INFO] - Alpha: [0.5        0.33333334 0.25       0.2        0.16666667 0.14285715
 0.12500001 0.11111111 0.1        0.09090909 0.08333333 0.07692308
 0.07142857 0.06666666 0.0625     0.05882353 0.05555556 0.05263158
 0.05       0.04761905 0.04545454 0.04347826 0.04166667 0.04
 0.03846154]
[2026-03-23 16:02:59,142][two_tower_confounding.experiments.propensity_pipeline][INFO] - Propensity clipping disabled.
[2026-03-23 16:02:59,149][two_tower_confounding.experiments.propensity_pipeline][INFO] - Computing propensity per doc (method=frequency_based)...
[2026-03-23 16:02:59,889][two_tower_confounding.experiments.propensity_pipeline][INFO] - Propensity computed in 0.74 seconds
[2026-03-23 16:02:59,889][two_tower_confounding.experiments.propensity_pipeline][INFO] - Alpha logits: [-0.        -0.6931472 -1.0986123 -1.3862944 -1.609438  -1.7917595
 -1.9459101 -2.0794415 -2.1972246 -2.3025851 -2.3978953 -2.4849067
 -2.5649493 -2.6390574 -2.7080503 -2.7725887 -2.8332133 -2.8903718
 -2.944439  -2.9957323 -3.0445225 -3.0910425 -3.1354942 -3.1780539
 -3.218876 ]
[2026-03-23 16:02:59,889][two_tower_confounding.experiments.propensity_pipeline][INFO] - Alpha: [0.5        0.33333334 0.25       0.2        0.16666667 0.14285715
 0.12500001 0.11111111 0.1        0.09090909 0.08333333 0.07692308
 0.07142857 0.06666666 0.0625     0.05882353 0.05555556 0.05263158
 0.05       0.04761905 0.04545454 0.04347826 0.04166667 0.04
 0.03846154]
[2026-03-23 16:03:01,353][two_tower_confounding.experiments.regression_pipeline][INFO] - Training regression model for DM/DR...
[2026-03-23 16:03:03,410][two_tower_confounding.experiments.regression_pipeline][INFO] - Regression epoch 3: train_loss=0.127672 val_loss=0.123692
[2026-03-23 16:03:04,320][two_tower_confounding.experiments.regression_pipeline][INFO] - Regression epoch 6: train_loss=0.120175 val_loss=0.128026
[2026-03-23 16:03:10,670][two_tower_confounding.experiments.ips_pipeline][INFO] - Computing DR doc weights...
[2026-03-23 16:03:10,700][two_tower_confounding.experiments.ips_pipeline][INFO] - Doc weights computed in 0.03 seconds
[2026-03-23 16:03:10,709][two_tower_confounding.experiments.model_pipeline][INFO] - Loading trainer (trainer_type='pl-rank', n_samples=100)...
[2026-03-23 16:03:10,711][two_tower_confounding.experiments.model_pipeline][INFO] - Trainer loaded in 0.00 seconds
[2026-03-23 16:03:10,711][two_tower_confounding.experiments.model_pipeline][INFO] - Training model...
[2026-03-23 16:19:22,309][two_tower_confounding.experiments.ips_pipeline][INFO] - Final evaluation results:
{'metrics': {'CTR': 0.6187994480133057,
             'DCG': 1.6556333303451538,
             'NCTR': 0.4096996486186981,
             'NDCG': 0.4311283528804779,
             'NDCG@25': 0.4311283528804779,
             'NRCTR': 0.4096996486186981,
             'RCTR': 0.6187994480133057}}
[2026-03-23 16:19:22,329][submitit][INFO] - Job completed successfully
[2026-03-23 16:19:22,349][submitit][INFO] - Exiting after successful completion
