[2026-05-05 10:53:10,372][two_tower_confounding.experiments.config_resolver][WARNING] - test_clicks=500000 is ignored because test_set_mode='label_only'. Set test_set_mode='clicks' to enable legacy click-based test behavior.
[2026-05-05 10:53:10,378][two_tower_confounding.experiments.data_pipeline][INFO] - Loading or generating click datasets...
[2026-05-05 10:53:34,044][absl][INFO] - orbax-checkpoint version: 0.11.37
[2026-05-05 10:53:34,044][absl][INFO] - save_device_host_concurrent_bytes=None
[2026-05-05 10:53:34,044][absl][INFO] - Created BasePyTreeCheckpointHandler: use_ocdbt=True, use_zarr3=False, pytree_metadata_options=PyTreeMetadataOptions(support_rich_types=False), array_metadata_store=<orbax.checkpoint._src.metadata.array_metadata_store.Store object at 0x1511e7a59990>, enable_pinned_host_transfer=False, save_concurrent_bytes: 96000000000 (89.4 GiB), restore_concurrent_bytes: 96000000000 (89.4 GiB)
[2026-05-05 10:53:34,044][absl][INFO] - [thread=MainThread] Failed to get flag value for EXPERIMENTAL_ORBAX_USE_DISTRIBUTED_PROCESS_ID.
[2026-05-05 10:53:34,044][absl][INFO] - [process=0][thread=MainThread] Using barrier_sync_fn: <function get_barrier_sync_fn.<locals>.<lambda> at 0x1511577d9800> timeout: 1200 secs and primary_host=0 for async checkpoint writes
[2026-05-05 10:53:34,045][absl][INFO] - [process=0] [sync] Started load checkpoint @ /gpfs/home5/sfris1/ltr_datasets/ips_datasets/logging_policy_c10000_ps1p0_pt0p5_bs1p0_drop0rel0_sessallocv2_candfullv2_topx25_maxdocs80_lprdeep_lpsegreedysampler_lppct10p0.
[2026-05-05 10:53:34,047][absl][INFO] - Restoring checkpoint from /gpfs/home5/sfris1/ltr_datasets/ips_datasets/logging_policy_c10000_ps1p0_pt0p5_bs1p0_drop0rel0_sessallocv2_candfullv2_topx25_maxdocs80_lprdeep_lpsegreedysampler_lppct10p0.
[2026-05-05 10:53:34,047][absl][INFO] - [process=0] [sync] Finished blocking load in 0.00 seconds. Continuing load @ /gpfs/home5/sfris1/ltr_datasets/ips_datasets/logging_policy_c10000_ps1p0_pt0p5_bs1p0_drop0rel0_sessallocv2_candfullv2_topx25_maxdocs80_lprdeep_lpsegreedysampler_lppct10p0.
[2026-05-05 10:53:34,062][absl][INFO] - [process=0] /jax/orbax/read/worker/io/requested throughput: 8.413 MiB/s (total gbytes: 91.8 KiB) (time elapsed: 0.010651111602783203 s) (per-host)
[2026-05-05 10:53:34,064][absl][INFO] - [process=0] /jax/checkpoint/read/gbytes_per_sec: 5.554 MiB/s (total gbytes: 91.8 KiB) (time elapsed: 0.016133546829223633 s) (per-host)
[2026-05-05 10:53:34,064][absl][INFO] - [process=0] [sync] Finished load in 0.02 seconds @ /gpfs/home5/sfris1/ltr_datasets/ips_datasets/logging_policy_c10000_ps1p0_pt0p5_bs1p0_drop0rel0_sessallocv2_candfullv2_topx25_maxdocs80_lprdeep_lpsegreedysampler_lppct10p0
[2026-05-05 10:53:38,310][two_tower_confounding.experiments.data_pipeline][INFO] - Loaded click datasets in 27.93 seconds (train=8694, val=1306, test=0)
[2026-05-05 10:53:38,310][two_tower_confounding.experiments.data_pipeline][INFO] - Test split is label-only by design; no test click dataset was loaded.
[2026-05-05 10:53:38,310][two_tower_confounding.data.runtime.alignment][INFO] - Applying data cutoff override: configured=25, natural=25, effective=25
[2026-05-05 10:53:38,311][two_tower_confounding.data.runtime.alignment][INFO] - Applying data cutoff override: configured=25, natural=25, effective=25
[2026-05-05 10:53:38,402][two_tower_confounding.data.runtime.aggregation][INFO] - Initializing simulator...
[2026-05-05 10:53:38,403][two_tower_confounding.data.runtime.aggregation][INFO] - Aggregating train dataset...
[2026-05-05 10:53:44,605][two_tower_confounding.data.runtime.aggregation][INFO] - Aggregating validation dataset...
[2026-05-05 10:53:46,947][two_tower_confounding.data.runtime.aggregation][INFO] - Aggregating test dataset from labels only...
[2026-05-05 10:53:48,810][two_tower_confounding.data.runtime.aggregation][INFO] - Aggregation done in 10.41 seconds
[2026-05-05 10:53:48,811][two_tower_confounding.data.runtime.aggregation][INFO] - Session usage after aggregation: requested(train=8694,val=1306), actual(train=8694,val=1306,test=0)
[2026-05-05 10:53:48,811][two_tower_confounding.data.runtime.aggregation][INFO] - Dataset persistence disabled; skipping aggregated dataset cache save.
[2026-05-05 10:53:48,811][two_tower_confounding.experiments.ips_pipeline][INFO] - Test split uses label-only evaluation; raw test click diagnostics are skipped.
[2026-05-05 10:53:48,834][two_tower_confounding.experiments.diagnostics][INFO] - [Data] train_docs=470251, val_docs=70687, test_docs=164676, cutoff=25
[2026-05-05 10:53:48,922][two_tower_confounding.experiments.diagnostics][INFO] - [Train] clicks=1401, displays=147947, ctr=0.0095, ctr_per_doc=0.0095
[2026-05-05 10:53:49,003][two_tower_confounding.experiments.diagnostics][INFO] - [Validation] clicks=228, displays=21772, ctr=0.0105, ctr_per_doc=0.0105
[2026-05-05 10:53:49,120][two_tower_confounding.experiments.diagnostics][INFO] - [Test] clicks=0, displays=0, ctr=0.0000, ctr_per_doc=0.0000
[2026-05-05 10:53:49,120][two_tower_confounding.experiments.ips_pipeline][INFO] - Running estimator pipeline with model='dm'
[2026-05-05 10:53:49,120][two_tower_confounding.experiments.ips_pipeline][INFO] - Computing position bias (alpha)...
[2026-05-05 10:53:49,127][two_tower_confounding.experiments.ips_pipeline][INFO] - Loaded CSV position bias from /gpfs/home5/sfris1/Doubly-Robust-Optimization-With-Two-Tower-Models/results/position_bias_csv_smoke.csv (method=global_all_pairs): [ 0.         -0.69555205 -1.0914718  -1.5367097  -1.9896696  -1.8285061
 -2.3471622  -1.3256977  -1.596374   -2.282981   -3.696813   -2.5899024
 -3.0106232  -2.2986262  -2.4007735  -2.2980165  -3.4975617  -3.6823604
 -3.4711256  -6.9077554  -3.1470287  -6.7853017  -3.9342997  -6.9077554
 -2.7012002 ]
[2026-05-05 10:53:49,128][two_tower_confounding.experiments.propensity_pipeline][INFO] - Computing propensity per doc (method=frequency_based)...
[2026-05-05 10:53:57,199][two_tower_confounding.experiments.propensity_pipeline][INFO] - Propensity computed in 8.07 seconds
[2026-05-05 10:53:57,199][two_tower_confounding.experiments.propensity_pipeline][INFO] - Alpha logits: [ 0.         -0.69555205 -1.0914718  -1.5367097  -1.9896696  -1.8285061
 -2.3471622  -1.3256977  -1.596374   -2.282981   -3.696813   -2.5899024
 -3.0106232  -2.2986262  -2.4007735  -2.2980165  -3.4975617  -3.6823604
 -3.4711256  -6.9077554  -3.1470287  -6.7853017  -3.9342997  -6.9077554
 -2.7012002 ]
[2026-05-05 10:53:57,200][two_tower_confounding.experiments.propensity_pipeline][INFO] - Alpha: [0.5        0.33279914 0.25134122 0.1770141  0.12029183 0.13841633
 0.08729161 0.2098719  0.168489   0.09254231 0.02420217 0.06979112
 0.04694825 0.09123681 0.08311372 0.09128737 0.02938169 0.02454585
 0.03014506 0.000999   0.04120852 0.00112899 0.01918416 0.000999
 0.06290258]
[2026-05-05 10:53:57,201][two_tower_confounding.experiments.propensity_pipeline][INFO] - Propensity clipping disabled.
[2026-05-05 10:53:58,273][two_tower_confounding.experiments.regression_pipeline][INFO] - Training regression model for DM/DR...
[2026-05-05 10:54:04,821][two_tower_confounding.experiments.regression_pipeline][INFO] - Regression epoch 3: train_loss=0.497318 val_loss=0.532437
[2026-05-05 10:54:10,220][two_tower_confounding.experiments.regression_pipeline][INFO] - Regression epoch 6: train_loss=0.436716 val_loss=0.573881
[2026-05-05 10:54:12,029][two_tower_confounding.experiments.ips_pipeline][INFO] - Computing DM doc weights...
[2026-05-05 10:54:12,029][two_tower_confounding.experiments.ips_pipeline][INFO] - Doc weights computed in 0.00 seconds
[2026-05-05 10:54:12,036][two_tower_confounding.experiments.model_pipeline][INFO] - Loading trainer (trainer_type='pl-rank', n_samples=100)...
[2026-05-05 10:54:12,037][two_tower_confounding.experiments.model_pipeline][INFO] - Trainer loaded in 0.00 seconds
[2026-05-05 10:54:12,037][two_tower_confounding.experiments.model_pipeline][INFO] - Training model...
[2026-05-05 11:04:15,487][two_tower_confounding.experiments.ips_pipeline][INFO] - Final evaluation results:
{'metrics': {'CTR': 0.73545241355896,
             'DCG': 1.9670219421386719,
             'NCTR': 0.6405779719352722,
             'NDCG': 0.7206636667251587,
             'NDCG@25': 0.7206636667251587,
             'NRCTR': 0.6405779719352722,
             'RCTR': 0.73545241355896}}
[2026-05-05 11:04:15,514][submitit][INFO] - Job completed successfully
[2026-05-05 11:04:15,528][submitit][INFO] - Exiting after successful completion
