[2026-05-05 10:55:33,350][two_tower_confounding.experiments.config_resolver][WARNING] - test_clicks=500000 is ignored because test_set_mode='label_only'. Set test_set_mode='clicks' to enable legacy click-based test behavior.
[2026-05-05 10:55:33,356][two_tower_confounding.experiments.data_pipeline][INFO] - Loading or generating click datasets...
[2026-05-05 10:57:05,914][absl][INFO] - orbax-checkpoint version: 0.11.37
[2026-05-05 10:57:05,914][absl][INFO] - save_device_host_concurrent_bytes=None
[2026-05-05 10:57:05,914][absl][INFO] - Created BasePyTreeCheckpointHandler: use_ocdbt=True, use_zarr3=False, pytree_metadata_options=PyTreeMetadataOptions(support_rich_types=False), array_metadata_store=<orbax.checkpoint._src.metadata.array_metadata_store.Store object at 0x14f9d5f6bad0>, enable_pinned_host_transfer=False, save_concurrent_bytes: 96000000000 (89.4 GiB), restore_concurrent_bytes: 96000000000 (89.4 GiB)
[2026-05-05 10:57:05,915][absl][INFO] - [thread=MainThread] Failed to get flag value for EXPERIMENTAL_ORBAX_USE_DISTRIBUTED_PROCESS_ID.
[2026-05-05 10:57:05,915][absl][INFO] - [process=0][thread=MainThread] Using barrier_sync_fn: <function get_barrier_sync_fn.<locals>.<lambda> at 0x14f93adb18a0> timeout: 1200 secs and primary_host=0 for async checkpoint writes
[2026-05-05 10:57:05,915][absl][INFO] - [process=0] [sync] Started load checkpoint @ /gpfs/home5/sfris1/ltr_datasets/ips_datasets/istella_logging_policy_c100000_ps1p0_pt0p5_bs1p0_drop0rel0_sessallocv2_candfullv2_topx25_maxdocs200_lprdeep_lpsegreedysampler_lppct10p0.
[2026-05-05 10:57:05,917][absl][INFO] - Restoring checkpoint from /gpfs/home5/sfris1/ltr_datasets/ips_datasets/istella_logging_policy_c100000_ps1p0_pt0p5_bs1p0_drop0rel0_sessallocv2_candfullv2_topx25_maxdocs200_lprdeep_lpsegreedysampler_lppct10p0.
[2026-05-05 10:57:05,917][absl][INFO] - [process=0] [sync] Finished blocking load in 0.00 seconds. Continuing load @ /gpfs/home5/sfris1/ltr_datasets/ips_datasets/istella_logging_policy_c100000_ps1p0_pt0p5_bs1p0_drop0rel0_sessallocv2_candfullv2_topx25_maxdocs200_lprdeep_lpsegreedysampler_lppct10p0.
[2026-05-05 10:57:05,935][absl][INFO] - [process=0] /jax/orbax/read/worker/io/requested throughput: 2.606 MiB/s (total gbytes: 31.6 KiB) (time elapsed: 0.01185154914855957 s) (per-host)
[2026-05-05 10:57:05,937][absl][INFO] - [process=0] /jax/checkpoint/read/gbytes_per_sec: 1.688 MiB/s (total gbytes: 31.6 KiB) (time elapsed: 0.0182952880859375 s) (per-host)
[2026-05-05 10:57:05,937][absl][INFO] - [process=0] [sync] Finished load in 0.02 seconds @ /gpfs/home5/sfris1/ltr_datasets/ips_datasets/istella_logging_policy_c100000_ps1p0_pt0p5_bs1p0_drop0rel0_sessallocv2_candfullv2_topx25_maxdocs200_lprdeep_lpsegreedysampler_lppct10p0
[2026-05-05 10:57:18,871][two_tower_confounding.experiments.data_pipeline][INFO] - Loaded click datasets in 105.51 seconds (train=72743, val=27257, test=0)
[2026-05-05 10:57:18,871][two_tower_confounding.experiments.data_pipeline][INFO] - Test split is label-only by design; no test click dataset was loaded.
[2026-05-05 10:57:18,871][two_tower_confounding.data.runtime.alignment][INFO] - Applying data cutoff override: configured=25, natural=25, effective=25
[2026-05-05 10:57:18,871][two_tower_confounding.data.runtime.alignment][INFO] - Applying data cutoff override: configured=25, natural=25, effective=25
[2026-05-05 10:57:18,967][two_tower_confounding.data.runtime.aggregation][INFO] - Initializing simulator...
[2026-05-05 10:57:18,968][two_tower_confounding.data.runtime.aggregation][INFO] - Aggregating train dataset...
[2026-05-05 10:57:25,381][two_tower_confounding.data.runtime.aggregation][INFO] - Aggregating validation dataset...
[2026-05-05 10:57:28,898][two_tower_confounding.data.runtime.aggregation][INFO] - Aggregating test dataset from labels only...
[2026-05-05 10:57:30,352][two_tower_confounding.data.runtime.aggregation][INFO] - Aggregation done in 11.38 seconds
[2026-05-05 10:57:30,353][two_tower_confounding.data.runtime.aggregation][INFO] - Session usage after aggregation: requested(train=72743,val=27257), actual(train=72743,val=27257,test=0)
[2026-05-05 10:57:30,353][two_tower_confounding.data.runtime.aggregation][INFO] - Dataset persistence disabled; skipping aggregated dataset cache save.
[2026-05-05 10:57:30,353][two_tower_confounding.experiments.ips_pipeline][INFO] - Test split uses label-only evaluation; raw test click diagnostics are skipped.
[2026-05-05 10:57:30,405][two_tower_confounding.experiments.diagnostics][INFO] - [Data] train_docs=2043304, val_docs=684076, test_docs=681250, cutoff=25
[2026-05-05 10:57:30,502][two_tower_confounding.experiments.diagnostics][INFO] - [Train] clicks=15831, displays=1809812, ctr=0.0087, ctr_per_doc=0.0087
[2026-05-05 10:57:30,593][two_tower_confounding.experiments.diagnostics][INFO] - [Validation] clicks=5733, displays=677704, ctr=0.0085, ctr_per_doc=0.0085
[2026-05-05 10:57:30,682][two_tower_confounding.experiments.diagnostics][INFO] - [Test] clicks=0, displays=0, ctr=0.0000, ctr_per_doc=0.0000
[2026-05-05 10:57:30,682][two_tower_confounding.experiments.ips_pipeline][INFO] - Running estimator pipeline with model='dr'
[2026-05-05 10:57:30,682][two_tower_confounding.experiments.ips_pipeline][INFO] - Computing position bias (alpha)...
[2026-05-05 10:57:30,689][two_tower_confounding.experiments.ips_pipeline][INFO] - Loaded CSV position bias from /gpfs/home5/sfris1/Doubly-Robust-Optimization-With-Two-Tower-Models/results/position_bias_csv_smoke.csv (method=ctr): [ 0.        -0.8813557 -1.3953991 -1.7496325 -2.050755  -2.3863463
 -2.5230367 -2.825314  -2.9027607 -3.1692724 -3.330463  -3.518862
 -3.659479  -3.7516418 -3.8477435 -4.153511  -4.0861464 -4.4011784
 -4.5836005 -4.4070253 -4.4888563 -4.4296465 -4.7241507 -4.8255568
 -5.1061234]
[2026-05-05 10:57:30,690][two_tower_confounding.experiments.propensity_pipeline][INFO] - Computing propensity per doc (method=propensity_mlp_regression)...
[2026-05-05 10:57:31,181][two_tower_confounding.experiments.propensity_pipeline][INFO] - Subsampling propensity classifier training data: 50000/72743 samples
[2026-05-05 10:59:49,422][two_tower_confounding.experiments.propensity_pipeline][INFO] - Propensity computed in 138.73 seconds
[2026-05-05 10:59:49,422][two_tower_confounding.experiments.propensity_pipeline][INFO] - Alpha logits: [ 0.     -0.8814 -1.3954 -1.7496 -2.0508 -2.3863 -2.523  -2.8253 -2.9028
 -3.1693 -3.3305 -3.5189 -3.6595 -3.7516 -3.8477 -4.1535 -4.0861 -4.4012
 -4.5836 -4.407  -4.4889 -4.4296 -4.7242 -4.8256 -5.1061]
[2026-05-05 10:59:49,423][two_tower_confounding.experiments.propensity_pipeline][INFO] - Alpha: [0.5    0.2929 0.1985 0.1481 0.114  0.0842 0.0743 0.056  0.052  0.0403
 0.0345 0.0288 0.0251 0.0229 0.0209 0.0155 0.0165 0.0121 0.0101 0.012
 0.0111 0.0118 0.0088 0.008  0.006 ]
[2026-05-05 10:59:49,424][two_tower_confounding.experiments.propensity_pipeline][INFO] - Propensity clipping disabled.
[2026-05-05 10:59:49,424][two_tower_confounding.experiments.propensity_pipeline][INFO] - Computing propensity per doc (method=frequency_based)...
[2026-05-05 11:03:59,152][two_tower_confounding.experiments.propensity_pipeline][INFO] - Propensity computed in 249.73 seconds
[2026-05-05 11:03:59,152][two_tower_confounding.experiments.propensity_pipeline][INFO] - Alpha logits: [ 0.     -0.8814 -1.3954 -1.7496 -2.0508 -2.3863 -2.523  -2.8253 -2.9028
 -3.1693 -3.3305 -3.5189 -3.6595 -3.7516 -3.8477 -4.1535 -4.0861 -4.4012
 -4.5836 -4.407  -4.4889 -4.4296 -4.7242 -4.8256 -5.1061]
[2026-05-05 11:03:59,153][two_tower_confounding.experiments.propensity_pipeline][INFO] - Alpha: [0.5    0.2929 0.1985 0.1481 0.114  0.0842 0.0743 0.056  0.052  0.0403
 0.0345 0.0288 0.0251 0.0229 0.0209 0.0155 0.0165 0.0121 0.0101 0.012
 0.0111 0.0118 0.0088 0.008  0.006 ]
[2026-05-05 11:04:00,779][two_tower_confounding.experiments.regression_pipeline][INFO] - Training regression model for DM/DR...
[2026-05-05 11:05:22,020][two_tower_confounding.experiments.regression_pipeline][INFO] - Regression epoch 3: train_loss=0.102013 val_loss=0.123004
[2026-05-05 11:06:43,005][two_tower_confounding.experiments.regression_pipeline][INFO] - Regression epoch 6: train_loss=0.097263 val_loss=0.111881
[2026-05-05 11:08:03,948][two_tower_confounding.experiments.regression_pipeline][INFO] - Regression epoch 9: train_loss=0.097423 val_loss=0.114155
[2026-05-05 11:08:10,058][two_tower_confounding.experiments.ips_pipeline][INFO] - Computing DR doc weights...
[2026-05-05 11:08:10,089][two_tower_confounding.experiments.ips_pipeline][INFO] - Doc weights computed in 0.03 seconds
[2026-05-05 11:08:10,100][two_tower_confounding.experiments.model_pipeline][INFO] - Loading trainer (trainer_type='pl-rank', n_samples=100)...
[2026-05-05 11:08:10,102][two_tower_confounding.experiments.model_pipeline][INFO] - Trainer loaded in 0.00 seconds
[2026-05-05 11:08:10,102][two_tower_confounding.experiments.model_pipeline][INFO] - Training model...
[2026-05-05 12:03:26,572][two_tower_confounding.experiments.ips_pipeline][INFO] - Final evaluation results:
{'metrics': {'CTR': 0.7351955771446228,
             'DCG': 2.3124005794525146,
             'NCTR': 0.585384726524353,
             'NDCG': 0.6761552095413208,
             'NDCG@25': 0.6761552095413208,
             'NRCTR': 0.585384726524353,
             'RCTR': 0.7351955771446228}}
[2026-05-05 12:03:26,605][submitit][INFO] - Job completed successfully
[2026-05-05 12:03:26,615][submitit][INFO] - Exiting after successful completion
