[2026-06-18 16:55:28,077][feature_based_propensities_for_ULTR.experiments.config_resolver][WARNING] - test_clicks=500000 is ignored because test_set_mode='label_only'. Set test_set_mode='clicks' to enable legacy click-based test behavior.
[2026-06-18 16:55:28,082][feature_based_propensities_for_ULTR.experiments.data_pipeline][INFO] - Loading or generating click datasets...
[2026-06-18 16:56:57,751][absl][INFO] - orbax-checkpoint version: 0.11.40
[2026-06-18 16:56:57,752][absl][INFO] - save_device_host_concurrent_bytes=None
[2026-06-18 16:56:57,752][absl][INFO] - Created BasePyTreeCheckpointHandler: use_ocdbt=True, use_zarr3=False, pytree_metadata_options=PyTreeMetadataOptions(support_rich_types=False), array_metadata_store=<orbax.checkpoint._src.metadata.array_metadata_store.Store object at 0x14ff1be74ed0>, enable_pinned_host_transfer=False, save_concurrent_bytes: 96000000000 (89.4 GiB), restore_concurrent_bytes: 96000000000 (89.4 GiB)
[2026-06-18 16:56:57,752][absl][INFO] - [thread=MainThread] Failed to get flag value for EXPERIMENTAL_ORBAX_USE_DISTRIBUTED_PROCESS_ID.
[2026-06-18 16:56:57,752][absl][INFO] - [process=0][thread=MainThread] Using barrier_sync_fn: <function get_barrier_sync_fn.<locals>.<lambda> at 0x14fe6c757920> timeout: 1200 secs and primary_host=0 for async checkpoint writes
[2026-06-18 16:56:57,753][absl][INFO] - [process=0] [sync] Started load checkpoint @ /gpfs/home5/sfris1/ltr_datasets/ips_datasets/istella_logging_policy_c10000_ps1p0_pt0p5_bs1p0_drop0rel0_sessallocv2_candfullv2_topx25_maxdocs200_lprdeep_lpsegreedysampler_lppct10p0.
[2026-06-18 16:56:57,756][absl][INFO] - Restoring checkpoint from /gpfs/home5/sfris1/ltr_datasets/ips_datasets/istella_logging_policy_c10000_ps1p0_pt0p5_bs1p0_drop0rel0_sessallocv2_candfullv2_topx25_maxdocs200_lprdeep_lpsegreedysampler_lppct10p0.
[2026-06-18 16:56:57,756][absl][INFO] - [process=0] [sync] Finished blocking load in 0.00 seconds. Continuing load @ /gpfs/home5/sfris1/ltr_datasets/ips_datasets/istella_logging_policy_c10000_ps1p0_pt0p5_bs1p0_drop0rel0_sessallocv2_candfullv2_topx25_maxdocs200_lprdeep_lpsegreedysampler_lppct10p0.
[2026-06-18 16:56:57,773][absl][INFO] - [process=0] /jax/orbax/read/worker/io/requested throughput: 2.768 MiB/s (total gbytes: 31.6 KiB) (time elapsed: 0.01116037368774414 s) (per-host)
[2026-06-18 16:56:57,775][absl][INFO] - [process=0] /jax/checkpoint/read/gbytes_per_sec: 1.759 MiB/s (total gbytes: 31.6 KiB) (time elapsed: 0.017559289932250977 s) (per-host)
[2026-06-18 16:56:57,775][absl][INFO] - [process=0] [sync] Finished load in 0.02 seconds @ /gpfs/home5/sfris1/ltr_datasets/ips_datasets/istella_logging_policy_c10000_ps1p0_pt0p5_bs1p0_drop0rel0_sessallocv2_candfullv2_topx25_maxdocs200_lprdeep_lpsegreedysampler_lppct10p0
[2026-06-18 16:57:03,063][feature_based_propensities_for_ULTR.experiments.data_pipeline][INFO] - Loaded click datasets in 94.98 seconds (train=7274, val=2726, test=0)
[2026-06-18 16:57:03,063][feature_based_propensities_for_ULTR.experiments.data_pipeline][INFO] - Test split is label-only by design; no test click dataset was loaded.
[2026-06-18 16:57:03,063][feature_based_propensities_for_ULTR.data.runtime.alignment][INFO] - Applying data cutoff override: configured=25, natural=25, effective=25
[2026-06-18 16:57:03,063][feature_based_propensities_for_ULTR.data.runtime.alignment][INFO] - Applying data cutoff override: configured=25, natural=25, effective=25
[2026-06-18 16:57:03,155][feature_based_propensities_for_ULTR.data.runtime.aggregation][INFO] - Initializing simulator...
[2026-06-18 16:57:03,155][feature_based_propensities_for_ULTR.data.runtime.aggregation][INFO] - Aggregating train dataset...
[2026-06-18 16:57:09,409][feature_based_propensities_for_ULTR.data.runtime.aggregation][INFO] - Aggregating validation dataset...
[2026-06-18 16:57:12,792][feature_based_propensities_for_ULTR.data.runtime.aggregation][INFO] - Aggregating test dataset from labels only...
[2026-06-18 16:57:14,201][feature_based_propensities_for_ULTR.data.runtime.aggregation][INFO] - Aggregation done in 11.05 seconds
[2026-06-18 16:57:14,201][feature_based_propensities_for_ULTR.data.runtime.aggregation][INFO] - Session usage after aggregation: requested(train=7274,val=2726), actual(train=7274,val=2726,test=0)
[2026-06-18 16:57:14,201][feature_based_propensities_for_ULTR.data.runtime.aggregation][INFO] - Dataset persistence disabled; skipping aggregated dataset cache save.
[2026-06-18 16:57:14,201][feature_based_propensities_for_ULTR.experiments.ips_pipeline][INFO] - Test split uses label-only evaluation; raw test click diagnostics are skipped.
[2026-06-18 16:57:14,251][feature_based_propensities_for_ULTR.experiments.diagnostics][INFO] - [Data] train_docs=2043304, val_docs=684076, test_docs=681250, cutoff=25
[2026-06-18 16:57:14,348][feature_based_propensities_for_ULTR.experiments.diagnostics][INFO] - [Train] clicks=1557, displays=181030, ctr=0.0086, ctr_per_doc=0.0086
[2026-06-18 16:57:14,438][feature_based_propensities_for_ULTR.experiments.diagnostics][INFO] - [Validation] clicks=570, displays=67560, ctr=0.0084, ctr_per_doc=0.0084
[2026-06-18 16:57:14,525][feature_based_propensities_for_ULTR.experiments.diagnostics][INFO] - [Test] clicks=0, displays=0, ctr=0.0000, ctr_per_doc=0.0000
[2026-06-18 16:57:14,525][feature_based_propensities_for_ULTR.experiments.ips_pipeline][INFO] - Running estimator pipeline with model='ips'
[2026-06-18 16:57:14,525][feature_based_propensities_for_ULTR.experiments.ips_pipeline][INFO] - Computing position bias (alpha)...
[2026-06-18 16:57:14,545][ultr_bias_toolkit.bias.intervention_harvesting.all_pairs][INFO] - Position bias estimation using global all pairs estimator
[2026-06-18 16:58:04,255][feature_based_propensities_for_ULTR.experiments.position_bias_pipeline][INFO] - Saved estimated position-bias curve to position_bias.json
[2026-06-18 16:58:04,256][feature_based_propensities_for_ULTR.experiments.ips_pipeline][INFO] - Estimated position bias in-run (estimator=global_all_pairs): [ 0.        -1.0518742 -1.3273342 -1.5897886 -2.033881  -1.6835519
 -1.8873188 -2.137695  -2.0753813 -3.5729418 -2.0707123 -1.9503796
 -3.4776442 -2.4104674 -2.4559383 -3.8582716 -2.4779456 -3.9075851
 -2.7123852 -2.4661374 -6.900824  -2.0640001 -1.9283367 -6.9077554
 -2.8599682]
[2026-06-18 16:58:04,257][feature_based_propensities_for_ULTR.experiments.propensity_pipeline][INFO] - Computing propensity per doc (method=propensity_mlp_regression)...
[2026-06-18 16:58:41,624][feature_based_propensities_for_ULTR.experiments.propensity_pipeline][INFO] - Propensity computed in 37.37 seconds
[2026-06-18 16:58:41,625][feature_based_propensities_for_ULTR.experiments.propensity_pipeline][INFO] - Alpha logits: [ 0.     -1.0519 -1.3273 -1.5898 -2.0339 -1.6836 -1.8873 -2.1377 -2.0754
 -3.5729 -2.0707 -1.9504 -3.4776 -2.4105 -2.4559 -3.8583 -2.4779 -3.9076
 -2.7124 -2.4661 -6.9008 -2.064  -1.9283 -6.9078 -2.86  ]
[2026-06-18 16:58:41,626][feature_based_propensities_for_ULTR.experiments.propensity_pipeline][INFO] - Alpha: [0.5    0.2589 0.2096 0.1694 0.1157 0.1566 0.1316 0.1055 0.1115 0.0273
 0.112  0.1245 0.03   0.0824 0.079  0.0207 0.0774 0.0197 0.0622 0.0783
 0.001  0.1126 0.1269 0.001  0.0542]
[2026-06-18 16:58:41,626][feature_based_propensities_for_ULTR.experiments.propensity_pipeline][INFO] - Propensity clipping disabled.
[2026-06-18 16:58:41,626][feature_based_propensities_for_ULTR.experiments.ips_pipeline][INFO] - Computing IPS doc weights...
[2026-06-18 16:58:42,134][feature_based_propensities_for_ULTR.experiments.ips_pipeline][INFO] - Doc weights computed in 0.51 seconds
[2026-06-18 16:58:42,145][feature_based_propensities_for_ULTR.experiments.model_pipeline][INFO] - Loading trainer (trainer_type='pl-rank', n_samples=100)...
[2026-06-18 16:58:42,147][feature_based_propensities_for_ULTR.experiments.model_pipeline][INFO] - Trainer loaded in 0.00 seconds
[2026-06-18 16:58:42,147][feature_based_propensities_for_ULTR.experiments.model_pipeline][INFO] - Training model...
[2026-06-18 17:03:18,313][feature_based_propensities_for_ULTR.experiments.ips_pipeline][INFO] - Final evaluation results:
{'metrics': {'CTR': 0.905606210231781,
             'DCG': 2.3556649684906006,
             'NCTR': 0.6142314076423645,
             'NDCG': 0.6820102334022522,
             'NDCG@25': 0.6820102334022522,
             'NRCTR': 0.6142314076423645,
             'RCTR': 0.905606210231781}}
[2026-06-18 17:03:18,345][submitit][INFO] - Job completed successfully
[2026-06-18 17:03:18,356][submitit][INFO] - Exiting after successful completion
