[2026-05-05 10:56:53,841][two_tower_confounding.experiments.config_resolver][WARNING] - test_clicks=500000 is ignored because test_set_mode='label_only'. Set test_set_mode='clicks' to enable legacy click-based test behavior.
[2026-05-05 10:56:53,848][two_tower_confounding.experiments.data_pipeline][INFO] - Loading or generating click datasets...
[2026-05-05 10:57:18,327][absl][INFO] - orbax-checkpoint version: 0.11.37
[2026-05-05 10:57:18,327][absl][INFO] - save_device_host_concurrent_bytes=None
[2026-05-05 10:57:18,327][absl][INFO] - Created BasePyTreeCheckpointHandler: use_ocdbt=True, use_zarr3=False, pytree_metadata_options=PyTreeMetadataOptions(support_rich_types=False), array_metadata_store=<orbax.checkpoint._src.metadata.array_metadata_store.Store object at 0x14cd5d4a1150>, enable_pinned_host_transfer=False, save_concurrent_bytes: 96000000000 (89.4 GiB), restore_concurrent_bytes: 96000000000 (89.4 GiB)
[2026-05-05 10:57:18,328][absl][INFO] - [thread=MainThread] Failed to get flag value for EXPERIMENTAL_ORBAX_USE_DISTRIBUTED_PROCESS_ID.
[2026-05-05 10:57:18,328][absl][INFO] - [process=0][thread=MainThread] Using barrier_sync_fn: <function get_barrier_sync_fn.<locals>.<lambda> at 0x14ccbf0e9800> timeout: 1200 secs and primary_host=0 for async checkpoint writes
[2026-05-05 10:57:18,328][absl][INFO] - [process=0] [sync] Started load checkpoint @ /gpfs/home5/sfris1/ltr_datasets/ips_datasets/logging_policy_c10000_ps1p0_pt0p5_bs1p0_drop0rel0_sessallocv2_candfullv2_topx25_maxdocs80_lprdeep_lpsegreedysampler_lppct10p0.
[2026-05-05 10:57:18,331][absl][INFO] - Restoring checkpoint from /gpfs/home5/sfris1/ltr_datasets/ips_datasets/logging_policy_c10000_ps1p0_pt0p5_bs1p0_drop0rel0_sessallocv2_candfullv2_topx25_maxdocs80_lprdeep_lpsegreedysampler_lppct10p0.
[2026-05-05 10:57:18,331][absl][INFO] - [process=0] [sync] Finished blocking load in 0.00 seconds. Continuing load @ /gpfs/home5/sfris1/ltr_datasets/ips_datasets/logging_policy_c10000_ps1p0_pt0p5_bs1p0_drop0rel0_sessallocv2_candfullv2_topx25_maxdocs80_lprdeep_lpsegreedysampler_lppct10p0.
[2026-05-05 10:57:18,347][absl][INFO] - [process=0] /jax/orbax/read/worker/io/requested throughput: 8.175 MiB/s (total gbytes: 91.8 KiB) (time elapsed: 0.010960578918457031 s) (per-host)
[2026-05-05 10:57:18,348][absl][INFO] - [process=0] /jax/checkpoint/read/gbytes_per_sec: 5.431 MiB/s (total gbytes: 91.8 KiB) (time elapsed: 0.016497135162353516 s) (per-host)
[2026-05-05 10:57:18,348][absl][INFO] - [process=0] [sync] Finished load in 0.02 seconds @ /gpfs/home5/sfris1/ltr_datasets/ips_datasets/logging_policy_c10000_ps1p0_pt0p5_bs1p0_drop0rel0_sessallocv2_candfullv2_topx25_maxdocs80_lprdeep_lpsegreedysampler_lppct10p0
[2026-05-05 10:57:22,555][two_tower_confounding.experiments.data_pipeline][INFO] - Loaded click datasets in 28.71 seconds (train=8694, val=1306, test=0)
[2026-05-05 10:57:22,555][two_tower_confounding.experiments.data_pipeline][INFO] - Test split is label-only by design; no test click dataset was loaded.
[2026-05-05 10:57:22,555][two_tower_confounding.data.runtime.alignment][INFO] - Applying data cutoff override: configured=25, natural=25, effective=25
[2026-05-05 10:57:22,556][two_tower_confounding.data.runtime.alignment][INFO] - Applying data cutoff override: configured=25, natural=25, effective=25
[2026-05-05 10:57:22,647][two_tower_confounding.data.runtime.aggregation][INFO] - Initializing simulator...
[2026-05-05 10:57:22,648][two_tower_confounding.data.runtime.aggregation][INFO] - Aggregating train dataset...
[2026-05-05 10:57:28,737][two_tower_confounding.data.runtime.aggregation][INFO] - Aggregating validation dataset...
[2026-05-05 10:57:31,032][two_tower_confounding.data.runtime.aggregation][INFO] - Aggregating test dataset from labels only...
[2026-05-05 10:57:32,658][two_tower_confounding.data.runtime.aggregation][INFO] - Aggregation done in 10.01 seconds
[2026-05-05 10:57:32,659][two_tower_confounding.data.runtime.aggregation][INFO] - Session usage after aggregation: requested(train=8694,val=1306), actual(train=8694,val=1306,test=0)
[2026-05-05 10:57:32,659][two_tower_confounding.data.runtime.aggregation][INFO] - Dataset persistence disabled; skipping aggregated dataset cache save.
[2026-05-05 10:57:32,659][two_tower_confounding.experiments.ips_pipeline][INFO] - Test split uses label-only evaluation; raw test click diagnostics are skipped.
[2026-05-05 10:57:32,681][two_tower_confounding.experiments.diagnostics][INFO] - [Data] train_docs=470251, val_docs=70687, test_docs=164676, cutoff=25
[2026-05-05 10:57:32,767][two_tower_confounding.experiments.diagnostics][INFO] - [Train] clicks=1401, displays=147947, ctr=0.0095, ctr_per_doc=0.0095
[2026-05-05 10:57:32,847][two_tower_confounding.experiments.diagnostics][INFO] - [Validation] clicks=228, displays=21772, ctr=0.0105, ctr_per_doc=0.0105
[2026-05-05 10:57:32,961][two_tower_confounding.experiments.diagnostics][INFO] - [Test] clicks=0, displays=0, ctr=0.0000, ctr_per_doc=0.0000
[2026-05-05 10:57:32,961][two_tower_confounding.experiments.ips_pipeline][INFO] - Running estimator pipeline with model='dm'
[2026-05-05 10:57:32,962][two_tower_confounding.experiments.ips_pipeline][INFO] - Computing position bias (alpha)...
[2026-05-05 10:57:32,969][two_tower_confounding.experiments.ips_pipeline][INFO] - Loaded CSV position bias from /gpfs/home5/sfris1/Doubly-Robust-Optimization-With-Two-Tower-Models/results/position_bias_csv_smoke.csv (method=adjacent_chain): [ 0.         -0.56798404  0.12516314  0.12516314 -6.9077554  -6.9077554
 -6.9077554  -6.9077554  -6.9077554  -6.9077554  -6.9077554  -6.9077554
 -6.9077554  -6.9077554  -6.9077554  -6.9077554  -6.9077554  -6.9077554
 -6.9077554  -6.9077554  -6.9077554  -6.9077554  -6.9077554  -6.9077554
 -6.9077554 ]
[2026-05-05 10:57:32,970][two_tower_confounding.experiments.propensity_pipeline][INFO] - Computing propensity per doc (method=propensity_mlp_regression)...
[2026-05-05 10:58:53,967][two_tower_confounding.experiments.propensity_pipeline][INFO] - Propensity computed in 81.00 seconds
[2026-05-05 10:58:53,967][two_tower_confounding.experiments.propensity_pipeline][INFO] - Alpha logits: [ 0.     -0.568   0.1252  0.1252 -6.9078 -6.9078 -6.9078 -6.9078 -6.9078
 -6.9078 -6.9078 -6.9078 -6.9078 -6.9078 -6.9078 -6.9078 -6.9078 -6.9078
 -6.9078 -6.9078 -6.9078 -6.9078 -6.9078 -6.9078 -6.9078]
[2026-05-05 10:58:53,968][two_tower_confounding.experiments.propensity_pipeline][INFO] - Alpha: [0.5    0.3617 0.5312 0.5312 0.001  0.001  0.001  0.001  0.001  0.001
 0.001  0.001  0.001  0.001  0.001  0.001  0.001  0.001  0.001  0.001
 0.001  0.001  0.001  0.001  0.001 ]
[2026-05-05 10:58:53,969][two_tower_confounding.experiments.propensity_pipeline][INFO] - Propensity clipping disabled.
[2026-05-05 10:58:55,111][two_tower_confounding.experiments.regression_pipeline][INFO] - Training regression model for DM/DR...
[2026-05-05 10:59:03,580][two_tower_confounding.experiments.regression_pipeline][INFO] - Regression epoch 3: train_loss=-2.675548 val_loss=-3.486462
[2026-05-05 10:59:10,909][two_tower_confounding.experiments.regression_pipeline][INFO] - Regression epoch 6: train_loss=-3.497864 val_loss=-4.044084
[2026-05-05 10:59:18,228][two_tower_confounding.experiments.regression_pipeline][INFO] - Regression epoch 9: train_loss=-3.407835 val_loss=-3.861339
[2026-05-05 10:59:20,035][two_tower_confounding.experiments.ips_pipeline][INFO] - Computing DM doc weights...
[2026-05-05 10:59:20,035][two_tower_confounding.experiments.ips_pipeline][INFO] - Doc weights computed in 0.00 seconds
[2026-05-05 10:59:20,041][two_tower_confounding.experiments.model_pipeline][INFO] - Loading trainer (trainer_type='pl-rank', n_samples=100)...
[2026-05-05 10:59:20,043][two_tower_confounding.experiments.model_pipeline][INFO] - Trainer loaded in 0.00 seconds
[2026-05-05 10:59:20,043][two_tower_confounding.experiments.model_pipeline][INFO] - Training model...
[2026-05-05 11:19:17,368][two_tower_confounding.experiments.ips_pipeline][INFO] - Final evaluation results:
{'metrics': {'CTR': 0.6605126857757568,
             'DCG': 2.059480667114258,
             'NCTR': 0.6059650778770447,
             'NDCG': 0.7524106502532959,
             'NDCG@25': 0.7524106502532959,
             'NRCTR': 0.6059650778770447,
             'RCTR': 0.6605126857757568}}
[2026-05-05 11:19:17,393][submitit][INFO] - Job completed successfully
[2026-05-05 11:19:17,403][submitit][INFO] - Exiting after successful completion
