[2026-05-05 10:55:50,579][two_tower_confounding.experiments.config_resolver][WARNING] - test_clicks=500000 is ignored because test_set_mode='label_only'. Set test_set_mode='clicks' to enable legacy click-based test behavior.
[2026-05-05 10:55:50,585][two_tower_confounding.experiments.data_pipeline][INFO] - Loading or generating click datasets...
[2026-05-05 10:56:14,270][absl][INFO] - orbax-checkpoint version: 0.11.37
[2026-05-05 10:56:14,270][absl][INFO] - save_device_host_concurrent_bytes=None
[2026-05-05 10:56:14,270][absl][INFO] - Created BasePyTreeCheckpointHandler: use_ocdbt=True, use_zarr3=False, pytree_metadata_options=PyTreeMetadataOptions(support_rich_types=False), array_metadata_store=<orbax.checkpoint._src.metadata.array_metadata_store.Store object at 0x14bde0bb3010>, enable_pinned_host_transfer=False, save_concurrent_bytes: 96000000000 (89.4 GiB), restore_concurrent_bytes: 96000000000 (89.4 GiB)
[2026-05-05 10:56:14,271][absl][INFO] - [thread=MainThread] Failed to get flag value for EXPERIMENTAL_ORBAX_USE_DISTRIBUTED_PROCESS_ID.
[2026-05-05 10:56:14,271][absl][INFO] - [process=0][thread=MainThread] Using barrier_sync_fn: <function get_barrier_sync_fn.<locals>.<lambda> at 0x14bd3e4e5800> timeout: 1200 secs and primary_host=0 for async checkpoint writes
[2026-05-05 10:56:14,271][absl][INFO] - [process=0] [sync] Started load checkpoint @ /gpfs/home5/sfris1/ltr_datasets/ips_datasets/logging_policy_c10000_ps1p0_pt0p5_bs1p0_drop0rel0_sessallocv2_candfullv2_topx25_maxdocs80_lprdeep_lpsegreedysampler_lppct10p0.
[2026-05-05 10:56:14,274][absl][INFO] - Restoring checkpoint from /gpfs/home5/sfris1/ltr_datasets/ips_datasets/logging_policy_c10000_ps1p0_pt0p5_bs1p0_drop0rel0_sessallocv2_candfullv2_topx25_maxdocs80_lprdeep_lpsegreedysampler_lppct10p0.
[2026-05-05 10:56:14,274][absl][INFO] - [process=0] [sync] Finished blocking load in 0.00 seconds. Continuing load @ /gpfs/home5/sfris1/ltr_datasets/ips_datasets/logging_policy_c10000_ps1p0_pt0p5_bs1p0_drop0rel0_sessallocv2_candfullv2_topx25_maxdocs80_lprdeep_lpsegreedysampler_lppct10p0.
[2026-05-05 10:56:14,290][absl][INFO] - [process=0] /jax/orbax/read/worker/io/requested throughput: 8.355 MiB/s (total gbytes: 91.8 KiB) (time elapsed: 0.010724782943725586 s) (per-host)
[2026-05-05 10:56:14,291][absl][INFO] - [process=0] /jax/checkpoint/read/gbytes_per_sec: 5.418 MiB/s (total gbytes: 91.8 KiB) (time elapsed: 0.016537189483642578 s) (per-host)
[2026-05-05 10:56:14,291][absl][INFO] - [process=0] [sync] Finished load in 0.02 seconds @ /gpfs/home5/sfris1/ltr_datasets/ips_datasets/logging_policy_c10000_ps1p0_pt0p5_bs1p0_drop0rel0_sessallocv2_candfullv2_topx25_maxdocs80_lprdeep_lpsegreedysampler_lppct10p0
[2026-05-05 10:56:18,513][two_tower_confounding.experiments.data_pipeline][INFO] - Loaded click datasets in 27.93 seconds (train=8694, val=1306, test=0)
[2026-05-05 10:56:18,513][two_tower_confounding.experiments.data_pipeline][INFO] - Test split is label-only by design; no test click dataset was loaded.
[2026-05-05 10:56:18,513][two_tower_confounding.data.runtime.alignment][INFO] - Applying data cutoff override: configured=25, natural=25, effective=25
[2026-05-05 10:56:18,513][two_tower_confounding.data.runtime.alignment][INFO] - Applying data cutoff override: configured=25, natural=25, effective=25
[2026-05-05 10:56:18,603][two_tower_confounding.data.runtime.aggregation][INFO] - Initializing simulator...
[2026-05-05 10:56:18,604][two_tower_confounding.data.runtime.aggregation][INFO] - Aggregating train dataset...
[2026-05-05 10:56:24,699][two_tower_confounding.data.runtime.aggregation][INFO] - Aggregating validation dataset...
[2026-05-05 10:56:27,069][two_tower_confounding.data.runtime.aggregation][INFO] - Aggregating test dataset from labels only...
[2026-05-05 10:56:28,652][two_tower_confounding.data.runtime.aggregation][INFO] - Aggregation done in 10.05 seconds
[2026-05-05 10:56:28,653][two_tower_confounding.data.runtime.aggregation][INFO] - Session usage after aggregation: requested(train=8694,val=1306), actual(train=8694,val=1306,test=0)
[2026-05-05 10:56:28,653][two_tower_confounding.data.runtime.aggregation][INFO] - Dataset persistence disabled; skipping aggregated dataset cache save.
[2026-05-05 10:56:28,653][two_tower_confounding.experiments.ips_pipeline][INFO] - Test split uses label-only evaluation; raw test click diagnostics are skipped.
[2026-05-05 10:56:28,675][two_tower_confounding.experiments.diagnostics][INFO] - [Data] train_docs=470251, val_docs=70687, test_docs=164676, cutoff=25
[2026-05-05 10:56:28,763][two_tower_confounding.experiments.diagnostics][INFO] - [Train] clicks=1401, displays=147947, ctr=0.0095, ctr_per_doc=0.0095
[2026-05-05 10:56:28,844][two_tower_confounding.experiments.diagnostics][INFO] - [Validation] clicks=228, displays=21772, ctr=0.0105, ctr_per_doc=0.0105
[2026-05-05 10:56:28,960][two_tower_confounding.experiments.diagnostics][INFO] - [Test] clicks=0, displays=0, ctr=0.0000, ctr_per_doc=0.0000
[2026-05-05 10:56:28,960][two_tower_confounding.experiments.ips_pipeline][INFO] - Running estimator pipeline with model='dr'
[2026-05-05 10:56:28,960][two_tower_confounding.experiments.ips_pipeline][INFO] - Computing position bias (alpha)...
[2026-05-05 10:56:28,969][two_tower_confounding.experiments.ips_pipeline][INFO] - Loaded CSV position bias from /gpfs/home5/sfris1/Doubly-Robust-Optimization-With-Two-Tower-Models/results/position_bias_csv_smoke.csv (method=ctr): [ 0.         -0.88920724 -1.4546025  -1.6229489  -2.1797712  -2.3430865
 -2.3002396  -2.1621134  -2.68351    -2.9162612  -2.8434684  -3.1653183
 -3.1780622  -3.4288645  -3.313895   -2.9077036  -3.5193193  -4.0001216
 -3.969766   -3.425169   -3.3891518  -4.2698483  -4.2322526  -4.1910386
 -3.4611254 ]
[2026-05-05 10:56:28,970][two_tower_confounding.experiments.propensity_pipeline][INFO] - Computing propensity per doc (method=propensity_mlp_regression)...
[2026-05-05 10:57:35,045][two_tower_confounding.experiments.propensity_pipeline][INFO] - Propensity computed in 66.08 seconds
[2026-05-05 10:57:35,045][two_tower_confounding.experiments.propensity_pipeline][INFO] - Alpha logits: [ 0.     -0.8892 -1.4546 -1.6229 -2.1798 -2.3431 -2.3002 -2.1621 -2.6835
 -2.9163 -2.8435 -3.1653 -3.1781 -3.4289 -3.3139 -2.9077 -3.5193 -4.0001
 -3.9698 -3.4252 -3.3892 -4.2698 -4.2323 -4.191  -3.4611]
[2026-05-05 10:57:35,046][two_tower_confounding.experiments.propensity_pipeline][INFO] - Alpha: [0.5    0.2913 0.1893 0.1648 0.1016 0.0876 0.0911 0.1032 0.064  0.0514
 0.055  0.0405 0.04   0.0314 0.0351 0.0518 0.0288 0.018  0.0185 0.0315
 0.0326 0.0138 0.0143 0.0149 0.0304]
[2026-05-05 10:57:35,047][two_tower_confounding.experiments.propensity_pipeline][INFO] - Propensity clipping disabled.
[2026-05-05 10:57:35,047][two_tower_confounding.experiments.propensity_pipeline][INFO] - Computing propensity per doc (method=frequency_based)...
[2026-05-05 10:57:43,005][two_tower_confounding.experiments.propensity_pipeline][INFO] - Propensity computed in 7.96 seconds
[2026-05-05 10:57:43,005][two_tower_confounding.experiments.propensity_pipeline][INFO] - Alpha logits: [ 0.     -0.8892 -1.4546 -1.6229 -2.1798 -2.3431 -2.3002 -2.1621 -2.6835
 -2.9163 -2.8435 -3.1653 -3.1781 -3.4289 -3.3139 -2.9077 -3.5193 -4.0001
 -3.9698 -3.4252 -3.3892 -4.2698 -4.2323 -4.191  -3.4611]
[2026-05-05 10:57:43,006][two_tower_confounding.experiments.propensity_pipeline][INFO] - Alpha: [0.5    0.2913 0.1893 0.1648 0.1016 0.0876 0.0911 0.1032 0.064  0.0514
 0.055  0.0405 0.04   0.0314 0.0351 0.0518 0.0288 0.018  0.0185 0.0315
 0.0326 0.0138 0.0143 0.0149 0.0304]
[2026-05-05 10:57:44,147][two_tower_confounding.experiments.regression_pipeline][INFO] - Training regression model for DM/DR...
[2026-05-05 10:57:52,557][two_tower_confounding.experiments.regression_pipeline][INFO] - Regression epoch 3: train_loss=0.250562 val_loss=0.288385
[2026-05-05 10:57:59,871][two_tower_confounding.experiments.regression_pipeline][INFO] - Regression epoch 6: train_loss=0.244243 val_loss=0.286069
[2026-05-05 10:58:07,156][two_tower_confounding.experiments.regression_pipeline][INFO] - Regression epoch 9: train_loss=0.231601 val_loss=0.283871
[2026-05-05 10:58:14,438][two_tower_confounding.experiments.regression_pipeline][INFO] - Regression epoch 12: train_loss=0.217810 val_loss=0.292618
[2026-05-05 10:58:16,263][two_tower_confounding.experiments.ips_pipeline][INFO] - Computing DR doc weights...
[2026-05-05 10:58:16,267][two_tower_confounding.experiments.ips_pipeline][INFO] - Doc weights computed in 0.00 seconds
[2026-05-05 10:58:16,274][two_tower_confounding.experiments.model_pipeline][INFO] - Loading trainer (trainer_type='pl-rank', n_samples=100)...
[2026-05-05 10:58:16,276][two_tower_confounding.experiments.model_pipeline][INFO] - Trainer loaded in 0.00 seconds
[2026-05-05 10:58:16,276][two_tower_confounding.experiments.model_pipeline][INFO] - Training model...
[2026-05-05 11:08:21,335][two_tower_confounding.experiments.ips_pipeline][INFO] - Final evaluation results:
{'metrics': {'CTR': 0.6740580797195435,
             'DCG': 2.1512343883514404,
             'NCTR': 0.7029250264167786,
             'NDCG': 0.7755095958709717,
             'NDCG@25': 0.7755095958709717,
             'NRCTR': 0.7029250264167786,
             'RCTR': 0.6740580797195435}}
[2026-05-05 11:08:21,362][submitit][INFO] - Job completed successfully
[2026-05-05 11:08:21,371][submitit][INFO] - Exiting after successful completion
