[2026-04-19 15:19:03,640][jax._src.xla_bridge][ERROR] - Jax plugin configuration error: Exception when calling jax_plugins.xla_cuda12.initialize()
Traceback (most recent call last):
  File "/gpfs/home5/sfris1/two-towers-confounding-project/.venv/lib/python3.11/site-packages/jax/_src/xla_bridge.py", line 485, in discover_pjrt_plugins
    plugin_module.initialize()
  File "/gpfs/home5/sfris1/two-towers-confounding-project/.venv/lib/python3.11/site-packages/jax_plugins/xla_cuda12/__init__.py", line 328, in initialize
    _check_cuda_versions(raise_on_first_error=True)
  File "/gpfs/home5/sfris1/two-towers-confounding-project/.venv/lib/python3.11/site-packages/jax_plugins/xla_cuda12/__init__.py", line 285, in _check_cuda_versions
    local_device_count = cuda_versions.cuda_device_count()
                         ^^^^^^^^^^^^^^^^^^^^^^^^^^^^^^^^^
RuntimeError: jaxlib/cuda/versions_helpers.cc:113: operation cuInit(0) failed: CUDA_ERROR_NO_DEVICE
[2026-04-19 15:19:04,628][two_tower_confounding.experiments.ips_pipeline][WARNING] - wandb.init failed (Error uploading run: returned error 403: {"data":{"upsertBucket":null},"errors":[{"message":"permission denied","path":["upsertBucket"],"extensions":{"code":"PERMISSION_ERROR"}}]}). Continuing with local logging only.
[2026-04-19 15:19:04,629][two_tower_confounding.experiments.ips_pipeline][WARNING] - Disabling wandb for trainer components because initialization failed.
[2026-04-19 15:19:04,630][two_tower_confounding.experiments.config_resolver][WARNING] - test_clicks=500000 is ignored because test_set_mode='label_only'. Set test_set_mode='clicks' to enable legacy click-based test behavior.
[2026-04-19 15:19:04,636][two_tower_confounding.experiments.data_pipeline][INFO] - Loading or generating click datasets...
[2026-04-19 15:20:07,805][absl][INFO] - orbax-checkpoint version: 0.11.25
[2026-04-19 15:20:07,805][absl][INFO] - Created BasePyTreeCheckpointHandler: use_ocdbt=True, use_zarr3=False, pytree_metadata_options=PyTreeMetadataOptions(support_rich_types=False), array_metadata_store=<orbax.checkpoint._src.metadata.array_metadata_store.Store object at 0x14b8476c3c50>, enable_pinned_host_transfer=False, save_concurrent_bytes: 96000000000 (89.4 GiB), restore_concurrent_bytes: 96000000000 (89.4 GiB)
[2026-04-19 15:20:07,806][absl][INFO] - [thread=MainThread] Failed to get flag value for EXPERIMENTAL_ORBAX_USE_DISTRIBUTED_PROCESS_ID.
[2026-04-19 15:20:07,806][absl][INFO] - [process=0][thread=MainThread] Using barrier_sync_fn: <function get_barrier_sync_fn.<locals>.<lambda> at 0x14b77b3953a0> timeout: 600 secs and primary_host=0 for async checkpoint writes
[2026-04-19 15:20:07,810][absl][INFO] - Restoring checkpoint from /gpfs/home5/sfris1/ltr_datasets/ips_datasets/logging_policy_c10000_ps1p0_pt0p5_bs1p0_drop0rel0_sessallocv2_candfullv2_topx25_maxdocs200_lprdeep_lpsegreedysampler_lppct10p0.
[2026-04-19 15:20:07,835][absl][INFO] - [process=0] /jax/checkpoint/read/gbytes_per_sec: 0 Bytes/s (total gbytes: 21.4 KiB) (time elapsed: 23 milliseconds) (per-host)
[2026-04-19 15:20:07,835][absl][INFO] - Finished restoring checkpoint in 0.03 seconds from /gpfs/home5/sfris1/ltr_datasets/ips_datasets/logging_policy_c10000_ps1p0_pt0p5_bs1p0_drop0rel0_sessallocv2_candfullv2_topx25_maxdocs200_lprdeep_lpsegreedysampler_lppct10p0.
[2026-04-19 15:20:12,413][two_tower_confounding.experiments.data_pipeline][INFO] - Loaded click datasets in 67.78 seconds (train=7500, val=2500, test=0)
[2026-04-19 15:20:12,413][two_tower_confounding.experiments.data_pipeline][INFO] - Test split is label-only by design; no test click dataset was loaded.
[2026-04-19 15:20:12,413][two_tower_confounding.data.runtime.alignment][INFO] - Applying data cutoff override: configured=25, natural=25, effective=25
[2026-04-19 15:20:12,414][two_tower_confounding.data.runtime.alignment][INFO] - Applying data cutoff override: configured=25, natural=25, effective=25
[2026-04-19 15:20:12,538][two_tower_confounding.data.runtime.aggregation][INFO] - Initializing simulator...
[2026-04-19 15:20:12,539][two_tower_confounding.data.runtime.aggregation][INFO] - Aggregating train dataset...
[2026-04-19 15:20:18,595][two_tower_confounding.data.runtime.aggregation][INFO] - Aggregating validation dataset...
[2026-04-19 15:20:21,769][two_tower_confounding.data.runtime.aggregation][INFO] - Aggregating test dataset from labels only...
[2026-04-19 15:20:22,812][two_tower_confounding.data.runtime.aggregation][INFO] - Aggregation done in 10.27 seconds
[2026-04-19 15:20:22,813][two_tower_confounding.data.runtime.aggregation][INFO] - Session usage after aggregation: requested(train=7500,val=2500), actual(train=7500,val=2500,test=0)
[2026-04-19 15:20:22,813][two_tower_confounding.data.runtime.aggregation][INFO] - Dataset persistence disabled; skipping aggregated dataset cache save.
[2026-04-19 15:20:22,813][two_tower_confounding.experiments.ips_pipeline][INFO] - Test split uses label-only evaluation; raw test click diagnostics are skipped.
[2026-04-19 15:20:22,871][two_tower_confounding.experiments.diagnostics][INFO] - [Data] train_docs=2132810, val_docs=707814, test_docs=708921, cutoff=25
[2026-04-19 15:20:22,950][two_tower_confounding.experiments.diagnostics][INFO] - [Train] clicks=820, displays=182723, ctr=0.0045, ctr_per_doc=0.0045
[2026-04-19 15:20:23,020][two_tower_confounding.experiments.diagnostics][INFO] - [Validation] clicks=285, displays=60792, ctr=0.0047, ctr_per_doc=0.0047
[2026-04-19 15:20:23,089][two_tower_confounding.experiments.diagnostics][INFO] - [Test] clicks=0, displays=0, ctr=0.0000, ctr_per_doc=0.0000
[2026-04-19 15:20:23,089][two_tower_confounding.experiments.ips_pipeline][INFO] - Running estimator pipeline with model='dm'
[2026-04-19 15:20:23,089][two_tower_confounding.experiments.ips_pipeline][INFO] - Computing position bias (alpha)...
[2026-04-19 15:20:23,095][two_tower_confounding.experiments.position_bias_pipeline][WARNING] - Applying base epsilon=0.001 to 24 position-bias values while reading /gpfs/home5/sfris1/Doubly-Robust-Optimization-With-Two-Tower-Models/results/position_bias_csv_smoke.csv (invalid=0, below_floor=24).
[2026-04-19 15:20:23,095][two_tower_confounding.experiments.ips_pipeline][INFO] - Loaded CSV position bias from /gpfs/home5/sfris1/Doubly-Robust-Optimization-With-Two-Tower-Models/results/position_bias_csv_smoke.csv (method=adjacent_chain): [ 0.        -6.9077554 -6.9077554 -6.9077554 -6.9077554 -6.9077554
 -6.9077554 -6.9077554 -6.9077554 -6.9077554 -6.9077554 -6.9077554
 -6.9077554 -6.9077554 -6.9077554 -6.9077554 -6.9077554 -6.9077554
 -6.9077554 -6.9077554 -6.9077554 -6.9077554 -6.9077554 -6.9077554
 -6.9077554]
[2026-04-19 15:20:23,096][two_tower_confounding.experiments.propensity_pipeline][INFO] - Computing propensity per doc (method=propensity_mlp_regression)...
[2026-04-19 15:20:59,063][two_tower_confounding.experiments.propensity_pipeline][INFO] - Propensity computed in 35.97 seconds
[2026-04-19 15:20:59,064][two_tower_confounding.experiments.propensity_pipeline][INFO] - Alpha logits: [ 0.     -6.9078 -6.9078 -6.9078 -6.9078 -6.9078 -6.9078 -6.9078 -6.9078
 -6.9078 -6.9078 -6.9078 -6.9078 -6.9078 -6.9078 -6.9078 -6.9078 -6.9078
 -6.9078 -6.9078 -6.9078 -6.9078 -6.9078 -6.9078 -6.9078]
[2026-04-19 15:20:59,065][two_tower_confounding.experiments.propensity_pipeline][INFO] - Alpha: [0.5   0.001 0.001 0.001 0.001 0.001 0.001 0.001 0.001 0.001 0.001 0.001
 0.001 0.001 0.001 0.001 0.001 0.001 0.001 0.001 0.001 0.001 0.001 0.001
 0.001]
[2026-04-19 15:20:59,066][two_tower_confounding.experiments.propensity_pipeline][INFO] - Propensity clipping disabled.
[2026-04-19 15:21:00,642][two_tower_confounding.experiments.regression_pipeline][INFO] - Training regression model for DM/DR...
[2026-04-19 15:21:28,189][two_tower_confounding.experiments.regression_pipeline][INFO] - Regression epoch 3: train_loss=-2.441754 val_loss=-1.800584
[2026-04-19 15:21:54,233][two_tower_confounding.experiments.regression_pipeline][INFO] - Regression epoch 6: train_loss=-2.633921 val_loss=-1.276615
[2026-04-19 15:22:00,242][two_tower_confounding.experiments.ips_pipeline][INFO] - Computing DM doc weights...
[2026-04-19 15:22:00,242][two_tower_confounding.experiments.ips_pipeline][INFO] - Doc weights computed in 0.00 seconds
[2026-04-19 15:22:00,250][two_tower_confounding.experiments.model_pipeline][INFO] - Loading trainer (trainer_type='pl-rank', n_samples=100)...
[2026-04-19 15:22:00,252][two_tower_confounding.experiments.model_pipeline][INFO] - Trainer loaded in 0.00 seconds
[2026-04-19 15:22:00,252][two_tower_confounding.experiments.model_pipeline][INFO] - Training model...
[2026-04-19 15:45:53,719][two_tower_confounding.experiments.ips_pipeline][INFO] - Final evaluation results:
{'metrics': {'CTR': 0.11269406974315643,
             'DCG': 1.6239752769470215,
             'NCTR': 0.303191214799881,
             'NDCG': 0.4333988130092621,
             'NDCG@25': 0.4333988130092621,
             'NRCTR': 0.303191214799881,
             'RCTR': 0.11269406974315643}}
[2026-04-19 15:45:53,804][submitit][INFO] - Job completed successfully
[2026-04-19 15:45:53,814][submitit][INFO] - Exiting after successful completion
