[2026-03-18 20:48:25,677][jax._src.xla_bridge][ERROR] - Jax plugin configuration error: Exception when calling jax_plugins.xla_cuda12.initialize()
Traceback (most recent call last):
  File "/gpfs/home5/sfris1/two-towers-confounding-project/.venv/lib/python3.11/site-packages/jax/_src/xla_bridge.py", line 485, in discover_pjrt_plugins
    plugin_module.initialize()
  File "/gpfs/home5/sfris1/two-towers-confounding-project/.venv/lib/python3.11/site-packages/jax_plugins/xla_cuda12/__init__.py", line 328, in initialize
    _check_cuda_versions(raise_on_first_error=True)
  File "/gpfs/home5/sfris1/two-towers-confounding-project/.venv/lib/python3.11/site-packages/jax_plugins/xla_cuda12/__init__.py", line 285, in _check_cuda_versions
    local_device_count = cuda_versions.cuda_device_count()
                         ^^^^^^^^^^^^^^^^^^^^^^^^^^^^^^^^^
RuntimeError: jaxlib/cuda/versions_helpers.cc:113: operation cuInit(0) failed: CUDA_ERROR_NO_DEVICE
[2026-03-18 20:48:26,729][two_tower_confounding.experiments.ips_pipeline][WARNING] - wandb.init failed (Error uploading run: returned error 403: {"data":{"upsertBucket":null},"errors":[{"message":"permission denied","path":["upsertBucket"],"extensions":{"code":"PERMISSION_ERROR"}}]}). Continuing with local logging only.
[2026-03-18 20:48:26,729][two_tower_confounding.experiments.ips_pipeline][WARNING] - Disabling wandb for trainer components because initialization failed.
[2026-03-18 20:48:26,730][two_tower_confounding.experiments.config_resolver][WARNING] - test_clicks=500000 is ignored because test_set_mode='label_only'. Set test_set_mode='clicks' to enable legacy click-based test behavior.
[2026-03-18 20:48:26,736][two_tower_confounding.experiments.data_pipeline][INFO] - Loading or generating click datasets...
[2026-03-18 20:50:26,299][absl][INFO] - orbax-checkpoint version: 0.11.25
[2026-03-18 20:50:26,300][absl][INFO] - Created BasePyTreeCheckpointHandler: use_ocdbt=True, use_zarr3=False, pytree_metadata_options=PyTreeMetadataOptions(support_rich_types=False), array_metadata_store=<orbax.checkpoint._src.metadata.array_metadata_store.Store object at 0x14bfd91e3bd0>, enable_pinned_host_transfer=False, save_concurrent_bytes: 96000000000 (89.4 GiB), restore_concurrent_bytes: 96000000000 (89.4 GiB)
[2026-03-18 20:50:26,300][absl][INFO] - [thread=MainThread] Failed to get flag value for EXPERIMENTAL_ORBAX_USE_DISTRIBUTED_PROCESS_ID.
[2026-03-18 20:50:26,301][absl][INFO] - [process=0][thread=MainThread] Using barrier_sync_fn: <function get_barrier_sync_fn.<locals>.<lambda> at 0x14be05fcd260> timeout: 600 secs and primary_host=0 for async checkpoint writes
[2026-03-18 20:50:26,301][absl][INFO] - [process=0] Started async saving checkpoint to /gpfs/home5/sfris1/ltr_datasets/ips_datasets/istella_logging_policy_c5000000_ps1p0_pt0p5_bs1p0_drop0rel0_sessallocv2_candfullv2_topx25_maxdocs200_lprdeep_lpsegreedysampler_lppct10p0.
[2026-03-18 20:50:26,305][absl][INFO] - [process=0] Specified `force`: removing existing directory.
[2026-03-18 20:50:26,370][absl][INFO] - Using ThreadSafeKeyValueSignalingClient
[2026-03-18 20:50:26,373][absl][INFO] - Transferring arrays to host memory with options: use_replica_parallel=True, min_slice_bytes_for_replica_parallel=None, max_replicas_for_replica_parallel=None, enable_pinned_host_transfer=False
[2026-03-18 20:50:26,374][absl][INFO] - Creating tmp directory /gpfs/home5/sfris1/ltr_datasets/ips_datasets/istella_logging_policy_c5000000_ps1p0_pt0p5_bs1p0_drop0rel0_sessallocv2_candfullv2_topx25_maxdocs200_lprdeep_lpsegreedysampler_lppct10p0.orbax-checkpoint-tmp
[2026-03-18 20:50:26,375][absl][INFO] - [process=0][thread=MainThread] Initiated "orbax.checkpoint._src.serialization.type_handlers.ArrayHandler".serialize. Time taken: 0.001605s
[2026-03-18 20:50:26,375][absl][INFO] - [process=0] /jax/checkpoint/write/blocking_gbytes_per_sec: 0 Bytes/s (total gbytes: 31.6 KiB) (time elapsed: 4 milliseconds) (per-host)
[2026-03-18 20:50:26,376][absl][INFO] - [process=0][thread=MainThread] Initiated Pytree async_save. Time taken: 0.005435s (batch_requests_ready=0.001707s, total_serialization_initiated=0.002815s, others=0.000913s)
[2026-03-18 20:50:26,377][absl][INFO] - Wrote Metadata={'item_handlers': None, 'metrics': {}, 'performance_metrics': {}, 'init_timestamp_nsecs': 1773863426376108774, 'commit_timestamp_nsecs': None, 'custom_metadata': {}}, json={"item_handlers": null, "metrics": {}, "performance_metrics": {}, "init_timestamp_nsecs": 1773863426376108774, "commit_timestamp_nsecs": null, "custom_metadata": {}} to /gpfs/home5/sfris1/ltr_datasets/ips_datasets/istella_logging_policy_c5000000_ps1p0_pt0p5_bs1p0_drop0rel0_sessallocv2_candfullv2_topx25_maxdocs200_lprdeep_lpsegreedysampler_lppct10p0.orbax-checkpoint-tmp/_CHECKPOINT_METADATA
[2026-03-18 20:50:26,378][absl][INFO] - [process=0][thread=async_save] Background save thread started.
[2026-03-18 20:50:26,378][absl][INFO] - Finished blocking save. Time taken: 0.077643s. Continuing background save to /gpfs/home5/sfris1/ltr_datasets/ips_datasets/istella_logging_policy_c5000000_ps1p0_pt0p5_bs1p0_drop0rel0_sessallocv2_candfullv2_topx25_maxdocs200_lprdeep_lpsegreedysampler_lppct10p0.
[2026-03-18 20:50:26,382][absl][INFO] - [process=0][thread=MainThread] Waiting for background save thread=async_save.
[2026-03-18 20:50:26,383][absl][INFO] - [process=0][thread=array_type_handler] Wrote 6 array_metadata.ArrayMetadata to /gpfs/home5/sfris1/ltr_datasets/ips_datasets/istella_logging_policy_c5000000_ps1p0_pt0p5_bs1p0_drop0rel0_sessallocv2_candfullv2_topx25_maxdocs200_lprdeep_lpsegreedysampler_lppct10p0.orbax-checkpoint-tmp/array_metadatas/process_0
[2026-03-18 20:50:26,417][absl][INFO] - [process=0][thread=write_metadata_after_commits] Commit + Array metadata written. Time taken: 0.038480s (commit=0.035782s, array_metadata_write=0.002698s)
[2026-03-18 20:50:26,418][absl][INFO] - [process=0] /jax/checkpoint/write/gbytes_per_sec: 0 Bytes/s (total gbytes: 31.6 KiB) (time elapsed: 47 milliseconds) (per-host)
[2026-03-18 20:50:26,418][absl][INFO] - [process=0][thread=async_save] 2 Handler Commit operations completed. Time taken: 0.039604s.
[2026-03-18 20:50:26,419][absl][INFO] - Read Metadata={'item_handlers': None, 'metrics': {}, 'performance_metrics': {}, 'init_timestamp_nsecs': 1773863426376108774, 'commit_timestamp_nsecs': None, 'custom_metadata': {}} from /gpfs/home5/sfris1/ltr_datasets/ips_datasets/istella_logging_policy_c5000000_ps1p0_pt0p5_bs1p0_drop0rel0_sessallocv2_candfullv2_topx25_maxdocs200_lprdeep_lpsegreedysampler_lppct10p0.orbax-checkpoint-tmp/_CHECKPOINT_METADATA
[2026-03-18 20:50:26,420][absl][INFO] - Updated Metadata={'item_handlers': 'orbax.checkpoint._src.handlers.standard_checkpoint_handler.StandardCheckpointHandler', 'metrics': {}, 'performance_metrics': {}, 'init_timestamp_nsecs': 1773863426376108774, 'commit_timestamp_nsecs': None, 'custom_metadata': {}} to /gpfs/home5/sfris1/ltr_datasets/ips_datasets/istella_logging_policy_c5000000_ps1p0_pt0p5_bs1p0_drop0rel0_sessallocv2_candfullv2_topx25_maxdocs200_lprdeep_lpsegreedysampler_lppct10p0.orbax-checkpoint-tmp/_CHECKPOINT_METADATA
[2026-03-18 20:50:26,421][absl][INFO] - [process=0][thread=async_save] Skipped cross-host ArrayMetadata validation because only one process is found: process_index=0.
[2026-03-18 20:50:26,426][absl][INFO] - [process=0][thread=async_save] Pytree save finalize (merge_ocdbt + ArrayMetadata validation) completed. Time taken: 0.007746s. use_zarr3=False, enable_post_merge_validation=True, directory=/gpfs/home5/sfris1/ltr_datasets/ips_datasets/istella_logging_policy_c5000000_ps1p0_pt0p5_bs1p0_drop0rel0_sessallocv2_candfullv2_topx25_maxdocs200_lprdeep_lpsegreedysampler_lppct10p0.orbax-checkpoint-tmp
[2026-03-18 20:50:26,427][absl][INFO] - Renaming /gpfs/home5/sfris1/ltr_datasets/ips_datasets/istella_logging_policy_c5000000_ps1p0_pt0p5_bs1p0_drop0rel0_sessallocv2_candfullv2_topx25_maxdocs200_lprdeep_lpsegreedysampler_lppct10p0.orbax-checkpoint-tmp to /gpfs/home5/sfris1/ltr_datasets/ips_datasets/istella_logging_policy_c5000000_ps1p0_pt0p5_bs1p0_drop0rel0_sessallocv2_candfullv2_topx25_maxdocs200_lprdeep_lpsegreedysampler_lppct10p0
[2026-03-18 20:50:26,428][absl][INFO] - [process=0][thread=async_save] Finished saving checkpoint (finalized tmp dir) to `/gpfs/home5/sfris1/ltr_datasets/ips_datasets/istella_logging_policy_c5000000_ps1p0_pt0p5_bs1p0_drop0rel0_sessallocv2_candfullv2_topx25_maxdocs200_lprdeep_lpsegreedysampler_lppct10p0`.
[2026-03-18 20:50:26,429][absl][INFO] - Finished async_save (blocking + background). Time taken: 0.128166s. directory=/gpfs/home5/sfris1/ltr_datasets/ips_datasets/istella_logging_policy_c5000000_ps1p0_pt0p5_bs1p0_drop0rel0_sessallocv2_candfullv2_topx25_maxdocs200_lprdeep_lpsegreedysampler_lppct10p0
[2026-03-18 20:50:26,429][absl][INFO] - [process=0][thread=async_save] Background save thread done. Time taken: 0.050523s.
[2026-03-18 20:50:26,429][absl][INFO] - [process=0][thread=MainThread] Done with waiting for background save thread=async_save.
[2026-03-18 20:50:26,429][absl][INFO] - [process=0][thread=MainThread] No errors found in background save thread=async_save.
[2026-03-18 20:58:16,436][two_tower_confounding.experiments.data_pipeline][INFO] - Loaded click datasets in 589.70 seconds (train=3637171, val=1362829, test=0)
[2026-03-18 20:58:16,436][two_tower_confounding.experiments.data_pipeline][INFO] - Test split is label-only by design; no test click dataset was loaded.
[2026-03-18 20:58:16,437][two_tower_confounding.data.runtime.aggregation][INFO] - Applying data cutoff override: configured=25, natural=25, effective=25
[2026-03-18 20:58:16,571][two_tower_confounding.data.runtime.aggregation][INFO] - Initializing simulator...
[2026-03-18 20:58:16,572][two_tower_confounding.data.runtime.aggregation][INFO] - Aggregating train dataset...
[2026-03-18 20:58:30,921][two_tower_confounding.data.runtime.aggregation][INFO] - Aggregating validation dataset...
[2026-03-18 20:58:37,660][two_tower_confounding.data.runtime.aggregation][INFO] - Aggregating test dataset from labels only...
[2026-03-18 20:58:39,454][two_tower_confounding.data.runtime.aggregation][INFO] - Aggregation done in 22.88 seconds
[2026-03-18 20:58:39,455][two_tower_confounding.data.runtime.aggregation][INFO] - Session usage after aggregation: requested(train=3637171,val=1362829), actual(train=3637171,val=1362829,test=0)
[2026-03-18 20:58:39,455][two_tower_confounding.data.runtime.aggregation][INFO] - Dataset persistence disabled; skipping aggregated dataset cache save.
[2026-03-18 20:58:39,455][two_tower_confounding.experiments.ips_pipeline][INFO] - Test split uses label-only evaluation; raw test click diagnostics are skipped.
[2026-03-18 20:58:39,510][two_tower_confounding.experiments.diagnostics][INFO] - [Data] train_docs=2043304, val_docs=684076, test_docs=681250, cutoff=25
[2026-03-18 20:58:39,589][two_tower_confounding.experiments.diagnostics][INFO] - [Train] clicks=801015, displays=90513193, ctr=0.0088, ctr_per_doc=0.0088
[2026-03-18 20:58:39,664][two_tower_confounding.experiments.diagnostics][INFO] - [Validation] clicks=288056, displays=33851838, ctr=0.0085, ctr_per_doc=0.0085
[2026-03-18 20:58:39,735][two_tower_confounding.experiments.diagnostics][INFO] - [Test] clicks=0, displays=0, ctr=0.0000, ctr_per_doc=0.0000
[2026-03-18 20:58:39,735][two_tower_confounding.experiments.ips_pipeline][INFO] - Running estimator pipeline with model='dr'
[2026-03-18 20:58:39,735][two_tower_confounding.experiments.ips_pipeline][INFO] - Computing position bias (alpha)...
[2026-03-18 20:58:39,798][two_tower_confounding.experiments.propensity_pipeline][INFO] - Computing propensity per doc (method=true_propensity)...
[2026-03-19 00:05:39,006][submitit][WARNING] - Bypassing signal SIGCONT
[2026-03-19 00:05:39,006][submitit][INFO] - Job has timed out. Ran 197 minutes out of requested 200 minutes.
[2026-03-19 00:05:39,008][submitit][WARNING] - Caught signal SIGUSR2 on tcn277.local.snellius.surf.nl: this job is timed-out.
[2026-03-19 00:05:39,009][submitit][INFO] - Calling checkpoint method.
[2026-03-19 00:05:39,046][submitit][INFO] - Job not requeued because: timed-out too many times.
[2026-03-19 00:05:39,047][submitit][INFO] - Job completed successfully
[2026-03-19 00:05:39,052][submitit][INFO] - Exiting after successful completion
