[2026-03-19 01:44:06,713][jax._src.xla_bridge][ERROR] - Jax plugin configuration error: Exception when calling jax_plugins.xla_cuda12.initialize()
Traceback (most recent call last):
  File "/gpfs/home5/sfris1/two-towers-confounding-project/.venv/lib/python3.11/site-packages/jax/_src/xla_bridge.py", line 485, in discover_pjrt_plugins
    plugin_module.initialize()
  File "/gpfs/home5/sfris1/two-towers-confounding-project/.venv/lib/python3.11/site-packages/jax_plugins/xla_cuda12/__init__.py", line 328, in initialize
    _check_cuda_versions(raise_on_first_error=True)
  File "/gpfs/home5/sfris1/two-towers-confounding-project/.venv/lib/python3.11/site-packages/jax_plugins/xla_cuda12/__init__.py", line 285, in _check_cuda_versions
    local_device_count = cuda_versions.cuda_device_count()
                         ^^^^^^^^^^^^^^^^^^^^^^^^^^^^^^^^^
RuntimeError: jaxlib/cuda/versions_helpers.cc:113: operation cuInit(0) failed: CUDA_ERROR_NO_DEVICE
[2026-03-19 01:44:07,925][two_tower_confounding.experiments.ips_pipeline][WARNING] - wandb.init failed (Error uploading run: returned error 403: {"data":{"upsertBucket":null},"errors":[{"message":"permission denied","path":["upsertBucket"],"extensions":{"code":"PERMISSION_ERROR"}}]}). Continuing with local logging only.
[2026-03-19 01:44:07,926][two_tower_confounding.experiments.ips_pipeline][WARNING] - Disabling wandb for trainer components because initialization failed.
[2026-03-19 01:44:07,927][two_tower_confounding.experiments.config_resolver][WARNING] - test_clicks=500000 is ignored because test_set_mode='label_only'. Set test_set_mode='clicks' to enable legacy click-based test behavior.
[2026-03-19 01:44:07,934][two_tower_confounding.experiments.data_pipeline][INFO] - Loading or generating click datasets...
[2026-03-19 01:45:11,134][absl][INFO] - orbax-checkpoint version: 0.11.25
[2026-03-19 01:45:11,135][absl][INFO] - Created BasePyTreeCheckpointHandler: use_ocdbt=True, use_zarr3=False, pytree_metadata_options=PyTreeMetadataOptions(support_rich_types=False), array_metadata_store=<orbax.checkpoint._src.metadata.array_metadata_store.Store object at 0x152bb0124e10>, enable_pinned_host_transfer=False, save_concurrent_bytes: 96000000000 (89.4 GiB), restore_concurrent_bytes: 96000000000 (89.4 GiB)
[2026-03-19 01:45:11,135][absl][INFO] - [thread=MainThread] Failed to get flag value for EXPERIMENTAL_ORBAX_USE_DISTRIBUTED_PROCESS_ID.
[2026-03-19 01:45:11,135][absl][INFO] - [process=0][thread=MainThread] Using barrier_sync_fn: <function get_barrier_sync_fn.<locals>.<lambda> at 0x1529ce037880> timeout: 600 secs and primary_host=0 for async checkpoint writes
[2026-03-19 01:45:11,138][absl][INFO] - Restoring checkpoint from /gpfs/home5/sfris1/ltr_datasets/ips_datasets/logging_policy_c500_ps1p0_pt0p5_bs1p0_drop0rel0_sessallocv2_candfullv2_topx25_maxdocs200_lprdeep_lpsegreedysampler_lppct10p0.
[2026-03-19 01:45:11,162][absl][INFO] - [process=0] /jax/checkpoint/read/gbytes_per_sec: 0 Bytes/s (total gbytes: 21.4 KiB) (time elapsed: 22 milliseconds) (per-host)
[2026-03-19 01:45:11,162][absl][INFO] - Finished restoring checkpoint in 0.03 seconds from /gpfs/home5/sfris1/ltr_datasets/ips_datasets/logging_policy_c500_ps1p0_pt0p5_bs1p0_drop0rel0_sessallocv2_candfullv2_topx25_maxdocs200_lprdeep_lpsegreedysampler_lppct10p0.
[2026-03-19 01:45:14,919][two_tower_confounding.experiments.data_pipeline][INFO] - Loaded click datasets in 66.99 seconds (train=375, val=125, test=0)
[2026-03-19 01:45:14,920][two_tower_confounding.experiments.data_pipeline][INFO] - Test split is label-only by design; no test click dataset was loaded.
[2026-03-19 01:45:14,920][two_tower_confounding.data.runtime.aggregation][INFO] - Applying data cutoff override: configured=25, natural=25, effective=25
[2026-03-19 01:45:15,055][two_tower_confounding.data.runtime.aggregation][INFO] - Initializing simulator...
[2026-03-19 01:45:15,056][two_tower_confounding.data.runtime.aggregation][INFO] - Aggregating train dataset...
[2026-03-19 01:45:19,657][two_tower_confounding.data.runtime.aggregation][INFO] - Aggregating validation dataset...
[2026-03-19 01:45:22,925][two_tower_confounding.data.runtime.aggregation][INFO] - Aggregating test dataset from labels only...
[2026-03-19 01:45:23,893][two_tower_confounding.data.runtime.aggregation][INFO] - Aggregation done in 8.84 seconds
[2026-03-19 01:45:23,893][two_tower_confounding.data.runtime.aggregation][INFO] - Session usage after aggregation: requested(train=375,val=125), actual(train=375,val=125,test=0)
[2026-03-19 01:45:23,893][two_tower_confounding.data.runtime.aggregation][INFO] - Dataset persistence disabled; skipping aggregated dataset cache save.
[2026-03-19 01:45:23,894][two_tower_confounding.experiments.ips_pipeline][INFO] - Test split uses label-only evaluation; raw test click diagnostics are skipped.
[2026-03-19 01:45:23,950][two_tower_confounding.experiments.diagnostics][INFO] - [Data] train_docs=2132810, val_docs=707814, test_docs=708921, cutoff=25
[2026-03-19 01:45:24,036][two_tower_confounding.experiments.diagnostics][INFO] - [Train] clicks=48, displays=9212, ctr=0.0052, ctr_per_doc=0.0052
[2026-03-19 01:45:24,111][two_tower_confounding.experiments.diagnostics][INFO] - [Validation] clicks=11, displays=3050, ctr=0.0036, ctr_per_doc=0.0036
[2026-03-19 01:45:24,185][two_tower_confounding.experiments.diagnostics][INFO] - [Test] clicks=0, displays=0, ctr=0.0000, ctr_per_doc=0.0000
[2026-03-19 01:45:24,185][two_tower_confounding.experiments.ips_pipeline][INFO] - Running estimator pipeline with model='ips'
[2026-03-19 01:45:24,186][two_tower_confounding.experiments.ips_pipeline][INFO] - Computing position bias (alpha)...
[2026-03-19 01:45:24,250][two_tower_confounding.experiments.propensity_pipeline][INFO] - Computing propensity per doc (method=propensity_mlp_regression)...
[2026-03-19 01:45:32,821][two_tower_confounding.experiments.propensity_pipeline][INFO] - Propensity computed in 8.57 seconds
[2026-03-19 01:45:32,822][two_tower_confounding.experiments.propensity_pipeline][INFO] - Alpha logits: [-0.     -0.6931 -1.0986 -1.3863 -1.6094 -1.7918 -1.9459 -2.0794 -2.1972
 -2.3026 -2.3979 -2.4849 -2.5649 -2.6391 -2.7081 -2.7726 -2.8332 -2.8904
 -2.9444 -2.9957 -3.0445 -3.091  -3.1355 -3.1781 -3.2189]
[2026-03-19 01:45:32,822][two_tower_confounding.experiments.propensity_pipeline][INFO] - Alpha: [0.5    0.3333 0.25   0.2    0.1667 0.1429 0.125  0.1111 0.1    0.0909
 0.0833 0.0769 0.0714 0.0667 0.0625 0.0588 0.0556 0.0526 0.05   0.0476
 0.0455 0.0435 0.0417 0.04   0.0385]
[2026-03-19 01:45:32,823][two_tower_confounding.experiments.propensity_pipeline][INFO] - Propensity clipping disabled.
[2026-03-19 01:45:32,823][two_tower_confounding.experiments.ips_pipeline][INFO] - Computing IPS doc weights...
[2026-03-19 01:45:33,547][two_tower_confounding.experiments.ips_pipeline][INFO] - Doc weights computed in 0.72 seconds
[2026-03-19 01:45:33,555][two_tower_confounding.experiments.model_pipeline][INFO] - Loading trainer (trainer_type='pl-rank', n_samples=100)...
[2026-03-19 01:45:33,557][two_tower_confounding.experiments.model_pipeline][INFO] - Trainer loaded in 0.00 seconds
[2026-03-19 01:45:33,557][two_tower_confounding.experiments.model_pipeline][INFO] - Training model...
[2026-03-19 01:46:06,368][two_tower_confounding.experiments.ips_pipeline][INFO] - Final evaluation results:
{'metrics': {'CTR': 0.45173317193984985,
             'DCG': 1.2831417322158813,
             'NCTR': 0.30087000131607056,
             'NDCG': 0.3344734013080597,
             'NDCG@25': 0.3344734013080597,
             'NRCTR': 0.30087000131607056,
             'RCTR': 0.45173317193984985}}
[2026-03-19 01:46:06,393][submitit][INFO] - Job completed successfully
[2026-03-19 01:46:06,403][submitit][INFO] - Exiting after successful completion
