[2026-06-18 15:27:58,719][feature_based_propensities_for_ULTR.experiments.config_resolver][WARNING] - test_clicks=500000 is ignored because test_set_mode='label_only'. Set test_set_mode='clicks' to enable legacy click-based test behavior.
[2026-06-18 15:27:58,724][feature_based_propensities_for_ULTR.experiments.data_pipeline][INFO] - Loading or generating click datasets...
[2026-06-18 15:28:22,148][absl][INFO] - orbax-checkpoint version: 0.11.40
[2026-06-18 15:28:22,148][absl][INFO] - save_device_host_concurrent_bytes=None
[2026-06-18 15:28:22,148][absl][INFO] - Created BasePyTreeCheckpointHandler: use_ocdbt=True, use_zarr3=False, pytree_metadata_options=PyTreeMetadataOptions(support_rich_types=False), array_metadata_store=<orbax.checkpoint._src.metadata.array_metadata_store.Store object at 0x14631844e990>, enable_pinned_host_transfer=False, save_concurrent_bytes: 96000000000 (89.4 GiB), restore_concurrent_bytes: 96000000000 (89.4 GiB)
[2026-06-18 15:28:22,149][absl][INFO] - [thread=MainThread] Failed to get flag value for EXPERIMENTAL_ORBAX_USE_DISTRIBUTED_PROCESS_ID.
[2026-06-18 15:28:22,149][absl][INFO] - [process=0][thread=MainThread] Using barrier_sync_fn: <function get_barrier_sync_fn.<locals>.<lambda> at 0x146272b4f880> timeout: 1200 secs and primary_host=0 for async checkpoint writes
[2026-06-18 15:28:22,149][absl][INFO] - [process=0] [sync] Started load checkpoint @ /gpfs/home5/sfris1/ltr_datasets/ips_datasets/logging_policy_c10000_ps1p0_pt0p5_bs1p0_drop0rel0_sessallocv2_candfullv2_topx25_maxdocs80_lprdeep_lpsegreedysampler_lppct10p0.
[2026-06-18 15:28:22,152][absl][INFO] - Restoring checkpoint from /gpfs/home5/sfris1/ltr_datasets/ips_datasets/logging_policy_c10000_ps1p0_pt0p5_bs1p0_drop0rel0_sessallocv2_candfullv2_topx25_maxdocs80_lprdeep_lpsegreedysampler_lppct10p0.
[2026-06-18 15:28:22,152][absl][INFO] - [process=0] [sync] Finished blocking load in 0.00 seconds. Continuing load @ /gpfs/home5/sfris1/ltr_datasets/ips_datasets/logging_policy_c10000_ps1p0_pt0p5_bs1p0_drop0rel0_sessallocv2_candfullv2_topx25_maxdocs80_lprdeep_lpsegreedysampler_lppct10p0.
[2026-06-18 15:28:22,168][absl][INFO] - [process=0] /jax/orbax/read/worker/io/requested throughput: 8.002 MiB/s (total gbytes: 91.8 KiB) (time elapsed: 0.011198043823242188 s) (per-host)
[2026-06-18 15:28:22,169][absl][INFO] - [process=0] /jax/checkpoint/read/gbytes_per_sec: 5.358 MiB/s (total gbytes: 91.8 KiB) (time elapsed: 0.016724109649658203 s) (per-host)
[2026-06-18 15:28:22,170][absl][INFO] - [process=0] [sync] Finished load in 0.02 seconds @ /gpfs/home5/sfris1/ltr_datasets/ips_datasets/logging_policy_c10000_ps1p0_pt0p5_bs1p0_drop0rel0_sessallocv2_candfullv2_topx25_maxdocs80_lprdeep_lpsegreedysampler_lppct10p0
[2026-06-18 15:28:26,289][feature_based_propensities_for_ULTR.experiments.data_pipeline][INFO] - Loaded click datasets in 27.56 seconds (train=8694, val=1306, test=0)
[2026-06-18 15:28:26,289][feature_based_propensities_for_ULTR.experiments.data_pipeline][INFO] - Test split is label-only by design; no test click dataset was loaded.
[2026-06-18 15:28:26,289][feature_based_propensities_for_ULTR.data.runtime.alignment][INFO] - Applying data cutoff override: configured=25, natural=25, effective=25
[2026-06-18 15:28:26,290][feature_based_propensities_for_ULTR.data.runtime.alignment][INFO] - Applying data cutoff override: configured=25, natural=25, effective=25
[2026-06-18 15:28:26,379][feature_based_propensities_for_ULTR.data.runtime.aggregation][INFO] - Initializing simulator...
[2026-06-18 15:28:26,379][feature_based_propensities_for_ULTR.data.runtime.aggregation][INFO] - Aggregating train dataset...
[2026-06-18 15:28:32,452][feature_based_propensities_for_ULTR.data.runtime.aggregation][INFO] - Aggregating validation dataset...
[2026-06-18 15:28:34,977][feature_based_propensities_for_ULTR.data.runtime.aggregation][INFO] - Aggregating test dataset from labels only...
[2026-06-18 15:28:36,593][feature_based_propensities_for_ULTR.data.runtime.aggregation][INFO] - Aggregation done in 10.21 seconds
[2026-06-18 15:28:36,594][feature_based_propensities_for_ULTR.data.runtime.aggregation][INFO] - Session usage after aggregation: requested(train=8694,val=1306), actual(train=8694,val=1306,test=0)
[2026-06-18 15:28:36,594][feature_based_propensities_for_ULTR.data.runtime.aggregation][INFO] - Dataset persistence disabled; skipping aggregated dataset cache save.
[2026-06-18 15:28:36,594][feature_based_propensities_for_ULTR.experiments.ips_pipeline][INFO] - Test split uses label-only evaluation; raw test click diagnostics are skipped.
[2026-06-18 15:28:36,616][feature_based_propensities_for_ULTR.experiments.diagnostics][INFO] - [Data] train_docs=470251, val_docs=70687, test_docs=164676, cutoff=25
[2026-06-18 15:28:36,700][feature_based_propensities_for_ULTR.experiments.diagnostics][INFO] - [Train] clicks=1353, displays=147293, ctr=0.0092, ctr_per_doc=0.0092
[2026-06-18 15:28:36,780][feature_based_propensities_for_ULTR.experiments.diagnostics][INFO] - [Validation] clicks=160, displays=21371, ctr=0.0075, ctr_per_doc=0.0075
[2026-06-18 15:28:36,894][feature_based_propensities_for_ULTR.experiments.diagnostics][INFO] - [Test] clicks=0, displays=0, ctr=0.0000, ctr_per_doc=0.0000
[2026-06-18 15:28:36,894][feature_based_propensities_for_ULTR.experiments.ips_pipeline][INFO] - Running estimator pipeline with model='dm'
[2026-06-18 15:28:36,894][feature_based_propensities_for_ULTR.experiments.ips_pipeline][INFO] - Computing position bias (alpha)...
[2026-06-18 15:28:36,925][ultr_bias_toolkit.bias.intervention_harvesting.all_pairs][INFO] - Position bias estimation using global all pairs estimator
[2026-06-18 15:29:28,044][feature_based_propensities_for_ULTR.experiments.position_bias_pipeline][INFO] - Saved estimated position-bias curve to position_bias.json
[2026-06-18 15:29:28,045][feature_based_propensities_for_ULTR.experiments.ips_pipeline][INFO] - Estimated position bias in-run (estimator=global_all_pairs): [ 0.        -0.7578518 -1.2448132 -1.3367141 -1.8856362 -2.514265
 -2.8971422 -2.077432  -1.6023289 -2.5121064 -2.055383  -3.6270876
 -2.2405865 -3.3826249 -2.088652  -4.67529   -3.5825686 -4.359003
 -1.7745562 -4.017915  -2.9606628 -2.2826414 -6.9077554 -3.9728289
 -3.5028667]
[2026-06-18 15:29:28,046][feature_based_propensities_for_ULTR.experiments.propensity_pipeline][INFO] - Computing propensity per doc (method=propensity_mlp_regression)...
[2026-06-18 15:30:06,044][feature_based_propensities_for_ULTR.experiments.propensity_pipeline][INFO] - Propensity computed in 38.00 seconds
[2026-06-18 15:30:06,044][feature_based_propensities_for_ULTR.experiments.propensity_pipeline][INFO] - Alpha logits: [ 0.     -0.7579 -1.2448 -1.3367 -1.8856 -2.5143 -2.8971 -2.0774 -1.6023
 -2.5121 -2.0554 -3.6271 -2.2406 -3.3826 -2.0887 -4.6753 -3.5826 -4.359
 -1.7746 -4.0179 -2.9607 -2.2826 -6.9078 -3.9728 -3.5029]
[2026-06-18 15:30:06,045][feature_based_propensities_for_ULTR.experiments.propensity_pipeline][INFO] - Alpha: [0.5    0.3191 0.2236 0.2081 0.1317 0.0749 0.0523 0.1113 0.1677 0.075
 0.1135 0.0259 0.0962 0.0328 0.1102 0.0092 0.0271 0.0126 0.145  0.0177
 0.0492 0.0926 0.001  0.0185 0.0292]
[2026-06-18 15:30:06,046][feature_based_propensities_for_ULTR.experiments.propensity_pipeline][INFO] - Propensity clipping disabled.
[2026-06-18 15:30:07,237][feature_based_propensities_for_ULTR.experiments.regression_pipeline][INFO] - Training regression model for DM/DR...
[2026-06-18 15:30:15,649][feature_based_propensities_for_ULTR.experiments.regression_pipeline][INFO] - Regression epoch 3: train_loss=0.227493 val_loss=0.178493
[2026-06-18 15:30:22,958][feature_based_propensities_for_ULTR.experiments.regression_pipeline][INFO] - Regression epoch 6: train_loss=0.221064 val_loss=0.183536
[2026-06-18 15:30:24,805][feature_based_propensities_for_ULTR.experiments.ips_pipeline][INFO] - Computing DM doc weights...
[2026-06-18 15:30:24,805][feature_based_propensities_for_ULTR.experiments.ips_pipeline][INFO] - Doc weights computed in 0.00 seconds
[2026-06-18 15:30:24,811][feature_based_propensities_for_ULTR.experiments.model_pipeline][INFO] - Loading trainer (trainer_type='pl-rank', n_samples=100)...
[2026-06-18 15:30:24,813][feature_based_propensities_for_ULTR.experiments.model_pipeline][INFO] - Trainer loaded in 0.00 seconds
[2026-06-18 15:30:24,813][feature_based_propensities_for_ULTR.experiments.model_pipeline][INFO] - Training model...
[2026-06-18 15:40:33,363][feature_based_propensities_for_ULTR.experiments.ips_pipeline][INFO] - Final evaluation results:
{'metrics': {'CTR': 0.811229944229126,
             'DCG': 2.1841135025024414,
             'NCTR': 0.7088114619255066,
             'NDCG': 0.7873088121414185,
             'NDCG@25': 0.7873088121414185,
             'NRCTR': 0.7088114619255066,
             'RCTR': 0.811229944229126}}
[2026-06-18 15:40:33,389][submitit][INFO] - Job completed successfully
[2026-06-18 15:40:33,399][submitit][INFO] - Exiting after successful completion
