[2026-06-18 16:52:29,689][feature_based_propensities_for_ULTR.experiments.config_resolver][WARNING] - test_clicks=500000 is ignored because test_set_mode='label_only'. Set test_set_mode='clicks' to enable legacy click-based test behavior.
[2026-06-18 16:52:29,695][feature_based_propensities_for_ULTR.experiments.data_pipeline][INFO] - Loading or generating click datasets...
[2026-06-18 16:53:30,706][absl][INFO] - orbax-checkpoint version: 0.11.40
[2026-06-18 16:53:30,707][absl][INFO] - save_device_host_concurrent_bytes=None
[2026-06-18 16:53:30,707][absl][INFO] - Created BasePyTreeCheckpointHandler: use_ocdbt=True, use_zarr3=False, pytree_metadata_options=PyTreeMetadataOptions(support_rich_types=False), array_metadata_store=<orbax.checkpoint._src.metadata.array_metadata_store.Store object at 0x146de9486850>, enable_pinned_host_transfer=False, save_concurrent_bytes: 96000000000 (89.4 GiB), restore_concurrent_bytes: 96000000000 (89.4 GiB)
[2026-06-18 16:53:30,707][absl][INFO] - [thread=MainThread] Failed to get flag value for EXPERIMENTAL_ORBAX_USE_DISTRIBUTED_PROCESS_ID.
[2026-06-18 16:53:30,707][absl][INFO] - [process=0][thread=MainThread] Using barrier_sync_fn: <function get_barrier_sync_fn.<locals>.<lambda> at 0x146d4a6ab9c0> timeout: 1200 secs and primary_host=0 for async checkpoint writes
[2026-06-18 16:53:30,708][absl][INFO] - [process=0] [sync] Started load checkpoint @ /gpfs/home5/sfris1/ltr_datasets/ips_datasets/logging_policy_c10000_ps1p0_pt0p5_bs1p0_drop0rel0_sessallocv2_candfullv2_topx25_maxdocs200_lprdeep_lpsegreedysampler_lppct10p0.
[2026-06-18 16:53:30,711][absl][INFO] - Restoring checkpoint from /gpfs/home5/sfris1/ltr_datasets/ips_datasets/logging_policy_c10000_ps1p0_pt0p5_bs1p0_drop0rel0_sessallocv2_candfullv2_topx25_maxdocs200_lprdeep_lpsegreedysampler_lppct10p0.
[2026-06-18 16:53:30,711][absl][INFO] - [process=0] [sync] Finished blocking load in 0.00 seconds. Continuing load @ /gpfs/home5/sfris1/ltr_datasets/ips_datasets/logging_policy_c10000_ps1p0_pt0p5_bs1p0_drop0rel0_sessallocv2_candfullv2_topx25_maxdocs200_lprdeep_lpsegreedysampler_lppct10p0.
[2026-06-18 16:53:30,730][absl][INFO] - [process=0] /jax/orbax/read/worker/io/requested throughput: 1.757 MiB/s (total gbytes: 21.4 KiB) (time elapsed: 0.011884450912475586 s) (per-host)
[2026-06-18 16:53:30,732][absl][INFO] - [process=0] /jax/checkpoint/read/gbytes_per_sec: 1.112 MiB/s (total gbytes: 21.4 KiB) (time elapsed: 0.018775224685668945 s) (per-host)
[2026-06-18 16:53:30,732][absl][INFO] - [process=0] [sync] Finished load in 0.02 seconds @ /gpfs/home5/sfris1/ltr_datasets/ips_datasets/logging_policy_c10000_ps1p0_pt0p5_bs1p0_drop0rel0_sessallocv2_candfullv2_topx25_maxdocs200_lprdeep_lpsegreedysampler_lppct10p0
[2026-06-18 16:53:34,898][feature_based_propensities_for_ULTR.experiments.data_pipeline][INFO] - Loaded click datasets in 65.20 seconds (train=7500, val=2500, test=0)
[2026-06-18 16:53:34,898][feature_based_propensities_for_ULTR.experiments.data_pipeline][INFO] - Test split is label-only by design; no test click dataset was loaded.
[2026-06-18 16:53:34,898][feature_based_propensities_for_ULTR.data.runtime.alignment][INFO] - Applying data cutoff override: configured=25, natural=25, effective=25
[2026-06-18 16:53:34,899][feature_based_propensities_for_ULTR.data.runtime.alignment][INFO] - Applying data cutoff override: configured=25, natural=25, effective=25
[2026-06-18 16:53:34,991][feature_based_propensities_for_ULTR.data.runtime.aggregation][INFO] - Initializing simulator...
[2026-06-18 16:53:34,992][feature_based_propensities_for_ULTR.data.runtime.aggregation][INFO] - Aggregating train dataset...
[2026-06-18 16:53:40,162][feature_based_propensities_for_ULTR.data.runtime.aggregation][INFO] - Aggregating validation dataset...
[2026-06-18 16:53:43,125][feature_based_propensities_for_ULTR.data.runtime.aggregation][INFO] - Aggregating test dataset from labels only...
[2026-06-18 16:53:43,978][feature_based_propensities_for_ULTR.data.runtime.aggregation][INFO] - Aggregation done in 8.99 seconds
[2026-06-18 16:53:43,979][feature_based_propensities_for_ULTR.data.runtime.aggregation][INFO] - Session usage after aggregation: requested(train=7500,val=2500), actual(train=7500,val=2500,test=0)
[2026-06-18 16:53:43,979][feature_based_propensities_for_ULTR.data.runtime.aggregation][INFO] - Dataset persistence disabled; skipping aggregated dataset cache save.
[2026-06-18 16:53:43,979][feature_based_propensities_for_ULTR.experiments.ips_pipeline][INFO] - Test split uses label-only evaluation; raw test click diagnostics are skipped.
[2026-06-18 16:53:44,031][feature_based_propensities_for_ULTR.experiments.diagnostics][INFO] - [Data] train_docs=2132810, val_docs=707814, test_docs=708921, cutoff=25
[2026-06-18 16:53:44,133][feature_based_propensities_for_ULTR.experiments.diagnostics][INFO] - [Train] clicks=738, displays=182684, ctr=0.0040, ctr_per_doc=0.0040
[2026-06-18 16:53:44,223][feature_based_propensities_for_ULTR.experiments.diagnostics][INFO] - [Validation] clicks=274, displays=60708, ctr=0.0045, ctr_per_doc=0.0045
[2026-06-18 16:53:44,313][feature_based_propensities_for_ULTR.experiments.diagnostics][INFO] - [Test] clicks=0, displays=0, ctr=0.0000, ctr_per_doc=0.0000
[2026-06-18 16:53:44,313][feature_based_propensities_for_ULTR.experiments.ips_pipeline][INFO] - Running estimator pipeline with model='dm'
[2026-06-18 16:53:44,313][feature_based_propensities_for_ULTR.experiments.ips_pipeline][INFO] - Computing position bias (alpha)...
[2026-06-18 16:53:44,331][ultr_bias_toolkit.bias.intervention_harvesting.all_pairs][INFO] - Position bias estimation using global all pairs estimator
[2026-06-18 16:54:35,817][feature_based_propensities_for_ULTR.experiments.position_bias_pipeline][INFO] - Saved estimated position-bias curve to position_bias.json
[2026-06-18 16:54:35,817][feature_based_propensities_for_ULTR.experiments.ips_pipeline][INFO] - Estimated position bias in-run (estimator=global_all_pairs): [ 0.        -3.0511332 -1.0805988 -3.214726  -1.0040709 -1.5172085
 -6.9077554 -2.8931315 -6.9077554 -3.5850246 -2.4313886 -3.028803
 -6.9077554 -0.7022011 -1.8887212 -2.3352225 -6.9077554 -3.6665442
 -3.4071078 -3.469239  -3.4461095 -6.9077554 -4.247388  -6.9077554
 -6.9077554]
[2026-06-18 16:54:35,818][feature_based_propensities_for_ULTR.experiments.propensity_pipeline][INFO] - Computing propensity per doc (method=propensity_mlp_regression)...
[2026-06-18 16:55:12,308][feature_based_propensities_for_ULTR.experiments.propensity_pipeline][INFO] - Propensity computed in 36.49 seconds
[2026-06-18 16:55:12,309][feature_based_propensities_for_ULTR.experiments.propensity_pipeline][INFO] - Alpha logits: [ 0.     -3.0511 -1.0806 -3.2147 -1.0041 -1.5172 -6.9078 -2.8931 -6.9078
 -3.585  -2.4314 -3.0288 -6.9078 -0.7022 -1.8887 -2.3352 -6.9078 -3.6665
 -3.4071 -3.4692 -3.4461 -6.9078 -4.2474 -6.9078 -6.9078]
[2026-06-18 16:55:12,309][feature_based_propensities_for_ULTR.experiments.propensity_pipeline][INFO] - Alpha: [0.5    0.0452 0.2534 0.0386 0.2681 0.1799 0.001  0.0525 0.001  0.027
 0.0808 0.0461 0.001  0.3313 0.1314 0.0882 0.001  0.0249 0.0321 0.0302
 0.0309 0.001  0.0141 0.001  0.001 ]
[2026-06-18 16:55:12,310][feature_based_propensities_for_ULTR.experiments.propensity_pipeline][INFO] - Propensity clipping disabled.
[2026-06-18 16:55:13,624][feature_based_propensities_for_ULTR.experiments.regression_pipeline][INFO] - Training regression model for DM/DR...
[2026-06-18 16:55:41,390][feature_based_propensities_for_ULTR.experiments.regression_pipeline][INFO] - Regression epoch 3: train_loss=0.120707 val_loss=0.118177
[2026-06-18 16:56:08,245][feature_based_propensities_for_ULTR.experiments.regression_pipeline][INFO] - Regression epoch 6: train_loss=0.117773 val_loss=0.130309
[2026-06-18 16:56:14,450][feature_based_propensities_for_ULTR.experiments.ips_pipeline][INFO] - Computing DM doc weights...
[2026-06-18 16:56:14,450][feature_based_propensities_for_ULTR.experiments.ips_pipeline][INFO] - Doc weights computed in 0.00 seconds
[2026-06-18 16:56:14,460][feature_based_propensities_for_ULTR.experiments.model_pipeline][INFO] - Loading trainer (trainer_type='pl-rank', n_samples=100)...
[2026-06-18 16:56:14,463][feature_based_propensities_for_ULTR.experiments.model_pipeline][INFO] - Trainer loaded in 0.00 seconds
[2026-06-18 16:56:14,463][feature_based_propensities_for_ULTR.experiments.model_pipeline][INFO] - Training model...
[2026-06-18 17:28:09,321][feature_based_propensities_for_ULTR.experiments.ips_pipeline][INFO] - Final evaluation results:
{'metrics': {'CTR': 0.508800208568573,
             'DCG': 1.765058994293213,
             'NCTR': 0.3935626149177551,
             'NDCG': 0.4589025378227234,
             'NDCG@25': 0.4589025378227234,
             'NRCTR': 0.3935626149177551,
             'RCTR': 0.508800208568573}}
[2026-06-18 17:28:09,349][submitit][INFO] - Job completed successfully
[2026-06-18 17:28:09,368][submitit][INFO] - Exiting after successful completion
