[2026-06-18 16:59:28,301][feature_based_propensities_for_ULTR.experiments.config_resolver][WARNING] - test_clicks=500000 is ignored because test_set_mode='label_only'. Set test_set_mode='clicks' to enable legacy click-based test behavior.
[2026-06-18 16:59:28,306][feature_based_propensities_for_ULTR.experiments.data_pipeline][INFO] - Loading or generating click datasets...
[2026-06-18 17:00:57,009][absl][INFO] - orbax-checkpoint version: 0.11.40
[2026-06-18 17:00:57,009][absl][INFO] - save_device_host_concurrent_bytes=None
[2026-06-18 17:00:57,009][absl][INFO] - Created BasePyTreeCheckpointHandler: use_ocdbt=True, use_zarr3=False, pytree_metadata_options=PyTreeMetadataOptions(support_rich_types=False), array_metadata_store=<orbax.checkpoint._src.metadata.array_metadata_store.Store object at 0x151b2c2ad510>, enable_pinned_host_transfer=False, save_concurrent_bytes: 96000000000 (89.4 GiB), restore_concurrent_bytes: 96000000000 (89.4 GiB)
[2026-06-18 17:00:57,009][absl][INFO] - [thread=MainThread] Failed to get flag value for EXPERIMENTAL_ORBAX_USE_DISTRIBUTED_PROCESS_ID.
[2026-06-18 17:00:57,010][absl][INFO] - [process=0][thread=MainThread] Using barrier_sync_fn: <function get_barrier_sync_fn.<locals>.<lambda> at 0x151a954fb920> timeout: 1200 secs and primary_host=0 for async checkpoint writes
[2026-06-18 17:00:57,010][absl][INFO] - [process=0] [sync] Started load checkpoint @ /gpfs/home5/sfris1/ltr_datasets/ips_datasets/istella_logging_policy_c10000_ps1p0_pt0p5_bs1p0_drop0rel0_sessallocv2_candfullv2_topx25_maxdocs200_lprdeep_lpsegreedysampler_lppct10p0.
[2026-06-18 17:00:57,012][absl][INFO] - Restoring checkpoint from /gpfs/home5/sfris1/ltr_datasets/ips_datasets/istella_logging_policy_c10000_ps1p0_pt0p5_bs1p0_drop0rel0_sessallocv2_candfullv2_topx25_maxdocs200_lprdeep_lpsegreedysampler_lppct10p0.
[2026-06-18 17:00:57,012][absl][INFO] - [process=0] [sync] Finished blocking load in 0.00 seconds. Continuing load @ /gpfs/home5/sfris1/ltr_datasets/ips_datasets/istella_logging_policy_c10000_ps1p0_pt0p5_bs1p0_drop0rel0_sessallocv2_candfullv2_topx25_maxdocs200_lprdeep_lpsegreedysampler_lppct10p0.
[2026-06-18 17:00:57,028][absl][INFO] - [process=0] /jax/orbax/read/worker/io/requested throughput: 2.843 MiB/s (total gbytes: 31.6 KiB) (time elapsed: 0.010865449905395508 s) (per-host)
[2026-06-18 17:00:57,029][absl][INFO] - [process=0] /jax/checkpoint/read/gbytes_per_sec: 1.907 MiB/s (total gbytes: 31.6 KiB) (time elapsed: 0.016198396682739258 s) (per-host)
[2026-06-18 17:00:57,030][absl][INFO] - [process=0] [sync] Finished load in 0.02 seconds @ /gpfs/home5/sfris1/ltr_datasets/ips_datasets/istella_logging_policy_c10000_ps1p0_pt0p5_bs1p0_drop0rel0_sessallocv2_candfullv2_topx25_maxdocs200_lprdeep_lpsegreedysampler_lppct10p0
[2026-06-18 17:01:02,232][feature_based_propensities_for_ULTR.experiments.data_pipeline][INFO] - Loaded click datasets in 93.93 seconds (train=7274, val=2726, test=0)
[2026-06-18 17:01:02,232][feature_based_propensities_for_ULTR.experiments.data_pipeline][INFO] - Test split is label-only by design; no test click dataset was loaded.
[2026-06-18 17:01:02,232][feature_based_propensities_for_ULTR.data.runtime.alignment][INFO] - Applying data cutoff override: configured=25, natural=25, effective=25
[2026-06-18 17:01:02,232][feature_based_propensities_for_ULTR.data.runtime.alignment][INFO] - Applying data cutoff override: configured=25, natural=25, effective=25
[2026-06-18 17:01:02,322][feature_based_propensities_for_ULTR.data.runtime.aggregation][INFO] - Initializing simulator...
[2026-06-18 17:01:02,323][feature_based_propensities_for_ULTR.data.runtime.aggregation][INFO] - Aggregating train dataset...
[2026-06-18 17:01:08,668][feature_based_propensities_for_ULTR.data.runtime.aggregation][INFO] - Aggregating validation dataset...
[2026-06-18 17:01:11,768][feature_based_propensities_for_ULTR.data.runtime.aggregation][INFO] - Aggregating test dataset from labels only...
[2026-06-18 17:01:13,138][feature_based_propensities_for_ULTR.data.runtime.aggregation][INFO] - Aggregation done in 10.82 seconds
[2026-06-18 17:01:13,138][feature_based_propensities_for_ULTR.data.runtime.aggregation][INFO] - Session usage after aggregation: requested(train=7274,val=2726), actual(train=7274,val=2726,test=0)
[2026-06-18 17:01:13,138][feature_based_propensities_for_ULTR.data.runtime.aggregation][INFO] - Dataset persistence disabled; skipping aggregated dataset cache save.
[2026-06-18 17:01:13,138][feature_based_propensities_for_ULTR.experiments.ips_pipeline][INFO] - Test split uses label-only evaluation; raw test click diagnostics are skipped.
[2026-06-18 17:01:13,188][feature_based_propensities_for_ULTR.experiments.diagnostics][INFO] - [Data] train_docs=2043304, val_docs=684076, test_docs=681250, cutoff=25
[2026-06-18 17:01:13,287][feature_based_propensities_for_ULTR.experiments.diagnostics][INFO] - [Train] clicks=1646, displays=181052, ctr=0.0091, ctr_per_doc=0.0091
[2026-06-18 17:01:13,376][feature_based_propensities_for_ULTR.experiments.diagnostics][INFO] - [Validation] clicks=623, displays=67655, ctr=0.0092, ctr_per_doc=0.0092
[2026-06-18 17:01:13,464][feature_based_propensities_for_ULTR.experiments.diagnostics][INFO] - [Test] clicks=0, displays=0, ctr=0.0000, ctr_per_doc=0.0000
[2026-06-18 17:01:13,464][feature_based_propensities_for_ULTR.experiments.ips_pipeline][INFO] - Running estimator pipeline with model='dr'
[2026-06-18 17:01:13,464][feature_based_propensities_for_ULTR.experiments.ips_pipeline][INFO] - Computing position bias (alpha)...
[2026-06-18 17:01:13,483][ultr_bias_toolkit.bias.intervention_harvesting.all_pairs][INFO] - Position bias estimation using global all pairs estimator
[2026-06-18 17:02:01,944][feature_based_propensities_for_ULTR.experiments.position_bias_pipeline][INFO] - Saved estimated position-bias curve to position_bias.json
[2026-06-18 17:02:01,945][feature_based_propensities_for_ULTR.experiments.ips_pipeline][INFO] - Estimated position bias in-run (estimator=global_all_pairs): [ 0.         -0.5511645  -0.77800786 -1.0754815  -1.9172698  -1.8540764
 -0.97452193 -2.0151527  -1.4863964  -6.9077554  -2.4826453  -6.9077554
 -2.6922324  -2.294778   -1.6859382  -2.482145   -2.731667   -1.507126
 -6.9077554  -3.1275766  -2.0505362  -6.812479   -2.5508611  -1.9086375
 -3.5337145 ]
[2026-06-18 17:02:01,946][feature_based_propensities_for_ULTR.experiments.propensity_pipeline][INFO] - Computing propensity per doc (method=true_propensity)...
[2026-06-18 17:02:28,449][feature_based_propensities_for_ULTR.experiments.propensity_pipeline][INFO] - Propensity computed in 26.50 seconds
[2026-06-18 17:02:28,449][feature_based_propensities_for_ULTR.experiments.propensity_pipeline][INFO] - Alpha logits: [ 0.         -0.5511645  -0.77800786 -1.0754815  -1.9172698  -1.8540764
 -0.97452193 -2.0151527  -1.4863964  -6.9077554  -2.4826453  -6.9077554
 -2.6922324  -2.294778   -1.6859382  -2.482145   -2.731667   -1.507126
 -6.9077554  -3.1275766  -2.0505362  -6.812479   -2.5508611  -1.9086375
 -3.5337145 ]
[2026-06-18 17:02:28,450][feature_based_propensities_for_ULTR.experiments.propensity_pipeline][INFO] - Alpha: [0.5        0.36559427 0.3147494  0.25436205 0.12816633 0.13539499
 0.2739801  0.11762113 0.18446322 0.000999   0.0770838  0.000999
 0.06343326 0.09155636 0.15631075 0.0771194  0.06113042 0.18136512
 0.000999   0.04198397 0.11399823 0.00109875 0.07236865 0.129134
 0.02836802]
[2026-06-18 17:02:28,451][feature_based_propensities_for_ULTR.experiments.propensity_pipeline][INFO] - Propensity clipping disabled.
[2026-06-18 17:02:28,451][feature_based_propensities_for_ULTR.experiments.propensity_pipeline][INFO] - Computing propensity per doc (method=frequency_based)...
[2026-06-18 17:02:52,993][feature_based_propensities_for_ULTR.experiments.propensity_pipeline][INFO] - Propensity computed in 24.54 seconds
[2026-06-18 17:02:52,993][feature_based_propensities_for_ULTR.experiments.propensity_pipeline][INFO] - Alpha logits: [ 0.         -0.5511645  -0.77800786 -1.0754815  -1.9172698  -1.8540764
 -0.97452193 -2.0151527  -1.4863964  -6.9077554  -2.4826453  -6.9077554
 -2.6922324  -2.294778   -1.6859382  -2.482145   -2.731667   -1.507126
 -6.9077554  -3.1275766  -2.0505362  -6.812479   -2.5508611  -1.9086375
 -3.5337145 ]
[2026-06-18 17:02:52,994][feature_based_propensities_for_ULTR.experiments.propensity_pipeline][INFO] - Alpha: [0.5        0.36559427 0.3147494  0.25436205 0.12816633 0.13539499
 0.2739801  0.11762113 0.18446322 0.000999   0.0770838  0.000999
 0.06343326 0.09155636 0.15631075 0.0771194  0.06113042 0.18136512
 0.000999   0.04198397 0.11399823 0.00109875 0.07236865 0.129134
 0.02836802]
[2026-06-18 17:02:54,404][feature_based_propensities_for_ULTR.experiments.regression_pipeline][INFO] - Training regression model for DM/DR...
[2026-06-18 17:03:01,952][feature_based_propensities_for_ULTR.experiments.regression_pipeline][INFO] - Regression epoch 3: train_loss=0.272393 val_loss=0.342788
[2026-06-18 17:03:08,452][feature_based_propensities_for_ULTR.experiments.regression_pipeline][INFO] - Regression epoch 6: train_loss=0.264097 val_loss=0.314329
[2026-06-18 17:03:14,931][feature_based_propensities_for_ULTR.experiments.regression_pipeline][INFO] - Regression epoch 9: train_loss=0.260951 val_loss=0.333038
[2026-06-18 17:03:20,742][feature_based_propensities_for_ULTR.experiments.ips_pipeline][INFO] - Computing DR doc weights...
[2026-06-18 17:03:20,773][feature_based_propensities_for_ULTR.experiments.ips_pipeline][INFO] - Doc weights computed in 0.03 seconds
[2026-06-18 17:03:20,783][feature_based_propensities_for_ULTR.experiments.model_pipeline][INFO] - Loading trainer (trainer_type='pl-rank', n_samples=100)...
[2026-06-18 17:03:20,785][feature_based_propensities_for_ULTR.experiments.model_pipeline][INFO] - Trainer loaded in 0.00 seconds
[2026-06-18 17:03:20,785][feature_based_propensities_for_ULTR.experiments.model_pipeline][INFO] - Training model...
[2026-06-18 17:58:47,590][feature_based_propensities_for_ULTR.experiments.ips_pipeline][INFO] - Final evaluation results:
{'metrics': {'CTR': 1.0741372108459473,
             'DCG': 2.3104565143585205,
             'NCTR': 0.5737214684486389,
             'NDCG': 0.6705476641654968,
             'NDCG@25': 0.6705476641654968,
             'NRCTR': 0.5737214684486389,
             'RCTR': 1.0741372108459473}}
[2026-06-18 17:58:47,623][submitit][INFO] - Job completed successfully
[2026-06-18 17:58:47,632][submitit][INFO] - Exiting after successful completion
