[2026-06-18 16:56:04,149][feature_based_propensities_for_ULTR.experiments.config_resolver][WARNING] - test_clicks=500000 is ignored because test_set_mode='label_only'. Set test_set_mode='clicks' to enable legacy click-based test behavior.
[2026-06-18 16:56:04,155][feature_based_propensities_for_ULTR.experiments.data_pipeline][INFO] - Loading or generating click datasets...
[2026-06-18 16:56:28,640][absl][INFO] - orbax-checkpoint version: 0.11.40
[2026-06-18 16:56:28,640][absl][INFO] - save_device_host_concurrent_bytes=None
[2026-06-18 16:56:28,641][absl][INFO] - Created BasePyTreeCheckpointHandler: use_ocdbt=True, use_zarr3=False, pytree_metadata_options=PyTreeMetadataOptions(support_rich_types=False), array_metadata_store=<orbax.checkpoint._src.metadata.array_metadata_store.Store object at 0x146566de2910>, enable_pinned_host_transfer=False, save_concurrent_bytes: 96000000000 (89.4 GiB), restore_concurrent_bytes: 96000000000 (89.4 GiB)
[2026-06-18 16:56:28,641][absl][INFO] - [thread=MainThread] Failed to get flag value for EXPERIMENTAL_ORBAX_USE_DISTRIBUTED_PROCESS_ID.
[2026-06-18 16:56:28,641][absl][INFO] - [process=0][thread=MainThread] Using barrier_sync_fn: <function get_barrier_sync_fn.<locals>.<lambda> at 0x1464c4bb7880> timeout: 1200 secs and primary_host=0 for async checkpoint writes
[2026-06-18 16:56:28,642][absl][INFO] - [process=0] [sync] Started load checkpoint @ /gpfs/home5/sfris1/ltr_datasets/ips_datasets/logging_policy_c10000_ps1p0_pt0p5_bs1p0_drop0rel0_sessallocv2_candfullv2_topx25_maxdocs80_lprdeep_lpsegreedysampler_lppct10p0.
[2026-06-18 16:56:28,644][absl][INFO] - Restoring checkpoint from /gpfs/home5/sfris1/ltr_datasets/ips_datasets/logging_policy_c10000_ps1p0_pt0p5_bs1p0_drop0rel0_sessallocv2_candfullv2_topx25_maxdocs80_lprdeep_lpsegreedysampler_lppct10p0.
[2026-06-18 16:56:28,644][absl][INFO] - [process=0] [sync] Finished blocking load in 0.00 seconds. Continuing load @ /gpfs/home5/sfris1/ltr_datasets/ips_datasets/logging_policy_c10000_ps1p0_pt0p5_bs1p0_drop0rel0_sessallocv2_candfullv2_topx25_maxdocs80_lprdeep_lpsegreedysampler_lppct10p0.
[2026-06-18 16:56:28,660][absl][INFO] - [process=0] /jax/orbax/read/worker/io/requested throughput: 8.207 MiB/s (total gbytes: 91.8 KiB) (time elapsed: 0.010917901992797852 s) (per-host)
[2026-06-18 16:56:28,662][absl][INFO] - [process=0] /jax/checkpoint/read/gbytes_per_sec: 5.440 MiB/s (total gbytes: 91.8 KiB) (time elapsed: 0.016469717025756836 s) (per-host)
[2026-06-18 16:56:28,662][absl][INFO] - [process=0] [sync] Finished load in 0.02 seconds @ /gpfs/home5/sfris1/ltr_datasets/ips_datasets/logging_policy_c10000_ps1p0_pt0p5_bs1p0_drop0rel0_sessallocv2_candfullv2_topx25_maxdocs80_lprdeep_lpsegreedysampler_lppct10p0
[2026-06-18 16:56:32,810][feature_based_propensities_for_ULTR.experiments.data_pipeline][INFO] - Loaded click datasets in 28.65 seconds (train=8694, val=1306, test=0)
[2026-06-18 16:56:32,810][feature_based_propensities_for_ULTR.experiments.data_pipeline][INFO] - Test split is label-only by design; no test click dataset was loaded.
[2026-06-18 16:56:32,810][feature_based_propensities_for_ULTR.data.runtime.alignment][INFO] - Applying data cutoff override: configured=25, natural=25, effective=25
[2026-06-18 16:56:32,810][feature_based_propensities_for_ULTR.data.runtime.alignment][INFO] - Applying data cutoff override: configured=25, natural=25, effective=25
[2026-06-18 16:56:32,899][feature_based_propensities_for_ULTR.data.runtime.aggregation][INFO] - Initializing simulator...
[2026-06-18 16:56:32,900][feature_based_propensities_for_ULTR.data.runtime.aggregation][INFO] - Aggregating train dataset...
[2026-06-18 16:56:39,045][feature_based_propensities_for_ULTR.data.runtime.aggregation][INFO] - Aggregating validation dataset...
[2026-06-18 16:56:41,581][feature_based_propensities_for_ULTR.data.runtime.aggregation][INFO] - Aggregating test dataset from labels only...
[2026-06-18 16:56:43,126][feature_based_propensities_for_ULTR.data.runtime.aggregation][INFO] - Aggregation done in 10.23 seconds
[2026-06-18 16:56:43,126][feature_based_propensities_for_ULTR.data.runtime.aggregation][INFO] - Session usage after aggregation: requested(train=8694,val=1306), actual(train=8694,val=1306,test=0)
[2026-06-18 16:56:43,126][feature_based_propensities_for_ULTR.data.runtime.aggregation][INFO] - Dataset persistence disabled; skipping aggregated dataset cache save.
[2026-06-18 16:56:43,126][feature_based_propensities_for_ULTR.experiments.ips_pipeline][INFO] - Test split uses label-only evaluation; raw test click diagnostics are skipped.
[2026-06-18 16:56:43,150][feature_based_propensities_for_ULTR.experiments.diagnostics][INFO] - [Data] train_docs=470251, val_docs=70687, test_docs=164676, cutoff=25
[2026-06-18 16:56:43,238][feature_based_propensities_for_ULTR.experiments.diagnostics][INFO] - [Train] clicks=1308, displays=147593, ctr=0.0089, ctr_per_doc=0.0089
[2026-06-18 16:56:43,320][feature_based_propensities_for_ULTR.experiments.diagnostics][INFO] - [Validation] clicks=202, displays=21889, ctr=0.0092, ctr_per_doc=0.0092
[2026-06-18 16:56:43,436][feature_based_propensities_for_ULTR.experiments.diagnostics][INFO] - [Test] clicks=0, displays=0, ctr=0.0000, ctr_per_doc=0.0000
[2026-06-18 16:56:43,437][feature_based_propensities_for_ULTR.experiments.ips_pipeline][INFO] - Running estimator pipeline with model='dr'
[2026-06-18 16:56:43,437][feature_based_propensities_for_ULTR.experiments.ips_pipeline][INFO] - Computing position bias (alpha)...
[2026-06-18 16:56:43,452][ultr_bias_toolkit.bias.intervention_harvesting.all_pairs][INFO] - Position bias estimation using global all pairs estimator
[2026-06-18 16:57:34,590][feature_based_propensities_for_ULTR.experiments.position_bias_pipeline][INFO] - Saved estimated position-bias curve to position_bias.json
[2026-06-18 16:57:34,590][feature_based_propensities_for_ULTR.experiments.ips_pipeline][INFO] - Estimated position bias in-run (estimator=global_all_pairs): [ 0.         -0.53075176 -1.3349508  -1.4354625  -1.3543793  -1.8132809
 -1.7296883  -1.7668022  -2.2874737  -2.5918097  -2.6744049  -2.6958528
 -3.1480691  -1.5354905  -2.1232154  -2.9611886  -3.9909217  -1.600563
 -1.1836947  -2.2849014  -6.3031387  -2.6105838  -2.5473044  -2.0956047
 -6.9077554 ]
[2026-06-18 16:57:34,591][feature_based_propensities_for_ULTR.experiments.propensity_pipeline][INFO] - Computing propensity per doc (method=true_propensity)...
[2026-06-18 16:57:42,620][feature_based_propensities_for_ULTR.experiments.propensity_pipeline][INFO] - Propensity computed in 8.03 seconds
[2026-06-18 16:57:42,621][feature_based_propensities_for_ULTR.experiments.propensity_pipeline][INFO] - Alpha logits: [ 0.         -0.53075176 -1.3349508  -1.4354625  -1.3543793  -1.8132809
 -1.7296883  -1.7668022  -2.2874737  -2.5918097  -2.6744049  -2.6958528
 -3.1480691  -1.5354905  -2.1232154  -2.9611886  -3.9909217  -1.600563
 -1.1836947  -2.2849014  -6.3031387  -2.6105838  -2.5473044  -2.0956047
 -6.9077554 ]
[2026-06-18 16:57:42,621][feature_based_propensities_for_ULTR.experiments.propensity_pipeline][INFO] - Alpha: [0.5        0.37034157 0.20834161 0.192249   0.20515533 0.14024207
 0.15062745 0.14594045 0.09216572 0.06966739 0.06450066 0.06321851
 0.04116743 0.17719178 0.10686079 0.04921036 0.01814726 0.16790293
 0.23438853 0.09238116 0.00182721 0.06846036 0.07260779 0.10952476
 0.000999  ]
[2026-06-18 16:57:42,622][feature_based_propensities_for_ULTR.experiments.propensity_pipeline][INFO] - Propensity clipping disabled.
[2026-06-18 16:57:42,622][feature_based_propensities_for_ULTR.experiments.propensity_pipeline][INFO] - Computing propensity per doc (method=frequency_based)...
[2026-06-18 16:57:48,624][feature_based_propensities_for_ULTR.experiments.propensity_pipeline][INFO] - Propensity computed in 6.00 seconds
[2026-06-18 16:57:48,624][feature_based_propensities_for_ULTR.experiments.propensity_pipeline][INFO] - Alpha logits: [ 0.         -0.53075176 -1.3349508  -1.4354625  -1.3543793  -1.8132809
 -1.7296883  -1.7668022  -2.2874737  -2.5918097  -2.6744049  -2.6958528
 -3.1480691  -1.5354905  -2.1232154  -2.9611886  -3.9909217  -1.600563
 -1.1836947  -2.2849014  -6.3031387  -2.6105838  -2.5473044  -2.0956047
 -6.9077554 ]
[2026-06-18 16:57:48,625][feature_based_propensities_for_ULTR.experiments.propensity_pipeline][INFO] - Alpha: [0.5        0.37034157 0.20834161 0.192249   0.20515533 0.14024207
 0.15062745 0.14594045 0.09216572 0.06966739 0.06450066 0.06321851
 0.04116743 0.17719178 0.10686079 0.04921036 0.01814726 0.16790293
 0.23438853 0.09238116 0.00182721 0.06846036 0.07260779 0.10952476
 0.000999  ]
[2026-06-18 16:57:50,048][feature_based_propensities_for_ULTR.experiments.regression_pipeline][INFO] - Training regression model for DM/DR...
[2026-06-18 16:57:56,697][feature_based_propensities_for_ULTR.experiments.regression_pipeline][INFO] - Regression epoch 3: train_loss=0.222638 val_loss=0.256920
[2026-06-18 16:58:02,157][feature_based_propensities_for_ULTR.experiments.regression_pipeline][INFO] - Regression epoch 6: train_loss=0.213982 val_loss=0.257034
[2026-06-18 16:58:03,989][feature_based_propensities_for_ULTR.experiments.ips_pipeline][INFO] - Computing DR doc weights...
[2026-06-18 16:58:03,994][feature_based_propensities_for_ULTR.experiments.ips_pipeline][INFO] - Doc weights computed in 0.01 seconds
[2026-06-18 16:58:04,001][feature_based_propensities_for_ULTR.experiments.model_pipeline][INFO] - Loading trainer (trainer_type='pl-rank', n_samples=100)...
[2026-06-18 16:58:04,003][feature_based_propensities_for_ULTR.experiments.model_pipeline][INFO] - Trainer loaded in 0.00 seconds
[2026-06-18 16:58:04,003][feature_based_propensities_for_ULTR.experiments.model_pipeline][INFO] - Training model...
[2026-06-18 17:13:07,246][feature_based_propensities_for_ULTR.experiments.ips_pipeline][INFO] - Final evaluation results:
{'metrics': {'CTR': 0.9234073758125305,
             'DCG': 2.120020866394043,
             'NCTR': 0.696982741355896,
             'NDCG': 0.7659909725189209,
             'NDCG@25': 0.7659909725189209,
             'NRCTR': 0.696982741355896,
             'RCTR': 0.9234073758125305}}
[2026-06-18 17:13:07,273][submitit][INFO] - Job completed successfully
[2026-06-18 17:13:07,282][submitit][INFO] - Exiting after successful completion
