[2026-06-18 16:54:16,857][feature_based_propensities_for_ULTR.experiments.config_resolver][WARNING] - test_clicks=500000 is ignored because test_set_mode='label_only'. Set test_set_mode='clicks' to enable legacy click-based test behavior.
[2026-06-18 16:54:16,863][feature_based_propensities_for_ULTR.experiments.data_pipeline][INFO] - Loading or generating click datasets...
[2026-06-18 16:54:41,400][absl][INFO] - orbax-checkpoint version: 0.11.40
[2026-06-18 16:54:41,400][absl][INFO] - save_device_host_concurrent_bytes=None
[2026-06-18 16:54:41,401][absl][INFO] - Created BasePyTreeCheckpointHandler: use_ocdbt=True, use_zarr3=False, pytree_metadata_options=PyTreeMetadataOptions(support_rich_types=False), array_metadata_store=<orbax.checkpoint._src.metadata.array_metadata_store.Store object at 0x150c6bc7c1d0>, enable_pinned_host_transfer=False, save_concurrent_bytes: 96000000000 (89.4 GiB), restore_concurrent_bytes: 96000000000 (89.4 GiB)
[2026-06-18 16:54:41,401][absl][INFO] - [thread=MainThread] Failed to get flag value for EXPERIMENTAL_ORBAX_USE_DISTRIBUTED_PROCESS_ID.
[2026-06-18 16:54:41,401][absl][INFO] - [process=0][thread=MainThread] Using barrier_sync_fn: <function get_barrier_sync_fn.<locals>.<lambda> at 0x150bca307880> timeout: 1200 secs and primary_host=0 for async checkpoint writes
[2026-06-18 16:54:41,401][absl][INFO] - [process=0] [sync] Started load checkpoint @ /gpfs/home5/sfris1/ltr_datasets/ips_datasets/logging_policy_c10000_ps1p0_pt0p5_bs1p0_drop0rel0_sessallocv2_candfullv2_topx25_maxdocs80_lprdeep_lpsegreedysampler_lppct10p0.
[2026-06-18 16:54:41,404][absl][INFO] - Restoring checkpoint from /gpfs/home5/sfris1/ltr_datasets/ips_datasets/logging_policy_c10000_ps1p0_pt0p5_bs1p0_drop0rel0_sessallocv2_candfullv2_topx25_maxdocs80_lprdeep_lpsegreedysampler_lppct10p0.
[2026-06-18 16:54:41,404][absl][INFO] - [process=0] [sync] Finished blocking load in 0.00 seconds. Continuing load @ /gpfs/home5/sfris1/ltr_datasets/ips_datasets/logging_policy_c10000_ps1p0_pt0p5_bs1p0_drop0rel0_sessallocv2_candfullv2_topx25_maxdocs80_lprdeep_lpsegreedysampler_lppct10p0.
[2026-06-18 16:54:41,420][absl][INFO] - [process=0] /jax/orbax/read/worker/io/requested throughput: 8.137 MiB/s (total gbytes: 91.8 KiB) (time elapsed: 0.011011600494384766 s) (per-host)
[2026-06-18 16:54:41,421][absl][INFO] - [process=0] /jax/checkpoint/read/gbytes_per_sec: 5.419 MiB/s (total gbytes: 91.8 KiB) (time elapsed: 0.016533613204956055 s) (per-host)
[2026-06-18 16:54:41,421][absl][INFO] - [process=0] [sync] Finished load in 0.02 seconds @ /gpfs/home5/sfris1/ltr_datasets/ips_datasets/logging_policy_c10000_ps1p0_pt0p5_bs1p0_drop0rel0_sessallocv2_candfullv2_topx25_maxdocs80_lprdeep_lpsegreedysampler_lppct10p0
[2026-06-18 16:54:45,674][feature_based_propensities_for_ULTR.experiments.data_pipeline][INFO] - Loaded click datasets in 28.81 seconds (train=8694, val=1306, test=0)
[2026-06-18 16:54:45,674][feature_based_propensities_for_ULTR.experiments.data_pipeline][INFO] - Test split is label-only by design; no test click dataset was loaded.
[2026-06-18 16:54:45,674][feature_based_propensities_for_ULTR.data.runtime.alignment][INFO] - Applying data cutoff override: configured=25, natural=25, effective=25
[2026-06-18 16:54:45,675][feature_based_propensities_for_ULTR.data.runtime.alignment][INFO] - Applying data cutoff override: configured=25, natural=25, effective=25
[2026-06-18 16:54:45,768][feature_based_propensities_for_ULTR.data.runtime.aggregation][INFO] - Initializing simulator...
[2026-06-18 16:54:45,768][feature_based_propensities_for_ULTR.data.runtime.aggregation][INFO] - Aggregating train dataset...
[2026-06-18 16:54:51,986][feature_based_propensities_for_ULTR.data.runtime.aggregation][INFO] - Aggregating validation dataset...
[2026-06-18 16:54:54,560][feature_based_propensities_for_ULTR.data.runtime.aggregation][INFO] - Aggregating test dataset from labels only...
[2026-06-18 16:54:56,092][feature_based_propensities_for_ULTR.data.runtime.aggregation][INFO] - Aggregation done in 10.32 seconds
[2026-06-18 16:54:56,093][feature_based_propensities_for_ULTR.data.runtime.aggregation][INFO] - Session usage after aggregation: requested(train=8694,val=1306), actual(train=8694,val=1306,test=0)
[2026-06-18 16:54:56,093][feature_based_propensities_for_ULTR.data.runtime.aggregation][INFO] - Dataset persistence disabled; skipping aggregated dataset cache save.
[2026-06-18 16:54:56,093][feature_based_propensities_for_ULTR.experiments.ips_pipeline][INFO] - Test split uses label-only evaluation; raw test click diagnostics are skipped.
[2026-06-18 16:54:56,116][feature_based_propensities_for_ULTR.experiments.diagnostics][INFO] - [Data] train_docs=470251, val_docs=70687, test_docs=164676, cutoff=25
[2026-06-18 16:54:56,202][feature_based_propensities_for_ULTR.experiments.diagnostics][INFO] - [Train] clicks=1375, displays=147838, ctr=0.0093, ctr_per_doc=0.0093
[2026-06-18 16:54:56,285][feature_based_propensities_for_ULTR.experiments.diagnostics][INFO] - [Validation] clicks=212, displays=21999, ctr=0.0096, ctr_per_doc=0.0096
[2026-06-18 16:54:56,404][feature_based_propensities_for_ULTR.experiments.diagnostics][INFO] - [Test] clicks=0, displays=0, ctr=0.0000, ctr_per_doc=0.0000
[2026-06-18 16:54:56,404][feature_based_propensities_for_ULTR.experiments.ips_pipeline][INFO] - Running estimator pipeline with model='ips'
[2026-06-18 16:54:56,404][feature_based_propensities_for_ULTR.experiments.ips_pipeline][INFO] - Computing position bias (alpha)...
[2026-06-18 16:54:56,420][ultr_bias_toolkit.bias.intervention_harvesting.all_pairs][INFO] - Position bias estimation using global all pairs estimator
[2026-06-18 16:55:46,263][feature_based_propensities_for_ULTR.experiments.position_bias_pipeline][INFO] - Saved estimated position-bias curve to position_bias.json
[2026-06-18 16:55:46,264][feature_based_propensities_for_ULTR.experiments.ips_pipeline][INFO] - Estimated position bias in-run (estimator=global_all_pairs): [ 0.        -0.7120499 -1.2554449 -1.5652994 -1.3154991 -1.8795874
 -2.4989493 -1.9138447 -2.849792  -2.0189981 -2.4567225 -3.1379793
 -2.4613976 -3.410799  -1.8309399 -4.202913  -2.5007381 -2.5630968
 -2.8733304 -2.9069128 -1.5038576 -3.7042885 -1.2623906 -3.8129246
 -4.614208 ]
[2026-06-18 16:55:46,265][feature_based_propensities_for_ULTR.experiments.propensity_pipeline][INFO] - Computing propensity per doc (method=frequency_based)...
[2026-06-18 16:55:54,459][feature_based_propensities_for_ULTR.experiments.propensity_pipeline][INFO] - Propensity computed in 8.19 seconds
[2026-06-18 16:55:54,459][feature_based_propensities_for_ULTR.experiments.propensity_pipeline][INFO] - Alpha logits: [ 0.        -0.7120499 -1.2554449 -1.5652994 -1.3154991 -1.8795874
 -2.4989493 -1.9138447 -2.849792  -2.0189981 -2.4567225 -3.1379793
 -2.4613976 -3.410799  -1.8309399 -4.202913  -2.5007381 -2.5630968
 -2.8733304 -2.9069128 -1.5038576 -3.7042885 -1.2623906 -3.8129246
 -4.614208 ]
[2026-06-18 16:55:54,460][feature_based_propensities_for_ULTR.experiments.propensity_pipeline][INFO] - Alpha: [0.5        0.32914606 0.22175904 0.17288752 0.21156812 0.13243626
 0.07593186 0.12854953 0.05469206 0.11722262 0.07894833 0.04156755
 0.07860904 0.03195966 0.13812634 0.01473169 0.07580645 0.07155155
 0.0534878  0.05181289 0.18185088 0.02402625 0.22056262 0.02160635
 0.00981278]
[2026-06-18 16:55:54,461][feature_based_propensities_for_ULTR.experiments.propensity_pipeline][INFO] - Propensity clipping disabled.
[2026-06-18 16:55:54,461][feature_based_propensities_for_ULTR.experiments.ips_pipeline][INFO] - Computing IPS doc weights...
[2026-06-18 16:55:54,924][feature_based_propensities_for_ULTR.experiments.ips_pipeline][INFO] - Doc weights computed in 0.46 seconds
[2026-06-18 16:55:54,931][feature_based_propensities_for_ULTR.experiments.model_pipeline][INFO] - Loading trainer (trainer_type='pl-rank', n_samples=100)...
[2026-06-18 16:55:54,933][feature_based_propensities_for_ULTR.experiments.model_pipeline][INFO] - Trainer loaded in 0.00 seconds
[2026-06-18 16:55:54,933][feature_based_propensities_for_ULTR.experiments.model_pipeline][INFO] - Training model...
[2026-06-18 16:57:02,114][feature_based_propensities_for_ULTR.experiments.ips_pipeline][INFO] - Final evaluation results:
{'metrics': {'CTR': 0.8208655714988708,
             'DCG': 2.0669937133789062,
             'NCTR': 0.6602392792701721,
             'NDCG': 0.7477566599845886,
             'NDCG@25': 0.7477566599845886,
             'NRCTR': 0.6602392792701721,
             'RCTR': 0.8208655714988708}}
[2026-06-18 16:57:02,140][submitit][INFO] - Job completed successfully
[2026-06-18 16:57:02,149][submitit][INFO] - Exiting after successful completion
