[2026-06-18 16:52:31,120][feature_based_propensities_for_ULTR.experiments.config_resolver][WARNING] - test_clicks=500000 is ignored because test_set_mode='label_only'. Set test_set_mode='clicks' to enable legacy click-based test behavior.
[2026-06-18 16:52:31,126][feature_based_propensities_for_ULTR.experiments.data_pipeline][INFO] - Loading or generating click datasets...
[2026-06-18 16:53:30,813][absl][INFO] - orbax-checkpoint version: 0.11.40
[2026-06-18 16:53:30,814][absl][INFO] - save_device_host_concurrent_bytes=None
[2026-06-18 16:53:30,814][absl][INFO] - Created BasePyTreeCheckpointHandler: use_ocdbt=True, use_zarr3=False, pytree_metadata_options=PyTreeMetadataOptions(support_rich_types=False), array_metadata_store=<orbax.checkpoint._src.metadata.array_metadata_store.Store object at 0x149c73c95650>, enable_pinned_host_transfer=False, save_concurrent_bytes: 96000000000 (89.4 GiB), restore_concurrent_bytes: 96000000000 (89.4 GiB)
[2026-06-18 16:53:30,814][absl][INFO] - [thread=MainThread] Failed to get flag value for EXPERIMENTAL_ORBAX_USE_DISTRIBUTED_PROCESS_ID.
[2026-06-18 16:53:30,814][absl][INFO] - [process=0][thread=MainThread] Using barrier_sync_fn: <function get_barrier_sync_fn.<locals>.<lambda> at 0x149be0b6f9c0> timeout: 1200 secs and primary_host=0 for async checkpoint writes
[2026-06-18 16:53:30,815][absl][INFO] - [process=0] [sync] Started load checkpoint @ /gpfs/home5/sfris1/ltr_datasets/ips_datasets/logging_policy_c10000_ps1p0_pt0p5_bs1p0_drop0rel0_sessallocv2_candfullv2_topx25_maxdocs200_lprdeep_lpsegreedysampler_lppct10p0.
[2026-06-18 16:53:30,817][absl][INFO] - Restoring checkpoint from /gpfs/home5/sfris1/ltr_datasets/ips_datasets/logging_policy_c10000_ps1p0_pt0p5_bs1p0_drop0rel0_sessallocv2_candfullv2_topx25_maxdocs200_lprdeep_lpsegreedysampler_lppct10p0.
[2026-06-18 16:53:30,817][absl][INFO] - [process=0] [sync] Finished blocking load in 0.00 seconds. Continuing load @ /gpfs/home5/sfris1/ltr_datasets/ips_datasets/logging_policy_c10000_ps1p0_pt0p5_bs1p0_drop0rel0_sessallocv2_candfullv2_topx25_maxdocs200_lprdeep_lpsegreedysampler_lppct10p0.
[2026-06-18 16:53:30,833][absl][INFO] - [process=0] /jax/orbax/read/worker/io/requested throughput: 1.927 MiB/s (total gbytes: 21.4 KiB) (time elapsed: 0.010832786560058594 s) (per-host)
[2026-06-18 16:53:30,835][absl][INFO] - [process=0] /jax/checkpoint/read/gbytes_per_sec: 1.272 MiB/s (total gbytes: 21.4 KiB) (time elapsed: 0.016416549682617188 s) (per-host)
[2026-06-18 16:53:30,835][absl][INFO] - [process=0] [sync] Finished load in 0.02 seconds @ /gpfs/home5/sfris1/ltr_datasets/ips_datasets/logging_policy_c10000_ps1p0_pt0p5_bs1p0_drop0rel0_sessallocv2_candfullv2_topx25_maxdocs200_lprdeep_lpsegreedysampler_lppct10p0
[2026-06-18 16:53:35,059][feature_based_propensities_for_ULTR.experiments.data_pipeline][INFO] - Loaded click datasets in 63.93 seconds (train=7500, val=2500, test=0)
[2026-06-18 16:53:35,059][feature_based_propensities_for_ULTR.experiments.data_pipeline][INFO] - Test split is label-only by design; no test click dataset was loaded.
[2026-06-18 16:53:35,059][feature_based_propensities_for_ULTR.data.runtime.alignment][INFO] - Applying data cutoff override: configured=25, natural=25, effective=25
[2026-06-18 16:53:35,059][feature_based_propensities_for_ULTR.data.runtime.alignment][INFO] - Applying data cutoff override: configured=25, natural=25, effective=25
[2026-06-18 16:53:35,154][feature_based_propensities_for_ULTR.data.runtime.aggregation][INFO] - Initializing simulator...
[2026-06-18 16:53:35,155][feature_based_propensities_for_ULTR.data.runtime.aggregation][INFO] - Aggregating train dataset...
[2026-06-18 16:53:40,287][feature_based_propensities_for_ULTR.data.runtime.aggregation][INFO] - Aggregating validation dataset...
[2026-06-18 16:53:43,223][feature_based_propensities_for_ULTR.data.runtime.aggregation][INFO] - Aggregating test dataset from labels only...
[2026-06-18 16:53:44,180][feature_based_propensities_for_ULTR.data.runtime.aggregation][INFO] - Aggregation done in 9.03 seconds
[2026-06-18 16:53:44,181][feature_based_propensities_for_ULTR.data.runtime.aggregation][INFO] - Session usage after aggregation: requested(train=7500,val=2500), actual(train=7500,val=2500,test=0)
[2026-06-18 16:53:44,181][feature_based_propensities_for_ULTR.data.runtime.aggregation][INFO] - Dataset persistence disabled; skipping aggregated dataset cache save.
[2026-06-18 16:53:44,181][feature_based_propensities_for_ULTR.experiments.ips_pipeline][INFO] - Test split uses label-only evaluation; raw test click diagnostics are skipped.
[2026-06-18 16:53:44,234][feature_based_propensities_for_ULTR.experiments.diagnostics][INFO] - [Data] train_docs=2132810, val_docs=707814, test_docs=708921, cutoff=25
[2026-06-18 16:53:44,335][feature_based_propensities_for_ULTR.experiments.diagnostics][INFO] - [Train] clicks=738, displays=182684, ctr=0.0040, ctr_per_doc=0.0040
[2026-06-18 16:53:44,426][feature_based_propensities_for_ULTR.experiments.diagnostics][INFO] - [Validation] clicks=274, displays=60708, ctr=0.0045, ctr_per_doc=0.0045
[2026-06-18 16:53:44,516][feature_based_propensities_for_ULTR.experiments.diagnostics][INFO] - [Test] clicks=0, displays=0, ctr=0.0000, ctr_per_doc=0.0000
[2026-06-18 16:53:44,516][feature_based_propensities_for_ULTR.experiments.ips_pipeline][INFO] - Running estimator pipeline with model='dr'
[2026-06-18 16:53:44,517][feature_based_propensities_for_ULTR.experiments.ips_pipeline][INFO] - Computing position bias (alpha)...
[2026-06-18 16:53:44,534][ultr_bias_toolkit.bias.intervention_harvesting.all_pairs][INFO] - Position bias estimation using global all pairs estimator
[2026-06-18 16:54:34,899][feature_based_propensities_for_ULTR.experiments.position_bias_pipeline][INFO] - Saved estimated position-bias curve to position_bias.json
[2026-06-18 16:54:34,899][feature_based_propensities_for_ULTR.experiments.ips_pipeline][INFO] - Estimated position bias in-run (estimator=global_all_pairs): [ 0.         -3.051672   -1.0815398  -3.2383187  -1.0065982  -1.5209843
 -6.9050817  -2.9110098  -6.9077554  -3.5931942  -2.4375587  -3.0119193
 -6.9077554  -0.70444673 -1.9018131  -2.3204098  -6.9077554  -3.6490023
 -3.4206     -3.495762   -3.4719067  -6.9077554  -4.268228   -6.9077554
 -6.9077554 ]
[2026-06-18 16:54:34,900][feature_based_propensities_for_ULTR.experiments.propensity_pipeline][INFO] - Computing propensity per doc (method=true_propensity)...
[2026-06-18 16:55:02,700][feature_based_propensities_for_ULTR.experiments.propensity_pipeline][INFO] - Propensity computed in 27.80 seconds
[2026-06-18 16:55:02,701][feature_based_propensities_for_ULTR.experiments.propensity_pipeline][INFO] - Alpha logits: [ 0.         -3.051672   -1.0815398  -3.2383187  -1.0065982  -1.5209843
 -6.9050817  -2.9110098  -6.9077554  -3.5931942  -2.4375587  -3.0119193
 -6.9077554  -0.70444673 -1.9018131  -2.3204098  -6.9077554  -3.6490023
 -3.4206     -3.495762   -3.4719067  -6.9077554  -4.268228   -6.9077554
 -6.9077554 ]
[2026-06-18 16:55:02,701][feature_based_propensities_for_ULTR.experiments.propensity_pipeline][INFO] - Alpha: [0.5        0.04514535 0.25321475 0.03774892 0.2676461  0.17931662
 0.00100167 0.05161198 0.000999   0.02677376 0.08035313 0.0468903
 0.000999   0.33082706 0.12990339 0.08944667 0.000999   0.02535735
 0.03165783 0.02943305 0.03012223 0.000999   0.01381311 0.000999
 0.000999  ]
[2026-06-18 16:55:02,702][feature_based_propensities_for_ULTR.experiments.propensity_pipeline][INFO] - Propensity clipping disabled.
[2026-06-18 16:55:02,702][feature_based_propensities_for_ULTR.experiments.propensity_pipeline][INFO] - Computing propensity per doc (method=frequency_based)...
[2026-06-18 16:55:28,890][feature_based_propensities_for_ULTR.experiments.propensity_pipeline][INFO] - Propensity computed in 26.19 seconds
[2026-06-18 16:55:28,890][feature_based_propensities_for_ULTR.experiments.propensity_pipeline][INFO] - Alpha logits: [ 0.         -3.051672   -1.0815398  -3.2383187  -1.0065982  -1.5209843
 -6.9050817  -2.9110098  -6.9077554  -3.5931942  -2.4375587  -3.0119193
 -6.9077554  -0.70444673 -1.9018131  -2.3204098  -6.9077554  -3.6490023
 -3.4206     -3.495762   -3.4719067  -6.9077554  -4.268228   -6.9077554
 -6.9077554 ]
[2026-06-18 16:55:28,891][feature_based_propensities_for_ULTR.experiments.propensity_pipeline][INFO] - Alpha: [0.5        0.04514535 0.25321475 0.03774892 0.2676461  0.17931662
 0.00100167 0.05161198 0.000999   0.02677376 0.08035313 0.0468903
 0.000999   0.33082706 0.12990339 0.08944667 0.000999   0.02535735
 0.03165783 0.02943305 0.03012223 0.000999   0.01381311 0.000999
 0.000999  ]
[2026-06-18 16:55:30,068][feature_based_propensities_for_ULTR.experiments.regression_pipeline][INFO] - Training regression model for DM/DR...
[2026-06-18 16:55:37,668][feature_based_propensities_for_ULTR.experiments.regression_pipeline][INFO] - Regression epoch 3: train_loss=0.418587 val_loss=0.414262
[2026-06-18 16:55:44,223][feature_based_propensities_for_ULTR.experiments.regression_pipeline][INFO] - Regression epoch 6: train_loss=0.403123 val_loss=0.402535
[2026-06-18 16:55:50,794][feature_based_propensities_for_ULTR.experiments.regression_pipeline][INFO] - Regression epoch 9: train_loss=0.398725 val_loss=0.408941
[2026-06-18 16:55:56,998][feature_based_propensities_for_ULTR.experiments.ips_pipeline][INFO] - Computing DR doc weights...
[2026-06-18 16:55:57,027][feature_based_propensities_for_ULTR.experiments.ips_pipeline][INFO] - Doc weights computed in 0.03 seconds
[2026-06-18 16:55:57,037][feature_based_propensities_for_ULTR.experiments.model_pipeline][INFO] - Loading trainer (trainer_type='pl-rank', n_samples=100)...
[2026-06-18 16:55:57,040][feature_based_propensities_for_ULTR.experiments.model_pipeline][INFO] - Trainer loaded in 0.00 seconds
[2026-06-18 16:55:57,040][feature_based_propensities_for_ULTR.experiments.model_pipeline][INFO] - Training model...
[2026-06-18 17:35:56,792][feature_based_propensities_for_ULTR.experiments.ips_pipeline][INFO] - Final evaluation results:
{'metrics': {'CTR': 0.42014676332473755,
             'DCG': 1.5090919733047485,
             'NCTR': 0.3256661295890808,
             'NDCG': 0.39305052161216736,
             'NDCG@25': 0.39305052161216736,
             'NRCTR': 0.3256661295890808,
             'RCTR': 0.42014676332473755}}
[2026-06-18 17:35:56,822][submitit][INFO] - Job completed successfully
[2026-06-18 17:35:56,832][submitit][INFO] - Exiting after successful completion
