[2026-03-18 22:27:18,247][jax._src.xla_bridge][ERROR] - Jax plugin configuration error: Exception when calling jax_plugins.xla_cuda12.initialize()
Traceback (most recent call last):
  File "/gpfs/home5/sfris1/two-towers-confounding-project/.venv/lib/python3.11/site-packages/jax/_src/xla_bridge.py", line 485, in discover_pjrt_plugins
    plugin_module.initialize()
  File "/gpfs/home5/sfris1/two-towers-confounding-project/.venv/lib/python3.11/site-packages/jax_plugins/xla_cuda12/__init__.py", line 328, in initialize
    _check_cuda_versions(raise_on_first_error=True)
  File "/gpfs/home5/sfris1/two-towers-confounding-project/.venv/lib/python3.11/site-packages/jax_plugins/xla_cuda12/__init__.py", line 285, in _check_cuda_versions
    local_device_count = cuda_versions.cuda_device_count()
                         ^^^^^^^^^^^^^^^^^^^^^^^^^^^^^^^^^
RuntimeError: jaxlib/cuda/versions_helpers.cc:113: operation cuInit(0) failed: CUDA_ERROR_NO_DEVICE
[2026-03-18 22:27:19,412][two_tower_confounding.experiments.ips_pipeline][WARNING] - wandb.init failed (Error uploading run: returned error 403: {"data":{"upsertBucket":null},"errors":[{"message":"permission denied","path":["upsertBucket"],"extensions":{"code":"PERMISSION_ERROR"}}]}). Continuing with local logging only.
[2026-03-18 22:27:19,412][two_tower_confounding.experiments.ips_pipeline][WARNING] - Disabling wandb for trainer components because initialization failed.
[2026-03-18 22:27:19,413][two_tower_confounding.experiments.config_resolver][WARNING] - test_clicks=500000 is ignored because test_set_mode='label_only'. Set test_set_mode='clicks' to enable legacy click-based test behavior.
[2026-03-18 22:27:19,420][two_tower_confounding.experiments.data_pipeline][INFO] - Loading or generating click datasets...
[2026-03-18 22:27:43,296][absl][INFO] - orbax-checkpoint version: 0.11.25
[2026-03-18 22:27:43,297][absl][INFO] - Created BasePyTreeCheckpointHandler: use_ocdbt=True, use_zarr3=False, pytree_metadata_options=PyTreeMetadataOptions(support_rich_types=False), array_metadata_store=<orbax.checkpoint._src.metadata.array_metadata_store.Store object at 0x15147da7ec90>, enable_pinned_host_transfer=False, save_concurrent_bytes: 96000000000 (89.4 GiB), restore_concurrent_bytes: 96000000000 (89.4 GiB)
[2026-03-18 22:27:43,297][absl][INFO] - [thread=MainThread] Failed to get flag value for EXPERIMENTAL_ORBAX_USE_DISTRIBUTED_PROCESS_ID.
[2026-03-18 22:27:43,297][absl][INFO] - [process=0][thread=MainThread] Using barrier_sync_fn: <function get_barrier_sync_fn.<locals>.<lambda> at 0x1512c17fb600> timeout: 600 secs and primary_host=0 for async checkpoint writes
[2026-03-18 22:27:43,299][absl][INFO] - Restoring checkpoint from /gpfs/home5/sfris1/ltr_datasets/ips_datasets/logging_policy_c100000_ps1p0_pt0p5_bs1p0_drop0rel0_sessallocv2_candfullv2_topx25_maxdocs80_lprdeep_lpsegreedysampler_lppct10p0.
[2026-03-18 22:27:43,323][absl][INFO] - [process=0] /jax/checkpoint/read/gbytes_per_sec: 0 Bytes/s (total gbytes: 91.8 KiB) (time elapsed: 21 milliseconds) (per-host)
[2026-03-18 22:27:43,323][absl][INFO] - Finished restoring checkpoint in 0.03 seconds from /gpfs/home5/sfris1/ltr_datasets/ips_datasets/logging_policy_c100000_ps1p0_pt0p5_bs1p0_drop0rel0_sessallocv2_candfullv2_topx25_maxdocs80_lprdeep_lpsegreedysampler_lppct10p0.
[2026-03-18 22:27:55,187][two_tower_confounding.experiments.data_pipeline][INFO] - Loaded click datasets in 35.77 seconds (train=86947, val=13053, test=0)
[2026-03-18 22:27:55,187][two_tower_confounding.experiments.data_pipeline][INFO] - Test split is label-only by design; no test click dataset was loaded.
[2026-03-18 22:27:55,188][two_tower_confounding.data.runtime.aggregation][INFO] - Applying data cutoff override: configured=25, natural=25, effective=25
[2026-03-18 22:27:55,314][two_tower_confounding.data.runtime.aggregation][INFO] - Initializing simulator...
[2026-03-18 22:27:55,315][two_tower_confounding.data.runtime.aggregation][INFO] - Aggregating train dataset...
[2026-03-18 22:28:01,818][two_tower_confounding.data.runtime.aggregation][INFO] - Aggregating validation dataset...
[2026-03-18 22:28:05,154][two_tower_confounding.data.runtime.aggregation][INFO] - Aggregating test dataset from labels only...
[2026-03-18 22:28:06,991][two_tower_confounding.data.runtime.aggregation][INFO] - Aggregation done in 11.68 seconds
[2026-03-18 22:28:06,991][two_tower_confounding.data.runtime.aggregation][INFO] - Session usage after aggregation: requested(train=86947,val=13053), actual(train=86947,val=13053,test=0)
[2026-03-18 22:28:06,991][two_tower_confounding.data.runtime.aggregation][INFO] - Dataset persistence disabled; skipping aggregated dataset cache save.
[2026-03-18 22:28:06,992][two_tower_confounding.experiments.ips_pipeline][INFO] - Test split uses label-only evaluation; raw test click diagnostics are skipped.
[2026-03-18 22:28:07,020][two_tower_confounding.experiments.diagnostics][INFO] - [Data] train_docs=470251, val_docs=70687, test_docs=164676, cutoff=25
[2026-03-18 22:28:07,093][two_tower_confounding.experiments.diagnostics][INFO] - [Train] clicks=13302, displays=1470025, ctr=0.0090, ctr_per_doc=0.0090
[2026-03-18 22:28:07,165][two_tower_confounding.experiments.diagnostics][INFO] - [Validation] clicks=1911, displays=218279, ctr=0.0088, ctr_per_doc=0.0088
[2026-03-18 22:28:07,238][two_tower_confounding.experiments.diagnostics][INFO] - [Test] clicks=0, displays=0, ctr=0.0000, ctr_per_doc=0.0000
[2026-03-18 22:28:07,238][two_tower_confounding.experiments.ips_pipeline][INFO] - Running estimator pipeline with model='dm'
[2026-03-18 22:28:07,238][two_tower_confounding.experiments.ips_pipeline][INFO] - Computing position bias (alpha)...
[2026-03-18 22:28:07,301][two_tower_confounding.experiments.propensity_pipeline][INFO] - Computing propensity per doc (method=frequency_based)...
[2026-03-18 22:29:08,074][two_tower_confounding.experiments.propensity_pipeline][INFO] - Propensity computed in 60.77 seconds
[2026-03-18 22:29:08,074][two_tower_confounding.experiments.propensity_pipeline][INFO] - Alpha logits: [-0.        -0.6931472 -1.0986123 -1.3862944 -1.609438  -1.7917595
 -1.9459101 -2.0794415 -2.1972246 -2.3025851 -2.3978953 -2.4849067
 -2.5649493 -2.6390574 -2.7080503 -2.7725887 -2.8332133 -2.8903718
 -2.944439  -2.9957323 -3.0445225 -3.0910425 -3.1354942 -3.1780539
 -3.218876 ]
[2026-03-18 22:29:08,075][two_tower_confounding.experiments.propensity_pipeline][INFO] - Alpha: [0.5        0.33333334 0.25       0.2        0.16666667 0.14285715
 0.12500001 0.11111111 0.1        0.09090909 0.08333333 0.07692308
 0.07142857 0.06666666 0.0625     0.05882353 0.05555556 0.05263158
 0.05       0.04761905 0.04545454 0.04347826 0.04166667 0.04
 0.03846154]
[2026-03-18 22:29:08,076][two_tower_confounding.experiments.propensity_pipeline][INFO] - Propensity clipping disabled.
[2026-03-18 22:29:10,397][two_tower_confounding.experiments.regression_pipeline][INFO] - Training regression model for DM/DR...
[2026-03-18 22:29:34,404][two_tower_confounding.experiments.regression_pipeline][INFO] - Regression epoch 3: train_loss=0.191075 val_loss=0.184826
[2026-03-18 22:29:53,589][two_tower_confounding.experiments.regression_pipeline][INFO] - Regression epoch 6: train_loss=0.189205 val_loss=0.176644
[2026-03-18 22:30:12,325][two_tower_confounding.experiments.regression_pipeline][INFO] - Regression epoch 9: train_loss=0.186905 val_loss=0.179079
[2026-03-18 22:30:16,975][two_tower_confounding.experiments.ips_pipeline][INFO] - Computing DM doc weights...
[2026-03-18 22:30:16,975][two_tower_confounding.experiments.ips_pipeline][INFO] - Doc weights computed in 0.00 seconds
[2026-03-18 22:30:16,980][two_tower_confounding.experiments.model_pipeline][INFO] - Loading trainer (trainer_type='pl-rank', n_samples=100)...
[2026-03-18 22:30:16,982][two_tower_confounding.experiments.model_pipeline][INFO] - Trainer loaded in 0.00 seconds
[2026-03-18 22:30:16,982][two_tower_confounding.experiments.model_pipeline][INFO] - Training model...
[2026-03-18 22:40:00,042][two_tower_confounding.experiments.ips_pipeline][INFO] - Final evaluation results:
{'metrics': {'CTR': 0.8604697585105896,
             'DCG': 2.160773754119873,
             'NCTR': 0.7354673147201538,
             'NDCG': 0.7784020304679871,
             'NDCG@25': 0.7784020304679871,
             'NRCTR': 0.7354673147201538,
             'RCTR': 0.8604697585105896}}
[2026-03-18 22:40:00,096][submitit][INFO] - Job completed successfully
[2026-03-18 22:40:00,108][submitit][INFO] - Exiting after successful completion
