[2026-06-18 16:59:29,647][feature_based_propensities_for_ULTR.experiments.config_resolver][WARNING] - test_clicks=500000 is ignored because test_set_mode='label_only'. Set test_set_mode='clicks' to enable legacy click-based test behavior.
[2026-06-18 16:59:29,652][feature_based_propensities_for_ULTR.experiments.data_pipeline][INFO] - Loading or generating click datasets...
[2026-06-18 17:00:57,686][absl][INFO] - orbax-checkpoint version: 0.11.40
[2026-06-18 17:00:57,686][absl][INFO] - save_device_host_concurrent_bytes=None
[2026-06-18 17:00:57,687][absl][INFO] - Created BasePyTreeCheckpointHandler: use_ocdbt=True, use_zarr3=False, pytree_metadata_options=PyTreeMetadataOptions(support_rich_types=False), array_metadata_store=<orbax.checkpoint._src.metadata.array_metadata_store.Store object at 0x14b75044b7d0>, enable_pinned_host_transfer=False, save_concurrent_bytes: 96000000000 (89.4 GiB), restore_concurrent_bytes: 96000000000 (89.4 GiB)
[2026-06-18 17:00:57,687][absl][INFO] - [thread=MainThread] Failed to get flag value for EXPERIMENTAL_ORBAX_USE_DISTRIBUTED_PROCESS_ID.
[2026-06-18 17:00:57,687][absl][INFO] - [process=0][thread=MainThread] Using barrier_sync_fn: <function get_barrier_sync_fn.<locals>.<lambda> at 0x14b6a3b43920> timeout: 1200 secs and primary_host=0 for async checkpoint writes
[2026-06-18 17:00:57,688][absl][INFO] - [process=0] [sync] Started load checkpoint @ /gpfs/home5/sfris1/ltr_datasets/ips_datasets/istella_logging_policy_c10000_ps1p0_pt0p5_bs1p0_drop0rel0_sessallocv2_candfullv2_topx25_maxdocs200_lprdeep_lpsegreedysampler_lppct10p0.
[2026-06-18 17:00:57,690][absl][INFO] - Restoring checkpoint from /gpfs/home5/sfris1/ltr_datasets/ips_datasets/istella_logging_policy_c10000_ps1p0_pt0p5_bs1p0_drop0rel0_sessallocv2_candfullv2_topx25_maxdocs200_lprdeep_lpsegreedysampler_lppct10p0.
[2026-06-18 17:00:57,691][absl][INFO] - [process=0] [sync] Finished blocking load in 0.00 seconds. Continuing load @ /gpfs/home5/sfris1/ltr_datasets/ips_datasets/istella_logging_policy_c10000_ps1p0_pt0p5_bs1p0_drop0rel0_sessallocv2_candfullv2_topx25_maxdocs200_lprdeep_lpsegreedysampler_lppct10p0.
[2026-06-18 17:00:57,708][absl][INFO] - [process=0] /jax/orbax/read/worker/io/requested throughput: 2.644 MiB/s (total gbytes: 31.6 KiB) (time elapsed: 0.011680364608764648 s) (per-host)
[2026-06-18 17:00:57,710][absl][INFO] - [process=0] /jax/checkpoint/read/gbytes_per_sec: 1.703 MiB/s (total gbytes: 31.6 KiB) (time elapsed: 0.018139362335205078 s) (per-host)
[2026-06-18 17:00:57,710][absl][INFO] - [process=0] [sync] Finished load in 0.02 seconds @ /gpfs/home5/sfris1/ltr_datasets/ips_datasets/istella_logging_policy_c10000_ps1p0_pt0p5_bs1p0_drop0rel0_sessallocv2_candfullv2_topx25_maxdocs200_lprdeep_lpsegreedysampler_lppct10p0
[2026-06-18 17:01:02,791][feature_based_propensities_for_ULTR.experiments.data_pipeline][INFO] - Loaded click datasets in 93.14 seconds (train=7274, val=2726, test=0)
[2026-06-18 17:01:02,792][feature_based_propensities_for_ULTR.experiments.data_pipeline][INFO] - Test split is label-only by design; no test click dataset was loaded.
[2026-06-18 17:01:02,792][feature_based_propensities_for_ULTR.data.runtime.alignment][INFO] - Applying data cutoff override: configured=25, natural=25, effective=25
[2026-06-18 17:01:02,792][feature_based_propensities_for_ULTR.data.runtime.alignment][INFO] - Applying data cutoff override: configured=25, natural=25, effective=25
[2026-06-18 17:01:02,884][feature_based_propensities_for_ULTR.data.runtime.aggregation][INFO] - Initializing simulator...
[2026-06-18 17:01:02,885][feature_based_propensities_for_ULTR.data.runtime.aggregation][INFO] - Aggregating train dataset...
[2026-06-18 17:01:09,275][feature_based_propensities_for_ULTR.data.runtime.aggregation][INFO] - Aggregating validation dataset...
[2026-06-18 17:01:12,490][feature_based_propensities_for_ULTR.data.runtime.aggregation][INFO] - Aggregating test dataset from labels only...
[2026-06-18 17:01:13,866][feature_based_propensities_for_ULTR.data.runtime.aggregation][INFO] - Aggregation done in 10.98 seconds
[2026-06-18 17:01:13,866][feature_based_propensities_for_ULTR.data.runtime.aggregation][INFO] - Session usage after aggregation: requested(train=7274,val=2726), actual(train=7274,val=2726,test=0)
[2026-06-18 17:01:13,866][feature_based_propensities_for_ULTR.data.runtime.aggregation][INFO] - Dataset persistence disabled; skipping aggregated dataset cache save.
[2026-06-18 17:01:13,866][feature_based_propensities_for_ULTR.experiments.ips_pipeline][INFO] - Test split uses label-only evaluation; raw test click diagnostics are skipped.
[2026-06-18 17:01:13,918][feature_based_propensities_for_ULTR.experiments.diagnostics][INFO] - [Data] train_docs=2043304, val_docs=684076, test_docs=681250, cutoff=25
[2026-06-18 17:01:14,013][feature_based_propensities_for_ULTR.experiments.diagnostics][INFO] - [Train] clicks=1646, displays=181052, ctr=0.0091, ctr_per_doc=0.0091
[2026-06-18 17:01:14,100][feature_based_propensities_for_ULTR.experiments.diagnostics][INFO] - [Validation] clicks=623, displays=67655, ctr=0.0092, ctr_per_doc=0.0092
[2026-06-18 17:01:14,186][feature_based_propensities_for_ULTR.experiments.diagnostics][INFO] - [Test] clicks=0, displays=0, ctr=0.0000, ctr_per_doc=0.0000
[2026-06-18 17:01:14,186][feature_based_propensities_for_ULTR.experiments.ips_pipeline][INFO] - Running estimator pipeline with model='ips'
[2026-06-18 17:01:14,186][feature_based_propensities_for_ULTR.experiments.ips_pipeline][INFO] - Computing position bias (alpha)...
[2026-06-18 17:01:14,207][ultr_bias_toolkit.bias.intervention_harvesting.all_pairs][INFO] - Position bias estimation using global all pairs estimator
[2026-06-18 17:02:02,922][feature_based_propensities_for_ULTR.experiments.position_bias_pipeline][INFO] - Saved estimated position-bias curve to position_bias.json
[2026-06-18 17:02:02,922][feature_based_propensities_for_ULTR.experiments.ips_pipeline][INFO] - Estimated position bias in-run (estimator=global_all_pairs): [ 0.         -0.54983354 -0.7768154  -1.0748197  -1.9222038  -1.8503684
 -0.97548217 -2.0106804  -1.4816438  -6.9077554  -2.4814725  -6.9077554
 -2.6967363  -2.2984369  -1.6838431  -2.4781702  -2.7365806  -1.5051335
 -6.9077554  -3.1280887  -2.0496736  -6.3111215  -2.5601983  -1.910765
 -3.5358133 ]
[2026-06-18 17:02:02,923][feature_based_propensities_for_ULTR.experiments.propensity_pipeline][INFO] - Computing propensity per doc (method=true_propensity)...
[2026-06-18 17:02:29,233][feature_based_propensities_for_ULTR.experiments.propensity_pipeline][INFO] - Propensity computed in 26.31 seconds
[2026-06-18 17:02:29,233][feature_based_propensities_for_ULTR.experiments.propensity_pipeline][INFO] - Alpha logits: [ 0.         -0.54983354 -0.7768154  -1.0748197  -1.9222038  -1.8503684
 -0.97548217 -2.0106804  -1.4816438  -6.9077554  -2.4814725  -6.9077554
 -2.6967363  -2.2984369  -1.6838431  -2.4781702  -2.7365806  -1.5051335
 -6.9077554  -3.1280887  -2.0496736  -6.3111215  -2.5601983  -1.910765
 -3.5358133 ]
[2026-06-18 17:02:29,234][feature_based_propensities_for_ULTR.experiments.propensity_pipeline][INFO] - Alpha: [0.5        0.36590302 0.31500664 0.25448757 0.12761602 0.13582964
 0.27378914 0.11808609 0.18517926 0.000999   0.07716727 0.000999
 0.06316621 0.0912525  0.15658724 0.07740278 0.06084902 0.18166113
 0.000999   0.04196338 0.11408538 0.0018127  0.07174434 0.12889493
 0.02831023]
[2026-06-18 17:02:29,234][feature_based_propensities_for_ULTR.experiments.propensity_pipeline][INFO] - Propensity clipping disabled.
[2026-06-18 17:02:29,234][feature_based_propensities_for_ULTR.experiments.ips_pipeline][INFO] - Computing IPS doc weights...
[2026-06-18 17:02:29,744][feature_based_propensities_for_ULTR.experiments.ips_pipeline][INFO] - Doc weights computed in 0.51 seconds
[2026-06-18 17:02:29,792][feature_based_propensities_for_ULTR.experiments.model_pipeline][INFO] - Loading trainer (trainer_type='pl-rank', n_samples=100)...
[2026-06-18 17:02:29,794][feature_based_propensities_for_ULTR.experiments.model_pipeline][INFO] - Trainer loaded in 0.00 seconds
[2026-06-18 17:02:29,794][feature_based_propensities_for_ULTR.experiments.model_pipeline][INFO] - Training model...
[2026-06-18 17:08:05,377][feature_based_propensities_for_ULTR.experiments.ips_pipeline][INFO] - Final evaluation results:
{'metrics': {'CTR': 1.0115286111831665,
             'DCG': 2.20046067237854,
             'NCTR': 0.5405074954032898,
             'NDCG': 0.6392509937286377,
             'NDCG@25': 0.6392509937286377,
             'NRCTR': 0.5405074954032898,
             'RCTR': 1.0115286111831665}}
[2026-06-18 17:08:05,425][submitit][INFO] - Job completed successfully
[2026-06-18 17:08:05,433][submitit][INFO] - Exiting after successful completion
