[2026-06-18 15:30:58,710][feature_based_propensities_for_ULTR.experiments.config_resolver][WARNING] - test_clicks=500000 is ignored because test_set_mode='label_only'. Set test_set_mode='clicks' to enable legacy click-based test behavior.
[2026-06-18 15:30:58,716][feature_based_propensities_for_ULTR.experiments.data_pipeline][INFO] - Loading or generating click datasets...
[2026-06-18 15:31:22,409][absl][INFO] - orbax-checkpoint version: 0.11.40
[2026-06-18 15:31:22,410][absl][INFO] - save_device_host_concurrent_bytes=None
[2026-06-18 15:31:22,410][absl][INFO] - Created BasePyTreeCheckpointHandler: use_ocdbt=True, use_zarr3=False, pytree_metadata_options=PyTreeMetadataOptions(support_rich_types=False), array_metadata_store=<orbax.checkpoint._src.metadata.array_metadata_store.Store object at 0x147f78f0eed0>, enable_pinned_host_transfer=False, save_concurrent_bytes: 96000000000 (89.4 GiB), restore_concurrent_bytes: 96000000000 (89.4 GiB)
[2026-06-18 15:31:22,410][absl][INFO] - [thread=MainThread] Failed to get flag value for EXPERIMENTAL_ORBAX_USE_DISTRIBUTED_PROCESS_ID.
[2026-06-18 15:31:22,410][absl][INFO] - [process=0][thread=MainThread] Using barrier_sync_fn: <function get_barrier_sync_fn.<locals>.<lambda> at 0x147ee904f880> timeout: 1200 secs and primary_host=0 for async checkpoint writes
[2026-06-18 15:31:22,411][absl][INFO] - [process=0] [sync] Started load checkpoint @ /gpfs/home5/sfris1/ltr_datasets/ips_datasets/logging_policy_c10000_ps1p0_pt0p5_bs1p0_drop0rel0_sessallocv2_candfullv2_topx25_maxdocs80_lprdeep_lpsegreedysampler_lppct10p0.
[2026-06-18 15:31:22,413][absl][INFO] - Restoring checkpoint from /gpfs/home5/sfris1/ltr_datasets/ips_datasets/logging_policy_c10000_ps1p0_pt0p5_bs1p0_drop0rel0_sessallocv2_candfullv2_topx25_maxdocs80_lprdeep_lpsegreedysampler_lppct10p0.
[2026-06-18 15:31:22,413][absl][INFO] - [process=0] [sync] Finished blocking load in 0.00 seconds. Continuing load @ /gpfs/home5/sfris1/ltr_datasets/ips_datasets/logging_policy_c10000_ps1p0_pt0p5_bs1p0_drop0rel0_sessallocv2_candfullv2_topx25_maxdocs80_lprdeep_lpsegreedysampler_lppct10p0.
[2026-06-18 15:31:22,429][absl][INFO] - [process=0] /jax/orbax/read/worker/io/requested throughput: 8.326 MiB/s (total gbytes: 91.8 KiB) (time elapsed: 0.01076197624206543 s) (per-host)
[2026-06-18 15:31:22,430][absl][INFO] - [process=0] /jax/checkpoint/read/gbytes_per_sec: 5.497 MiB/s (total gbytes: 91.8 KiB) (time elapsed: 0.016301393508911133 s) (per-host)
[2026-06-18 15:31:22,430][absl][INFO] - [process=0] [sync] Finished load in 0.02 seconds @ /gpfs/home5/sfris1/ltr_datasets/ips_datasets/logging_policy_c10000_ps1p0_pt0p5_bs1p0_drop0rel0_sessallocv2_candfullv2_topx25_maxdocs80_lprdeep_lpsegreedysampler_lppct10p0
[2026-06-18 15:31:26,631][feature_based_propensities_for_ULTR.experiments.data_pipeline][INFO] - Loaded click datasets in 27.92 seconds (train=8694, val=1306, test=0)
[2026-06-18 15:31:26,631][feature_based_propensities_for_ULTR.experiments.data_pipeline][INFO] - Test split is label-only by design; no test click dataset was loaded.
[2026-06-18 15:31:26,631][feature_based_propensities_for_ULTR.data.runtime.alignment][INFO] - Applying data cutoff override: configured=25, natural=25, effective=25
[2026-06-18 15:31:26,632][feature_based_propensities_for_ULTR.data.runtime.alignment][INFO] - Applying data cutoff override: configured=25, natural=25, effective=25
[2026-06-18 15:31:26,721][feature_based_propensities_for_ULTR.data.runtime.aggregation][INFO] - Initializing simulator...
[2026-06-18 15:31:26,721][feature_based_propensities_for_ULTR.data.runtime.aggregation][INFO] - Aggregating train dataset...
[2026-06-18 15:31:32,860][feature_based_propensities_for_ULTR.data.runtime.aggregation][INFO] - Aggregating validation dataset...
[2026-06-18 15:31:35,336][feature_based_propensities_for_ULTR.data.runtime.aggregation][INFO] - Aggregating test dataset from labels only...
[2026-06-18 15:31:36,912][feature_based_propensities_for_ULTR.data.runtime.aggregation][INFO] - Aggregation done in 10.19 seconds
[2026-06-18 15:31:36,912][feature_based_propensities_for_ULTR.data.runtime.aggregation][INFO] - Session usage after aggregation: requested(train=8694,val=1306), actual(train=8694,val=1306,test=0)
[2026-06-18 15:31:36,912][feature_based_propensities_for_ULTR.data.runtime.aggregation][INFO] - Dataset persistence disabled; skipping aggregated dataset cache save.
[2026-06-18 15:31:36,912][feature_based_propensities_for_ULTR.experiments.ips_pipeline][INFO] - Test split uses label-only evaluation; raw test click diagnostics are skipped.
[2026-06-18 15:31:36,934][feature_based_propensities_for_ULTR.experiments.diagnostics][INFO] - [Data] train_docs=470251, val_docs=70687, test_docs=164676, cutoff=25
[2026-06-18 15:31:37,020][feature_based_propensities_for_ULTR.experiments.diagnostics][INFO] - [Train] clicks=1369, displays=146910, ctr=0.0093, ctr_per_doc=0.0093
[2026-06-18 15:31:37,100][feature_based_propensities_for_ULTR.experiments.diagnostics][INFO] - [Validation] clicks=193, displays=21763, ctr=0.0089, ctr_per_doc=0.0089
[2026-06-18 15:31:37,214][feature_based_propensities_for_ULTR.experiments.diagnostics][INFO] - [Test] clicks=0, displays=0, ctr=0.0000, ctr_per_doc=0.0000
[2026-06-18 15:31:37,215][feature_based_propensities_for_ULTR.experiments.ips_pipeline][INFO] - Running estimator pipeline with model='ips'
[2026-06-18 15:31:37,215][feature_based_propensities_for_ULTR.experiments.ips_pipeline][INFO] - Computing position bias (alpha)...
[2026-06-18 15:31:37,231][ultr_bias_toolkit.bias.intervention_harvesting.all_pairs][INFO] - Position bias estimation using global all pairs estimator
[2026-06-18 15:32:26,731][feature_based_propensities_for_ULTR.experiments.position_bias_pipeline][INFO] - Saved estimated position-bias curve to position_bias.json
[2026-06-18 15:32:26,732][feature_based_propensities_for_ULTR.experiments.ips_pipeline][INFO] - Estimated position bias in-run (estimator=global_all_pairs): [ 0.        -0.8969607 -1.346573  -1.1080608 -1.9631684 -1.9727378
 -2.243505  -3.2977023 -2.246512  -2.444113  -3.3506837 -3.448058
 -2.8737617 -1.9344801 -2.421198  -4.9293942 -3.2214706 -3.4670477
 -3.3981175 -2.3113458 -3.2243407 -4.408508  -3.7679052 -6.9077554
 -3.3224099]
[2026-06-18 15:32:26,733][feature_based_propensities_for_ULTR.experiments.propensity_pipeline][INFO] - Computing propensity per doc (method=true_propensity)...
[2026-06-18 15:32:34,844][feature_based_propensities_for_ULTR.experiments.propensity_pipeline][INFO] - Propensity computed in 8.11 seconds
[2026-06-18 15:32:34,845][feature_based_propensities_for_ULTR.experiments.propensity_pipeline][INFO] - Alpha logits: [ 0.        -0.8969607 -1.346573  -1.1080608 -1.9631684 -1.9727378
 -2.243505  -3.2977023 -2.246512  -2.444113  -3.3506837 -3.448058
 -2.8737617 -1.9344801 -2.421198  -4.9293942 -3.2214706 -3.4670477
 -3.3981175 -2.3113458 -3.2243407 -4.408508  -3.7679052 -6.9077554
 -3.3224099]
[2026-06-18 15:32:34,846][feature_based_propensities_for_ULTR.experiments.propensity_pipeline][INFO] - Alpha: [0.5        0.28967547 0.20643121 0.24823259 0.12312457 0.12209513
 0.09591118 0.03565009 0.09565077 0.07987012 0.03387278 0.03082683
 0.05346597 0.12625553 0.08157047 0.00717897 0.03836569 0.03026451
 0.03235435 0.09018766 0.03825994 0.01202692 0.02257882 0.000999
 0.03481035]
[2026-06-18 15:32:34,846][feature_based_propensities_for_ULTR.experiments.propensity_pipeline][INFO] - Propensity clipping disabled.
[2026-06-18 15:32:34,846][feature_based_propensities_for_ULTR.experiments.ips_pipeline][INFO] - Computing IPS doc weights...
[2026-06-18 15:32:35,308][feature_based_propensities_for_ULTR.experiments.ips_pipeline][INFO] - Doc weights computed in 0.46 seconds
[2026-06-18 15:32:35,320][feature_based_propensities_for_ULTR.experiments.model_pipeline][INFO] - Loading trainer (trainer_type='pl-rank', n_samples=100)...
[2026-06-18 15:32:35,322][feature_based_propensities_for_ULTR.experiments.model_pipeline][INFO] - Trainer loaded in 0.00 seconds
[2026-06-18 15:32:35,322][feature_based_propensities_for_ULTR.experiments.model_pipeline][INFO] - Training model...
[2026-06-18 15:33:40,872][feature_based_propensities_for_ULTR.experiments.ips_pipeline][INFO] - Final evaluation results:
{'metrics': {'CTR': 0.7147542238235474,
             'DCG': 2.079817533493042,
             'NCTR': 0.6687271595001221,
             'NDCG': 0.7523213028907776,
             'NDCG@25': 0.7523213028907776,
             'NRCTR': 0.6687271595001221,
             'RCTR': 0.7147542238235474}}
[2026-06-18 15:33:40,897][submitit][INFO] - Job completed successfully
[2026-06-18 15:33:40,907][submitit][INFO] - Exiting after successful completion
