[2026-05-05 10:56:52,605][two_tower_confounding.experiments.config_resolver][WARNING] - test_clicks=500000 is ignored because test_set_mode='label_only'. Set test_set_mode='clicks' to enable legacy click-based test behavior.
[2026-05-05 10:56:52,611][two_tower_confounding.experiments.data_pipeline][INFO] - Loading or generating click datasets...
[2026-05-05 10:58:25,740][absl][INFO] - orbax-checkpoint version: 0.11.37
[2026-05-05 10:58:25,741][absl][INFO] - save_device_host_concurrent_bytes=None
[2026-05-05 10:58:25,741][absl][INFO] - Created BasePyTreeCheckpointHandler: use_ocdbt=True, use_zarr3=False, pytree_metadata_options=PyTreeMetadataOptions(support_rich_types=False), array_metadata_store=<orbax.checkpoint._src.metadata.array_metadata_store.Store object at 0x151488561c50>, enable_pinned_host_transfer=False, save_concurrent_bytes: 96000000000 (89.4 GiB), restore_concurrent_bytes: 96000000000 (89.4 GiB)
[2026-05-05 10:58:25,741][absl][INFO] - [thread=MainThread] Failed to get flag value for EXPERIMENTAL_ORBAX_USE_DISTRIBUTED_PROCESS_ID.
[2026-05-05 10:58:25,742][absl][INFO] - [process=0][thread=MainThread] Using barrier_sync_fn: <function get_barrier_sync_fn.<locals>.<lambda> at 0x1513cd2c98a0> timeout: 1200 secs and primary_host=0 for async checkpoint writes
[2026-05-05 10:58:25,742][absl][INFO] - [process=0] [sync] Started load checkpoint @ /gpfs/home5/sfris1/ltr_datasets/ips_datasets/istella_logging_policy_c10000_ps1p0_pt0p5_bs1p0_drop0rel0_sessallocv2_candfullv2_topx25_maxdocs200_lprdeep_lpsegreedysampler_lppct10p0.
[2026-05-05 10:58:25,745][absl][INFO] - Restoring checkpoint from /gpfs/home5/sfris1/ltr_datasets/ips_datasets/istella_logging_policy_c10000_ps1p0_pt0p5_bs1p0_drop0rel0_sessallocv2_candfullv2_topx25_maxdocs200_lprdeep_lpsegreedysampler_lppct10p0.
[2026-05-05 10:58:25,746][absl][INFO] - [process=0] [sync] Finished blocking load in 0.00 seconds. Continuing load @ /gpfs/home5/sfris1/ltr_datasets/ips_datasets/istella_logging_policy_c10000_ps1p0_pt0p5_bs1p0_drop0rel0_sessallocv2_candfullv2_topx25_maxdocs200_lprdeep_lpsegreedysampler_lppct10p0.
[2026-05-05 10:58:25,762][absl][INFO] - [process=0] /jax/orbax/read/worker/io/requested throughput: 2.770 MiB/s (total gbytes: 31.6 KiB) (time elapsed: 0.01115274429321289 s) (per-host)
[2026-05-05 10:58:25,763][absl][INFO] - [process=0] /jax/checkpoint/read/gbytes_per_sec: 1.828 MiB/s (total gbytes: 31.6 KiB) (time elapsed: 0.016896724700927734 s) (per-host)
[2026-05-05 10:58:25,764][absl][INFO] - [process=0] [sync] Finished load in 0.02 seconds @ /gpfs/home5/sfris1/ltr_datasets/ips_datasets/istella_logging_policy_c10000_ps1p0_pt0p5_bs1p0_drop0rel0_sessallocv2_candfullv2_topx25_maxdocs200_lprdeep_lpsegreedysampler_lppct10p0
[2026-05-05 10:58:30,683][two_tower_confounding.experiments.data_pipeline][INFO] - Loaded click datasets in 98.07 seconds (train=7274, val=2726, test=0)
[2026-05-05 10:58:30,683][two_tower_confounding.experiments.data_pipeline][INFO] - Test split is label-only by design; no test click dataset was loaded.
[2026-05-05 10:58:30,684][two_tower_confounding.data.runtime.alignment][INFO] - Applying data cutoff override: configured=25, natural=25, effective=25
[2026-05-05 10:58:30,684][two_tower_confounding.data.runtime.alignment][INFO] - Applying data cutoff override: configured=25, natural=25, effective=25
[2026-05-05 10:58:30,776][two_tower_confounding.data.runtime.aggregation][INFO] - Initializing simulator...
[2026-05-05 10:58:30,777][two_tower_confounding.data.runtime.aggregation][INFO] - Aggregating train dataset...
[2026-05-05 10:58:37,076][two_tower_confounding.data.runtime.aggregation][INFO] - Aggregating validation dataset...
[2026-05-05 10:58:40,342][two_tower_confounding.data.runtime.aggregation][INFO] - Aggregating test dataset from labels only...
[2026-05-05 10:58:42,009][two_tower_confounding.data.runtime.aggregation][INFO] - Aggregation done in 11.23 seconds
[2026-05-05 10:58:42,010][two_tower_confounding.data.runtime.aggregation][INFO] - Session usage after aggregation: requested(train=7274,val=2726), actual(train=7274,val=2726,test=0)
[2026-05-05 10:58:42,010][two_tower_confounding.data.runtime.aggregation][INFO] - Dataset persistence disabled; skipping aggregated dataset cache save.
[2026-05-05 10:58:42,010][two_tower_confounding.experiments.ips_pipeline][INFO] - Test split uses label-only evaluation; raw test click diagnostics are skipped.
[2026-05-05 10:58:42,063][two_tower_confounding.experiments.diagnostics][INFO] - [Data] train_docs=2043304, val_docs=684076, test_docs=681250, cutoff=25
[2026-05-05 10:58:42,158][two_tower_confounding.experiments.diagnostics][INFO] - [Train] clicks=1602, displays=181084, ctr=0.0088, ctr_per_doc=0.0088
[2026-05-05 10:58:42,248][two_tower_confounding.experiments.diagnostics][INFO] - [Validation] clicks=588, displays=67606, ctr=0.0087, ctr_per_doc=0.0087
[2026-05-05 10:58:42,337][two_tower_confounding.experiments.diagnostics][INFO] - [Test] clicks=0, displays=0, ctr=0.0000, ctr_per_doc=0.0000
[2026-05-05 10:58:42,337][two_tower_confounding.experiments.ips_pipeline][INFO] - Running estimator pipeline with model='dm'
[2026-05-05 10:58:42,337][two_tower_confounding.experiments.ips_pipeline][INFO] - Computing position bias (alpha)...
[2026-05-05 10:58:42,344][two_tower_confounding.experiments.ips_pipeline][INFO] - Loaded CSV position bias from /gpfs/home5/sfris1/Doubly-Robust-Optimization-With-Two-Tower-Models/results/position_bias_csv_smoke.csv (method=ctr): [ 0.         -0.87284064 -1.4357426  -1.7786874  -2.0792415  -2.3380032
 -2.7209954  -2.903117   -3.0773702  -3.2312207  -3.6363854  -3.4464424
 -3.923166   -3.7222948  -3.7677119  -4.24608    -4.1715703  -4.101471
 -4.322802   -4.09865    -4.4070883  -4.7229104  -4.4974337  -5.1883435
 -4.598519  ]
[2026-05-05 10:58:42,345][two_tower_confounding.experiments.propensity_pipeline][INFO] - Computing propensity per doc (method=true_propensity)...
[2026-05-05 10:59:09,425][two_tower_confounding.experiments.propensity_pipeline][INFO] - Propensity computed in 27.08 seconds
[2026-05-05 10:59:09,426][two_tower_confounding.experiments.propensity_pipeline][INFO] - Alpha logits: [ 0.         -0.87284064 -1.4357426  -1.7786874  -2.0792415  -2.3380032
 -2.7209954  -2.903117   -3.0773702  -3.2312207  -3.6363854  -3.4464424
 -3.923166   -3.7222948  -3.7677119  -4.24608    -4.1715703  -4.101471
 -4.322802   -4.09865    -4.4070883  -4.7229104  -4.4974337  -5.1883435
 -4.598519  ]
[2026-05-05 10:59:09,427][two_tower_confounding.experiments.propensity_pipeline][INFO] - Alpha: [0.5        0.29466358 0.19220549 0.1444653  0.11113087 0.08802408
 0.06174577 0.0519997  0.04405043 0.03800759 0.02567104 0.03087513
 0.01939478 0.02360762 0.02258309 0.01411808 0.01519361 0.01627892
 0.01308907 0.01632416 0.0120438  0.00881094 0.01101487 0.00555027
 0.00996641]
[2026-05-05 10:59:09,427][two_tower_confounding.experiments.propensity_pipeline][INFO] - Propensity clipping disabled.
[2026-05-05 10:59:10,557][two_tower_confounding.experiments.regression_pipeline][INFO] - Training regression model for DM/DR...
[2026-05-05 10:59:19,030][two_tower_confounding.experiments.regression_pipeline][INFO] - Regression epoch 3: train_loss=0.303859 val_loss=0.300959
[2026-05-05 10:59:25,672][two_tower_confounding.experiments.regression_pipeline][INFO] - Regression epoch 6: train_loss=0.286422 val_loss=0.280696
[2026-05-05 10:59:32,348][two_tower_confounding.experiments.regression_pipeline][INFO] - Regression epoch 9: train_loss=0.263142 val_loss=0.357397
[2026-05-05 10:59:38,484][two_tower_confounding.experiments.ips_pipeline][INFO] - Computing DM doc weights...
[2026-05-05 10:59:38,485][two_tower_confounding.experiments.ips_pipeline][INFO] - Doc weights computed in 0.00 seconds
[2026-05-05 10:59:38,495][two_tower_confounding.experiments.model_pipeline][INFO] - Loading trainer (trainer_type='pl-rank', n_samples=100)...
[2026-05-05 10:59:38,497][two_tower_confounding.experiments.model_pipeline][INFO] - Trainer loaded in 0.00 seconds
[2026-05-05 10:59:38,497][two_tower_confounding.experiments.model_pipeline][INFO] - Training model...
[2026-05-05 11:36:14,302][two_tower_confounding.experiments.ips_pipeline][INFO] - Final evaluation results:
{'metrics': {'CTR': 0.7777481079101562,
             'DCG': 2.485482692718506,
             'NCTR': 0.627088189125061,
             'NDCG': 0.7242903709411621,
             'NDCG@25': 0.7242903709411621,
             'NRCTR': 0.627088189125061,
             'RCTR': 0.7777481079101562}}
[2026-05-05 11:36:14,351][submitit][INFO] - Job completed successfully
[2026-05-05 11:36:14,362][submitit][INFO] - Exiting after successful completion
