[2026-05-05 10:54:51,318][two_tower_confounding.experiments.config_resolver][WARNING] - test_clicks=500000 is ignored because test_set_mode='label_only'. Set test_set_mode='clicks' to enable legacy click-based test behavior.
[2026-05-05 10:54:51,324][two_tower_confounding.experiments.data_pipeline][INFO] - Loading or generating click datasets...
[2026-05-05 10:56:23,773][absl][INFO] - orbax-checkpoint version: 0.11.37
[2026-05-05 10:56:23,773][absl][INFO] - save_device_host_concurrent_bytes=None
[2026-05-05 10:56:23,773][absl][INFO] - Created BasePyTreeCheckpointHandler: use_ocdbt=True, use_zarr3=False, pytree_metadata_options=PyTreeMetadataOptions(support_rich_types=False), array_metadata_store=<orbax.checkpoint._src.metadata.array_metadata_store.Store object at 0x146b2bf42550>, enable_pinned_host_transfer=False, save_concurrent_bytes: 96000000000 (89.4 GiB), restore_concurrent_bytes: 96000000000 (89.4 GiB)
[2026-05-05 10:56:23,774][absl][INFO] - [thread=MainThread] Failed to get flag value for EXPERIMENTAL_ORBAX_USE_DISTRIBUTED_PROCESS_ID.
[2026-05-05 10:56:23,774][absl][INFO] - [process=0][thread=MainThread] Using barrier_sync_fn: <function get_barrier_sync_fn.<locals>.<lambda> at 0x146a8ace58a0> timeout: 1200 secs and primary_host=0 for async checkpoint writes
[2026-05-05 10:56:23,774][absl][INFO] - [process=0] [sync] Started load checkpoint @ /gpfs/home5/sfris1/ltr_datasets/ips_datasets/istella_logging_policy_c10000_ps1p0_pt0p5_bs1p0_drop0rel0_sessallocv2_candfullv2_topx25_maxdocs200_lprdeep_lpsegreedysampler_lppct10p0.
[2026-05-05 10:56:23,777][absl][INFO] - Restoring checkpoint from /gpfs/home5/sfris1/ltr_datasets/ips_datasets/istella_logging_policy_c10000_ps1p0_pt0p5_bs1p0_drop0rel0_sessallocv2_candfullv2_topx25_maxdocs200_lprdeep_lpsegreedysampler_lppct10p0.
[2026-05-05 10:56:23,777][absl][INFO] - [process=0] [sync] Finished blocking load in 0.00 seconds. Continuing load @ /gpfs/home5/sfris1/ltr_datasets/ips_datasets/istella_logging_policy_c10000_ps1p0_pt0p5_bs1p0_drop0rel0_sessallocv2_candfullv2_topx25_maxdocs200_lprdeep_lpsegreedysampler_lppct10p0.
[2026-05-05 10:56:23,793][absl][INFO] - [process=0] /jax/orbax/read/worker/io/requested throughput: 2.826 MiB/s (total gbytes: 31.6 KiB) (time elapsed: 0.010931015014648438 s) (per-host)
[2026-05-05 10:56:23,795][absl][INFO] - [process=0] /jax/checkpoint/read/gbytes_per_sec: 1.824 MiB/s (total gbytes: 31.6 KiB) (time elapsed: 0.01693582534790039 s) (per-host)
[2026-05-05 10:56:23,795][absl][INFO] - [process=0] [sync] Finished load in 0.02 seconds @ /gpfs/home5/sfris1/ltr_datasets/ips_datasets/istella_logging_policy_c10000_ps1p0_pt0p5_bs1p0_drop0rel0_sessallocv2_candfullv2_topx25_maxdocs200_lprdeep_lpsegreedysampler_lppct10p0
[2026-05-05 10:56:28,991][two_tower_confounding.experiments.data_pipeline][INFO] - Loaded click datasets in 97.67 seconds (train=7274, val=2726, test=0)
[2026-05-05 10:56:28,991][two_tower_confounding.experiments.data_pipeline][INFO] - Test split is label-only by design; no test click dataset was loaded.
[2026-05-05 10:56:28,991][two_tower_confounding.data.runtime.alignment][INFO] - Applying data cutoff override: configured=25, natural=25, effective=25
[2026-05-05 10:56:28,991][two_tower_confounding.data.runtime.alignment][INFO] - Applying data cutoff override: configured=25, natural=25, effective=25
[2026-05-05 10:56:29,083][two_tower_confounding.data.runtime.aggregation][INFO] - Initializing simulator...
[2026-05-05 10:56:29,084][two_tower_confounding.data.runtime.aggregation][INFO] - Aggregating train dataset...
[2026-05-05 10:56:35,309][two_tower_confounding.data.runtime.aggregation][INFO] - Aggregating validation dataset...
[2026-05-05 10:56:38,657][two_tower_confounding.data.runtime.aggregation][INFO] - Aggregating test dataset from labels only...
[2026-05-05 10:56:40,111][two_tower_confounding.data.runtime.aggregation][INFO] - Aggregation done in 11.03 seconds
[2026-05-05 10:56:40,112][two_tower_confounding.data.runtime.aggregation][INFO] - Session usage after aggregation: requested(train=7274,val=2726), actual(train=7274,val=2726,test=0)
[2026-05-05 10:56:40,112][two_tower_confounding.data.runtime.aggregation][INFO] - Dataset persistence disabled; skipping aggregated dataset cache save.
[2026-05-05 10:56:40,112][two_tower_confounding.experiments.ips_pipeline][INFO] - Test split uses label-only evaluation; raw test click diagnostics are skipped.
[2026-05-05 10:56:40,167][two_tower_confounding.experiments.diagnostics][INFO] - [Data] train_docs=2043304, val_docs=684076, test_docs=681250, cutoff=25
[2026-05-05 10:56:40,260][two_tower_confounding.experiments.diagnostics][INFO] - [Train] clicks=1487, displays=181035, ctr=0.0082, ctr_per_doc=0.0082
[2026-05-05 10:56:40,350][two_tower_confounding.experiments.diagnostics][INFO] - [Validation] clicks=605, displays=67736, ctr=0.0089, ctr_per_doc=0.0089
[2026-05-05 10:56:40,437][two_tower_confounding.experiments.diagnostics][INFO] - [Test] clicks=0, displays=0, ctr=0.0000, ctr_per_doc=0.0000
[2026-05-05 10:56:40,438][two_tower_confounding.experiments.ips_pipeline][INFO] - Running estimator pipeline with model='dm'
[2026-05-05 10:56:40,438][two_tower_confounding.experiments.ips_pipeline][INFO] - Computing position bias (alpha)...
[2026-05-05 10:56:40,444][two_tower_confounding.experiments.ips_pipeline][INFO] - Loaded CSV position bias from /gpfs/home5/sfris1/Doubly-Robust-Optimization-With-Two-Tower-Models/results/position_bias_csv_smoke.csv (method=global_all_pairs): [ 0.         -0.62439424 -1.7092274  -1.4411129  -2.4828434  -2.4996822
 -2.6469336  -1.7694052  -2.0439684  -2.6066346  -6.9077554  -1.8268268
 -3.3291297  -2.5634136  -2.3944514  -3.290017   -2.3777092  -6.9077554
 -2.6497242  -2.0037193  -6.9077554  -6.9077554  -6.9077554  -3.1132357
 -6.543296  ]
[2026-05-05 10:56:40,446][two_tower_confounding.experiments.propensity_pipeline][INFO] - Computing propensity per doc (method=propensity_mlp_regression)...
[2026-05-05 10:57:23,785][two_tower_confounding.experiments.propensity_pipeline][INFO] - Propensity computed in 43.34 seconds
[2026-05-05 10:57:23,786][two_tower_confounding.experiments.propensity_pipeline][INFO] - Alpha logits: [ 0.     -0.6244 -1.7092 -1.4411 -2.4828 -2.4997 -2.6469 -1.7694 -2.044
 -2.6066 -6.9078 -1.8268 -3.3291 -2.5634 -2.3945 -3.29   -2.3777 -6.9078
 -2.6497 -2.0037 -6.9078 -6.9078 -6.9078 -3.1132 -6.5433]
[2026-05-05 10:57:23,787][two_tower_confounding.experiments.propensity_pipeline][INFO] - Alpha: [0.5    0.3488 0.1533 0.1914 0.0771 0.0759 0.0662 0.1456 0.1147 0.0687
 0.001  0.1386 0.0346 0.0715 0.0836 0.0359 0.0849 0.001  0.066  0.1188
 0.001  0.001  0.001  0.0426 0.0014]
[2026-05-05 10:57:23,787][two_tower_confounding.experiments.propensity_pipeline][INFO] - Propensity clipping disabled.
[2026-05-05 10:57:25,002][two_tower_confounding.experiments.regression_pipeline][INFO] - Training regression model for DM/DR...
[2026-05-05 10:57:51,179][two_tower_confounding.experiments.regression_pipeline][INFO] - Regression epoch 3: train_loss=0.111484 val_loss=0.127010
[2026-05-05 10:58:16,298][two_tower_confounding.experiments.regression_pipeline][INFO] - Regression epoch 6: train_loss=0.104368 val_loss=0.124013
[2026-05-05 10:58:41,444][two_tower_confounding.experiments.regression_pipeline][INFO] - Regression epoch 9: train_loss=0.098972 val_loss=0.117606
[2026-05-05 10:59:06,502][two_tower_confounding.experiments.regression_pipeline][INFO] - Regression epoch 12: train_loss=0.104663 val_loss=0.120589
[2026-05-05 10:59:12,672][two_tower_confounding.experiments.ips_pipeline][INFO] - Computing DM doc weights...
[2026-05-05 10:59:12,672][two_tower_confounding.experiments.ips_pipeline][INFO] - Doc weights computed in 0.00 seconds
[2026-05-05 10:59:12,683][two_tower_confounding.experiments.model_pipeline][INFO] - Loading trainer (trainer_type='pl-rank', n_samples=100)...
[2026-05-05 10:59:12,685][two_tower_confounding.experiments.model_pipeline][INFO] - Trainer loaded in 0.00 seconds
[2026-05-05 10:59:12,685][two_tower_confounding.experiments.model_pipeline][INFO] - Training model...
[2026-05-05 11:36:30,298][two_tower_confounding.experiments.ips_pipeline][INFO] - Final evaluation results:
{'metrics': {'CTR': 0.9238299131393433,
             'DCG': 2.5202276706695557,
             'NCTR': 0.6295087933540344,
             'NDCG': 0.7333134412765503,
             'NDCG@25': 0.7333134412765503,
             'NRCTR': 0.6295087933540344,
             'RCTR': 0.9238299131393433}}
[2026-05-05 11:36:30,346][submitit][INFO] - Job completed successfully
[2026-05-05 11:36:30,356][submitit][INFO] - Exiting after successful completion
