[2026-06-17 16:58:33,339][feature_based_propensities_for_ULTR.experiments.config_resolver][WARNING] - test_clicks=500000 is ignored because test_set_mode='label_only'. Set test_set_mode='clicks' to enable legacy click-based test behavior.
[2026-06-17 16:58:33,344][feature_based_propensities_for_ULTR.experiments.data_pipeline][INFO] - Loading or generating click datasets...
[2026-06-17 16:59:33,240][absl][INFO] - orbax-checkpoint version: 0.11.40
[2026-06-17 16:59:33,240][absl][INFO] - save_device_host_concurrent_bytes=None
[2026-06-17 16:59:33,240][absl][INFO] - Created BasePyTreeCheckpointHandler: use_ocdbt=True, use_zarr3=False, pytree_metadata_options=PyTreeMetadataOptions(support_rich_types=False), array_metadata_store=<orbax.checkpoint._src.metadata.array_metadata_store.Store object at 0x145a3d66e690>, enable_pinned_host_transfer=False, save_concurrent_bytes: 96000000000 (89.4 GiB), restore_concurrent_bytes: 96000000000 (89.4 GiB)
[2026-06-17 16:59:33,241][absl][INFO] - [thread=MainThread] Failed to get flag value for EXPERIMENTAL_ORBAX_USE_DISTRIBUTED_PROCESS_ID.
[2026-06-17 16:59:33,241][absl][INFO] - [process=0][thread=MainThread] Using barrier_sync_fn: <function get_barrier_sync_fn.<locals>.<lambda> at 0x145996c92b60> timeout: 1200 secs and primary_host=0 for async checkpoint writes
[2026-06-17 16:59:33,241][absl][INFO] - [process=0] [sync] Started load checkpoint @ /gpfs/home5/sfris1/ltr_datasets/ips_datasets/logging_policy_c500000_ps1p0_pt0p5_bs1p0_drop0rel0_sessallocv2_candfullv2_topx25_maxdocs200_lprdeep_lpsegreedysampler_lppct10p0.
[2026-06-17 16:59:33,244][absl][INFO] - Restoring checkpoint from /gpfs/home5/sfris1/ltr_datasets/ips_datasets/logging_policy_c500000_ps1p0_pt0p5_bs1p0_drop0rel0_sessallocv2_candfullv2_topx25_maxdocs200_lprdeep_lpsegreedysampler_lppct10p0.
[2026-06-17 16:59:33,244][absl][INFO] - [process=0] [sync] Finished blocking load in 0.00 seconds. Continuing load @ /gpfs/home5/sfris1/ltr_datasets/ips_datasets/logging_policy_c500000_ps1p0_pt0p5_bs1p0_drop0rel0_sessallocv2_candfullv2_topx25_maxdocs200_lprdeep_lpsegreedysampler_lppct10p0.
[2026-06-17 16:59:33,261][absl][INFO] - [process=0] /jax/orbax/read/worker/io/requested throughput: 1.852 MiB/s (total gbytes: 21.4 KiB) (time elapsed: 0.011270999908447266 s) (per-host)
[2026-06-17 16:59:33,262][absl][INFO] - [process=0] /jax/checkpoint/read/gbytes_per_sec: 1.231 MiB/s (total gbytes: 21.4 KiB) (time elapsed: 0.016956806182861328 s) (per-host)
[2026-06-17 16:59:33,262][absl][INFO] - [process=0] [sync] Finished load in 0.02 seconds @ /gpfs/home5/sfris1/ltr_datasets/ips_datasets/logging_policy_c500000_ps1p0_pt0p5_bs1p0_drop0rel0_sessallocv2_candfullv2_topx25_maxdocs200_lprdeep_lpsegreedysampler_lppct10p0
[2026-06-17 17:00:18,304][feature_based_propensities_for_ULTR.experiments.data_pipeline][INFO] - Loaded click datasets in 104.96 seconds (train=375004, val=124996, test=0)
[2026-06-17 17:00:18,304][feature_based_propensities_for_ULTR.experiments.data_pipeline][INFO] - Test split is label-only by design; no test click dataset was loaded.
[2026-06-17 17:00:18,304][feature_based_propensities_for_ULTR.data.runtime.alignment][INFO] - Applying data cutoff override: configured=25, natural=25, effective=25
[2026-06-17 17:00:18,305][feature_based_propensities_for_ULTR.data.runtime.alignment][INFO] - Applying data cutoff override: configured=25, natural=25, effective=25
[2026-06-17 17:00:18,395][feature_based_propensities_for_ULTR.data.runtime.aggregation][INFO] - Initializing simulator...
[2026-06-17 17:00:18,395][feature_based_propensities_for_ULTR.data.runtime.aggregation][INFO] - Aggregating train dataset...
[2026-06-17 17:00:23,768][feature_based_propensities_for_ULTR.data.runtime.aggregation][INFO] - Aggregating validation dataset...
[2026-06-17 17:00:26,878][feature_based_propensities_for_ULTR.data.runtime.aggregation][INFO] - Aggregating test dataset from labels only...
[2026-06-17 17:00:27,776][feature_based_propensities_for_ULTR.data.runtime.aggregation][INFO] - Aggregation done in 9.38 seconds
[2026-06-17 17:00:27,776][feature_based_propensities_for_ULTR.data.runtime.aggregation][INFO] - Session usage after aggregation: requested(train=375004,val=124996), actual(train=375004,val=124996,test=0)
[2026-06-17 17:00:27,776][feature_based_propensities_for_ULTR.data.runtime.aggregation][INFO] - Dataset persistence disabled; skipping aggregated dataset cache save.
[2026-06-17 17:00:27,776][feature_based_propensities_for_ULTR.experiments.ips_pipeline][INFO] - Test split uses label-only evaluation; raw test click diagnostics are skipped.
[2026-06-17 17:00:27,828][feature_based_propensities_for_ULTR.experiments.diagnostics][INFO] - [Data] train_docs=2132810, val_docs=707814, test_docs=708921, cutoff=25
[2026-06-17 17:00:27,927][feature_based_propensities_for_ULTR.experiments.diagnostics][INFO] - [Train] clicks=40245, displays=9113934, ctr=0.0044, ctr_per_doc=0.0044
[2026-06-17 17:00:28,015][feature_based_propensities_for_ULTR.experiments.diagnostics][INFO] - [Validation] clicks=13526, displays=3041154, ctr=0.0044, ctr_per_doc=0.0044
[2026-06-17 17:00:28,102][feature_based_propensities_for_ULTR.experiments.diagnostics][INFO] - [Test] clicks=0, displays=0, ctr=0.0000, ctr_per_doc=0.0000
[2026-06-17 17:00:28,103][feature_based_propensities_for_ULTR.experiments.ips_pipeline][INFO] - Running estimator pipeline with model='dr'
[2026-06-17 17:00:28,103][feature_based_propensities_for_ULTR.experiments.ips_pipeline][INFO] - Computing position bias (alpha)...
[2026-06-17 17:00:28,155][feature_based_propensities_for_ULTR.experiments.propensity_pipeline][INFO] - Computing propensity per doc (method=frequency_based)...
