[2026-05-05 10:57:14,474][two_tower_confounding.experiments.config_resolver][WARNING] - test_clicks=500000 is ignored because test_set_mode='label_only'. Set test_set_mode='clicks' to enable legacy click-based test behavior.
[2026-05-05 10:57:14,481][two_tower_confounding.experiments.data_pipeline][INFO] - Loading or generating click datasets...
[2026-05-05 10:57:38,367][absl][INFO] - orbax-checkpoint version: 0.11.37
[2026-05-05 10:57:38,367][absl][INFO] - save_device_host_concurrent_bytes=None
[2026-05-05 10:57:38,368][absl][INFO] - Created BasePyTreeCheckpointHandler: use_ocdbt=True, use_zarr3=False, pytree_metadata_options=PyTreeMetadataOptions(support_rich_types=False), array_metadata_store=<orbax.checkpoint._src.metadata.array_metadata_store.Store object at 0x1538ed594090>, enable_pinned_host_transfer=False, save_concurrent_bytes: 96000000000 (89.4 GiB), restore_concurrent_bytes: 96000000000 (89.4 GiB)
[2026-05-05 10:57:38,368][absl][INFO] - [thread=MainThread] Failed to get flag value for EXPERIMENTAL_ORBAX_USE_DISTRIBUTED_PROCESS_ID.
[2026-05-05 10:57:38,368][absl][INFO] - [process=0][thread=MainThread] Using barrier_sync_fn: <function get_barrier_sync_fn.<locals>.<lambda> at 0x15384d88d800> timeout: 1200 secs and primary_host=0 for async checkpoint writes
[2026-05-05 10:57:38,368][absl][INFO] - [process=0] [sync] Started load checkpoint @ /gpfs/home5/sfris1/ltr_datasets/ips_datasets/logging_policy_c100000_ps1p0_pt0p5_bs1p0_drop0rel0_sessallocv2_candfullv2_topx25_maxdocs80_lprdeep_lpsegreedysampler_lppct10p0.
[2026-05-05 10:57:38,370][absl][INFO] - Restoring checkpoint from /gpfs/home5/sfris1/ltr_datasets/ips_datasets/logging_policy_c100000_ps1p0_pt0p5_bs1p0_drop0rel0_sessallocv2_candfullv2_topx25_maxdocs80_lprdeep_lpsegreedysampler_lppct10p0.
[2026-05-05 10:57:38,370][absl][INFO] - [process=0] [sync] Finished blocking load in 0.00 seconds. Continuing load @ /gpfs/home5/sfris1/ltr_datasets/ips_datasets/logging_policy_c100000_ps1p0_pt0p5_bs1p0_drop0rel0_sessallocv2_candfullv2_topx25_maxdocs80_lprdeep_lpsegreedysampler_lppct10p0.
[2026-05-05 10:57:38,386][absl][INFO] - [process=0] /jax/orbax/read/worker/io/requested throughput: 8.397 MiB/s (total gbytes: 91.8 KiB) (time elapsed: 0.01067042350769043 s) (per-host)
[2026-05-05 10:57:38,388][absl][INFO] - [process=0] /jax/checkpoint/read/gbytes_per_sec: 5.528 MiB/s (total gbytes: 91.8 KiB) (time elapsed: 0.016209125518798828 s) (per-host)
[2026-05-05 10:57:38,388][absl][INFO] - [process=0] [sync] Finished load in 0.02 seconds @ /gpfs/home5/sfris1/ltr_datasets/ips_datasets/logging_policy_c100000_ps1p0_pt0p5_bs1p0_drop0rel0_sessallocv2_candfullv2_topx25_maxdocs80_lprdeep_lpsegreedysampler_lppct10p0
[2026-05-05 10:57:49,567][two_tower_confounding.experiments.data_pipeline][INFO] - Loaded click datasets in 35.09 seconds (train=86947, val=13053, test=0)
[2026-05-05 10:57:49,567][two_tower_confounding.experiments.data_pipeline][INFO] - Test split is label-only by design; no test click dataset was loaded.
[2026-05-05 10:57:49,567][two_tower_confounding.data.runtime.alignment][INFO] - Applying data cutoff override: configured=25, natural=25, effective=25
[2026-05-05 10:57:49,568][two_tower_confounding.data.runtime.alignment][INFO] - Applying data cutoff override: configured=25, natural=25, effective=25
[2026-05-05 10:57:49,657][two_tower_confounding.data.runtime.aggregation][INFO] - Initializing simulator...
[2026-05-05 10:57:49,658][two_tower_confounding.data.runtime.aggregation][INFO] - Aggregating train dataset...
[2026-05-05 10:57:55,793][two_tower_confounding.data.runtime.aggregation][INFO] - Aggregating validation dataset...
[2026-05-05 10:57:58,235][two_tower_confounding.data.runtime.aggregation][INFO] - Aggregating test dataset from labels only...
[2026-05-05 10:58:00,056][two_tower_confounding.data.runtime.aggregation][INFO] - Aggregation done in 10.40 seconds
[2026-05-05 10:58:00,057][two_tower_confounding.data.runtime.aggregation][INFO] - Session usage after aggregation: requested(train=86947,val=13053), actual(train=86947,val=13053,test=0)
[2026-05-05 10:58:00,057][two_tower_confounding.data.runtime.aggregation][INFO] - Dataset persistence disabled; skipping aggregated dataset cache save.
[2026-05-05 10:58:00,057][two_tower_confounding.experiments.ips_pipeline][INFO] - Test split uses label-only evaluation; raw test click diagnostics are skipped.
[2026-05-05 10:58:00,081][two_tower_confounding.experiments.diagnostics][INFO] - [Data] train_docs=470251, val_docs=70687, test_docs=164676, cutoff=25
[2026-05-05 10:58:00,167][two_tower_confounding.experiments.diagnostics][INFO] - [Train] clicks=13259, displays=1470025, ctr=0.0090, ctr_per_doc=0.0090
[2026-05-05 10:58:00,247][two_tower_confounding.experiments.diagnostics][INFO] - [Validation] clicks=1920, displays=219403, ctr=0.0088, ctr_per_doc=0.0088
[2026-05-05 10:58:00,362][two_tower_confounding.experiments.diagnostics][INFO] - [Test] clicks=0, displays=0, ctr=0.0000, ctr_per_doc=0.0000
[2026-05-05 10:58:00,362][two_tower_confounding.experiments.ips_pipeline][INFO] - Running estimator pipeline with model='dr'
[2026-05-05 10:58:00,362][two_tower_confounding.experiments.ips_pipeline][INFO] - Computing position bias (alpha)...
[2026-05-05 10:58:00,369][two_tower_confounding.experiments.ips_pipeline][INFO] - Loaded CSV position bias from /gpfs/home5/sfris1/Doubly-Robust-Optimization-With-Two-Tower-Models/results/position_bias_csv_smoke.csv (method=global_all_pairs): [ 0.        -0.6762404 -1.078172  -1.3593199 -1.6449132 -1.7892423
 -1.9097745 -2.0003607 -2.0913854 -2.1824634 -2.3962963 -2.5267391
 -2.5543985 -2.6866524 -2.7146919 -2.464648  -2.8178678 -2.5680165
 -2.596511  -3.0224187 -2.731134  -2.8996856 -3.0862072 -3.0266771
 -2.7021465]
[2026-05-05 10:58:00,370][two_tower_confounding.experiments.propensity_pipeline][INFO] - Computing propensity per doc (method=true_propensity)...
[2026-05-05 10:59:03,057][two_tower_confounding.experiments.propensity_pipeline][INFO] - Propensity computed in 62.69 seconds
[2026-05-05 10:59:03,057][two_tower_confounding.experiments.propensity_pipeline][INFO] - Alpha logits: [ 0.        -0.6762404 -1.078172  -1.3593199 -1.6449132 -1.7892423
 -1.9097745 -2.0003607 -2.0913854 -2.1824634 -2.3962963 -2.5267391
 -2.5543985 -2.6866524 -2.7146919 -2.464648  -2.8178678 -2.5680165
 -2.596511  -3.0224187 -2.731134  -2.8996856 -3.0862072 -3.0266771
 -2.7021465]
[2026-05-05 10:59:03,058][two_tower_confounding.experiments.propensity_pipeline][INFO] - Alpha: [0.5        0.33710092 0.2538521  0.20435084 0.16179763 0.14316565
 0.12900618 0.11916506 0.10993693 0.10133637 0.08345556 0.07400479
 0.07213154 0.06376557 0.06211197 0.07837395 0.05636624 0.0712254
 0.06936332 0.04642329 0.06116102 0.0521691  0.04367979 0.04623513
 0.06284682]
[2026-05-05 10:59:03,059][two_tower_confounding.experiments.propensity_pipeline][INFO] - Propensity clipping disabled.
[2026-05-05 10:59:03,059][two_tower_confounding.experiments.propensity_pipeline][INFO] - Computing propensity per doc (method=frequency_based)...
[2026-05-05 11:00:03,117][two_tower_confounding.experiments.propensity_pipeline][INFO] - Propensity computed in 60.06 seconds
[2026-05-05 11:00:03,117][two_tower_confounding.experiments.propensity_pipeline][INFO] - Alpha logits: [ 0.        -0.6762404 -1.078172  -1.3593199 -1.6449132 -1.7892423
 -1.9097745 -2.0003607 -2.0913854 -2.1824634 -2.3962963 -2.5267391
 -2.5543985 -2.6866524 -2.7146919 -2.464648  -2.8178678 -2.5680165
 -2.596511  -3.0224187 -2.731134  -2.8996856 -3.0862072 -3.0266771
 -2.7021465]
[2026-05-05 11:00:03,118][two_tower_confounding.experiments.propensity_pipeline][INFO] - Alpha: [0.5        0.33710092 0.2538521  0.20435084 0.16179763 0.14316565
 0.12900618 0.11916506 0.10993693 0.10133637 0.08345556 0.07400479
 0.07213154 0.06376557 0.06211197 0.07837395 0.05636624 0.0712254
 0.06936332 0.04642329 0.06116102 0.0521691  0.04367979 0.04623513
 0.06284682]
[2026-05-05 11:00:04,516][two_tower_confounding.experiments.regression_pipeline][INFO] - Training regression model for DM/DR...
[2026-05-05 11:00:23,986][two_tower_confounding.experiments.regression_pipeline][INFO] - Regression epoch 3: train_loss=0.210188 val_loss=0.206774
[2026-05-05 11:00:42,383][two_tower_confounding.experiments.regression_pipeline][INFO] - Regression epoch 6: train_loss=0.208069 val_loss=0.208663
[2026-05-05 11:00:44,198][two_tower_confounding.experiments.ips_pipeline][INFO] - Computing DR doc weights...
[2026-05-05 11:00:44,204][two_tower_confounding.experiments.ips_pipeline][INFO] - Doc weights computed in 0.01 seconds
[2026-05-05 11:00:44,211][two_tower_confounding.experiments.model_pipeline][INFO] - Loading trainer (trainer_type='pl-rank', n_samples=100)...
[2026-05-05 11:00:44,212][two_tower_confounding.experiments.model_pipeline][INFO] - Trainer loaded in 0.00 seconds
[2026-05-05 11:00:44,212][two_tower_confounding.experiments.model_pipeline][INFO] - Training model...
[2026-05-05 11:19:15,264][two_tower_confounding.experiments.ips_pipeline][INFO] - Final evaluation results:
{'metrics': {'CTR': 0.8841914534568787,
             'DCG': 2.156338691711426,
             'NCTR': 0.7381361722946167,
             'NDCG': 0.7771215438842773,
             'NDCG@25': 0.7771215438842773,
             'NRCTR': 0.7381361722946167,
             'RCTR': 0.8841914534568787}}
[2026-05-05 11:19:15,289][submitit][INFO] - Job completed successfully
[2026-05-05 11:19:15,299][submitit][INFO] - Exiting after successful completion
