[2026-05-05 10:56:29,232][two_tower_confounding.experiments.config_resolver][WARNING] - test_clicks=500000 is ignored because test_set_mode='label_only'. Set test_set_mode='clicks' to enable legacy click-based test behavior.
[2026-05-05 10:56:29,238][two_tower_confounding.experiments.data_pipeline][INFO] - Loading or generating click datasets...
[2026-05-05 10:56:52,953][absl][INFO] - orbax-checkpoint version: 0.11.37
[2026-05-05 10:56:52,953][absl][INFO] - save_device_host_concurrent_bytes=None
[2026-05-05 10:56:52,953][absl][INFO] - Created BasePyTreeCheckpointHandler: use_ocdbt=True, use_zarr3=False, pytree_metadata_options=PyTreeMetadataOptions(support_rich_types=False), array_metadata_store=<orbax.checkpoint._src.metadata.array_metadata_store.Store object at 0x15494a933ed0>, enable_pinned_host_transfer=False, save_concurrent_bytes: 96000000000 (89.4 GiB), restore_concurrent_bytes: 96000000000 (89.4 GiB)
[2026-05-05 10:56:52,953][absl][INFO] - [thread=MainThread] Failed to get flag value for EXPERIMENTAL_ORBAX_USE_DISTRIBUTED_PROCESS_ID.
[2026-05-05 10:56:52,954][absl][INFO] - [process=0][thread=MainThread] Using barrier_sync_fn: <function get_barrier_sync_fn.<locals>.<lambda> at 0x1548ba619800> timeout: 1200 secs and primary_host=0 for async checkpoint writes
[2026-05-05 10:56:52,954][absl][INFO] - [process=0] [sync] Started load checkpoint @ /gpfs/home5/sfris1/ltr_datasets/ips_datasets/logging_policy_c100000_ps1p0_pt0p5_bs1p0_drop0rel0_sessallocv2_candfullv2_topx25_maxdocs80_lprdeep_lpsegreedysampler_lppct10p0.
[2026-05-05 10:56:52,956][absl][INFO] - Restoring checkpoint from /gpfs/home5/sfris1/ltr_datasets/ips_datasets/logging_policy_c100000_ps1p0_pt0p5_bs1p0_drop0rel0_sessallocv2_candfullv2_topx25_maxdocs80_lprdeep_lpsegreedysampler_lppct10p0.
[2026-05-05 10:56:52,956][absl][INFO] - [process=0] [sync] Finished blocking load in 0.00 seconds. Continuing load @ /gpfs/home5/sfris1/ltr_datasets/ips_datasets/logging_policy_c100000_ps1p0_pt0p5_bs1p0_drop0rel0_sessallocv2_candfullv2_topx25_maxdocs80_lprdeep_lpsegreedysampler_lppct10p0.
[2026-05-05 10:56:52,972][absl][INFO] - [process=0] /jax/orbax/read/worker/io/requested throughput: 8.362 MiB/s (total gbytes: 91.8 KiB) (time elapsed: 0.010715246200561523 s) (per-host)
[2026-05-05 10:56:52,973][absl][INFO] - [process=0] /jax/checkpoint/read/gbytes_per_sec: 5.544 MiB/s (total gbytes: 91.8 KiB) (time elapsed: 0.016160964965820312 s) (per-host)
[2026-05-05 10:56:52,973][absl][INFO] - [process=0] [sync] Finished load in 0.02 seconds @ /gpfs/home5/sfris1/ltr_datasets/ips_datasets/logging_policy_c100000_ps1p0_pt0p5_bs1p0_drop0rel0_sessallocv2_candfullv2_topx25_maxdocs80_lprdeep_lpsegreedysampler_lppct10p0
[2026-05-05 10:57:04,118][two_tower_confounding.experiments.data_pipeline][INFO] - Loaded click datasets in 34.88 seconds (train=86947, val=13053, test=0)
[2026-05-05 10:57:04,118][two_tower_confounding.experiments.data_pipeline][INFO] - Test split is label-only by design; no test click dataset was loaded.
[2026-05-05 10:57:04,118][two_tower_confounding.data.runtime.alignment][INFO] - Applying data cutoff override: configured=25, natural=25, effective=25
[2026-05-05 10:57:04,118][two_tower_confounding.data.runtime.alignment][INFO] - Applying data cutoff override: configured=25, natural=25, effective=25
[2026-05-05 10:57:04,209][two_tower_confounding.data.runtime.aggregation][INFO] - Initializing simulator...
[2026-05-05 10:57:04,210][two_tower_confounding.data.runtime.aggregation][INFO] - Aggregating train dataset...
[2026-05-05 10:57:10,390][two_tower_confounding.data.runtime.aggregation][INFO] - Aggregating validation dataset...
[2026-05-05 10:57:12,811][two_tower_confounding.data.runtime.aggregation][INFO] - Aggregating test dataset from labels only...
[2026-05-05 10:57:14,617][two_tower_confounding.data.runtime.aggregation][INFO] - Aggregation done in 10.41 seconds
[2026-05-05 10:57:14,618][two_tower_confounding.data.runtime.aggregation][INFO] - Session usage after aggregation: requested(train=86947,val=13053), actual(train=86947,val=13053,test=0)
[2026-05-05 10:57:14,618][two_tower_confounding.data.runtime.aggregation][INFO] - Dataset persistence disabled; skipping aggregated dataset cache save.
[2026-05-05 10:57:14,618][two_tower_confounding.experiments.ips_pipeline][INFO] - Test split uses label-only evaluation; raw test click diagnostics are skipped.
[2026-05-05 10:57:14,642][two_tower_confounding.experiments.diagnostics][INFO] - [Data] train_docs=470251, val_docs=70687, test_docs=164676, cutoff=25
[2026-05-05 10:57:14,727][two_tower_confounding.experiments.diagnostics][INFO] - [Train] clicks=13115, displays=1471619, ctr=0.0089, ctr_per_doc=0.0089
[2026-05-05 10:57:14,807][two_tower_confounding.experiments.diagnostics][INFO] - [Validation] clicks=1959, displays=219167, ctr=0.0089, ctr_per_doc=0.0089
[2026-05-05 10:57:14,922][two_tower_confounding.experiments.diagnostics][INFO] - [Test] clicks=0, displays=0, ctr=0.0000, ctr_per_doc=0.0000
[2026-05-05 10:57:14,922][two_tower_confounding.experiments.ips_pipeline][INFO] - Running estimator pipeline with model='dm'
[2026-05-05 10:57:14,922][two_tower_confounding.experiments.ips_pipeline][INFO] - Computing position bias (alpha)...
[2026-05-05 10:57:14,929][two_tower_confounding.experiments.ips_pipeline][INFO] - Loaded CSV position bias from /gpfs/home5/sfris1/Doubly-Robust-Optimization-With-Two-Tower-Models/results/position_bias_csv_smoke.csv (method=adjacent_chain): [ 0.         -0.61061436 -0.9636136  -1.3918216  -1.8466424  -2.0047195
 -2.345135   -2.410578   -2.5700867  -2.8911116  -3.2466629  -3.20286
 -2.7213922  -2.6307952  -2.436438   -2.3167303  -2.5692418  -1.9294696
 -1.5668246  -2.3777547  -1.2193924  -0.3031017   0.64597887  0.64597887
  0.6859842 ]
[2026-05-05 10:57:14,930][two_tower_confounding.experiments.propensity_pipeline][INFO] - Computing propensity per doc (method=frequency_based)...
[2026-05-05 10:58:17,131][two_tower_confounding.experiments.propensity_pipeline][INFO] - Propensity computed in 62.20 seconds
[2026-05-05 10:58:17,132][two_tower_confounding.experiments.propensity_pipeline][INFO] - Alpha logits: [ 0.         -0.61061436 -0.9636136  -1.3918216  -1.8466424  -2.0047195
 -2.345135   -2.410578   -2.5700867  -2.8911116  -3.2466629  -3.20286
 -2.7213922  -2.6307952  -2.436438   -2.3167303  -2.5692418  -1.9294696
 -1.5668246  -2.3777547  -1.2193924  -0.3031017   0.64597887  0.64597887
  0.6859842 ]
[2026-05-05 10:58:17,133][two_tower_confounding.experiments.propensity_pipeline][INFO] - Alpha: [0.5        0.35191908 0.27615526 0.1991171  0.1362676  0.11870829
 0.08745325 0.08236962 0.07108858 0.0525947  0.03744699 0.03905823
 0.06172279 0.06718259 0.08043598 0.08974682 0.0711444  0.1268093
 0.17266956 0.08488481 0.22804339 0.4247994  0.65610373 0.65610373
 0.665073  ]
[2026-05-05 10:58:17,133][two_tower_confounding.experiments.propensity_pipeline][INFO] - Propensity clipping disabled.
[2026-05-05 10:58:18,433][two_tower_confounding.experiments.regression_pipeline][INFO] - Training regression model for DM/DR...
[2026-05-05 10:58:37,992][two_tower_confounding.experiments.regression_pipeline][INFO] - Regression epoch 3: train_loss=0.175718 val_loss=0.171931
[2026-05-05 10:58:56,170][two_tower_confounding.experiments.regression_pipeline][INFO] - Regression epoch 6: train_loss=0.173388 val_loss=0.173147
[2026-05-05 10:58:57,961][two_tower_confounding.experiments.ips_pipeline][INFO] - Computing DM doc weights...
[2026-05-05 10:58:57,961][two_tower_confounding.experiments.ips_pipeline][INFO] - Doc weights computed in 0.00 seconds
[2026-05-05 10:58:57,968][two_tower_confounding.experiments.model_pipeline][INFO] - Loading trainer (trainer_type='pl-rank', n_samples=100)...
[2026-05-05 10:58:57,970][two_tower_confounding.experiments.model_pipeline][INFO] - Trainer loaded in 0.00 seconds
[2026-05-05 10:58:57,970][two_tower_confounding.experiments.model_pipeline][INFO] - Training model...
[2026-05-05 11:09:04,230][two_tower_confounding.experiments.ips_pipeline][INFO] - Final evaluation results:
{'metrics': {'CTR': 1.095849871635437,
             'DCG': 2.0445303916931152,
             'NCTR': 0.4655833840370178,
             'NDCG': 0.7432560920715332,
             'NDCG@25': 0.7432560920715332,
             'NRCTR': 0.4655833840370178,
             'RCTR': 1.095849871635437}}
[2026-05-05 11:09:04,256][submitit][INFO] - Job completed successfully
[2026-05-05 11:09:10,051][submitit][INFO] - Exiting after successful completion
