[2026-04-19 15:19:05,360][jax._src.xla_bridge][ERROR] - Jax plugin configuration error: Exception when calling jax_plugins.xla_cuda12.initialize()
Traceback (most recent call last):
  File "/gpfs/home5/sfris1/two-towers-confounding-project/.venv/lib/python3.11/site-packages/jax/_src/xla_bridge.py", line 485, in discover_pjrt_plugins
    plugin_module.initialize()
  File "/gpfs/home5/sfris1/two-towers-confounding-project/.venv/lib/python3.11/site-packages/jax_plugins/xla_cuda12/__init__.py", line 328, in initialize
    _check_cuda_versions(raise_on_first_error=True)
  File "/gpfs/home5/sfris1/two-towers-confounding-project/.venv/lib/python3.11/site-packages/jax_plugins/xla_cuda12/__init__.py", line 285, in _check_cuda_versions
    local_device_count = cuda_versions.cuda_device_count()
                         ^^^^^^^^^^^^^^^^^^^^^^^^^^^^^^^^^
RuntimeError: jaxlib/cuda/versions_helpers.cc:113: operation cuInit(0) failed: CUDA_ERROR_NO_DEVICE
[2026-04-19 15:19:06,361][two_tower_confounding.experiments.ips_pipeline][WARNING] - wandb.init failed (Error uploading run: returned error 403: {"data":{"upsertBucket":null},"errors":[{"message":"permission denied","path":["upsertBucket"],"extensions":{"code":"PERMISSION_ERROR"}}]}). Continuing with local logging only.
[2026-04-19 15:19:06,361][two_tower_confounding.experiments.ips_pipeline][WARNING] - Disabling wandb for trainer components because initialization failed.
[2026-04-19 15:19:06,362][two_tower_confounding.experiments.config_resolver][WARNING] - test_clicks=500000 is ignored because test_set_mode='label_only'. Set test_set_mode='clicks' to enable legacy click-based test behavior.
[2026-04-19 15:19:06,369][two_tower_confounding.experiments.data_pipeline][INFO] - Loading or generating click datasets...
[2026-04-19 15:20:08,205][absl][INFO] - orbax-checkpoint version: 0.11.25
[2026-04-19 15:20:08,206][absl][INFO] - Created BasePyTreeCheckpointHandler: use_ocdbt=True, use_zarr3=False, pytree_metadata_options=PyTreeMetadataOptions(support_rich_types=False), array_metadata_store=<orbax.checkpoint._src.metadata.array_metadata_store.Store object at 0x1527508eed50>, enable_pinned_host_transfer=False, save_concurrent_bytes: 96000000000 (89.4 GiB), restore_concurrent_bytes: 96000000000 (89.4 GiB)
[2026-04-19 15:20:08,206][absl][INFO] - [thread=MainThread] Failed to get flag value for EXPERIMENTAL_ORBAX_USE_DISTRIBUTED_PROCESS_ID.
[2026-04-19 15:20:08,206][absl][INFO] - [process=0][thread=MainThread] Using barrier_sync_fn: <function get_barrier_sync_fn.<locals>.<lambda> at 0x152689ee53a0> timeout: 600 secs and primary_host=0 for async checkpoint writes
[2026-04-19 15:20:08,211][absl][INFO] - Restoring checkpoint from /gpfs/home5/sfris1/ltr_datasets/ips_datasets/logging_policy_c10000_ps1p0_pt0p5_bs1p0_drop0rel0_sessallocv2_candfullv2_topx25_maxdocs200_lprdeep_lpsegreedysampler_lppct10p0.
[2026-04-19 15:20:08,237][absl][INFO] - [process=0] /jax/checkpoint/read/gbytes_per_sec: 0 Bytes/s (total gbytes: 21.4 KiB) (time elapsed: 24 milliseconds) (per-host)
[2026-04-19 15:20:08,237][absl][INFO] - Finished restoring checkpoint in 0.03 seconds from /gpfs/home5/sfris1/ltr_datasets/ips_datasets/logging_policy_c10000_ps1p0_pt0p5_bs1p0_drop0rel0_sessallocv2_candfullv2_topx25_maxdocs200_lprdeep_lpsegreedysampler_lppct10p0.
[2026-04-19 15:20:12,764][two_tower_confounding.experiments.data_pipeline][INFO] - Loaded click datasets in 66.40 seconds (train=7500, val=2500, test=0)
[2026-04-19 15:20:12,764][two_tower_confounding.experiments.data_pipeline][INFO] - Test split is label-only by design; no test click dataset was loaded.
[2026-04-19 15:20:12,764][two_tower_confounding.data.runtime.alignment][INFO] - Applying data cutoff override: configured=25, natural=25, effective=25
[2026-04-19 15:20:12,764][two_tower_confounding.data.runtime.alignment][INFO] - Applying data cutoff override: configured=25, natural=25, effective=25
[2026-04-19 15:20:12,888][two_tower_confounding.data.runtime.aggregation][INFO] - Initializing simulator...
[2026-04-19 15:20:12,889][two_tower_confounding.data.runtime.aggregation][INFO] - Aggregating train dataset...
[2026-04-19 15:20:18,215][two_tower_confounding.data.runtime.aggregation][INFO] - Aggregating validation dataset...
[2026-04-19 15:20:21,374][two_tower_confounding.data.runtime.aggregation][INFO] - Aggregating test dataset from labels only...
[2026-04-19 15:20:22,315][two_tower_confounding.data.runtime.aggregation][INFO] - Aggregation done in 9.43 seconds
[2026-04-19 15:20:22,316][two_tower_confounding.data.runtime.aggregation][INFO] - Session usage after aggregation: requested(train=7500,val=2500), actual(train=7500,val=2500,test=0)
[2026-04-19 15:20:22,316][two_tower_confounding.data.runtime.aggregation][INFO] - Dataset persistence disabled; skipping aggregated dataset cache save.
[2026-04-19 15:20:22,316][two_tower_confounding.experiments.ips_pipeline][INFO] - Test split uses label-only evaluation; raw test click diagnostics are skipped.
[2026-04-19 15:20:22,371][two_tower_confounding.experiments.diagnostics][INFO] - [Data] train_docs=2132810, val_docs=707814, test_docs=708921, cutoff=25
[2026-04-19 15:20:22,452][two_tower_confounding.experiments.diagnostics][INFO] - [Train] clicks=820, displays=182723, ctr=0.0045, ctr_per_doc=0.0045
[2026-04-19 15:20:22,523][two_tower_confounding.experiments.diagnostics][INFO] - [Validation] clicks=285, displays=60792, ctr=0.0047, ctr_per_doc=0.0047
[2026-04-19 15:20:22,594][two_tower_confounding.experiments.diagnostics][INFO] - [Test] clicks=0, displays=0, ctr=0.0000, ctr_per_doc=0.0000
[2026-04-19 15:20:22,594][two_tower_confounding.experiments.ips_pipeline][INFO] - Running estimator pipeline with model='ips'
[2026-04-19 15:20:22,594][two_tower_confounding.experiments.ips_pipeline][INFO] - Computing position bias (alpha)...
[2026-04-19 15:20:22,602][two_tower_confounding.experiments.position_bias_pipeline][WARNING] - Applying base epsilon=0.001 to 4 position-bias values while reading /gpfs/home5/sfris1/Doubly-Robust-Optimization-With-Two-Tower-Models/results/position_bias_csv_smoke.csv (invalid=0, below_floor=4).
[2026-04-19 15:20:22,602][two_tower_confounding.experiments.ips_pipeline][INFO] - Loaded CSV position bias from /gpfs/home5/sfris1/Doubly-Robust-Optimization-With-Two-Tower-Models/results/position_bias_csv_smoke.csv (method=global_all_pairs): [ 0.        -0.4920215 -1.9585952 -1.6669055 -2.3400593 -1.2984341
 -1.4000233 -1.97628   -2.3171015 -1.5302968 -1.8056777 -6.511131
 -6.9077554 -2.9905024 -2.2249844 -2.762062  -2.2274835 -6.1087966
 -6.9077554 -6.147115  -2.2584925 -6.9077554 -6.9077554 -2.5356207
 -2.3979325]
[2026-04-19 15:20:22,603][two_tower_confounding.experiments.propensity_pipeline][INFO] - Computing propensity per doc (method=propensity_mlp_regression)...
[2026-04-19 15:21:01,100][two_tower_confounding.experiments.propensity_pipeline][INFO] - Propensity computed in 38.50 seconds
[2026-04-19 15:21:01,101][two_tower_confounding.experiments.propensity_pipeline][INFO] - Alpha logits: [ 0.     -0.492  -1.9586 -1.6669 -2.3401 -1.2984 -1.4    -1.9763 -2.3171
 -1.5303 -1.8057 -6.5111 -6.9078 -2.9905 -2.225  -2.7621 -2.2275 -6.1088
 -6.9078 -6.1471 -2.2585 -6.9078 -6.9078 -2.5356 -2.3979]
[2026-04-19 15:21:01,102][two_tower_confounding.experiments.propensity_pipeline][INFO] - Alpha: [0.5    0.3794 0.1236 0.1588 0.0879 0.2144 0.1978 0.1217 0.0897 0.178
 0.1412 0.0015 0.001  0.0479 0.0975 0.0594 0.0973 0.0022 0.001  0.0021
 0.0946 0.001  0.001  0.0734 0.0833]
[2026-04-19 15:21:01,102][two_tower_confounding.experiments.propensity_pipeline][INFO] - Propensity clipping disabled.
[2026-04-19 15:21:01,103][two_tower_confounding.experiments.ips_pipeline][INFO] - Computing IPS doc weights...
[2026-04-19 15:21:01,780][two_tower_confounding.experiments.ips_pipeline][INFO] - Doc weights computed in 0.68 seconds
[2026-04-19 15:21:01,788][two_tower_confounding.experiments.model_pipeline][INFO] - Loading trainer (trainer_type='pl-rank', n_samples=100)...
[2026-04-19 15:21:01,790][two_tower_confounding.experiments.model_pipeline][INFO] - Trainer loaded in 0.00 seconds
[2026-04-19 15:21:01,790][two_tower_confounding.experiments.model_pipeline][INFO] - Training model...
[2026-04-19 15:24:07,996][two_tower_confounding.experiments.ips_pipeline][INFO] - Final evaluation results:
{'metrics': {'CTR': 0.6104428768157959,
             'DCG': 1.6953048706054688,
             'NCTR': 0.40033161640167236,
             'NDCG': 0.436166375875473,
             'NDCG@25': 0.436166375875473,
             'NRCTR': 0.40033161640167236,
             'RCTR': 0.6104428768157959}}
[2026-04-19 15:24:08,037][submitit][INFO] - Job completed successfully
[2026-04-19 15:24:08,047][submitit][INFO] - Exiting after successful completion
