[2026-06-18 17:00:01,276][feature_based_propensities_for_ULTR.experiments.config_resolver][WARNING] - test_clicks=500000 is ignored because test_set_mode='label_only'. Set test_set_mode='clicks' to enable legacy click-based test behavior.
[2026-06-18 17:00:01,281][feature_based_propensities_for_ULTR.experiments.data_pipeline][INFO] - Loading or generating click datasets...
[2026-06-18 17:01:29,732][absl][INFO] - orbax-checkpoint version: 0.11.40
[2026-06-18 17:01:29,733][absl][INFO] - save_device_host_concurrent_bytes=None
[2026-06-18 17:01:29,733][absl][INFO] - Created BasePyTreeCheckpointHandler: use_ocdbt=True, use_zarr3=False, pytree_metadata_options=PyTreeMetadataOptions(support_rich_types=False), array_metadata_store=<orbax.checkpoint._src.metadata.array_metadata_store.Store object at 0x152dc23de890>, enable_pinned_host_transfer=False, save_concurrent_bytes: 96000000000 (89.4 GiB), restore_concurrent_bytes: 96000000000 (89.4 GiB)
[2026-06-18 17:01:29,733][absl][INFO] - [thread=MainThread] Failed to get flag value for EXPERIMENTAL_ORBAX_USE_DISTRIBUTED_PROCESS_ID.
[2026-06-18 17:01:29,733][absl][INFO] - [process=0][thread=MainThread] Using barrier_sync_fn: <function get_barrier_sync_fn.<locals>.<lambda> at 0x152d26527920> timeout: 1200 secs and primary_host=0 for async checkpoint writes
[2026-06-18 17:01:29,734][absl][INFO] - [process=0] [sync] Started load checkpoint @ /gpfs/home5/sfris1/ltr_datasets/ips_datasets/istella_logging_policy_c10000_ps1p0_pt0p5_bs1p0_drop0rel0_sessallocv2_candfullv2_topx25_maxdocs200_lprdeep_lpsegreedysampler_lppct10p0.
[2026-06-18 17:01:29,736][absl][INFO] - Restoring checkpoint from /gpfs/home5/sfris1/ltr_datasets/ips_datasets/istella_logging_policy_c10000_ps1p0_pt0p5_bs1p0_drop0rel0_sessallocv2_candfullv2_topx25_maxdocs200_lprdeep_lpsegreedysampler_lppct10p0.
[2026-06-18 17:01:29,736][absl][INFO] - [process=0] [sync] Finished blocking load in 0.00 seconds. Continuing load @ /gpfs/home5/sfris1/ltr_datasets/ips_datasets/istella_logging_policy_c10000_ps1p0_pt0p5_bs1p0_drop0rel0_sessallocv2_candfullv2_topx25_maxdocs200_lprdeep_lpsegreedysampler_lppct10p0.
[2026-06-18 17:01:29,752][absl][INFO] - [process=0] /jax/orbax/read/worker/io/requested throughput: 2.775 MiB/s (total gbytes: 31.6 KiB) (time elapsed: 0.011129379272460938 s) (per-host)
[2026-06-18 17:01:29,754][absl][INFO] - [process=0] /jax/checkpoint/read/gbytes_per_sec: 1.853 MiB/s (total gbytes: 31.6 KiB) (time elapsed: 0.01666998863220215 s) (per-host)
[2026-06-18 17:01:29,754][absl][INFO] - [process=0] [sync] Finished load in 0.02 seconds @ /gpfs/home5/sfris1/ltr_datasets/ips_datasets/istella_logging_policy_c10000_ps1p0_pt0p5_bs1p0_drop0rel0_sessallocv2_candfullv2_topx25_maxdocs200_lprdeep_lpsegreedysampler_lppct10p0
[2026-06-18 17:01:34,923][feature_based_propensities_for_ULTR.experiments.data_pipeline][INFO] - Loaded click datasets in 93.64 seconds (train=7274, val=2726, test=0)
[2026-06-18 17:01:34,923][feature_based_propensities_for_ULTR.experiments.data_pipeline][INFO] - Test split is label-only by design; no test click dataset was loaded.
[2026-06-18 17:01:34,923][feature_based_propensities_for_ULTR.data.runtime.alignment][INFO] - Applying data cutoff override: configured=25, natural=25, effective=25
[2026-06-18 17:01:34,923][feature_based_propensities_for_ULTR.data.runtime.alignment][INFO] - Applying data cutoff override: configured=25, natural=25, effective=25
[2026-06-18 17:01:35,014][feature_based_propensities_for_ULTR.data.runtime.aggregation][INFO] - Initializing simulator...
[2026-06-18 17:01:35,015][feature_based_propensities_for_ULTR.data.runtime.aggregation][INFO] - Aggregating train dataset...
[2026-06-18 17:01:41,428][feature_based_propensities_for_ULTR.data.runtime.aggregation][INFO] - Aggregating validation dataset...
[2026-06-18 17:01:44,625][feature_based_propensities_for_ULTR.data.runtime.aggregation][INFO] - Aggregating test dataset from labels only...
[2026-06-18 17:01:46,223][feature_based_propensities_for_ULTR.data.runtime.aggregation][INFO] - Aggregation done in 11.21 seconds
[2026-06-18 17:01:46,224][feature_based_propensities_for_ULTR.data.runtime.aggregation][INFO] - Session usage after aggregation: requested(train=7274,val=2726), actual(train=7274,val=2726,test=0)
[2026-06-18 17:01:46,224][feature_based_propensities_for_ULTR.data.runtime.aggregation][INFO] - Dataset persistence disabled; skipping aggregated dataset cache save.
[2026-06-18 17:01:46,224][feature_based_propensities_for_ULTR.experiments.ips_pipeline][INFO] - Test split uses label-only evaluation; raw test click diagnostics are skipped.
[2026-06-18 17:01:46,276][feature_based_propensities_for_ULTR.experiments.diagnostics][INFO] - [Data] train_docs=2043304, val_docs=684076, test_docs=681250, cutoff=25
[2026-06-18 17:01:46,373][feature_based_propensities_for_ULTR.experiments.diagnostics][INFO] - [Train] clicks=1607, displays=180979, ctr=0.0089, ctr_per_doc=0.0089
[2026-06-18 17:01:46,462][feature_based_propensities_for_ULTR.experiments.diagnostics][INFO] - [Validation] clicks=579, displays=67675, ctr=0.0086, ctr_per_doc=0.0086
[2026-06-18 17:01:46,550][feature_based_propensities_for_ULTR.experiments.diagnostics][INFO] - [Test] clicks=0, displays=0, ctr=0.0000, ctr_per_doc=0.0000
[2026-06-18 17:01:46,550][feature_based_propensities_for_ULTR.experiments.ips_pipeline][INFO] - Running estimator pipeline with model='dm'
[2026-06-18 17:01:46,550][feature_based_propensities_for_ULTR.experiments.ips_pipeline][INFO] - Computing position bias (alpha)...
[2026-06-18 17:01:46,568][ultr_bias_toolkit.bias.intervention_harvesting.all_pairs][INFO] - Position bias estimation using global all pairs estimator
[2026-06-18 17:02:34,851][feature_based_propensities_for_ULTR.experiments.position_bias_pipeline][INFO] - Saved estimated position-bias curve to position_bias.json
[2026-06-18 17:02:34,852][feature_based_propensities_for_ULTR.experiments.ips_pipeline][INFO] - Estimated position bias in-run (estimator=global_all_pairs): [ 0.         -0.3055432  -0.30258992 -0.58978784 -1.1362298  -0.8917639
 -1.7676536  -1.3922502  -0.9631041  -1.776789   -1.1990101  -1.6239753
 -2.1371603  -1.1923398  -2.9893756  -1.2846924  -6.9077554  -0.96393466
 -6.9077554  -0.6710951  -6.048423   -1.7822202  -6.7264757  -6.4379215
 -2.4375105 ]
[2026-06-18 17:02:34,853][feature_based_propensities_for_ULTR.experiments.propensity_pipeline][INFO] - Computing propensity per doc (method=frequency_based)...
[2026-06-18 17:03:01,436][feature_based_propensities_for_ULTR.experiments.propensity_pipeline][INFO] - Propensity computed in 26.58 seconds
[2026-06-18 17:03:01,436][feature_based_propensities_for_ULTR.experiments.propensity_pipeline][INFO] - Alpha logits: [ 0.         -0.3055432  -0.30258992 -0.58978784 -1.1362298  -0.8917639
 -1.7676536  -1.3922502  -0.9631041  -1.776789   -1.1990101  -1.6239753
 -2.1371603  -1.1923398  -2.9893756  -1.2846924  -6.9077554  -0.96393466
 -6.9077554  -0.6710951  -6.048423   -1.7822202  -6.7264757  -6.4379215
 -2.4375105 ]
[2026-06-18 17:03:01,437][feature_based_propensities_for_ULTR.experiments.propensity_pipeline][INFO] - Alpha: [0.5        0.42420295 0.42492446 0.35668355 0.24301326 0.29074594
 0.14583437 0.19904876 0.27625713 0.1447001  0.23165137 0.16465735
 0.10553716 0.23284073 0.04790816 0.21675253 0.000999   0.2760911
 0.000999   0.33825168 0.00235602 0.14402919 0.00119732 0.00159717
 0.08035669]
[2026-06-18 17:03:01,438][feature_based_propensities_for_ULTR.experiments.propensity_pipeline][INFO] - Propensity clipping disabled.
[2026-06-18 17:03:02,888][feature_based_propensities_for_ULTR.experiments.regression_pipeline][INFO] - Training regression model for DM/DR...
[2026-06-18 17:03:10,509][feature_based_propensities_for_ULTR.experiments.regression_pipeline][INFO] - Regression epoch 3: train_loss=0.579282 val_loss=0.407792
[2026-06-18 17:03:17,067][feature_based_propensities_for_ULTR.experiments.regression_pipeline][INFO] - Regression epoch 6: train_loss=0.511585 val_loss=0.390090
[2026-06-18 17:03:23,655][feature_based_propensities_for_ULTR.experiments.regression_pipeline][INFO] - Regression epoch 9: train_loss=0.538498 val_loss=0.388857
[2026-06-18 17:03:30,222][feature_based_propensities_for_ULTR.experiments.regression_pipeline][INFO] - Regression epoch 12: train_loss=0.502654 val_loss=0.471708
[2026-06-18 17:03:36,139][feature_based_propensities_for_ULTR.experiments.ips_pipeline][INFO] - Computing DM doc weights...
[2026-06-18 17:03:36,140][feature_based_propensities_for_ULTR.experiments.ips_pipeline][INFO] - Doc weights computed in 0.00 seconds
[2026-06-18 17:03:36,150][feature_based_propensities_for_ULTR.experiments.model_pipeline][INFO] - Loading trainer (trainer_type='pl-rank', n_samples=100)...
[2026-06-18 17:03:36,152][feature_based_propensities_for_ULTR.experiments.model_pipeline][INFO] - Trainer loaded in 0.00 seconds
[2026-06-18 17:03:36,152][feature_based_propensities_for_ULTR.experiments.model_pipeline][INFO] - Training model...
[2026-06-18 17:41:10,006][feature_based_propensities_for_ULTR.experiments.ips_pipeline][INFO] - Final evaluation results:
{'metrics': {'CTR': 0.8601686954498291,
             'DCG': 1.3903987407684326,
             'NCTR': 0.35664430260658264,
             'NDCG': 0.4032997786998749,
             'NDCG@25': 0.4032997786998749,
             'NRCTR': 0.35664430260658264,
             'RCTR': 0.8601686954498291}}
[2026-06-18 17:41:10,040][submitit][INFO] - Job completed successfully
[2026-06-18 17:41:10,050][submitit][INFO] - Exiting after successful completion
