[2026-03-05 17:04:22,501][jax._src.xla_bridge][ERROR] - Jax plugin configuration error: Exception when calling jax_plugins.xla_cuda12.initialize()
Traceback (most recent call last):
  File "/gpfs/home5/sfris1/two-towers-confounding-project/.venv/lib/python3.11/site-packages/jax/_src/xla_bridge.py", line 485, in discover_pjrt_plugins
    plugin_module.initialize()
  File "/gpfs/home5/sfris1/two-towers-confounding-project/.venv/lib/python3.11/site-packages/jax_plugins/xla_cuda12/__init__.py", line 328, in initialize
    _check_cuda_versions(raise_on_first_error=True)
  File "/gpfs/home5/sfris1/two-towers-confounding-project/.venv/lib/python3.11/site-packages/jax_plugins/xla_cuda12/__init__.py", line 285, in _check_cuda_versions
    local_device_count = cuda_versions.cuda_device_count()
                         ^^^^^^^^^^^^^^^^^^^^^^^^^^^^^^^^^
RuntimeError: jaxlib/cuda/versions_helpers.cc:113: operation cuInit(0) failed: CUDA_ERROR_NO_DEVICE
[2026-03-05 17:04:24,343][two_tower_confounding.experiments.data_pipeline][INFO] - Loading or generating click datasets...
[2026-03-05 17:04:24,349][two_tower_confounding.experiments.data_pipeline][INFO] - clicks_from_sessions active: using train_clicks=5000, val_clicks=1665 (was train_clicks=1000000, val_clicks=500000)
[2026-03-05 17:06:07,428][absl][INFO] - orbax-checkpoint version: 0.11.25
[2026-03-05 17:06:07,428][absl][INFO] - Created BasePyTreeCheckpointHandler: use_ocdbt=True, use_zarr3=False, pytree_metadata_options=PyTreeMetadataOptions(support_rich_types=False), array_metadata_store=<orbax.checkpoint._src.metadata.array_metadata_store.Store object at 0x14a63ef77fd0>, enable_pinned_host_transfer=False, save_concurrent_bytes: 96000000000 (89.4 GiB), restore_concurrent_bytes: 96000000000 (89.4 GiB)
[2026-03-05 17:06:07,429][absl][INFO] - [thread=MainThread] Failed to get flag value for EXPERIMENTAL_ORBAX_USE_DISTRIBUTED_PROCESS_ID.
[2026-03-05 17:06:07,429][absl][INFO] - [process=0][thread=MainThread] Using barrier_sync_fn: <function get_barrier_sync_fn.<locals>.<lambda> at 0x14a41f5cc2c0> timeout: 600 secs and primary_host=0 for async checkpoint writes
[2026-03-05 17:06:07,430][absl][INFO] - [process=0] Started async saving checkpoint to /gpfs/home5/sfris1/ltr_datasets/ips_datasets/logging_policy_c1000000_ps1p0_pt0p9_bs1p0.
[2026-03-05 17:06:07,432][absl][INFO] - [process=0] Specified `force`: removing existing directory.
[2026-03-05 17:06:07,433][absl][INFO] - Using ThreadSafeKeyValueSignalingClient
[2026-03-05 17:06:07,436][absl][INFO] - Transferring arrays to host memory with options: use_replica_parallel=True, min_slice_bytes_for_replica_parallel=None, max_replicas_for_replica_parallel=None, enable_pinned_host_transfer=False
[2026-03-05 17:06:07,437][absl][INFO] - Creating tmp directory /gpfs/home5/sfris1/ltr_datasets/ips_datasets/logging_policy_c1000000_ps1p0_pt0p9_bs1p0.orbax-checkpoint-tmp
[2026-03-05 17:06:07,438][absl][INFO] - [process=0][thread=MainThread] Initiated "orbax.checkpoint._src.serialization.type_handlers.ArrayHandler".serialize. Time taken: 0.001962s
[2026-03-05 17:06:07,439][absl][INFO] - [process=0] /jax/checkpoint/write/blocking_gbytes_per_sec: 0 Bytes/s (total gbytes: 21.4 KiB) (time elapsed: 5 milliseconds) (per-host)
[2026-03-05 17:06:07,439][absl][INFO] - [process=0][thread=MainThread] Initiated Pytree async_save. Time taken: 0.005888s (batch_requests_ready=0.001663s, total_serialization_initiated=0.003409s, others=0.000817s)
[2026-03-05 17:06:07,441][absl][INFO] - Wrote Metadata={'item_handlers': None, 'metrics': {}, 'performance_metrics': {}, 'init_timestamp_nsecs': 1772726767440005809, 'commit_timestamp_nsecs': None, 'custom_metadata': {}}, json={"item_handlers": null, "metrics": {}, "performance_metrics": {}, "init_timestamp_nsecs": 1772726767440005809, "commit_timestamp_nsecs": null, "custom_metadata": {}} to /gpfs/home5/sfris1/ltr_datasets/ips_datasets/logging_policy_c1000000_ps1p0_pt0p9_bs1p0.orbax-checkpoint-tmp/_CHECKPOINT_METADATA
[2026-03-05 17:06:07,442][absl][INFO] - [process=0][thread=async_save] Background save thread started.
[2026-03-05 17:06:07,442][absl][INFO] - Finished blocking save. Time taken: 0.012874s. Continuing background save to /gpfs/home5/sfris1/ltr_datasets/ips_datasets/logging_policy_c1000000_ps1p0_pt0p9_bs1p0.
[2026-03-05 17:06:07,446][absl][INFO] - [process=0][thread=MainThread] Waiting for background save thread=async_save.
[2026-03-05 17:06:07,448][absl][INFO] - [process=0][thread=array_type_handler] Wrote 6 array_metadata.ArrayMetadata to /gpfs/home5/sfris1/ltr_datasets/ips_datasets/logging_policy_c1000000_ps1p0_pt0p9_bs1p0.orbax-checkpoint-tmp/array_metadatas/process_0
[2026-03-05 17:06:07,484][absl][INFO] - [process=0][thread=write_metadata_after_commits] Commit + Array metadata written. Time taken: 0.040768s (commit=0.039124s, array_metadata_write=0.001644s)
[2026-03-05 17:06:07,485][absl][INFO] - [process=0] /jax/checkpoint/write/gbytes_per_sec: 0 Bytes/s (total gbytes: 21.4 KiB) (time elapsed: 51 milliseconds) (per-host)
[2026-03-05 17:06:07,485][absl][INFO] - [process=0][thread=async_save] 2 Handler Commit operations completed. Time taken: 0.041802s.
[2026-03-05 17:06:07,486][absl][INFO] - Read Metadata={'item_handlers': None, 'metrics': {}, 'performance_metrics': {}, 'init_timestamp_nsecs': 1772726767440005809, 'commit_timestamp_nsecs': None, 'custom_metadata': {}} from /gpfs/home5/sfris1/ltr_datasets/ips_datasets/logging_policy_c1000000_ps1p0_pt0p9_bs1p0.orbax-checkpoint-tmp/_CHECKPOINT_METADATA
[2026-03-05 17:06:07,488][absl][INFO] - Updated Metadata={'item_handlers': 'orbax.checkpoint._src.handlers.standard_checkpoint_handler.StandardCheckpointHandler', 'metrics': {}, 'performance_metrics': {}, 'init_timestamp_nsecs': 1772726767440005809, 'commit_timestamp_nsecs': None, 'custom_metadata': {}} to /gpfs/home5/sfris1/ltr_datasets/ips_datasets/logging_policy_c1000000_ps1p0_pt0p9_bs1p0.orbax-checkpoint-tmp/_CHECKPOINT_METADATA
[2026-03-05 17:06:07,489][absl][INFO] - [process=0][thread=async_save] Skipped cross-host ArrayMetadata validation because only one process is found: process_index=0.
[2026-03-05 17:06:07,493][absl][INFO] - [process=0][thread=async_save] Pytree save finalize (merge_ocdbt + ArrayMetadata validation) completed. Time taken: 0.006963s. use_zarr3=False, enable_post_merge_validation=True, directory=/gpfs/home5/sfris1/ltr_datasets/ips_datasets/logging_policy_c1000000_ps1p0_pt0p9_bs1p0.orbax-checkpoint-tmp
[2026-03-05 17:06:07,494][absl][INFO] - Renaming /gpfs/home5/sfris1/ltr_datasets/ips_datasets/logging_policy_c1000000_ps1p0_pt0p9_bs1p0.orbax-checkpoint-tmp to /gpfs/home5/sfris1/ltr_datasets/ips_datasets/logging_policy_c1000000_ps1p0_pt0p9_bs1p0
[2026-03-05 17:06:07,495][absl][INFO] - [process=0][thread=async_save] Finished saving checkpoint (finalized tmp dir) to `/gpfs/home5/sfris1/ltr_datasets/ips_datasets/logging_policy_c1000000_ps1p0_pt0p9_bs1p0`.
[2026-03-05 17:06:07,496][absl][INFO] - Finished async_save (blocking + background). Time taken: 0.066219s. directory=/gpfs/home5/sfris1/ltr_datasets/ips_datasets/logging_policy_c1000000_ps1p0_pt0p9_bs1p0
[2026-03-05 17:06:07,496][absl][INFO] - [process=0][thread=async_save] Background save thread done. Time taken: 0.052822s.
[2026-03-05 17:06:07,496][absl][INFO] - [process=0][thread=MainThread] Done with waiting for background save thread=async_save.
[2026-03-05 17:06:07,497][absl][INFO] - [process=0][thread=MainThread] No errors found in background save thread=async_save.
[2026-03-05 17:07:38,323][two_tower_confounding.experiments.data_pipeline][INFO] - Loaded click datasets in 193.98 seconds (train=5000, val=1665, test=500000)
[2026-03-05 17:07:38,454][two_tower_confounding.experiments.data_pipeline][INFO] - Initializing simulator...
[2026-03-05 17:07:38,455][two_tower_confounding.experiments.data_pipeline][INFO] - Aggregating train dataset...
[2026-03-05 17:07:43,242][two_tower_confounding.experiments.data_pipeline][INFO] - Aggregating validation dataset...
[2026-03-05 17:07:46,990][two_tower_confounding.experiments.data_pipeline][INFO] - Aggregating test dataset...
[2026-03-05 17:07:51,424][two_tower_confounding.experiments.data_pipeline][INFO] - Aggregation done in 12.97 seconds
[2026-03-05 17:08:48,092][two_tower_confounding.experiments.data_pipeline][INFO] - Saved aggregated datasets to /home/sfris1/ltr_datasets/ips_datasets
[2026-03-05 17:08:48,121][two_tower_confounding.experiments.ips_pipeline][INFO] - Running estimator pipeline with model='ips'
[2026-03-05 17:08:48,122][two_tower_confounding.experiments.ips_pipeline][INFO] - Computing position bias (alpha)...
[2026-03-05 17:08:48,188][two_tower_confounding.experiments.propensity_pipeline][INFO] - Computing propensity per doc (method=frequency_based)...
[2026-03-05 17:08:51,118][two_tower_confounding.experiments.propensity_pipeline][INFO] - Propensity computed in 2.93 seconds
[2026-03-05 17:08:51,142][two_tower_confounding.experiments.propensity_pipeline][INFO] - Propensity clipping disabled.
[2026-03-05 17:08:51,143][two_tower_confounding.experiments.ips_pipeline][INFO] - Computing IPS doc weights...
[2026-03-05 17:08:51,867][two_tower_confounding.experiments.ips_pipeline][INFO] - Doc weights computed in 0.72 seconds
[2026-03-05 17:08:51,876][two_tower_confounding.experiments.model_pipeline][INFO] - Loading trainer (trainer_type='pl-rank', n_samples=100)...
[2026-03-05 17:08:51,877][two_tower_confounding.experiments.model_pipeline][INFO] - Trainer loaded in 0.00 seconds
[2026-03-05 17:08:51,877][two_tower_confounding.experiments.model_pipeline][INFO] - Training model...
[2026-03-05 17:09:12,953][two_tower_confounding.experiments.ips_pipeline][INFO] - Final evaluation results:
{'metrics': {'CTR': 1.458693504333496,
             'DCG': 3.8940112590789795,
             'NCTR': 0.8009771704673767,
             'NDCG': 0.8738927841186523,
             'NRCTR': 0.8009771704673767,
             'RCTR': 1.458693504333496}}
[2026-03-05 17:09:14,441][submitit][INFO] - Job completed successfully
[2026-03-05 17:09:14,451][submitit][INFO] - Exiting after successful completion
[2026-03-05 17:16:26,820][jax._src.xla_bridge][ERROR] - Jax plugin configuration error: Exception when calling jax_plugins.xla_cuda12.initialize()
Traceback (most recent call last):
  File "/gpfs/home5/sfris1/two-towers-confounding-project/.venv/lib/python3.11/site-packages/jax/_src/xla_bridge.py", line 485, in discover_pjrt_plugins
    plugin_module.initialize()
  File "/gpfs/home5/sfris1/two-towers-confounding-project/.venv/lib/python3.11/site-packages/jax_plugins/xla_cuda12/__init__.py", line 328, in initialize
    _check_cuda_versions(raise_on_first_error=True)
  File "/gpfs/home5/sfris1/two-towers-confounding-project/.venv/lib/python3.11/site-packages/jax_plugins/xla_cuda12/__init__.py", line 285, in _check_cuda_versions
    local_device_count = cuda_versions.cuda_device_count()
                         ^^^^^^^^^^^^^^^^^^^^^^^^^^^^^^^^^
RuntimeError: jaxlib/cuda/versions_helpers.cc:113: operation cuInit(0) failed: CUDA_ERROR_NO_DEVICE
[2026-03-05 17:16:31,120][two_tower_confounding.experiments.data_pipeline][INFO] - Loading aggregated datasets from /home/sfris1/ltr_datasets/ips_datasets...
[2026-03-05 17:16:36,372][two_tower_confounding.experiments.ips_pipeline][INFO] - Running estimator pipeline with model='ips'
[2026-03-05 17:16:36,373][two_tower_confounding.experiments.ips_pipeline][INFO] - Computing position bias (alpha)...
[2026-03-05 17:16:36,438][two_tower_confounding.experiments.propensity_pipeline][INFO] - Computing propensity per doc (method=frequency_based)...
[2026-03-05 17:16:39,433][two_tower_confounding.experiments.propensity_pipeline][INFO] - Propensity computed in 2.99 seconds
[2026-03-05 17:16:39,449][two_tower_confounding.experiments.propensity_pipeline][INFO] - Propensity clipping disabled.
[2026-03-05 17:16:39,450][two_tower_confounding.experiments.ips_pipeline][INFO] - Computing IPS doc weights...
[2026-03-05 17:16:40,185][two_tower_confounding.experiments.ips_pipeline][INFO] - Doc weights computed in 0.73 seconds
[2026-03-05 17:16:41,231][two_tower_confounding.experiments.model_pipeline][INFO] - Loading trainer (trainer_type='pl-rank', n_samples=100)...
[2026-03-05 17:16:41,232][two_tower_confounding.experiments.model_pipeline][INFO] - Trainer loaded in 0.00 seconds
[2026-03-05 17:16:41,233][two_tower_confounding.experiments.model_pipeline][INFO] - Training model...
[2026-03-05 17:17:02,933][two_tower_confounding.experiments.ips_pipeline][INFO] - Final evaluation results:
{'metrics': {'CTR': 1.4596768617630005,
             'DCG': 3.895555257797241,
             'NCTR': 0.8016224503517151,
             'NDCG': 0.8743281364440918,
             'NRCTR': 0.8016224503517151,
             'RCTR': 1.4596768617630005}}
[2026-03-05 17:17:05,390][submitit][INFO] - Job completed successfully
[2026-03-05 17:17:05,399][submitit][INFO] - Exiting after successful completion
