[2026-04-16 14:21:27,614][jax._src.xla_bridge][ERROR] - Jax plugin configuration error: Exception when calling jax_plugins.xla_cuda12.initialize()
Traceback (most recent call last):
  File "/gpfs/home5/sfris1/two-towers-confounding-project/.venv/lib/python3.11/site-packages/jax/_src/xla_bridge.py", line 485, in discover_pjrt_plugins
    plugin_module.initialize()
  File "/gpfs/home5/sfris1/two-towers-confounding-project/.venv/lib/python3.11/site-packages/jax_plugins/xla_cuda12/__init__.py", line 328, in initialize
    _check_cuda_versions(raise_on_first_error=True)
  File "/gpfs/home5/sfris1/two-towers-confounding-project/.venv/lib/python3.11/site-packages/jax_plugins/xla_cuda12/__init__.py", line 285, in _check_cuda_versions
    local_device_count = cuda_versions.cuda_device_count()
                         ^^^^^^^^^^^^^^^^^^^^^^^^^^^^^^^^^
RuntimeError: jaxlib/cuda/versions_helpers.cc:113: operation cuInit(0) failed: CUDA_ERROR_NO_DEVICE
[2026-04-16 14:21:29,437][two_tower_confounding.experiments.ips_pipeline][WARNING] - wandb.init failed (Error uploading run: returned error 403: {"data":{"upsertBucket":null},"errors":[{"message":"permission denied","path":["upsertBucket"],"extensions":{"code":"PERMISSION_ERROR"}}]}). Continuing with local logging only.
[2026-04-16 14:21:29,437][two_tower_confounding.experiments.ips_pipeline][WARNING] - Disabling wandb for trainer components because initialization failed.
[2026-04-16 14:21:29,438][two_tower_confounding.experiments.config_resolver][WARNING] - test_clicks=500000 is ignored because test_set_mode='label_only'. Set test_set_mode='clicks' to enable legacy click-based test behavior.
[2026-04-16 14:21:29,444][two_tower_confounding.experiments.data_pipeline][INFO] - Loading or generating click datasets...
[2026-04-16 14:23:22,713][absl][INFO] - orbax-checkpoint version: 0.11.25
[2026-04-16 14:23:22,713][absl][INFO] - Created BasePyTreeCheckpointHandler: use_ocdbt=True, use_zarr3=False, pytree_metadata_options=PyTreeMetadataOptions(support_rich_types=False), array_metadata_store=<orbax.checkpoint._src.metadata.array_metadata_store.Store object at 0x152a09f583d0>, enable_pinned_host_transfer=False, save_concurrent_bytes: 96000000000 (89.4 GiB), restore_concurrent_bytes: 96000000000 (89.4 GiB)
[2026-04-16 14:23:22,714][absl][INFO] - [thread=MainThread] Failed to get flag value for EXPERIMENTAL_ORBAX_USE_DISTRIBUTED_PROCESS_ID.
[2026-04-16 14:23:22,714][absl][INFO] - [process=0][thread=MainThread] Using barrier_sync_fn: <function get_barrier_sync_fn.<locals>.<lambda> at 0x152968bbb740> timeout: 600 secs and primary_host=0 for async checkpoint writes
[2026-04-16 14:23:22,715][absl][INFO] - [process=0] Started async saving checkpoint to /gpfs/home5/sfris1/ltr_datasets/ips_datasets/istella_logging_policy_c10000_ps1p0_pt0p75_bs1p0_drop0rel0_sessallocv2_candfullv2_topx25_maxdocs200_lprdeep_lpsegreedysampler_lppct10p0.
[2026-04-16 14:23:22,719][absl][INFO] - [process=0] Specified `force`: removing existing directory.
[2026-04-16 14:23:22,759][absl][INFO] - Using ThreadSafeKeyValueSignalingClient
[2026-04-16 14:23:22,763][absl][INFO] - Transferring arrays to host memory with options: use_replica_parallel=True, min_slice_bytes_for_replica_parallel=None, max_replicas_for_replica_parallel=None, enable_pinned_host_transfer=False
[2026-04-16 14:23:22,764][absl][INFO] - Creating tmp directory /gpfs/home5/sfris1/ltr_datasets/ips_datasets/istella_logging_policy_c10000_ps1p0_pt0p75_bs1p0_drop0rel0_sessallocv2_candfullv2_topx25_maxdocs200_lprdeep_lpsegreedysampler_lppct10p0.orbax-checkpoint-tmp
[2026-04-16 14:23:22,765][absl][INFO] - [process=0][thread=MainThread] Initiated "orbax.checkpoint._src.serialization.type_handlers.ArrayHandler".serialize. Time taken: 0.001463s
[2026-04-16 14:23:22,766][absl][INFO] - [process=0] /jax/checkpoint/write/blocking_gbytes_per_sec: 0 Bytes/s (total gbytes: 31.6 KiB) (time elapsed: 5 milliseconds) (per-host)
[2026-04-16 14:23:22,767][absl][INFO] - [process=0][thread=MainThread] Initiated Pytree async_save. Time taken: 0.006394s (batch_requests_ready=0.001788s, total_serialization_initiated=0.003449s, others=0.001157s)
[2026-04-16 14:23:22,768][absl][INFO] - Wrote Metadata={'item_handlers': None, 'metrics': {}, 'performance_metrics': {}, 'init_timestamp_nsecs': 1776342202766512935, 'commit_timestamp_nsecs': None, 'custom_metadata': {}}, json={"item_handlers": null, "metrics": {}, "performance_metrics": {}, "init_timestamp_nsecs": 1776342202766512935, "commit_timestamp_nsecs": null, "custom_metadata": {}} to /gpfs/home5/sfris1/ltr_datasets/ips_datasets/istella_logging_policy_c10000_ps1p0_pt0p75_bs1p0_drop0rel0_sessallocv2_candfullv2_topx25_maxdocs200_lprdeep_lpsegreedysampler_lppct10p0.orbax-checkpoint-tmp/_CHECKPOINT_METADATA
[2026-04-16 14:23:22,769][absl][INFO] - [process=0][thread=async_save] Background save thread started.
[2026-04-16 14:23:22,769][absl][INFO] - Finished blocking save. Time taken: 0.054592s. Continuing background save to /gpfs/home5/sfris1/ltr_datasets/ips_datasets/istella_logging_policy_c10000_ps1p0_pt0p75_bs1p0_drop0rel0_sessallocv2_candfullv2_topx25_maxdocs200_lprdeep_lpsegreedysampler_lppct10p0.
[2026-04-16 14:23:22,775][absl][INFO] - [process=0][thread=MainThread] Waiting for background save thread=async_save.
[2026-04-16 14:23:24,121][absl][INFO] - [process=0][thread=array_type_handler] Wrote 6 array_metadata.ArrayMetadata to /gpfs/home5/sfris1/ltr_datasets/ips_datasets/istella_logging_policy_c10000_ps1p0_pt0p75_bs1p0_drop0rel0_sessallocv2_candfullv2_topx25_maxdocs200_lprdeep_lpsegreedysampler_lppct10p0.orbax-checkpoint-tmp/array_metadatas/process_0
[2026-04-16 14:23:24,125][absl][ERROR] - [process=0] Failed to run 2 Handler Commit operations or the Commit callback in background save thread, directory: /gpfs/home5/sfris1/ltr_datasets/ips_datasets/istella_logging_policy_c10000_ps1p0_pt0p75_bs1p0_drop0rel0_sessallocv2_candfullv2_topx25_maxdocs200_lprdeep_lpsegreedysampler_lppct10p0
Traceback (most recent call last):
  File "/gpfs/home5/sfris1/two-towers-confounding-project/.venv/lib/python3.11/site-packages/orbax/checkpoint/_src/checkpointers/async_checkpointer.py", line 215, in _thread_func
    _background_wait_for_commit_futures(
  File "/gpfs/home5/sfris1/two-towers-confounding-project/.venv/lib/python3.11/site-packages/orbax/checkpoint/_src/checkpointers/async_checkpointer.py", line 88, in _background_wait_for_commit_futures
    commit_future.result()
  File "/gpfs/home5/sfris1/two-towers-confounding-project/.venv/lib/python3.11/site-packages/orbax/checkpoint/_src/futures/future.py", line 195, in result
    f.result(timeout=time_remaining)
  File "/gpfs/home5/sfris1/two-towers-confounding-project/.venv/lib/python3.11/site-packages/orbax/checkpoint/_src/futures/future.py", line 440, in result
    return self._f.result(timeout=timeout)
           ^^^^^^^^^^^^^^^^^^^^^^^^^^^^^^^
  File "/gpfs/home5/sfris1/two-towers-confounding-project/.venv/lib/python3.11/site-packages/orbax/checkpoint/_src/futures/future.py", line 389, in result
    return self._t.result(timeout=timeout)
           ^^^^^^^^^^^^^^^^^^^^^^^^^^^^^^^
  File "/gpfs/home5/sfris1/two-towers-confounding-project/.venv/lib/python3.11/site-packages/orbax/checkpoint/_src/futures/future.py", line 338, in result
    self.join(timeout=timeout)
  File "/gpfs/home5/sfris1/two-towers-confounding-project/.venv/lib/python3.11/site-packages/orbax/checkpoint/_src/futures/future.py", line 335, in join
    raise self._exception
  File "/gpfs/home5/sfris1/two-towers-confounding-project/.venv/lib/python3.11/site-packages/orbax/checkpoint/_src/futures/future.py", line 311, in run
    super().run()
  File "/sw/arch/RHEL8/EB_production/2023/software/Anaconda3/2023.07-2/lib/python3.11/threading.py", line 975, in run
    self._target(*self._args, **self._kwargs)
  File "/gpfs/home5/sfris1/two-towers-confounding-project/.venv/lib/python3.11/site-packages/orbax/checkpoint/_src/futures/future.py", line 256, in _target_setting_result
    self._result = target()
                   ^^^^^^^^
  File "/gpfs/home5/sfris1/two-towers-confounding-project/.venv/lib/python3.11/site-packages/orbax/checkpoint/_src/futures/future.py", line 382, in <lambda>
    target=lambda: asyncio_utils.run_sync(coro),
                   ^^^^^^^^^^^^^^^^^^^^^^^^^^^^
  File "/gpfs/home5/sfris1/two-towers-confounding-project/.venv/lib/python3.11/site-packages/orbax/checkpoint/_src/asyncio_utils.py", line 36, in run_sync
    return asyncio.run(coro)
           ^^^^^^^^^^^^^^^^^
  File "/sw/arch/RHEL8/EB_production/2023/software/Anaconda3/2023.07-2/lib/python3.11/asyncio/runners.py", line 190, in run
    return runner.run(main)
           ^^^^^^^^^^^^^^^^
  File "/sw/arch/RHEL8/EB_production/2023/software/Anaconda3/2023.07-2/lib/python3.11/asyncio/runners.py", line 118, in run
    return self._loop.run_until_complete(task)
           ^^^^^^^^^^^^^^^^^^^^^^^^^^^^^^^^^^^
  File "/sw/arch/RHEL8/EB_production/2023/software/Anaconda3/2023.07-2/lib/python3.11/asyncio/base_events.py", line 653, in run_until_complete
    return future.result()
           ^^^^^^^^^^^^^^^
  File "/gpfs/home5/sfris1/two-towers-confounding-project/.venv/lib/python3.11/site-packages/orbax/checkpoint/_src/handlers/base_pytree_checkpoint_handler.py", line 1107, in _write_metadata_after_commits
    await asyncio.to_thread(commit_future.result)
  File "/sw/arch/RHEL8/EB_production/2023/software/Anaconda3/2023.07-2/lib/python3.11/asyncio/threads.py", line 25, in to_thread
    return await loop.run_in_executor(None, func_call)
           ^^^^^^^^^^^^^^^^^^^^^^^^^^^^^^^^^^^^^^^^^^^
  File "/sw/arch/RHEL8/EB_production/2023/software/Anaconda3/2023.07-2/lib/python3.11/concurrent/futures/thread.py", line 58, in run
    result = self.fn(*self.args, **self.kwargs)
             ^^^^^^^^^^^^^^^^^^^^^^^^^^^^^^^^^^
  File "/gpfs/home5/sfris1/two-towers-confounding-project/.venv/lib/python3.11/site-packages/orbax/checkpoint/_src/futures/future.py", line 440, in result
    return self._f.result(timeout=timeout)
           ^^^^^^^^^^^^^^^^^^^^^^^^^^^^^^^
  File "/gpfs/home5/sfris1/two-towers-confounding-project/.venv/lib/python3.11/site-packages/orbax/checkpoint/_src/futures/future.py", line 389, in result
    return self._t.result(timeout=timeout)
           ^^^^^^^^^^^^^^^^^^^^^^^^^^^^^^^
  File "/gpfs/home5/sfris1/two-towers-confounding-project/.venv/lib/python3.11/site-packages/orbax/checkpoint/_src/futures/future.py", line 338, in result
    self.join(timeout=timeout)
  File "/gpfs/home5/sfris1/two-towers-confounding-project/.venv/lib/python3.11/site-packages/orbax/checkpoint/_src/futures/future.py", line 335, in join
    raise self._exception
  File "/gpfs/home5/sfris1/two-towers-confounding-project/.venv/lib/python3.11/site-packages/orbax/checkpoint/_src/futures/future.py", line 311, in run
    super().run()
  File "/sw/arch/RHEL8/EB_production/2023/software/Anaconda3/2023.07-2/lib/python3.11/threading.py", line 975, in run
    self._target(*self._args, **self._kwargs)
  File "/gpfs/home5/sfris1/two-towers-confounding-project/.venv/lib/python3.11/site-packages/orbax/checkpoint/_src/futures/future.py", line 256, in _target_setting_result
    self._result = target()
                   ^^^^^^^^
  File "/gpfs/home5/sfris1/two-towers-confounding-project/.venv/lib/python3.11/site-packages/orbax/checkpoint/_src/futures/future.py", line 382, in <lambda>
    target=lambda: asyncio_utils.run_sync(coro),
                   ^^^^^^^^^^^^^^^^^^^^^^^^^^^^
  File "/gpfs/home5/sfris1/two-towers-confounding-project/.venv/lib/python3.11/site-packages/orbax/checkpoint/_src/asyncio_utils.py", line 36, in run_sync
    return asyncio.run(coro)
           ^^^^^^^^^^^^^^^^^
  File "/sw/arch/RHEL8/EB_production/2023/software/Anaconda3/2023.07-2/lib/python3.11/asyncio/runners.py", line 190, in run
    return runner.run(main)
           ^^^^^^^^^^^^^^^^
  File "/sw/arch/RHEL8/EB_production/2023/software/Anaconda3/2023.07-2/lib/python3.11/asyncio/runners.py", line 118, in run
    return self._loop.run_until_complete(task)
           ^^^^^^^^^^^^^^^^^^^^^^^^^^^^^^^^^^^
  File "/sw/arch/RHEL8/EB_production/2023/software/Anaconda3/2023.07-2/lib/python3.11/asyncio/base_events.py", line 653, in run_until_complete
    return future.result()
           ^^^^^^^^^^^^^^^
  File "/gpfs/home5/sfris1/two-towers-confounding-project/.venv/lib/python3.11/site-packages/orbax/checkpoint/_src/serialization/type_handlers.py", line 1121, in _background_serialize
    await asyncio.gather(*write_coros)
  File "/gpfs/home5/sfris1/two-towers-confounding-project/.venv/lib/python3.11/site-packages/orbax/checkpoint/_src/serialization/serialization.py", line 317, in async_serialize_from_host
    await ts.open(
ValueError: NOT_FOUND: Error opening "zarr" driver: Error writing "modules.0.bias.value/.zarray" in OCDBT database at local file "/gpfs/home5/sfris1/ltr_datasets/ips_datasets/istella_logging_policy_c10000_ps1p0_pt0p75_bs1p0_drop0rel0_sessallocv2_candfullv2_topx25_maxdocs200_lprdeep_lpsegreedysampler_lppct10p0.orbax-checkpoint-tmp/ocdbt.process_0/": Failed to rename fd: 24 "/gpfs/home5/sfris1/ltr_datasets/ips_datasets/istella_logging_policy_c10000_ps1p0_pt0p75_bs1p0_drop0rel0_sessallocv2_candfullv2_topx25_maxdocs200_lprdeep_lpsegreedysampler_lppct10p0.orbax-checkpoint-tmp/ocdbt.process_0/d/491045928ce6c3dc947348ddef8ee0d6.__lock" to: "/gpfs/home5/sfris1/ltr_datasets/ips_datasets/istella_logging_policy_c10000_ps1p0_pt0p75_bs1p0_drop0rel0_sessallocv2_candfullv2_topx25_maxdocs200_lprdeep_lpsegreedysampler_lppct10p0.orbax-checkpoint-tmp/ocdbt.process_0/d/491045928ce6c3dc947348ddef8ee0d6" [OS error 2: ENOENT No such file or directory] [source locations='tensorstore/internal/os/file_util_posix.cc:382\ntensorstore/kvstore/file/file_key_value_store.cc:600\ntensorstore/kvstore/transaction.cc:133\ntensorstore/driver/driver.cc:121'] [tensorstore_spec='{\"context\":{\"cache_pool\":{},\"cache_pool#ocdbt\":{\"total_bytes_limit\":100000000},\"data_copy_concurrency\":{},\"file_io_concurrency\":{\"limit\":128},\"file_io_locking\":{},\"file_io_memmap\":false,\"file_io_sync\":true,\"ocdbt_coordinator\":{}},\"create\":true,\"driver\":\"zarr\",\"dtype\":\"float32\",\"kvstore\":{\"assume_config\":true,\"base\":{\"driver\":\"file\",\"path\":\"/gpfs/home5/sfris1/ltr_datasets/ips_datasets/istella_logging_policy_c10000_ps1p0_pt0p75_bs1p0_drop0rel0_sessallocv2_candfullv2_topx25_maxdocs200_lprdeep_lpsegreedysampler_lppct10p0.orbax-checkpoint-tmp/ocdbt.process_0/\"},\"cache_pool\":\"cache_pool#ocdbt\",\"config\":{\"manifest_kind\":\"single\",\"max_decoded_node_bytes\":100000000,\"max_inline_value_bytes\":1024},\"driver\":\"ocdbt\",\"path\":\"modules.0.bias.value/\"},\"metadata\":{\"chunks\":[32],\"compressor\":{\"id\":\"zstd\",\"level\":1},\"shape\":[32]},\"open\":true,\"recheck_cached_data\":false,\"recheck_cached_metadata\":false,\"store_data_equal_to_fill_value\":true}']
[2026-04-16 14:23:24,206][absl][INFO] - [process=0][thread=MainThread] Done with waiting for background save thread=async_save.
[2026-04-16 14:23:24,206][submitit][INFO] - Job completed successfully
[2026-04-16 14:23:24,216][submitit][INFO] - Exiting after successful completion
[2026-04-16 16:03:49,660][jax._src.xla_bridge][ERROR] - Jax plugin configuration error: Exception when calling jax_plugins.xla_cuda12.initialize()
Traceback (most recent call last):
  File "/gpfs/home5/sfris1/two-towers-confounding-project/.venv/lib/python3.11/site-packages/jax/_src/xla_bridge.py", line 485, in discover_pjrt_plugins
    plugin_module.initialize()
  File "/gpfs/home5/sfris1/two-towers-confounding-project/.venv/lib/python3.11/site-packages/jax_plugins/xla_cuda12/__init__.py", line 328, in initialize
    _check_cuda_versions(raise_on_first_error=True)
  File "/gpfs/home5/sfris1/two-towers-confounding-project/.venv/lib/python3.11/site-packages/jax_plugins/xla_cuda12/__init__.py", line 285, in _check_cuda_versions
    local_device_count = cuda_versions.cuda_device_count()
                         ^^^^^^^^^^^^^^^^^^^^^^^^^^^^^^^^^
RuntimeError: jaxlib/cuda/versions_helpers.cc:113: operation cuInit(0) failed: CUDA_ERROR_NO_DEVICE
[2026-04-16 16:03:50,948][two_tower_confounding.experiments.ips_pipeline][WARNING] - wandb.init failed (Error uploading run: returned error 403: {"data":{"upsertBucket":null},"errors":[{"message":"permission denied","path":["upsertBucket"],"extensions":{"code":"PERMISSION_ERROR"}}]}). Continuing with local logging only.
[2026-04-16 16:03:50,953][two_tower_confounding.experiments.ips_pipeline][WARNING] - Disabling wandb for trainer components because initialization failed.
[2026-04-16 16:03:50,954][two_tower_confounding.experiments.config_resolver][WARNING] - test_clicks=500000 is ignored because test_set_mode='label_only'. Set test_set_mode='clicks' to enable legacy click-based test behavior.
[2026-04-16 16:03:50,959][two_tower_confounding.experiments.data_pipeline][INFO] - Loading or generating click datasets...
[2026-04-16 16:05:23,731][absl][INFO] - orbax-checkpoint version: 0.11.25
[2026-04-16 16:05:23,733][absl][INFO] - Created BasePyTreeCheckpointHandler: use_ocdbt=True, use_zarr3=False, pytree_metadata_options=PyTreeMetadataOptions(support_rich_types=False), array_metadata_store=<orbax.checkpoint._src.metadata.array_metadata_store.Store object at 0x14b32034f650>, enable_pinned_host_transfer=False, save_concurrent_bytes: 96000000000 (89.4 GiB), restore_concurrent_bytes: 96000000000 (89.4 GiB)
[2026-04-16 16:05:23,733][absl][INFO] - [thread=MainThread] Failed to get flag value for EXPERIMENTAL_ORBAX_USE_DISTRIBUTED_PROCESS_ID.
[2026-04-16 16:05:23,733][absl][INFO] - [process=0][thread=MainThread] Using barrier_sync_fn: <function get_barrier_sync_fn.<locals>.<lambda> at 0x14b1ca0e8540> timeout: 600 secs and primary_host=0 for async checkpoint writes
[2026-04-16 16:05:23,736][absl][INFO] - Restoring checkpoint from /gpfs/home5/sfris1/ltr_datasets/ips_datasets/istella_logging_policy_c10000_ps1p0_pt0p75_bs1p0_drop0rel0_sessallocv2_candfullv2_topx25_maxdocs200_lprdeep_lpsegreedysampler_lppct10p0.
[2026-04-16 16:05:23,756][absl][INFO] - [process=0] /jax/checkpoint/read/gbytes_per_sec: 0 Bytes/s (total gbytes: 31.6 KiB) (time elapsed: 19 milliseconds) (per-host)
[2026-04-16 16:05:23,757][absl][INFO] - Finished restoring checkpoint in 0.02 seconds from /gpfs/home5/sfris1/ltr_datasets/ips_datasets/istella_logging_policy_c10000_ps1p0_pt0p75_bs1p0_drop0rel0_sessallocv2_candfullv2_topx25_maxdocs200_lprdeep_lpsegreedysampler_lppct10p0.
[2026-04-16 16:05:29,464][two_tower_confounding.experiments.data_pipeline][INFO] - Loaded click datasets in 98.50 seconds (train=7274, val=2726, test=0)
[2026-04-16 16:05:29,467][two_tower_confounding.experiments.data_pipeline][INFO] - Test split is label-only by design; no test click dataset was loaded.
[2026-04-16 16:05:29,467][two_tower_confounding.data.runtime.alignment][INFO] - Applying data cutoff override: configured=25, natural=25, effective=25
[2026-04-16 16:05:29,467][two_tower_confounding.data.runtime.alignment][INFO] - Applying data cutoff override: configured=25, natural=25, effective=25
[2026-04-16 16:05:29,599][two_tower_confounding.data.runtime.aggregation][INFO] - Initializing simulator...
[2026-04-16 16:05:29,600][two_tower_confounding.data.runtime.aggregation][INFO] - Aggregating train dataset...
[2026-04-16 16:05:35,805][two_tower_confounding.data.runtime.aggregation][INFO] - Aggregating validation dataset...
[2026-04-16 16:05:41,908][two_tower_confounding.data.runtime.aggregation][INFO] - Aggregating test dataset from labels only...
[2026-04-16 16:05:43,689][two_tower_confounding.data.runtime.aggregation][INFO] - Aggregation done in 14.09 seconds
[2026-04-16 16:05:43,689][two_tower_confounding.data.runtime.aggregation][INFO] - Session usage after aggregation: requested(train=7274,val=2726), actual(train=7274,val=2726,test=0)
[2026-04-16 16:05:43,689][two_tower_confounding.data.runtime.aggregation][INFO] - Dataset persistence disabled; skipping aggregated dataset cache save.
[2026-04-16 16:05:43,689][two_tower_confounding.experiments.ips_pipeline][INFO] - Test split uses label-only evaluation; raw test click diagnostics are skipped.
[2026-04-16 16:05:43,743][two_tower_confounding.experiments.diagnostics][INFO] - [Data] train_docs=2043304, val_docs=684076, test_docs=681250, cutoff=25
[2026-04-16 16:05:43,822][two_tower_confounding.experiments.diagnostics][INFO] - [Train] clicks=1094, displays=181138, ctr=0.0060, ctr_per_doc=0.0060
[2026-04-16 16:05:43,895][two_tower_confounding.experiments.diagnostics][INFO] - [Validation] clicks=443, displays=67609, ctr=0.0066, ctr_per_doc=0.0066
[2026-04-16 16:05:43,967][two_tower_confounding.experiments.diagnostics][INFO] - [Test] clicks=0, displays=0, ctr=0.0000, ctr_per_doc=0.0000
[2026-04-16 16:05:43,967][two_tower_confounding.experiments.ips_pipeline][INFO] - Running estimator pipeline with model='dm'
[2026-04-16 16:05:43,967][two_tower_confounding.experiments.ips_pipeline][INFO] - Computing position bias (alpha)...
[2026-04-16 16:05:44,031][two_tower_confounding.experiments.propensity_pipeline][INFO] - Computing propensity per doc (method=propensity_mlp_regression)...
[2026-04-16 16:06:49,393][two_tower_confounding.experiments.propensity_pipeline][INFO] - Propensity computed in 65.36 seconds
[2026-04-16 16:06:49,395][two_tower_confounding.experiments.propensity_pipeline][INFO] - Alpha logits: [-0.     -0.6931 -1.0986 -1.3863 -1.6094 -1.7918 -1.9459 -2.0794 -2.1972
 -2.3026 -2.3979 -2.4849 -2.5649 -2.6391 -2.7081 -2.7726 -2.8332 -2.8904
 -2.9444 -2.9957 -3.0445 -3.091  -3.1355 -3.1781 -3.2189]
[2026-04-16 16:06:49,396][two_tower_confounding.experiments.propensity_pipeline][INFO] - Alpha: [0.5    0.3333 0.25   0.2    0.1667 0.1429 0.125  0.1111 0.1    0.0909
 0.0833 0.0769 0.0714 0.0667 0.0625 0.0588 0.0556 0.0526 0.05   0.0476
 0.0455 0.0435 0.0417 0.04   0.0385]
[2026-04-16 16:06:49,397][two_tower_confounding.experiments.propensity_pipeline][INFO] - Propensity clipping disabled.
[2026-04-16 16:06:51,204][two_tower_confounding.experiments.regression_pipeline][INFO] - Training regression model for DM/DR...
[2026-04-16 16:07:18,760][two_tower_confounding.experiments.regression_pipeline][INFO] - Regression epoch 3: train_loss=0.058464 val_loss=0.074655
[2026-04-16 16:07:43,850][two_tower_confounding.experiments.regression_pipeline][INFO] - Regression epoch 6: train_loss=0.057017 val_loss=0.076884
[2026-04-16 16:07:49,855][two_tower_confounding.experiments.ips_pipeline][INFO] - Computing DM doc weights...
[2026-04-16 16:07:49,855][two_tower_confounding.experiments.ips_pipeline][INFO] - Doc weights computed in 0.00 seconds
[2026-04-16 16:07:49,863][two_tower_confounding.experiments.model_pipeline][INFO] - Loading trainer (trainer_type='pl-rank', n_samples=100)...
[2026-04-16 16:07:49,865][two_tower_confounding.experiments.model_pipeline][INFO] - Trainer loaded in 0.00 seconds
[2026-04-16 16:07:49,865][two_tower_confounding.experiments.model_pipeline][INFO] - Training model...
[2026-04-16 16:34:05,403][two_tower_confounding.experiments.ips_pipeline][INFO] - Final evaluation results:
{'metrics': {'CTR': 1.0501097440719604,
             'DCG': 2.5094735622406006,
             'NCTR': 0.6720424294471741,
             'NDCG': 0.7295868396759033,
             'NDCG@25': 0.7295868396759033,
             'NRCTR': 0.6720424294471741,
             'RCTR': 1.0501097440719604}}
[2026-04-16 16:34:05,433][submitit][INFO] - Job completed successfully
[2026-04-16 16:34:05,445][submitit][INFO] - Exiting after successful completion
