[2026-06-18 16:53:00,021][feature_based_propensities_for_ULTR.experiments.config_resolver][WARNING] - test_clicks=500000 is ignored because test_set_mode='label_only'. Set test_set_mode='clicks' to enable legacy click-based test behavior.
[2026-06-18 16:53:00,027][feature_based_propensities_for_ULTR.experiments.data_pipeline][INFO] - Loading or generating click datasets...
[2026-06-18 16:54:01,085][absl][INFO] - orbax-checkpoint version: 0.11.40
[2026-06-18 16:54:01,086][absl][INFO] - save_device_host_concurrent_bytes=None
[2026-06-18 16:54:01,086][absl][INFO] - Created BasePyTreeCheckpointHandler: use_ocdbt=True, use_zarr3=False, pytree_metadata_options=PyTreeMetadataOptions(support_rich_types=False), array_metadata_store=<orbax.checkpoint._src.metadata.array_metadata_store.Store object at 0x154386259890>, enable_pinned_host_transfer=False, save_concurrent_bytes: 96000000000 (89.4 GiB), restore_concurrent_bytes: 96000000000 (89.4 GiB)
[2026-06-18 16:54:01,086][absl][INFO] - [thread=MainThread] Failed to get flag value for EXPERIMENTAL_ORBAX_USE_DISTRIBUTED_PROCESS_ID.
[2026-06-18 16:54:01,086][absl][INFO] - [process=0][thread=MainThread] Using barrier_sync_fn: <function get_barrier_sync_fn.<locals>.<lambda> at 0x1542de38b9c0> timeout: 1200 secs and primary_host=0 for async checkpoint writes
[2026-06-18 16:54:01,087][absl][INFO] - [process=0] [sync] Started load checkpoint @ /gpfs/home5/sfris1/ltr_datasets/ips_datasets/logging_policy_c10000_ps1p0_pt0p5_bs1p0_drop0rel0_sessallocv2_candfullv2_topx25_maxdocs200_lprdeep_lpsegreedysampler_lppct10p0.
[2026-06-18 16:54:01,089][absl][INFO] - Restoring checkpoint from /gpfs/home5/sfris1/ltr_datasets/ips_datasets/logging_policy_c10000_ps1p0_pt0p5_bs1p0_drop0rel0_sessallocv2_candfullv2_topx25_maxdocs200_lprdeep_lpsegreedysampler_lppct10p0.
[2026-06-18 16:54:01,089][absl][INFO] - [process=0] [sync] Finished blocking load in 0.00 seconds. Continuing load @ /gpfs/home5/sfris1/ltr_datasets/ips_datasets/logging_policy_c10000_ps1p0_pt0p5_bs1p0_drop0rel0_sessallocv2_candfullv2_topx25_maxdocs200_lprdeep_lpsegreedysampler_lppct10p0.
[2026-06-18 16:54:01,105][absl][INFO] - [process=0] /jax/orbax/read/worker/io/requested throughput: 1.879 MiB/s (total gbytes: 21.4 KiB) (time elapsed: 0.011109590530395508 s) (per-host)
[2026-06-18 16:54:01,107][absl][INFO] - [process=0] /jax/checkpoint/read/gbytes_per_sec: 1.260 MiB/s (total gbytes: 21.4 KiB) (time elapsed: 0.01657390594482422 s) (per-host)
[2026-06-18 16:54:01,107][absl][INFO] - [process=0] [sync] Finished load in 0.02 seconds @ /gpfs/home5/sfris1/ltr_datasets/ips_datasets/logging_policy_c10000_ps1p0_pt0p5_bs1p0_drop0rel0_sessallocv2_candfullv2_topx25_maxdocs200_lprdeep_lpsegreedysampler_lppct10p0
[2026-06-18 16:54:05,148][feature_based_propensities_for_ULTR.experiments.data_pipeline][INFO] - Loaded click datasets in 65.12 seconds (train=7500, val=2500, test=0)
[2026-06-18 16:54:05,148][feature_based_propensities_for_ULTR.experiments.data_pipeline][INFO] - Test split is label-only by design; no test click dataset was loaded.
[2026-06-18 16:54:05,148][feature_based_propensities_for_ULTR.data.runtime.alignment][INFO] - Applying data cutoff override: configured=25, natural=25, effective=25
[2026-06-18 16:54:05,149][feature_based_propensities_for_ULTR.data.runtime.alignment][INFO] - Applying data cutoff override: configured=25, natural=25, effective=25
[2026-06-18 16:54:05,238][feature_based_propensities_for_ULTR.data.runtime.aggregation][INFO] - Initializing simulator...
[2026-06-18 16:54:05,239][feature_based_propensities_for_ULTR.data.runtime.aggregation][INFO] - Aggregating train dataset...
[2026-06-18 16:54:10,293][feature_based_propensities_for_ULTR.data.runtime.aggregation][INFO] - Aggregating validation dataset...
[2026-06-18 16:54:13,239][feature_based_propensities_for_ULTR.data.runtime.aggregation][INFO] - Aggregating test dataset from labels only...
[2026-06-18 16:54:14,052][feature_based_propensities_for_ULTR.data.runtime.aggregation][INFO] - Aggregation done in 8.81 seconds
[2026-06-18 16:54:14,052][feature_based_propensities_for_ULTR.data.runtime.aggregation][INFO] - Session usage after aggregation: requested(train=7500,val=2500), actual(train=7500,val=2500,test=0)
[2026-06-18 16:54:14,052][feature_based_propensities_for_ULTR.data.runtime.aggregation][INFO] - Dataset persistence disabled; skipping aggregated dataset cache save.
[2026-06-18 16:54:14,052][feature_based_propensities_for_ULTR.experiments.ips_pipeline][INFO] - Test split uses label-only evaluation; raw test click diagnostics are skipped.
[2026-06-18 16:54:14,103][feature_based_propensities_for_ULTR.experiments.diagnostics][INFO] - [Data] train_docs=2132810, val_docs=707814, test_docs=708921, cutoff=25
[2026-06-18 16:54:14,200][feature_based_propensities_for_ULTR.experiments.diagnostics][INFO] - [Train] clicks=814, displays=182529, ctr=0.0045, ctr_per_doc=0.0045
[2026-06-18 16:54:14,287][feature_based_propensities_for_ULTR.experiments.diagnostics][INFO] - [Validation] clicks=296, displays=61025, ctr=0.0049, ctr_per_doc=0.0049
[2026-06-18 16:54:14,374][feature_based_propensities_for_ULTR.experiments.diagnostics][INFO] - [Test] clicks=0, displays=0, ctr=0.0000, ctr_per_doc=0.0000
[2026-06-18 16:54:14,374][feature_based_propensities_for_ULTR.experiments.ips_pipeline][INFO] - Running estimator pipeline with model='dr'
[2026-06-18 16:54:14,374][feature_based_propensities_for_ULTR.experiments.ips_pipeline][INFO] - Computing position bias (alpha)...
[2026-06-18 16:54:14,392][ultr_bias_toolkit.bias.intervention_harvesting.all_pairs][INFO] - Position bias estimation using global all pairs estimator
[2026-06-18 16:55:04,201][feature_based_propensities_for_ULTR.experiments.position_bias_pipeline][INFO] - Saved estimated position-bias curve to position_bias.json
[2026-06-18 16:55:04,201][feature_based_propensities_for_ULTR.experiments.ips_pipeline][INFO] - Estimated position bias in-run (estimator=global_all_pairs): [ 0.         -1.1104589  -0.8883397  -2.3025966  -0.9657657  -2.8079147
 -0.98792785 -6.9077554  -3.0730743  -6.9077554  -3.415355   -2.3556938
 -3.460592   -6.9077554  -1.3868196  -1.431032   -2.9650261  -3.7012517
 -0.8745838  -2.1343079  -6.9077554  -3.0140133  -3.307908   -6.9077554
 -6.9077554 ]
[2026-06-18 16:55:04,202][feature_based_propensities_for_ULTR.experiments.propensity_pipeline][INFO] - Computing propensity per doc (method=frequency_based)...
[2026-06-18 16:55:32,668][feature_based_propensities_for_ULTR.experiments.propensity_pipeline][INFO] - Propensity computed in 28.47 seconds
[2026-06-18 16:55:32,668][feature_based_propensities_for_ULTR.experiments.propensity_pipeline][INFO] - Alpha logits: [ 0.         -1.1104589  -0.8883397  -2.3025966  -0.9657657  -2.8079147
 -0.98792785 -6.9077554  -3.0730743  -6.9077554  -3.415355   -2.3556938
 -3.460592   -6.9077554  -1.3868196  -1.431032   -2.9650261  -3.7012517
 -0.8745838  -2.1343079  -6.9077554  -3.0140133  -3.307908   -6.9077554
 -6.9077554 ]
[2026-06-18 16:55:32,669][feature_based_propensities_for_ULTR.experiments.propensity_pipeline][INFO] - Alpha: [0.5        0.24778536 0.29145256 0.09090815 0.27572528 0.05689797
 0.27132156 0.000999   0.04423168 0.000999   0.03181902 0.08661427
 0.03045455 0.000999   0.19991598 0.19293794 0.04903112 0.02409757
 0.2943014  0.10580673 0.000999   0.0467968  0.03530089 0.000999
 0.000999  ]
[2026-06-18 16:55:32,670][feature_based_propensities_for_ULTR.experiments.propensity_pipeline][INFO] - Propensity clipping disabled.
[2026-06-18 16:55:32,670][feature_based_propensities_for_ULTR.experiments.propensity_pipeline][INFO] - Computing propensity per doc (method=frequency_based)...
[2026-06-18 16:55:59,592][feature_based_propensities_for_ULTR.experiments.propensity_pipeline][INFO] - Propensity computed in 26.92 seconds
[2026-06-18 16:55:59,592][feature_based_propensities_for_ULTR.experiments.propensity_pipeline][INFO] - Alpha logits: [ 0.         -1.1104589  -0.8883397  -2.3025966  -0.9657657  -2.8079147
 -0.98792785 -6.9077554  -3.0730743  -6.9077554  -3.415355   -2.3556938
 -3.460592   -6.9077554  -1.3868196  -1.431032   -2.9650261  -3.7012517
 -0.8745838  -2.1343079  -6.9077554  -3.0140133  -3.307908   -6.9077554
 -6.9077554 ]
[2026-06-18 16:55:59,593][feature_based_propensities_for_ULTR.experiments.propensity_pipeline][INFO] - Alpha: [0.5        0.24778536 0.29145256 0.09090815 0.27572528 0.05689797
 0.27132156 0.000999   0.04423168 0.000999   0.03181902 0.08661427
 0.03045455 0.000999   0.19991598 0.19293794 0.04903112 0.02409757
 0.2943014  0.10580673 0.000999   0.0467968  0.03530089 0.000999
 0.000999  ]
[2026-06-18 16:56:00,754][feature_based_propensities_for_ULTR.experiments.regression_pipeline][INFO] - Training regression model for DM/DR...
[2026-06-18 16:56:08,163][feature_based_propensities_for_ULTR.experiments.regression_pipeline][INFO] - Regression epoch 3: train_loss=0.822799 val_loss=0.666676
[2026-06-18 16:56:14,549][feature_based_propensities_for_ULTR.experiments.regression_pipeline][INFO] - Regression epoch 6: train_loss=0.722721 val_loss=0.649257
[2026-06-18 16:56:20,926][feature_based_propensities_for_ULTR.experiments.regression_pipeline][INFO] - Regression epoch 9: train_loss=0.683073 val_loss=0.638626
[2026-06-18 16:56:27,333][feature_based_propensities_for_ULTR.experiments.regression_pipeline][INFO] - Regression epoch 12: train_loss=0.631211 val_loss=0.591091
[2026-06-18 16:56:33,690][feature_based_propensities_for_ULTR.experiments.regression_pipeline][INFO] - Regression epoch 15: train_loss=0.633276 val_loss=0.607556
[2026-06-18 16:56:39,719][feature_based_propensities_for_ULTR.experiments.ips_pipeline][INFO] - Computing DR doc weights...
[2026-06-18 16:56:39,748][feature_based_propensities_for_ULTR.experiments.ips_pipeline][INFO] - Doc weights computed in 0.03 seconds
[2026-06-18 16:56:39,759][feature_based_propensities_for_ULTR.experiments.model_pipeline][INFO] - Loading trainer (trainer_type='pl-rank', n_samples=100)...
[2026-06-18 16:56:39,761][feature_based_propensities_for_ULTR.experiments.model_pipeline][INFO] - Trainer loaded in 0.00 seconds
[2026-06-18 16:56:39,761][feature_based_propensities_for_ULTR.experiments.model_pipeline][INFO] - Training model...
[2026-06-18 18:24:17,336][feature_based_propensities_for_ULTR.experiments.ips_pipeline][INFO] - Final evaluation results:
{'metrics': {'CTR': 0.5400163531303406,
             'DCG': 1.5079834461212158,
             'NCTR': 0.34487384557724,
             'NDCG': 0.4007338285446167,
             'NDCG@25': 0.4007338285446167,
             'NRCTR': 0.34487384557724,
             'RCTR': 0.5400163531303406}}
[2026-06-18 18:24:17,368][submitit][INFO] - Job completed successfully
[2026-06-18 18:24:17,377][submitit][INFO] - Exiting after successful completion
