[2026-06-18 15:34:46,039][feature_based_propensities_for_ULTR.experiments.config_resolver][WARNING] - test_clicks=500000 is ignored because test_set_mode='label_only'. Set test_set_mode='clicks' to enable legacy click-based test behavior.
[2026-06-18 15:34:46,045][feature_based_propensities_for_ULTR.experiments.data_pipeline][INFO] - Loading or generating click datasets...
[2026-06-18 15:36:15,297][absl][INFO] - orbax-checkpoint version: 0.11.40
[2026-06-18 15:36:15,297][absl][INFO] - save_device_host_concurrent_bytes=None
[2026-06-18 15:36:15,298][absl][INFO] - Created BasePyTreeCheckpointHandler: use_ocdbt=True, use_zarr3=False, pytree_metadata_options=PyTreeMetadataOptions(support_rich_types=False), array_metadata_store=<orbax.checkpoint._src.metadata.array_metadata_store.Store object at 0x14c30c229010>, enable_pinned_host_transfer=False, save_concurrent_bytes: 96000000000 (89.4 GiB), restore_concurrent_bytes: 96000000000 (89.4 GiB)
[2026-06-18 15:36:15,298][absl][INFO] - [thread=MainThread] Failed to get flag value for EXPERIMENTAL_ORBAX_USE_DISTRIBUTED_PROCESS_ID.
[2026-06-18 15:36:15,298][absl][INFO] - [process=0][thread=MainThread] Using barrier_sync_fn: <function get_barrier_sync_fn.<locals>.<lambda> at 0x14c2754cb920> timeout: 1200 secs and primary_host=0 for async checkpoint writes
[2026-06-18 15:36:15,298][absl][INFO] - [process=0] [sync] Started load checkpoint @ /gpfs/home5/sfris1/ltr_datasets/ips_datasets/istella_logging_policy_c10000_ps1p0_pt0p5_bs1p0_drop0rel0_sessallocv2_candfullv2_topx25_maxdocs200_lprdeep_lpsegreedysampler_lppct10p0.
[2026-06-18 15:36:15,301][absl][INFO] - Restoring checkpoint from /gpfs/home5/sfris1/ltr_datasets/ips_datasets/istella_logging_policy_c10000_ps1p0_pt0p5_bs1p0_drop0rel0_sessallocv2_candfullv2_topx25_maxdocs200_lprdeep_lpsegreedysampler_lppct10p0.
[2026-06-18 15:36:15,301][absl][INFO] - [process=0] [sync] Finished blocking load in 0.00 seconds. Continuing load @ /gpfs/home5/sfris1/ltr_datasets/ips_datasets/istella_logging_policy_c10000_ps1p0_pt0p5_bs1p0_drop0rel0_sessallocv2_candfullv2_topx25_maxdocs200_lprdeep_lpsegreedysampler_lppct10p0.
[2026-06-18 15:36:15,318][absl][INFO] - [process=0] /jax/orbax/read/worker/io/requested throughput: 2.688 MiB/s (total gbytes: 31.6 KiB) (time elapsed: 0.01149129867553711 s) (per-host)
[2026-06-18 15:36:15,320][absl][INFO] - [process=0] /jax/checkpoint/read/gbytes_per_sec: 1.709 MiB/s (total gbytes: 31.6 KiB) (time elapsed: 0.018068790435791016 s) (per-host)
[2026-06-18 15:36:15,320][absl][INFO] - [process=0] [sync] Finished load in 0.02 seconds @ /gpfs/home5/sfris1/ltr_datasets/ips_datasets/istella_logging_policy_c10000_ps1p0_pt0p5_bs1p0_drop0rel0_sessallocv2_candfullv2_topx25_maxdocs200_lprdeep_lpsegreedysampler_lppct10p0
[2026-06-18 15:36:20,386][feature_based_propensities_for_ULTR.experiments.data_pipeline][INFO] - Loaded click datasets in 94.34 seconds (train=7274, val=2726, test=0)
[2026-06-18 15:36:20,386][feature_based_propensities_for_ULTR.experiments.data_pipeline][INFO] - Test split is label-only by design; no test click dataset was loaded.
[2026-06-18 15:36:20,387][feature_based_propensities_for_ULTR.data.runtime.alignment][INFO] - Applying data cutoff override: configured=25, natural=25, effective=25
[2026-06-18 15:36:20,387][feature_based_propensities_for_ULTR.data.runtime.alignment][INFO] - Applying data cutoff override: configured=25, natural=25, effective=25
[2026-06-18 15:36:20,477][feature_based_propensities_for_ULTR.data.runtime.aggregation][INFO] - Initializing simulator...
[2026-06-18 15:36:20,478][feature_based_propensities_for_ULTR.data.runtime.aggregation][INFO] - Aggregating train dataset...
[2026-06-18 15:36:26,626][feature_based_propensities_for_ULTR.data.runtime.aggregation][INFO] - Aggregating validation dataset...
[2026-06-18 15:36:29,917][feature_based_propensities_for_ULTR.data.runtime.aggregation][INFO] - Aggregating test dataset from labels only...
[2026-06-18 15:36:31,294][feature_based_propensities_for_ULTR.data.runtime.aggregation][INFO] - Aggregation done in 10.82 seconds
[2026-06-18 15:36:31,294][feature_based_propensities_for_ULTR.data.runtime.aggregation][INFO] - Session usage after aggregation: requested(train=7274,val=2726), actual(train=7274,val=2726,test=0)
[2026-06-18 15:36:31,294][feature_based_propensities_for_ULTR.data.runtime.aggregation][INFO] - Dataset persistence disabled; skipping aggregated dataset cache save.
[2026-06-18 15:36:31,294][feature_based_propensities_for_ULTR.experiments.ips_pipeline][INFO] - Test split uses label-only evaluation; raw test click diagnostics are skipped.
[2026-06-18 15:36:31,343][feature_based_propensities_for_ULTR.experiments.diagnostics][INFO] - [Data] train_docs=2043304, val_docs=684076, test_docs=681250, cutoff=25
[2026-06-18 15:36:31,437][feature_based_propensities_for_ULTR.experiments.diagnostics][INFO] - [Train] clicks=1609, displays=181138, ctr=0.0089, ctr_per_doc=0.0089
[2026-06-18 15:36:31,526][feature_based_propensities_for_ULTR.experiments.diagnostics][INFO] - [Validation] clicks=556, displays=67609, ctr=0.0082, ctr_per_doc=0.0082
[2026-06-18 15:36:31,613][feature_based_propensities_for_ULTR.experiments.diagnostics][INFO] - [Test] clicks=0, displays=0, ctr=0.0000, ctr_per_doc=0.0000
[2026-06-18 15:36:31,614][feature_based_propensities_for_ULTR.experiments.ips_pipeline][INFO] - Running estimator pipeline with model='ips'
[2026-06-18 15:36:31,614][feature_based_propensities_for_ULTR.experiments.ips_pipeline][INFO] - Computing position bias (alpha)...
[2026-06-18 15:36:31,634][ultr_bias_toolkit.bias.intervention_harvesting.all_pairs][INFO] - Position bias estimation using global all pairs estimator
[2026-06-18 15:37:20,218][feature_based_propensities_for_ULTR.experiments.position_bias_pipeline][INFO] - Saved estimated position-bias curve to position_bias.json
[2026-06-18 15:37:20,218][feature_based_propensities_for_ULTR.experiments.ips_pipeline][INFO] - Estimated position bias in-run (estimator=global_all_pairs): [ 0.        -1.0099571 -1.8612808 -1.577534  -1.7794663 -1.5813401
 -1.8008229 -2.3127654 -3.5108852 -1.932139  -2.2507808 -2.758431
 -3.598922  -2.6846783 -3.7062025 -2.6433752 -1.914935  -2.0449147
 -6.9077554 -3.337263  -6.7813845 -6.9077554 -6.9077554 -3.6410172
 -2.3037279]
[2026-06-18 15:37:20,219][feature_based_propensities_for_ULTR.experiments.propensity_pipeline][INFO] - Computing propensity per doc (method=propensity_mlp_regression)...
[2026-06-18 15:37:49,908][feature_based_propensities_for_ULTR.experiments.propensity_pipeline][INFO] - Propensity computed in 29.69 seconds
[2026-06-18 15:37:49,909][feature_based_propensities_for_ULTR.experiments.propensity_pipeline][INFO] - Alpha logits: [ 0.     -1.01   -1.8613 -1.5775 -1.7795 -1.5813 -1.8008 -2.3128 -3.5109
 -1.9321 -2.2508 -2.7584 -3.5989 -2.6847 -3.7062 -2.6434 -1.9149 -2.0449
 -6.9078 -3.3373 -6.7814 -6.9078 -6.9078 -3.641  -2.3037]
[2026-06-18 15:37:49,910][feature_based_propensities_for_ULTR.experiments.propensity_pipeline][INFO] - Alpha: [0.5    0.267  0.1346 0.1711 0.1444 0.1706 0.1418 0.0901 0.029  0.1265
 0.0953 0.0596 0.0266 0.0639 0.024  0.0664 0.1284 0.1146 0.001  0.0343
 0.0011 0.001  0.001  0.0256 0.0908]
[2026-06-18 15:37:49,910][feature_based_propensities_for_ULTR.experiments.propensity_pipeline][INFO] - Propensity clipping disabled.
[2026-06-18 15:37:49,910][feature_based_propensities_for_ULTR.experiments.ips_pipeline][INFO] - Computing IPS doc weights...
[2026-06-18 15:37:50,388][feature_based_propensities_for_ULTR.experiments.ips_pipeline][INFO] - Doc weights computed in 0.48 seconds
[2026-06-18 15:37:50,398][feature_based_propensities_for_ULTR.experiments.model_pipeline][INFO] - Loading trainer (trainer_type='pl-rank', n_samples=100)...
[2026-06-18 15:37:50,401][feature_based_propensities_for_ULTR.experiments.model_pipeline][INFO] - Trainer loaded in 0.00 seconds
[2026-06-18 15:37:50,401][feature_based_propensities_for_ULTR.experiments.model_pipeline][INFO] - Training model...
[2026-06-18 15:43:55,751][feature_based_propensities_for_ULTR.experiments.ips_pipeline][INFO] - Final evaluation results:
{'metrics': {'CTR': 0.8846243619918823,
             'DCG': 2.418410301208496,
             'NCTR': 0.6146193146705627,
             'NDCG': 0.7010039687156677,
             'NDCG@25': 0.7010039687156677,
             'NRCTR': 0.6146193146705627,
             'RCTR': 0.8846243619918823}}
[2026-06-18 15:43:55,797][submitit][INFO] - Job completed successfully
[2026-06-18 15:43:55,806][submitit][INFO] - Exiting after successful completion
