[2026-03-19 03:56:01,877][jax._src.xla_bridge][ERROR] - Jax plugin configuration error: Exception when calling jax_plugins.xla_cuda12.initialize()
Traceback (most recent call last):
  File "/gpfs/home5/sfris1/two-towers-confounding-project/.venv/lib/python3.11/site-packages/jax/_src/xla_bridge.py", line 485, in discover_pjrt_plugins
    plugin_module.initialize()
  File "/gpfs/home5/sfris1/two-towers-confounding-project/.venv/lib/python3.11/site-packages/jax_plugins/xla_cuda12/__init__.py", line 328, in initialize
    _check_cuda_versions(raise_on_first_error=True)
  File "/gpfs/home5/sfris1/two-towers-confounding-project/.venv/lib/python3.11/site-packages/jax_plugins/xla_cuda12/__init__.py", line 285, in _check_cuda_versions
    local_device_count = cuda_versions.cuda_device_count()
                         ^^^^^^^^^^^^^^^^^^^^^^^^^^^^^^^^^
RuntimeError: jaxlib/cuda/versions_helpers.cc:113: operation cuInit(0) failed: CUDA_ERROR_NO_DEVICE
[2026-03-19 03:56:03,079][two_tower_confounding.experiments.ips_pipeline][WARNING] - wandb.init failed (Error uploading run: returned error 403: {"data":{"upsertBucket":null},"errors":[{"message":"permission denied","path":["upsertBucket"],"extensions":{"code":"PERMISSION_ERROR"}}]}). Continuing with local logging only.
[2026-03-19 03:56:03,080][two_tower_confounding.experiments.ips_pipeline][WARNING] - Disabling wandb for trainer components because initialization failed.
[2026-03-19 03:56:03,081][two_tower_confounding.experiments.config_resolver][WARNING] - test_clicks=500000 is ignored because test_set_mode='label_only'. Set test_set_mode='clicks' to enable legacy click-based test behavior.
[2026-03-19 03:56:03,087][two_tower_confounding.experiments.data_pipeline][INFO] - Loading or generating click datasets...
[2026-03-19 03:56:26,871][absl][INFO] - orbax-checkpoint version: 0.11.25
[2026-03-19 03:56:26,871][absl][INFO] - Created BasePyTreeCheckpointHandler: use_ocdbt=True, use_zarr3=False, pytree_metadata_options=PyTreeMetadataOptions(support_rich_types=False), array_metadata_store=<orbax.checkpoint._src.metadata.array_metadata_store.Store object at 0x14b193b25c50>, enable_pinned_host_transfer=False, save_concurrent_bytes: 96000000000 (89.4 GiB), restore_concurrent_bytes: 96000000000 (89.4 GiB)
[2026-03-19 03:56:26,872][absl][INFO] - [thread=MainThread] Failed to get flag value for EXPERIMENTAL_ORBAX_USE_DISTRIBUTED_PROCESS_ID.
[2026-03-19 03:56:26,872][absl][INFO] - [process=0][thread=MainThread] Using barrier_sync_fn: <function get_barrier_sync_fn.<locals>.<lambda> at 0x14b08c707b00> timeout: 600 secs and primary_host=0 for async checkpoint writes
[2026-03-19 03:56:26,874][absl][INFO] - Restoring checkpoint from /gpfs/home5/sfris1/ltr_datasets/ips_datasets/logging_policy_c500000_ps1p0_pt0p5_bs1p0_drop0rel0_sessallocv2_candfullv2_topx25_maxdocs80_lprdeep_lpsegreedysampler_lppct10p0.
[2026-03-19 03:56:26,897][absl][INFO] - [process=0] /jax/checkpoint/read/gbytes_per_sec: 0 Bytes/s (total gbytes: 91.8 KiB) (time elapsed: 21 milliseconds) (per-host)
[2026-03-19 03:56:26,897][absl][INFO] - Finished restoring checkpoint in 0.03 seconds from /gpfs/home5/sfris1/ltr_datasets/ips_datasets/logging_policy_c500000_ps1p0_pt0p5_bs1p0_drop0rel0_sessallocv2_candfullv2_topx25_maxdocs80_lprdeep_lpsegreedysampler_lppct10p0.
[2026-03-19 03:57:10,908][two_tower_confounding.experiments.data_pipeline][INFO] - Loaded click datasets in 67.82 seconds (train=434737, val=65263, test=0)
[2026-03-19 03:57:10,908][two_tower_confounding.experiments.data_pipeline][INFO] - Test split is label-only by design; no test click dataset was loaded.
[2026-03-19 03:57:10,909][two_tower_confounding.data.runtime.aggregation][INFO] - Applying data cutoff override: configured=25, natural=25, effective=25
[2026-03-19 03:57:11,039][two_tower_confounding.data.runtime.aggregation][INFO] - Initializing simulator...
[2026-03-19 03:57:11,040][two_tower_confounding.data.runtime.aggregation][INFO] - Aggregating train dataset...
[2026-03-19 03:57:17,925][two_tower_confounding.data.runtime.aggregation][INFO] - Aggregating validation dataset...
[2026-03-19 03:57:21,300][two_tower_confounding.data.runtime.aggregation][INFO] - Aggregating test dataset from labels only...
[2026-03-19 03:57:23,027][two_tower_confounding.data.runtime.aggregation][INFO] - Aggregation done in 11.99 seconds
[2026-03-19 03:57:23,028][two_tower_confounding.data.runtime.aggregation][INFO] - Session usage after aggregation: requested(train=434737,val=65263), actual(train=434737,val=65263,test=0)
[2026-03-19 03:57:23,028][two_tower_confounding.data.runtime.aggregation][INFO] - Dataset persistence disabled; skipping aggregated dataset cache save.
[2026-03-19 03:57:23,028][two_tower_confounding.experiments.ips_pipeline][INFO] - Test split uses label-only evaluation; raw test click diagnostics are skipped.
[2026-03-19 03:57:23,056][two_tower_confounding.experiments.diagnostics][INFO] - [Data] train_docs=470251, val_docs=70687, test_docs=164676, cutoff=25
[2026-03-19 03:57:23,131][two_tower_confounding.experiments.diagnostics][INFO] - [Train] clicks=66381, displays=7364498, ctr=0.0090, ctr_per_doc=0.0090
[2026-03-19 03:57:23,202][two_tower_confounding.experiments.diagnostics][INFO] - [Validation] clicks=9518, displays=1091567, ctr=0.0087, ctr_per_doc=0.0087
[2026-03-19 03:57:23,277][two_tower_confounding.experiments.diagnostics][INFO] - [Test] clicks=0, displays=0, ctr=0.0000, ctr_per_doc=0.0000
[2026-03-19 03:57:23,277][two_tower_confounding.experiments.ips_pipeline][INFO] - Running estimator pipeline with model='dr'
[2026-03-19 03:57:23,277][two_tower_confounding.experiments.ips_pipeline][INFO] - Computing position bias (alpha)...
[2026-03-19 03:57:23,341][two_tower_confounding.experiments.propensity_pipeline][INFO] - Computing propensity per doc (method=propensity_mlp_regression)...
[2026-03-19 03:57:24,084][two_tower_confounding.experiments.propensity_pipeline][INFO] - Subsampling propensity classifier training data: 50000/434737 samples
[2026-03-19 03:57:24,085][two_tower_confounding.experiments.propensity_pipeline][INFO] - Subsampling propensity classifier training data: 50000/65263 samples
[2026-03-19 04:02:52,117][two_tower_confounding.experiments.propensity_pipeline][INFO] - Propensity computed in 328.78 seconds
[2026-03-19 04:02:52,118][two_tower_confounding.experiments.propensity_pipeline][INFO] - Alpha logits: [-0.     -0.6931 -1.0986 -1.3863 -1.6094 -1.7918 -1.9459 -2.0794 -2.1972
 -2.3026 -2.3979 -2.4849 -2.5649 -2.6391 -2.7081 -2.7726 -2.8332 -2.8904
 -2.9444 -2.9957 -3.0445 -3.091  -3.1355 -3.1781 -3.2189]
[2026-03-19 04:02:52,119][two_tower_confounding.experiments.propensity_pipeline][INFO] - Alpha: [0.5    0.3333 0.25   0.2    0.1667 0.1429 0.125  0.1111 0.1    0.0909
 0.0833 0.0769 0.0714 0.0667 0.0625 0.0588 0.0556 0.0526 0.05   0.0476
 0.0455 0.0435 0.0417 0.04   0.0385]
[2026-03-19 04:02:52,119][two_tower_confounding.experiments.propensity_pipeline][INFO] - Propensity clipping disabled.
[2026-03-19 04:02:52,120][two_tower_confounding.experiments.propensity_pipeline][INFO] - Computing propensity per doc (method=frequency_based)...
[2026-03-19 04:07:50,095][two_tower_confounding.experiments.propensity_pipeline][INFO] - Propensity computed in 297.98 seconds
[2026-03-19 04:07:50,095][two_tower_confounding.experiments.propensity_pipeline][INFO] - Alpha logits: [-0.     -0.6931 -1.0986 -1.3863 -1.6094 -1.7918 -1.9459 -2.0794 -2.1972
 -2.3026 -2.3979 -2.4849 -2.5649 -2.6391 -2.7081 -2.7726 -2.8332 -2.8904
 -2.9444 -2.9957 -3.0445 -3.091  -3.1355 -3.1781 -3.2189]
[2026-03-19 04:07:50,096][two_tower_confounding.experiments.propensity_pipeline][INFO] - Alpha: [0.5    0.3333 0.25   0.2    0.1667 0.1429 0.125  0.1111 0.1    0.0909
 0.0833 0.0769 0.0714 0.0667 0.0625 0.0588 0.0556 0.0526 0.05   0.0476
 0.0455 0.0435 0.0417 0.04   0.0385]
[2026-03-19 04:07:51,994][two_tower_confounding.experiments.regression_pipeline][INFO] - Training regression model for DM/DR...
[2026-03-19 04:08:15,116][two_tower_confounding.experiments.regression_pipeline][INFO] - Regression epoch 3: train_loss=0.177605 val_loss=0.171449
[2026-03-19 04:08:36,920][two_tower_confounding.experiments.regression_pipeline][INFO] - Regression epoch 6: train_loss=0.175812 val_loss=0.167339
[2026-03-19 04:08:58,304][two_tower_confounding.experiments.regression_pipeline][INFO] - Regression epoch 9: train_loss=0.174448 val_loss=0.168466
[2026-03-19 04:09:02,690][two_tower_confounding.experiments.ips_pipeline][INFO] - Computing DR doc weights...
[2026-03-19 04:09:02,695][two_tower_confounding.experiments.ips_pipeline][INFO] - Doc weights computed in 0.01 seconds
[2026-03-19 04:09:02,700][two_tower_confounding.experiments.model_pipeline][INFO] - Loading trainer (trainer_type='pl-rank', n_samples=100)...
[2026-03-19 04:09:02,702][two_tower_confounding.experiments.model_pipeline][INFO] - Trainer loaded in 0.00 seconds
[2026-03-19 04:09:02,702][two_tower_confounding.experiments.model_pipeline][INFO] - Training model...
[2026-03-19 04:20:21,382][two_tower_confounding.experiments.ips_pipeline][INFO] - Final evaluation results:
{'metrics': {'CTR': 0.8779072761535645,
             'DCG': 2.1949462890625,
             'NCTR': 0.7478418946266174,
             'NDCG': 0.7883743643760681,
             'NDCG@25': 0.7883743643760681,
             'NRCTR': 0.7478418946266174,
             'RCTR': 0.8779072761535645}}
[2026-03-19 04:20:21,430][submitit][INFO] - Job completed successfully
[2026-03-19 04:20:21,442][submitit][INFO] - Exiting after successful completion
