[2026-06-18 15:31:00,020][feature_based_propensities_for_ULTR.experiments.config_resolver][WARNING] - test_clicks=500000 is ignored because test_set_mode='label_only'. Set test_set_mode='clicks' to enable legacy click-based test behavior.
[2026-06-18 15:31:00,025][feature_based_propensities_for_ULTR.experiments.data_pipeline][INFO] - Loading or generating click datasets...
[2026-06-18 15:31:24,034][absl][INFO] - orbax-checkpoint version: 0.11.40
[2026-06-18 15:31:24,034][absl][INFO] - save_device_host_concurrent_bytes=None
[2026-06-18 15:31:24,034][absl][INFO] - Created BasePyTreeCheckpointHandler: use_ocdbt=True, use_zarr3=False, pytree_metadata_options=PyTreeMetadataOptions(support_rich_types=False), array_metadata_store=<orbax.checkpoint._src.metadata.array_metadata_store.Store object at 0x1494bf14ef50>, enable_pinned_host_transfer=False, save_concurrent_bytes: 96000000000 (89.4 GiB), restore_concurrent_bytes: 96000000000 (89.4 GiB)
[2026-06-18 15:31:24,034][absl][INFO] - [thread=MainThread] Failed to get flag value for EXPERIMENTAL_ORBAX_USE_DISTRIBUTED_PROCESS_ID.
[2026-06-18 15:31:24,035][absl][INFO] - [process=0][thread=MainThread] Using barrier_sync_fn: <function get_barrier_sync_fn.<locals>.<lambda> at 0x1494198cf880> timeout: 1200 secs and primary_host=0 for async checkpoint writes
[2026-06-18 15:31:24,035][absl][INFO] - [process=0] [sync] Started load checkpoint @ /gpfs/home5/sfris1/ltr_datasets/ips_datasets/logging_policy_c10000_ps1p0_pt0p5_bs1p0_drop0rel0_sessallocv2_candfullv2_topx25_maxdocs80_lprdeep_lpsegreedysampler_lppct10p0.
[2026-06-18 15:31:24,037][absl][INFO] - Restoring checkpoint from /gpfs/home5/sfris1/ltr_datasets/ips_datasets/logging_policy_c10000_ps1p0_pt0p5_bs1p0_drop0rel0_sessallocv2_candfullv2_topx25_maxdocs80_lprdeep_lpsegreedysampler_lppct10p0.
[2026-06-18 15:31:24,037][absl][INFO] - [process=0] [sync] Finished blocking load in 0.00 seconds. Continuing load @ /gpfs/home5/sfris1/ltr_datasets/ips_datasets/logging_policy_c10000_ps1p0_pt0p5_bs1p0_drop0rel0_sessallocv2_candfullv2_topx25_maxdocs80_lprdeep_lpsegreedysampler_lppct10p0.
[2026-06-18 15:31:24,053][absl][INFO] - [process=0] /jax/orbax/read/worker/io/requested throughput: 8.222 MiB/s (total gbytes: 91.8 KiB) (time elapsed: 0.010897636413574219 s) (per-host)
[2026-06-18 15:31:24,054][absl][INFO] - [process=0] /jax/checkpoint/read/gbytes_per_sec: 5.553 MiB/s (total gbytes: 91.8 KiB) (time elapsed: 0.016136646270751953 s) (per-host)
[2026-06-18 15:31:24,054][absl][INFO] - [process=0] [sync] Finished load in 0.02 seconds @ /gpfs/home5/sfris1/ltr_datasets/ips_datasets/logging_policy_c10000_ps1p0_pt0p5_bs1p0_drop0rel0_sessallocv2_candfullv2_topx25_maxdocs80_lprdeep_lpsegreedysampler_lppct10p0
[2026-06-18 15:31:28,265][feature_based_propensities_for_ULTR.experiments.data_pipeline][INFO] - Loaded click datasets in 28.24 seconds (train=8694, val=1306, test=0)
[2026-06-18 15:31:28,265][feature_based_propensities_for_ULTR.experiments.data_pipeline][INFO] - Test split is label-only by design; no test click dataset was loaded.
[2026-06-18 15:31:28,265][feature_based_propensities_for_ULTR.data.runtime.alignment][INFO] - Applying data cutoff override: configured=25, natural=25, effective=25
[2026-06-18 15:31:28,266][feature_based_propensities_for_ULTR.data.runtime.alignment][INFO] - Applying data cutoff override: configured=25, natural=25, effective=25
[2026-06-18 15:31:28,358][feature_based_propensities_for_ULTR.data.runtime.aggregation][INFO] - Initializing simulator...
[2026-06-18 15:31:28,359][feature_based_propensities_for_ULTR.data.runtime.aggregation][INFO] - Aggregating train dataset...
[2026-06-18 15:31:34,578][feature_based_propensities_for_ULTR.data.runtime.aggregation][INFO] - Aggregating validation dataset...
[2026-06-18 15:31:37,132][feature_based_propensities_for_ULTR.data.runtime.aggregation][INFO] - Aggregating test dataset from labels only...
[2026-06-18 15:31:38,766][feature_based_propensities_for_ULTR.data.runtime.aggregation][INFO] - Aggregation done in 10.41 seconds
[2026-06-18 15:31:38,767][feature_based_propensities_for_ULTR.data.runtime.aggregation][INFO] - Session usage after aggregation: requested(train=8694,val=1306), actual(train=8694,val=1306,test=0)
[2026-06-18 15:31:38,767][feature_based_propensities_for_ULTR.data.runtime.aggregation][INFO] - Dataset persistence disabled; skipping aggregated dataset cache save.
[2026-06-18 15:31:38,767][feature_based_propensities_for_ULTR.experiments.ips_pipeline][INFO] - Test split uses label-only evaluation; raw test click diagnostics are skipped.
[2026-06-18 15:31:38,792][feature_based_propensities_for_ULTR.experiments.diagnostics][INFO] - [Data] train_docs=470251, val_docs=70687, test_docs=164676, cutoff=25
[2026-06-18 15:31:38,879][feature_based_propensities_for_ULTR.experiments.diagnostics][INFO] - [Train] clicks=1369, displays=146910, ctr=0.0093, ctr_per_doc=0.0093
[2026-06-18 15:31:38,963][feature_based_propensities_for_ULTR.experiments.diagnostics][INFO] - [Validation] clicks=193, displays=21763, ctr=0.0089, ctr_per_doc=0.0089
[2026-06-18 15:31:39,080][feature_based_propensities_for_ULTR.experiments.diagnostics][INFO] - [Test] clicks=0, displays=0, ctr=0.0000, ctr_per_doc=0.0000
[2026-06-18 15:31:39,081][feature_based_propensities_for_ULTR.experiments.ips_pipeline][INFO] - Running estimator pipeline with model='ips'
[2026-06-18 15:31:39,081][feature_based_propensities_for_ULTR.experiments.ips_pipeline][INFO] - Computing position bias (alpha)...
[2026-06-18 15:31:39,096][ultr_bias_toolkit.bias.intervention_harvesting.all_pairs][INFO] - Position bias estimation using global all pairs estimator
[2026-06-18 15:32:28,461][feature_based_propensities_for_ULTR.experiments.position_bias_pipeline][INFO] - Saved estimated position-bias curve to position_bias.json
[2026-06-18 15:32:28,462][feature_based_propensities_for_ULTR.experiments.ips_pipeline][INFO] - Estimated position bias in-run (estimator=global_all_pairs): [ 0.         -0.89780444 -1.3444971  -1.1095954  -1.9649013  -1.9704727
 -2.2424068  -3.2994547  -2.247112   -2.4493365  -3.3494291  -3.4510915
 -2.8757608  -1.9370334  -2.4202607  -4.915904   -3.225502   -3.4513588
 -3.3870354  -2.3111348  -3.2247543  -4.4067063  -3.7689908  -6.9077554
 -3.3094382 ]
[2026-06-18 15:32:28,463][feature_based_propensities_for_ULTR.experiments.propensity_pipeline][INFO] - Computing propensity per doc (method=propensity_mlp_regression)...
[2026-06-18 15:33:41,011][feature_based_propensities_for_ULTR.experiments.propensity_pipeline][INFO] - Propensity computed in 72.55 seconds
[2026-06-18 15:33:41,012][feature_based_propensities_for_ULTR.experiments.propensity_pipeline][INFO] - Alpha logits: [ 0.     -0.8978 -1.3445 -1.1096 -1.9649 -1.9705 -2.2424 -3.2995 -2.2471
 -2.4493 -3.3494 -3.4511 -2.8758 -1.937  -2.4203 -4.9159 -3.2255 -3.4514
 -3.387  -2.3111 -3.2248 -4.4067 -3.769  -6.9078 -3.3094]
[2026-06-18 15:33:41,013][feature_based_propensities_for_ULTR.experiments.propensity_pipeline][INFO] - Alpha: [0.5    0.2895 0.2068 0.2479 0.1229 0.1223 0.096  0.0356 0.0956 0.0795
 0.0339 0.0307 0.0534 0.126  0.0816 0.0073 0.0382 0.0307 0.0327 0.0902
 0.0382 0.012  0.0226 0.001  0.0352]
[2026-06-18 15:33:41,013][feature_based_propensities_for_ULTR.experiments.propensity_pipeline][INFO] - Propensity clipping disabled.
[2026-06-18 15:33:41,013][feature_based_propensities_for_ULTR.experiments.ips_pipeline][INFO] - Computing IPS doc weights...
[2026-06-18 15:33:41,490][feature_based_propensities_for_ULTR.experiments.ips_pipeline][INFO] - Doc weights computed in 0.48 seconds
[2026-06-18 15:33:41,497][feature_based_propensities_for_ULTR.experiments.model_pipeline][INFO] - Loading trainer (trainer_type='pl-rank', n_samples=100)...
[2026-06-18 15:33:41,499][feature_based_propensities_for_ULTR.experiments.model_pipeline][INFO] - Trainer loaded in 0.00 seconds
[2026-06-18 15:33:41,499][feature_based_propensities_for_ULTR.experiments.model_pipeline][INFO] - Training model...
[2026-06-18 15:35:11,337][feature_based_propensities_for_ULTR.experiments.ips_pipeline][INFO] - Final evaluation results:
{'metrics': {'CTR': 0.7297003865242004,
             'DCG': 2.111560106277466,
             'NCTR': 0.6821680068969727,
             'NDCG': 0.7630839943885803,
             'NDCG@25': 0.7630839943885803,
             'NRCTR': 0.6821680068969727,
             'RCTR': 0.7297003865242004}}
[2026-06-18 15:35:11,362][submitit][INFO] - Job completed successfully
[2026-06-18 15:35:11,372][submitit][INFO] - Exiting after successful completion
