[2026-06-18 16:57:27,793][feature_based_propensities_for_ULTR.experiments.config_resolver][WARNING] - test_clicks=500000 is ignored because test_set_mode='label_only'. Set test_set_mode='clicks' to enable legacy click-based test behavior.
[2026-06-18 16:57:27,798][feature_based_propensities_for_ULTR.experiments.data_pipeline][INFO] - Loading or generating click datasets...
[2026-06-18 16:58:55,847][absl][INFO] - orbax-checkpoint version: 0.11.40
[2026-06-18 16:58:55,847][absl][INFO] - save_device_host_concurrent_bytes=None
[2026-06-18 16:58:55,847][absl][INFO] - Created BasePyTreeCheckpointHandler: use_ocdbt=True, use_zarr3=False, pytree_metadata_options=PyTreeMetadataOptions(support_rich_types=False), array_metadata_store=<orbax.checkpoint._src.metadata.array_metadata_store.Store object at 0x14be687a6c10>, enable_pinned_host_transfer=False, save_concurrent_bytes: 96000000000 (89.4 GiB), restore_concurrent_bytes: 96000000000 (89.4 GiB)
[2026-06-18 16:58:55,847][absl][INFO] - [thread=MainThread] Failed to get flag value for EXPERIMENTAL_ORBAX_USE_DISTRIBUTED_PROCESS_ID.
[2026-06-18 16:58:55,848][absl][INFO] - [process=0][thread=MainThread] Using barrier_sync_fn: <function get_barrier_sync_fn.<locals>.<lambda> at 0x14bd9819b920> timeout: 1200 secs and primary_host=0 for async checkpoint writes
[2026-06-18 16:58:55,848][absl][INFO] - [process=0] [sync] Started load checkpoint @ /gpfs/home5/sfris1/ltr_datasets/ips_datasets/istella_logging_policy_c10000_ps1p0_pt0p5_bs1p0_drop0rel0_sessallocv2_candfullv2_topx25_maxdocs200_lprdeep_lpsegreedysampler_lppct10p0.
[2026-06-18 16:58:55,850][absl][INFO] - Restoring checkpoint from /gpfs/home5/sfris1/ltr_datasets/ips_datasets/istella_logging_policy_c10000_ps1p0_pt0p5_bs1p0_drop0rel0_sessallocv2_candfullv2_topx25_maxdocs200_lprdeep_lpsegreedysampler_lppct10p0.
[2026-06-18 16:58:55,851][absl][INFO] - [process=0] [sync] Finished blocking load in 0.00 seconds. Continuing load @ /gpfs/home5/sfris1/ltr_datasets/ips_datasets/istella_logging_policy_c10000_ps1p0_pt0p5_bs1p0_drop0rel0_sessallocv2_candfullv2_topx25_maxdocs200_lprdeep_lpsegreedysampler_lppct10p0.
[2026-06-18 16:58:55,867][absl][INFO] - [process=0] /jax/orbax/read/worker/io/requested throughput: 2.759 MiB/s (total gbytes: 31.6 KiB) (time elapsed: 0.01119375228881836 s) (per-host)
[2026-06-18 16:58:55,868][absl][INFO] - [process=0] /jax/checkpoint/read/gbytes_per_sec: 1.847 MiB/s (total gbytes: 31.6 KiB) (time elapsed: 0.016724109649658203 s) (per-host)
[2026-06-18 16:58:55,868][absl][INFO] - [process=0] [sync] Finished load in 0.02 seconds @ /gpfs/home5/sfris1/ltr_datasets/ips_datasets/istella_logging_policy_c10000_ps1p0_pt0p5_bs1p0_drop0rel0_sessallocv2_candfullv2_topx25_maxdocs200_lprdeep_lpsegreedysampler_lppct10p0
[2026-06-18 16:59:01,093][feature_based_propensities_for_ULTR.experiments.data_pipeline][INFO] - Loaded click datasets in 93.30 seconds (train=7274, val=2726, test=0)
[2026-06-18 16:59:01,093][feature_based_propensities_for_ULTR.experiments.data_pipeline][INFO] - Test split is label-only by design; no test click dataset was loaded.
[2026-06-18 16:59:01,094][feature_based_propensities_for_ULTR.data.runtime.alignment][INFO] - Applying data cutoff override: configured=25, natural=25, effective=25
[2026-06-18 16:59:01,094][feature_based_propensities_for_ULTR.data.runtime.alignment][INFO] - Applying data cutoff override: configured=25, natural=25, effective=25
[2026-06-18 16:59:01,183][feature_based_propensities_for_ULTR.data.runtime.aggregation][INFO] - Initializing simulator...
[2026-06-18 16:59:01,184][feature_based_propensities_for_ULTR.data.runtime.aggregation][INFO] - Aggregating train dataset...
[2026-06-18 16:59:07,527][feature_based_propensities_for_ULTR.data.runtime.aggregation][INFO] - Aggregating validation dataset...
[2026-06-18 16:59:10,681][feature_based_propensities_for_ULTR.data.runtime.aggregation][INFO] - Aggregating test dataset from labels only...
[2026-06-18 16:59:12,037][feature_based_propensities_for_ULTR.data.runtime.aggregation][INFO] - Aggregation done in 10.85 seconds
[2026-06-18 16:59:12,038][feature_based_propensities_for_ULTR.data.runtime.aggregation][INFO] - Session usage after aggregation: requested(train=7274,val=2726), actual(train=7274,val=2726,test=0)
[2026-06-18 16:59:12,038][feature_based_propensities_for_ULTR.data.runtime.aggregation][INFO] - Dataset persistence disabled; skipping aggregated dataset cache save.
[2026-06-18 16:59:12,038][feature_based_propensities_for_ULTR.experiments.ips_pipeline][INFO] - Test split uses label-only evaluation; raw test click diagnostics are skipped.
[2026-06-18 16:59:12,089][feature_based_propensities_for_ULTR.experiments.diagnostics][INFO] - [Data] train_docs=2043304, val_docs=684076, test_docs=681250, cutoff=25
[2026-06-18 16:59:12,183][feature_based_propensities_for_ULTR.experiments.diagnostics][INFO] - [Train] clicks=1651, displays=181227, ctr=0.0091, ctr_per_doc=0.0091
[2026-06-18 16:59:12,271][feature_based_propensities_for_ULTR.experiments.diagnostics][INFO] - [Validation] clicks=586, displays=67777, ctr=0.0086, ctr_per_doc=0.0086
[2026-06-18 16:59:12,359][feature_based_propensities_for_ULTR.experiments.diagnostics][INFO] - [Test] clicks=0, displays=0, ctr=0.0000, ctr_per_doc=0.0000
[2026-06-18 16:59:12,359][feature_based_propensities_for_ULTR.experiments.ips_pipeline][INFO] - Running estimator pipeline with model='ips'
[2026-06-18 16:59:12,359][feature_based_propensities_for_ULTR.experiments.ips_pipeline][INFO] - Computing position bias (alpha)...
[2026-06-18 16:59:12,378][ultr_bias_toolkit.bias.intervention_harvesting.all_pairs][INFO] - Position bias estimation using global all pairs estimator
[2026-06-18 17:00:01,488][feature_based_propensities_for_ULTR.experiments.position_bias_pipeline][INFO] - Saved estimated position-bias curve to position_bias.json
[2026-06-18 17:00:01,488][feature_based_propensities_for_ULTR.experiments.ips_pipeline][INFO] - Estimated position bias in-run (estimator=global_all_pairs): [ 0.         -0.48637968 -0.6486039  -1.0892675  -1.6952137  -1.4540489
 -1.708622   -2.3527293  -2.5484416  -1.9243994  -4.0699806  -2.2291942
 -6.9077554  -2.5406404  -3.181127   -2.1848288  -3.3874216  -3.063201
 -2.9484968  -1.4301735  -1.9258343  -3.3050268  -0.624091   -2.409556
 -3.4541554 ]
[2026-06-18 17:00:01,490][feature_based_propensities_for_ULTR.experiments.propensity_pipeline][INFO] - Computing propensity per doc (method=true_propensity)...
[2026-06-18 17:00:27,767][feature_based_propensities_for_ULTR.experiments.propensity_pipeline][INFO] - Propensity computed in 26.28 seconds
[2026-06-18 17:00:27,767][feature_based_propensities_for_ULTR.experiments.propensity_pipeline][INFO] - Alpha logits: [ 0.         -0.48637968 -0.6486039  -1.0892675  -1.6952137  -1.4540489
 -1.708622   -2.3527293  -2.5484416  -1.9243994  -4.0699806  -2.2291942
 -6.9077554  -2.5406404  -3.181127   -2.1848288  -3.3874216  -3.063201
 -2.9484968  -1.4301735  -1.9258343  -3.3050268  -0.624091   -2.409556
 -3.4541554 ]
[2026-06-18 17:00:27,768][feature_based_propensities_for_ULTR.experiments.propensity_pipeline][INFO] - Alpha: [0.5        0.38074678 0.34330422 0.25175622 0.15509142 0.18937923
 0.15334253 0.08684909 0.07253125 0.12737179 0.01679097 0.0971593
 0.000999   0.0730578  0.03988216 0.10112117 0.03269089 0.04465096
 0.0498076  0.19307165 0.12721238 0.03539914 0.3488516  0.0824469
 0.03064517]
[2026-06-18 17:00:27,769][feature_based_propensities_for_ULTR.experiments.propensity_pipeline][INFO] - Propensity clipping disabled.
[2026-06-18 17:00:27,769][feature_based_propensities_for_ULTR.experiments.ips_pipeline][INFO] - Computing IPS doc weights...
[2026-06-18 17:00:28,257][feature_based_propensities_for_ULTR.experiments.ips_pipeline][INFO] - Doc weights computed in 0.49 seconds
[2026-06-18 17:00:28,294][feature_based_propensities_for_ULTR.experiments.model_pipeline][INFO] - Loading trainer (trainer_type='pl-rank', n_samples=100)...
[2026-06-18 17:00:28,296][feature_based_propensities_for_ULTR.experiments.model_pipeline][INFO] - Trainer loaded in 0.00 seconds
[2026-06-18 17:00:28,297][feature_based_propensities_for_ULTR.experiments.model_pipeline][INFO] - Training model...
[2026-06-18 17:04:58,707][feature_based_propensities_for_ULTR.experiments.ips_pipeline][INFO] - Final evaluation results:
{'metrics': {'CTR': 1.0307800769805908,
             'DCG': 2.2277143001556396,
             'NCTR': 0.5230641961097717,
             'NDCG': 0.6456472277641296,
             'NDCG@25': 0.6456472277641296,
             'NRCTR': 0.5230641961097717,
             'RCTR': 1.0307800769805908}}
[2026-06-18 17:04:58,739][submitit][INFO] - Job completed successfully
[2026-06-18 17:04:58,749][submitit][INFO] - Exiting after successful completion
