[2026-06-18 16:54:26,792][feature_based_propensities_for_ULTR.experiments.config_resolver][WARNING] - test_clicks=500000 is ignored because test_set_mode='label_only'. Set test_set_mode='clicks' to enable legacy click-based test behavior.
[2026-06-18 16:54:26,798][feature_based_propensities_for_ULTR.experiments.data_pipeline][INFO] - Loading or generating click datasets...
[2026-06-18 16:55:27,402][absl][INFO] - orbax-checkpoint version: 0.11.40
[2026-06-18 16:55:27,403][absl][INFO] - save_device_host_concurrent_bytes=None
[2026-06-18 16:55:27,403][absl][INFO] - Created BasePyTreeCheckpointHandler: use_ocdbt=True, use_zarr3=False, pytree_metadata_options=PyTreeMetadataOptions(support_rich_types=False), array_metadata_store=<orbax.checkpoint._src.metadata.array_metadata_store.Store object at 0x145d86205a50>, enable_pinned_host_transfer=False, save_concurrent_bytes: 96000000000 (89.4 GiB), restore_concurrent_bytes: 96000000000 (89.4 GiB)
[2026-06-18 16:55:27,403][absl][INFO] - [thread=MainThread] Failed to get flag value for EXPERIMENTAL_ORBAX_USE_DISTRIBUTED_PROCESS_ID.
[2026-06-18 16:55:27,403][absl][INFO] - [process=0][thread=MainThread] Using barrier_sync_fn: <function get_barrier_sync_fn.<locals>.<lambda> at 0x145cea2ff9c0> timeout: 1200 secs and primary_host=0 for async checkpoint writes
[2026-06-18 16:55:27,404][absl][INFO] - [process=0] [sync] Started load checkpoint @ /gpfs/home5/sfris1/ltr_datasets/ips_datasets/logging_policy_c10000_ps1p0_pt0p5_bs1p0_drop0rel0_sessallocv2_candfullv2_topx25_maxdocs200_lprdeep_lpsegreedysampler_lppct10p0.
[2026-06-18 16:55:27,406][absl][INFO] - Restoring checkpoint from /gpfs/home5/sfris1/ltr_datasets/ips_datasets/logging_policy_c10000_ps1p0_pt0p5_bs1p0_drop0rel0_sessallocv2_candfullv2_topx25_maxdocs200_lprdeep_lpsegreedysampler_lppct10p0.
[2026-06-18 16:55:27,406][absl][INFO] - [process=0] [sync] Finished blocking load in 0.00 seconds. Continuing load @ /gpfs/home5/sfris1/ltr_datasets/ips_datasets/logging_policy_c10000_ps1p0_pt0p5_bs1p0_drop0rel0_sessallocv2_candfullv2_topx25_maxdocs200_lprdeep_lpsegreedysampler_lppct10p0.
[2026-06-18 16:55:27,422][absl][INFO] - [process=0] /jax/orbax/read/worker/io/requested throughput: 1.891 MiB/s (total gbytes: 21.4 KiB) (time elapsed: 0.011038541793823242 s) (per-host)
[2026-06-18 16:55:27,424][absl][INFO] - [process=0] /jax/checkpoint/read/gbytes_per_sec: 1.256 MiB/s (total gbytes: 21.4 KiB) (time elapsed: 0.016619443893432617 s) (per-host)
[2026-06-18 16:55:27,424][absl][INFO] - [process=0] [sync] Finished load in 0.02 seconds @ /gpfs/home5/sfris1/ltr_datasets/ips_datasets/logging_policy_c10000_ps1p0_pt0p5_bs1p0_drop0rel0_sessallocv2_candfullv2_topx25_maxdocs200_lprdeep_lpsegreedysampler_lppct10p0
[2026-06-18 16:55:31,574][feature_based_propensities_for_ULTR.experiments.data_pipeline][INFO] - Loaded click datasets in 64.78 seconds (train=7500, val=2500, test=0)
[2026-06-18 16:55:31,574][feature_based_propensities_for_ULTR.experiments.data_pipeline][INFO] - Test split is label-only by design; no test click dataset was loaded.
[2026-06-18 16:55:31,574][feature_based_propensities_for_ULTR.data.runtime.alignment][INFO] - Applying data cutoff override: configured=25, natural=25, effective=25
[2026-06-18 16:55:31,575][feature_based_propensities_for_ULTR.data.runtime.alignment][INFO] - Applying data cutoff override: configured=25, natural=25, effective=25
[2026-06-18 16:55:31,666][feature_based_propensities_for_ULTR.data.runtime.aggregation][INFO] - Initializing simulator...
[2026-06-18 16:55:31,667][feature_based_propensities_for_ULTR.data.runtime.aggregation][INFO] - Aggregating train dataset...
[2026-06-18 16:55:36,828][feature_based_propensities_for_ULTR.data.runtime.aggregation][INFO] - Aggregating validation dataset...
[2026-06-18 16:55:39,784][feature_based_propensities_for_ULTR.data.runtime.aggregation][INFO] - Aggregating test dataset from labels only...
[2026-06-18 16:55:40,642][feature_based_propensities_for_ULTR.data.runtime.aggregation][INFO] - Aggregation done in 8.97 seconds
[2026-06-18 16:55:40,642][feature_based_propensities_for_ULTR.data.runtime.aggregation][INFO] - Session usage after aggregation: requested(train=7500,val=2500), actual(train=7500,val=2500,test=0)
[2026-06-18 16:55:40,642][feature_based_propensities_for_ULTR.data.runtime.aggregation][INFO] - Dataset persistence disabled; skipping aggregated dataset cache save.
[2026-06-18 16:55:40,642][feature_based_propensities_for_ULTR.experiments.ips_pipeline][INFO] - Test split uses label-only evaluation; raw test click diagnostics are skipped.
[2026-06-18 16:55:40,694][feature_based_propensities_for_ULTR.experiments.diagnostics][INFO] - [Data] train_docs=2132810, val_docs=707814, test_docs=708921, cutoff=25
[2026-06-18 16:55:40,796][feature_based_propensities_for_ULTR.experiments.diagnostics][INFO] - [Train] clicks=813, displays=182801, ctr=0.0044, ctr_per_doc=0.0044
[2026-06-18 16:55:40,885][feature_based_propensities_for_ULTR.experiments.diagnostics][INFO] - [Validation] clicks=256, displays=60780, ctr=0.0042, ctr_per_doc=0.0042
[2026-06-18 16:55:40,977][feature_based_propensities_for_ULTR.experiments.diagnostics][INFO] - [Test] clicks=0, displays=0, ctr=0.0000, ctr_per_doc=0.0000
[2026-06-18 16:55:40,977][feature_based_propensities_for_ULTR.experiments.ips_pipeline][INFO] - Running estimator pipeline with model='dm'
[2026-06-18 16:55:40,977][feature_based_propensities_for_ULTR.experiments.ips_pipeline][INFO] - Computing position bias (alpha)...
[2026-06-18 16:55:40,995][ultr_bias_toolkit.bias.intervention_harvesting.all_pairs][INFO] - Position bias estimation using global all pairs estimator
[2026-06-18 16:56:29,667][feature_based_propensities_for_ULTR.experiments.position_bias_pipeline][INFO] - Saved estimated position-bias curve to position_bias.json
[2026-06-18 16:56:29,668][feature_based_propensities_for_ULTR.experiments.ips_pipeline][INFO] - Estimated position bias in-run (estimator=global_all_pairs): [ 0.         -0.98001397 -0.31621322 -1.9828984  -1.4826652  -2.5170696
 -0.69151855 -1.108402   -2.5128329  -6.9077554  -6.9077554  -3.3682556
 -2.022594   -1.3646686  -0.8045223  -1.960984   -2.8835375  -2.5724201
 -2.8914337  -6.02973    -2.0826666  -6.9077554  -2.9677086  -3.6014647
 -6.9077554 ]
[2026-06-18 16:56:29,669][feature_based_propensities_for_ULTR.experiments.propensity_pipeline][INFO] - Computing propensity per doc (method=propensity_mlp_regression)...
[2026-06-18 16:57:14,423][feature_based_propensities_for_ULTR.experiments.propensity_pipeline][INFO] - Propensity computed in 44.75 seconds
[2026-06-18 16:57:14,423][feature_based_propensities_for_ULTR.experiments.propensity_pipeline][INFO] - Alpha logits: [ 0.     -0.98   -0.3162 -1.9829 -1.4827 -2.5171 -0.6915 -1.1084 -2.5128
 -6.9078 -6.9078 -3.3683 -2.0226 -1.3647 -0.8045 -1.961  -2.8835 -2.5724
 -2.8914 -6.0297 -2.0827 -6.9078 -2.9677 -3.6015 -6.9078]
[2026-06-18 16:57:14,424][feature_based_propensities_for_ULTR.experiments.propensity_pipeline][INFO] - Alpha: [0.5    0.2729 0.4216 0.121  0.185  0.0747 0.3337 0.2482 0.075  0.001
 0.001  0.0333 0.1169 0.2035 0.3091 0.1234 0.053  0.0709 0.0526 0.0024
 0.1108 0.001  0.0489 0.0266 0.001 ]
[2026-06-18 16:57:14,425][feature_based_propensities_for_ULTR.experiments.propensity_pipeline][INFO] - Propensity clipping disabled.
[2026-06-18 16:57:15,703][feature_based_propensities_for_ULTR.experiments.regression_pipeline][INFO] - Training regression model for DM/DR...
[2026-06-18 16:57:43,624][feature_based_propensities_for_ULTR.experiments.regression_pipeline][INFO] - Regression epoch 3: train_loss=0.072419 val_loss=0.070069
[2026-06-18 16:58:10,473][feature_based_propensities_for_ULTR.experiments.regression_pipeline][INFO] - Regression epoch 6: train_loss=0.073410 val_loss=0.069221
[2026-06-18 16:58:16,607][feature_based_propensities_for_ULTR.experiments.ips_pipeline][INFO] - Computing DM doc weights...
[2026-06-18 16:58:16,607][feature_based_propensities_for_ULTR.experiments.ips_pipeline][INFO] - Doc weights computed in 0.00 seconds
[2026-06-18 16:58:16,618][feature_based_propensities_for_ULTR.experiments.model_pipeline][INFO] - Loading trainer (trainer_type='pl-rank', n_samples=100)...
[2026-06-18 16:58:16,620][feature_based_propensities_for_ULTR.experiments.model_pipeline][INFO] - Trainer loaded in 0.00 seconds
[2026-06-18 16:58:16,620][feature_based_propensities_for_ULTR.experiments.model_pipeline][INFO] - Training model...
[2026-06-18 17:22:25,622][feature_based_propensities_for_ULTR.experiments.ips_pipeline][INFO] - Final evaluation results:
{'metrics': {'CTR': 0.7957772612571716,
             'DCG': 1.8268554210662842,
             'NCTR': 0.43545717000961304,
             'NDCG': 0.4788278639316559,
             'NDCG@25': 0.4788278639316559,
             'NRCTR': 0.43545717000961304,
             'RCTR': 0.7957772612571716}}
[2026-06-18 17:22:25,653][submitit][INFO] - Job completed successfully
[2026-06-18 17:22:25,663][submitit][INFO] - Exiting after successful completion
