[2026-06-18 03:22:22,388][feature_based_propensities_for_ULTR.experiments.config_resolver][WARNING] - test_clicks=500000 is ignored because test_set_mode='label_only'. Set test_set_mode='clicks' to enable legacy click-based test behavior.
[2026-06-18 03:22:22,393][feature_based_propensities_for_ULTR.experiments.data_pipeline][INFO] - Loading or generating click datasets...
[2026-06-18 03:23:51,759][absl][INFO] - orbax-checkpoint version: 0.11.40
[2026-06-18 03:23:51,760][absl][INFO] - save_device_host_concurrent_bytes=None
[2026-06-18 03:23:51,760][absl][INFO] - Created BasePyTreeCheckpointHandler: use_ocdbt=True, use_zarr3=False, pytree_metadata_options=PyTreeMetadataOptions(support_rich_types=False), array_metadata_store=<orbax.checkpoint._src.metadata.array_metadata_store.Store object at 0x148dc6bee3d0>, enable_pinned_host_transfer=False, save_concurrent_bytes: 96000000000 (89.4 GiB), restore_concurrent_bytes: 96000000000 (89.4 GiB)
[2026-06-18 03:23:51,760][absl][INFO] - [thread=MainThread] Failed to get flag value for EXPERIMENTAL_ORBAX_USE_DISTRIBUTED_PROCESS_ID.
[2026-06-18 03:23:51,760][absl][INFO] - [process=0][thread=MainThread] Using barrier_sync_fn: <function get_barrier_sync_fn.<locals>.<lambda> at 0x148d1a142ac0> timeout: 1200 secs and primary_host=0 for async checkpoint writes
[2026-06-18 03:23:51,761][absl][INFO] - [process=0] [sync] Started load checkpoint @ /gpfs/home5/sfris1/ltr_datasets/ips_datasets/istella_logging_policy_c1000_ps1p0_pt0p5_bs1p0_drop0rel0_sessallocv2_candfullv2_topx25_maxdocs200_lprdeep_lpsegreedysampler_lppct10p0.
[2026-06-18 03:23:51,764][absl][INFO] - Restoring checkpoint from /gpfs/home5/sfris1/ltr_datasets/ips_datasets/istella_logging_policy_c1000_ps1p0_pt0p5_bs1p0_drop0rel0_sessallocv2_candfullv2_topx25_maxdocs200_lprdeep_lpsegreedysampler_lppct10p0.
[2026-06-18 03:23:51,764][absl][INFO] - [process=0] [sync] Finished blocking load in 0.00 seconds. Continuing load @ /gpfs/home5/sfris1/ltr_datasets/ips_datasets/istella_logging_policy_c1000_ps1p0_pt0p5_bs1p0_drop0rel0_sessallocv2_candfullv2_topx25_maxdocs200_lprdeep_lpsegreedysampler_lppct10p0.
[2026-06-18 03:23:51,780][absl][INFO] - [process=0] /jax/orbax/read/worker/io/requested throughput: 2.739 MiB/s (total gbytes: 31.6 KiB) (time elapsed: 0.011276006698608398 s) (per-host)
[2026-06-18 03:23:51,782][absl][INFO] - [process=0] /jax/checkpoint/read/gbytes_per_sec: 1.810 MiB/s (total gbytes: 31.6 KiB) (time elapsed: 0.017062902450561523 s) (per-host)
[2026-06-18 03:23:51,782][absl][INFO] - [process=0] [sync] Finished load in 0.02 seconds @ /gpfs/home5/sfris1/ltr_datasets/ips_datasets/istella_logging_policy_c1000_ps1p0_pt0p5_bs1p0_drop0rel0_sessallocv2_candfullv2_topx25_maxdocs200_lprdeep_lpsegreedysampler_lppct10p0
[2026-06-18 03:23:55,960][feature_based_propensities_for_ULTR.experiments.data_pipeline][INFO] - Loaded click datasets in 93.57 seconds (train=727, val=273, test=0)
[2026-06-18 03:23:55,960][feature_based_propensities_for_ULTR.experiments.data_pipeline][INFO] - Test split is label-only by design; no test click dataset was loaded.
[2026-06-18 03:23:55,960][feature_based_propensities_for_ULTR.data.runtime.alignment][INFO] - Applying data cutoff override: configured=25, natural=25, effective=25
[2026-06-18 03:23:55,961][feature_based_propensities_for_ULTR.data.runtime.alignment][INFO] - Applying data cutoff override: configured=25, natural=25, effective=25
[2026-06-18 03:23:56,055][feature_based_propensities_for_ULTR.data.runtime.aggregation][INFO] - Initializing simulator...
[2026-06-18 03:23:56,056][feature_based_propensities_for_ULTR.data.runtime.aggregation][INFO] - Aggregating train dataset...
[2026-06-18 03:24:02,076][feature_based_propensities_for_ULTR.data.runtime.aggregation][INFO] - Aggregating validation dataset...
[2026-06-18 03:24:05,131][feature_based_propensities_for_ULTR.data.runtime.aggregation][INFO] - Aggregating test dataset from labels only...
[2026-06-18 03:24:06,544][feature_based_propensities_for_ULTR.data.runtime.aggregation][INFO] - Aggregation done in 10.49 seconds
[2026-06-18 03:24:06,544][feature_based_propensities_for_ULTR.data.runtime.aggregation][INFO] - Session usage after aggregation: requested(train=727,val=273), actual(train=727,val=273,test=0)
[2026-06-18 03:24:06,544][feature_based_propensities_for_ULTR.data.runtime.aggregation][INFO] - Dataset persistence disabled; skipping aggregated dataset cache save.
[2026-06-18 03:24:06,544][feature_based_propensities_for_ULTR.experiments.ips_pipeline][INFO] - Test split uses label-only evaluation; raw test click diagnostics are skipped.
[2026-06-18 03:24:06,595][feature_based_propensities_for_ULTR.experiments.diagnostics][INFO] - [Data] train_docs=2043304, val_docs=684076, test_docs=681250, cutoff=25
[2026-06-18 03:24:06,690][feature_based_propensities_for_ULTR.experiments.diagnostics][INFO] - [Train] clicks=152, displays=18106, ctr=0.0084, ctr_per_doc=0.0084
[2026-06-18 03:24:06,782][feature_based_propensities_for_ULTR.experiments.diagnostics][INFO] - [Validation] clicks=63, displays=6772, ctr=0.0093, ctr_per_doc=0.0093
[2026-06-18 03:24:06,870][feature_based_propensities_for_ULTR.experiments.diagnostics][INFO] - [Test] clicks=0, displays=0, ctr=0.0000, ctr_per_doc=0.0000
[2026-06-18 03:24:06,871][feature_based_propensities_for_ULTR.experiments.ips_pipeline][INFO] - Running estimator pipeline with model='dm'
[2026-06-18 03:24:06,871][feature_based_propensities_for_ULTR.experiments.ips_pipeline][INFO] - Computing position bias (alpha)...
[2026-06-18 03:24:06,922][feature_based_propensities_for_ULTR.experiments.propensity_pipeline][INFO] - Computing propensity per doc (method=frequency_based)...
[2026-06-18 03:24:11,223][feature_based_propensities_for_ULTR.experiments.propensity_pipeline][INFO] - Propensity computed in 4.30 seconds
[2026-06-18 03:24:11,224][feature_based_propensities_for_ULTR.experiments.propensity_pipeline][INFO] - Alpha logits: [-0.        -0.6931472 -1.0986123 -1.3862944 -1.609438  -1.7917595
 -1.9459101 -2.0794415 -2.1972246 -2.3025851 -2.3978953 -2.4849067
 -2.5649493 -2.6390574 -2.7080503 -2.7725887 -2.8332133 -2.8903718
 -2.944439  -2.9957323 -3.0445225 -3.0910425 -3.1354942 -3.1780539
 -3.218876 ]
[2026-06-18 03:24:11,225][feature_based_propensities_for_ULTR.experiments.propensity_pipeline][INFO] - Alpha: [0.5        0.33333334 0.25       0.2        0.16666667 0.14285715
 0.12500001 0.11111111 0.1        0.09090909 0.08333333 0.07692308
 0.07142857 0.06666666 0.0625     0.05882353 0.05555556 0.05263158
 0.05       0.04761905 0.04545454 0.04347826 0.04166667 0.04
 0.03846154]
[2026-06-18 03:24:11,225][feature_based_propensities_for_ULTR.experiments.propensity_pipeline][INFO] - Propensity clipping disabled.
[2026-06-18 03:24:12,304][feature_based_propensities_for_ULTR.experiments.regression_pipeline][INFO] - Training regression model for DM/DR...
[2026-06-18 03:24:14,091][feature_based_propensities_for_ULTR.experiments.regression_pipeline][INFO] - Regression epoch 3: train_loss=0.177513 val_loss=0.182973
[2026-06-18 03:24:14,819][feature_based_propensities_for_ULTR.experiments.regression_pipeline][INFO] - Regression epoch 6: train_loss=0.162709 val_loss=0.180459
[2026-06-18 03:24:15,543][feature_based_propensities_for_ULTR.experiments.regression_pipeline][INFO] - Regression epoch 9: train_loss=0.151733 val_loss=0.183334
[2026-06-18 03:24:21,422][feature_based_propensities_for_ULTR.experiments.ips_pipeline][INFO] - Computing DM doc weights...
[2026-06-18 03:24:21,422][feature_based_propensities_for_ULTR.experiments.ips_pipeline][INFO] - Doc weights computed in 0.00 seconds
[2026-06-18 03:24:21,432][feature_based_propensities_for_ULTR.experiments.model_pipeline][INFO] - Loading trainer (trainer_type='pl-rank', n_samples=100)...
[2026-06-18 03:24:21,434][feature_based_propensities_for_ULTR.experiments.model_pipeline][INFO] - Trainer loaded in 0.00 seconds
[2026-06-18 03:24:21,434][feature_based_propensities_for_ULTR.experiments.model_pipeline][INFO] - Training model...
[2026-06-18 03:54:01,735][feature_based_propensities_for_ULTR.experiments.ips_pipeline][INFO] - Final evaluation results:
{'metrics': {'CTR': 0.9327048063278198,
             'DCG': 2.2658536434173584,
             'NCTR': 0.5980125069618225,
             'NDCG': 0.6604531407356262,
             'NDCG@25': 0.6604531407356262,
             'NRCTR': 0.5980125069618225,
             'RCTR': 0.9327048063278198}}
[2026-06-18 03:54:01,771][submitit][INFO] - Job completed successfully
[2026-06-18 03:54:01,782][submitit][INFO] - Exiting after successful completion
