[2026-06-18 16:53:44,171][feature_based_propensities_for_ULTR.experiments.config_resolver][WARNING] - test_clicks=500000 is ignored because test_set_mode='label_only'. Set test_set_mode='clicks' to enable legacy click-based test behavior.
[2026-06-18 16:53:44,176][feature_based_propensities_for_ULTR.experiments.data_pipeline][INFO] - Loading or generating click datasets...
[2026-06-18 16:54:07,527][absl][INFO] - orbax-checkpoint version: 0.11.40
[2026-06-18 16:54:07,528][absl][INFO] - save_device_host_concurrent_bytes=None
[2026-06-18 16:54:07,528][absl][INFO] - Created BasePyTreeCheckpointHandler: use_ocdbt=True, use_zarr3=False, pytree_metadata_options=PyTreeMetadataOptions(support_rich_types=False), array_metadata_store=<orbax.checkpoint._src.metadata.array_metadata_store.Store object at 0x14fbee44add0>, enable_pinned_host_transfer=False, save_concurrent_bytes: 96000000000 (89.4 GiB), restore_concurrent_bytes: 96000000000 (89.4 GiB)
[2026-06-18 16:54:07,528][absl][INFO] - [thread=MainThread] Failed to get flag value for EXPERIMENTAL_ORBAX_USE_DISTRIBUTED_PROCESS_ID.
[2026-06-18 16:54:07,528][absl][INFO] - [process=0][thread=MainThread] Using barrier_sync_fn: <function get_barrier_sync_fn.<locals>.<lambda> at 0x14fb438c3880> timeout: 1200 secs and primary_host=0 for async checkpoint writes
[2026-06-18 16:54:07,529][absl][INFO] - [process=0] [sync] Started load checkpoint @ /gpfs/home5/sfris1/ltr_datasets/ips_datasets/logging_policy_c10000_ps1p0_pt0p5_bs1p0_drop0rel0_sessallocv2_candfullv2_topx25_maxdocs80_lprdeep_lpsegreedysampler_lppct10p0.
[2026-06-18 16:54:07,531][absl][INFO] - Restoring checkpoint from /gpfs/home5/sfris1/ltr_datasets/ips_datasets/logging_policy_c10000_ps1p0_pt0p5_bs1p0_drop0rel0_sessallocv2_candfullv2_topx25_maxdocs80_lprdeep_lpsegreedysampler_lppct10p0.
[2026-06-18 16:54:07,531][absl][INFO] - [process=0] [sync] Finished blocking load in 0.00 seconds. Continuing load @ /gpfs/home5/sfris1/ltr_datasets/ips_datasets/logging_policy_c10000_ps1p0_pt0p5_bs1p0_drop0rel0_sessallocv2_candfullv2_topx25_maxdocs80_lprdeep_lpsegreedysampler_lppct10p0.
[2026-06-18 16:54:07,547][absl][INFO] - [process=0] /jax/orbax/read/worker/io/requested throughput: 8.137 MiB/s (total gbytes: 91.8 KiB) (time elapsed: 0.01101231575012207 s) (per-host)
[2026-06-18 16:54:07,548][absl][INFO] - [process=0] /jax/checkpoint/read/gbytes_per_sec: 5.465 MiB/s (total gbytes: 91.8 KiB) (time elapsed: 0.016394615173339844 s) (per-host)
[2026-06-18 16:54:07,549][absl][INFO] - [process=0] [sync] Finished load in 0.02 seconds @ /gpfs/home5/sfris1/ltr_datasets/ips_datasets/logging_policy_c10000_ps1p0_pt0p5_bs1p0_drop0rel0_sessallocv2_candfullv2_topx25_maxdocs80_lprdeep_lpsegreedysampler_lppct10p0
[2026-06-18 16:54:11,698][feature_based_propensities_for_ULTR.experiments.data_pipeline][INFO] - Loaded click datasets in 27.52 seconds (train=8694, val=1306, test=0)
[2026-06-18 16:54:11,698][feature_based_propensities_for_ULTR.experiments.data_pipeline][INFO] - Test split is label-only by design; no test click dataset was loaded.
[2026-06-18 16:54:11,699][feature_based_propensities_for_ULTR.data.runtime.alignment][INFO] - Applying data cutoff override: configured=25, natural=25, effective=25
[2026-06-18 16:54:11,699][feature_based_propensities_for_ULTR.data.runtime.alignment][INFO] - Applying data cutoff override: configured=25, natural=25, effective=25
[2026-06-18 16:54:11,791][feature_based_propensities_for_ULTR.data.runtime.aggregation][INFO] - Initializing simulator...
[2026-06-18 16:54:11,792][feature_based_propensities_for_ULTR.data.runtime.aggregation][INFO] - Aggregating train dataset...
[2026-06-18 16:54:17,978][feature_based_propensities_for_ULTR.data.runtime.aggregation][INFO] - Aggregating validation dataset...
[2026-06-18 16:54:20,506][feature_based_propensities_for_ULTR.data.runtime.aggregation][INFO] - Aggregating test dataset from labels only...
[2026-06-18 16:54:22,144][feature_based_propensities_for_ULTR.data.runtime.aggregation][INFO] - Aggregation done in 10.35 seconds
[2026-06-18 16:54:22,144][feature_based_propensities_for_ULTR.data.runtime.aggregation][INFO] - Session usage after aggregation: requested(train=8694,val=1306), actual(train=8694,val=1306,test=0)
[2026-06-18 16:54:22,145][feature_based_propensities_for_ULTR.data.runtime.aggregation][INFO] - Dataset persistence disabled; skipping aggregated dataset cache save.
[2026-06-18 16:54:22,145][feature_based_propensities_for_ULTR.experiments.ips_pipeline][INFO] - Test split uses label-only evaluation; raw test click diagnostics are skipped.
[2026-06-18 16:54:22,169][feature_based_propensities_for_ULTR.experiments.diagnostics][INFO] - [Data] train_docs=470251, val_docs=70687, test_docs=164676, cutoff=25
[2026-06-18 16:54:22,259][feature_based_propensities_for_ULTR.experiments.diagnostics][INFO] - [Train] clicks=1393, displays=147436, ctr=0.0094, ctr_per_doc=0.0094
[2026-06-18 16:54:22,345][feature_based_propensities_for_ULTR.experiments.diagnostics][INFO] - [Validation] clicks=203, displays=22103, ctr=0.0092, ctr_per_doc=0.0092
[2026-06-18 16:54:22,463][feature_based_propensities_for_ULTR.experiments.diagnostics][INFO] - [Test] clicks=0, displays=0, ctr=0.0000, ctr_per_doc=0.0000
[2026-06-18 16:54:22,463][feature_based_propensities_for_ULTR.experiments.ips_pipeline][INFO] - Running estimator pipeline with model='dm'
[2026-06-18 16:54:22,463][feature_based_propensities_for_ULTR.experiments.ips_pipeline][INFO] - Computing position bias (alpha)...
[2026-06-18 16:54:22,479][ultr_bias_toolkit.bias.intervention_harvesting.all_pairs][INFO] - Position bias estimation using global all pairs estimator
[2026-06-18 16:55:11,357][feature_based_propensities_for_ULTR.experiments.position_bias_pipeline][INFO] - Saved estimated position-bias curve to position_bias.json
[2026-06-18 16:55:11,357][feature_based_propensities_for_ULTR.experiments.ips_pipeline][INFO] - Estimated position bias in-run (estimator=global_all_pairs): [ 0.         -0.91796476 -1.4269398  -1.8602666  -1.9491459  -2.24893
 -1.4801128  -2.2482393  -3.1075149  -2.3066754  -2.379527   -2.288974
 -3.2736907  -3.4622831  -2.452793   -3.3431022  -5.9026985  -2.4974563
 -6.9077554  -3.4299088  -4.1165595  -3.4098208  -4.097006   -1.5173229
 -6.669469  ]
[2026-06-18 16:55:11,359][feature_based_propensities_for_ULTR.experiments.propensity_pipeline][INFO] - Computing propensity per doc (method=propensity_mlp_regression)...
[2026-06-18 16:56:01,056][feature_based_propensities_for_ULTR.experiments.propensity_pipeline][INFO] - Propensity computed in 49.70 seconds
[2026-06-18 16:56:01,056][feature_based_propensities_for_ULTR.experiments.propensity_pipeline][INFO] - Alpha logits: [ 0.     -0.918  -1.4269 -1.8603 -1.9491 -2.2489 -1.4801 -2.2482 -3.1075
 -2.3067 -2.3795 -2.289  -3.2737 -3.4623 -2.4528 -3.3431 -5.9027 -2.4975
 -6.9078 -3.4299 -4.1166 -3.4098 -4.097  -1.5173 -6.6695]
[2026-06-18 16:56:01,057][feature_based_propensities_for_ULTR.experiments.propensity_pipeline][INFO] - Alpha: [0.5    0.2854 0.1936 0.1347 0.1246 0.0954 0.1854 0.0955 0.0428 0.0906
 0.0847 0.092  0.0365 0.0304 0.0792 0.0341 0.0027 0.076  0.001  0.0314
 0.016  0.032  0.0164 0.1799 0.0013]
[2026-06-18 16:56:01,058][feature_based_propensities_for_ULTR.experiments.propensity_pipeline][INFO] - Propensity clipping disabled.
[2026-06-18 16:56:02,317][feature_based_propensities_for_ULTR.experiments.regression_pipeline][INFO] - Training regression model for DM/DR...
[2026-06-18 16:56:10,741][feature_based_propensities_for_ULTR.experiments.regression_pipeline][INFO] - Regression epoch 3: train_loss=0.262069 val_loss=0.251644
[2026-06-18 16:56:18,074][feature_based_propensities_for_ULTR.experiments.regression_pipeline][INFO] - Regression epoch 6: train_loss=0.252840 val_loss=0.249365
[2026-06-18 16:56:25,362][feature_based_propensities_for_ULTR.experiments.regression_pipeline][INFO] - Regression epoch 9: train_loss=0.245326 val_loss=0.249786
[2026-06-18 16:56:27,214][feature_based_propensities_for_ULTR.experiments.ips_pipeline][INFO] - Computing DM doc weights...
[2026-06-18 16:56:27,214][feature_based_propensities_for_ULTR.experiments.ips_pipeline][INFO] - Doc weights computed in 0.00 seconds
[2026-06-18 16:56:27,221][feature_based_propensities_for_ULTR.experiments.model_pipeline][INFO] - Loading trainer (trainer_type='pl-rank', n_samples=100)...
[2026-06-18 16:56:27,223][feature_based_propensities_for_ULTR.experiments.model_pipeline][INFO] - Trainer loaded in 0.00 seconds
[2026-06-18 16:56:27,223][feature_based_propensities_for_ULTR.experiments.model_pipeline][INFO] - Training model...
[2026-06-18 17:06:30,152][feature_based_propensities_for_ULTR.experiments.ips_pipeline][INFO] - Final evaluation results:
{'metrics': {'CTR': 0.7446767687797546,
             'DCG': 2.1549017429351807,
             'NCTR': 0.692164421081543,
             'NDCG': 0.7771982550621033,
             'NDCG@25': 0.7771982550621033,
             'NRCTR': 0.692164421081543,
             'RCTR': 0.7446767687797546}}
[2026-06-18 17:06:30,179][submitit][INFO] - Job completed successfully
[2026-06-18 17:06:30,188][submitit][INFO] - Exiting after successful completion
