[2026-06-18 00:12:49,129][feature_based_propensities_for_ULTR.experiments.config_resolver][WARNING] - test_clicks=500000 is ignored because test_set_mode='label_only'. Set test_set_mode='clicks' to enable legacy click-based test behavior.
[2026-06-18 00:12:49,135][feature_based_propensities_for_ULTR.experiments.data_pipeline][INFO] - Loading or generating click datasets...
[2026-06-18 00:13:49,589][absl][INFO] - orbax-checkpoint version: 0.11.40
[2026-06-18 00:13:49,589][absl][INFO] - save_device_host_concurrent_bytes=None
[2026-06-18 00:13:49,589][absl][INFO] - Created BasePyTreeCheckpointHandler: use_ocdbt=True, use_zarr3=False, pytree_metadata_options=PyTreeMetadataOptions(support_rich_types=False), array_metadata_store=<orbax.checkpoint._src.metadata.array_metadata_store.Store object at 0x14cd2689d110>, enable_pinned_host_transfer=False, save_concurrent_bytes: 96000000000 (89.4 GiB), restore_concurrent_bytes: 96000000000 (89.4 GiB)
[2026-06-18 00:13:49,590][absl][INFO] - [thread=MainThread] Failed to get flag value for EXPERIMENTAL_ORBAX_USE_DISTRIBUTED_PROCESS_ID.
[2026-06-18 00:13:49,590][absl][INFO] - [process=0][thread=MainThread] Using barrier_sync_fn: <function get_barrier_sync_fn.<locals>.<lambda> at 0x14cc7f30eb60> timeout: 1200 secs and primary_host=0 for async checkpoint writes
[2026-06-18 00:13:49,590][absl][INFO] - [process=0] [sync] Started load checkpoint @ /gpfs/home5/sfris1/ltr_datasets/ips_datasets/logging_policy_c500000_ps1p0_pt0p5_bs1p0_drop0rel0_sessallocv2_candfullv2_topx25_maxdocs200_lprdeep_lpsegreedysampler_lppct10p0.
[2026-06-18 00:13:49,593][absl][INFO] - Restoring checkpoint from /gpfs/home5/sfris1/ltr_datasets/ips_datasets/logging_policy_c500000_ps1p0_pt0p5_bs1p0_drop0rel0_sessallocv2_candfullv2_topx25_maxdocs200_lprdeep_lpsegreedysampler_lppct10p0.
[2026-06-18 00:13:49,593][absl][INFO] - [process=0] [sync] Finished blocking load in 0.00 seconds. Continuing load @ /gpfs/home5/sfris1/ltr_datasets/ips_datasets/logging_policy_c500000_ps1p0_pt0p5_bs1p0_drop0rel0_sessallocv2_candfullv2_topx25_maxdocs200_lprdeep_lpsegreedysampler_lppct10p0.
[2026-06-18 00:13:49,609][absl][INFO] - [process=0] /jax/orbax/read/worker/io/requested throughput: 1.939 MiB/s (total gbytes: 21.4 KiB) (time elapsed: 0.010770082473754883 s) (per-host)
[2026-06-18 00:13:49,610][absl][INFO] - [process=0] /jax/checkpoint/read/gbytes_per_sec: 1.269 MiB/s (total gbytes: 21.4 KiB) (time elapsed: 0.016457319259643555 s) (per-host)
[2026-06-18 00:13:49,611][absl][INFO] - [process=0] [sync] Finished load in 0.02 seconds @ /gpfs/home5/sfris1/ltr_datasets/ips_datasets/logging_policy_c500000_ps1p0_pt0p5_bs1p0_drop0rel0_sessallocv2_candfullv2_topx25_maxdocs200_lprdeep_lpsegreedysampler_lppct10p0
[2026-06-18 00:14:34,237][feature_based_propensities_for_ULTR.experiments.data_pipeline][INFO] - Loaded click datasets in 105.10 seconds (train=375004, val=124996, test=0)
[2026-06-18 00:14:34,238][feature_based_propensities_for_ULTR.experiments.data_pipeline][INFO] - Test split is label-only by design; no test click dataset was loaded.
[2026-06-18 00:14:34,238][feature_based_propensities_for_ULTR.data.runtime.alignment][INFO] - Applying data cutoff override: configured=25, natural=25, effective=25
[2026-06-18 00:14:34,238][feature_based_propensities_for_ULTR.data.runtime.alignment][INFO] - Applying data cutoff override: configured=25, natural=25, effective=25
[2026-06-18 00:14:34,328][feature_based_propensities_for_ULTR.data.runtime.aggregation][INFO] - Initializing simulator...
[2026-06-18 00:14:34,329][feature_based_propensities_for_ULTR.data.runtime.aggregation][INFO] - Aggregating train dataset...
[2026-06-18 00:14:39,673][feature_based_propensities_for_ULTR.data.runtime.aggregation][INFO] - Aggregating validation dataset...
[2026-06-18 00:14:42,744][feature_based_propensities_for_ULTR.data.runtime.aggregation][INFO] - Aggregating test dataset from labels only...
[2026-06-18 00:14:43,664][feature_based_propensities_for_ULTR.data.runtime.aggregation][INFO] - Aggregation done in 9.34 seconds
[2026-06-18 00:14:43,664][feature_based_propensities_for_ULTR.data.runtime.aggregation][INFO] - Session usage after aggregation: requested(train=375004,val=124996), actual(train=375004,val=124996,test=0)
[2026-06-18 00:14:43,664][feature_based_propensities_for_ULTR.data.runtime.aggregation][INFO] - Dataset persistence disabled; skipping aggregated dataset cache save.
[2026-06-18 00:14:43,665][feature_based_propensities_for_ULTR.experiments.ips_pipeline][INFO] - Test split uses label-only evaluation; raw test click diagnostics are skipped.
[2026-06-18 00:14:43,715][feature_based_propensities_for_ULTR.experiments.diagnostics][INFO] - [Data] train_docs=2132810, val_docs=707814, test_docs=708921, cutoff=25
[2026-06-18 00:14:43,812][feature_based_propensities_for_ULTR.experiments.diagnostics][INFO] - [Train] clicks=40381, displays=9113520, ctr=0.0044, ctr_per_doc=0.0044
[2026-06-18 00:14:43,897][feature_based_propensities_for_ULTR.experiments.diagnostics][INFO] - [Validation] clicks=13327, displays=3041340, ctr=0.0044, ctr_per_doc=0.0044
[2026-06-18 00:14:43,982][feature_based_propensities_for_ULTR.experiments.diagnostics][INFO] - [Test] clicks=0, displays=0, ctr=0.0000, ctr_per_doc=0.0000
[2026-06-18 00:14:43,983][feature_based_propensities_for_ULTR.experiments.ips_pipeline][INFO] - Running estimator pipeline with model='dr'
[2026-06-18 00:14:43,983][feature_based_propensities_for_ULTR.experiments.ips_pipeline][INFO] - Computing position bias (alpha)...
[2026-06-18 00:14:44,032][feature_based_propensities_for_ULTR.experiments.propensity_pipeline][INFO] - Computing propensity per doc (method=propensity_mlp_regression)...
[2026-06-18 00:14:44,509][feature_based_propensities_for_ULTR.experiments.propensity_pipeline][INFO] - Subsampling propensity classifier training data: 50000/375004 samples
[2026-06-18 00:14:44,510][feature_based_propensities_for_ULTR.experiments.propensity_pipeline][INFO] - Subsampling propensity classifier training data: 50000/124996 samples
[2026-06-18 00:17:08,861][feature_based_propensities_for_ULTR.experiments.propensity_pipeline][INFO] - Propensity computed in 144.83 seconds
[2026-06-18 00:17:08,861][feature_based_propensities_for_ULTR.experiments.propensity_pipeline][INFO] - Alpha logits: [-0.     -0.6931 -1.0986 -1.3863 -1.6094 -1.7918 -1.9459 -2.0794 -2.1972
 -2.3026 -2.3979 -2.4849 -2.5649 -2.6391 -2.7081 -2.7726 -2.8332 -2.8904
 -2.9444 -2.9957 -3.0445 -3.091  -3.1355 -3.1781 -3.2189]
[2026-06-18 00:17:08,862][feature_based_propensities_for_ULTR.experiments.propensity_pipeline][INFO] - Alpha: [0.5    0.3333 0.25   0.2    0.1667 0.1429 0.125  0.1111 0.1    0.0909
 0.0833 0.0769 0.0714 0.0667 0.0625 0.0588 0.0556 0.0526 0.05   0.0476
 0.0455 0.0435 0.0417 0.04   0.0385]
[2026-06-18 00:17:08,863][feature_based_propensities_for_ULTR.experiments.propensity_pipeline][INFO] - Propensity clipping disabled.
[2026-06-18 00:17:08,863][feature_based_propensities_for_ULTR.experiments.propensity_pipeline][INFO] - Computing propensity per doc (method=frequency_based)...
[2026-06-18 00:39:24,101][feature_based_propensities_for_ULTR.experiments.propensity_pipeline][INFO] - Propensity computed in 1335.24 seconds
[2026-06-18 00:39:24,102][feature_based_propensities_for_ULTR.experiments.propensity_pipeline][INFO] - Alpha logits: [-0.     -0.6931 -1.0986 -1.3863 -1.6094 -1.7918 -1.9459 -2.0794 -2.1972
 -2.3026 -2.3979 -2.4849 -2.5649 -2.6391 -2.7081 -2.7726 -2.8332 -2.8904
 -2.9444 -2.9957 -3.0445 -3.091  -3.1355 -3.1781 -3.2189]
[2026-06-18 00:39:24,102][feature_based_propensities_for_ULTR.experiments.propensity_pipeline][INFO] - Alpha: [0.5    0.3333 0.25   0.2    0.1667 0.1429 0.125  0.1111 0.1    0.0909
 0.0833 0.0769 0.0714 0.0667 0.0625 0.0588 0.0556 0.0526 0.05   0.0476
 0.0455 0.0435 0.0417 0.04   0.0385]
[2026-06-18 00:39:25,540][feature_based_propensities_for_ULTR.experiments.regression_pipeline][INFO] - Training regression model for DM/DR...
[2026-06-18 00:40:46,819][feature_based_propensities_for_ULTR.experiments.regression_pipeline][INFO] - Regression epoch 3: train_loss=0.045884 val_loss=0.045152
[2026-06-18 00:42:06,887][feature_based_propensities_for_ULTR.experiments.regression_pipeline][INFO] - Regression epoch 6: train_loss=0.045361 val_loss=0.045045
[2026-06-18 00:42:12,991][feature_based_propensities_for_ULTR.experiments.ips_pipeline][INFO] - Computing DR doc weights...
[2026-06-18 00:42:13,023][feature_based_propensities_for_ULTR.experiments.ips_pipeline][INFO] - Doc weights computed in 0.03 seconds
[2026-06-18 00:42:13,034][feature_based_propensities_for_ULTR.experiments.model_pipeline][INFO] - Loading trainer (trainer_type='pl-rank', n_samples=100)...
[2026-06-18 00:42:13,036][feature_based_propensities_for_ULTR.experiments.model_pipeline][INFO] - Trainer loaded in 0.00 seconds
[2026-06-18 00:42:13,036][feature_based_propensities_for_ULTR.experiments.model_pipeline][INFO] - Training model...
[2026-06-18 01:25:35,548][feature_based_propensities_for_ULTR.experiments.ips_pipeline][INFO] - Final evaluation results:
{'metrics': {'CTR': 0.7430001497268677,
             'DCG': 1.9616994857788086,
             'NCTR': 0.49569785594940186,
             'NDCG': 0.5135632157325745,
             'NDCG@25': 0.5135632157325745,
             'NRCTR': 0.49569785594940186,
             'RCTR': 0.7430001497268677}}
[2026-06-18 01:25:35,576][submitit][INFO] - Job completed successfully
[2026-06-18 01:25:35,584][submitit][INFO] - Exiting after successful completion
