[2026-06-18 15:28:11,775][feature_based_propensities_for_ULTR.experiments.config_resolver][WARNING] - test_clicks=500000 is ignored because test_set_mode='label_only'. Set test_set_mode='clicks' to enable legacy click-based test behavior.
[2026-06-18 15:28:11,780][feature_based_propensities_for_ULTR.experiments.data_pipeline][INFO] - Loading or generating click datasets...
[2026-06-18 15:29:12,579][absl][INFO] - orbax-checkpoint version: 0.11.40
[2026-06-18 15:29:12,579][absl][INFO] - save_device_host_concurrent_bytes=None
[2026-06-18 15:29:12,580][absl][INFO] - Created BasePyTreeCheckpointHandler: use_ocdbt=True, use_zarr3=False, pytree_metadata_options=PyTreeMetadataOptions(support_rich_types=False), array_metadata_store=<orbax.checkpoint._src.metadata.array_metadata_store.Store object at 0x1505deb7f1d0>, enable_pinned_host_transfer=False, save_concurrent_bytes: 96000000000 (89.4 GiB), restore_concurrent_bytes: 96000000000 (89.4 GiB)
[2026-06-18 15:29:12,580][absl][INFO] - [thread=MainThread] Failed to get flag value for EXPERIMENTAL_ORBAX_USE_DISTRIBUTED_PROCESS_ID.
[2026-06-18 15:29:12,580][absl][INFO] - [process=0][thread=MainThread] Using barrier_sync_fn: <function get_barrier_sync_fn.<locals>.<lambda> at 0x15052fb339c0> timeout: 1200 secs and primary_host=0 for async checkpoint writes
[2026-06-18 15:29:12,581][absl][INFO] - [process=0] [sync] Started load checkpoint @ /gpfs/home5/sfris1/ltr_datasets/ips_datasets/logging_policy_c10000_ps1p0_pt0p5_bs1p0_drop0rel0_sessallocv2_candfullv2_topx25_maxdocs200_lprdeep_lpsegreedysampler_lppct10p0.
[2026-06-18 15:29:12,583][absl][INFO] - Restoring checkpoint from /gpfs/home5/sfris1/ltr_datasets/ips_datasets/logging_policy_c10000_ps1p0_pt0p5_bs1p0_drop0rel0_sessallocv2_candfullv2_topx25_maxdocs200_lprdeep_lpsegreedysampler_lppct10p0.
[2026-06-18 15:29:12,583][absl][INFO] - [process=0] [sync] Finished blocking load in 0.00 seconds. Continuing load @ /gpfs/home5/sfris1/ltr_datasets/ips_datasets/logging_policy_c10000_ps1p0_pt0p5_bs1p0_drop0rel0_sessallocv2_candfullv2_topx25_maxdocs200_lprdeep_lpsegreedysampler_lppct10p0.
[2026-06-18 15:29:12,599][absl][INFO] - [process=0] /jax/orbax/read/worker/io/requested throughput: 1.926 MiB/s (total gbytes: 21.4 KiB) (time elapsed: 0.010838747024536133 s) (per-host)
[2026-06-18 15:29:12,600][absl][INFO] - [process=0] /jax/checkpoint/read/gbytes_per_sec: 1.284 MiB/s (total gbytes: 21.4 KiB) (time elapsed: 0.016253948211669922 s) (per-host)
[2026-06-18 15:29:12,600][absl][INFO] - [process=0] [sync] Finished load in 0.02 seconds @ /gpfs/home5/sfris1/ltr_datasets/ips_datasets/logging_policy_c10000_ps1p0_pt0p5_bs1p0_drop0rel0_sessallocv2_candfullv2_topx25_maxdocs200_lprdeep_lpsegreedysampler_lppct10p0
[2026-06-18 15:29:16,719][feature_based_propensities_for_ULTR.experiments.data_pipeline][INFO] - Loaded click datasets in 64.94 seconds (train=7500, val=2500, test=0)
[2026-06-18 15:29:16,719][feature_based_propensities_for_ULTR.experiments.data_pipeline][INFO] - Test split is label-only by design; no test click dataset was loaded.
[2026-06-18 15:29:16,719][feature_based_propensities_for_ULTR.data.runtime.alignment][INFO] - Applying data cutoff override: configured=25, natural=25, effective=25
[2026-06-18 15:29:16,719][feature_based_propensities_for_ULTR.data.runtime.alignment][INFO] - Applying data cutoff override: configured=25, natural=25, effective=25
[2026-06-18 15:29:16,809][feature_based_propensities_for_ULTR.data.runtime.aggregation][INFO] - Initializing simulator...
[2026-06-18 15:29:16,810][feature_based_propensities_for_ULTR.data.runtime.aggregation][INFO] - Aggregating train dataset...
[2026-06-18 15:29:21,859][feature_based_propensities_for_ULTR.data.runtime.aggregation][INFO] - Aggregating validation dataset...
[2026-06-18 15:29:24,717][feature_based_propensities_for_ULTR.data.runtime.aggregation][INFO] - Aggregating test dataset from labels only...
[2026-06-18 15:29:25,646][feature_based_propensities_for_ULTR.data.runtime.aggregation][INFO] - Aggregation done in 8.84 seconds
[2026-06-18 15:29:25,646][feature_based_propensities_for_ULTR.data.runtime.aggregation][INFO] - Session usage after aggregation: requested(train=7500,val=2500), actual(train=7500,val=2500,test=0)
[2026-06-18 15:29:25,646][feature_based_propensities_for_ULTR.data.runtime.aggregation][INFO] - Dataset persistence disabled; skipping aggregated dataset cache save.
[2026-06-18 15:29:25,646][feature_based_propensities_for_ULTR.experiments.ips_pipeline][INFO] - Test split uses label-only evaluation; raw test click diagnostics are skipped.
[2026-06-18 15:29:25,697][feature_based_propensities_for_ULTR.experiments.diagnostics][INFO] - [Data] train_docs=2132810, val_docs=707814, test_docs=708921, cutoff=25
[2026-06-18 15:29:25,794][feature_based_propensities_for_ULTR.experiments.diagnostics][INFO] - [Train] clicks=820, displays=182723, ctr=0.0045, ctr_per_doc=0.0045
[2026-06-18 15:29:25,881][feature_based_propensities_for_ULTR.experiments.diagnostics][INFO] - [Validation] clicks=285, displays=60792, ctr=0.0047, ctr_per_doc=0.0047
[2026-06-18 15:29:25,967][feature_based_propensities_for_ULTR.experiments.diagnostics][INFO] - [Test] clicks=0, displays=0, ctr=0.0000, ctr_per_doc=0.0000
[2026-06-18 15:29:25,968][feature_based_propensities_for_ULTR.experiments.ips_pipeline][INFO] - Running estimator pipeline with model='dr'
[2026-06-18 15:29:25,968][feature_based_propensities_for_ULTR.experiments.ips_pipeline][INFO] - Computing position bias (alpha)...
[2026-06-18 15:29:25,996][ultr_bias_toolkit.bias.intervention_harvesting.all_pairs][INFO] - Position bias estimation using global all pairs estimator
[2026-06-18 15:30:16,209][feature_based_propensities_for_ULTR.experiments.position_bias_pipeline][INFO] - Saved estimated position-bias curve to position_bias.json
[2026-06-18 15:30:16,209][feature_based_propensities_for_ULTR.experiments.ips_pipeline][INFO] - Estimated position bias in-run (estimator=global_all_pairs): [ 0.         -0.722304   -2.3328936  -0.9732024  -1.4356275  -3.0999782
 -1.3414968  -2.9241362  -6.7620425  -3.2670405  -2.9062412  -6.9077554
 -1.2071154  -0.9948689  -1.7130761  -6.9077554  -2.4555273  -6.9077554
 -4.1833997  -2.8275888  -0.66243136 -6.499384   -5.4923205  -2.0964556
 -6.9077554 ]
[2026-06-18 15:30:16,210][feature_based_propensities_for_ULTR.experiments.propensity_pipeline][INFO] - Computing propensity per doc (method=propensity_mlp_regression)...
[2026-06-18 15:31:04,946][feature_based_propensities_for_ULTR.experiments.propensity_pipeline][INFO] - Propensity computed in 48.74 seconds
[2026-06-18 15:31:04,946][feature_based_propensities_for_ULTR.experiments.propensity_pipeline][INFO] - Alpha logits: [ 0.     -0.7223 -2.3329 -0.9732 -1.4356 -3.1    -1.3415 -2.9241 -6.762
 -3.267  -2.9062 -6.9078 -1.2071 -0.9949 -1.7131 -6.9078 -2.4555 -6.9078
 -4.1834 -2.8276 -0.6624 -6.4994 -5.4923 -2.0965 -6.9078]
[2026-06-18 15:31:04,947][feature_based_propensities_for_ULTR.experiments.propensity_pipeline][INFO] - Alpha: [0.5    0.3269 0.0884 0.2742 0.1922 0.0431 0.2073 0.051  0.0012 0.0367
 0.0518 0.001  0.2302 0.27   0.1528 0.001  0.079  0.001  0.015  0.0559
 0.3402 0.0015 0.0041 0.1094 0.001 ]
[2026-06-18 15:31:04,948][feature_based_propensities_for_ULTR.experiments.propensity_pipeline][INFO] - Propensity clipping disabled.
[2026-06-18 15:31:04,948][feature_based_propensities_for_ULTR.experiments.propensity_pipeline][INFO] - Computing propensity per doc (method=frequency_based)...
[2026-06-18 15:31:32,604][feature_based_propensities_for_ULTR.experiments.propensity_pipeline][INFO] - Propensity computed in 27.66 seconds
[2026-06-18 15:31:32,604][feature_based_propensities_for_ULTR.experiments.propensity_pipeline][INFO] - Alpha logits: [ 0.     -0.7223 -2.3329 -0.9732 -1.4356 -3.1    -1.3415 -2.9241 -6.762
 -3.267  -2.9062 -6.9078 -1.2071 -0.9949 -1.7131 -6.9078 -2.4555 -6.9078
 -4.1834 -2.8276 -0.6624 -6.4994 -5.4923 -2.0965 -6.9078]
[2026-06-18 15:31:32,605][feature_based_propensities_for_ULTR.experiments.propensity_pipeline][INFO] - Alpha: [0.5    0.3269 0.0884 0.2742 0.1922 0.0431 0.2073 0.051  0.0012 0.0367
 0.0518 0.001  0.2302 0.27   0.1528 0.001  0.079  0.001  0.015  0.0559
 0.3402 0.0015 0.0041 0.1094 0.001 ]
[2026-06-18 15:31:33,831][feature_based_propensities_for_ULTR.experiments.regression_pipeline][INFO] - Training regression model for DM/DR...
[2026-06-18 15:32:02,533][feature_based_propensities_for_ULTR.experiments.regression_pipeline][INFO] - Regression epoch 3: train_loss=0.095282 val_loss=0.097895
[2026-06-18 15:32:29,826][feature_based_propensities_for_ULTR.experiments.regression_pipeline][INFO] - Regression epoch 6: train_loss=0.093771 val_loss=0.109453
[2026-06-18 15:32:35,953][feature_based_propensities_for_ULTR.experiments.ips_pipeline][INFO] - Computing DR doc weights...
[2026-06-18 15:32:35,985][feature_based_propensities_for_ULTR.experiments.ips_pipeline][INFO] - Doc weights computed in 0.03 seconds
[2026-06-18 15:32:35,996][feature_based_propensities_for_ULTR.experiments.model_pipeline][INFO] - Loading trainer (trainer_type='pl-rank', n_samples=100)...
[2026-06-18 15:32:35,998][feature_based_propensities_for_ULTR.experiments.model_pipeline][INFO] - Trainer loaded in 0.00 seconds
[2026-06-18 15:32:35,999][feature_based_propensities_for_ULTR.experiments.model_pipeline][INFO] - Training model...
[2026-06-18 16:17:13,850][feature_based_propensities_for_ULTR.experiments.ips_pipeline][INFO] - Final evaluation results:
{'metrics': {'CTR': 0.6869723200798035,
             'DCG': 1.782160758972168,
             'NCTR': 0.4074069857597351,
             'NDCG': 0.46277540922164917,
             'NDCG@25': 0.46277540922164917,
             'NRCTR': 0.4074069857597351,
             'RCTR': 0.6869723200798035}}
[2026-06-18 16:17:13,879][submitit][INFO] - Job completed successfully
[2026-06-18 16:17:13,889][submitit][INFO] - Exiting after successful completion
