[2026-05-05 10:54:18,803][two_tower_confounding.experiments.config_resolver][WARNING] - test_clicks=500000 is ignored because test_set_mode='label_only'. Set test_set_mode='clicks' to enable legacy click-based test behavior.
[2026-05-05 10:54:18,810][two_tower_confounding.experiments.data_pipeline][INFO] - Loading or generating click datasets...
[2026-05-05 10:55:50,808][absl][INFO] - orbax-checkpoint version: 0.11.37
[2026-05-05 10:55:50,808][absl][INFO] - save_device_host_concurrent_bytes=None
[2026-05-05 10:55:50,808][absl][INFO] - Created BasePyTreeCheckpointHandler: use_ocdbt=True, use_zarr3=False, pytree_metadata_options=PyTreeMetadataOptions(support_rich_types=False), array_metadata_store=<orbax.checkpoint._src.metadata.array_metadata_store.Store object at 0x148500108a90>, enable_pinned_host_transfer=False, save_concurrent_bytes: 96000000000 (89.4 GiB), restore_concurrent_bytes: 96000000000 (89.4 GiB)
[2026-05-05 10:55:50,809][absl][INFO] - [thread=MainThread] Failed to get flag value for EXPERIMENTAL_ORBAX_USE_DISTRIBUTED_PROCESS_ID.
[2026-05-05 10:55:50,809][absl][INFO] - [process=0][thread=MainThread] Using barrier_sync_fn: <function get_barrier_sync_fn.<locals>.<lambda> at 0x148470a7d8a0> timeout: 1200 secs and primary_host=0 for async checkpoint writes
[2026-05-05 10:55:50,809][absl][INFO] - [process=0] [sync] Started load checkpoint @ /gpfs/home5/sfris1/ltr_datasets/ips_datasets/istella_logging_policy_c10000_ps1p0_pt0p5_bs1p0_drop0rel0_sessallocv2_candfullv2_topx25_maxdocs200_lprdeep_lpsegreedysampler_lppct10p0.
[2026-05-05 10:55:50,813][absl][INFO] - Restoring checkpoint from /gpfs/home5/sfris1/ltr_datasets/ips_datasets/istella_logging_policy_c10000_ps1p0_pt0p5_bs1p0_drop0rel0_sessallocv2_candfullv2_topx25_maxdocs200_lprdeep_lpsegreedysampler_lppct10p0.
[2026-05-05 10:55:50,813][absl][INFO] - [process=0] [sync] Finished blocking load in 0.00 seconds. Continuing load @ /gpfs/home5/sfris1/ltr_datasets/ips_datasets/istella_logging_policy_c10000_ps1p0_pt0p5_bs1p0_drop0rel0_sessallocv2_candfullv2_topx25_maxdocs200_lprdeep_lpsegreedysampler_lppct10p0.
[2026-05-05 10:55:50,833][absl][INFO] - [process=0] /jax/orbax/read/worker/io/requested throughput: 2.264 MiB/s (total gbytes: 31.6 KiB) (time elapsed: 0.013643264770507812 s) (per-host)
[2026-05-05 10:55:50,835][absl][INFO] - [process=0] /jax/checkpoint/read/gbytes_per_sec: 1.513 MiB/s (total gbytes: 31.6 KiB) (time elapsed: 0.020414113998413086 s) (per-host)
[2026-05-05 10:55:50,835][absl][INFO] - [process=0] [sync] Finished load in 0.03 seconds @ /gpfs/home5/sfris1/ltr_datasets/ips_datasets/istella_logging_policy_c10000_ps1p0_pt0p5_bs1p0_drop0rel0_sessallocv2_candfullv2_topx25_maxdocs200_lprdeep_lpsegreedysampler_lppct10p0
[2026-05-05 10:55:55,713][two_tower_confounding.experiments.data_pipeline][INFO] - Loaded click datasets in 96.90 seconds (train=7274, val=2726, test=0)
[2026-05-05 10:55:55,713][two_tower_confounding.experiments.data_pipeline][INFO] - Test split is label-only by design; no test click dataset was loaded.
[2026-05-05 10:55:55,714][two_tower_confounding.data.runtime.alignment][INFO] - Applying data cutoff override: configured=25, natural=25, effective=25
[2026-05-05 10:55:55,714][two_tower_confounding.data.runtime.alignment][INFO] - Applying data cutoff override: configured=25, natural=25, effective=25
[2026-05-05 10:55:55,804][two_tower_confounding.data.runtime.aggregation][INFO] - Initializing simulator...
[2026-05-05 10:55:55,805][two_tower_confounding.data.runtime.aggregation][INFO] - Aggregating train dataset...
[2026-05-05 10:56:02,045][two_tower_confounding.data.runtime.aggregation][INFO] - Aggregating validation dataset...
[2026-05-05 10:56:05,186][two_tower_confounding.data.runtime.aggregation][INFO] - Aggregating test dataset from labels only...
[2026-05-05 10:56:06,743][two_tower_confounding.data.runtime.aggregation][INFO] - Aggregation done in 10.94 seconds
[2026-05-05 10:56:06,743][two_tower_confounding.data.runtime.aggregation][INFO] - Session usage after aggregation: requested(train=7274,val=2726), actual(train=7274,val=2726,test=0)
[2026-05-05 10:56:06,744][two_tower_confounding.data.runtime.aggregation][INFO] - Dataset persistence disabled; skipping aggregated dataset cache save.
[2026-05-05 10:56:06,744][two_tower_confounding.experiments.ips_pipeline][INFO] - Test split uses label-only evaluation; raw test click diagnostics are skipped.
[2026-05-05 10:56:06,794][two_tower_confounding.experiments.diagnostics][INFO] - [Data] train_docs=2043304, val_docs=684076, test_docs=681250, cutoff=25
[2026-05-05 10:56:06,889][two_tower_confounding.experiments.diagnostics][INFO] - [Train] clicks=1510, displays=180914, ctr=0.0083, ctr_per_doc=0.0083
[2026-05-05 10:56:06,978][two_tower_confounding.experiments.diagnostics][INFO] - [Validation] clicks=579, displays=67686, ctr=0.0086, ctr_per_doc=0.0086
[2026-05-05 10:56:07,064][two_tower_confounding.experiments.diagnostics][INFO] - [Test] clicks=0, displays=0, ctr=0.0000, ctr_per_doc=0.0000
[2026-05-05 10:56:07,064][two_tower_confounding.experiments.ips_pipeline][INFO] - Running estimator pipeline with model='dm'
[2026-05-05 10:56:07,064][two_tower_confounding.experiments.ips_pipeline][INFO] - Computing position bias (alpha)...
[2026-05-05 10:56:07,072][two_tower_confounding.experiments.ips_pipeline][INFO] - Loaded CSV position bias from /gpfs/home5/sfris1/Doubly-Robust-Optimization-With-Two-Tower-Models/results/position_bias_csv_smoke.csv (method=ctr): [ 0.         -0.87284064 -1.4357426  -1.7786874  -2.0792415  -2.3380032
 -2.7209954  -2.903117   -3.0773702  -3.2312207  -3.6363854  -3.4464424
 -3.923166   -3.7222948  -3.7677119  -4.24608    -4.1715703  -4.101471
 -4.322802   -4.09865    -4.4070883  -4.7229104  -4.4974337  -5.1883435
 -4.598519  ]
[2026-05-05 10:56:07,074][two_tower_confounding.experiments.propensity_pipeline][INFO] - Computing propensity per doc (method=frequency_based)...
[2026-05-05 10:56:34,174][two_tower_confounding.experiments.propensity_pipeline][INFO] - Propensity computed in 27.10 seconds
[2026-05-05 10:56:34,174][two_tower_confounding.experiments.propensity_pipeline][INFO] - Alpha logits: [ 0.         -0.87284064 -1.4357426  -1.7786874  -2.0792415  -2.3380032
 -2.7209954  -2.903117   -3.0773702  -3.2312207  -3.6363854  -3.4464424
 -3.923166   -3.7222948  -3.7677119  -4.24608    -4.1715703  -4.101471
 -4.322802   -4.09865    -4.4070883  -4.7229104  -4.4974337  -5.1883435
 -4.598519  ]
[2026-05-05 10:56:34,175][two_tower_confounding.experiments.propensity_pipeline][INFO] - Alpha: [0.5        0.29466358 0.19220549 0.1444653  0.11113087 0.08802408
 0.06174577 0.0519997  0.04405043 0.03800759 0.02567104 0.03087513
 0.01939478 0.02360762 0.02258309 0.01411808 0.01519361 0.01627892
 0.01308907 0.01632416 0.0120438  0.00881094 0.01101487 0.00555027
 0.00996641]
[2026-05-05 10:56:34,176][two_tower_confounding.experiments.propensity_pipeline][INFO] - Propensity clipping disabled.
[2026-05-05 10:56:35,310][two_tower_confounding.experiments.regression_pipeline][INFO] - Training regression model for DM/DR...
[2026-05-05 10:56:43,340][two_tower_confounding.experiments.regression_pipeline][INFO] - Regression epoch 3: train_loss=0.284793 val_loss=0.333144
[2026-05-05 10:56:50,292][two_tower_confounding.experiments.regression_pipeline][INFO] - Regression epoch 6: train_loss=0.279003 val_loss=0.324482
[2026-05-05 10:56:57,218][two_tower_confounding.experiments.regression_pipeline][INFO] - Regression epoch 9: train_loss=0.270878 val_loss=0.342697
[2026-05-05 10:57:03,409][two_tower_confounding.experiments.ips_pipeline][INFO] - Computing DM doc weights...
[2026-05-05 10:57:03,409][two_tower_confounding.experiments.ips_pipeline][INFO] - Doc weights computed in 0.00 seconds
[2026-05-05 10:57:03,420][two_tower_confounding.experiments.model_pipeline][INFO] - Loading trainer (trainer_type='pl-rank', n_samples=100)...
[2026-05-05 10:57:03,423][two_tower_confounding.experiments.model_pipeline][INFO] - Trainer loaded in 0.00 seconds
[2026-05-05 10:57:03,423][two_tower_confounding.experiments.model_pipeline][INFO] - Training model...
[2026-05-05 11:27:02,052][two_tower_confounding.experiments.ips_pipeline][INFO] - Final evaluation results:
{'metrics': {'CTR': 0.7334107756614685,
             'DCG': 2.425666570663452,
             'NCTR': 0.5906621217727661,
             'NDCG': 0.7055166959762573,
             'NDCG@25': 0.7055166959762573,
             'NRCTR': 0.5906621217727661,
             'RCTR': 0.7334107756614685}}
[2026-05-05 11:27:02,085][submitit][INFO] - Job completed successfully
[2026-05-05 11:27:18,875][submitit][INFO] - Exiting after successful completion
