[2026-05-05 10:55:51,407][two_tower_confounding.experiments.config_resolver][WARNING] - test_clicks=500000 is ignored because test_set_mode='label_only'. Set test_set_mode='clicks' to enable legacy click-based test behavior.
[2026-05-05 10:55:51,414][two_tower_confounding.experiments.data_pipeline][INFO] - Loading or generating click datasets...
[2026-05-05 10:56:16,416][absl][INFO] - orbax-checkpoint version: 0.11.37
[2026-05-05 10:56:16,416][absl][INFO] - save_device_host_concurrent_bytes=None
[2026-05-05 10:56:16,417][absl][INFO] - Created BasePyTreeCheckpointHandler: use_ocdbt=True, use_zarr3=False, pytree_metadata_options=PyTreeMetadataOptions(support_rich_types=False), array_metadata_store=<orbax.checkpoint._src.metadata.array_metadata_store.Store object at 0x153844f14410>, enable_pinned_host_transfer=False, save_concurrent_bytes: 96000000000 (89.4 GiB), restore_concurrent_bytes: 96000000000 (89.4 GiB)
[2026-05-05 10:56:16,417][absl][INFO] - [thread=MainThread] Failed to get flag value for EXPERIMENTAL_ORBAX_USE_DISTRIBUTED_PROCESS_ID.
[2026-05-05 10:56:16,417][absl][INFO] - [process=0][thread=MainThread] Using barrier_sync_fn: <function get_barrier_sync_fn.<locals>.<lambda> at 0x1537b5a21800> timeout: 1200 secs and primary_host=0 for async checkpoint writes
[2026-05-05 10:56:16,417][absl][INFO] - [process=0] [sync] Started load checkpoint @ /gpfs/home5/sfris1/ltr_datasets/ips_datasets/logging_policy_c10000_ps1p0_pt0p5_bs1p0_drop0rel0_sessallocv2_candfullv2_topx25_maxdocs80_lprdeep_lpsegreedysampler_lppct10p0.
[2026-05-05 10:56:16,419][absl][INFO] - Restoring checkpoint from /gpfs/home5/sfris1/ltr_datasets/ips_datasets/logging_policy_c10000_ps1p0_pt0p5_bs1p0_drop0rel0_sessallocv2_candfullv2_topx25_maxdocs80_lprdeep_lpsegreedysampler_lppct10p0.
[2026-05-05 10:56:16,420][absl][INFO] - [process=0] [sync] Finished blocking load in 0.00 seconds. Continuing load @ /gpfs/home5/sfris1/ltr_datasets/ips_datasets/logging_policy_c10000_ps1p0_pt0p5_bs1p0_drop0rel0_sessallocv2_candfullv2_topx25_maxdocs80_lprdeep_lpsegreedysampler_lppct10p0.
[2026-05-05 10:56:16,436][absl][INFO] - [process=0] /jax/orbax/read/worker/io/requested throughput: 8.074 MiB/s (total gbytes: 91.8 KiB) (time elapsed: 0.011098384857177734 s) (per-host)
[2026-05-05 10:56:16,438][absl][INFO] - [process=0] /jax/checkpoint/read/gbytes_per_sec: 5.269 MiB/s (total gbytes: 91.8 KiB) (time elapsed: 0.01700448989868164 s) (per-host)
[2026-05-05 10:56:16,438][absl][INFO] - [process=0] [sync] Finished load in 0.02 seconds @ /gpfs/home5/sfris1/ltr_datasets/ips_datasets/logging_policy_c10000_ps1p0_pt0p5_bs1p0_drop0rel0_sessallocv2_candfullv2_topx25_maxdocs80_lprdeep_lpsegreedysampler_lppct10p0
[2026-05-05 10:56:20,654][two_tower_confounding.experiments.data_pipeline][INFO] - Loaded click datasets in 29.24 seconds (train=8694, val=1306, test=0)
[2026-05-05 10:56:20,654][two_tower_confounding.experiments.data_pipeline][INFO] - Test split is label-only by design; no test click dataset was loaded.
[2026-05-05 10:56:20,654][two_tower_confounding.data.runtime.alignment][INFO] - Applying data cutoff override: configured=25, natural=25, effective=25
[2026-05-05 10:56:20,655][two_tower_confounding.data.runtime.alignment][INFO] - Applying data cutoff override: configured=25, natural=25, effective=25
[2026-05-05 10:56:20,746][two_tower_confounding.data.runtime.aggregation][INFO] - Initializing simulator...
[2026-05-05 10:56:20,746][two_tower_confounding.data.runtime.aggregation][INFO] - Aggregating train dataset...
[2026-05-05 10:56:26,834][two_tower_confounding.data.runtime.aggregation][INFO] - Aggregating validation dataset...
[2026-05-05 10:56:29,148][two_tower_confounding.data.runtime.aggregation][INFO] - Aggregating test dataset from labels only...
[2026-05-05 10:56:30,827][two_tower_confounding.data.runtime.aggregation][INFO] - Aggregation done in 10.08 seconds
[2026-05-05 10:56:30,828][two_tower_confounding.data.runtime.aggregation][INFO] - Session usage after aggregation: requested(train=8694,val=1306), actual(train=8694,val=1306,test=0)
[2026-05-05 10:56:30,828][two_tower_confounding.data.runtime.aggregation][INFO] - Dataset persistence disabled; skipping aggregated dataset cache save.
[2026-05-05 10:56:30,828][two_tower_confounding.experiments.ips_pipeline][INFO] - Test split uses label-only evaluation; raw test click diagnostics are skipped.
[2026-05-05 10:56:30,850][two_tower_confounding.experiments.diagnostics][INFO] - [Data] train_docs=470251, val_docs=70687, test_docs=164676, cutoff=25
[2026-05-05 10:56:30,937][two_tower_confounding.experiments.diagnostics][INFO] - [Train] clicks=1442, displays=147751, ctr=0.0098, ctr_per_doc=0.0098
[2026-05-05 10:56:31,017][two_tower_confounding.experiments.diagnostics][INFO] - [Validation] clicks=175, displays=21330, ctr=0.0082, ctr_per_doc=0.0082
[2026-05-05 10:56:31,132][two_tower_confounding.experiments.diagnostics][INFO] - [Test] clicks=0, displays=0, ctr=0.0000, ctr_per_doc=0.0000
[2026-05-05 10:56:31,132][two_tower_confounding.experiments.ips_pipeline][INFO] - Running estimator pipeline with model='dm'
[2026-05-05 10:56:31,133][two_tower_confounding.experiments.ips_pipeline][INFO] - Computing position bias (alpha)...
[2026-05-05 10:56:31,141][two_tower_confounding.experiments.ips_pipeline][INFO] - Loaded CSV position bias from /gpfs/home5/sfris1/Doubly-Robust-Optimization-With-Two-Tower-Models/results/position_bias_csv_smoke.csv (method=adjacent_chain): [ 0.         -0.56798404  0.12516314  0.12516314 -6.9077554  -6.9077554
 -6.9077554  -6.9077554  -6.9077554  -6.9077554  -6.9077554  -6.9077554
 -6.9077554  -6.9077554  -6.9077554  -6.9077554  -6.9077554  -6.9077554
 -6.9077554  -6.9077554  -6.9077554  -6.9077554  -6.9077554  -6.9077554
 -6.9077554 ]
[2026-05-05 10:56:31,143][two_tower_confounding.experiments.propensity_pipeline][INFO] - Computing propensity per doc (method=true_propensity)...
[2026-05-05 10:56:39,275][two_tower_confounding.experiments.propensity_pipeline][INFO] - Propensity computed in 8.13 seconds
[2026-05-05 10:56:39,275][two_tower_confounding.experiments.propensity_pipeline][INFO] - Alpha logits: [ 0.         -0.56798404  0.12516314  0.12516314 -6.9077554  -6.9077554
 -6.9077554  -6.9077554  -6.9077554  -6.9077554  -6.9077554  -6.9077554
 -6.9077554  -6.9077554  -6.9077554  -6.9077554  -6.9077554  -6.9077554
 -6.9077554  -6.9077554  -6.9077554  -6.9077554  -6.9077554  -6.9077554
 -6.9077554 ]
[2026-05-05 10:56:39,276][two_tower_confounding.experiments.propensity_pipeline][INFO] - Alpha: [0.5       0.3617021 0.53125   0.53125   0.000999  0.000999  0.000999
 0.000999  0.000999  0.000999  0.000999  0.000999  0.000999  0.000999
 0.000999  0.000999  0.000999  0.000999  0.000999  0.000999  0.000999
 0.000999  0.000999  0.000999  0.000999 ]
[2026-05-05 10:56:39,277][two_tower_confounding.experiments.propensity_pipeline][INFO] - Propensity clipping disabled.
[2026-05-05 10:56:40,321][two_tower_confounding.experiments.regression_pipeline][INFO] - Training regression model for DM/DR...
[2026-05-05 10:56:46,809][two_tower_confounding.experiments.regression_pipeline][INFO] - Regression epoch 3: train_loss=-9.498309 val_loss=-6.149101
[2026-05-05 10:56:52,202][two_tower_confounding.experiments.regression_pipeline][INFO] - Regression epoch 6: train_loss=-10.093720 val_loss=-6.052055
[2026-05-05 10:56:54,001][two_tower_confounding.experiments.ips_pipeline][INFO] - Computing DM doc weights...
[2026-05-05 10:56:54,001][two_tower_confounding.experiments.ips_pipeline][INFO] - Doc weights computed in 0.00 seconds
[2026-05-05 10:56:54,010][two_tower_confounding.experiments.model_pipeline][INFO] - Loading trainer (trainer_type='pl-rank', n_samples=100)...
[2026-05-05 10:56:54,012][two_tower_confounding.experiments.model_pipeline][INFO] - Trainer loaded in 0.00 seconds
[2026-05-05 10:56:54,012][two_tower_confounding.experiments.model_pipeline][INFO] - Training model...
[2026-05-05 11:06:59,559][two_tower_confounding.experiments.ips_pipeline][INFO] - Final evaluation results:
{'metrics': {'CTR': 0.6315927505493164,
             'DCG': 2.0066583156585693,
             'NCTR': 0.5818155407905579,
             'NDCG': 0.736728310585022,
             'NDCG@25': 0.736728310585022,
             'NRCTR': 0.5818155407905579,
             'RCTR': 0.6315927505493164}}
[2026-05-05 11:06:59,586][submitit][INFO] - Job completed successfully
[2026-05-05 11:06:59,599][submitit][INFO] - Exiting after successful completion
