[2026-03-05 20:51:01,013][jax._src.xla_bridge][ERROR] - Jax plugin configuration error: Exception when calling jax_plugins.xla_cuda12.initialize()
Traceback (most recent call last):
  File "/gpfs/home5/sfris1/two-towers-confounding-project/.venv/lib/python3.11/site-packages/jax/_src/xla_bridge.py", line 485, in discover_pjrt_plugins
    plugin_module.initialize()
  File "/gpfs/home5/sfris1/two-towers-confounding-project/.venv/lib/python3.11/site-packages/jax_plugins/xla_cuda12/__init__.py", line 328, in initialize
    _check_cuda_versions(raise_on_first_error=True)
  File "/gpfs/home5/sfris1/two-towers-confounding-project/.venv/lib/python3.11/site-packages/jax_plugins/xla_cuda12/__init__.py", line 285, in _check_cuda_versions
    local_device_count = cuda_versions.cuda_device_count()
                         ^^^^^^^^^^^^^^^^^^^^^^^^^^^^^^^^^
RuntimeError: jaxlib/cuda/versions_helpers.cc:113: operation cuInit(0) failed: CUDA_ERROR_NO_DEVICE
[2026-03-05 20:51:04,378][two_tower_confounding.experiments.data_pipeline][INFO] - Loading or generating click datasets...
[2026-03-05 20:51:04,384][two_tower_confounding.experiments.data_pipeline][INFO] - clicks_from_sessions active: using train_clicks=5000, val_clicks=1665 (was train_clicks=1000000, val_clicks=500000)
[2026-03-05 20:51:09,533][two_tower_confounding.experiments.data_pipeline][INFO] - Loaded click datasets in 5.16 seconds (train=5000, val=1665, test=500000)
[2026-03-05 20:51:09,534][two_tower_confounding.experiments.data_pipeline][INFO] - Loading aggregated datasets from /home/sfris1/ltr_datasets/ips_datasets...
[2026-03-05 20:51:14,778][two_tower_confounding.experiments.ips_pipeline][INFO] - Running estimator pipeline with model='ips'
[2026-03-05 20:51:14,778][two_tower_confounding.experiments.ips_pipeline][INFO] - Computing position bias (alpha)...
[2026-03-05 20:51:14,847][two_tower_confounding.experiments.propensity_pipeline][INFO] - Computing propensity per doc (method=propensity_mlp_regression)...
[2026-03-05 20:51:32,141][two_tower_confounding.experiments.propensity_pipeline][INFO] - Propensity computed in 17.29 seconds
[2026-03-05 20:51:32,161][two_tower_confounding.experiments.propensity_pipeline][INFO] - Propensity clipping disabled.
[2026-03-05 20:51:32,161][two_tower_confounding.experiments.ips_pipeline][INFO] - Computing IPS doc weights...
[2026-03-05 20:51:32,865][two_tower_confounding.experiments.ips_pipeline][INFO] - Doc weights computed in 0.70 seconds
[2026-03-05 20:51:33,682][two_tower_confounding.experiments.model_pipeline][INFO] - Loading trainer (trainer_type='pl-rank', n_samples=100)...
[2026-03-05 20:51:33,683][two_tower_confounding.experiments.model_pipeline][INFO] - Trainer loaded in 0.00 seconds
[2026-03-05 20:51:33,683][two_tower_confounding.experiments.model_pipeline][INFO] - Training model...
[2026-03-05 20:52:39,343][two_tower_confounding.experiments.ips_pipeline][INFO] - Final evaluation results:
{'metrics': {'CTR': 1.5947504043579102,
             'DCG': 4.102945327758789,
             'NCTR': 0.8817125558853149,
             'NDCG': 0.9262877702713013,
             'NRCTR': 0.8817125558853149,
             'RCTR': 1.5947504043579102}}
[2026-03-05 20:52:41,601][submitit][INFO] - Job completed successfully
[2026-03-05 20:52:41,613][submitit][INFO] - Exiting after successful completion
