[2026-03-05 17:04:20,835][jax._src.xla_bridge][ERROR] - Jax plugin configuration error: Exception when calling jax_plugins.xla_cuda12.initialize()
Traceback (most recent call last):
  File "/gpfs/home5/sfris1/two-towers-confounding-project/.venv/lib/python3.11/site-packages/jax/_src/xla_bridge.py", line 485, in discover_pjrt_plugins
    plugin_module.initialize()
  File "/gpfs/home5/sfris1/two-towers-confounding-project/.venv/lib/python3.11/site-packages/jax_plugins/xla_cuda12/__init__.py", line 328, in initialize
    _check_cuda_versions(raise_on_first_error=True)
  File "/gpfs/home5/sfris1/two-towers-confounding-project/.venv/lib/python3.11/site-packages/jax_plugins/xla_cuda12/__init__.py", line 285, in _check_cuda_versions
    local_device_count = cuda_versions.cuda_device_count()
                         ^^^^^^^^^^^^^^^^^^^^^^^^^^^^^^^^^
RuntimeError: jaxlib/cuda/versions_helpers.cc:113: operation cuInit(0) failed: CUDA_ERROR_NO_DEVICE
[2026-03-05 17:04:23,094][two_tower_confounding.experiments.data_pipeline][INFO] - Loading or generating click datasets...
[2026-03-05 17:04:23,100][two_tower_confounding.experiments.data_pipeline][INFO] - clicks_from_sessions active: using train_clicks=5000, val_clicks=1665 (was train_clicks=1000000, val_clicks=500000)
[2026-03-05 17:06:06,239][absl][INFO] - orbax-checkpoint version: 0.11.25
[2026-03-05 17:06:06,240][absl][INFO] - Created BasePyTreeCheckpointHandler: use_ocdbt=True, use_zarr3=False, pytree_metadata_options=PyTreeMetadataOptions(support_rich_types=False), array_metadata_store=<orbax.checkpoint._src.metadata.array_metadata_store.Store object at 0x153ca26d6490>, enable_pinned_host_transfer=False, save_concurrent_bytes: 96000000000 (89.4 GiB), restore_concurrent_bytes: 96000000000 (89.4 GiB)
[2026-03-05 17:06:06,240][absl][INFO] - [thread=MainThread] Failed to get flag value for EXPERIMENTAL_ORBAX_USE_DISTRIBUTED_PROCESS_ID.
[2026-03-05 17:06:06,241][absl][INFO] - [process=0][thread=MainThread] Using barrier_sync_fn: <function get_barrier_sync_fn.<locals>.<lambda> at 0x153a75bd76a0> timeout: 600 secs and primary_host=0 for async checkpoint writes
[2026-03-05 17:06:06,242][absl][INFO] - [process=0] Started async saving checkpoint to /gpfs/home5/sfris1/ltr_datasets/ips_datasets/logging_policy_c1000000_ps1p0_pt0p7_bs1p0.
[2026-03-05 17:06:06,244][absl][INFO] - [process=0] Specified `force`: removing existing directory.
[2026-03-05 17:06:06,245][absl][INFO] - Using ThreadSafeKeyValueSignalingClient
[2026-03-05 17:06:06,249][absl][INFO] - Transferring arrays to host memory with options: use_replica_parallel=True, min_slice_bytes_for_replica_parallel=None, max_replicas_for_replica_parallel=None, enable_pinned_host_transfer=False
[2026-03-05 17:06:06,250][absl][INFO] - Creating tmp directory /gpfs/home5/sfris1/ltr_datasets/ips_datasets/logging_policy_c1000000_ps1p0_pt0p7_bs1p0.orbax-checkpoint-tmp
[2026-03-05 17:06:06,251][absl][INFO] - [process=0][thread=MainThread] Initiated "orbax.checkpoint._src.serialization.type_handlers.ArrayHandler".serialize. Time taken: 0.002065s
[2026-03-05 17:06:06,252][absl][INFO] - [process=0] /jax/checkpoint/write/blocking_gbytes_per_sec: 0 Bytes/s (total gbytes: 21.4 KiB) (time elapsed: 5 milliseconds) (per-host)
[2026-03-05 17:06:06,252][absl][INFO] - [process=0][thread=MainThread] Initiated Pytree async_save. Time taken: 0.005997s (batch_requests_ready=0.001701s, total_serialization_initiated=0.003553s, others=0.000743s)
[2026-03-05 17:06:06,254][absl][INFO] - Wrote Metadata={'item_handlers': None, 'metrics': {}, 'performance_metrics': {}, 'init_timestamp_nsecs': 1772726766252869030, 'commit_timestamp_nsecs': None, 'custom_metadata': {}}, json={"item_handlers": null, "metrics": {}, "performance_metrics": {}, "init_timestamp_nsecs": 1772726766252869030, "commit_timestamp_nsecs": null, "custom_metadata": {}} to /gpfs/home5/sfris1/ltr_datasets/ips_datasets/logging_policy_c1000000_ps1p0_pt0p7_bs1p0.orbax-checkpoint-tmp/_CHECKPOINT_METADATA
[2026-03-05 17:06:06,255][absl][INFO] - [process=0][thread=async_save] Background save thread started.
[2026-03-05 17:06:06,255][absl][INFO] - Finished blocking save. Time taken: 0.013682s. Continuing background save to /gpfs/home5/sfris1/ltr_datasets/ips_datasets/logging_policy_c1000000_ps1p0_pt0p7_bs1p0.
[2026-03-05 17:06:06,266][absl][INFO] - [process=0][thread=MainThread] Waiting for background save thread=async_save.
[2026-03-05 17:06:06,271][absl][INFO] - [process=0][thread=array_type_handler] Wrote 6 array_metadata.ArrayMetadata to /gpfs/home5/sfris1/ltr_datasets/ips_datasets/logging_policy_c1000000_ps1p0_pt0p7_bs1p0.orbax-checkpoint-tmp/array_metadatas/process_0
[2026-03-05 17:06:06,296][absl][INFO] - [process=0][thread=write_metadata_after_commits] Commit + Array metadata written. Time taken: 0.040186s (commit=0.038563s, array_metadata_write=0.001623s)
[2026-03-05 17:06:06,297][absl][INFO] - [process=0] /jax/checkpoint/write/gbytes_per_sec: 0 Bytes/s (total gbytes: 21.4 KiB) (time elapsed: 50 milliseconds) (per-host)
[2026-03-05 17:06:06,297][absl][INFO] - [process=0][thread=async_save] 2 Handler Commit operations completed. Time taken: 0.041686s.
[2026-03-05 17:06:06,299][absl][INFO] - Read Metadata={'item_handlers': None, 'metrics': {}, 'performance_metrics': {}, 'init_timestamp_nsecs': 1772726766252869030, 'commit_timestamp_nsecs': None, 'custom_metadata': {}} from /gpfs/home5/sfris1/ltr_datasets/ips_datasets/logging_policy_c1000000_ps1p0_pt0p7_bs1p0.orbax-checkpoint-tmp/_CHECKPOINT_METADATA
[2026-03-05 17:06:06,300][absl][INFO] - Updated Metadata={'item_handlers': 'orbax.checkpoint._src.handlers.standard_checkpoint_handler.StandardCheckpointHandler', 'metrics': {}, 'performance_metrics': {}, 'init_timestamp_nsecs': 1772726766252869030, 'commit_timestamp_nsecs': None, 'custom_metadata': {}} to /gpfs/home5/sfris1/ltr_datasets/ips_datasets/logging_policy_c1000000_ps1p0_pt0p7_bs1p0.orbax-checkpoint-tmp/_CHECKPOINT_METADATA
[2026-03-05 17:06:06,301][absl][INFO] - [process=0][thread=async_save] Skipped cross-host ArrayMetadata validation because only one process is found: process_index=0.
[2026-03-05 17:06:06,305][absl][INFO] - [process=0][thread=async_save] Pytree save finalize (merge_ocdbt + ArrayMetadata validation) completed. Time taken: 0.007014s. use_zarr3=False, enable_post_merge_validation=True, directory=/gpfs/home5/sfris1/ltr_datasets/ips_datasets/logging_policy_c1000000_ps1p0_pt0p7_bs1p0.orbax-checkpoint-tmp
[2026-03-05 17:06:06,306][absl][INFO] - Renaming /gpfs/home5/sfris1/ltr_datasets/ips_datasets/logging_policy_c1000000_ps1p0_pt0p7_bs1p0.orbax-checkpoint-tmp to /gpfs/home5/sfris1/ltr_datasets/ips_datasets/logging_policy_c1000000_ps1p0_pt0p7_bs1p0
[2026-03-05 17:06:06,308][absl][INFO] - [process=0][thread=async_save] Finished saving checkpoint (finalized tmp dir) to `/gpfs/home5/sfris1/ltr_datasets/ips_datasets/logging_policy_c1000000_ps1p0_pt0p7_bs1p0`.
[2026-03-05 17:06:06,308][absl][INFO] - Finished async_save (blocking + background). Time taken: 0.066967s. directory=/gpfs/home5/sfris1/ltr_datasets/ips_datasets/logging_policy_c1000000_ps1p0_pt0p7_bs1p0
[2026-03-05 17:06:06,309][absl][INFO] - [process=0][thread=async_save] Background save thread done. Time taken: 0.052794s.
[2026-03-05 17:06:06,309][absl][INFO] - [process=0][thread=MainThread] Done with waiting for background save thread=async_save.
[2026-03-05 17:06:06,309][absl][INFO] - [process=0][thread=MainThread] No errors found in background save thread=async_save.
[2026-03-05 17:07:38,008][two_tower_confounding.experiments.data_pipeline][INFO] - Loaded click datasets in 194.91 seconds (train=5000, val=1665, test=500000)
[2026-03-05 17:07:38,142][two_tower_confounding.experiments.data_pipeline][INFO] - Initializing simulator...
[2026-03-05 17:07:38,143][two_tower_confounding.experiments.data_pipeline][INFO] - Aggregating train dataset...
[2026-03-05 17:07:42,954][two_tower_confounding.experiments.data_pipeline][INFO] - Aggregating validation dataset...
[2026-03-05 17:07:46,721][two_tower_confounding.experiments.data_pipeline][INFO] - Aggregating test dataset...
[2026-03-05 17:07:51,213][two_tower_confounding.experiments.data_pipeline][INFO] - Aggregation done in 13.07 seconds
[2026-03-05 17:08:48,102][two_tower_confounding.experiments.data_pipeline][INFO] - Saved aggregated datasets to /home/sfris1/ltr_datasets/ips_datasets
[2026-03-05 17:08:48,134][two_tower_confounding.experiments.ips_pipeline][INFO] - Running estimator pipeline with model='ips'
[2026-03-05 17:08:48,134][two_tower_confounding.experiments.ips_pipeline][INFO] - Computing position bias (alpha)...
[2026-03-05 17:08:48,198][two_tower_confounding.experiments.propensity_pipeline][INFO] - Computing propensity per doc (method=frequency_based)...
[2026-03-05 17:08:51,158][two_tower_confounding.experiments.propensity_pipeline][INFO] - Propensity computed in 2.96 seconds
[2026-03-05 17:08:51,178][two_tower_confounding.experiments.propensity_pipeline][INFO] - Propensity clipping disabled.
[2026-03-05 17:08:51,178][two_tower_confounding.experiments.ips_pipeline][INFO] - Computing IPS doc weights...
[2026-03-05 17:08:51,910][two_tower_confounding.experiments.ips_pipeline][INFO] - Doc weights computed in 0.73 seconds
[2026-03-05 17:08:51,918][two_tower_confounding.experiments.model_pipeline][INFO] - Loading trainer (trainer_type='pl-rank', n_samples=100)...
[2026-03-05 17:08:51,919][two_tower_confounding.experiments.model_pipeline][INFO] - Trainer loaded in 0.00 seconds
[2026-03-05 17:08:51,919][two_tower_confounding.experiments.model_pipeline][INFO] - Training model...
[2026-03-05 17:09:21,843][two_tower_confounding.experiments.ips_pipeline][INFO] - Final evaluation results:
{'metrics': {'CTR': 1.4869554042816162,
             'DCG': 3.938960313796997,
             'NCTR': 0.8188155293464661,
             'NDCG': 0.8860713243484497,
             'NRCTR': 0.8188155293464661,
             'RCTR': 1.4869554042816162}}
[2026-03-05 17:09:23,344][submitit][INFO] - Job completed successfully
[2026-03-05 17:09:23,354][submitit][INFO] - Exiting after successful completion
[2026-03-05 17:16:01,382][jax._src.xla_bridge][ERROR] - Jax plugin configuration error: Exception when calling jax_plugins.xla_cuda12.initialize()
Traceback (most recent call last):
  File "/gpfs/home5/sfris1/two-towers-confounding-project/.venv/lib/python3.11/site-packages/jax/_src/xla_bridge.py", line 485, in discover_pjrt_plugins
    plugin_module.initialize()
  File "/gpfs/home5/sfris1/two-towers-confounding-project/.venv/lib/python3.11/site-packages/jax_plugins/xla_cuda12/__init__.py", line 328, in initialize
    _check_cuda_versions(raise_on_first_error=True)
  File "/gpfs/home5/sfris1/two-towers-confounding-project/.venv/lib/python3.11/site-packages/jax_plugins/xla_cuda12/__init__.py", line 285, in _check_cuda_versions
    local_device_count = cuda_versions.cuda_device_count()
                         ^^^^^^^^^^^^^^^^^^^^^^^^^^^^^^^^^
RuntimeError: jaxlib/cuda/versions_helpers.cc:113: operation cuInit(0) failed: CUDA_ERROR_NO_DEVICE
[2026-03-05 17:16:10,208][two_tower_confounding.experiments.data_pipeline][INFO] - Loading aggregated datasets from /home/sfris1/ltr_datasets/ips_datasets...
[2026-03-05 17:16:15,479][two_tower_confounding.experiments.ips_pipeline][INFO] - Running estimator pipeline with model='ips'
[2026-03-05 17:16:15,480][two_tower_confounding.experiments.ips_pipeline][INFO] - Computing position bias (alpha)...
[2026-03-05 17:16:15,542][two_tower_confounding.experiments.propensity_pipeline][INFO] - Computing propensity per doc (method=frequency_based)...
[2026-03-05 17:16:18,523][two_tower_confounding.experiments.propensity_pipeline][INFO] - Propensity computed in 2.98 seconds
[2026-03-05 17:16:18,540][two_tower_confounding.experiments.propensity_pipeline][INFO] - Propensity clipping disabled.
[2026-03-05 17:16:18,540][two_tower_confounding.experiments.ips_pipeline][INFO] - Computing IPS doc weights...
[2026-03-05 17:16:19,236][two_tower_confounding.experiments.ips_pipeline][INFO] - Doc weights computed in 0.70 seconds
[2026-03-05 17:16:20,256][two_tower_confounding.experiments.model_pipeline][INFO] - Loading trainer (trainer_type='pl-rank', n_samples=100)...
[2026-03-05 17:16:20,257][two_tower_confounding.experiments.model_pipeline][INFO] - Trainer loaded in 0.00 seconds
[2026-03-05 17:16:20,257][two_tower_confounding.experiments.model_pipeline][INFO] - Training model...
[2026-03-05 17:16:50,793][two_tower_confounding.experiments.ips_pipeline][INFO] - Final evaluation results:
{'metrics': {'CTR': 1.486977458000183,
             'DCG': 3.9391729831695557,
             'NCTR': 0.8190036416053772,
             'NDCG': 0.8862636089324951,
             'NRCTR': 0.8190036416053772,
             'RCTR': 1.486977458000183}}
[2026-03-05 17:16:53,290][submitit][INFO] - Job completed successfully
[2026-03-05 17:16:53,298][submitit][INFO] - Exiting after successful completion
