[2026-05-05 10:52:54,190][two_tower_confounding.experiments.config_resolver][WARNING] - test_clicks=500000 is ignored because test_set_mode='label_only'. Set test_set_mode='clicks' to enable legacy click-based test behavior.
[2026-05-05 10:52:54,197][two_tower_confounding.experiments.data_pipeline][INFO] - Loading or generating click datasets...
[2026-05-05 10:54:26,330][absl][INFO] - orbax-checkpoint version: 0.11.37
[2026-05-05 10:54:26,330][absl][INFO] - save_device_host_concurrent_bytes=None
[2026-05-05 10:54:26,330][absl][INFO] - Created BasePyTreeCheckpointHandler: use_ocdbt=True, use_zarr3=False, pytree_metadata_options=PyTreeMetadataOptions(support_rich_types=False), array_metadata_store=<orbax.checkpoint._src.metadata.array_metadata_store.Store object at 0x14c22c155490>, enable_pinned_host_transfer=False, save_concurrent_bytes: 96000000000 (89.4 GiB), restore_concurrent_bytes: 96000000000 (89.4 GiB)
[2026-05-05 10:54:26,331][absl][INFO] - [thread=MainThread] Failed to get flag value for EXPERIMENTAL_ORBAX_USE_DISTRIBUTED_PROCESS_ID.
[2026-05-05 10:54:26,331][absl][INFO] - [process=0][thread=MainThread] Using barrier_sync_fn: <function get_barrier_sync_fn.<locals>.<lambda> at 0x14c197e258a0> timeout: 1200 secs and primary_host=0 for async checkpoint writes
[2026-05-05 10:54:26,331][absl][INFO] - [process=0] [sync] Started load checkpoint @ /gpfs/home5/sfris1/ltr_datasets/ips_datasets/istella_logging_policy_c100000_ps1p0_pt0p5_bs1p0_drop0rel0_sessallocv2_candfullv2_topx25_maxdocs200_lprdeep_lpsegreedysampler_lppct10p0.
[2026-05-05 10:54:26,335][absl][INFO] - Restoring checkpoint from /gpfs/home5/sfris1/ltr_datasets/ips_datasets/istella_logging_policy_c100000_ps1p0_pt0p5_bs1p0_drop0rel0_sessallocv2_candfullv2_topx25_maxdocs200_lprdeep_lpsegreedysampler_lppct10p0.
[2026-05-05 10:54:26,335][absl][INFO] - [process=0] [sync] Finished blocking load in 0.00 seconds. Continuing load @ /gpfs/home5/sfris1/ltr_datasets/ips_datasets/istella_logging_policy_c100000_ps1p0_pt0p5_bs1p0_drop0rel0_sessallocv2_candfullv2_topx25_maxdocs200_lprdeep_lpsegreedysampler_lppct10p0.
[2026-05-05 10:54:26,351][absl][INFO] - [process=0] /jax/orbax/read/worker/io/requested throughput: 2.787 MiB/s (total gbytes: 31.6 KiB) (time elapsed: 0.011083126068115234 s) (per-host)
[2026-05-05 10:54:26,353][absl][INFO] - [process=0] /jax/checkpoint/read/gbytes_per_sec: 1.825 MiB/s (total gbytes: 31.6 KiB) (time elapsed: 0.01692676544189453 s) (per-host)
[2026-05-05 10:54:26,353][absl][INFO] - [process=0] [sync] Finished load in 0.02 seconds @ /gpfs/home5/sfris1/ltr_datasets/ips_datasets/istella_logging_policy_c100000_ps1p0_pt0p5_bs1p0_drop0rel0_sessallocv2_candfullv2_topx25_maxdocs200_lprdeep_lpsegreedysampler_lppct10p0
[2026-05-05 10:54:39,387][two_tower_confounding.experiments.data_pipeline][INFO] - Loaded click datasets in 105.19 seconds (train=72743, val=27257, test=0)
[2026-05-05 10:54:39,387][two_tower_confounding.experiments.data_pipeline][INFO] - Test split is label-only by design; no test click dataset was loaded.
[2026-05-05 10:54:39,388][two_tower_confounding.data.runtime.alignment][INFO] - Applying data cutoff override: configured=25, natural=25, effective=25
[2026-05-05 10:54:39,388][two_tower_confounding.data.runtime.alignment][INFO] - Applying data cutoff override: configured=25, natural=25, effective=25
[2026-05-05 10:54:39,482][two_tower_confounding.data.runtime.aggregation][INFO] - Initializing simulator...
[2026-05-05 10:54:39,483][two_tower_confounding.data.runtime.aggregation][INFO] - Aggregating train dataset...
[2026-05-05 10:54:45,872][two_tower_confounding.data.runtime.aggregation][INFO] - Aggregating validation dataset...
[2026-05-05 10:54:49,182][two_tower_confounding.data.runtime.aggregation][INFO] - Aggregating test dataset from labels only...
[2026-05-05 10:54:50,758][two_tower_confounding.data.runtime.aggregation][INFO] - Aggregation done in 11.27 seconds
[2026-05-05 10:54:50,758][two_tower_confounding.data.runtime.aggregation][INFO] - Session usage after aggregation: requested(train=72743,val=27257), actual(train=72743,val=27257,test=0)
[2026-05-05 10:54:50,758][two_tower_confounding.data.runtime.aggregation][INFO] - Dataset persistence disabled; skipping aggregated dataset cache save.
[2026-05-05 10:54:50,759][two_tower_confounding.experiments.ips_pipeline][INFO] - Test split uses label-only evaluation; raw test click diagnostics are skipped.
[2026-05-05 10:54:50,809][two_tower_confounding.experiments.diagnostics][INFO] - [Data] train_docs=2043304, val_docs=684076, test_docs=681250, cutoff=25
[2026-05-05 10:54:50,905][two_tower_confounding.experiments.diagnostics][INFO] - [Train] clicks=15996, displays=1810163, ctr=0.0088, ctr_per_doc=0.0088
[2026-05-05 10:54:50,998][two_tower_confounding.experiments.diagnostics][INFO] - [Validation] clicks=5737, displays=677186, ctr=0.0085, ctr_per_doc=0.0085
[2026-05-05 10:54:51,086][two_tower_confounding.experiments.diagnostics][INFO] - [Test] clicks=0, displays=0, ctr=0.0000, ctr_per_doc=0.0000
[2026-05-05 10:54:51,086][two_tower_confounding.experiments.ips_pipeline][INFO] - Running estimator pipeline with model='dm'
[2026-05-05 10:54:51,086][two_tower_confounding.experiments.ips_pipeline][INFO] - Computing position bias (alpha)...
[2026-05-05 10:54:51,093][two_tower_confounding.experiments.ips_pipeline][INFO] - Loaded CSV position bias from /gpfs/home5/sfris1/Doubly-Robust-Optimization-With-Two-Tower-Models/results/position_bias_csv_smoke.csv (method=pivot_one): [ 0.         -0.71397245 -0.7888189  -1.3089033  -1.575755   -1.7692593
 -1.5714395  -1.6733272  -2.0251276  -2.1282127  -2.3622222  -2.1674728
 -2.2107904  -2.4139278  -2.3570342  -3.02267    -2.3304596  -2.3705897
 -2.036172   -2.381443   -2.405794   -2.902032   -2.6797976  -3.2612824
 -3.0599732 ]
[2026-05-05 10:54:51,094][two_tower_confounding.experiments.propensity_pipeline][INFO] - Computing propensity per doc (method=frequency_based)...
[2026-05-05 10:59:00,430][two_tower_confounding.experiments.propensity_pipeline][INFO] - Propensity computed in 249.34 seconds
[2026-05-05 10:59:00,430][two_tower_confounding.experiments.propensity_pipeline][INFO] - Alpha logits: [ 0.         -0.71397245 -0.7888189  -1.3089033  -1.575755   -1.7692593
 -1.5714395  -1.6733272  -2.0251276  -2.1282127  -2.3622222  -2.1674728
 -2.2107904  -2.4139278  -2.3570342  -3.02267    -2.3304596  -2.3705897
 -2.036172   -2.381443   -2.405794   -2.902032   -2.6797976  -3.2612824
 -3.0599732 ]
[2026-05-05 10:59:00,431][two_tower_confounding.experiments.propensity_pipeline][INFO] - Alpha: [0.5        0.32872167 0.31242234 0.21267042 0.1713975  0.14563446
 0.17201127 0.15798108 0.11658983 0.1063848  0.08609918 0.10270971
 0.09878569 0.08211679 0.08650827 0.04641216 0.08863153 0.08544303
 0.11545712 0.08459874 0.08273195 0.05205321 0.06417602 0.03692358
 0.04478885]
[2026-05-05 10:59:00,431][two_tower_confounding.experiments.propensity_pipeline][INFO] - Propensity clipping disabled.
[2026-05-05 10:59:01,865][two_tower_confounding.experiments.regression_pipeline][INFO] - Training regression model for DM/DR...
[2026-05-05 10:59:40,221][two_tower_confounding.experiments.regression_pipeline][INFO] - Regression epoch 3: train_loss=0.119942 val_loss=0.123627
[2026-05-05 11:00:17,538][two_tower_confounding.experiments.regression_pipeline][INFO] - Regression epoch 6: train_loss=0.118580 val_loss=0.118994
[2026-05-05 11:00:54,948][two_tower_confounding.experiments.regression_pipeline][INFO] - Regression epoch 9: train_loss=0.117881 val_loss=0.120128
[2026-05-05 11:01:01,040][two_tower_confounding.experiments.ips_pipeline][INFO] - Computing DM doc weights...
[2026-05-05 11:01:01,040][two_tower_confounding.experiments.ips_pipeline][INFO] - Doc weights computed in 0.00 seconds
[2026-05-05 11:01:01,051][two_tower_confounding.experiments.model_pipeline][INFO] - Loading trainer (trainer_type='pl-rank', n_samples=100)...
[2026-05-05 11:01:01,052][two_tower_confounding.experiments.model_pipeline][INFO] - Trainer loaded in 0.00 seconds
[2026-05-05 11:01:01,052][two_tower_confounding.experiments.model_pipeline][INFO] - Training model...
[2026-05-05 11:30:55,014][two_tower_confounding.experiments.ips_pipeline][INFO] - Final evaluation results:
{'metrics': {'CTR': 1.2082666158676147,
             'DCG': 2.5889899730682373,
             'NCTR': 0.7113693356513977,
             'NDCG': 0.7540822625160217,
             'NDCG@25': 0.7540822625160217,
             'NRCTR': 0.7113693356513977,
             'RCTR': 1.2082666158676147}}
[2026-05-05 11:30:55,050][submitit][INFO] - Job completed successfully
[2026-05-05 11:30:55,060][submitit][INFO] - Exiting after successful completion
