[2026-04-19 15:14:06,575][jax._src.xla_bridge][ERROR] - Jax plugin configuration error: Exception when calling jax_plugins.xla_cuda12.initialize()
Traceback (most recent call last):
  File "/gpfs/home5/sfris1/two-towers-confounding-project/.venv/lib/python3.11/site-packages/jax/_src/xla_bridge.py", line 485, in discover_pjrt_plugins
    plugin_module.initialize()
  File "/gpfs/home5/sfris1/two-towers-confounding-project/.venv/lib/python3.11/site-packages/jax_plugins/xla_cuda12/__init__.py", line 328, in initialize
    _check_cuda_versions(raise_on_first_error=True)
  File "/gpfs/home5/sfris1/two-towers-confounding-project/.venv/lib/python3.11/site-packages/jax_plugins/xla_cuda12/__init__.py", line 285, in _check_cuda_versions
    local_device_count = cuda_versions.cuda_device_count()
                         ^^^^^^^^^^^^^^^^^^^^^^^^^^^^^^^^^
RuntimeError: jaxlib/cuda/versions_helpers.cc:113: operation cuInit(0) failed: CUDA_ERROR_NO_DEVICE
[2026-04-19 15:14:07,543][two_tower_confounding.experiments.ips_pipeline][WARNING] - wandb.init failed (Error uploading run: returned error 403: {"data":{"upsertBucket":null},"errors":[{"message":"permission denied","path":["upsertBucket"],"extensions":{"code":"PERMISSION_ERROR"}}]}). Continuing with local logging only.
[2026-04-19 15:14:07,543][two_tower_confounding.experiments.ips_pipeline][WARNING] - Disabling wandb for trainer components because initialization failed.
[2026-04-19 15:14:07,544][two_tower_confounding.experiments.config_resolver][WARNING] - test_clicks=500000 is ignored because test_set_mode='label_only'. Set test_set_mode='clicks' to enable legacy click-based test behavior.
[2026-04-19 15:14:07,550][two_tower_confounding.experiments.data_pipeline][INFO] - Loading or generating click datasets...
[2026-04-19 15:15:08,761][absl][INFO] - orbax-checkpoint version: 0.11.25
[2026-04-19 15:15:08,761][absl][INFO] - Created BasePyTreeCheckpointHandler: use_ocdbt=True, use_zarr3=False, pytree_metadata_options=PyTreeMetadataOptions(support_rich_types=False), array_metadata_store=<orbax.checkpoint._src.metadata.array_metadata_store.Store object at 0x14c54a5a6790>, enable_pinned_host_transfer=False, save_concurrent_bytes: 96000000000 (89.4 GiB), restore_concurrent_bytes: 96000000000 (89.4 GiB)
[2026-04-19 15:15:08,762][absl][INFO] - [thread=MainThread] Failed to get flag value for EXPERIMENTAL_ORBAX_USE_DISTRIBUTED_PROCESS_ID.
[2026-04-19 15:15:08,762][absl][INFO] - [process=0][thread=MainThread] Using barrier_sync_fn: <function get_barrier_sync_fn.<locals>.<lambda> at 0x14c4588793a0> timeout: 600 secs and primary_host=0 for async checkpoint writes
[2026-04-19 15:15:08,765][absl][INFO] - Restoring checkpoint from /gpfs/home5/sfris1/ltr_datasets/ips_datasets/logging_policy_c10000_ps1p0_pt0p5_bs1p0_drop0rel0_sessallocv2_candfullv2_topx25_maxdocs200_lprdeep_lpsegreedysampler_lppct10p0.
[2026-04-19 15:15:08,791][absl][INFO] - [process=0] /jax/checkpoint/read/gbytes_per_sec: 0 Bytes/s (total gbytes: 21.4 KiB) (time elapsed: 25 milliseconds) (per-host)
[2026-04-19 15:15:08,791][absl][INFO] - Finished restoring checkpoint in 0.03 seconds from /gpfs/home5/sfris1/ltr_datasets/ips_datasets/logging_policy_c10000_ps1p0_pt0p5_bs1p0_drop0rel0_sessallocv2_candfullv2_topx25_maxdocs200_lprdeep_lpsegreedysampler_lppct10p0.
[2026-04-19 15:15:13,371][two_tower_confounding.experiments.data_pipeline][INFO] - Loaded click datasets in 65.82 seconds (train=7500, val=2500, test=0)
[2026-04-19 15:15:13,371][two_tower_confounding.experiments.data_pipeline][INFO] - Test split is label-only by design; no test click dataset was loaded.
[2026-04-19 15:15:13,371][two_tower_confounding.data.runtime.alignment][INFO] - Applying data cutoff override: configured=25, natural=25, effective=25
[2026-04-19 15:15:13,372][two_tower_confounding.data.runtime.alignment][INFO] - Applying data cutoff override: configured=25, natural=25, effective=25
[2026-04-19 15:15:13,498][two_tower_confounding.data.runtime.aggregation][INFO] - Initializing simulator...
[2026-04-19 15:15:13,498][two_tower_confounding.data.runtime.aggregation][INFO] - Aggregating train dataset...
[2026-04-19 15:15:19,073][two_tower_confounding.data.runtime.aggregation][INFO] - Aggregating validation dataset...
[2026-04-19 15:15:22,195][two_tower_confounding.data.runtime.aggregation][INFO] - Aggregating test dataset from labels only...
[2026-04-19 15:15:23,128][two_tower_confounding.data.runtime.aggregation][INFO] - Aggregation done in 9.63 seconds
[2026-04-19 15:15:23,128][two_tower_confounding.data.runtime.aggregation][INFO] - Session usage after aggregation: requested(train=7500,val=2500), actual(train=7500,val=2500,test=0)
[2026-04-19 15:15:23,128][two_tower_confounding.data.runtime.aggregation][INFO] - Dataset persistence disabled; skipping aggregated dataset cache save.
[2026-04-19 15:15:23,128][two_tower_confounding.experiments.ips_pipeline][INFO] - Test split uses label-only evaluation; raw test click diagnostics are skipped.
[2026-04-19 15:15:23,182][two_tower_confounding.experiments.diagnostics][INFO] - [Data] train_docs=2132810, val_docs=707814, test_docs=708921, cutoff=25
[2026-04-19 15:15:23,263][two_tower_confounding.experiments.diagnostics][INFO] - [Train] clicks=730, displays=181777, ctr=0.0040, ctr_per_doc=0.0040
[2026-04-19 15:15:23,333][two_tower_confounding.experiments.diagnostics][INFO] - [Validation] clicks=307, displays=60606, ctr=0.0051, ctr_per_doc=0.0051
[2026-04-19 15:15:23,404][two_tower_confounding.experiments.diagnostics][INFO] - [Test] clicks=0, displays=0, ctr=0.0000, ctr_per_doc=0.0000
[2026-04-19 15:15:23,404][two_tower_confounding.experiments.ips_pipeline][INFO] - Running estimator pipeline with model='dr'
[2026-04-19 15:15:23,404][two_tower_confounding.experiments.ips_pipeline][INFO] - Computing position bias (alpha)...
[2026-04-19 15:15:23,411][two_tower_confounding.experiments.position_bias_pipeline][WARNING] - Applying base epsilon=0.001 to 24 position-bias values while reading /gpfs/home5/sfris1/Doubly-Robust-Optimization-With-Two-Tower-Models/results/position_bias_csv_smoke.csv (invalid=2, below_floor=22).
[2026-04-19 15:15:23,411][two_tower_confounding.experiments.ips_pipeline][INFO] - Loaded CSV position bias from /gpfs/home5/sfris1/Doubly-Robust-Optimization-With-Two-Tower-Models/results/position_bias_csv_smoke.csv (method=pivot_one): [ 0.        -6.9077554 -6.9077554 -6.9077554 -6.9077554 -6.9077554
 -6.9077554 -6.9077554 -6.9077554 -6.9077554 -6.9077554 -6.9077554
 -6.9077554 -6.9077554 -6.9077554 -6.9077554 -6.9077554 -6.9077554
 -6.9077554 -6.9077554 -6.9077554 -6.9077554 -6.9077554 -6.9077554
 -6.9077554]
[2026-04-19 15:15:23,413][two_tower_confounding.experiments.propensity_pipeline][INFO] - Computing propensity per doc (method=frequency_based)...
[2026-04-19 15:15:51,236][two_tower_confounding.experiments.propensity_pipeline][INFO] - Propensity computed in 27.82 seconds
[2026-04-19 15:15:51,237][two_tower_confounding.experiments.propensity_pipeline][INFO] - Alpha logits: [ 0.        -6.9077554 -6.9077554 -6.9077554 -6.9077554 -6.9077554
 -6.9077554 -6.9077554 -6.9077554 -6.9077554 -6.9077554 -6.9077554
 -6.9077554 -6.9077554 -6.9077554 -6.9077554 -6.9077554 -6.9077554
 -6.9077554 -6.9077554 -6.9077554 -6.9077554 -6.9077554 -6.9077554
 -6.9077554]
[2026-04-19 15:15:51,238][two_tower_confounding.experiments.propensity_pipeline][INFO] - Alpha: [0.5      0.000999 0.000999 0.000999 0.000999 0.000999 0.000999 0.000999
 0.000999 0.000999 0.000999 0.000999 0.000999 0.000999 0.000999 0.000999
 0.000999 0.000999 0.000999 0.000999 0.000999 0.000999 0.000999 0.000999
 0.000999]
[2026-04-19 15:15:51,238][two_tower_confounding.experiments.propensity_pipeline][INFO] - Propensity clipping disabled.
[2026-04-19 15:15:51,239][two_tower_confounding.experiments.propensity_pipeline][INFO] - Computing propensity per doc (method=frequency_based)...
[2026-04-19 15:16:17,094][two_tower_confounding.experiments.propensity_pipeline][INFO] - Propensity computed in 25.86 seconds
[2026-04-19 15:16:17,094][two_tower_confounding.experiments.propensity_pipeline][INFO] - Alpha logits: [ 0.        -6.9077554 -6.9077554 -6.9077554 -6.9077554 -6.9077554
 -6.9077554 -6.9077554 -6.9077554 -6.9077554 -6.9077554 -6.9077554
 -6.9077554 -6.9077554 -6.9077554 -6.9077554 -6.9077554 -6.9077554
 -6.9077554 -6.9077554 -6.9077554 -6.9077554 -6.9077554 -6.9077554
 -6.9077554]
[2026-04-19 15:16:17,095][two_tower_confounding.experiments.propensity_pipeline][INFO] - Alpha: [0.5      0.000999 0.000999 0.000999 0.000999 0.000999 0.000999 0.000999
 0.000999 0.000999 0.000999 0.000999 0.000999 0.000999 0.000999 0.000999
 0.000999 0.000999 0.000999 0.000999 0.000999 0.000999 0.000999 0.000999
 0.000999]
[2026-04-19 15:16:18,843][two_tower_confounding.experiments.regression_pipeline][INFO] - Training regression model for DM/DR...
[2026-04-19 15:16:26,380][two_tower_confounding.experiments.regression_pipeline][INFO] - Regression epoch 3: train_loss=-19.023110 val_loss=-28.778405
[2026-04-19 15:16:32,724][two_tower_confounding.experiments.regression_pipeline][INFO] - Regression epoch 6: train_loss=-19.198430 val_loss=-28.778405
[2026-04-19 15:16:38,673][two_tower_confounding.experiments.ips_pipeline][INFO] - Computing DR doc weights...
[2026-04-19 15:16:38,701][two_tower_confounding.experiments.ips_pipeline][INFO] - Doc weights computed in 0.03 seconds
[2026-04-19 15:16:38,709][two_tower_confounding.experiments.model_pipeline][INFO] - Loading trainer (trainer_type='pl-rank', n_samples=100)...
[2026-04-19 15:16:38,710][two_tower_confounding.experiments.model_pipeline][INFO] - Trainer loaded in 0.00 seconds
[2026-04-19 15:16:38,710][two_tower_confounding.experiments.model_pipeline][INFO] - Training model...
[2026-04-19 16:07:18,465][two_tower_confounding.experiments.ips_pipeline][INFO] - Final evaluation results:
{'metrics': {'CTR': 0.14686354994773865,
             'DCG': 1.6952686309814453,
             'NCTR': 0.38395625352859497,
             'NDCG': 0.44381970167160034,
             'NDCG@25': 0.44381970167160034,
             'NRCTR': 0.38395625352859497,
             'RCTR': 0.14686354994773865}}
[2026-04-19 16:07:18,549][submitit][INFO] - Job completed successfully
[2026-04-19 16:07:18,560][submitit][INFO] - Exiting after successful completion
