[2026-06-18 16:55:45,150][feature_based_propensities_for_ULTR.experiments.config_resolver][WARNING] - test_clicks=500000 is ignored because test_set_mode='label_only'. Set test_set_mode='clicks' to enable legacy click-based test behavior.
[2026-06-18 16:55:45,155][feature_based_propensities_for_ULTR.experiments.data_pipeline][INFO] - Loading or generating click datasets...
[2026-06-18 16:57:14,345][absl][INFO] - orbax-checkpoint version: 0.11.40
[2026-06-18 16:57:14,346][absl][INFO] - save_device_host_concurrent_bytes=None
[2026-06-18 16:57:14,346][absl][INFO] - Created BasePyTreeCheckpointHandler: use_ocdbt=True, use_zarr3=False, pytree_metadata_options=PyTreeMetadataOptions(support_rich_types=False), array_metadata_store=<orbax.checkpoint._src.metadata.array_metadata_store.Store object at 0x1465d1d4ac90>, enable_pinned_host_transfer=False, save_concurrent_bytes: 96000000000 (89.4 GiB), restore_concurrent_bytes: 96000000000 (89.4 GiB)
[2026-06-18 16:57:14,346][absl][INFO] - [thread=MainThread] Failed to get flag value for EXPERIMENTAL_ORBAX_USE_DISTRIBUTED_PROCESS_ID.
[2026-06-18 16:57:14,346][absl][INFO] - [process=0][thread=MainThread] Using barrier_sync_fn: <function get_barrier_sync_fn.<locals>.<lambda> at 0x146539eb7920> timeout: 1200 secs and primary_host=0 for async checkpoint writes
[2026-06-18 16:57:14,347][absl][INFO] - [process=0] [sync] Started load checkpoint @ /gpfs/home5/sfris1/ltr_datasets/ips_datasets/istella_logging_policy_c10000_ps1p0_pt0p5_bs1p0_drop0rel0_sessallocv2_candfullv2_topx25_maxdocs200_lprdeep_lpsegreedysampler_lppct10p0.
[2026-06-18 16:57:14,349][absl][INFO] - Restoring checkpoint from /gpfs/home5/sfris1/ltr_datasets/ips_datasets/istella_logging_policy_c10000_ps1p0_pt0p5_bs1p0_drop0rel0_sessallocv2_candfullv2_topx25_maxdocs200_lprdeep_lpsegreedysampler_lppct10p0.
[2026-06-18 16:57:14,349][absl][INFO] - [process=0] [sync] Finished blocking load in 0.00 seconds. Continuing load @ /gpfs/home5/sfris1/ltr_datasets/ips_datasets/istella_logging_policy_c10000_ps1p0_pt0p5_bs1p0_drop0rel0_sessallocv2_candfullv2_topx25_maxdocs200_lprdeep_lpsegreedysampler_lppct10p0.
[2026-06-18 16:57:14,365][absl][INFO] - [process=0] /jax/orbax/read/worker/io/requested throughput: 2.780 MiB/s (total gbytes: 31.6 KiB) (time elapsed: 0.011110305786132812 s) (per-host)
[2026-06-18 16:57:14,367][absl][INFO] - [process=0] /jax/checkpoint/read/gbytes_per_sec: 1.871 MiB/s (total gbytes: 31.6 KiB) (time elapsed: 0.016507387161254883 s) (per-host)
[2026-06-18 16:57:14,367][absl][INFO] - [process=0] [sync] Finished load in 0.02 seconds @ /gpfs/home5/sfris1/ltr_datasets/ips_datasets/istella_logging_policy_c10000_ps1p0_pt0p5_bs1p0_drop0rel0_sessallocv2_candfullv2_topx25_maxdocs200_lprdeep_lpsegreedysampler_lppct10p0
[2026-06-18 16:57:19,559][feature_based_propensities_for_ULTR.experiments.data_pipeline][INFO] - Loaded click datasets in 94.40 seconds (train=7274, val=2726, test=0)
[2026-06-18 16:57:19,560][feature_based_propensities_for_ULTR.experiments.data_pipeline][INFO] - Test split is label-only by design; no test click dataset was loaded.
[2026-06-18 16:57:19,560][feature_based_propensities_for_ULTR.data.runtime.alignment][INFO] - Applying data cutoff override: configured=25, natural=25, effective=25
[2026-06-18 16:57:19,560][feature_based_propensities_for_ULTR.data.runtime.alignment][INFO] - Applying data cutoff override: configured=25, natural=25, effective=25
[2026-06-18 16:57:19,654][feature_based_propensities_for_ULTR.data.runtime.aggregation][INFO] - Initializing simulator...
[2026-06-18 16:57:19,655][feature_based_propensities_for_ULTR.data.runtime.aggregation][INFO] - Aggregating train dataset...
[2026-06-18 16:57:25,923][feature_based_propensities_for_ULTR.data.runtime.aggregation][INFO] - Aggregating validation dataset...
[2026-06-18 16:57:29,306][feature_based_propensities_for_ULTR.data.runtime.aggregation][INFO] - Aggregating test dataset from labels only...
[2026-06-18 16:57:30,770][feature_based_propensities_for_ULTR.data.runtime.aggregation][INFO] - Aggregation done in 11.12 seconds
[2026-06-18 16:57:30,770][feature_based_propensities_for_ULTR.data.runtime.aggregation][INFO] - Session usage after aggregation: requested(train=7274,val=2726), actual(train=7274,val=2726,test=0)
[2026-06-18 16:57:30,770][feature_based_propensities_for_ULTR.data.runtime.aggregation][INFO] - Dataset persistence disabled; skipping aggregated dataset cache save.
[2026-06-18 16:57:30,770][feature_based_propensities_for_ULTR.experiments.ips_pipeline][INFO] - Test split uses label-only evaluation; raw test click diagnostics are skipped.
[2026-06-18 16:57:30,829][feature_based_propensities_for_ULTR.experiments.diagnostics][INFO] - [Data] train_docs=2043304, val_docs=684076, test_docs=681250, cutoff=25
[2026-06-18 16:57:30,930][feature_based_propensities_for_ULTR.experiments.diagnostics][INFO] - [Train] clicks=1618, displays=181157, ctr=0.0089, ctr_per_doc=0.0089
[2026-06-18 16:57:31,025][feature_based_propensities_for_ULTR.experiments.diagnostics][INFO] - [Validation] clicks=542, displays=67644, ctr=0.0080, ctr_per_doc=0.0080
[2026-06-18 16:57:31,116][feature_based_propensities_for_ULTR.experiments.diagnostics][INFO] - [Test] clicks=0, displays=0, ctr=0.0000, ctr_per_doc=0.0000
[2026-06-18 16:57:31,116][feature_based_propensities_for_ULTR.experiments.ips_pipeline][INFO] - Running estimator pipeline with model='ips'
[2026-06-18 16:57:31,116][feature_based_propensities_for_ULTR.experiments.ips_pipeline][INFO] - Computing position bias (alpha)...
[2026-06-18 16:57:31,134][ultr_bias_toolkit.bias.intervention_harvesting.all_pairs][INFO] - Position bias estimation using global all pairs estimator
[2026-06-18 16:58:21,031][feature_based_propensities_for_ULTR.experiments.position_bias_pipeline][INFO] - Saved estimated position-bias curve to position_bias.json
[2026-06-18 16:58:21,032][feature_based_propensities_for_ULTR.experiments.ips_pipeline][INFO] - Estimated position bias in-run (estimator=global_all_pairs): [ 0.        -0.3639843 -1.1771836 -2.0134256 -1.3759149 -2.49009
 -2.634372  -1.6234992 -3.182383  -2.5863345 -2.1198957 -3.1655908
 -6.9077554 -2.4958253 -2.7551012 -3.2383327 -2.0715537 -6.9077554
 -3.368405  -2.865503  -6.9077554 -1.983602  -6.056942  -3.4946241
 -2.1919005]
[2026-06-18 16:58:21,033][feature_based_propensities_for_ULTR.experiments.propensity_pipeline][INFO] - Computing propensity per doc (method=propensity_mlp_regression)...
[2026-06-18 16:59:13,011][feature_based_propensities_for_ULTR.experiments.propensity_pipeline][INFO] - Propensity computed in 51.98 seconds
[2026-06-18 16:59:13,011][feature_based_propensities_for_ULTR.experiments.propensity_pipeline][INFO] - Alpha logits: [ 0.     -0.364  -1.1772 -2.0134 -1.3759 -2.4901 -2.6344 -1.6235 -3.1824
 -2.5863 -2.1199 -3.1656 -6.9078 -2.4958 -2.7551 -3.2383 -2.0716 -6.9078
 -3.3684 -2.8655 -6.9078 -1.9836 -6.0569 -3.4946 -2.1919]
[2026-06-18 16:59:13,012][feature_based_propensities_for_ULTR.experiments.propensity_pipeline][INFO] - Alpha: [0.5    0.41   0.2356 0.1178 0.2017 0.0766 0.067  0.1647 0.0398 0.07
 0.1072 0.0405 0.001  0.0762 0.0598 0.0377 0.1119 0.001  0.0333 0.0539
 0.001  0.1209 0.0023 0.0295 0.1005]
[2026-06-18 16:59:13,013][feature_based_propensities_for_ULTR.experiments.propensity_pipeline][INFO] - Propensity clipping disabled.
[2026-06-18 16:59:13,013][feature_based_propensities_for_ULTR.experiments.ips_pipeline][INFO] - Computing IPS doc weights...
[2026-06-18 16:59:13,540][feature_based_propensities_for_ULTR.experiments.ips_pipeline][INFO] - Doc weights computed in 0.53 seconds
[2026-06-18 16:59:13,551][feature_based_propensities_for_ULTR.experiments.model_pipeline][INFO] - Loading trainer (trainer_type='pl-rank', n_samples=100)...
[2026-06-18 16:59:13,553][feature_based_propensities_for_ULTR.experiments.model_pipeline][INFO] - Trainer loaded in 0.00 seconds
[2026-06-18 16:59:13,553][feature_based_propensities_for_ULTR.experiments.model_pipeline][INFO] - Training model...
[2026-06-18 17:03:41,380][feature_based_propensities_for_ULTR.experiments.ips_pipeline][INFO] - Final evaluation results:
{'metrics': {'CTR': 0.9177148938179016,
             'DCG': 2.3434996604919434,
             'NCTR': 0.5690003037452698,
             'NDCG': 0.6788190603256226,
             'NDCG@25': 0.6788190603256226,
             'NRCTR': 0.5690003037452698,
             'RCTR': 0.9177148938179016}}
[2026-06-18 17:03:41,412][submitit][INFO] - Job completed successfully
[2026-06-18 17:03:41,423][submitit][INFO] - Exiting after successful completion
