[2026-03-18 16:13:03,584][jax._src.xla_bridge][ERROR] - Jax plugin configuration error: Exception when calling jax_plugins.xla_cuda12.initialize()
Traceback (most recent call last):
  File "/gpfs/home5/sfris1/two-towers-confounding-project/.venv/lib/python3.11/site-packages/jax/_src/xla_bridge.py", line 485, in discover_pjrt_plugins
    plugin_module.initialize()
  File "/gpfs/home5/sfris1/two-towers-confounding-project/.venv/lib/python3.11/site-packages/jax_plugins/xla_cuda12/__init__.py", line 328, in initialize
    _check_cuda_versions(raise_on_first_error=True)
  File "/gpfs/home5/sfris1/two-towers-confounding-project/.venv/lib/python3.11/site-packages/jax_plugins/xla_cuda12/__init__.py", line 285, in _check_cuda_versions
    local_device_count = cuda_versions.cuda_device_count()
                         ^^^^^^^^^^^^^^^^^^^^^^^^^^^^^^^^^
RuntimeError: jaxlib/cuda/versions_helpers.cc:113: operation cuInit(0) failed: CUDA_ERROR_NO_DEVICE
[2026-03-18 16:13:04,639][two_tower_confounding.experiments.ips_pipeline][WARNING] - wandb.init failed (Error uploading run: returned error 403: {"data":{"upsertBucket":null},"errors":[{"message":"permission denied","path":["upsertBucket"],"extensions":{"code":"PERMISSION_ERROR"}}]}). Continuing with local logging only.
[2026-03-18 16:13:04,640][two_tower_confounding.experiments.ips_pipeline][WARNING] - Disabling wandb for trainer components because initialization failed.
[2026-03-18 16:13:04,641][two_tower_confounding.experiments.config_resolver][WARNING] - test_clicks=500000 is ignored because test_set_mode='label_only'. Set test_set_mode='clicks' to enable legacy click-based test behavior.
[2026-03-18 16:13:04,648][two_tower_confounding.experiments.data_pipeline][INFO] - Loading or generating click datasets...
[2026-03-18 16:14:32,249][absl][INFO] - orbax-checkpoint version: 0.11.25
[2026-03-18 16:14:32,250][absl][INFO] - Created BasePyTreeCheckpointHandler: use_ocdbt=True, use_zarr3=False, pytree_metadata_options=PyTreeMetadataOptions(support_rich_types=False), array_metadata_store=<orbax.checkpoint._src.metadata.array_metadata_store.Store object at 0x14857145b210>, enable_pinned_host_transfer=False, save_concurrent_bytes: 96000000000 (89.4 GiB), restore_concurrent_bytes: 96000000000 (89.4 GiB)
[2026-03-18 16:14:32,250][absl][INFO] - [thread=MainThread] Failed to get flag value for EXPERIMENTAL_ORBAX_USE_DISTRIBUTED_PROCESS_ID.
[2026-03-18 16:14:32,250][absl][INFO] - [process=0][thread=MainThread] Using barrier_sync_fn: <function get_barrier_sync_fn.<locals>.<lambda> at 0x14838d8bf560> timeout: 600 secs and primary_host=0 for async checkpoint writes
[2026-03-18 16:14:32,253][absl][INFO] - Restoring checkpoint from /gpfs/home5/sfris1/ltr_datasets/ips_datasets/logging_policy_c5000000_ps1p0_pt0p5_bs1p0_drop0rel0_dqchunk1_fsample1_spct25p0_candfullv2_topx25_maxdocs200_lprdeep_lpsegreedysampler_lppct10p0.
[2026-03-18 16:14:32,276][absl][INFO] - [process=0] /jax/checkpoint/read/gbytes_per_sec: 0 Bytes/s (total gbytes: 21.4 KiB) (time elapsed: 21 milliseconds) (per-host)
[2026-03-18 16:14:32,276][absl][INFO] - Finished restoring checkpoint in 0.03 seconds from /gpfs/home5/sfris1/ltr_datasets/ips_datasets/logging_policy_c5000000_ps1p0_pt0p5_bs1p0_drop0rel0_dqchunk1_fsample1_spct25p0_candfullv2_topx25_maxdocs200_lprdeep_lpsegreedysampler_lppct10p0.
[2026-03-18 16:14:37,426][two_tower_confounding.experiments.data_pipeline][INFO] - Loaded click datasets in 92.78 seconds (train=25000, val=8233, test=0)
[2026-03-18 16:14:37,426][two_tower_confounding.experiments.data_pipeline][INFO] - Test split is label-only by design; no test click dataset was loaded.
[2026-03-18 16:14:37,426][two_tower_confounding.data.runtime.aggregation][INFO] - Applying data cutoff override: configured=25, natural=25, effective=25
[2026-03-18 16:14:37,557][two_tower_confounding.data.runtime.aggregation][INFO] - Initializing simulator...
[2026-03-18 16:14:37,558][two_tower_confounding.data.runtime.aggregation][INFO] - Aggregating train dataset...
[2026-03-18 16:14:42,737][two_tower_confounding.data.runtime.aggregation][INFO] - Aggregating validation dataset...
[2026-03-18 16:14:46,324][two_tower_confounding.data.runtime.aggregation][INFO] - Aggregating test dataset from labels only...
[2026-03-18 16:14:47,864][two_tower_confounding.data.runtime.aggregation][INFO] - Aggregation done in 10.31 seconds
[2026-03-18 16:14:47,864][two_tower_confounding.data.runtime.aggregation][INFO] - Session usage after aggregation: requested(train=25000,val=8233), actual(train=25000,val=8233,test=0)
[2026-03-18 16:14:47,864][two_tower_confounding.data.runtime.aggregation][INFO] - Dataset persistence disabled; skipping aggregated dataset cache save.
[2026-03-18 16:14:47,864][two_tower_confounding.experiments.ips_pipeline][INFO] - Test split uses label-only evaluation; raw test click diagnostics are skipped.
[2026-03-18 16:14:47,928][two_tower_confounding.experiments.diagnostics][INFO] - [Data] train_docs=2270296, val_docs=747218, test_docs=708921, cutoff=25
[2026-03-18 16:14:48,014][two_tower_confounding.experiments.diagnostics][INFO] - [Train] clicks=1886, displays=568773, ctr=0.0033, ctr_per_doc=0.0033
[2026-03-18 16:14:48,084][two_tower_confounding.experiments.diagnostics][INFO] - [Validation] clicks=670, displays=186389, ctr=0.0036, ctr_per_doc=0.0036
[2026-03-18 16:14:48,161][two_tower_confounding.experiments.diagnostics][INFO] - [Test] clicks=0, displays=0, ctr=0.0000, ctr_per_doc=0.0000
[2026-03-18 16:14:48,162][two_tower_confounding.experiments.ips_pipeline][INFO] - Running estimator pipeline with model='dr'
[2026-03-18 16:14:48,162][two_tower_confounding.experiments.ips_pipeline][INFO] - Computing position bias (alpha)...
[2026-03-18 16:14:48,225][two_tower_confounding.experiments.propensity_pipeline][INFO] - Computing propensity per doc (method=true_propensity)...
[2026-03-18 16:15:08,368][two_tower_confounding.experiments.propensity_pipeline][INFO] - Propensity computed in 20.14 seconds
[2026-03-18 16:15:08,368][two_tower_confounding.experiments.propensity_pipeline][INFO] - Alpha logits: [-0.        -0.6931472 -1.0986123 -1.3862944 -1.609438  -1.7917595
 -1.9459101 -2.0794415 -2.1972246 -2.3025851 -2.3978953 -2.4849067
 -2.5649493 -2.6390574 -2.7080503 -2.7725887 -2.8332133 -2.8903718
 -2.944439  -2.9957323 -3.0445225 -3.0910425 -3.1354942 -3.1780539
 -3.218876 ]
[2026-03-18 16:15:08,369][two_tower_confounding.experiments.propensity_pipeline][INFO] - Alpha: [0.5        0.33333334 0.25       0.2        0.16666667 0.14285715
 0.12500001 0.11111111 0.1        0.09090909 0.08333333 0.07692308
 0.07142857 0.06666666 0.0625     0.05882353 0.05555556 0.05263158
 0.05       0.04761905 0.04545454 0.04347826 0.04166667 0.04
 0.03846154]
[2026-03-18 16:15:08,370][two_tower_confounding.experiments.propensity_pipeline][INFO] - Propensity clipping disabled.
[2026-03-18 16:15:08,370][two_tower_confounding.experiments.propensity_pipeline][INFO] - Computing propensity per doc (method=frequency_based)...
[2026-03-18 16:15:26,691][two_tower_confounding.experiments.propensity_pipeline][INFO] - Propensity computed in 18.32 seconds
[2026-03-18 16:15:26,691][two_tower_confounding.experiments.propensity_pipeline][INFO] - Alpha logits: [-0.        -0.6931472 -1.0986123 -1.3862944 -1.609438  -1.7917595
 -1.9459101 -2.0794415 -2.1972246 -2.3025851 -2.3978953 -2.4849067
 -2.5649493 -2.6390574 -2.7080503 -2.7725887 -2.8332133 -2.8903718
 -2.944439  -2.9957323 -3.0445225 -3.0910425 -3.1354942 -3.1780539
 -3.218876 ]
[2026-03-18 16:15:26,692][two_tower_confounding.experiments.propensity_pipeline][INFO] - Alpha: [0.5        0.33333334 0.25       0.2        0.16666667 0.14285715
 0.12500001 0.11111111 0.1        0.09090909 0.08333333 0.07692308
 0.07142857 0.06666666 0.0625     0.05882353 0.05555556 0.05263158
 0.05       0.04761905 0.04545454 0.04347826 0.04166667 0.04
 0.03846154]
[2026-03-18 16:15:28,373][two_tower_confounding.experiments.regression_pipeline][INFO] - Training regression model for DM/DR...
[2026-03-18 16:16:08,556][two_tower_confounding.experiments.regression_pipeline][INFO] - Regression epoch 3: train_loss=0.120455 val_loss=0.128256
[2026-03-18 16:16:42,917][two_tower_confounding.experiments.regression_pipeline][INFO] - Regression epoch 6: train_loss=0.119962 val_loss=0.126792
[2026-03-18 16:17:17,345][two_tower_confounding.experiments.regression_pipeline][INFO] - Regression epoch 9: train_loss=0.118299 val_loss=0.129721
[2026-03-18 16:17:24,930][two_tower_confounding.experiments.ips_pipeline][INFO] - Computing DR doc weights...
[2026-03-18 16:17:24,960][two_tower_confounding.experiments.ips_pipeline][INFO] - Doc weights computed in 0.03 seconds
[2026-03-18 16:17:24,969][two_tower_confounding.experiments.model_pipeline][INFO] - Loading trainer (trainer_type='pl-rank', n_samples=100)...
[2026-03-18 16:17:24,971][two_tower_confounding.experiments.model_pipeline][INFO] - Trainer loaded in 0.00 seconds
[2026-03-18 16:17:24,971][two_tower_confounding.experiments.model_pipeline][INFO] - Training model...
[2026-03-18 16:34:52,738][two_tower_confounding.experiments.ips_pipeline][INFO] - Final evaluation results:
{'metrics': {'CTR': 0.7118098735809326,
             'DCG': 1.891074776649475,
             'NCTR': 0.4708874821662903,
             'NDCG': 0.490922212600708,
             'NDCG@25': 0.490922212600708,
             'NRCTR': 0.4708874821662903,
             'RCTR': 0.7118098735809326}}
[2026-03-18 16:34:52,756][submitit][INFO] - Job completed successfully
[2026-03-18 16:34:52,768][submitit][INFO] - Exiting after successful completion
[2026-03-23 16:00:19,817][jax._src.xla_bridge][ERROR] - Jax plugin configuration error: Exception when calling jax_plugins.xla_cuda12.initialize()
Traceback (most recent call last):
  File "/gpfs/home5/sfris1/two-towers-confounding-project/.venv/lib/python3.11/site-packages/jax/_src/xla_bridge.py", line 485, in discover_pjrt_plugins
    plugin_module.initialize()
  File "/gpfs/home5/sfris1/two-towers-confounding-project/.venv/lib/python3.11/site-packages/jax_plugins/xla_cuda12/__init__.py", line 328, in initialize
    _check_cuda_versions(raise_on_first_error=True)
  File "/gpfs/home5/sfris1/two-towers-confounding-project/.venv/lib/python3.11/site-packages/jax_plugins/xla_cuda12/__init__.py", line 285, in _check_cuda_versions
    local_device_count = cuda_versions.cuda_device_count()
                         ^^^^^^^^^^^^^^^^^^^^^^^^^^^^^^^^^
RuntimeError: jaxlib/cuda/versions_helpers.cc:113: operation cuInit(0) failed: CUDA_ERROR_NO_DEVICE
[2026-03-23 16:00:21,014][two_tower_confounding.experiments.ips_pipeline][WARNING] - wandb.init failed (Error uploading run: returned error 403: {"data":{"upsertBucket":null},"errors":[{"message":"permission denied","path":["upsertBucket"],"extensions":{"code":"PERMISSION_ERROR"}}]}). Continuing with local logging only.
[2026-03-23 16:00:21,014][two_tower_confounding.experiments.ips_pipeline][WARNING] - Disabling wandb for trainer components because initialization failed.
[2026-03-23 16:00:21,015][two_tower_confounding.experiments.config_resolver][WARNING] - test_clicks=500000 is ignored because test_set_mode='label_only'. Set test_set_mode='clicks' to enable legacy click-based test behavior.
[2026-03-23 16:00:21,021][two_tower_confounding.experiments.data_pipeline][INFO] - Loading or generating click datasets...
[2026-03-23 16:01:48,750][absl][INFO] - orbax-checkpoint version: 0.11.25
[2026-03-23 16:01:48,751][absl][INFO] - Created BasePyTreeCheckpointHandler: use_ocdbt=True, use_zarr3=False, pytree_metadata_options=PyTreeMetadataOptions(support_rich_types=False), array_metadata_store=<orbax.checkpoint._src.metadata.array_metadata_store.Store object at 0x14dab17dfb50>, enable_pinned_host_transfer=False, save_concurrent_bytes: 96000000000 (89.4 GiB), restore_concurrent_bytes: 96000000000 (89.4 GiB)
[2026-03-23 16:01:48,751][absl][INFO] - [thread=MainThread] Failed to get flag value for EXPERIMENTAL_ORBAX_USE_DISTRIBUTED_PROCESS_ID.
[2026-03-23 16:01:48,751][absl][INFO] - [process=0][thread=MainThread] Using barrier_sync_fn: <function get_barrier_sync_fn.<locals>.<lambda> at 0x14d9eb9c39c0> timeout: 600 secs and primary_host=0 for async checkpoint writes
[2026-03-23 16:01:48,754][absl][INFO] - Restoring checkpoint from /gpfs/home5/sfris1/ltr_datasets/ips_datasets/logging_policy_c5000000_ps1p0_pt0p5_bs1p0_drop0rel0_dqchunk1_fsample1_spct25p0_candfullv2_topx25_maxdocs200_lprdeep_lpsegreedysampler_lppct10p0.
[2026-03-23 16:01:48,777][absl][INFO] - [process=0] /jax/checkpoint/read/gbytes_per_sec: 0 Bytes/s (total gbytes: 21.4 KiB) (time elapsed: 21 milliseconds) (per-host)
[2026-03-23 16:01:48,777][absl][INFO] - Finished restoring checkpoint in 0.03 seconds from /gpfs/home5/sfris1/ltr_datasets/ips_datasets/logging_policy_c5000000_ps1p0_pt0p5_bs1p0_drop0rel0_dqchunk1_fsample1_spct25p0_candfullv2_topx25_maxdocs200_lprdeep_lpsegreedysampler_lppct10p0.
[2026-03-23 16:01:53,793][two_tower_confounding.experiments.data_pipeline][INFO] - Loaded click datasets in 92.77 seconds (train=25000, val=8233, test=0)
[2026-03-23 16:01:53,793][two_tower_confounding.experiments.data_pipeline][INFO] - Test split is label-only by design; no test click dataset was loaded.
[2026-03-23 16:01:53,793][two_tower_confounding.data.runtime.alignment][INFO] - Applying data cutoff override: configured=25, natural=25, effective=25
[2026-03-23 16:01:53,793][two_tower_confounding.data.runtime.alignment][INFO] - Applying data cutoff override: configured=25, natural=25, effective=25
[2026-03-23 16:01:53,925][two_tower_confounding.data.runtime.aggregation][INFO] - Initializing simulator...
[2026-03-23 16:01:53,926][two_tower_confounding.data.runtime.aggregation][INFO] - Aggregating train dataset...
[2026-03-23 16:01:59,376][two_tower_confounding.data.runtime.aggregation][INFO] - Aggregating validation dataset...
[2026-03-23 16:02:02,841][two_tower_confounding.data.runtime.aggregation][INFO] - Aggregating test dataset from labels only...
[2026-03-23 16:02:04,362][two_tower_confounding.data.runtime.aggregation][INFO] - Aggregation done in 10.44 seconds
[2026-03-23 16:02:04,363][two_tower_confounding.data.runtime.aggregation][INFO] - Session usage after aggregation: requested(train=6250,val=2059), actual(train=6250,val=2059,test=0)
[2026-03-23 16:02:04,363][two_tower_confounding.data.runtime.aggregation][INFO] - Dataset persistence disabled; skipping aggregated dataset cache save.
[2026-03-23 16:02:04,363][two_tower_confounding.experiments.ips_pipeline][INFO] - Test split uses label-only evaluation; raw test click diagnostics are skipped.
[2026-03-23 16:02:04,422][two_tower_confounding.experiments.diagnostics][INFO] - [Data] train_docs=2270296, val_docs=747218, test_docs=708921, cutoff=25
[2026-03-23 16:02:04,507][two_tower_confounding.experiments.diagnostics][INFO] - [Train] clicks=456, displays=141969, ctr=0.0032, ctr_per_doc=0.0032
[2026-03-23 16:02:04,578][two_tower_confounding.experiments.diagnostics][INFO] - [Validation] clicks=164, displays=46756, ctr=0.0035, ctr_per_doc=0.0035
[2026-03-23 16:02:04,652][two_tower_confounding.experiments.diagnostics][INFO] - [Test] clicks=0, displays=0, ctr=0.0000, ctr_per_doc=0.0000
[2026-03-23 16:02:04,652][two_tower_confounding.experiments.ips_pipeline][INFO] - Running estimator pipeline with model='dr'
[2026-03-23 16:02:04,652][two_tower_confounding.experiments.ips_pipeline][INFO] - Computing position bias (alpha)...
[2026-03-23 16:02:04,716][two_tower_confounding.experiments.propensity_pipeline][INFO] - Computing propensity per doc (method=true_propensity)...
[2026-03-23 16:02:11,101][two_tower_confounding.experiments.propensity_pipeline][INFO] - Propensity computed in 6.38 seconds
[2026-03-23 16:02:11,101][two_tower_confounding.experiments.propensity_pipeline][INFO] - Alpha logits: [-0.        -0.6931472 -1.0986123 -1.3862944 -1.609438  -1.7917595
 -1.9459101 -2.0794415 -2.1972246 -2.3025851 -2.3978953 -2.4849067
 -2.5649493 -2.6390574 -2.7080503 -2.7725887 -2.8332133 -2.8903718
 -2.944439  -2.9957323 -3.0445225 -3.0910425 -3.1354942 -3.1780539
 -3.218876 ]
[2026-03-23 16:02:11,102][two_tower_confounding.experiments.propensity_pipeline][INFO] - Alpha: [0.5        0.33333334 0.25       0.2        0.16666667 0.14285715
 0.12500001 0.11111111 0.1        0.09090909 0.08333333 0.07692308
 0.07142857 0.06666666 0.0625     0.05882353 0.05555556 0.05263158
 0.05       0.04761905 0.04545454 0.04347826 0.04166667 0.04
 0.03846154]
[2026-03-23 16:02:11,107][two_tower_confounding.experiments.propensity_pipeline][INFO] - Propensity clipping disabled.
[2026-03-23 16:02:11,107][two_tower_confounding.experiments.propensity_pipeline][INFO] - Computing propensity per doc (method=frequency_based)...
[2026-03-23 16:02:15,719][two_tower_confounding.experiments.propensity_pipeline][INFO] - Propensity computed in 4.61 seconds
[2026-03-23 16:02:15,719][two_tower_confounding.experiments.propensity_pipeline][INFO] - Alpha logits: [-0.        -0.6931472 -1.0986123 -1.3862944 -1.609438  -1.7917595
 -1.9459101 -2.0794415 -2.1972246 -2.3025851 -2.3978953 -2.4849067
 -2.5649493 -2.6390574 -2.7080503 -2.7725887 -2.8332133 -2.8903718
 -2.944439  -2.9957323 -3.0445225 -3.0910425 -3.1354942 -3.1780539
 -3.218876 ]
[2026-03-23 16:02:15,720][two_tower_confounding.experiments.propensity_pipeline][INFO] - Alpha: [0.5        0.33333334 0.25       0.2        0.16666667 0.14285715
 0.12500001 0.11111111 0.1        0.09090909 0.08333333 0.07692308
 0.07142857 0.06666666 0.0625     0.05882353 0.05555556 0.05263158
 0.05       0.04761905 0.04545454 0.04347826 0.04166667 0.04
 0.03846154]
[2026-03-23 16:02:17,249][two_tower_confounding.experiments.regression_pipeline][INFO] - Training regression model for DM/DR...
[2026-03-23 16:02:23,758][two_tower_confounding.experiments.regression_pipeline][INFO] - Regression epoch 3: train_loss=0.119647 val_loss=0.126565
[2026-03-23 16:02:29,091][two_tower_confounding.experiments.regression_pipeline][INFO] - Regression epoch 6: train_loss=0.118963 val_loss=0.127076
[2026-03-23 16:02:35,423][two_tower_confounding.experiments.ips_pipeline][INFO] - Computing DR doc weights...
[2026-03-23 16:02:35,453][two_tower_confounding.experiments.ips_pipeline][INFO] - Doc weights computed in 0.03 seconds
[2026-03-23 16:02:35,461][two_tower_confounding.experiments.model_pipeline][INFO] - Loading trainer (trainer_type='pl-rank', n_samples=100)...
[2026-03-23 16:02:35,463][two_tower_confounding.experiments.model_pipeline][INFO] - Trainer loaded in 0.00 seconds
[2026-03-23 16:02:35,463][two_tower_confounding.experiments.model_pipeline][INFO] - Training model...
[2026-03-23 16:18:40,490][two_tower_confounding.experiments.ips_pipeline][INFO] - Final evaluation results:
{'metrics': {'CTR': 0.638536274433136,
             'DCG': 1.7136904001235962,
             'NCTR': 0.42334267497062683,
             'NDCG': 0.44674065709114075,
             'NDCG@25': 0.44674065709114075,
             'NRCTR': 0.42334267497062683,
             'RCTR': 0.638536274433136}}
[2026-03-23 16:18:40,511][submitit][INFO] - Job completed successfully
[2026-03-23 16:18:40,521][submitit][INFO] - Exiting after successful completion
