[2026-06-18 16:52:29,690][feature_based_propensities_for_ULTR.experiments.config_resolver][WARNING] - test_clicks=500000 is ignored because test_set_mode='label_only'. Set test_set_mode='clicks' to enable legacy click-based test behavior.
[2026-06-18 16:52:29,696][feature_based_propensities_for_ULTR.experiments.data_pipeline][INFO] - Loading or generating click datasets...
[2026-06-18 16:53:30,970][absl][INFO] - orbax-checkpoint version: 0.11.40
[2026-06-18 16:53:30,970][absl][INFO] - save_device_host_concurrent_bytes=None
[2026-06-18 16:53:30,970][absl][INFO] - Created BasePyTreeCheckpointHandler: use_ocdbt=True, use_zarr3=False, pytree_metadata_options=PyTreeMetadataOptions(support_rich_types=False), array_metadata_store=<orbax.checkpoint._src.metadata.array_metadata_store.Store object at 0x1539e456c390>, enable_pinned_host_transfer=False, save_concurrent_bytes: 96000000000 (89.4 GiB), restore_concurrent_bytes: 96000000000 (89.4 GiB)
[2026-06-18 16:53:30,971][absl][INFO] - [thread=MainThread] Failed to get flag value for EXPERIMENTAL_ORBAX_USE_DISTRIBUTED_PROCESS_ID.
[2026-06-18 16:53:30,971][absl][INFO] - [process=0][thread=MainThread] Using barrier_sync_fn: <function get_barrier_sync_fn.<locals>.<lambda> at 0x1539326179c0> timeout: 1200 secs and primary_host=0 for async checkpoint writes
[2026-06-18 16:53:30,971][absl][INFO] - [process=0] [sync] Started load checkpoint @ /gpfs/home5/sfris1/ltr_datasets/ips_datasets/logging_policy_c10000_ps1p0_pt0p5_bs1p0_drop0rel0_sessallocv2_candfullv2_topx25_maxdocs200_lprdeep_lpsegreedysampler_lppct10p0.
[2026-06-18 16:53:30,974][absl][INFO] - Restoring checkpoint from /gpfs/home5/sfris1/ltr_datasets/ips_datasets/logging_policy_c10000_ps1p0_pt0p5_bs1p0_drop0rel0_sessallocv2_candfullv2_topx25_maxdocs200_lprdeep_lpsegreedysampler_lppct10p0.
[2026-06-18 16:53:30,974][absl][INFO] - [process=0] [sync] Finished blocking load in 0.00 seconds. Continuing load @ /gpfs/home5/sfris1/ltr_datasets/ips_datasets/logging_policy_c10000_ps1p0_pt0p5_bs1p0_drop0rel0_sessallocv2_candfullv2_topx25_maxdocs200_lprdeep_lpsegreedysampler_lppct10p0.
[2026-06-18 16:53:30,989][absl][INFO] - [process=0] /jax/orbax/read/worker/io/requested throughput: 1.946 MiB/s (total gbytes: 21.4 KiB) (time elapsed: 0.010730266571044922 s) (per-host)
[2026-06-18 16:53:30,991][absl][INFO] - [process=0] /jax/checkpoint/read/gbytes_per_sec: 1.283 MiB/s (total gbytes: 21.4 KiB) (time elapsed: 0.01626873016357422 s) (per-host)
[2026-06-18 16:53:30,991][absl][INFO] - [process=0] [sync] Finished load in 0.02 seconds @ /gpfs/home5/sfris1/ltr_datasets/ips_datasets/logging_policy_c10000_ps1p0_pt0p5_bs1p0_drop0rel0_sessallocv2_candfullv2_topx25_maxdocs200_lprdeep_lpsegreedysampler_lppct10p0
[2026-06-18 16:53:35,076][feature_based_propensities_for_ULTR.experiments.data_pipeline][INFO] - Loaded click datasets in 65.38 seconds (train=7500, val=2500, test=0)
[2026-06-18 16:53:35,076][feature_based_propensities_for_ULTR.experiments.data_pipeline][INFO] - Test split is label-only by design; no test click dataset was loaded.
[2026-06-18 16:53:35,077][feature_based_propensities_for_ULTR.data.runtime.alignment][INFO] - Applying data cutoff override: configured=25, natural=25, effective=25
[2026-06-18 16:53:35,077][feature_based_propensities_for_ULTR.data.runtime.alignment][INFO] - Applying data cutoff override: configured=25, natural=25, effective=25
[2026-06-18 16:53:35,170][feature_based_propensities_for_ULTR.data.runtime.aggregation][INFO] - Initializing simulator...
[2026-06-18 16:53:35,171][feature_based_propensities_for_ULTR.data.runtime.aggregation][INFO] - Aggregating train dataset...
[2026-06-18 16:53:40,300][feature_based_propensities_for_ULTR.data.runtime.aggregation][INFO] - Aggregating validation dataset...
[2026-06-18 16:53:43,241][feature_based_propensities_for_ULTR.data.runtime.aggregation][INFO] - Aggregating test dataset from labels only...
[2026-06-18 16:53:44,092][feature_based_propensities_for_ULTR.data.runtime.aggregation][INFO] - Aggregation done in 8.92 seconds
[2026-06-18 16:53:44,092][feature_based_propensities_for_ULTR.data.runtime.aggregation][INFO] - Session usage after aggregation: requested(train=7500,val=2500), actual(train=7500,val=2500,test=0)
[2026-06-18 16:53:44,092][feature_based_propensities_for_ULTR.data.runtime.aggregation][INFO] - Dataset persistence disabled; skipping aggregated dataset cache save.
[2026-06-18 16:53:44,092][feature_based_propensities_for_ULTR.experiments.ips_pipeline][INFO] - Test split uses label-only evaluation; raw test click diagnostics are skipped.
[2026-06-18 16:53:44,149][feature_based_propensities_for_ULTR.experiments.diagnostics][INFO] - [Data] train_docs=2132810, val_docs=707814, test_docs=708921, cutoff=25
[2026-06-18 16:53:44,248][feature_based_propensities_for_ULTR.experiments.diagnostics][INFO] - [Train] clicks=738, displays=182684, ctr=0.0040, ctr_per_doc=0.0040
[2026-06-18 16:53:44,339][feature_based_propensities_for_ULTR.experiments.diagnostics][INFO] - [Validation] clicks=274, displays=60708, ctr=0.0045, ctr_per_doc=0.0045
[2026-06-18 16:53:44,429][feature_based_propensities_for_ULTR.experiments.diagnostics][INFO] - [Test] clicks=0, displays=0, ctr=0.0000, ctr_per_doc=0.0000
[2026-06-18 16:53:44,429][feature_based_propensities_for_ULTR.experiments.ips_pipeline][INFO] - Running estimator pipeline with model='dr'
[2026-06-18 16:53:44,429][feature_based_propensities_for_ULTR.experiments.ips_pipeline][INFO] - Computing position bias (alpha)...
[2026-06-18 16:53:44,447][ultr_bias_toolkit.bias.intervention_harvesting.all_pairs][INFO] - Position bias estimation using global all pairs estimator
[2026-06-18 16:54:36,151][feature_based_propensities_for_ULTR.experiments.position_bias_pipeline][INFO] - Saved estimated position-bias curve to position_bias.json
[2026-06-18 16:54:36,151][feature_based_propensities_for_ULTR.experiments.ips_pipeline][INFO] - Estimated position bias in-run (estimator=global_all_pairs): [ 0.         -3.0576067  -1.0995238  -3.1972952  -1.0164403  -1.538335
 -6.9077554  -2.9095995  -6.9077554  -3.5796564  -2.4476998  -3.0002453
 -6.9077554  -0.72633475 -1.9370248  -2.375828   -6.9077554  -3.6330922
 -3.3767095  -3.4474382  -3.4326375  -6.9077554  -4.2429886  -6.9077554
 -6.9077554 ]
[2026-06-18 16:54:36,152][feature_based_propensities_for_ULTR.experiments.propensity_pipeline][INFO] - Computing propensity per doc (method=frequency_based)...
[2026-06-18 16:55:03,911][feature_based_propensities_for_ULTR.experiments.propensity_pipeline][INFO] - Propensity computed in 27.76 seconds
[2026-06-18 16:55:03,911][feature_based_propensities_for_ULTR.experiments.propensity_pipeline][INFO] - Alpha logits: [ 0.         -3.0576067  -1.0995238  -3.1972952  -1.0164403  -1.538335
 -6.9077554  -2.9095995  -6.9077554  -3.5796564  -2.4476998  -3.0002453
 -6.9077554  -0.72633475 -1.9370248  -2.375828   -6.9077554  -3.6330922
 -3.3767095  -3.4474382  -3.4326375  -6.9077554  -4.2429886  -6.9077554
 -6.9077554 ]
[2026-06-18 16:55:03,912][feature_based_propensities_for_ULTR.experiments.propensity_pipeline][INFO] - Alpha: [0.5        0.04489021 0.24982914 0.03926763 0.26572138 0.17677745
 0.000999   0.05168106 0.000999   0.02712878 0.07960692 0.04741479
 0.000999   0.32599956 0.12597507 0.08503459 0.000999   0.02575354
 0.03303134 0.03084535 0.03129089 0.000999   0.01416118 0.000999
 0.000999  ]
[2026-06-18 16:55:03,913][feature_based_propensities_for_ULTR.experiments.propensity_pipeline][INFO] - Propensity clipping disabled.
[2026-06-18 16:55:03,913][feature_based_propensities_for_ULTR.experiments.propensity_pipeline][INFO] - Computing propensity per doc (method=frequency_based)...
[2026-06-18 16:55:29,766][feature_based_propensities_for_ULTR.experiments.propensity_pipeline][INFO] - Propensity computed in 25.85 seconds
[2026-06-18 16:55:29,766][feature_based_propensities_for_ULTR.experiments.propensity_pipeline][INFO] - Alpha logits: [ 0.         -3.0576067  -1.0995238  -3.1972952  -1.0164403  -1.538335
 -6.9077554  -2.9095995  -6.9077554  -3.5796564  -2.4476998  -3.0002453
 -6.9077554  -0.72633475 -1.9370248  -2.375828   -6.9077554  -3.6330922
 -3.3767095  -3.4474382  -3.4326375  -6.9077554  -4.2429886  -6.9077554
 -6.9077554 ]
[2026-06-18 16:55:29,767][feature_based_propensities_for_ULTR.experiments.propensity_pipeline][INFO] - Alpha: [0.5        0.04489021 0.24982914 0.03926763 0.26572138 0.17677745
 0.000999   0.05168106 0.000999   0.02712878 0.07960692 0.04741479
 0.000999   0.32599956 0.12597507 0.08503459 0.000999   0.02575354
 0.03303134 0.03084535 0.03129089 0.000999   0.01416118 0.000999
 0.000999  ]
[2026-06-18 16:55:30,943][feature_based_propensities_for_ULTR.experiments.regression_pipeline][INFO] - Training regression model for DM/DR...
[2026-06-18 16:55:38,451][feature_based_propensities_for_ULTR.experiments.regression_pipeline][INFO] - Regression epoch 3: train_loss=0.772385 val_loss=0.681431
[2026-06-18 16:55:44,923][feature_based_propensities_for_ULTR.experiments.regression_pipeline][INFO] - Regression epoch 6: train_loss=0.669149 val_loss=0.666816
[2026-06-18 16:55:51,385][feature_based_propensities_for_ULTR.experiments.regression_pipeline][INFO] - Regression epoch 9: train_loss=0.647148 val_loss=0.721941
[2026-06-18 16:55:57,604][feature_based_propensities_for_ULTR.experiments.ips_pipeline][INFO] - Computing DR doc weights...
[2026-06-18 16:55:57,635][feature_based_propensities_for_ULTR.experiments.ips_pipeline][INFO] - Doc weights computed in 0.03 seconds
[2026-06-18 16:55:57,645][feature_based_propensities_for_ULTR.experiments.model_pipeline][INFO] - Loading trainer (trainer_type='pl-rank', n_samples=100)...
[2026-06-18 16:55:57,648][feature_based_propensities_for_ULTR.experiments.model_pipeline][INFO] - Trainer loaded in 0.00 seconds
[2026-06-18 16:55:57,648][feature_based_propensities_for_ULTR.experiments.model_pipeline][INFO] - Training model...
[2026-06-18 17:20:00,369][feature_based_propensities_for_ULTR.experiments.ips_pipeline][INFO] - Final evaluation results:
{'metrics': {'CTR': 0.36818334460258484,
             'DCG': 1.3728313446044922,
             'NCTR': 0.2888403534889221,
             'NDCG': 0.35655680298805237,
             'NDCG@25': 0.35655680298805237,
             'NRCTR': 0.2888403534889221,
             'RCTR': 0.36818334460258484}}
[2026-06-18 17:20:00,407][submitit][INFO] - Job completed successfully
[2026-06-18 17:20:00,416][submitit][INFO] - Exiting after successful completion
