[2026-05-03 14:54:21,210][two_tower_confounding.experiments.config_resolver][WARNING] - test_clicks=500000 is ignored because test_set_mode='label_only'. Set test_set_mode='clicks' to enable legacy click-based test behavior.
[2026-05-03 14:54:21,216][two_tower_confounding.experiments.data_pipeline][INFO] - Loading or generating click datasets...
[2026-05-03 14:55:53,123][absl][INFO] - orbax-checkpoint version: 0.11.37
[2026-05-03 14:55:53,130][absl][INFO] - save_device_host_concurrent_bytes=None
[2026-05-03 14:55:53,130][absl][INFO] - Created BasePyTreeCheckpointHandler: use_ocdbt=True, use_zarr3=False, pytree_metadata_options=PyTreeMetadataOptions(support_rich_types=False), array_metadata_store=<orbax.checkpoint._src.metadata.array_metadata_store.Store object at 0x14ca72e6f0d0>, enable_pinned_host_transfer=False, save_concurrent_bytes: 96000000000 (89.4 GiB), restore_concurrent_bytes: 96000000000 (89.4 GiB)
[2026-05-03 14:55:53,131][absl][INFO] - [thread=MainThread] Failed to get flag value for EXPERIMENTAL_ORBAX_USE_DISTRIBUTED_PROCESS_ID.
[2026-05-03 14:55:53,131][absl][INFO] - [process=0][thread=MainThread] Using barrier_sync_fn: <function get_barrier_sync_fn.<locals>.<lambda> at 0x14c9ced998a0> timeout: 1200 secs and primary_host=0 for async checkpoint writes
[2026-05-03 14:55:53,131][absl][INFO] - [process=0] [sync] Started load checkpoint @ /gpfs/home5/sfris1/ltr_datasets/ips_datasets/istella_logging_policy_c10000_ps1p0_pt0p5_bs1p0_drop0rel0_sessallocv2_candfullv2_topx25_maxdocs200_lprdeep_lpsegreedysampler_lppct10p0.
[2026-05-03 14:55:53,133][absl][INFO] - Restoring checkpoint from /gpfs/home5/sfris1/ltr_datasets/ips_datasets/istella_logging_policy_c10000_ps1p0_pt0p5_bs1p0_drop0rel0_sessallocv2_candfullv2_topx25_maxdocs200_lprdeep_lpsegreedysampler_lppct10p0.
[2026-05-03 14:55:53,134][absl][INFO] - [process=0] [sync] Finished blocking load in 0.00 seconds. Continuing load @ /gpfs/home5/sfris1/ltr_datasets/ips_datasets/istella_logging_policy_c10000_ps1p0_pt0p5_bs1p0_drop0rel0_sessallocv2_candfullv2_topx25_maxdocs200_lprdeep_lpsegreedysampler_lppct10p0.
[2026-05-03 14:55:53,150][absl][INFO] - [process=0] /jax/orbax/read/worker/io/requested throughput: 2.821 MiB/s (total gbytes: 31.6 KiB) (time elapsed: 0.010948419570922852 s) (per-host)
[2026-05-03 14:55:53,151][absl][INFO] - [process=0] /jax/checkpoint/read/gbytes_per_sec: 1.870 MiB/s (total gbytes: 31.6 KiB) (time elapsed: 0.01651906967163086 s) (per-host)
[2026-05-03 14:55:53,151][absl][INFO] - [process=0] [sync] Finished load in 0.02 seconds @ /gpfs/home5/sfris1/ltr_datasets/ips_datasets/istella_logging_policy_c10000_ps1p0_pt0p5_bs1p0_drop0rel0_sessallocv2_candfullv2_topx25_maxdocs200_lprdeep_lpsegreedysampler_lppct10p0
[2026-05-03 14:55:58,331][two_tower_confounding.experiments.data_pipeline][INFO] - Loaded click datasets in 97.11 seconds (train=7274, val=2726, test=0)
[2026-05-03 14:55:58,331][two_tower_confounding.experiments.data_pipeline][INFO] - Test split is label-only by design; no test click dataset was loaded.
[2026-05-03 14:55:58,331][two_tower_confounding.data.runtime.alignment][INFO] - Applying data cutoff override: configured=25, natural=25, effective=25
[2026-05-03 14:55:58,331][two_tower_confounding.data.runtime.alignment][INFO] - Applying data cutoff override: configured=25, natural=25, effective=25
[2026-05-03 14:55:58,422][two_tower_confounding.data.runtime.aggregation][INFO] - Initializing simulator...
[2026-05-03 14:55:58,423][two_tower_confounding.data.runtime.aggregation][INFO] - Aggregating train dataset...
[2026-05-03 14:56:04,656][two_tower_confounding.data.runtime.aggregation][INFO] - Aggregating validation dataset...
[2026-05-03 14:56:08,021][two_tower_confounding.data.runtime.aggregation][INFO] - Aggregating test dataset from labels only...
[2026-05-03 14:56:09,430][two_tower_confounding.data.runtime.aggregation][INFO] - Aggregation done in 11.01 seconds
[2026-05-03 14:56:09,431][two_tower_confounding.data.runtime.aggregation][INFO] - Session usage after aggregation: requested(train=7274,val=2726), actual(train=7274,val=2726,test=0)
[2026-05-03 14:56:09,431][two_tower_confounding.data.runtime.aggregation][INFO] - Dataset persistence disabled; skipping aggregated dataset cache save.
[2026-05-03 14:56:09,431][two_tower_confounding.experiments.ips_pipeline][INFO] - Test split uses label-only evaluation; raw test click diagnostics are skipped.
[2026-05-03 14:56:09,481][two_tower_confounding.experiments.diagnostics][INFO] - [Data] train_docs=2043304, val_docs=684076, test_docs=681250, cutoff=25
[2026-05-03 14:56:09,575][two_tower_confounding.experiments.diagnostics][INFO] - [Train] clicks=1510, displays=180914, ctr=0.0083, ctr_per_doc=0.0083
[2026-05-03 14:56:09,664][two_tower_confounding.experiments.diagnostics][INFO] - [Validation] clicks=579, displays=67686, ctr=0.0086, ctr_per_doc=0.0086
[2026-05-03 14:56:09,750][two_tower_confounding.experiments.diagnostics][INFO] - [Test] clicks=0, displays=0, ctr=0.0000, ctr_per_doc=0.0000
[2026-05-03 14:56:09,751][two_tower_confounding.experiments.ips_pipeline][INFO] - Running estimator pipeline with model='ips'
[2026-05-03 14:56:09,751][two_tower_confounding.experiments.ips_pipeline][INFO] - Computing position bias (alpha)...
[2026-05-03 14:56:09,757][two_tower_confounding.experiments.ips_pipeline][INFO] - Loaded CSV position bias from /gpfs/home5/sfris1/Doubly-Robust-Optimization-With-Two-Tower-Models/results/position_bias_csv_smoke.csv (method=pivot_one): [ 0.        -0.6931472  0.         0.6931472 -6.9077554 -6.9077554
 -6.9077554 -6.9077554 -6.9077554 -6.9077554 -6.9077554 -6.9077554
 -6.9077554 -6.9077554 -6.9077554 -6.9077554 -6.9077554 -6.9077554
 -6.9077554 -6.9077554 -6.9077554 -6.9077554 -6.9077554 -6.9077554
 -6.9077554]
[2026-05-03 14:56:09,758][two_tower_confounding.experiments.propensity_pipeline][INFO] - Computing propensity per doc (method=propensity_mlp_regression)...
[2026-05-03 14:56:59,962][two_tower_confounding.experiments.propensity_pipeline][INFO] - Propensity computed in 50.20 seconds
[2026-05-03 14:56:59,963][two_tower_confounding.experiments.propensity_pipeline][INFO] - Alpha logits: [ 0.     -0.6931  0.      0.6931 -6.9078 -6.9078 -6.9078 -6.9078 -6.9078
 -6.9078 -6.9078 -6.9078 -6.9078 -6.9078 -6.9078 -6.9078 -6.9078 -6.9078
 -6.9078 -6.9078 -6.9078 -6.9078 -6.9078 -6.9078 -6.9078]
[2026-05-03 14:56:59,964][two_tower_confounding.experiments.propensity_pipeline][INFO] - Alpha: [0.5    0.3333 0.5    0.6667 0.001  0.001  0.001  0.001  0.001  0.001
 0.001  0.001  0.001  0.001  0.001  0.001  0.001  0.001  0.001  0.001
 0.001  0.001  0.001  0.001  0.001 ]
[2026-05-03 14:56:59,964][two_tower_confounding.experiments.propensity_pipeline][INFO] - Propensity clipping disabled.
[2026-05-03 14:56:59,964][two_tower_confounding.experiments.ips_pipeline][INFO] - Computing IPS doc weights...
[2026-05-03 14:57:00,438][two_tower_confounding.experiments.ips_pipeline][INFO] - Doc weights computed in 0.47 seconds
[2026-05-03 14:57:00,449][two_tower_confounding.experiments.model_pipeline][INFO] - Loading trainer (trainer_type='pl-rank', n_samples=100)...
[2026-05-03 14:57:00,451][two_tower_confounding.experiments.model_pipeline][INFO] - Trainer loaded in 0.00 seconds
[2026-05-03 14:57:00,451][two_tower_confounding.experiments.model_pipeline][INFO] - Training model...
[2026-05-03 15:00:44,930][two_tower_confounding.experiments.ips_pipeline][INFO] - Final evaluation results:
{'metrics': {'CTR': 0.8308343291282654,
             'DCG': 2.2280919551849365,
             'NCTR': 0.4709932506084442,
             'NDCG': 0.6461914777755737,
             'NDCG@25': 0.6461914777755737,
             'NRCTR': 0.4709932506084442,
             'RCTR': 0.8308343291282654}}
[2026-05-03 15:00:44,958][submitit][INFO] - Job completed successfully
[2026-05-03 15:00:44,968][submitit][INFO] - Exiting after successful completion
