[2026-06-18 15:29:36,103][feature_based_propensities_for_ULTR.experiments.config_resolver][WARNING] - test_clicks=500000 is ignored because test_set_mode='label_only'. Set test_set_mode='clicks' to enable legacy click-based test behavior.
[2026-06-18 15:29:36,108][feature_based_propensities_for_ULTR.experiments.data_pipeline][INFO] - Loading or generating click datasets...
[2026-06-18 15:30:36,260][absl][INFO] - orbax-checkpoint version: 0.11.40
[2026-06-18 15:30:36,261][absl][INFO] - save_device_host_concurrent_bytes=None
[2026-06-18 15:30:36,261][absl][INFO] - Created BasePyTreeCheckpointHandler: use_ocdbt=True, use_zarr3=False, pytree_metadata_options=PyTreeMetadataOptions(support_rich_types=False), array_metadata_store=<orbax.checkpoint._src.metadata.array_metadata_store.Store object at 0x14c8c50adcd0>, enable_pinned_host_transfer=False, save_concurrent_bytes: 96000000000 (89.4 GiB), restore_concurrent_bytes: 96000000000 (89.4 GiB)
[2026-06-18 15:30:36,261][absl][INFO] - [thread=MainThread] Failed to get flag value for EXPERIMENTAL_ORBAX_USE_DISTRIBUTED_PROCESS_ID.
[2026-06-18 15:30:36,261][absl][INFO] - [process=0][thread=MainThread] Using barrier_sync_fn: <function get_barrier_sync_fn.<locals>.<lambda> at 0x14c83124f9c0> timeout: 1200 secs and primary_host=0 for async checkpoint writes
[2026-06-18 15:30:36,262][absl][INFO] - [process=0] [sync] Started load checkpoint @ /gpfs/home5/sfris1/ltr_datasets/ips_datasets/logging_policy_c10000_ps1p0_pt0p5_bs1p0_drop0rel0_sessallocv2_candfullv2_topx25_maxdocs200_lprdeep_lpsegreedysampler_lppct10p0.
[2026-06-18 15:30:36,264][absl][INFO] - Restoring checkpoint from /gpfs/home5/sfris1/ltr_datasets/ips_datasets/logging_policy_c10000_ps1p0_pt0p5_bs1p0_drop0rel0_sessallocv2_candfullv2_topx25_maxdocs200_lprdeep_lpsegreedysampler_lppct10p0.
[2026-06-18 15:30:36,264][absl][INFO] - [process=0] [sync] Finished blocking load in 0.00 seconds. Continuing load @ /gpfs/home5/sfris1/ltr_datasets/ips_datasets/logging_policy_c10000_ps1p0_pt0p5_bs1p0_drop0rel0_sessallocv2_candfullv2_topx25_maxdocs200_lprdeep_lpsegreedysampler_lppct10p0.
[2026-06-18 15:30:36,280][absl][INFO] - [process=0] /jax/orbax/read/worker/io/requested throughput: 1.935 MiB/s (total gbytes: 21.4 KiB) (time elapsed: 0.0107879638671875 s) (per-host)
[2026-06-18 15:30:36,281][absl][INFO] - [process=0] /jax/checkpoint/read/gbytes_per_sec: 1.291 MiB/s (total gbytes: 21.4 KiB) (time elapsed: 0.016170501708984375 s) (per-host)
[2026-06-18 15:30:36,281][absl][INFO] - [process=0] [sync] Finished load in 0.02 seconds @ /gpfs/home5/sfris1/ltr_datasets/ips_datasets/logging_policy_c10000_ps1p0_pt0p5_bs1p0_drop0rel0_sessallocv2_candfullv2_topx25_maxdocs200_lprdeep_lpsegreedysampler_lppct10p0
[2026-06-18 15:30:40,473][feature_based_propensities_for_ULTR.experiments.data_pipeline][INFO] - Loaded click datasets in 64.37 seconds (train=7500, val=2500, test=0)
[2026-06-18 15:30:40,473][feature_based_propensities_for_ULTR.experiments.data_pipeline][INFO] - Test split is label-only by design; no test click dataset was loaded.
[2026-06-18 15:30:40,474][feature_based_propensities_for_ULTR.data.runtime.alignment][INFO] - Applying data cutoff override: configured=25, natural=25, effective=25
[2026-06-18 15:30:40,474][feature_based_propensities_for_ULTR.data.runtime.alignment][INFO] - Applying data cutoff override: configured=25, natural=25, effective=25
[2026-06-18 15:30:40,565][feature_based_propensities_for_ULTR.data.runtime.aggregation][INFO] - Initializing simulator...
[2026-06-18 15:30:40,566][feature_based_propensities_for_ULTR.data.runtime.aggregation][INFO] - Aggregating train dataset...
[2026-06-18 15:30:45,675][feature_based_propensities_for_ULTR.data.runtime.aggregation][INFO] - Aggregating validation dataset...
[2026-06-18 15:30:48,650][feature_based_propensities_for_ULTR.data.runtime.aggregation][INFO] - Aggregating test dataset from labels only...
[2026-06-18 15:30:49,495][feature_based_propensities_for_ULTR.data.runtime.aggregation][INFO] - Aggregation done in 8.93 seconds
[2026-06-18 15:30:49,496][feature_based_propensities_for_ULTR.data.runtime.aggregation][INFO] - Session usage after aggregation: requested(train=7500,val=2500), actual(train=7500,val=2500,test=0)
[2026-06-18 15:30:49,496][feature_based_propensities_for_ULTR.data.runtime.aggregation][INFO] - Dataset persistence disabled; skipping aggregated dataset cache save.
[2026-06-18 15:30:49,496][feature_based_propensities_for_ULTR.experiments.ips_pipeline][INFO] - Test split uses label-only evaluation; raw test click diagnostics are skipped.
[2026-06-18 15:30:49,547][feature_based_propensities_for_ULTR.experiments.diagnostics][INFO] - [Data] train_docs=2132810, val_docs=707814, test_docs=708921, cutoff=25
[2026-06-18 15:30:49,645][feature_based_propensities_for_ULTR.experiments.diagnostics][INFO] - [Train] clicks=818, displays=182020, ctr=0.0045, ctr_per_doc=0.0045
[2026-06-18 15:30:49,733][feature_based_propensities_for_ULTR.experiments.diagnostics][INFO] - [Validation] clicks=255, displays=60865, ctr=0.0042, ctr_per_doc=0.0042
[2026-06-18 15:30:49,820][feature_based_propensities_for_ULTR.experiments.diagnostics][INFO] - [Test] clicks=0, displays=0, ctr=0.0000, ctr_per_doc=0.0000
[2026-06-18 15:30:49,820][feature_based_propensities_for_ULTR.experiments.ips_pipeline][INFO] - Running estimator pipeline with model='dm'
[2026-06-18 15:30:49,820][feature_based_propensities_for_ULTR.experiments.ips_pipeline][INFO] - Computing position bias (alpha)...
[2026-06-18 15:30:49,838][ultr_bias_toolkit.bias.intervention_harvesting.all_pairs][INFO] - Position bias estimation using global all pairs estimator
[2026-06-18 15:31:39,027][feature_based_propensities_for_ULTR.experiments.position_bias_pipeline][INFO] - Saved estimated position-bias curve to position_bias.json
[2026-06-18 15:31:39,027][feature_based_propensities_for_ULTR.experiments.ips_pipeline][INFO] - Estimated position bias in-run (estimator=global_all_pairs): [ 0.        -1.2262787 -2.0762393 -3.5227692 -1.396309  -1.7829273
 -1.5000592 -3.3331814 -3.8747435 -3.2420075 -2.2834616 -6.9077554
 -6.9077554 -1.387629  -1.8023188 -1.9342504 -4.705662  -2.7765543
 -3.8987372 -5.6505733 -3.4750168 -1.9455965 -6.9077554 -6.9077554
 -6.9077554]
[2026-06-18 15:31:39,028][feature_based_propensities_for_ULTR.experiments.propensity_pipeline][INFO] - Computing propensity per doc (method=propensity_mlp_regression)...
[2026-06-18 15:32:19,581][feature_based_propensities_for_ULTR.experiments.propensity_pipeline][INFO] - Propensity computed in 40.55 seconds
[2026-06-18 15:32:19,582][feature_based_propensities_for_ULTR.experiments.propensity_pipeline][INFO] - Alpha logits: [ 0.     -1.2263 -2.0762 -3.5228 -1.3963 -1.7829 -1.5001 -3.3332 -3.8747
 -3.242  -2.2835 -6.9078 -6.9078 -1.3876 -1.8023 -1.9343 -4.7057 -2.7766
 -3.8987 -5.6506 -3.475  -1.9456 -6.9078 -6.9078 -6.9078]
[2026-06-18 15:32:19,583][feature_based_propensities_for_ULTR.experiments.propensity_pipeline][INFO] - Alpha: [0.5    0.2268 0.1114 0.0287 0.1984 0.1439 0.1824 0.0345 0.0203 0.0376
 0.0925 0.001  0.001  0.1998 0.1416 0.1263 0.009  0.0586 0.0199 0.0035
 0.03   0.125  0.001  0.001  0.001 ]
[2026-06-18 15:32:19,584][feature_based_propensities_for_ULTR.experiments.propensity_pipeline][INFO] - Propensity clipping disabled.
[2026-06-18 15:32:20,882][feature_based_propensities_for_ULTR.experiments.regression_pipeline][INFO] - Training regression model for DM/DR...
[2026-06-18 15:32:48,494][feature_based_propensities_for_ULTR.experiments.regression_pipeline][INFO] - Regression epoch 3: train_loss=0.115140 val_loss=0.114922
[2026-06-18 15:33:14,925][feature_based_propensities_for_ULTR.experiments.regression_pipeline][INFO] - Regression epoch 6: train_loss=0.109923 val_loss=0.100644
[2026-06-18 15:33:41,294][feature_based_propensities_for_ULTR.experiments.regression_pipeline][INFO] - Regression epoch 9: train_loss=0.109630 val_loss=0.100894
[2026-06-18 15:33:47,421][feature_based_propensities_for_ULTR.experiments.ips_pipeline][INFO] - Computing DM doc weights...
[2026-06-18 15:33:47,421][feature_based_propensities_for_ULTR.experiments.ips_pipeline][INFO] - Doc weights computed in 0.00 seconds
[2026-06-18 15:33:47,431][feature_based_propensities_for_ULTR.experiments.model_pipeline][INFO] - Loading trainer (trainer_type='pl-rank', n_samples=100)...
[2026-06-18 15:33:47,434][feature_based_propensities_for_ULTR.experiments.model_pipeline][INFO] - Trainer loaded in 0.00 seconds
[2026-06-18 15:33:47,434][feature_based_propensities_for_ULTR.experiments.model_pipeline][INFO] - Training model...
[2026-06-18 16:05:34,868][feature_based_propensities_for_ULTR.experiments.ips_pipeline][INFO] - Final evaluation results:
{'metrics': {'CTR': 0.5586803555488586,
             'DCG': 1.8427841663360596,
             'NCTR': 0.4330355226993561,
             'NDCG': 0.4817589223384857,
             'NDCG@25': 0.4817589223384857,
             'NRCTR': 0.4330355226993561,
             'RCTR': 0.5586803555488586}}
[2026-06-18 16:05:34,906][submitit][INFO] - Job completed successfully
[2026-06-18 16:05:34,915][submitit][INFO] - Exiting after successful completion
