[2026-06-18 16:53:06,881][feature_based_propensities_for_ULTR.experiments.config_resolver][WARNING] - test_clicks=500000 is ignored because test_set_mode='label_only'. Set test_set_mode='clicks' to enable legacy click-based test behavior.
[2026-06-18 16:53:06,887][feature_based_propensities_for_ULTR.experiments.data_pipeline][INFO] - Loading or generating click datasets...
[2026-06-18 16:54:07,108][absl][INFO] - orbax-checkpoint version: 0.11.40
[2026-06-18 16:54:07,109][absl][INFO] - save_device_host_concurrent_bytes=None
[2026-06-18 16:54:07,109][absl][INFO] - Created BasePyTreeCheckpointHandler: use_ocdbt=True, use_zarr3=False, pytree_metadata_options=PyTreeMetadataOptions(support_rich_types=False), array_metadata_store=<orbax.checkpoint._src.metadata.array_metadata_store.Store object at 0x14e9ff075850>, enable_pinned_host_transfer=False, save_concurrent_bytes: 96000000000 (89.4 GiB), restore_concurrent_bytes: 96000000000 (89.4 GiB)
[2026-06-18 16:54:07,109][absl][INFO] - [thread=MainThread] Failed to get flag value for EXPERIMENTAL_ORBAX_USE_DISTRIBUTED_PROCESS_ID.
[2026-06-18 16:54:07,109][absl][INFO] - [process=0][thread=MainThread] Using barrier_sync_fn: <function get_barrier_sync_fn.<locals>.<lambda> at 0x14e94c0a39c0> timeout: 1200 secs and primary_host=0 for async checkpoint writes
[2026-06-18 16:54:07,109][absl][INFO] - [process=0] [sync] Started load checkpoint @ /gpfs/home5/sfris1/ltr_datasets/ips_datasets/logging_policy_c10000_ps1p0_pt0p5_bs1p0_drop0rel0_sessallocv2_candfullv2_topx25_maxdocs200_lprdeep_lpsegreedysampler_lppct10p0.
[2026-06-18 16:54:07,112][absl][INFO] - Restoring checkpoint from /gpfs/home5/sfris1/ltr_datasets/ips_datasets/logging_policy_c10000_ps1p0_pt0p5_bs1p0_drop0rel0_sessallocv2_candfullv2_topx25_maxdocs200_lprdeep_lpsegreedysampler_lppct10p0.
[2026-06-18 16:54:07,112][absl][INFO] - [process=0] [sync] Finished blocking load in 0.00 seconds. Continuing load @ /gpfs/home5/sfris1/ltr_datasets/ips_datasets/logging_policy_c10000_ps1p0_pt0p5_bs1p0_drop0rel0_sessallocv2_candfullv2_topx25_maxdocs200_lprdeep_lpsegreedysampler_lppct10p0.
[2026-06-18 16:54:07,129][absl][INFO] - [process=0] /jax/orbax/read/worker/io/requested throughput: 1.799 MiB/s (total gbytes: 21.4 KiB) (time elapsed: 0.011603832244873047 s) (per-host)
[2026-06-18 16:54:07,130][absl][INFO] - [process=0] /jax/checkpoint/read/gbytes_per_sec: 1.219 MiB/s (total gbytes: 21.4 KiB) (time elapsed: 0.017122507095336914 s) (per-host)
[2026-06-18 16:54:07,130][absl][INFO] - [process=0] [sync] Finished load in 0.02 seconds @ /gpfs/home5/sfris1/ltr_datasets/ips_datasets/logging_policy_c10000_ps1p0_pt0p5_bs1p0_drop0rel0_sessallocv2_candfullv2_topx25_maxdocs200_lprdeep_lpsegreedysampler_lppct10p0
[2026-06-18 16:54:11,203][feature_based_propensities_for_ULTR.experiments.data_pipeline][INFO] - Loaded click datasets in 64.32 seconds (train=7500, val=2500, test=0)
[2026-06-18 16:54:11,203][feature_based_propensities_for_ULTR.experiments.data_pipeline][INFO] - Test split is label-only by design; no test click dataset was loaded.
[2026-06-18 16:54:11,203][feature_based_propensities_for_ULTR.data.runtime.alignment][INFO] - Applying data cutoff override: configured=25, natural=25, effective=25
[2026-06-18 16:54:11,203][feature_based_propensities_for_ULTR.data.runtime.alignment][INFO] - Applying data cutoff override: configured=25, natural=25, effective=25
[2026-06-18 16:54:11,296][feature_based_propensities_for_ULTR.data.runtime.aggregation][INFO] - Initializing simulator...
[2026-06-18 16:54:11,297][feature_based_propensities_for_ULTR.data.runtime.aggregation][INFO] - Aggregating train dataset...
[2026-06-18 16:54:16,454][feature_based_propensities_for_ULTR.data.runtime.aggregation][INFO] - Aggregating validation dataset...
[2026-06-18 16:54:19,442][feature_based_propensities_for_ULTR.data.runtime.aggregation][INFO] - Aggregating test dataset from labels only...
[2026-06-18 16:54:20,282][feature_based_propensities_for_ULTR.data.runtime.aggregation][INFO] - Aggregation done in 8.99 seconds
[2026-06-18 16:54:20,282][feature_based_propensities_for_ULTR.data.runtime.aggregation][INFO] - Session usage after aggregation: requested(train=7500,val=2500), actual(train=7500,val=2500,test=0)
[2026-06-18 16:54:20,282][feature_based_propensities_for_ULTR.data.runtime.aggregation][INFO] - Dataset persistence disabled; skipping aggregated dataset cache save.
[2026-06-18 16:54:20,282][feature_based_propensities_for_ULTR.experiments.ips_pipeline][INFO] - Test split uses label-only evaluation; raw test click diagnostics are skipped.
[2026-06-18 16:54:20,335][feature_based_propensities_for_ULTR.experiments.diagnostics][INFO] - [Data] train_docs=2132810, val_docs=707814, test_docs=708921, cutoff=25
[2026-06-18 16:54:20,437][feature_based_propensities_for_ULTR.experiments.diagnostics][INFO] - [Train] clicks=841, displays=182287, ctr=0.0046, ctr_per_doc=0.0046
[2026-06-18 16:54:20,528][feature_based_propensities_for_ULTR.experiments.diagnostics][INFO] - [Validation] clicks=256, displays=61112, ctr=0.0042, ctr_per_doc=0.0042
[2026-06-18 16:54:20,617][feature_based_propensities_for_ULTR.experiments.diagnostics][INFO] - [Test] clicks=0, displays=0, ctr=0.0000, ctr_per_doc=0.0000
[2026-06-18 16:54:20,617][feature_based_propensities_for_ULTR.experiments.ips_pipeline][INFO] - Running estimator pipeline with model='dm'
[2026-06-18 16:54:20,617][feature_based_propensities_for_ULTR.experiments.ips_pipeline][INFO] - Computing position bias (alpha)...
[2026-06-18 16:54:20,635][ultr_bias_toolkit.bias.intervention_harvesting.all_pairs][INFO] - Position bias estimation using global all pairs estimator
[2026-06-18 16:55:09,765][feature_based_propensities_for_ULTR.experiments.position_bias_pipeline][INFO] - Saved estimated position-bias curve to position_bias.json
[2026-06-18 16:55:09,765][feature_based_propensities_for_ULTR.experiments.ips_pipeline][INFO] - Estimated position bias in-run (estimator=global_all_pairs): [ 0.         -0.4752728  -1.679022   -0.42539182 -2.2307777  -2.1961246
 -2.431501    0.09235954 -6.9077554  -1.0627189  -1.4013995   0.17948417
 -0.10948128 -2.0165339  -1.017447   -1.079603   -4.654559   -5.6045017
 -4.640468   -1.9579862  -2.3648322  -6.121437   -5.8564854   0.38944504
 -6.5355177 ]
[2026-06-18 16:55:09,767][feature_based_propensities_for_ULTR.experiments.propensity_pipeline][INFO] - Computing propensity per doc (method=frequency_based)...
[2026-06-18 16:55:37,728][feature_based_propensities_for_ULTR.experiments.propensity_pipeline][INFO] - Propensity computed in 27.96 seconds
[2026-06-18 16:55:37,728][feature_based_propensities_for_ULTR.experiments.propensity_pipeline][INFO] - Alpha logits: [ 0.         -0.4752728  -1.679022   -0.42539182 -2.2307777  -2.1961246
 -2.431501    0.09235954 -6.9077554  -1.0627189  -1.4013995   0.17948417
 -0.10948128 -2.0165339  -1.017447   -1.079603   -4.654559   -5.6045017
 -4.640468   -1.9579862  -2.3648322  -6.121437   -5.8564854   0.38944504
 -6.5355177 ]
[2026-06-18 16:55:37,729][feature_based_propensities_for_ULTR.experiments.propensity_pipeline][INFO] - Alpha: [0.5        0.383369   0.15722501 0.39522725 0.09702049 0.10009906
 0.08080191 0.5230735  0.000999   0.25679022 0.19759412 0.544751
 0.472657   0.11747789 0.26552498 0.25358117 0.00942837 0.00366775
 0.00956089 0.12368515 0.08589403 0.00219049 0.00285312 0.5961491
 0.00144888]
[2026-06-18 16:55:37,730][feature_based_propensities_for_ULTR.experiments.propensity_pipeline][INFO] - Propensity clipping disabled.
[2026-06-18 16:55:38,906][feature_based_propensities_for_ULTR.experiments.regression_pipeline][INFO] - Training regression model for DM/DR...
[2026-06-18 16:55:46,532][feature_based_propensities_for_ULTR.experiments.regression_pipeline][INFO] - Regression epoch 3: train_loss=0.498971 val_loss=0.600459
[2026-06-18 16:55:53,104][feature_based_propensities_for_ULTR.experiments.regression_pipeline][INFO] - Regression epoch 6: train_loss=0.522218 val_loss=0.584910
[2026-06-18 16:55:59,660][feature_based_propensities_for_ULTR.experiments.regression_pipeline][INFO] - Regression epoch 9: train_loss=0.506635 val_loss=0.561149
[2026-06-18 16:56:06,236][feature_based_propensities_for_ULTR.experiments.regression_pipeline][INFO] - Regression epoch 12: train_loss=0.497563 val_loss=0.692643
[2026-06-18 16:56:12,415][feature_based_propensities_for_ULTR.experiments.ips_pipeline][INFO] - Computing DM doc weights...
[2026-06-18 16:56:12,415][feature_based_propensities_for_ULTR.experiments.ips_pipeline][INFO] - Doc weights computed in 0.00 seconds
[2026-06-18 16:56:12,425][feature_based_propensities_for_ULTR.experiments.model_pipeline][INFO] - Loading trainer (trainer_type='pl-rank', n_samples=100)...
[2026-06-18 16:56:12,428][feature_based_propensities_for_ULTR.experiments.model_pipeline][INFO] - Trainer loaded in 0.00 seconds
[2026-06-18 16:56:12,428][feature_based_propensities_for_ULTR.experiments.model_pipeline][INFO] - Training model...
[2026-06-18 17:29:05,862][feature_based_propensities_for_ULTR.experiments.ips_pipeline][INFO] - Final evaluation results:
{'metrics': {'CTR': 0.7574469447135925,
             'DCG': 1.188814640045166,
             'NCTR': 0.27578505873680115,
             'NDCG': 0.30867844820022583,
             'NDCG@25': 0.30867844820022583,
             'NRCTR': 0.27578505873680115,
             'RCTR': 0.7574469447135925}}
[2026-06-18 17:29:05,891][submitit][INFO] - Job completed successfully
[2026-06-18 17:29:05,907][submitit][INFO] - Exiting after successful completion
