[2026-06-18 16:53:02,616][feature_based_propensities_for_ULTR.experiments.config_resolver][WARNING] - test_clicks=500000 is ignored because test_set_mode='label_only'. Set test_set_mode='clicks' to enable legacy click-based test behavior.
[2026-06-18 16:53:02,621][feature_based_propensities_for_ULTR.experiments.data_pipeline][INFO] - Loading or generating click datasets...
[2026-06-18 16:54:04,035][absl][INFO] - orbax-checkpoint version: 0.11.40
[2026-06-18 16:54:04,035][absl][INFO] - save_device_host_concurrent_bytes=None
[2026-06-18 16:54:04,035][absl][INFO] - Created BasePyTreeCheckpointHandler: use_ocdbt=True, use_zarr3=False, pytree_metadata_options=PyTreeMetadataOptions(support_rich_types=False), array_metadata_store=<orbax.checkpoint._src.metadata.array_metadata_store.Store object at 0x145c47e1c7d0>, enable_pinned_host_transfer=False, save_concurrent_bytes: 96000000000 (89.4 GiB), restore_concurrent_bytes: 96000000000 (89.4 GiB)
[2026-06-18 16:54:04,036][absl][INFO] - [thread=MainThread] Failed to get flag value for EXPERIMENTAL_ORBAX_USE_DISTRIBUTED_PROCESS_ID.
[2026-06-18 16:54:04,036][absl][INFO] - [process=0][thread=MainThread] Using barrier_sync_fn: <function get_barrier_sync_fn.<locals>.<lambda> at 0x145b9d61f9c0> timeout: 1200 secs and primary_host=0 for async checkpoint writes
[2026-06-18 16:54:04,036][absl][INFO] - [process=0] [sync] Started load checkpoint @ /gpfs/home5/sfris1/ltr_datasets/ips_datasets/logging_policy_c10000_ps1p0_pt0p5_bs1p0_drop0rel0_sessallocv2_candfullv2_topx25_maxdocs200_lprdeep_lpsegreedysampler_lppct10p0.
[2026-06-18 16:54:04,039][absl][INFO] - Restoring checkpoint from /gpfs/home5/sfris1/ltr_datasets/ips_datasets/logging_policy_c10000_ps1p0_pt0p5_bs1p0_drop0rel0_sessallocv2_candfullv2_topx25_maxdocs200_lprdeep_lpsegreedysampler_lppct10p0.
[2026-06-18 16:54:04,039][absl][INFO] - [process=0] [sync] Finished blocking load in 0.00 seconds. Continuing load @ /gpfs/home5/sfris1/ltr_datasets/ips_datasets/logging_policy_c10000_ps1p0_pt0p5_bs1p0_drop0rel0_sessallocv2_candfullv2_topx25_maxdocs200_lprdeep_lpsegreedysampler_lppct10p0.
[2026-06-18 16:54:04,057][absl][INFO] - [process=0] /jax/orbax/read/worker/io/requested throughput: 1.693 MiB/s (total gbytes: 21.4 KiB) (time elapsed: 0.01233053207397461 s) (per-host)
[2026-06-18 16:54:04,059][absl][INFO] - [process=0] /jax/checkpoint/read/gbytes_per_sec: 1.112 MiB/s (total gbytes: 21.4 KiB) (time elapsed: 0.018770694732666016 s) (per-host)
[2026-06-18 16:54:04,059][absl][INFO] - [process=0] [sync] Finished load in 0.02 seconds @ /gpfs/home5/sfris1/ltr_datasets/ips_datasets/logging_policy_c10000_ps1p0_pt0p5_bs1p0_drop0rel0_sessallocv2_candfullv2_topx25_maxdocs200_lprdeep_lpsegreedysampler_lppct10p0
[2026-06-18 16:54:08,304][feature_based_propensities_for_ULTR.experiments.data_pipeline][INFO] - Loaded click datasets in 65.68 seconds (train=7500, val=2500, test=0)
[2026-06-18 16:54:08,304][feature_based_propensities_for_ULTR.experiments.data_pipeline][INFO] - Test split is label-only by design; no test click dataset was loaded.
[2026-06-18 16:54:08,304][feature_based_propensities_for_ULTR.data.runtime.alignment][INFO] - Applying data cutoff override: configured=25, natural=25, effective=25
[2026-06-18 16:54:08,304][feature_based_propensities_for_ULTR.data.runtime.alignment][INFO] - Applying data cutoff override: configured=25, natural=25, effective=25
[2026-06-18 16:54:08,394][feature_based_propensities_for_ULTR.data.runtime.aggregation][INFO] - Initializing simulator...
[2026-06-18 16:54:08,395][feature_based_propensities_for_ULTR.data.runtime.aggregation][INFO] - Aggregating train dataset...
[2026-06-18 16:54:13,487][feature_based_propensities_for_ULTR.data.runtime.aggregation][INFO] - Aggregating validation dataset...
[2026-06-18 16:54:16,358][feature_based_propensities_for_ULTR.data.runtime.aggregation][INFO] - Aggregating test dataset from labels only...
[2026-06-18 16:54:17,173][feature_based_propensities_for_ULTR.data.runtime.aggregation][INFO] - Aggregation done in 8.78 seconds
[2026-06-18 16:54:17,173][feature_based_propensities_for_ULTR.data.runtime.aggregation][INFO] - Session usage after aggregation: requested(train=7500,val=2500), actual(train=7500,val=2500,test=0)
[2026-06-18 16:54:17,173][feature_based_propensities_for_ULTR.data.runtime.aggregation][INFO] - Dataset persistence disabled; skipping aggregated dataset cache save.
[2026-06-18 16:54:17,173][feature_based_propensities_for_ULTR.experiments.ips_pipeline][INFO] - Test split uses label-only evaluation; raw test click diagnostics are skipped.
[2026-06-18 16:54:17,224][feature_based_propensities_for_ULTR.experiments.diagnostics][INFO] - [Data] train_docs=2132810, val_docs=707814, test_docs=708921, cutoff=25
[2026-06-18 16:54:17,321][feature_based_propensities_for_ULTR.experiments.diagnostics][INFO] - [Train] clicks=814, displays=182529, ctr=0.0045, ctr_per_doc=0.0045
[2026-06-18 16:54:17,407][feature_based_propensities_for_ULTR.experiments.diagnostics][INFO] - [Validation] clicks=296, displays=61025, ctr=0.0049, ctr_per_doc=0.0049
[2026-06-18 16:54:17,493][feature_based_propensities_for_ULTR.experiments.diagnostics][INFO] - [Test] clicks=0, displays=0, ctr=0.0000, ctr_per_doc=0.0000
[2026-06-18 16:54:17,493][feature_based_propensities_for_ULTR.experiments.ips_pipeline][INFO] - Running estimator pipeline with model='dm'
[2026-06-18 16:54:17,493][feature_based_propensities_for_ULTR.experiments.ips_pipeline][INFO] - Computing position bias (alpha)...
[2026-06-18 16:54:17,511][ultr_bias_toolkit.bias.intervention_harvesting.all_pairs][INFO] - Position bias estimation using global all pairs estimator
[2026-06-18 16:55:09,904][feature_based_propensities_for_ULTR.experiments.position_bias_pipeline][INFO] - Saved estimated position-bias curve to position_bias.json
[2026-06-18 16:55:09,904][feature_based_propensities_for_ULTR.experiments.ips_pipeline][INFO] - Estimated position bias in-run (estimator=global_all_pairs): [ 0.         -1.1083869  -0.886046   -2.306437   -0.96116924 -2.8063757
 -0.9754181  -6.9077554  -3.0734086  -6.9077554  -3.4541295  -2.3620434
 -3.5162365  -6.9077554  -1.388002   -1.4389904  -3.0399354  -3.704782
 -0.8763501  -2.1255362  -6.9077554  -3.0668118  -3.3534052  -6.9077554
 -6.9077554 ]
[2026-06-18 16:55:09,906][feature_based_propensities_for_ULTR.experiments.propensity_pipeline][INFO] - Computing propensity per doc (method=propensity_mlp_regression)...
[2026-06-18 16:55:47,586][feature_based_propensities_for_ULTR.experiments.propensity_pipeline][INFO] - Propensity computed in 37.68 seconds
[2026-06-18 16:55:47,587][feature_based_propensities_for_ULTR.experiments.propensity_pipeline][INFO] - Alpha logits: [ 0.     -1.1084 -0.886  -2.3064 -0.9612 -2.8064 -0.9754 -6.9078 -3.0734
 -6.9078 -3.4541 -2.362  -3.5162 -6.9078 -1.388  -1.439  -3.0399 -3.7048
 -0.8764 -2.1255 -6.9078 -3.0668 -3.3534 -6.9078 -6.9078]
[2026-06-18 16:55:47,588][feature_based_propensities_for_ULTR.experiments.propensity_pipeline][INFO] - Alpha: [0.5    0.2482 0.2919 0.0906 0.2766 0.057  0.2738 0.001  0.0442 0.001
 0.0306 0.0861 0.0289 0.001  0.1997 0.1917 0.0457 0.024  0.2939 0.1066
 0.001  0.0445 0.0338 0.001  0.001 ]
[2026-06-18 16:55:47,588][feature_based_propensities_for_ULTR.experiments.propensity_pipeline][INFO] - Propensity clipping disabled.
[2026-06-18 16:55:48,802][feature_based_propensities_for_ULTR.experiments.regression_pipeline][INFO] - Training regression model for DM/DR...
[2026-06-18 16:56:16,607][feature_based_propensities_for_ULTR.experiments.regression_pipeline][INFO] - Regression epoch 3: train_loss=0.097437 val_loss=0.101020
[2026-06-18 16:56:43,267][feature_based_propensities_for_ULTR.experiments.regression_pipeline][INFO] - Regression epoch 6: train_loss=0.095116 val_loss=0.101876
[2026-06-18 16:56:49,364][feature_based_propensities_for_ULTR.experiments.ips_pipeline][INFO] - Computing DM doc weights...
[2026-06-18 16:56:49,365][feature_based_propensities_for_ULTR.experiments.ips_pipeline][INFO] - Doc weights computed in 0.00 seconds
[2026-06-18 16:56:49,375][feature_based_propensities_for_ULTR.experiments.model_pipeline][INFO] - Loading trainer (trainer_type='pl-rank', n_samples=100)...
[2026-06-18 16:56:49,378][feature_based_propensities_for_ULTR.experiments.model_pipeline][INFO] - Trainer loaded in 0.00 seconds
[2026-06-18 16:56:49,378][feature_based_propensities_for_ULTR.experiments.model_pipeline][INFO] - Training model...
[2026-06-18 17:25:19,554][feature_based_propensities_for_ULTR.experiments.ips_pipeline][INFO] - Final evaluation results:
{'metrics': {'CTR': 0.6775870323181152,
             'DCG': 1.8216906785964966,
             'NCTR': 0.4243933856487274,
             'NDCG': 0.47464290261268616,
             'NDCG@25': 0.47464290261268616,
             'NRCTR': 0.4243933856487274,
             'RCTR': 0.6775870323181152}}
[2026-06-18 17:25:19,580][submitit][INFO] - Job completed successfully
[2026-06-18 17:25:19,589][submitit][INFO] - Exiting after successful completion
