[2026-06-18 15:34:15,883][feature_based_propensities_for_ULTR.experiments.config_resolver][WARNING] - test_clicks=500000 is ignored because test_set_mode='label_only'. Set test_set_mode='clicks' to enable legacy click-based test behavior.
[2026-06-18 15:34:15,889][feature_based_propensities_for_ULTR.experiments.data_pipeline][INFO] - Loading or generating click datasets...
[2026-06-18 15:35:45,094][absl][INFO] - orbax-checkpoint version: 0.11.40
[2026-06-18 15:35:45,095][absl][INFO] - save_device_host_concurrent_bytes=None
[2026-06-18 15:35:45,095][absl][INFO] - Created BasePyTreeCheckpointHandler: use_ocdbt=True, use_zarr3=False, pytree_metadata_options=PyTreeMetadataOptions(support_rich_types=False), array_metadata_store=<orbax.checkpoint._src.metadata.array_metadata_store.Store object at 0x14aa3a3a09d0>, enable_pinned_host_transfer=False, save_concurrent_bytes: 96000000000 (89.4 GiB), restore_concurrent_bytes: 96000000000 (89.4 GiB)
[2026-06-18 15:35:45,095][absl][INFO] - [thread=MainThread] Failed to get flag value for EXPERIMENTAL_ORBAX_USE_DISTRIBUTED_PROCESS_ID.
[2026-06-18 15:35:45,095][absl][INFO] - [process=0][thread=MainThread] Using barrier_sync_fn: <function get_barrier_sync_fn.<locals>.<lambda> at 0x14a99b5cf920> timeout: 1200 secs and primary_host=0 for async checkpoint writes
[2026-06-18 15:35:45,096][absl][INFO] - [process=0] [sync] Started load checkpoint @ /gpfs/home5/sfris1/ltr_datasets/ips_datasets/istella_logging_policy_c10000_ps1p0_pt0p5_bs1p0_drop0rel0_sessallocv2_candfullv2_topx25_maxdocs200_lprdeep_lpsegreedysampler_lppct10p0.
[2026-06-18 15:35:45,099][absl][INFO] - Restoring checkpoint from /gpfs/home5/sfris1/ltr_datasets/ips_datasets/istella_logging_policy_c10000_ps1p0_pt0p5_bs1p0_drop0rel0_sessallocv2_candfullv2_topx25_maxdocs200_lprdeep_lpsegreedysampler_lppct10p0.
[2026-06-18 15:35:45,099][absl][INFO] - [process=0] [sync] Finished blocking load in 0.00 seconds. Continuing load @ /gpfs/home5/sfris1/ltr_datasets/ips_datasets/istella_logging_policy_c10000_ps1p0_pt0p5_bs1p0_drop0rel0_sessallocv2_candfullv2_topx25_maxdocs200_lprdeep_lpsegreedysampler_lppct10p0.
[2026-06-18 15:35:45,115][absl][INFO] - [process=0] /jax/orbax/read/worker/io/requested throughput: 2.776 MiB/s (total gbytes: 31.6 KiB) (time elapsed: 0.011125326156616211 s) (per-host)
[2026-06-18 15:35:45,117][absl][INFO] - [process=0] /jax/checkpoint/read/gbytes_per_sec: 1.855 MiB/s (total gbytes: 31.6 KiB) (time elapsed: 0.016653776168823242 s) (per-host)
[2026-06-18 15:35:45,117][absl][INFO] - [process=0] [sync] Finished load in 0.02 seconds @ /gpfs/home5/sfris1/ltr_datasets/ips_datasets/istella_logging_policy_c10000_ps1p0_pt0p5_bs1p0_drop0rel0_sessallocv2_candfullv2_topx25_maxdocs200_lprdeep_lpsegreedysampler_lppct10p0
[2026-06-18 15:35:50,295][feature_based_propensities_for_ULTR.experiments.data_pipeline][INFO] - Loaded click datasets in 94.41 seconds (train=7274, val=2726, test=0)
[2026-06-18 15:35:50,295][feature_based_propensities_for_ULTR.experiments.data_pipeline][INFO] - Test split is label-only by design; no test click dataset was loaded.
[2026-06-18 15:35:50,295][feature_based_propensities_for_ULTR.data.runtime.alignment][INFO] - Applying data cutoff override: configured=25, natural=25, effective=25
[2026-06-18 15:35:50,296][feature_based_propensities_for_ULTR.data.runtime.alignment][INFO] - Applying data cutoff override: configured=25, natural=25, effective=25
[2026-06-18 15:35:50,385][feature_based_propensities_for_ULTR.data.runtime.aggregation][INFO] - Initializing simulator...
[2026-06-18 15:35:50,385][feature_based_propensities_for_ULTR.data.runtime.aggregation][INFO] - Aggregating train dataset...
[2026-06-18 15:35:56,762][feature_based_propensities_for_ULTR.data.runtime.aggregation][INFO] - Aggregating validation dataset...
[2026-06-18 15:35:59,858][feature_based_propensities_for_ULTR.data.runtime.aggregation][INFO] - Aggregating test dataset from labels only...
[2026-06-18 15:36:01,233][feature_based_propensities_for_ULTR.data.runtime.aggregation][INFO] - Aggregation done in 10.85 seconds
[2026-06-18 15:36:01,234][feature_based_propensities_for_ULTR.data.runtime.aggregation][INFO] - Session usage after aggregation: requested(train=7274,val=2726), actual(train=7274,val=2726,test=0)
[2026-06-18 15:36:01,234][feature_based_propensities_for_ULTR.data.runtime.aggregation][INFO] - Dataset persistence disabled; skipping aggregated dataset cache save.
[2026-06-18 15:36:01,234][feature_based_propensities_for_ULTR.experiments.ips_pipeline][INFO] - Test split uses label-only evaluation; raw test click diagnostics are skipped.
[2026-06-18 15:36:01,283][feature_based_propensities_for_ULTR.experiments.diagnostics][INFO] - [Data] train_docs=2043304, val_docs=684076, test_docs=681250, cutoff=25
[2026-06-18 15:36:01,376][feature_based_propensities_for_ULTR.experiments.diagnostics][INFO] - [Train] clicks=1487, displays=181035, ctr=0.0082, ctr_per_doc=0.0082
[2026-06-18 15:36:01,462][feature_based_propensities_for_ULTR.experiments.diagnostics][INFO] - [Validation] clicks=605, displays=67736, ctr=0.0089, ctr_per_doc=0.0089
[2026-06-18 15:36:01,545][feature_based_propensities_for_ULTR.experiments.diagnostics][INFO] - [Test] clicks=0, displays=0, ctr=0.0000, ctr_per_doc=0.0000
[2026-06-18 15:36:01,545][feature_based_propensities_for_ULTR.experiments.ips_pipeline][INFO] - Running estimator pipeline with model='dr'
[2026-06-18 15:36:01,545][feature_based_propensities_for_ULTR.experiments.ips_pipeline][INFO] - Computing position bias (alpha)...
[2026-06-18 15:36:01,565][ultr_bias_toolkit.bias.intervention_harvesting.all_pairs][INFO] - Position bias estimation using global all pairs estimator
[2026-06-18 15:36:50,445][feature_based_propensities_for_ULTR.experiments.position_bias_pipeline][INFO] - Saved estimated position-bias curve to position_bias.json
[2026-06-18 15:36:50,446][feature_based_propensities_for_ULTR.experiments.ips_pipeline][INFO] - Estimated position bias in-run (estimator=global_all_pairs): [ 0.         -0.81237715 -1.1757137  -1.3037148  -2.457181   -2.1876
 -4.0669518  -1.7526659  -2.1304822  -2.4083862  -3.7309825  -2.8976429
 -3.4119864  -2.9404423  -3.0534444  -3.63589    -1.693021   -1.9729717
 -3.234232   -1.98199    -6.9077554  -6.2163167  -6.9077554  -3.072253
 -6.9077554 ]
[2026-06-18 15:36:50,447][feature_based_propensities_for_ULTR.experiments.propensity_pipeline][INFO] - Computing propensity per doc (method=frequency_based)...
[2026-06-18 15:37:16,074][feature_based_propensities_for_ULTR.experiments.propensity_pipeline][INFO] - Propensity computed in 25.63 seconds
[2026-06-18 15:37:16,074][feature_based_propensities_for_ULTR.experiments.propensity_pipeline][INFO] - Alpha logits: [ 0.         -0.81237715 -1.1757137  -1.3037148  -2.457181   -2.1876
 -4.0669518  -1.7526659  -2.1304822  -2.4083862  -3.7309825  -2.8976429
 -3.4119864  -2.9404423  -3.0534444  -3.63589    -1.693021   -1.9729717
 -3.234232   -1.98199    -6.9077554  -6.2163167  -6.9077554  -3.072253
 -6.9077554 ]
[2026-06-18 15:37:16,075][feature_based_propensities_for_ULTR.experiments.propensity_pipeline][INFO] - Alpha: [0.5        0.30738416 0.23582377 0.21354048 0.07891501 0.10086957
 0.01684105 0.14771128 0.10616923 0.08253544 0.0234082  0.05227021
 0.03192295 0.05019018 0.045069   0.02568343 0.15537895 0.12207005
 0.03789764 0.12110686 0.000999   0.00199261 0.000999   0.04426641
 0.000999  ]
[2026-06-18 15:37:16,076][feature_based_propensities_for_ULTR.experiments.propensity_pipeline][INFO] - Propensity clipping disabled.
[2026-06-18 15:37:16,076][feature_based_propensities_for_ULTR.experiments.propensity_pipeline][INFO] - Computing propensity per doc (method=frequency_based)...
[2026-06-18 15:37:39,850][feature_based_propensities_for_ULTR.experiments.propensity_pipeline][INFO] - Propensity computed in 23.77 seconds
[2026-06-18 15:37:39,850][feature_based_propensities_for_ULTR.experiments.propensity_pipeline][INFO] - Alpha logits: [ 0.         -0.81237715 -1.1757137  -1.3037148  -2.457181   -2.1876
 -4.0669518  -1.7526659  -2.1304822  -2.4083862  -3.7309825  -2.8976429
 -3.4119864  -2.9404423  -3.0534444  -3.63589    -1.693021   -1.9729717
 -3.234232   -1.98199    -6.9077554  -6.2163167  -6.9077554  -3.072253
 -6.9077554 ]
[2026-06-18 15:37:39,851][feature_based_propensities_for_ULTR.experiments.propensity_pipeline][INFO] - Alpha: [0.5        0.30738416 0.23582377 0.21354048 0.07891501 0.10086957
 0.01684105 0.14771128 0.10616923 0.08253544 0.0234082  0.05227021
 0.03192295 0.05019018 0.045069   0.02568343 0.15537895 0.12207005
 0.03789764 0.12110686 0.000999   0.00199261 0.000999   0.04426641
 0.000999  ]
[2026-06-18 15:37:41,269][feature_based_propensities_for_ULTR.experiments.regression_pipeline][INFO] - Training regression model for DM/DR...
[2026-06-18 15:37:49,133][feature_based_propensities_for_ULTR.experiments.regression_pipeline][INFO] - Regression epoch 3: train_loss=0.513177 val_loss=0.577814
[2026-06-18 15:37:55,989][feature_based_propensities_for_ULTR.experiments.regression_pipeline][INFO] - Regression epoch 6: train_loss=0.497070 val_loss=0.569952
[2026-06-18 15:38:02,859][feature_based_propensities_for_ULTR.experiments.regression_pipeline][INFO] - Regression epoch 9: train_loss=0.485150 val_loss=0.621511
[2026-06-18 15:38:08,734][feature_based_propensities_for_ULTR.experiments.ips_pipeline][INFO] - Computing DR doc weights...
[2026-06-18 15:38:08,761][feature_based_propensities_for_ULTR.experiments.ips_pipeline][INFO] - Doc weights computed in 0.03 seconds
[2026-06-18 15:38:08,771][feature_based_propensities_for_ULTR.experiments.model_pipeline][INFO] - Loading trainer (trainer_type='pl-rank', n_samples=100)...
[2026-06-18 15:38:08,773][feature_based_propensities_for_ULTR.experiments.model_pipeline][INFO] - Trainer loaded in 0.00 seconds
[2026-06-18 15:38:08,773][feature_based_propensities_for_ULTR.experiments.model_pipeline][INFO] - Training model...
[2026-06-18 16:08:24,496][feature_based_propensities_for_ULTR.experiments.ips_pipeline][INFO] - Final evaluation results:
{'metrics': {'CTR': 0.5803917050361633,
             'DCG': 1.735288381576538,
             'NCTR': 0.38235628604888916,
             'NDCG': 0.5087789297103882,
             'NDCG@25': 0.5087789297103882,
             'NRCTR': 0.38235628604888916,
             'RCTR': 0.5803917050361633}}
[2026-06-18 16:08:24,531][submitit][INFO] - Job completed successfully
[2026-06-18 16:08:24,540][submitit][INFO] - Exiting after successful completion
