[2026-05-05 10:55:28,212][two_tower_confounding.experiments.config_resolver][WARNING] - test_clicks=500000 is ignored because test_set_mode='label_only'. Set test_set_mode='clicks' to enable legacy click-based test behavior.
[2026-05-05 10:55:28,218][two_tower_confounding.experiments.data_pipeline][INFO] - Loading or generating click datasets...
[2026-05-05 10:55:51,938][absl][INFO] - orbax-checkpoint version: 0.11.37
[2026-05-05 10:55:51,938][absl][INFO] - save_device_host_concurrent_bytes=None
[2026-05-05 10:55:51,938][absl][INFO] - Created BasePyTreeCheckpointHandler: use_ocdbt=True, use_zarr3=False, pytree_metadata_options=PyTreeMetadataOptions(support_rich_types=False), array_metadata_store=<orbax.checkpoint._src.metadata.array_metadata_store.Store object at 0x14821778a390>, enable_pinned_host_transfer=False, save_concurrent_bytes: 96000000000 (89.4 GiB), restore_concurrent_bytes: 96000000000 (89.4 GiB)
[2026-05-05 10:55:51,939][absl][INFO] - [thread=MainThread] Failed to get flag value for EXPERIMENTAL_ORBAX_USE_DISTRIBUTED_PROCESS_ID.
[2026-05-05 10:55:51,939][absl][INFO] - [process=0][thread=MainThread] Using barrier_sync_fn: <function get_barrier_sync_fn.<locals>.<lambda> at 0x1481874e9800> timeout: 1200 secs and primary_host=0 for async checkpoint writes
[2026-05-05 10:55:51,939][absl][INFO] - [process=0] [sync] Started load checkpoint @ /gpfs/home5/sfris1/ltr_datasets/ips_datasets/logging_policy_c100000_ps1p0_pt0p5_bs1p0_drop0rel0_sessallocv2_candfullv2_topx25_maxdocs80_lprdeep_lpsegreedysampler_lppct10p0.
[2026-05-05 10:55:51,942][absl][INFO] - Restoring checkpoint from /gpfs/home5/sfris1/ltr_datasets/ips_datasets/logging_policy_c100000_ps1p0_pt0p5_bs1p0_drop0rel0_sessallocv2_candfullv2_topx25_maxdocs80_lprdeep_lpsegreedysampler_lppct10p0.
[2026-05-05 10:55:51,942][absl][INFO] - [process=0] [sync] Finished blocking load in 0.00 seconds. Continuing load @ /gpfs/home5/sfris1/ltr_datasets/ips_datasets/logging_policy_c100000_ps1p0_pt0p5_bs1p0_drop0rel0_sessallocv2_candfullv2_topx25_maxdocs80_lprdeep_lpsegreedysampler_lppct10p0.
[2026-05-05 10:55:51,958][absl][INFO] - [process=0] /jax/orbax/read/worker/io/requested throughput: 7.987 MiB/s (total gbytes: 91.8 KiB) (time elapsed: 0.01121830940246582 s) (per-host)
[2026-05-05 10:55:51,960][absl][INFO] - [process=0] /jax/checkpoint/read/gbytes_per_sec: 5.265 MiB/s (total gbytes: 91.8 KiB) (time elapsed: 0.017017602920532227 s) (per-host)
[2026-05-05 10:55:51,960][absl][INFO] - [process=0] [sync] Finished load in 0.02 seconds @ /gpfs/home5/sfris1/ltr_datasets/ips_datasets/logging_policy_c100000_ps1p0_pt0p5_bs1p0_drop0rel0_sessallocv2_candfullv2_topx25_maxdocs80_lprdeep_lpsegreedysampler_lppct10p0
[2026-05-05 10:56:03,165][two_tower_confounding.experiments.data_pipeline][INFO] - Loaded click datasets in 34.95 seconds (train=86947, val=13053, test=0)
[2026-05-05 10:56:03,165][two_tower_confounding.experiments.data_pipeline][INFO] - Test split is label-only by design; no test click dataset was loaded.
[2026-05-05 10:56:03,165][two_tower_confounding.data.runtime.alignment][INFO] - Applying data cutoff override: configured=25, natural=25, effective=25
[2026-05-05 10:56:03,165][two_tower_confounding.data.runtime.alignment][INFO] - Applying data cutoff override: configured=25, natural=25, effective=25
[2026-05-05 10:56:03,260][two_tower_confounding.data.runtime.aggregation][INFO] - Initializing simulator...
[2026-05-05 10:56:03,261][two_tower_confounding.data.runtime.aggregation][INFO] - Aggregating train dataset...
[2026-05-05 10:56:09,571][two_tower_confounding.data.runtime.aggregation][INFO] - Aggregating validation dataset...
[2026-05-05 10:56:12,092][two_tower_confounding.data.runtime.aggregation][INFO] - Aggregating test dataset from labels only...
[2026-05-05 10:56:13,782][two_tower_confounding.data.runtime.aggregation][INFO] - Aggregation done in 10.52 seconds
[2026-05-05 10:56:13,783][two_tower_confounding.data.runtime.aggregation][INFO] - Session usage after aggregation: requested(train=86947,val=13053), actual(train=86947,val=13053,test=0)
[2026-05-05 10:56:13,783][two_tower_confounding.data.runtime.aggregation][INFO] - Dataset persistence disabled; skipping aggregated dataset cache save.
[2026-05-05 10:56:13,783][two_tower_confounding.experiments.ips_pipeline][INFO] - Test split uses label-only evaluation; raw test click diagnostics are skipped.
[2026-05-05 10:56:13,808][two_tower_confounding.experiments.diagnostics][INFO] - [Data] train_docs=470251, val_docs=70687, test_docs=164676, cutoff=25
[2026-05-05 10:56:13,901][two_tower_confounding.experiments.diagnostics][INFO] - [Train] clicks=13326, displays=1477765, ctr=0.0090, ctr_per_doc=0.0090
[2026-05-05 10:56:13,987][two_tower_confounding.experiments.diagnostics][INFO] - [Validation] clicks=1998, displays=220489, ctr=0.0091, ctr_per_doc=0.0091
[2026-05-05 10:56:14,108][two_tower_confounding.experiments.diagnostics][INFO] - [Test] clicks=0, displays=0, ctr=0.0000, ctr_per_doc=0.0000
[2026-05-05 10:56:14,109][two_tower_confounding.experiments.ips_pipeline][INFO] - Running estimator pipeline with model='dr'
[2026-05-05 10:56:14,109][two_tower_confounding.experiments.ips_pipeline][INFO] - Computing position bias (alpha)...
[2026-05-05 10:56:14,116][two_tower_confounding.experiments.ips_pipeline][INFO] - Loaded CSV position bias from /gpfs/home5/sfris1/Doubly-Robust-Optimization-With-Two-Tower-Models/results/position_bias_csv_smoke.csv (method=global_all_pairs): [ 0.        -0.6762404 -1.078172  -1.3593199 -1.6449132 -1.7892423
 -1.9097745 -2.0003607 -2.0913854 -2.1824634 -2.3962963 -2.5267391
 -2.5543985 -2.6866524 -2.7146919 -2.464648  -2.8178678 -2.5680165
 -2.596511  -3.0224187 -2.731134  -2.8996856 -3.0862072 -3.0266771
 -2.7021465]
[2026-05-05 10:56:14,118][two_tower_confounding.experiments.propensity_pipeline][INFO] - Computing propensity per doc (method=propensity_mlp_regression)...
[2026-05-05 10:56:14,782][two_tower_confounding.experiments.propensity_pipeline][INFO] - Subsampling propensity classifier training data: 50000/86947 samples
[2026-05-05 11:00:49,231][two_tower_confounding.experiments.propensity_pipeline][INFO] - Propensity computed in 275.11 seconds
[2026-05-05 11:00:49,231][two_tower_confounding.experiments.propensity_pipeline][INFO] - Alpha logits: [ 0.     -0.6762 -1.0782 -1.3593 -1.6449 -1.7892 -1.9098 -2.0004 -2.0914
 -2.1825 -2.3963 -2.5267 -2.5544 -2.6867 -2.7147 -2.4646 -2.8179 -2.568
 -2.5965 -3.0224 -2.7311 -2.8997 -3.0862 -3.0267 -2.7021]
[2026-05-05 11:00:49,232][two_tower_confounding.experiments.propensity_pipeline][INFO] - Alpha: [0.5    0.3371 0.2539 0.2044 0.1618 0.1432 0.129  0.1192 0.1099 0.1013
 0.0835 0.074  0.0721 0.0638 0.0621 0.0784 0.0564 0.0712 0.0694 0.0464
 0.0612 0.0522 0.0437 0.0462 0.0628]
[2026-05-05 11:00:49,233][two_tower_confounding.experiments.propensity_pipeline][INFO] - Propensity clipping disabled.
[2026-05-05 11:00:49,233][two_tower_confounding.experiments.propensity_pipeline][INFO] - Computing propensity per doc (method=frequency_based)...
[2026-05-05 11:01:51,461][two_tower_confounding.experiments.propensity_pipeline][INFO] - Propensity computed in 62.23 seconds
[2026-05-05 11:01:51,461][two_tower_confounding.experiments.propensity_pipeline][INFO] - Alpha logits: [ 0.     -0.6762 -1.0782 -1.3593 -1.6449 -1.7892 -1.9098 -2.0004 -2.0914
 -2.1825 -2.3963 -2.5267 -2.5544 -2.6867 -2.7147 -2.4646 -2.8179 -2.568
 -2.5965 -3.0224 -2.7311 -2.8997 -3.0862 -3.0267 -2.7021]
[2026-05-05 11:01:51,462][two_tower_confounding.experiments.propensity_pipeline][INFO] - Alpha: [0.5    0.3371 0.2539 0.2044 0.1618 0.1432 0.129  0.1192 0.1099 0.1013
 0.0835 0.074  0.0721 0.0638 0.0621 0.0784 0.0564 0.0712 0.0694 0.0464
 0.0612 0.0522 0.0437 0.0462 0.0628]
[2026-05-05 11:01:52,851][two_tower_confounding.experiments.regression_pipeline][INFO] - Training regression model for DM/DR...
[2026-05-05 11:02:14,403][two_tower_confounding.experiments.regression_pipeline][INFO] - Regression epoch 3: train_loss=0.177202 val_loss=0.174668
[2026-05-05 11:02:34,780][two_tower_confounding.experiments.regression_pipeline][INFO] - Regression epoch 6: train_loss=0.174294 val_loss=0.174139
[2026-05-05 11:02:36,647][two_tower_confounding.experiments.ips_pipeline][INFO] - Computing DR doc weights...
[2026-05-05 11:02:36,653][two_tower_confounding.experiments.ips_pipeline][INFO] - Doc weights computed in 0.01 seconds
[2026-05-05 11:02:36,660][two_tower_confounding.experiments.model_pipeline][INFO] - Loading trainer (trainer_type='pl-rank', n_samples=100)...
[2026-05-05 11:02:36,662][two_tower_confounding.experiments.model_pipeline][INFO] - Trainer loaded in 0.00 seconds
[2026-05-05 11:02:36,662][two_tower_confounding.experiments.model_pipeline][INFO] - Training model...
[2026-05-05 11:19:12,280][two_tower_confounding.experiments.ips_pipeline][INFO] - Final evaluation results:
{'metrics': {'CTR': 0.8891236186027527,
             'DCG': 2.1667251586914062,
             'NCTR': 0.7416700124740601,
             'NDCG': 0.7801694869995117,
             'NDCG@25': 0.7801694869995117,
             'NRCTR': 0.7416700124740601,
             'RCTR': 0.8891236186027527}}
[2026-05-05 11:19:12,306][submitit][INFO] - Job completed successfully
[2026-05-05 11:19:12,315][submitit][INFO] - Exiting after successful completion
