[2026-04-09 15:38:15,231][jax._src.xla_bridge][ERROR] - Jax plugin configuration error: Exception when calling jax_plugins.xla_cuda12.initialize()
Traceback (most recent call last):
  File "/gpfs/home5/sfris1/two-towers-confounding-project/.venv/lib/python3.11/site-packages/jax/_src/xla_bridge.py", line 485, in discover_pjrt_plugins
    plugin_module.initialize()
  File "/gpfs/home5/sfris1/two-towers-confounding-project/.venv/lib/python3.11/site-packages/jax_plugins/xla_cuda12/__init__.py", line 328, in initialize
    _check_cuda_versions(raise_on_first_error=True)
  File "/gpfs/home5/sfris1/two-towers-confounding-project/.venv/lib/python3.11/site-packages/jax_plugins/xla_cuda12/__init__.py", line 285, in _check_cuda_versions
    local_device_count = cuda_versions.cuda_device_count()
                         ^^^^^^^^^^^^^^^^^^^^^^^^^^^^^^^^^
RuntimeError: jaxlib/cuda/versions_helpers.cc:113: operation cuInit(0) failed: CUDA_ERROR_NO_DEVICE
[2026-04-09 15:38:16,276][two_tower_confounding.experiments.ips_pipeline][WARNING] - wandb.init failed (Error uploading run: returned error 403: {"data":{"upsertBucket":null},"errors":[{"message":"permission denied","path":["upsertBucket"],"extensions":{"code":"PERMISSION_ERROR"}}]}). Continuing with local logging only.
[2026-04-09 15:38:16,277][two_tower_confounding.experiments.ips_pipeline][WARNING] - Disabling wandb for trainer components because initialization failed.
[2026-04-09 15:38:16,277][two_tower_confounding.experiments.config_resolver][WARNING] - test_clicks=500000 is ignored because test_set_mode='label_only'. Set test_set_mode='clicks' to enable legacy click-based test behavior.
[2026-04-09 15:38:16,283][two_tower_confounding.experiments.data_pipeline][INFO] - Loading or generating click datasets...
[2026-04-09 15:39:50,020][absl][INFO] - orbax-checkpoint version: 0.11.25
[2026-04-09 15:39:50,020][absl][INFO] - Created BasePyTreeCheckpointHandler: use_ocdbt=True, use_zarr3=False, pytree_metadata_options=PyTreeMetadataOptions(support_rich_types=False), array_metadata_store=<orbax.checkpoint._src.metadata.array_metadata_store.Store object at 0x1458ce838810>, enable_pinned_host_transfer=False, save_concurrent_bytes: 96000000000 (89.4 GiB), restore_concurrent_bytes: 96000000000 (89.4 GiB)
[2026-04-09 15:39:50,021][absl][INFO] - [thread=MainThread] Failed to get flag value for EXPERIMENTAL_ORBAX_USE_DISTRIBUTED_PROCESS_ID.
[2026-04-09 15:39:50,021][absl][INFO] - [process=0][thread=MainThread] Using barrier_sync_fn: <function get_barrier_sync_fn.<locals>.<lambda> at 0x1458294004a0> timeout: 600 secs and primary_host=0 for async checkpoint writes
[2026-04-09 15:39:50,023][absl][INFO] - Restoring checkpoint from /gpfs/home5/sfris1/ltr_datasets/ips_datasets/istella_logging_policy_c10000_ps1p0_pt0p5_bs1p0_drop0rel0_sessallocv2_candfullv2_topx25_maxdocs200_lprdeep_lpsegreedysampler_lppct10p0.
[2026-04-09 15:39:50,046][absl][INFO] - [process=0] /jax/checkpoint/read/gbytes_per_sec: 0 Bytes/s (total gbytes: 31.6 KiB) (time elapsed: 21 milliseconds) (per-host)
[2026-04-09 15:39:50,046][absl][INFO] - Finished restoring checkpoint in 0.02 seconds from /gpfs/home5/sfris1/ltr_datasets/ips_datasets/istella_logging_policy_c10000_ps1p0_pt0p5_bs1p0_drop0rel0_sessallocv2_candfullv2_topx25_maxdocs200_lprdeep_lpsegreedysampler_lppct10p0.
[2026-04-09 15:39:56,105][two_tower_confounding.experiments.data_pipeline][INFO] - Loaded click datasets in 99.82 seconds (train=7274, val=2726, test=0)
[2026-04-09 15:39:56,105][two_tower_confounding.experiments.data_pipeline][INFO] - Test split is label-only by design; no test click dataset was loaded.
[2026-04-09 15:39:56,106][two_tower_confounding.data.runtime.alignment][INFO] - Applying data cutoff override: configured=25, natural=25, effective=25
[2026-04-09 15:39:56,106][two_tower_confounding.data.runtime.alignment][INFO] - Applying data cutoff override: configured=25, natural=25, effective=25
[2026-04-09 15:39:56,237][two_tower_confounding.data.runtime.aggregation][INFO] - Initializing simulator...
[2026-04-09 15:39:56,238][two_tower_confounding.data.runtime.aggregation][INFO] - Aggregating train dataset...
[2026-04-09 15:40:03,062][two_tower_confounding.data.runtime.aggregation][INFO] - Aggregating validation dataset...
[2026-04-09 15:40:06,885][two_tower_confounding.data.runtime.aggregation][INFO] - Aggregating test dataset from labels only...
[2026-04-09 15:40:08,586][two_tower_confounding.data.runtime.aggregation][INFO] - Aggregation done in 12.35 seconds
[2026-04-09 15:40:08,586][two_tower_confounding.data.runtime.aggregation][INFO] - Session usage after aggregation: requested(train=7274,val=2726), actual(train=7274,val=2726,test=0)
[2026-04-09 15:40:08,586][two_tower_confounding.data.runtime.aggregation][INFO] - Dataset persistence disabled; skipping aggregated dataset cache save.
[2026-04-09 15:40:08,586][two_tower_confounding.experiments.ips_pipeline][INFO] - Test split uses label-only evaluation; raw test click diagnostics are skipped.
[2026-04-09 15:40:08,641][two_tower_confounding.experiments.diagnostics][INFO] - [Data] train_docs=2043304, val_docs=684076, test_docs=681250, cutoff=25
[2026-04-09 15:40:08,723][two_tower_confounding.experiments.diagnostics][INFO] - [Train] clicks=1595, displays=181010, ctr=0.0088, ctr_per_doc=0.0088
[2026-04-09 15:40:08,800][two_tower_confounding.experiments.diagnostics][INFO] - [Validation] clicks=550, displays=67774, ctr=0.0081, ctr_per_doc=0.0081
[2026-04-09 15:40:08,872][two_tower_confounding.experiments.diagnostics][INFO] - [Test] clicks=0, displays=0, ctr=0.0000, ctr_per_doc=0.0000
[2026-04-09 15:40:08,872][two_tower_confounding.experiments.ips_pipeline][INFO] - Running estimator pipeline with model='dr'
[2026-04-09 15:40:08,872][two_tower_confounding.experiments.ips_pipeline][INFO] - Computing position bias (alpha)...
[2026-04-09 15:40:08,936][two_tower_confounding.experiments.propensity_pipeline][INFO] - Computing propensity per doc (method=true_propensity)...
[2026-04-09 15:40:35,973][two_tower_confounding.experiments.propensity_pipeline][INFO] - Propensity computed in 27.04 seconds
[2026-04-09 15:40:35,973][two_tower_confounding.experiments.propensity_pipeline][INFO] - Alpha logits: [-0.        -0.6931472 -1.0986123 -1.3862944 -1.609438  -1.7917595
 -1.9459101 -2.0794415 -2.1972246 -2.3025851 -2.3978953 -2.4849067
 -2.5649493 -2.6390574 -2.7080503 -2.7725887 -2.8332133 -2.8903718
 -2.944439  -2.9957323 -3.0445225 -3.0910425 -3.1354942 -3.1780539
 -3.218876 ]
[2026-04-09 15:40:35,974][two_tower_confounding.experiments.propensity_pipeline][INFO] - Alpha: [0.5        0.33333334 0.25       0.2        0.16666667 0.14285715
 0.12500001 0.11111111 0.1        0.09090909 0.08333333 0.07692308
 0.07142857 0.06666666 0.0625     0.05882353 0.05555556 0.05263158
 0.05       0.04761905 0.04545454 0.04347826 0.04166667 0.04
 0.03846154]
[2026-04-09 15:40:35,975][two_tower_confounding.experiments.propensity_pipeline][INFO] - Propensity clipping disabled.
[2026-04-09 15:40:35,975][two_tower_confounding.experiments.propensity_pipeline][INFO] - Computing propensity per doc (method=frequency_based)...
[2026-04-09 15:41:00,633][two_tower_confounding.experiments.propensity_pipeline][INFO] - Propensity computed in 24.66 seconds
[2026-04-09 15:41:00,633][two_tower_confounding.experiments.propensity_pipeline][INFO] - Alpha logits: [-0.        -0.6931472 -1.0986123 -1.3862944 -1.609438  -1.7917595
 -1.9459101 -2.0794415 -2.1972246 -2.3025851 -2.3978953 -2.4849067
 -2.5649493 -2.6390574 -2.7080503 -2.7725887 -2.8332133 -2.8903718
 -2.944439  -2.9957323 -3.0445225 -3.0910425 -3.1354942 -3.1780539
 -3.218876 ]
[2026-04-09 15:41:00,634][two_tower_confounding.experiments.propensity_pipeline][INFO] - Alpha: [0.5        0.33333334 0.25       0.2        0.16666667 0.14285715
 0.12500001 0.11111111 0.1        0.09090909 0.08333333 0.07692308
 0.07142857 0.06666666 0.0625     0.05882353 0.05555556 0.05263158
 0.05       0.04761905 0.04545454 0.04347826 0.04166667 0.04
 0.03846154]
[2026-04-09 15:41:02,227][two_tower_confounding.experiments.regression_pipeline][INFO] - Training regression model for DM/DR...
[2026-04-09 15:41:09,870][two_tower_confounding.experiments.regression_pipeline][INFO] - Regression epoch 3: train_loss=0.183714 val_loss=0.172486
[2026-04-09 15:41:16,319][two_tower_confounding.experiments.regression_pipeline][INFO] - Regression epoch 6: train_loss=0.177261 val_loss=0.168950
[2026-04-09 15:41:22,771][two_tower_confounding.experiments.regression_pipeline][INFO] - Regression epoch 9: train_loss=0.174388 val_loss=0.165145
[2026-04-09 15:41:29,209][two_tower_confounding.experiments.regression_pipeline][INFO] - Regression epoch 12: train_loss=0.172945 val_loss=0.169335
[2026-04-09 15:41:34,970][two_tower_confounding.experiments.ips_pipeline][INFO] - Computing DR doc weights...
[2026-04-09 15:41:34,999][two_tower_confounding.experiments.ips_pipeline][INFO] - Doc weights computed in 0.03 seconds
[2026-04-09 15:41:35,007][two_tower_confounding.experiments.model_pipeline][INFO] - Loading trainer (trainer_type='pl-rank', n_samples=100)...
[2026-04-09 15:41:35,009][two_tower_confounding.experiments.model_pipeline][INFO] - Trainer loaded in 0.00 seconds
[2026-04-09 15:41:35,009][two_tower_confounding.experiments.model_pipeline][INFO] - Training model...
[2026-04-09 16:18:03,643][two_tower_confounding.experiments.ips_pipeline][INFO] - Final evaluation results:
{'metrics': {'CTR': 1.0701830387115479,
             'DCG': 2.5386574268341064,
             'NCTR': 0.6850337386131287,
             'NDCG': 0.7382870316505432,
             'NDCG@25': 0.7382870316505432,
             'NRCTR': 0.6850337386131287,
             'RCTR': 1.0701830387115479}}
[2026-04-09 16:18:03,677][submitit][INFO] - Job completed successfully
[2026-04-09 16:18:03,687][submitit][INFO] - Exiting after successful completion
[2026-06-17 21:15:31,411][feature_based_propensities_for_ULTR.experiments.config_resolver][WARNING] - test_clicks=500000 is ignored because test_set_mode='label_only'. Set test_set_mode='clicks' to enable legacy click-based test behavior.
[2026-06-17 21:15:31,417][feature_based_propensities_for_ULTR.experiments.data_pipeline][INFO] - Loading or generating click datasets...
[2026-06-17 21:16:59,388][absl][INFO] - orbax-checkpoint version: 0.11.40
[2026-06-17 21:16:59,388][absl][INFO] - save_device_host_concurrent_bytes=None
[2026-06-17 21:16:59,388][absl][INFO] - Created BasePyTreeCheckpointHandler: use_ocdbt=True, use_zarr3=False, pytree_metadata_options=PyTreeMetadataOptions(support_rich_types=False), array_metadata_store=<orbax.checkpoint._src.metadata.array_metadata_store.Store object at 0x14b0ee161650>, enable_pinned_host_transfer=False, save_concurrent_bytes: 96000000000 (89.4 GiB), restore_concurrent_bytes: 96000000000 (89.4 GiB)
[2026-06-17 21:16:59,389][absl][INFO] - [thread=MainThread] Failed to get flag value for EXPERIMENTAL_ORBAX_USE_DISTRIBUTED_PROCESS_ID.
[2026-06-17 21:16:59,389][absl][INFO] - [process=0][thread=MainThread] Using barrier_sync_fn: <function get_barrier_sync_fn.<locals>.<lambda> at 0x14b03e55aac0> timeout: 1200 secs and primary_host=0 for async checkpoint writes
[2026-06-17 21:16:59,389][absl][INFO] - [process=0] [sync] Started load checkpoint @ /gpfs/home5/sfris1/ltr_datasets/ips_datasets/istella_logging_policy_c10000_ps1p0_pt0p5_bs1p0_drop0rel0_sessallocv2_candfullv2_topx25_maxdocs200_lprdeep_lpsegreedysampler_lppct10p0.
[2026-06-17 21:16:59,392][absl][INFO] - Restoring checkpoint from /gpfs/home5/sfris1/ltr_datasets/ips_datasets/istella_logging_policy_c10000_ps1p0_pt0p5_bs1p0_drop0rel0_sessallocv2_candfullv2_topx25_maxdocs200_lprdeep_lpsegreedysampler_lppct10p0.
[2026-06-17 21:16:59,392][absl][INFO] - [process=0] [sync] Finished blocking load in 0.00 seconds. Continuing load @ /gpfs/home5/sfris1/ltr_datasets/ips_datasets/istella_logging_policy_c10000_ps1p0_pt0p5_bs1p0_drop0rel0_sessallocv2_candfullv2_topx25_maxdocs200_lprdeep_lpsegreedysampler_lppct10p0.
[2026-06-17 21:16:59,408][absl][INFO] - [process=0] /jax/orbax/read/worker/io/requested throughput: 2.809 MiB/s (total gbytes: 31.6 KiB) (time elapsed: 0.010996341705322266 s) (per-host)
[2026-06-17 21:16:59,410][absl][INFO] - [process=0] /jax/checkpoint/read/gbytes_per_sec: 1.823 MiB/s (total gbytes: 31.6 KiB) (time elapsed: 0.016941547393798828 s) (per-host)
[2026-06-17 21:16:59,411][absl][INFO] - [process=0] [sync] Finished load in 0.02 seconds @ /gpfs/home5/sfris1/ltr_datasets/ips_datasets/istella_logging_policy_c10000_ps1p0_pt0p5_bs1p0_drop0rel0_sessallocv2_candfullv2_topx25_maxdocs200_lprdeep_lpsegreedysampler_lppct10p0
[2026-06-17 21:17:04,601][feature_based_propensities_for_ULTR.experiments.data_pipeline][INFO] - Loaded click datasets in 93.18 seconds (train=7274, val=2726, test=0)
[2026-06-17 21:17:04,602][feature_based_propensities_for_ULTR.experiments.data_pipeline][INFO] - Test split is label-only by design; no test click dataset was loaded.
[2026-06-17 21:17:04,602][feature_based_propensities_for_ULTR.data.runtime.alignment][INFO] - Applying data cutoff override: configured=25, natural=25, effective=25
[2026-06-17 21:17:04,602][feature_based_propensities_for_ULTR.data.runtime.alignment][INFO] - Applying data cutoff override: configured=25, natural=25, effective=25
[2026-06-17 21:17:04,692][feature_based_propensities_for_ULTR.data.runtime.aggregation][INFO] - Initializing simulator...
[2026-06-17 21:17:04,693][feature_based_propensities_for_ULTR.data.runtime.aggregation][INFO] - Aggregating train dataset...
[2026-06-17 21:17:11,012][feature_based_propensities_for_ULTR.data.runtime.aggregation][INFO] - Aggregating validation dataset...
[2026-06-17 21:17:14,231][feature_based_propensities_for_ULTR.data.runtime.aggregation][INFO] - Aggregating test dataset from labels only...
[2026-06-17 21:17:15,602][feature_based_propensities_for_ULTR.data.runtime.aggregation][INFO] - Aggregation done in 10.91 seconds
[2026-06-17 21:17:15,602][feature_based_propensities_for_ULTR.data.runtime.aggregation][INFO] - Session usage after aggregation: requested(train=7274,val=2726), actual(train=7274,val=2726,test=0)
[2026-06-17 21:17:15,602][feature_based_propensities_for_ULTR.data.runtime.aggregation][INFO] - Dataset persistence disabled; skipping aggregated dataset cache save.
[2026-06-17 21:17:15,602][feature_based_propensities_for_ULTR.experiments.ips_pipeline][INFO] - Test split uses label-only evaluation; raw test click diagnostics are skipped.
[2026-06-17 21:17:15,651][feature_based_propensities_for_ULTR.experiments.diagnostics][INFO] - [Data] train_docs=2043304, val_docs=684076, test_docs=681250, cutoff=25
[2026-06-17 21:17:15,744][feature_based_propensities_for_ULTR.experiments.diagnostics][INFO] - [Train] clicks=1595, displays=181010, ctr=0.0088, ctr_per_doc=0.0088
[2026-06-17 21:17:15,834][feature_based_propensities_for_ULTR.experiments.diagnostics][INFO] - [Validation] clicks=550, displays=67774, ctr=0.0081, ctr_per_doc=0.0081
[2026-06-17 21:17:15,921][feature_based_propensities_for_ULTR.experiments.diagnostics][INFO] - [Test] clicks=0, displays=0, ctr=0.0000, ctr_per_doc=0.0000
[2026-06-17 21:17:15,921][feature_based_propensities_for_ULTR.experiments.ips_pipeline][INFO] - Running estimator pipeline with model='dr'
[2026-06-17 21:17:15,921][feature_based_propensities_for_ULTR.experiments.ips_pipeline][INFO] - Computing position bias (alpha)...
[2026-06-17 21:17:15,971][feature_based_propensities_for_ULTR.experiments.propensity_pipeline][INFO] - Computing propensity per doc (method=true_propensity)...
[2026-06-17 21:17:42,580][feature_based_propensities_for_ULTR.experiments.propensity_pipeline][INFO] - Propensity computed in 26.61 seconds
[2026-06-17 21:17:42,581][feature_based_propensities_for_ULTR.experiments.propensity_pipeline][INFO] - Alpha logits: [-0.        -0.6931472 -1.0986123 -1.3862944 -1.609438  -1.7917595
 -1.9459101 -2.0794415 -2.1972246 -2.3025851 -2.3978953 -2.4849067
 -2.5649493 -2.6390574 -2.7080503 -2.7725887 -2.8332133 -2.8903718
 -2.944439  -2.9957323 -3.0445225 -3.0910425 -3.1354942 -3.1780539
 -3.218876 ]
[2026-06-17 21:17:42,582][feature_based_propensities_for_ULTR.experiments.propensity_pipeline][INFO] - Alpha: [0.5        0.33333334 0.25       0.2        0.16666667 0.14285715
 0.12500001 0.11111111 0.1        0.09090909 0.08333333 0.07692308
 0.07142857 0.06666666 0.0625     0.05882353 0.05555556 0.05263158
 0.05       0.04761905 0.04545454 0.04347826 0.04166667 0.04
 0.03846154]
[2026-06-17 21:17:42,584][feature_based_propensities_for_ULTR.experiments.propensity_pipeline][INFO] - Propensity clipping disabled.
[2026-06-17 21:17:42,584][feature_based_propensities_for_ULTR.experiments.propensity_pipeline][INFO] - Computing propensity per doc (method=frequency_based)...
[2026-06-17 21:18:07,118][feature_based_propensities_for_ULTR.experiments.propensity_pipeline][INFO] - Propensity computed in 24.53 seconds
[2026-06-17 21:18:07,118][feature_based_propensities_for_ULTR.experiments.propensity_pipeline][INFO] - Alpha logits: [-0.        -0.6931472 -1.0986123 -1.3862944 -1.609438  -1.7917595
 -1.9459101 -2.0794415 -2.1972246 -2.3025851 -2.3978953 -2.4849067
 -2.5649493 -2.6390574 -2.7080503 -2.7725887 -2.8332133 -2.8903718
 -2.944439  -2.9957323 -3.0445225 -3.0910425 -3.1354942 -3.1780539
 -3.218876 ]
[2026-06-17 21:18:07,119][feature_based_propensities_for_ULTR.experiments.propensity_pipeline][INFO] - Alpha: [0.5        0.33333334 0.25       0.2        0.16666667 0.14285715
 0.12500001 0.11111111 0.1        0.09090909 0.08333333 0.07692308
 0.07142857 0.06666666 0.0625     0.05882353 0.05555556 0.05263158
 0.05       0.04761905 0.04545454 0.04347826 0.04166667 0.04
 0.03846154]
[2026-06-17 21:18:08,236][feature_based_propensities_for_ULTR.experiments.regression_pipeline][INFO] - Training regression model for DM/DR...
[2026-06-17 21:18:15,765][feature_based_propensities_for_ULTR.experiments.regression_pipeline][INFO] - Regression epoch 3: train_loss=0.182807 val_loss=0.172805
[2026-06-17 21:18:22,278][feature_based_propensities_for_ULTR.experiments.regression_pipeline][INFO] - Regression epoch 6: train_loss=0.177437 val_loss=0.169830
[2026-06-17 21:18:28,777][feature_based_propensities_for_ULTR.experiments.regression_pipeline][INFO] - Regression epoch 9: train_loss=0.174982 val_loss=0.164996
[2026-06-17 21:18:35,274][feature_based_propensities_for_ULTR.experiments.regression_pipeline][INFO] - Regression epoch 12: train_loss=0.171772 val_loss=0.168489
[2026-06-17 21:18:41,075][feature_based_propensities_for_ULTR.experiments.ips_pipeline][INFO] - Computing DR doc weights...
[2026-06-17 21:18:41,102][feature_based_propensities_for_ULTR.experiments.ips_pipeline][INFO] - Doc weights computed in 0.03 seconds
[2026-06-17 21:18:41,112][feature_based_propensities_for_ULTR.experiments.model_pipeline][INFO] - Loading trainer (trainer_type='pl-rank', n_samples=100)...
[2026-06-17 21:18:41,114][feature_based_propensities_for_ULTR.experiments.model_pipeline][INFO] - Trainer loaded in 0.00 seconds
[2026-06-17 21:18:41,114][feature_based_propensities_for_ULTR.experiments.model_pipeline][INFO] - Training model...
[2026-06-17 22:13:43,301][feature_based_propensities_for_ULTR.experiments.ips_pipeline][INFO] - Final evaluation results:
{'metrics': {'CTR': 1.0728806257247925,
             'DCG': 2.544379711151123,
             'NCTR': 0.6871444582939148,
             'NDCG': 0.740331768989563,
             'NDCG@25': 0.740331768989563,
             'NRCTR': 0.6871444582939148,
             'RCTR': 1.0728806257247925}}
[2026-06-17 22:13:43,357][submitit][INFO] - Job completed successfully
[2026-06-17 22:13:43,367][submitit][INFO] - Exiting after successful completion
