[2026-04-22 16:24:49,938][jax._src.xla_bridge][ERROR] - Jax plugin configuration error: Exception when calling jax_plugins.xla_cuda12.initialize()
Traceback (most recent call last):
  File "/gpfs/home5/sfris1/two-towers-confounding-project/.venv/lib/python3.11/site-packages/jax/_src/xla_bridge.py", line 485, in discover_pjrt_plugins
    plugin_module.initialize()
  File "/gpfs/home5/sfris1/two-towers-confounding-project/.venv/lib/python3.11/site-packages/jax_plugins/xla_cuda12/__init__.py", line 328, in initialize
    _check_cuda_versions(raise_on_first_error=True)
  File "/gpfs/home5/sfris1/two-towers-confounding-project/.venv/lib/python3.11/site-packages/jax_plugins/xla_cuda12/__init__.py", line 285, in _check_cuda_versions
    local_device_count = cuda_versions.cuda_device_count()
                         ^^^^^^^^^^^^^^^^^^^^^^^^^^^^^^^^^
RuntimeError: jaxlib/cuda/versions_helpers.cc:113: operation cuInit(0) failed: CUDA_ERROR_NO_DEVICE
[2026-04-22 16:24:50,954][two_tower_confounding.experiments.ips_pipeline][WARNING] - wandb.init failed (Error uploading run: returned error 403: {"data":{"upsertBucket":null},"errors":[{"message":"permission denied","path":["upsertBucket"],"extensions":{"code":"PERMISSION_ERROR"}}]}). Continuing with local logging only.
[2026-04-22 16:24:50,954][two_tower_confounding.experiments.ips_pipeline][WARNING] - Disabling wandb for trainer components because initialization failed.
[2026-04-22 16:24:50,955][two_tower_confounding.experiments.config_resolver][WARNING] - test_clicks=500000 is ignored because test_set_mode='label_only'. Set test_set_mode='clicks' to enable legacy click-based test behavior.
[2026-04-22 16:24:50,962][two_tower_confounding.experiments.data_pipeline][INFO] - Loading or generating click datasets...
[2026-04-22 16:25:15,546][absl][INFO] - orbax-checkpoint version: 0.11.25
[2026-04-22 16:25:15,547][absl][INFO] - Created BasePyTreeCheckpointHandler: use_ocdbt=True, use_zarr3=False, pytree_metadata_options=PyTreeMetadataOptions(support_rich_types=False), array_metadata_store=<orbax.checkpoint._src.metadata.array_metadata_store.Store object at 0x14c6106a2790>, enable_pinned_host_transfer=False, save_concurrent_bytes: 96000000000 (89.4 GiB), restore_concurrent_bytes: 96000000000 (89.4 GiB)
[2026-04-22 16:25:15,547][absl][INFO] - [thread=MainThread] Failed to get flag value for EXPERIMENTAL_ORBAX_USE_DISTRIBUTED_PROCESS_ID.
[2026-04-22 16:25:15,547][absl][INFO] - [process=0][thread=MainThread] Using barrier_sync_fn: <function get_barrier_sync_fn.<locals>.<lambda> at 0x14c5570ad300> timeout: 600 secs and primary_host=0 for async checkpoint writes
[2026-04-22 16:25:15,550][absl][INFO] - Restoring checkpoint from /gpfs/home5/sfris1/ltr_datasets/ips_datasets/logging_policy_c100000_ps1p0_pt0p5_bs1p0_drop0rel0_sessallocv2_candfullv2_topx25_maxdocs80_lprdeep_lpsegreedysampler_lppct10p0.
[2026-04-22 16:25:15,570][absl][INFO] - [process=0] /jax/checkpoint/read/gbytes_per_sec: 0 Bytes/s (total gbytes: 91.8 KiB) (time elapsed: 19 milliseconds) (per-host)
[2026-04-22 16:25:15,570][absl][INFO] - Finished restoring checkpoint in 0.02 seconds from /gpfs/home5/sfris1/ltr_datasets/ips_datasets/logging_policy_c100000_ps1p0_pt0p5_bs1p0_drop0rel0_sessallocv2_candfullv2_topx25_maxdocs80_lprdeep_lpsegreedysampler_lppct10p0.
[2026-04-22 16:25:27,486][two_tower_confounding.experiments.data_pipeline][INFO] - Loaded click datasets in 36.52 seconds (train=86947, val=13053, test=0)
[2026-04-22 16:25:27,486][two_tower_confounding.experiments.data_pipeline][INFO] - Test split is label-only by design; no test click dataset was loaded.
[2026-04-22 16:25:27,486][two_tower_confounding.data.runtime.alignment][INFO] - Applying data cutoff override: configured=25, natural=25, effective=25
[2026-04-22 16:25:27,486][two_tower_confounding.data.runtime.alignment][INFO] - Applying data cutoff override: configured=25, natural=25, effective=25
[2026-04-22 16:25:27,622][two_tower_confounding.data.runtime.aggregation][INFO] - Initializing simulator...
[2026-04-22 16:25:27,623][two_tower_confounding.data.runtime.aggregation][INFO] - Aggregating train dataset...
[2026-04-22 16:25:34,546][two_tower_confounding.data.runtime.aggregation][INFO] - Aggregating validation dataset...
[2026-04-22 16:25:37,765][two_tower_confounding.data.runtime.aggregation][INFO] - Aggregating test dataset from labels only...
[2026-04-22 16:25:39,585][two_tower_confounding.data.runtime.aggregation][INFO] - Aggregation done in 11.96 seconds
[2026-04-22 16:25:39,585][two_tower_confounding.data.runtime.aggregation][INFO] - Session usage after aggregation: requested(train=86947,val=13053), actual(train=86947,val=13053,test=0)
[2026-04-22 16:25:39,585][two_tower_confounding.data.runtime.aggregation][INFO] - Dataset persistence disabled; skipping aggregated dataset cache save.
[2026-04-22 16:25:39,586][two_tower_confounding.experiments.ips_pipeline][INFO] - Test split uses label-only evaluation; raw test click diagnostics are skipped.
[2026-04-22 16:25:39,611][two_tower_confounding.experiments.diagnostics][INFO] - [Data] train_docs=470251, val_docs=70687, test_docs=164676, cutoff=25
[2026-04-22 16:25:39,683][two_tower_confounding.experiments.diagnostics][INFO] - [Train] clicks=13115, displays=1471619, ctr=0.0089, ctr_per_doc=0.0089
[2026-04-22 16:25:39,752][two_tower_confounding.experiments.diagnostics][INFO] - [Validation] clicks=1959, displays=219167, ctr=0.0089, ctr_per_doc=0.0089
[2026-04-22 16:25:39,822][two_tower_confounding.experiments.diagnostics][INFO] - [Test] clicks=0, displays=0, ctr=0.0000, ctr_per_doc=0.0000
[2026-04-22 16:25:39,823][two_tower_confounding.experiments.ips_pipeline][INFO] - Running estimator pipeline with model='ips'
[2026-04-22 16:25:39,823][two_tower_confounding.experiments.ips_pipeline][INFO] - Computing position bias (alpha)...
[2026-04-22 16:25:39,831][submitit][INFO] - Job completed successfully
[2026-04-22 16:25:39,841][submitit][INFO] - Exiting after successful completion
[2026-04-22 16:48:32,557][jax._src.xla_bridge][ERROR] - Jax plugin configuration error: Exception when calling jax_plugins.xla_cuda12.initialize()
Traceback (most recent call last):
  File "/gpfs/home5/sfris1/two-towers-confounding-project/.venv/lib/python3.11/site-packages/jax/_src/xla_bridge.py", line 485, in discover_pjrt_plugins
    plugin_module.initialize()
  File "/gpfs/home5/sfris1/two-towers-confounding-project/.venv/lib/python3.11/site-packages/jax_plugins/xla_cuda12/__init__.py", line 328, in initialize
    _check_cuda_versions(raise_on_first_error=True)
  File "/gpfs/home5/sfris1/two-towers-confounding-project/.venv/lib/python3.11/site-packages/jax_plugins/xla_cuda12/__init__.py", line 285, in _check_cuda_versions
    local_device_count = cuda_versions.cuda_device_count()
                         ^^^^^^^^^^^^^^^^^^^^^^^^^^^^^^^^^
RuntimeError: jaxlib/cuda/versions_helpers.cc:113: operation cuInit(0) failed: CUDA_ERROR_NO_DEVICE
[2026-04-22 16:48:37,364][two_tower_confounding.experiments.ips_pipeline][WARNING] - wandb.init failed (Error uploading run: returned error 403: {"data":{"upsertBucket":null},"errors":[{"message":"permission denied","path":["upsertBucket"],"extensions":{"code":"PERMISSION_ERROR"}}]}). Continuing with local logging only.
[2026-04-22 16:48:37,365][two_tower_confounding.experiments.ips_pipeline][WARNING] - Disabling wandb for trainer components because initialization failed.
[2026-04-22 16:48:37,365][two_tower_confounding.experiments.config_resolver][WARNING] - test_clicks=500000 is ignored because test_set_mode='label_only'. Set test_set_mode='clicks' to enable legacy click-based test behavior.
[2026-04-22 16:48:37,372][two_tower_confounding.experiments.data_pipeline][INFO] - Loading or generating click datasets...
[2026-04-22 16:49:00,889][absl][INFO] - orbax-checkpoint version: 0.11.25
[2026-04-22 16:49:00,889][absl][INFO] - Created BasePyTreeCheckpointHandler: use_ocdbt=True, use_zarr3=False, pytree_metadata_options=PyTreeMetadataOptions(support_rich_types=False), array_metadata_store=<orbax.checkpoint._src.metadata.array_metadata_store.Store object at 0x15399ee09190>, enable_pinned_host_transfer=False, save_concurrent_bytes: 96000000000 (89.4 GiB), restore_concurrent_bytes: 96000000000 (89.4 GiB)
[2026-04-22 16:49:00,894][absl][INFO] - [thread=MainThread] Failed to get flag value for EXPERIMENTAL_ORBAX_USE_DISTRIBUTED_PROCESS_ID.
[2026-04-22 16:49:00,894][absl][INFO] - [process=0][thread=MainThread] Using barrier_sync_fn: <function get_barrier_sync_fn.<locals>.<lambda> at 0x1538deeb9300> timeout: 600 secs and primary_host=0 for async checkpoint writes
[2026-04-22 16:49:00,897][absl][INFO] - Restoring checkpoint from /gpfs/home5/sfris1/ltr_datasets/ips_datasets/logging_policy_c100000_ps1p0_pt0p5_bs1p0_drop0rel0_sessallocv2_candfullv2_topx25_maxdocs80_lprdeep_lpsegreedysampler_lppct10p0.
[2026-04-22 16:49:00,921][absl][INFO] - [process=0] /jax/checkpoint/read/gbytes_per_sec: 0 Bytes/s (total gbytes: 91.8 KiB) (time elapsed: 22 milliseconds) (per-host)
[2026-04-22 16:49:00,921][absl][INFO] - Finished restoring checkpoint in 0.03 seconds from /gpfs/home5/sfris1/ltr_datasets/ips_datasets/logging_policy_c100000_ps1p0_pt0p5_bs1p0_drop0rel0_sessallocv2_candfullv2_topx25_maxdocs80_lprdeep_lpsegreedysampler_lppct10p0.
[2026-04-22 16:49:12,657][two_tower_confounding.experiments.data_pipeline][INFO] - Loaded click datasets in 35.28 seconds (train=86947, val=13053, test=0)
[2026-04-22 16:49:12,657][two_tower_confounding.experiments.data_pipeline][INFO] - Test split is label-only by design; no test click dataset was loaded.
[2026-04-22 16:49:12,657][two_tower_confounding.data.runtime.alignment][INFO] - Applying data cutoff override: configured=25, natural=25, effective=25
[2026-04-22 16:49:12,657][two_tower_confounding.data.runtime.alignment][INFO] - Applying data cutoff override: configured=25, natural=25, effective=25
[2026-04-22 16:49:12,787][two_tower_confounding.data.runtime.aggregation][INFO] - Initializing simulator...
[2026-04-22 16:49:12,788][two_tower_confounding.data.runtime.aggregation][INFO] - Aggregating train dataset...
[2026-04-22 16:49:19,642][two_tower_confounding.data.runtime.aggregation][INFO] - Aggregating validation dataset...
[2026-04-22 16:49:22,933][two_tower_confounding.data.runtime.aggregation][INFO] - Aggregating test dataset from labels only...
[2026-04-22 16:49:24,873][two_tower_confounding.data.runtime.aggregation][INFO] - Aggregation done in 12.09 seconds
[2026-04-22 16:49:24,873][two_tower_confounding.data.runtime.aggregation][INFO] - Session usage after aggregation: requested(train=86947,val=13053), actual(train=86947,val=13053,test=0)
[2026-04-22 16:49:24,873][two_tower_confounding.data.runtime.aggregation][INFO] - Dataset persistence disabled; skipping aggregated dataset cache save.
[2026-04-22 16:49:24,873][two_tower_confounding.experiments.ips_pipeline][INFO] - Test split uses label-only evaluation; raw test click diagnostics are skipped.
[2026-04-22 16:49:24,944][two_tower_confounding.experiments.diagnostics][INFO] - [Data] train_docs=470251, val_docs=70687, test_docs=164676, cutoff=25
[2026-04-22 16:49:25,018][two_tower_confounding.experiments.diagnostics][INFO] - [Train] clicks=13115, displays=1471619, ctr=0.0089, ctr_per_doc=0.0089
[2026-04-22 16:49:25,092][two_tower_confounding.experiments.diagnostics][INFO] - [Validation] clicks=1959, displays=219167, ctr=0.0089, ctr_per_doc=0.0089
[2026-04-22 16:49:25,164][two_tower_confounding.experiments.diagnostics][INFO] - [Test] clicks=0, displays=0, ctr=0.0000, ctr_per_doc=0.0000
[2026-04-22 16:49:25,164][two_tower_confounding.experiments.ips_pipeline][INFO] - Running estimator pipeline with model='ips'
[2026-04-22 16:49:25,164][two_tower_confounding.experiments.ips_pipeline][INFO] - Computing position bias (alpha)...
[2026-04-22 16:49:25,171][two_tower_confounding.experiments.ips_pipeline][INFO] - Loaded CSV position bias from /gpfs/home5/sfris1/Doubly-Robust-Optimization-With-Two-Tower-Models/results/position_bias_csv_smoke.csv (method=adjacent_chain): [ 0.         -0.61061436 -0.9636136  -1.3918216  -1.8466424  -2.0047195
 -2.345135   -2.410578   -2.5700867  -2.8911116  -3.2466629  -3.20286
 -2.7213922  -2.6307952  -2.436438   -2.3167303  -2.5692418  -1.9294696
 -1.5668246  -2.3777547  -1.2193924  -0.3031017   0.64597887  0.64597887
  0.6859842 ]
[2026-04-22 16:49:25,172][two_tower_confounding.experiments.propensity_pipeline][INFO] - Computing propensity per doc (method=frequency_based)...
[2026-04-22 16:50:25,944][two_tower_confounding.experiments.propensity_pipeline][INFO] - Propensity computed in 60.77 seconds
[2026-04-22 16:50:25,959][two_tower_confounding.experiments.propensity_pipeline][INFO] - Alpha logits: [ 0.         -0.61061436 -0.9636136  -1.3918216  -1.8466424  -2.0047195
 -2.345135   -2.410578   -2.5700867  -2.8911116  -3.2466629  -3.20286
 -2.7213922  -2.6307952  -2.436438   -2.3167303  -2.5692418  -1.9294696
 -1.5668246  -2.3777547  -1.2193924  -0.3031017   0.64597887  0.64597887
  0.6859842 ]
[2026-04-22 16:50:25,960][two_tower_confounding.experiments.propensity_pipeline][INFO] - Alpha: [0.5        0.35191908 0.27615526 0.1991171  0.1362676  0.11870829
 0.08745325 0.08236962 0.07108858 0.0525947  0.03744699 0.03905823
 0.06172279 0.06718259 0.08043598 0.08974682 0.0711444  0.1268093
 0.17266956 0.08488481 0.22804339 0.4247994  0.65610373 0.65610373
 0.665073  ]
[2026-04-22 16:50:25,960][two_tower_confounding.experiments.propensity_pipeline][INFO] - Propensity clipping disabled.
[2026-04-22 16:50:25,961][two_tower_confounding.experiments.ips_pipeline][INFO] - Computing IPS doc weights...
[2026-04-22 16:50:26,640][two_tower_confounding.experiments.ips_pipeline][INFO] - Doc weights computed in 0.68 seconds
[2026-04-22 16:50:26,645][two_tower_confounding.experiments.model_pipeline][INFO] - Loading trainer (trainer_type='pl-rank', n_samples=100)...
[2026-04-22 16:50:26,647][two_tower_confounding.experiments.model_pipeline][INFO] - Trainer loaded in 0.00 seconds
[2026-04-22 16:50:26,647][two_tower_confounding.experiments.model_pipeline][INFO] - Training model...
[2026-04-22 17:02:46,916][two_tower_confounding.experiments.ips_pipeline][INFO] - Final evaluation results:
{'metrics': {'CTR': 1.1228488683700562,
             'DCG': 2.1004483699798584,
             'NCTR': 0.47554031014442444,
             'NDCG': 0.7595215439796448,
             'NDCG@25': 0.7595215439796448,
             'NRCTR': 0.47554031014442444,
             'RCTR': 1.1228488683700562}}
[2026-04-22 17:02:46,963][submitit][INFO] - Job completed successfully
[2026-04-22 17:02:46,981][submitit][INFO] - Exiting after successful completion
[2026-05-02 18:24:56,252][two_tower_confounding.experiments.config_resolver][WARNING] - test_clicks=500000 is ignored because test_set_mode='label_only'. Set test_set_mode='clicks' to enable legacy click-based test behavior.
[2026-05-02 18:24:56,259][two_tower_confounding.experiments.data_pipeline][INFO] - Loading or generating click datasets...
[2026-05-02 18:25:20,514][absl][INFO] - orbax-checkpoint version: 0.11.37
[2026-05-02 18:25:20,515][absl][INFO] - save_device_host_concurrent_bytes=None
[2026-05-02 18:25:20,515][absl][INFO] - Created BasePyTreeCheckpointHandler: use_ocdbt=True, use_zarr3=False, pytree_metadata_options=PyTreeMetadataOptions(support_rich_types=False), array_metadata_store=<orbax.checkpoint._src.metadata.array_metadata_store.Store object at 0x155046cd8610>, enable_pinned_host_transfer=False, save_concurrent_bytes: 96000000000 (89.4 GiB), restore_concurrent_bytes: 96000000000 (89.4 GiB)
[2026-05-02 18:25:20,515][absl][INFO] - [thread=MainThread] Failed to get flag value for EXPERIMENTAL_ORBAX_USE_DISTRIBUTED_PROCESS_ID.
[2026-05-02 18:25:20,515][absl][INFO] - [process=0][thread=MainThread] Using barrier_sync_fn: <function get_barrier_sync_fn.<locals>.<lambda> at 0x154fb6945800> timeout: 1200 secs and primary_host=0 for async checkpoint writes
[2026-05-02 18:25:20,516][absl][INFO] - [process=0] [sync] Started load checkpoint @ /gpfs/home5/sfris1/ltr_datasets/ips_datasets/logging_policy_c100000_ps1p0_pt0p5_bs1p0_drop0rel0_sessallocv2_candfullv2_topx25_maxdocs80_lprdeep_lpsegreedysampler_lppct10p0.
[2026-05-02 18:25:20,518][absl][INFO] - Restoring checkpoint from /gpfs/home5/sfris1/ltr_datasets/ips_datasets/logging_policy_c100000_ps1p0_pt0p5_bs1p0_drop0rel0_sessallocv2_candfullv2_topx25_maxdocs80_lprdeep_lpsegreedysampler_lppct10p0.
[2026-05-02 18:25:20,518][absl][INFO] - [process=0] [sync] Finished blocking load in 0.00 seconds. Continuing load @ /gpfs/home5/sfris1/ltr_datasets/ips_datasets/logging_policy_c100000_ps1p0_pt0p5_bs1p0_drop0rel0_sessallocv2_candfullv2_topx25_maxdocs80_lprdeep_lpsegreedysampler_lppct10p0.
[2026-05-02 18:25:20,534][absl][INFO] - [process=0] /jax/orbax/read/worker/io/requested throughput: 8.382 MiB/s (total gbytes: 91.8 KiB) (time elapsed: 0.010689735412597656 s) (per-host)
[2026-05-02 18:25:20,535][absl][INFO] - [process=0] /jax/checkpoint/read/gbytes_per_sec: 5.570 MiB/s (total gbytes: 91.8 KiB) (time elapsed: 0.016086101531982422 s) (per-host)
[2026-05-02 18:25:20,535][absl][INFO] - [process=0] [sync] Finished load in 0.02 seconds @ /gpfs/home5/sfris1/ltr_datasets/ips_datasets/logging_policy_c100000_ps1p0_pt0p5_bs1p0_drop0rel0_sessallocv2_candfullv2_topx25_maxdocs80_lprdeep_lpsegreedysampler_lppct10p0
[2026-05-02 18:25:31,824][two_tower_confounding.experiments.data_pipeline][INFO] - Loaded click datasets in 35.56 seconds (train=86947, val=13053, test=0)
[2026-05-02 18:25:31,825][two_tower_confounding.experiments.data_pipeline][INFO] - Test split is label-only by design; no test click dataset was loaded.
[2026-05-02 18:25:31,825][two_tower_confounding.data.runtime.alignment][INFO] - Applying data cutoff override: configured=25, natural=25, effective=25
[2026-05-02 18:25:31,825][two_tower_confounding.data.runtime.alignment][INFO] - Applying data cutoff override: configured=25, natural=25, effective=25
[2026-05-02 18:25:31,917][two_tower_confounding.data.runtime.aggregation][INFO] - Initializing simulator...
[2026-05-02 18:25:31,918][two_tower_confounding.data.runtime.aggregation][INFO] - Aggregating train dataset...
[2026-05-02 18:25:38,156][two_tower_confounding.data.runtime.aggregation][INFO] - Aggregating validation dataset...
[2026-05-02 18:25:40,542][two_tower_confounding.data.runtime.aggregation][INFO] - Aggregating test dataset from labels only...
[2026-05-02 18:25:42,342][two_tower_confounding.data.runtime.aggregation][INFO] - Aggregation done in 10.42 seconds
[2026-05-02 18:25:42,343][two_tower_confounding.data.runtime.aggregation][INFO] - Session usage after aggregation: requested(train=86947,val=13053), actual(train=86947,val=13053,test=0)
[2026-05-02 18:25:42,343][two_tower_confounding.data.runtime.aggregation][INFO] - Dataset persistence disabled; skipping aggregated dataset cache save.
[2026-05-02 18:25:42,344][two_tower_confounding.experiments.ips_pipeline][INFO] - Test split uses label-only evaluation; raw test click diagnostics are skipped.
[2026-05-02 18:25:42,367][two_tower_confounding.experiments.diagnostics][INFO] - [Data] train_docs=470251, val_docs=70687, test_docs=164676, cutoff=25
[2026-05-02 18:25:42,454][two_tower_confounding.experiments.diagnostics][INFO] - [Train] clicks=13115, displays=1471619, ctr=0.0089, ctr_per_doc=0.0089
[2026-05-02 18:25:42,537][two_tower_confounding.experiments.diagnostics][INFO] - [Validation] clicks=1959, displays=219167, ctr=0.0089, ctr_per_doc=0.0089
[2026-05-02 18:25:42,654][two_tower_confounding.experiments.diagnostics][INFO] - [Test] clicks=0, displays=0, ctr=0.0000, ctr_per_doc=0.0000
[2026-05-02 18:25:42,655][two_tower_confounding.experiments.ips_pipeline][INFO] - Running estimator pipeline with model='ips'
[2026-05-02 18:25:42,655][two_tower_confounding.experiments.ips_pipeline][INFO] - Computing position bias (alpha)...
[2026-05-02 18:25:42,661][two_tower_confounding.experiments.ips_pipeline][INFO] - Loaded CSV position bias from /gpfs/home5/sfris1/Doubly-Robust-Optimization-With-Two-Tower-Models/results/position_bias_csv_smoke.csv (method=adjacent_chain): [ 0.         -0.61061436 -0.9636136  -1.3918216  -1.8466424  -2.0047195
 -2.345135   -2.410578   -2.5700867  -2.8911116  -3.2466629  -3.20286
 -2.7213922  -2.6307952  -2.436438   -2.3167303  -2.5692418  -1.9294696
 -1.5668246  -2.3777547  -1.2193924  -0.3031017   0.64597887  0.64597887
  0.6859842 ]
[2026-05-02 18:25:42,662][two_tower_confounding.experiments.propensity_pipeline][INFO] - Computing propensity per doc (method=frequency_based)...
[2026-05-02 18:26:44,858][two_tower_confounding.experiments.propensity_pipeline][INFO] - Propensity computed in 62.20 seconds
[2026-05-02 18:26:44,859][two_tower_confounding.experiments.propensity_pipeline][INFO] - Alpha logits: [ 0.         -0.61061436 -0.9636136  -1.3918216  -1.8466424  -2.0047195
 -2.345135   -2.410578   -2.5700867  -2.8911116  -3.2466629  -3.20286
 -2.7213922  -2.6307952  -2.436438   -2.3167303  -2.5692418  -1.9294696
 -1.5668246  -2.3777547  -1.2193924  -0.3031017   0.64597887  0.64597887
  0.6859842 ]
[2026-05-02 18:26:44,859][two_tower_confounding.experiments.propensity_pipeline][INFO] - Alpha: [0.5        0.35191908 0.27615526 0.1991171  0.1362676  0.11870829
 0.08745325 0.08236962 0.07108858 0.0525947  0.03744699 0.03905823
 0.06172279 0.06718259 0.08043598 0.08974682 0.0711444  0.1268093
 0.17266956 0.08488481 0.22804339 0.4247994  0.65610373 0.65610373
 0.665073  ]
[2026-05-02 18:26:44,860][two_tower_confounding.experiments.propensity_pipeline][INFO] - Propensity clipping disabled.
[2026-05-02 18:26:44,860][two_tower_confounding.experiments.ips_pipeline][INFO] - Computing IPS doc weights...
[2026-05-02 18:26:45,318][two_tower_confounding.experiments.ips_pipeline][INFO] - Doc weights computed in 0.46 seconds
[2026-05-02 18:26:45,325][two_tower_confounding.experiments.model_pipeline][INFO] - Loading trainer (trainer_type='pl-rank', n_samples=100)...
[2026-05-02 18:26:45,327][two_tower_confounding.experiments.model_pipeline][INFO] - Trainer loaded in 0.00 seconds
[2026-05-02 18:26:45,327][two_tower_confounding.experiments.model_pipeline][INFO] - Training model...
[2026-05-02 18:35:13,173][two_tower_confounding.experiments.ips_pipeline][INFO] - Final evaluation results:
{'metrics': {'CTR': 1.1120853424072266,
             'DCG': 2.0801918506622314,
             'NCTR': 0.4714004397392273,
             'NDCG': 0.7533100843429565,
             'NDCG@25': 0.7533100843429565,
             'NRCTR': 0.4714004397392273,
             'RCTR': 1.1120853424072266}}
[2026-05-02 18:35:13,199][submitit][INFO] - Job completed successfully
[2026-05-02 18:35:13,208][submitit][INFO] - Exiting after successful completion
