[2026-06-18 16:55:25,568][feature_based_propensities_for_ULTR.experiments.config_resolver][WARNING] - test_clicks=500000 is ignored because test_set_mode='label_only'. Set test_set_mode='clicks' to enable legacy click-based test behavior.
[2026-06-18 16:55:25,573][feature_based_propensities_for_ULTR.experiments.data_pipeline][INFO] - Loading or generating click datasets...
[2026-06-18 16:55:48,715][absl][INFO] - orbax-checkpoint version: 0.11.40
[2026-06-18 16:55:48,715][absl][INFO] - save_device_host_concurrent_bytes=None
[2026-06-18 16:55:48,716][absl][INFO] - Created BasePyTreeCheckpointHandler: use_ocdbt=True, use_zarr3=False, pytree_metadata_options=PyTreeMetadataOptions(support_rich_types=False), array_metadata_store=<orbax.checkpoint._src.metadata.array_metadata_store.Store object at 0x15356ad26150>, enable_pinned_host_transfer=False, save_concurrent_bytes: 96000000000 (89.4 GiB), restore_concurrent_bytes: 96000000000 (89.4 GiB)
[2026-06-18 16:55:48,716][absl][INFO] - [thread=MainThread] Failed to get flag value for EXPERIMENTAL_ORBAX_USE_DISTRIBUTED_PROCESS_ID.
[2026-06-18 16:55:48,716][absl][INFO] - [process=0][thread=MainThread] Using barrier_sync_fn: <function get_barrier_sync_fn.<locals>.<lambda> at 0x1534c569b880> timeout: 1200 secs and primary_host=0 for async checkpoint writes
[2026-06-18 16:55:48,716][absl][INFO] - [process=0] [sync] Started load checkpoint @ /gpfs/home5/sfris1/ltr_datasets/ips_datasets/logging_policy_c10000_ps1p0_pt0p5_bs1p0_drop0rel0_sessallocv2_candfullv2_topx25_maxdocs80_lprdeep_lpsegreedysampler_lppct10p0.
[2026-06-18 16:55:48,719][absl][INFO] - Restoring checkpoint from /gpfs/home5/sfris1/ltr_datasets/ips_datasets/logging_policy_c10000_ps1p0_pt0p5_bs1p0_drop0rel0_sessallocv2_candfullv2_topx25_maxdocs80_lprdeep_lpsegreedysampler_lppct10p0.
[2026-06-18 16:55:48,719][absl][INFO] - [process=0] [sync] Finished blocking load in 0.00 seconds. Continuing load @ /gpfs/home5/sfris1/ltr_datasets/ips_datasets/logging_policy_c10000_ps1p0_pt0p5_bs1p0_drop0rel0_sessallocv2_candfullv2_topx25_maxdocs80_lprdeep_lpsegreedysampler_lppct10p0.
[2026-06-18 16:55:48,735][absl][INFO] - [process=0] /jax/orbax/read/worker/io/requested throughput: 8.166 MiB/s (total gbytes: 91.8 KiB) (time elapsed: 0.010972976684570312 s) (per-host)
[2026-06-18 16:55:48,736][absl][INFO] - [process=0] /jax/checkpoint/read/gbytes_per_sec: 5.449 MiB/s (total gbytes: 91.8 KiB) (time elapsed: 0.016443729400634766 s) (per-host)
[2026-06-18 16:55:48,737][absl][INFO] - [process=0] [sync] Finished load in 0.02 seconds @ /gpfs/home5/sfris1/ltr_datasets/ips_datasets/logging_policy_c10000_ps1p0_pt0p5_bs1p0_drop0rel0_sessallocv2_candfullv2_topx25_maxdocs80_lprdeep_lpsegreedysampler_lppct10p0
[2026-06-18 16:55:52,867][feature_based_propensities_for_ULTR.experiments.data_pipeline][INFO] - Loaded click datasets in 27.29 seconds (train=8694, val=1306, test=0)
[2026-06-18 16:55:52,867][feature_based_propensities_for_ULTR.experiments.data_pipeline][INFO] - Test split is label-only by design; no test click dataset was loaded.
[2026-06-18 16:55:52,867][feature_based_propensities_for_ULTR.data.runtime.alignment][INFO] - Applying data cutoff override: configured=25, natural=25, effective=25
[2026-06-18 16:55:52,868][feature_based_propensities_for_ULTR.data.runtime.alignment][INFO] - Applying data cutoff override: configured=25, natural=25, effective=25
[2026-06-18 16:55:52,957][feature_based_propensities_for_ULTR.data.runtime.aggregation][INFO] - Initializing simulator...
[2026-06-18 16:55:52,958][feature_based_propensities_for_ULTR.data.runtime.aggregation][INFO] - Aggregating train dataset...
[2026-06-18 16:55:59,092][feature_based_propensities_for_ULTR.data.runtime.aggregation][INFO] - Aggregating validation dataset...
[2026-06-18 16:56:01,658][feature_based_propensities_for_ULTR.data.runtime.aggregation][INFO] - Aggregating test dataset from labels only...
[2026-06-18 16:56:03,309][feature_based_propensities_for_ULTR.data.runtime.aggregation][INFO] - Aggregation done in 10.35 seconds
[2026-06-18 16:56:03,309][feature_based_propensities_for_ULTR.data.runtime.aggregation][INFO] - Session usage after aggregation: requested(train=8694,val=1306), actual(train=8694,val=1306,test=0)
[2026-06-18 16:56:03,309][feature_based_propensities_for_ULTR.data.runtime.aggregation][INFO] - Dataset persistence disabled; skipping aggregated dataset cache save.
[2026-06-18 16:56:03,309][feature_based_propensities_for_ULTR.experiments.ips_pipeline][INFO] - Test split uses label-only evaluation; raw test click diagnostics are skipped.
[2026-06-18 16:56:03,332][feature_based_propensities_for_ULTR.experiments.diagnostics][INFO] - [Data] train_docs=470251, val_docs=70687, test_docs=164676, cutoff=25
[2026-06-18 16:56:03,417][feature_based_propensities_for_ULTR.experiments.diagnostics][INFO] - [Train] clicks=1464, displays=146907, ctr=0.0100, ctr_per_doc=0.0100
[2026-06-18 16:56:03,497][feature_based_propensities_for_ULTR.experiments.diagnostics][INFO] - [Validation] clicks=191, displays=21910, ctr=0.0087, ctr_per_doc=0.0087
[2026-06-18 16:56:03,611][feature_based_propensities_for_ULTR.experiments.diagnostics][INFO] - [Test] clicks=0, displays=0, ctr=0.0000, ctr_per_doc=0.0000
[2026-06-18 16:56:03,612][feature_based_propensities_for_ULTR.experiments.ips_pipeline][INFO] - Running estimator pipeline with model='ips'
[2026-06-18 16:56:03,612][feature_based_propensities_for_ULTR.experiments.ips_pipeline][INFO] - Computing position bias (alpha)...
[2026-06-18 16:56:03,629][ultr_bias_toolkit.bias.intervention_harvesting.all_pairs][INFO] - Position bias estimation using global all pairs estimator
[2026-06-18 16:56:53,655][feature_based_propensities_for_ULTR.experiments.position_bias_pipeline][INFO] - Saved estimated position-bias curve to position_bias.json
[2026-06-18 16:56:53,656][feature_based_propensities_for_ULTR.experiments.ips_pipeline][INFO] - Estimated position bias in-run (estimator=global_all_pairs): [ 0.        -0.9796309 -1.2513121 -1.2802265 -1.7949032 -1.8325158
 -2.0200505 -2.0653577 -2.3222995 -2.4558594 -2.1670847 -2.1108525
 -1.3618655 -2.2002723 -2.4492493 -3.9649532 -1.356686  -2.7722328
 -6.9077554 -6.9077554 -2.9940753 -6.897477  -1.8318739 -2.849558
 -3.1736095]
[2026-06-18 16:56:53,657][feature_based_propensities_for_ULTR.experiments.propensity_pipeline][INFO] - Computing propensity per doc (method=propensity_mlp_regression)...
[2026-06-18 16:57:45,798][feature_based_propensities_for_ULTR.experiments.propensity_pipeline][INFO] - Propensity computed in 52.14 seconds
[2026-06-18 16:57:45,798][feature_based_propensities_for_ULTR.experiments.propensity_pipeline][INFO] - Alpha logits: [ 0.     -0.9796 -1.2513 -1.2802 -1.7949 -1.8325 -2.0201 -2.0654 -2.3223
 -2.4559 -2.1671 -2.1109 -1.3619 -2.2003 -2.4492 -3.965  -1.3567 -2.7722
 -6.9078 -6.9078 -2.9941 -6.8975 -1.8319 -2.8496 -3.1736]
[2026-06-18 16:57:45,799][feature_based_propensities_for_ULTR.experiments.propensity_pipeline][INFO] - Alpha: [0.5    0.273  0.2225 0.2175 0.1425 0.1379 0.1171 0.1125 0.0893 0.079
 0.1027 0.108  0.2039 0.0997 0.0795 0.0186 0.2048 0.0588 0.001  0.001
 0.0477 0.001  0.138  0.0547 0.0402]
[2026-06-18 16:57:45,800][feature_based_propensities_for_ULTR.experiments.propensity_pipeline][INFO] - Propensity clipping disabled.
[2026-06-18 16:57:45,800][feature_based_propensities_for_ULTR.experiments.ips_pipeline][INFO] - Computing IPS doc weights...
[2026-06-18 16:57:46,280][feature_based_propensities_for_ULTR.experiments.ips_pipeline][INFO] - Doc weights computed in 0.48 seconds
[2026-06-18 16:57:46,287][feature_based_propensities_for_ULTR.experiments.model_pipeline][INFO] - Loading trainer (trainer_type='pl-rank', n_samples=100)...
[2026-06-18 16:57:46,289][feature_based_propensities_for_ULTR.experiments.model_pipeline][INFO] - Trainer loaded in 0.00 seconds
[2026-06-18 16:57:46,289][feature_based_propensities_for_ULTR.experiments.model_pipeline][INFO] - Training model...
[2026-06-18 16:59:15,761][feature_based_propensities_for_ULTR.experiments.ips_pipeline][INFO] - Final evaluation results:
{'metrics': {'CTR': 0.8499630689620972,
             'DCG': 2.11177134513855,
             'NCTR': 0.693454384803772,
             'NDCG': 0.7623158693313599,
             'NDCG@25': 0.7623158693313599,
             'NRCTR': 0.693454384803772,
             'RCTR': 0.8499630689620972}}
[2026-06-18 16:59:15,785][submitit][INFO] - Job completed successfully
[2026-06-18 16:59:15,796][submitit][INFO] - Exiting after successful completion
