[2026-03-18 16:11:59,706][jax._src.xla_bridge][ERROR] - Jax plugin configuration error: Exception when calling jax_plugins.xla_cuda12.initialize()
Traceback (most recent call last):
  File "/gpfs/home5/sfris1/two-towers-confounding-project/.venv/lib/python3.11/site-packages/jax/_src/xla_bridge.py", line 485, in discover_pjrt_plugins
    plugin_module.initialize()
  File "/gpfs/home5/sfris1/two-towers-confounding-project/.venv/lib/python3.11/site-packages/jax_plugins/xla_cuda12/__init__.py", line 328, in initialize
    _check_cuda_versions(raise_on_first_error=True)
  File "/gpfs/home5/sfris1/two-towers-confounding-project/.venv/lib/python3.11/site-packages/jax_plugins/xla_cuda12/__init__.py", line 285, in _check_cuda_versions
    local_device_count = cuda_versions.cuda_device_count()
                         ^^^^^^^^^^^^^^^^^^^^^^^^^^^^^^^^^
RuntimeError: jaxlib/cuda/versions_helpers.cc:113: operation cuInit(0) failed: CUDA_ERROR_NO_DEVICE
[2026-03-18 16:12:00,945][two_tower_confounding.experiments.ips_pipeline][WARNING] - wandb.init failed (Error uploading run: returned error 403: {"data":{"upsertBucket":null},"errors":[{"message":"permission denied","path":["upsertBucket"],"extensions":{"code":"PERMISSION_ERROR"}}]}). Continuing with local logging only.
[2026-03-18 16:12:00,946][two_tower_confounding.experiments.ips_pipeline][WARNING] - Disabling wandb for trainer components because initialization failed.
[2026-03-18 16:12:00,947][two_tower_confounding.experiments.config_resolver][WARNING] - test_clicks=500000 is ignored because test_set_mode='label_only'. Set test_set_mode='clicks' to enable legacy click-based test behavior.
[2026-03-18 16:12:00,953][two_tower_confounding.experiments.data_pipeline][INFO] - Loading or generating click datasets...
[2026-03-18 16:13:40,528][absl][INFO] - orbax-checkpoint version: 0.11.25
[2026-03-18 16:13:40,528][absl][INFO] - Created BasePyTreeCheckpointHandler: use_ocdbt=True, use_zarr3=False, pytree_metadata_options=PyTreeMetadataOptions(support_rich_types=False), array_metadata_store=<orbax.checkpoint._src.metadata.array_metadata_store.Store object at 0x149a23bc6110>, enable_pinned_host_transfer=False, save_concurrent_bytes: 96000000000 (89.4 GiB), restore_concurrent_bytes: 96000000000 (89.4 GiB)
[2026-03-18 16:13:40,529][absl][INFO] - [thread=MainThread] Failed to get flag value for EXPERIMENTAL_ORBAX_USE_DISTRIBUTED_PROCESS_ID.
[2026-03-18 16:13:40,529][absl][INFO] - [process=0][thread=MainThread] Using barrier_sync_fn: <function get_barrier_sync_fn.<locals>.<lambda> at 0x1498f84659e0> timeout: 600 secs and primary_host=0 for async checkpoint writes
[2026-03-18 16:13:40,529][absl][INFO] - [process=0] Started async saving checkpoint to /gpfs/home5/sfris1/ltr_datasets/ips_datasets/logging_policy_c5000000_ps1p0_pt0p5_bs1p0_drop0rel0_dqchunk1_fsample1_spct75p0_candfullv2_topx25_maxdocs200_lprdeep_lpsegreedysampler_lppct10p0.
[2026-03-18 16:13:40,531][absl][INFO] - [process=0] Specified `force`: removing existing directory.
[2026-03-18 16:13:40,531][absl][INFO] - Using ThreadSafeKeyValueSignalingClient
[2026-03-18 16:13:40,535][absl][INFO] - Transferring arrays to host memory with options: use_replica_parallel=True, min_slice_bytes_for_replica_parallel=None, max_replicas_for_replica_parallel=None, enable_pinned_host_transfer=False
[2026-03-18 16:13:40,535][absl][INFO] - Creating tmp directory /gpfs/home5/sfris1/ltr_datasets/ips_datasets/logging_policy_c5000000_ps1p0_pt0p5_bs1p0_drop0rel0_dqchunk1_fsample1_spct75p0_candfullv2_topx25_maxdocs200_lprdeep_lpsegreedysampler_lppct10p0.orbax-checkpoint-tmp
[2026-03-18 16:13:40,536][absl][INFO] - [process=0][thread=MainThread] Initiated "orbax.checkpoint._src.serialization.type_handlers.ArrayHandler".serialize. Time taken: 0.001383s
[2026-03-18 16:13:40,537][absl][INFO] - [process=0] /jax/checkpoint/write/blocking_gbytes_per_sec: 0 Bytes/s (total gbytes: 21.4 KiB) (time elapsed: 4 milliseconds) (per-host)
[2026-03-18 16:13:40,538][absl][INFO] - [process=0][thread=MainThread] Initiated Pytree async_save. Time taken: 0.005636s (batch_requests_ready=0.001577s, total_serialization_initiated=0.002564s, others=0.001495s)
[2026-03-18 16:13:40,539][absl][INFO] - Wrote Metadata={'item_handlers': None, 'metrics': {}, 'performance_metrics': {}, 'init_timestamp_nsecs': 1773846820537416369, 'commit_timestamp_nsecs': None, 'custom_metadata': {}}, json={"item_handlers": null, "metrics": {}, "performance_metrics": {}, "init_timestamp_nsecs": 1773846820537416369, "commit_timestamp_nsecs": null, "custom_metadata": {}} to /gpfs/home5/sfris1/ltr_datasets/ips_datasets/logging_policy_c5000000_ps1p0_pt0p5_bs1p0_drop0rel0_dqchunk1_fsample1_spct75p0_candfullv2_topx25_maxdocs200_lprdeep_lpsegreedysampler_lppct10p0.orbax-checkpoint-tmp/_CHECKPOINT_METADATA
[2026-03-18 16:13:40,542][absl][INFO] - [process=0][thread=async_save] Background save thread started.
[2026-03-18 16:13:40,542][absl][INFO] - Finished blocking save. Time taken: 0.012957s. Continuing background save to /gpfs/home5/sfris1/ltr_datasets/ips_datasets/logging_policy_c5000000_ps1p0_pt0p5_bs1p0_drop0rel0_dqchunk1_fsample1_spct75p0_candfullv2_topx25_maxdocs200_lprdeep_lpsegreedysampler_lppct10p0.
[2026-03-18 16:13:40,543][absl][INFO] - [process=0][thread=MainThread] Waiting for background save thread=async_save.
[2026-03-18 16:13:40,545][absl][INFO] - [process=0][thread=array_type_handler] Wrote 6 array_metadata.ArrayMetadata to /gpfs/home5/sfris1/ltr_datasets/ips_datasets/logging_policy_c5000000_ps1p0_pt0p5_bs1p0_drop0rel0_dqchunk1_fsample1_spct75p0_candfullv2_topx25_maxdocs200_lprdeep_lpsegreedysampler_lppct10p0.orbax-checkpoint-tmp/array_metadatas/process_0
[2026-03-18 16:13:40,570][absl][INFO] - [process=0][thread=write_metadata_after_commits] Commit + Array metadata written. Time taken: 0.028539s (commit=0.026648s, array_metadata_write=0.001891s)
[2026-03-18 16:13:40,571][absl][INFO] - [process=0] /jax/checkpoint/write/gbytes_per_sec: 0 Bytes/s (total gbytes: 21.4 KiB) (time elapsed: 38 milliseconds) (per-host)
[2026-03-18 16:13:40,571][absl][INFO] - [process=0][thread=async_save] 2 Handler Commit operations completed. Time taken: 0.027670s.
[2026-03-18 16:13:40,572][absl][INFO] - Read Metadata={'item_handlers': None, 'metrics': {}, 'performance_metrics': {}, 'init_timestamp_nsecs': 1773846820537416369, 'commit_timestamp_nsecs': None, 'custom_metadata': {}} from /gpfs/home5/sfris1/ltr_datasets/ips_datasets/logging_policy_c5000000_ps1p0_pt0p5_bs1p0_drop0rel0_dqchunk1_fsample1_spct75p0_candfullv2_topx25_maxdocs200_lprdeep_lpsegreedysampler_lppct10p0.orbax-checkpoint-tmp/_CHECKPOINT_METADATA
[2026-03-18 16:13:40,573][absl][INFO] - Updated Metadata={'item_handlers': 'orbax.checkpoint._src.handlers.standard_checkpoint_handler.StandardCheckpointHandler', 'metrics': {}, 'performance_metrics': {}, 'init_timestamp_nsecs': 1773846820537416369, 'commit_timestamp_nsecs': None, 'custom_metadata': {}} to /gpfs/home5/sfris1/ltr_datasets/ips_datasets/logging_policy_c5000000_ps1p0_pt0p5_bs1p0_drop0rel0_dqchunk1_fsample1_spct75p0_candfullv2_topx25_maxdocs200_lprdeep_lpsegreedysampler_lppct10p0.orbax-checkpoint-tmp/_CHECKPOINT_METADATA
[2026-03-18 16:13:40,574][absl][INFO] - [process=0][thread=async_save] Skipped cross-host ArrayMetadata validation because only one process is found: process_index=0.
[2026-03-18 16:13:40,578][absl][INFO] - [process=0][thread=async_save] Pytree save finalize (merge_ocdbt + ArrayMetadata validation) completed. Time taken: 0.007010s. use_zarr3=False, enable_post_merge_validation=True, directory=/gpfs/home5/sfris1/ltr_datasets/ips_datasets/logging_policy_c5000000_ps1p0_pt0p5_bs1p0_drop0rel0_dqchunk1_fsample1_spct75p0_candfullv2_topx25_maxdocs200_lprdeep_lpsegreedysampler_lppct10p0.orbax-checkpoint-tmp
[2026-03-18 16:13:40,579][absl][INFO] - Renaming /gpfs/home5/sfris1/ltr_datasets/ips_datasets/logging_policy_c5000000_ps1p0_pt0p5_bs1p0_drop0rel0_dqchunk1_fsample1_spct75p0_candfullv2_topx25_maxdocs200_lprdeep_lpsegreedysampler_lppct10p0.orbax-checkpoint-tmp to /gpfs/home5/sfris1/ltr_datasets/ips_datasets/logging_policy_c5000000_ps1p0_pt0p5_bs1p0_drop0rel0_dqchunk1_fsample1_spct75p0_candfullv2_topx25_maxdocs200_lprdeep_lpsegreedysampler_lppct10p0
[2026-03-18 16:13:40,580][absl][INFO] - [process=0][thread=async_save] Finished saving checkpoint (finalized tmp dir) to `/gpfs/home5/sfris1/ltr_datasets/ips_datasets/logging_policy_c5000000_ps1p0_pt0p5_bs1p0_drop0rel0_dqchunk1_fsample1_spct75p0_candfullv2_topx25_maxdocs200_lprdeep_lpsegreedysampler_lppct10p0`.
[2026-03-18 16:13:40,581][absl][INFO] - Finished async_save (blocking + background). Time taken: 0.051659s. directory=/gpfs/home5/sfris1/ltr_datasets/ips_datasets/logging_policy_c5000000_ps1p0_pt0p5_bs1p0_drop0rel0_dqchunk1_fsample1_spct75p0_candfullv2_topx25_maxdocs200_lprdeep_lpsegreedysampler_lppct10p0
[2026-03-18 16:13:40,581][absl][INFO] - [process=0][thread=async_save] Background save thread done. Time taken: 0.037803s.
[2026-03-18 16:13:40,581][absl][INFO] - [process=0][thread=MainThread] Done with waiting for background save thread=async_save.
[2026-03-18 16:13:40,581][absl][INFO] - [process=0][thread=MainThread] No errors found in background save thread=async_save.
[2026-03-18 16:13:50,852][two_tower_confounding.experiments.data_pipeline][INFO] - Loaded click datasets in 109.90 seconds (train=74998, val=24699, test=0)
[2026-03-18 16:13:50,852][two_tower_confounding.experiments.data_pipeline][INFO] - Test split is label-only by design; no test click dataset was loaded.
[2026-03-18 16:13:50,853][two_tower_confounding.data.runtime.aggregation][INFO] - Applying data cutoff override: configured=25, natural=25, effective=25
[2026-03-18 16:13:50,979][two_tower_confounding.data.runtime.aggregation][INFO] - Initializing simulator...
[2026-03-18 16:13:50,980][two_tower_confounding.data.runtime.aggregation][INFO] - Aggregating train dataset...
[2026-03-18 16:13:55,885][two_tower_confounding.data.runtime.aggregation][INFO] - Aggregating validation dataset...
[2026-03-18 16:13:59,218][two_tower_confounding.data.runtime.aggregation][INFO] - Aggregating test dataset from labels only...
[2026-03-18 16:14:00,844][two_tower_confounding.data.runtime.aggregation][INFO] - Aggregation done in 9.86 seconds
[2026-03-18 16:14:00,844][two_tower_confounding.data.runtime.aggregation][INFO] - Session usage after aggregation: requested(train=74998,val=24699), actual(train=74998,val=24699,test=0)
[2026-03-18 16:14:00,844][two_tower_confounding.data.runtime.aggregation][INFO] - Dataset persistence disabled; skipping aggregated dataset cache save.
[2026-03-18 16:14:00,845][two_tower_confounding.experiments.ips_pipeline][INFO] - Test split uses label-only evaluation; raw test click diagnostics are skipped.
[2026-03-18 16:14:00,915][two_tower_confounding.experiments.diagnostics][INFO] - [Data] train_docs=2270296, val_docs=747218, test_docs=708921, cutoff=25
[2026-03-18 16:14:00,995][two_tower_confounding.experiments.diagnostics][INFO] - [Train] clicks=5743, displays=1703172, ctr=0.0034, ctr_per_doc=0.0034
[2026-03-18 16:14:01,063][two_tower_confounding.experiments.diagnostics][INFO] - [Validation] clicks=1914, displays=561253, ctr=0.0034, ctr_per_doc=0.0034
[2026-03-18 16:14:01,136][two_tower_confounding.experiments.diagnostics][INFO] - [Test] clicks=0, displays=0, ctr=0.0000, ctr_per_doc=0.0000
[2026-03-18 16:14:01,136][two_tower_confounding.experiments.ips_pipeline][INFO] - Running estimator pipeline with model='dr'
[2026-03-18 16:14:01,136][two_tower_confounding.experiments.ips_pipeline][INFO] - Computing position bias (alpha)...
[2026-03-18 16:14:01,199][two_tower_confounding.experiments.propensity_pipeline][INFO] - Computing propensity per doc (method=propensity_mlp_regression)...
[2026-03-18 16:14:01,935][two_tower_confounding.experiments.propensity_pipeline][INFO] - Subsampling propensity classifier training data: 50000/74998 samples
[2026-03-18 16:17:37,204][two_tower_confounding.experiments.propensity_pipeline][INFO] - Propensity computed in 216.01 seconds
[2026-03-18 16:17:37,205][two_tower_confounding.experiments.propensity_pipeline][INFO] - Alpha logits: [-0.     -0.6931 -1.0986 -1.3863 -1.6094 -1.7918 -1.9459 -2.0794 -2.1972
 -2.3026 -2.3979 -2.4849 -2.5649 -2.6391 -2.7081 -2.7726 -2.8332 -2.8904
 -2.9444 -2.9957 -3.0445 -3.091  -3.1355 -3.1781 -3.2189]
[2026-03-18 16:17:37,206][two_tower_confounding.experiments.propensity_pipeline][INFO] - Alpha: [0.5    0.3333 0.25   0.2    0.1667 0.1429 0.125  0.1111 0.1    0.0909
 0.0833 0.0769 0.0714 0.0667 0.0625 0.0588 0.0556 0.0526 0.05   0.0476
 0.0455 0.0435 0.0417 0.04   0.0385]
[2026-03-18 16:17:37,207][two_tower_confounding.experiments.propensity_pipeline][INFO] - Propensity clipping disabled.
[2026-03-18 16:17:37,207][two_tower_confounding.experiments.propensity_pipeline][INFO] - Computing propensity per doc (method=frequency_based)...
[2026-03-18 16:18:34,288][two_tower_confounding.experiments.propensity_pipeline][INFO] - Propensity computed in 57.08 seconds
[2026-03-18 16:18:34,288][two_tower_confounding.experiments.propensity_pipeline][INFO] - Alpha logits: [-0.     -0.6931 -1.0986 -1.3863 -1.6094 -1.7918 -1.9459 -2.0794 -2.1972
 -2.3026 -2.3979 -2.4849 -2.5649 -2.6391 -2.7081 -2.7726 -2.8332 -2.8904
 -2.9444 -2.9957 -3.0445 -3.091  -3.1355 -3.1781 -3.2189]
[2026-03-18 16:18:34,289][two_tower_confounding.experiments.propensity_pipeline][INFO] - Alpha: [0.5    0.3333 0.25   0.2    0.1667 0.1429 0.125  0.1111 0.1    0.0909
 0.0833 0.0769 0.0714 0.0667 0.0625 0.0588 0.0556 0.0526 0.05   0.0476
 0.0455 0.0435 0.0417 0.04   0.0385]
[2026-03-18 16:18:36,143][two_tower_confounding.experiments.regression_pipeline][INFO] - Training regression model for DM/DR...
[2026-03-18 16:19:45,503][two_tower_confounding.experiments.regression_pipeline][INFO] - Regression epoch 3: train_loss=0.138441 val_loss=0.134964
[2026-03-18 16:20:53,655][two_tower_confounding.experiments.regression_pipeline][INFO] - Regression epoch 6: train_loss=0.136342 val_loss=0.135487
[2026-03-18 16:21:00,553][two_tower_confounding.experiments.ips_pipeline][INFO] - Computing DR doc weights...
[2026-03-18 16:21:00,587][two_tower_confounding.experiments.ips_pipeline][INFO] - Doc weights computed in 0.03 seconds
[2026-03-18 16:21:00,597][two_tower_confounding.experiments.model_pipeline][INFO] - Loading trainer (trainer_type='pl-rank', n_samples=100)...
[2026-03-18 16:21:00,599][two_tower_confounding.experiments.model_pipeline][INFO] - Trainer loaded in 0.00 seconds
[2026-03-18 16:21:00,599][two_tower_confounding.experiments.model_pipeline][INFO] - Training model...
[2026-03-18 16:40:04,888][two_tower_confounding.experiments.ips_pipeline][INFO] - Final evaluation results:
{'metrics': {'CTR': 0.5961081981658936,
             'DCG': 1.592896580696106,
             'NCTR': 0.38350266218185425,
             'NDCG': 0.4031640291213989,
             'NDCG@25': 0.4031640291213989,
             'NRCTR': 0.38350266218185425,
             'RCTR': 0.5961081981658936}}
[2026-03-18 16:40:04,909][submitit][INFO] - Job completed successfully
[2026-03-18 16:40:04,920][submitit][INFO] - Exiting after successful completion
[2026-03-23 16:00:19,590][jax._src.xla_bridge][ERROR] - Jax plugin configuration error: Exception when calling jax_plugins.xla_cuda12.initialize()
Traceback (most recent call last):
  File "/gpfs/home5/sfris1/two-towers-confounding-project/.venv/lib/python3.11/site-packages/jax/_src/xla_bridge.py", line 485, in discover_pjrt_plugins
    plugin_module.initialize()
  File "/gpfs/home5/sfris1/two-towers-confounding-project/.venv/lib/python3.11/site-packages/jax_plugins/xla_cuda12/__init__.py", line 328, in initialize
    _check_cuda_versions(raise_on_first_error=True)
  File "/gpfs/home5/sfris1/two-towers-confounding-project/.venv/lib/python3.11/site-packages/jax_plugins/xla_cuda12/__init__.py", line 285, in _check_cuda_versions
    local_device_count = cuda_versions.cuda_device_count()
                         ^^^^^^^^^^^^^^^^^^^^^^^^^^^^^^^^^
RuntimeError: jaxlib/cuda/versions_helpers.cc:113: operation cuInit(0) failed: CUDA_ERROR_NO_DEVICE
[2026-03-23 16:00:20,712][two_tower_confounding.experiments.ips_pipeline][WARNING] - wandb.init failed (Error uploading run: returned error 403: {"data":{"upsertBucket":null},"errors":[{"message":"permission denied","path":["upsertBucket"],"extensions":{"code":"PERMISSION_ERROR"}}]}). Continuing with local logging only.
[2026-03-23 16:00:20,717][two_tower_confounding.experiments.ips_pipeline][WARNING] - Disabling wandb for trainer components because initialization failed.
[2026-03-23 16:00:20,718][two_tower_confounding.experiments.config_resolver][WARNING] - test_clicks=500000 is ignored because test_set_mode='label_only'. Set test_set_mode='clicks' to enable legacy click-based test behavior.
[2026-03-23 16:00:20,723][two_tower_confounding.experiments.data_pipeline][INFO] - Loading or generating click datasets...
[2026-03-23 16:01:48,953][absl][INFO] - orbax-checkpoint version: 0.11.25
[2026-03-23 16:01:48,953][absl][INFO] - Created BasePyTreeCheckpointHandler: use_ocdbt=True, use_zarr3=False, pytree_metadata_options=PyTreeMetadataOptions(support_rich_types=False), array_metadata_store=<orbax.checkpoint._src.metadata.array_metadata_store.Store object at 0x14646cc47790>, enable_pinned_host_transfer=False, save_concurrent_bytes: 96000000000 (89.4 GiB), restore_concurrent_bytes: 96000000000 (89.4 GiB)
[2026-03-23 16:01:48,953][absl][INFO] - [thread=MainThread] Failed to get flag value for EXPERIMENTAL_ORBAX_USE_DISTRIBUTED_PROCESS_ID.
[2026-03-23 16:01:48,953][absl][INFO] - [process=0][thread=MainThread] Using barrier_sync_fn: <function get_barrier_sync_fn.<locals>.<lambda> at 0x1463c5ad7ba0> timeout: 600 secs and primary_host=0 for async checkpoint writes
[2026-03-23 16:01:48,955][absl][INFO] - Restoring checkpoint from /gpfs/home5/sfris1/ltr_datasets/ips_datasets/logging_policy_c5000000_ps1p0_pt0p5_bs1p0_drop0rel0_dqchunk1_fsample1_spct75p0_candfullv2_topx25_maxdocs200_lprdeep_lpsegreedysampler_lppct10p0.
[2026-03-23 16:01:48,978][absl][INFO] - [process=0] /jax/checkpoint/read/gbytes_per_sec: 0 Bytes/s (total gbytes: 21.4 KiB) (time elapsed: 20 milliseconds) (per-host)
[2026-03-23 16:01:48,978][absl][INFO] - Finished restoring checkpoint in 0.02 seconds from /gpfs/home5/sfris1/ltr_datasets/ips_datasets/logging_policy_c5000000_ps1p0_pt0p5_bs1p0_drop0rel0_dqchunk1_fsample1_spct75p0_candfullv2_topx25_maxdocs200_lprdeep_lpsegreedysampler_lppct10p0.
[2026-03-23 16:01:58,989][two_tower_confounding.experiments.data_pipeline][INFO] - Loaded click datasets in 98.27 seconds (train=74998, val=24699, test=0)
[2026-03-23 16:01:58,989][two_tower_confounding.experiments.data_pipeline][INFO] - Test split is label-only by design; no test click dataset was loaded.
[2026-03-23 16:01:58,989][two_tower_confounding.data.runtime.alignment][INFO] - Applying data cutoff override: configured=25, natural=25, effective=25
[2026-03-23 16:01:58,990][two_tower_confounding.data.runtime.alignment][INFO] - Applying data cutoff override: configured=25, natural=25, effective=25
[2026-03-23 16:01:59,125][two_tower_confounding.data.runtime.aggregation][INFO] - Initializing simulator...
[2026-03-23 16:01:59,125][two_tower_confounding.data.runtime.aggregation][INFO] - Aggregating train dataset...
[2026-03-23 16:02:04,377][two_tower_confounding.data.runtime.aggregation][INFO] - Aggregating validation dataset...
[2026-03-23 16:02:08,023][two_tower_confounding.data.runtime.aggregation][INFO] - Aggregating test dataset from labels only...
[2026-03-23 16:02:09,566][two_tower_confounding.data.runtime.aggregation][INFO] - Aggregation done in 10.44 seconds
[2026-03-23 16:02:09,567][two_tower_confounding.data.runtime.aggregation][INFO] - Session usage after aggregation: requested(train=56248,val=18525), actual(train=56248,val=18525,test=0)
[2026-03-23 16:02:09,567][two_tower_confounding.data.runtime.aggregation][INFO] - Dataset persistence disabled; skipping aggregated dataset cache save.
[2026-03-23 16:02:09,567][two_tower_confounding.experiments.ips_pipeline][INFO] - Test split uses label-only evaluation; raw test click diagnostics are skipped.
[2026-03-23 16:02:09,624][two_tower_confounding.experiments.diagnostics][INFO] - [Data] train_docs=2270296, val_docs=747218, test_docs=708921, cutoff=25
[2026-03-23 16:02:09,711][two_tower_confounding.experiments.diagnostics][INFO] - [Train] clicks=4279, displays=1276407, ctr=0.0034, ctr_per_doc=0.0034
[2026-03-23 16:02:09,782][two_tower_confounding.experiments.diagnostics][INFO] - [Validation] clicks=1464, displays=420948, ctr=0.0035, ctr_per_doc=0.0035
[2026-03-23 16:02:09,856][two_tower_confounding.experiments.diagnostics][INFO] - [Test] clicks=0, displays=0, ctr=0.0000, ctr_per_doc=0.0000
[2026-03-23 16:02:09,857][two_tower_confounding.experiments.ips_pipeline][INFO] - Running estimator pipeline with model='dr'
[2026-03-23 16:02:09,857][two_tower_confounding.experiments.ips_pipeline][INFO] - Computing position bias (alpha)...
[2026-03-23 16:02:09,920][two_tower_confounding.experiments.propensity_pipeline][INFO] - Computing propensity per doc (method=propensity_mlp_regression)...
[2026-03-23 16:02:10,616][two_tower_confounding.experiments.propensity_pipeline][INFO] - Subsampling propensity classifier training data: 50000/74998 samples
[2026-03-23 16:05:13,241][two_tower_confounding.experiments.propensity_pipeline][INFO] - Propensity computed in 183.32 seconds
[2026-03-23 16:05:13,241][two_tower_confounding.experiments.propensity_pipeline][INFO] - Alpha logits: [-0.     -0.6931 -1.0986 -1.3863 -1.6094 -1.7918 -1.9459 -2.0794 -2.1972
 -2.3026 -2.3979 -2.4849 -2.5649 -2.6391 -2.7081 -2.7726 -2.8332 -2.8904
 -2.9444 -2.9957 -3.0445 -3.091  -3.1355 -3.1781 -3.2189]
[2026-03-23 16:05:13,242][two_tower_confounding.experiments.propensity_pipeline][INFO] - Alpha: [0.5    0.3333 0.25   0.2    0.1667 0.1429 0.125  0.1111 0.1    0.0909
 0.0833 0.0769 0.0714 0.0667 0.0625 0.0588 0.0556 0.0526 0.05   0.0476
 0.0455 0.0435 0.0417 0.04   0.0385]
[2026-03-23 16:05:13,243][two_tower_confounding.experiments.propensity_pipeline][INFO] - Propensity clipping disabled.
[2026-03-23 16:05:13,243][two_tower_confounding.experiments.propensity_pipeline][INFO] - Computing propensity per doc (method=frequency_based)...
[2026-03-23 16:05:57,415][two_tower_confounding.experiments.propensity_pipeline][INFO] - Propensity computed in 44.17 seconds
[2026-03-23 16:05:57,416][two_tower_confounding.experiments.propensity_pipeline][INFO] - Alpha logits: [-0.     -0.6931 -1.0986 -1.3863 -1.6094 -1.7918 -1.9459 -2.0794 -2.1972
 -2.3026 -2.3979 -2.4849 -2.5649 -2.6391 -2.7081 -2.7726 -2.8332 -2.8904
 -2.9444 -2.9957 -3.0445 -3.091  -3.1355 -3.1781 -3.2189]
[2026-03-23 16:05:57,416][two_tower_confounding.experiments.propensity_pipeline][INFO] - Alpha: [0.5    0.3333 0.25   0.2    0.1667 0.1429 0.125  0.1111 0.1    0.0909
 0.0833 0.0769 0.0714 0.0667 0.0625 0.0588 0.0556 0.0526 0.05   0.0476
 0.0455 0.0435 0.0417 0.04   0.0385]
[2026-03-23 16:05:59,215][two_tower_confounding.experiments.regression_pipeline][INFO] - Training regression model for DM/DR...
[2026-03-23 16:06:48,412][two_tower_confounding.experiments.regression_pipeline][INFO] - Regression epoch 3: train_loss=0.136652 val_loss=0.136456
[2026-03-23 16:07:35,985][two_tower_confounding.experiments.regression_pipeline][INFO] - Regression epoch 6: train_loss=0.135340 val_loss=0.137893
[2026-03-23 16:07:42,325][two_tower_confounding.experiments.ips_pipeline][INFO] - Computing DR doc weights...
[2026-03-23 16:07:42,358][two_tower_confounding.experiments.ips_pipeline][INFO] - Doc weights computed in 0.03 seconds
[2026-03-23 16:07:42,367][two_tower_confounding.experiments.model_pipeline][INFO] - Loading trainer (trainer_type='pl-rank', n_samples=100)...
[2026-03-23 16:07:42,369][two_tower_confounding.experiments.model_pipeline][INFO] - Trainer loaded in 0.00 seconds
[2026-03-23 16:07:42,369][two_tower_confounding.experiments.model_pipeline][INFO] - Training model...
[2026-03-23 16:24:21,444][two_tower_confounding.experiments.ips_pipeline][INFO] - Final evaluation results:
{'metrics': {'CTR': 0.6696417927742004,
             'DCG': 1.7784268856048584,
             'NCTR': 0.4378487169742584,
             'NDCG': 0.4565277099609375,
             'NDCG@25': 0.4565277099609375,
             'NRCTR': 0.4378487169742584,
             'RCTR': 0.6696417927742004}}
[2026-03-23 16:24:21,462][submitit][INFO] - Job completed successfully
[2026-03-23 16:24:21,473][submitit][INFO] - Exiting after successful completion
