[2026-03-18 16:27:34,957][jax._src.xla_bridge][ERROR] - Jax plugin configuration error: Exception when calling jax_plugins.xla_cuda12.initialize()
Traceback (most recent call last):
  File "/gpfs/home5/sfris1/two-towers-confounding-project/.venv/lib/python3.11/site-packages/jax/_src/xla_bridge.py", line 485, in discover_pjrt_plugins
    plugin_module.initialize()
  File "/gpfs/home5/sfris1/two-towers-confounding-project/.venv/lib/python3.11/site-packages/jax_plugins/xla_cuda12/__init__.py", line 328, in initialize
    _check_cuda_versions(raise_on_first_error=True)
  File "/gpfs/home5/sfris1/two-towers-confounding-project/.venv/lib/python3.11/site-packages/jax_plugins/xla_cuda12/__init__.py", line 285, in _check_cuda_versions
    local_device_count = cuda_versions.cuda_device_count()
                         ^^^^^^^^^^^^^^^^^^^^^^^^^^^^^^^^^
RuntimeError: jaxlib/cuda/versions_helpers.cc:113: operation cuInit(0) failed: CUDA_ERROR_NO_DEVICE
[2026-03-18 16:27:36,171][two_tower_confounding.experiments.ips_pipeline][WARNING] - wandb.init failed (Error uploading run: returned error 403: {"data":{"upsertBucket":null},"errors":[{"message":"permission denied","path":["upsertBucket"],"extensions":{"code":"PERMISSION_ERROR"}}]}). Continuing with local logging only.
[2026-03-18 16:27:36,172][two_tower_confounding.experiments.ips_pipeline][WARNING] - Disabling wandb for trainer components because initialization failed.
[2026-03-18 16:27:36,173][two_tower_confounding.experiments.config_resolver][WARNING] - test_clicks=500000 is ignored because test_set_mode='label_only'. Set test_set_mode='clicks' to enable legacy click-based test behavior.
[2026-03-18 16:27:36,179][two_tower_confounding.experiments.data_pipeline][INFO] - Loading or generating click datasets...
[2026-03-18 16:29:03,878][absl][INFO] - orbax-checkpoint version: 0.11.25
[2026-03-18 16:29:03,879][absl][INFO] - Created BasePyTreeCheckpointHandler: use_ocdbt=True, use_zarr3=False, pytree_metadata_options=PyTreeMetadataOptions(support_rich_types=False), array_metadata_store=<orbax.checkpoint._src.metadata.array_metadata_store.Store object at 0x14607aaa1ed0>, enable_pinned_host_transfer=False, save_concurrent_bytes: 96000000000 (89.4 GiB), restore_concurrent_bytes: 96000000000 (89.4 GiB)
[2026-03-18 16:29:03,879][absl][INFO] - [thread=MainThread] Failed to get flag value for EXPERIMENTAL_ORBAX_USE_DISTRIBUTED_PROCESS_ID.
[2026-03-18 16:29:03,879][absl][INFO] - [process=0][thread=MainThread] Using barrier_sync_fn: <function get_barrier_sync_fn.<locals>.<lambda> at 0x145e96d13560> timeout: 600 secs and primary_host=0 for async checkpoint writes
[2026-03-18 16:29:03,881][absl][INFO] - Restoring checkpoint from /gpfs/home5/sfris1/ltr_datasets/ips_datasets/logging_policy_c5000000_ps1p0_pt0p5_bs1p0_drop0rel0_dqchunk1_fsample1_spct100p0_candfullv2_topx25_maxdocs200_lprdeep_lpsegreedysampler_lppct10p0.
[2026-03-18 16:29:03,904][absl][INFO] - [process=0] /jax/checkpoint/read/gbytes_per_sec: 0 Bytes/s (total gbytes: 21.4 KiB) (time elapsed: 20 milliseconds) (per-host)
[2026-03-18 16:29:03,904][absl][INFO] - Finished restoring checkpoint in 0.02 seconds from /gpfs/home5/sfris1/ltr_datasets/ips_datasets/logging_policy_c5000000_ps1p0_pt0p5_bs1p0_drop0rel0_dqchunk1_fsample1_spct100p0_candfullv2_topx25_maxdocs200_lprdeep_lpsegreedysampler_lppct10p0.
[2026-03-18 16:29:16,301][two_tower_confounding.experiments.data_pipeline][INFO] - Loaded click datasets in 100.12 seconds (train=99998, val=32931, test=0)
[2026-03-18 16:29:16,302][two_tower_confounding.experiments.data_pipeline][INFO] - Test split is label-only by design; no test click dataset was loaded.
[2026-03-18 16:29:16,302][two_tower_confounding.data.runtime.aggregation][INFO] - Applying data cutoff override: configured=25, natural=25, effective=25
[2026-03-18 16:29:16,433][two_tower_confounding.data.runtime.aggregation][INFO] - Initializing simulator...
[2026-03-18 16:29:16,434][two_tower_confounding.data.runtime.aggregation][INFO] - Aggregating train dataset...
[2026-03-18 16:29:21,480][two_tower_confounding.data.runtime.aggregation][INFO] - Aggregating validation dataset...
[2026-03-18 16:29:25,065][two_tower_confounding.data.runtime.aggregation][INFO] - Aggregating test dataset from labels only...
[2026-03-18 16:29:26,769][two_tower_confounding.data.runtime.aggregation][INFO] - Aggregation done in 10.33 seconds
[2026-03-18 16:29:26,769][two_tower_confounding.data.runtime.aggregation][INFO] - Session usage after aggregation: requested(train=99998,val=32931), actual(train=99998,val=32931,test=0)
[2026-03-18 16:29:26,769][two_tower_confounding.data.runtime.aggregation][INFO] - Dataset persistence disabled; skipping aggregated dataset cache save.
[2026-03-18 16:29:26,769][two_tower_confounding.experiments.ips_pipeline][INFO] - Test split uses label-only evaluation; raw test click diagnostics are skipped.
[2026-03-18 16:29:26,835][two_tower_confounding.experiments.diagnostics][INFO] - [Data] train_docs=2270296, val_docs=747218, test_docs=708921, cutoff=25
[2026-03-18 16:29:26,920][two_tower_confounding.experiments.diagnostics][INFO] - [Train] clicks=7616, displays=2270296, ctr=0.0034, ctr_per_doc=0.0034
[2026-03-18 16:29:26,990][two_tower_confounding.experiments.diagnostics][INFO] - [Validation] clicks=2550, displays=747218, ctr=0.0034, ctr_per_doc=0.0034
[2026-03-18 16:29:27,063][two_tower_confounding.experiments.diagnostics][INFO] - [Test] clicks=0, displays=0, ctr=0.0000, ctr_per_doc=0.0000
[2026-03-18 16:29:27,064][two_tower_confounding.experiments.ips_pipeline][INFO] - Running estimator pipeline with model='dr'
[2026-03-18 16:29:27,064][two_tower_confounding.experiments.ips_pipeline][INFO] - Computing position bias (alpha)...
[2026-03-18 16:29:27,126][two_tower_confounding.experiments.propensity_pipeline][INFO] - Computing propensity per doc (method=propensity_mlp_regression)...
[2026-03-18 16:29:27,870][two_tower_confounding.experiments.propensity_pipeline][INFO] - Subsampling propensity classifier training data: 50000/99998 samples
[2026-03-18 16:32:25,440][two_tower_confounding.experiments.propensity_pipeline][INFO] - Propensity computed in 178.31 seconds
[2026-03-18 16:32:25,441][two_tower_confounding.experiments.propensity_pipeline][INFO] - Alpha logits: [-0.     -0.6931 -1.0986 -1.3863 -1.6094 -1.7918 -1.9459 -2.0794 -2.1972
 -2.3026 -2.3979 -2.4849 -2.5649 -2.6391 -2.7081 -2.7726 -2.8332 -2.8904
 -2.9444 -2.9957 -3.0445 -3.091  -3.1355 -3.1781 -3.2189]
[2026-03-18 16:32:25,442][two_tower_confounding.experiments.propensity_pipeline][INFO] - Alpha: [0.5    0.3333 0.25   0.2    0.1667 0.1429 0.125  0.1111 0.1    0.0909
 0.0833 0.0769 0.0714 0.0667 0.0625 0.0588 0.0556 0.0526 0.05   0.0476
 0.0455 0.0435 0.0417 0.04   0.0385]
[2026-03-18 16:32:25,443][two_tower_confounding.experiments.propensity_pipeline][INFO] - Propensity clipping disabled.
[2026-03-18 16:32:25,443][two_tower_confounding.experiments.propensity_pipeline][INFO] - Computing propensity per doc (method=frequency_based)...
[2026-03-18 16:33:41,411][two_tower_confounding.experiments.propensity_pipeline][INFO] - Propensity computed in 75.97 seconds
[2026-03-18 16:33:41,412][two_tower_confounding.experiments.propensity_pipeline][INFO] - Alpha logits: [-0.     -0.6931 -1.0986 -1.3863 -1.6094 -1.7918 -1.9459 -2.0794 -2.1972
 -2.3026 -2.3979 -2.4849 -2.5649 -2.6391 -2.7081 -2.7726 -2.8332 -2.8904
 -2.9444 -2.9957 -3.0445 -3.091  -3.1355 -3.1781 -3.2189]
[2026-03-18 16:33:41,412][two_tower_confounding.experiments.propensity_pipeline][INFO] - Alpha: [0.5    0.3333 0.25   0.2    0.1667 0.1429 0.125  0.1111 0.1    0.0909
 0.0833 0.0769 0.0714 0.0667 0.0625 0.0588 0.0556 0.0526 0.05   0.0476
 0.0455 0.0435 0.0417 0.04   0.0385]
[2026-03-18 16:33:43,787][two_tower_confounding.experiments.regression_pipeline][INFO] - Training regression model for DM/DR...
[2026-03-18 16:36:15,233][two_tower_confounding.experiments.regression_pipeline][INFO] - Regression epoch 3: train_loss=0.137522 val_loss=0.148544
[2026-03-18 16:38:49,090][two_tower_confounding.experiments.regression_pipeline][INFO] - Regression epoch 6: train_loss=0.135658 val_loss=0.136792
[2026-03-18 16:41:35,112][two_tower_confounding.experiments.regression_pipeline][INFO] - Regression epoch 9: train_loss=0.135494 val_loss=0.137708
[2026-03-18 16:41:42,779][two_tower_confounding.experiments.ips_pipeline][INFO] - Computing DR doc weights...
[2026-03-18 16:41:42,811][two_tower_confounding.experiments.ips_pipeline][INFO] - Doc weights computed in 0.03 seconds
[2026-03-18 16:41:42,821][two_tower_confounding.experiments.model_pipeline][INFO] - Loading trainer (trainer_type='pl-rank', n_samples=100)...
[2026-03-18 16:41:42,823][two_tower_confounding.experiments.model_pipeline][INFO] - Trainer loaded in 0.00 seconds
[2026-03-18 16:41:42,823][two_tower_confounding.experiments.model_pipeline][INFO] - Training model...
[2026-03-18 16:59:15,614][two_tower_confounding.experiments.ips_pipeline][INFO] - Final evaluation results:
{'metrics': {'CTR': 0.5033562779426575,
             'DCG': 1.3797581195831299,
             'NCTR': 0.32429444789886475,
             'NDCG': 0.34985119104385376,
             'NDCG@25': 0.34985119104385376,
             'NRCTR': 0.32429444789886475,
             'RCTR': 0.5033562779426575}}
[2026-03-18 16:59:15,635][submitit][INFO] - Job completed successfully
[2026-03-18 16:59:15,648][submitit][INFO] - Exiting after successful completion
[2026-03-23 16:00:49,149][jax._src.xla_bridge][ERROR] - Jax plugin configuration error: Exception when calling jax_plugins.xla_cuda12.initialize()
Traceback (most recent call last):
  File "/gpfs/home5/sfris1/two-towers-confounding-project/.venv/lib/python3.11/site-packages/jax/_src/xla_bridge.py", line 485, in discover_pjrt_plugins
    plugin_module.initialize()
  File "/gpfs/home5/sfris1/two-towers-confounding-project/.venv/lib/python3.11/site-packages/jax_plugins/xla_cuda12/__init__.py", line 328, in initialize
    _check_cuda_versions(raise_on_first_error=True)
  File "/gpfs/home5/sfris1/two-towers-confounding-project/.venv/lib/python3.11/site-packages/jax_plugins/xla_cuda12/__init__.py", line 285, in _check_cuda_versions
    local_device_count = cuda_versions.cuda_device_count()
                         ^^^^^^^^^^^^^^^^^^^^^^^^^^^^^^^^^
RuntimeError: jaxlib/cuda/versions_helpers.cc:113: operation cuInit(0) failed: CUDA_ERROR_NO_DEVICE
[2026-03-23 16:00:50,224][two_tower_confounding.experiments.ips_pipeline][WARNING] - wandb.init failed (Error uploading run: returned error 403: {"data":{"upsertBucket":null},"errors":[{"message":"permission denied","path":["upsertBucket"],"extensions":{"code":"PERMISSION_ERROR"}}]}). Continuing with local logging only.
[2026-03-23 16:00:50,225][two_tower_confounding.experiments.ips_pipeline][WARNING] - Disabling wandb for trainer components because initialization failed.
[2026-03-23 16:00:50,226][two_tower_confounding.experiments.config_resolver][WARNING] - test_clicks=500000 is ignored because test_set_mode='label_only'. Set test_set_mode='clicks' to enable legacy click-based test behavior.
[2026-03-23 16:00:50,232][two_tower_confounding.experiments.data_pipeline][INFO] - Loading or generating click datasets...
[2026-03-23 16:02:18,532][absl][INFO] - orbax-checkpoint version: 0.11.25
[2026-03-23 16:02:18,532][absl][INFO] - Created BasePyTreeCheckpointHandler: use_ocdbt=True, use_zarr3=False, pytree_metadata_options=PyTreeMetadataOptions(support_rich_types=False), array_metadata_store=<orbax.checkpoint._src.metadata.array_metadata_store.Store object at 0x14d0b4206c90>, enable_pinned_host_transfer=False, save_concurrent_bytes: 96000000000 (89.4 GiB), restore_concurrent_bytes: 96000000000 (89.4 GiB)
[2026-03-23 16:02:18,532][absl][INFO] - [thread=MainThread] Failed to get flag value for EXPERIMENTAL_ORBAX_USE_DISTRIBUTED_PROCESS_ID.
[2026-03-23 16:02:18,532][absl][INFO] - [process=0][thread=MainThread] Using barrier_sync_fn: <function get_barrier_sync_fn.<locals>.<lambda> at 0x14cfebf8bba0> timeout: 600 secs and primary_host=0 for async checkpoint writes
[2026-03-23 16:02:18,535][absl][INFO] - Restoring checkpoint from /gpfs/home5/sfris1/ltr_datasets/ips_datasets/logging_policy_c5000000_ps1p0_pt0p5_bs1p0_drop0rel0_dqchunk1_fsample1_spct100p0_candfullv2_topx25_maxdocs200_lprdeep_lpsegreedysampler_lppct10p0.
[2026-03-23 16:02:18,557][absl][INFO] - [process=0] /jax/checkpoint/read/gbytes_per_sec: 0 Bytes/s (total gbytes: 21.4 KiB) (time elapsed: 20 milliseconds) (per-host)
[2026-03-23 16:02:18,558][absl][INFO] - Finished restoring checkpoint in 0.02 seconds from /gpfs/home5/sfris1/ltr_datasets/ips_datasets/logging_policy_c5000000_ps1p0_pt0p5_bs1p0_drop0rel0_dqchunk1_fsample1_spct100p0_candfullv2_topx25_maxdocs200_lprdeep_lpsegreedysampler_lppct10p0.
[2026-03-23 16:02:30,905][two_tower_confounding.experiments.data_pipeline][INFO] - Loaded click datasets in 100.67 seconds (train=99998, val=32931, test=0)
[2026-03-23 16:02:30,905][two_tower_confounding.experiments.data_pipeline][INFO] - Test split is label-only by design; no test click dataset was loaded.
[2026-03-23 16:02:30,905][two_tower_confounding.data.runtime.alignment][INFO] - Applying data cutoff override: configured=25, natural=25, effective=25
[2026-03-23 16:02:30,905][two_tower_confounding.data.runtime.alignment][INFO] - Applying data cutoff override: configured=25, natural=25, effective=25
[2026-03-23 16:02:31,037][two_tower_confounding.data.runtime.aggregation][INFO] - Initializing simulator...
[2026-03-23 16:02:31,038][two_tower_confounding.data.runtime.aggregation][INFO] - Aggregating train dataset...
[2026-03-23 16:02:36,260][two_tower_confounding.data.runtime.aggregation][INFO] - Aggregating validation dataset...
[2026-03-23 16:02:39,652][two_tower_confounding.data.runtime.aggregation][INFO] - Aggregating test dataset from labels only...
[2026-03-23 16:02:41,178][two_tower_confounding.data.runtime.aggregation][INFO] - Aggregation done in 10.14 seconds
[2026-03-23 16:02:41,179][two_tower_confounding.data.runtime.aggregation][INFO] - Session usage after aggregation: requested(train=99998,val=32931), actual(train=99998,val=32931,test=0)
[2026-03-23 16:02:41,179][two_tower_confounding.data.runtime.aggregation][INFO] - Dataset persistence disabled; skipping aggregated dataset cache save.
[2026-03-23 16:02:41,179][two_tower_confounding.experiments.ips_pipeline][INFO] - Test split uses label-only evaluation; raw test click diagnostics are skipped.
[2026-03-23 16:02:41,247][two_tower_confounding.experiments.diagnostics][INFO] - [Data] train_docs=2270296, val_docs=747218, test_docs=708921, cutoff=25
[2026-03-23 16:02:41,337][two_tower_confounding.experiments.diagnostics][INFO] - [Train] clicks=7616, displays=2270296, ctr=0.0034, ctr_per_doc=0.0034
[2026-03-23 16:02:41,411][two_tower_confounding.experiments.diagnostics][INFO] - [Validation] clicks=2550, displays=747218, ctr=0.0034, ctr_per_doc=0.0034
[2026-03-23 16:02:41,487][two_tower_confounding.experiments.diagnostics][INFO] - [Test] clicks=0, displays=0, ctr=0.0000, ctr_per_doc=0.0000
[2026-03-23 16:02:41,488][two_tower_confounding.experiments.ips_pipeline][INFO] - Running estimator pipeline with model='dr'
[2026-03-23 16:02:41,488][two_tower_confounding.experiments.ips_pipeline][INFO] - Computing position bias (alpha)...
[2026-03-23 16:02:41,552][two_tower_confounding.experiments.propensity_pipeline][INFO] - Computing propensity per doc (method=propensity_mlp_regression)...
[2026-03-23 16:02:42,254][two_tower_confounding.experiments.propensity_pipeline][INFO] - Subsampling propensity classifier training data: 50000/99998 samples
[2026-03-23 16:05:32,424][two_tower_confounding.experiments.propensity_pipeline][INFO] - Propensity computed in 170.87 seconds
[2026-03-23 16:05:32,424][two_tower_confounding.experiments.propensity_pipeline][INFO] - Alpha logits: [-0.     -0.6931 -1.0986 -1.3863 -1.6094 -1.7918 -1.9459 -2.0794 -2.1972
 -2.3026 -2.3979 -2.4849 -2.5649 -2.6391 -2.7081 -2.7726 -2.8332 -2.8904
 -2.9444 -2.9957 -3.0445 -3.091  -3.1355 -3.1781 -3.2189]
[2026-03-23 16:05:32,425][two_tower_confounding.experiments.propensity_pipeline][INFO] - Alpha: [0.5    0.3333 0.25   0.2    0.1667 0.1429 0.125  0.1111 0.1    0.0909
 0.0833 0.0769 0.0714 0.0667 0.0625 0.0588 0.0556 0.0526 0.05   0.0476
 0.0455 0.0435 0.0417 0.04   0.0385]
[2026-03-23 16:05:32,426][two_tower_confounding.experiments.propensity_pipeline][INFO] - Propensity clipping disabled.
[2026-03-23 16:05:32,427][two_tower_confounding.experiments.propensity_pipeline][INFO] - Computing propensity per doc (method=frequency_based)...
[2026-03-23 16:06:48,763][two_tower_confounding.experiments.propensity_pipeline][INFO] - Propensity computed in 76.34 seconds
[2026-03-23 16:06:48,763][two_tower_confounding.experiments.propensity_pipeline][INFO] - Alpha logits: [-0.     -0.6931 -1.0986 -1.3863 -1.6094 -1.7918 -1.9459 -2.0794 -2.1972
 -2.3026 -2.3979 -2.4849 -2.5649 -2.6391 -2.7081 -2.7726 -2.8332 -2.8904
 -2.9444 -2.9957 -3.0445 -3.091  -3.1355 -3.1781 -3.2189]
[2026-03-23 16:06:48,764][two_tower_confounding.experiments.propensity_pipeline][INFO] - Alpha: [0.5    0.3333 0.25   0.2    0.1667 0.1429 0.125  0.1111 0.1    0.0909
 0.0833 0.0769 0.0714 0.0667 0.0625 0.0588 0.0556 0.0526 0.05   0.0476
 0.0455 0.0435 0.0417 0.04   0.0385]
[2026-03-23 16:06:50,977][two_tower_confounding.experiments.regression_pipeline][INFO] - Training regression model for DM/DR...
[2026-03-23 16:08:21,594][two_tower_confounding.experiments.regression_pipeline][INFO] - Regression epoch 3: train_loss=0.138274 val_loss=0.150377
[2026-03-23 16:09:49,159][two_tower_confounding.experiments.regression_pipeline][INFO] - Regression epoch 6: train_loss=0.136619 val_loss=0.137866
[2026-03-23 16:11:16,872][two_tower_confounding.experiments.regression_pipeline][INFO] - Regression epoch 9: train_loss=0.136428 val_loss=0.138766
[2026-03-23 16:11:23,239][two_tower_confounding.experiments.ips_pipeline][INFO] - Computing DR doc weights...
[2026-03-23 16:11:23,274][two_tower_confounding.experiments.ips_pipeline][INFO] - Doc weights computed in 0.03 seconds
[2026-03-23 16:11:23,283][two_tower_confounding.experiments.model_pipeline][INFO] - Loading trainer (trainer_type='pl-rank', n_samples=100)...
[2026-03-23 16:11:23,285][two_tower_confounding.experiments.model_pipeline][INFO] - Trainer loaded in 0.00 seconds
[2026-03-23 16:11:23,285][two_tower_confounding.experiments.model_pipeline][INFO] - Training model...
[2026-03-23 16:28:01,864][two_tower_confounding.experiments.ips_pipeline][INFO] - Final evaluation results:
{'metrics': {'CTR': 0.5006071925163269,
             'DCG': 1.3718104362487793,
             'NCTR': 0.32220157980918884,
             'NDCG': 0.34750208258628845,
             'NDCG@25': 0.34750208258628845,
             'NRCTR': 0.32220157980918884,
             'RCTR': 0.5006071925163269}}
[2026-03-23 16:28:01,882][submitit][INFO] - Job completed successfully
[2026-03-23 16:28:01,894][submitit][INFO] - Exiting after successful completion
