[2026-06-18 15:35:16,792][feature_based_propensities_for_ULTR.experiments.config_resolver][WARNING] - test_clicks=500000 is ignored because test_set_mode='label_only'. Set test_set_mode='clicks' to enable legacy click-based test behavior.
[2026-06-18 15:35:16,797][feature_based_propensities_for_ULTR.experiments.data_pipeline][INFO] - Loading or generating click datasets...
[2026-06-18 15:36:46,019][absl][INFO] - orbax-checkpoint version: 0.11.40
[2026-06-18 15:36:46,019][absl][INFO] - save_device_host_concurrent_bytes=None
[2026-06-18 15:36:46,019][absl][INFO] - Created BasePyTreeCheckpointHandler: use_ocdbt=True, use_zarr3=False, pytree_metadata_options=PyTreeMetadataOptions(support_rich_types=False), array_metadata_store=<orbax.checkpoint._src.metadata.array_metadata_store.Store object at 0x1546290a6fd0>, enable_pinned_host_transfer=False, save_concurrent_bytes: 96000000000 (89.4 GiB), restore_concurrent_bytes: 96000000000 (89.4 GiB)
[2026-06-18 15:36:46,019][absl][INFO] - [thread=MainThread] Failed to get flag value for EXPERIMENTAL_ORBAX_USE_DISTRIBUTED_PROCESS_ID.
[2026-06-18 15:36:46,020][absl][INFO] - [process=0][thread=MainThread] Using barrier_sync_fn: <function get_barrier_sync_fn.<locals>.<lambda> at 0x15457c51f920> timeout: 1200 secs and primary_host=0 for async checkpoint writes
[2026-06-18 15:36:46,020][absl][INFO] - [process=0] [sync] Started load checkpoint @ /gpfs/home5/sfris1/ltr_datasets/ips_datasets/istella_logging_policy_c10000_ps1p0_pt0p5_bs1p0_drop0rel0_sessallocv2_candfullv2_topx25_maxdocs200_lprdeep_lpsegreedysampler_lppct10p0.
[2026-06-18 15:36:46,022][absl][INFO] - Restoring checkpoint from /gpfs/home5/sfris1/ltr_datasets/ips_datasets/istella_logging_policy_c10000_ps1p0_pt0p5_bs1p0_drop0rel0_sessallocv2_candfullv2_topx25_maxdocs200_lprdeep_lpsegreedysampler_lppct10p0.
[2026-06-18 15:36:46,023][absl][INFO] - [process=0] [sync] Finished blocking load in 0.00 seconds. Continuing load @ /gpfs/home5/sfris1/ltr_datasets/ips_datasets/istella_logging_policy_c10000_ps1p0_pt0p5_bs1p0_drop0rel0_sessallocv2_candfullv2_topx25_maxdocs200_lprdeep_lpsegreedysampler_lppct10p0.
[2026-06-18 15:36:46,038][absl][INFO] - [process=0] /jax/orbax/read/worker/io/requested throughput: 2.821 MiB/s (total gbytes: 31.6 KiB) (time elapsed: 0.010950803756713867 s) (per-host)
[2026-06-18 15:36:46,040][absl][INFO] - [process=0] /jax/checkpoint/read/gbytes_per_sec: 1.865 MiB/s (total gbytes: 31.6 KiB) (time elapsed: 0.016561031341552734 s) (per-host)
[2026-06-18 15:36:46,040][absl][INFO] - [process=0] [sync] Finished load in 0.02 seconds @ /gpfs/home5/sfris1/ltr_datasets/ips_datasets/istella_logging_policy_c10000_ps1p0_pt0p5_bs1p0_drop0rel0_sessallocv2_candfullv2_topx25_maxdocs200_lprdeep_lpsegreedysampler_lppct10p0
[2026-06-18 15:36:51,228][feature_based_propensities_for_ULTR.experiments.data_pipeline][INFO] - Loaded click datasets in 94.43 seconds (train=7274, val=2726, test=0)
[2026-06-18 15:36:51,228][feature_based_propensities_for_ULTR.experiments.data_pipeline][INFO] - Test split is label-only by design; no test click dataset was loaded.
[2026-06-18 15:36:51,228][feature_based_propensities_for_ULTR.data.runtime.alignment][INFO] - Applying data cutoff override: configured=25, natural=25, effective=25
[2026-06-18 15:36:51,229][feature_based_propensities_for_ULTR.data.runtime.alignment][INFO] - Applying data cutoff override: configured=25, natural=25, effective=25
[2026-06-18 15:36:51,319][feature_based_propensities_for_ULTR.data.runtime.aggregation][INFO] - Initializing simulator...
[2026-06-18 15:36:51,320][feature_based_propensities_for_ULTR.data.runtime.aggregation][INFO] - Aggregating train dataset...
[2026-06-18 15:36:57,624][feature_based_propensities_for_ULTR.data.runtime.aggregation][INFO] - Aggregating validation dataset...
[2026-06-18 15:37:00,808][feature_based_propensities_for_ULTR.data.runtime.aggregation][INFO] - Aggregating test dataset from labels only...
[2026-06-18 15:37:02,256][feature_based_propensities_for_ULTR.data.runtime.aggregation][INFO] - Aggregation done in 10.94 seconds
[2026-06-18 15:37:02,256][feature_based_propensities_for_ULTR.data.runtime.aggregation][INFO] - Session usage after aggregation: requested(train=7274,val=2726), actual(train=7274,val=2726,test=0)
[2026-06-18 15:37:02,256][feature_based_propensities_for_ULTR.data.runtime.aggregation][INFO] - Dataset persistence disabled; skipping aggregated dataset cache save.
[2026-06-18 15:37:02,257][feature_based_propensities_for_ULTR.experiments.ips_pipeline][INFO] - Test split uses label-only evaluation; raw test click diagnostics are skipped.
[2026-06-18 15:37:02,306][feature_based_propensities_for_ULTR.experiments.diagnostics][INFO] - [Data] train_docs=2043304, val_docs=684076, test_docs=681250, cutoff=25
[2026-06-18 15:37:02,401][feature_based_propensities_for_ULTR.experiments.diagnostics][INFO] - [Train] clicks=1609, displays=181138, ctr=0.0089, ctr_per_doc=0.0089
[2026-06-18 15:37:02,490][feature_based_propensities_for_ULTR.experiments.diagnostics][INFO] - [Validation] clicks=556, displays=67609, ctr=0.0082, ctr_per_doc=0.0082
[2026-06-18 15:37:02,576][feature_based_propensities_for_ULTR.experiments.diagnostics][INFO] - [Test] clicks=0, displays=0, ctr=0.0000, ctr_per_doc=0.0000
[2026-06-18 15:37:02,576][feature_based_propensities_for_ULTR.experiments.ips_pipeline][INFO] - Running estimator pipeline with model='dr'
[2026-06-18 15:37:02,576][feature_based_propensities_for_ULTR.experiments.ips_pipeline][INFO] - Computing position bias (alpha)...
[2026-06-18 15:37:02,594][ultr_bias_toolkit.bias.intervention_harvesting.all_pairs][INFO] - Position bias estimation using global all pairs estimator
[2026-06-18 15:37:50,536][feature_based_propensities_for_ULTR.experiments.position_bias_pipeline][INFO] - Saved estimated position-bias curve to position_bias.json
[2026-06-18 15:37:50,537][feature_based_propensities_for_ULTR.experiments.ips_pipeline][INFO] - Estimated position bias in-run (estimator=global_all_pairs): [ 0.        -1.0071247 -1.8616762 -1.5806288 -1.7826068 -1.5825996
 -1.8026699 -2.307957  -3.5099854 -1.9325086 -2.24688   -2.7602236
 -3.6412675 -2.677489  -3.697847  -2.6439734 -1.9143311 -2.0474427
 -6.9077554 -3.3841307 -6.64116   -6.9077554 -6.9077554 -3.682293
 -2.3005722]
[2026-06-18 15:37:50,538][feature_based_propensities_for_ULTR.experiments.propensity_pipeline][INFO] - Computing propensity per doc (method=true_propensity)...
[2026-06-18 15:38:18,257][feature_based_propensities_for_ULTR.experiments.propensity_pipeline][INFO] - Propensity computed in 27.72 seconds
[2026-06-18 15:38:18,258][feature_based_propensities_for_ULTR.experiments.propensity_pipeline][INFO] - Alpha logits: [ 0.        -1.0071247 -1.8616762 -1.5806288 -1.7826068 -1.5825996
 -1.8026699 -2.307957  -3.5099854 -1.9325086 -2.24688   -2.7602236
 -3.6412675 -2.677489  -3.697847  -2.6439734 -1.9143311 -2.0474427
 -6.9077554 -3.3841307 -6.64116   -6.9077554 -6.9077554 -3.682293
 -2.3005722]
[2026-06-18 15:38:18,259][feature_based_propensities_for_ULTR.experiments.propensity_pipeline][INFO] - Alpha: [0.5        0.26754296 0.13450779 0.17070645 0.14398155 0.17042762
 0.14152637 0.09046611 0.02902944 0.12647317 0.09561892 0.05951185
 0.02554921 0.06431481 0.02417777 0.06636143 0.12849507 0.11431104
 0.000999   0.03279511 0.00130381 0.000999   0.000999   0.02454746
 0.09107558]
[2026-06-18 15:38:18,259][feature_based_propensities_for_ULTR.experiments.propensity_pipeline][INFO] - Propensity clipping disabled.
[2026-06-18 15:38:18,260][feature_based_propensities_for_ULTR.experiments.propensity_pipeline][INFO] - Computing propensity per doc (method=frequency_based)...
[2026-06-18 15:38:44,164][feature_based_propensities_for_ULTR.experiments.propensity_pipeline][INFO] - Propensity computed in 25.90 seconds
[2026-06-18 15:38:44,164][feature_based_propensities_for_ULTR.experiments.propensity_pipeline][INFO] - Alpha logits: [ 0.        -1.0071247 -1.8616762 -1.5806288 -1.7826068 -1.5825996
 -1.8026699 -2.307957  -3.5099854 -1.9325086 -2.24688   -2.7602236
 -3.6412675 -2.677489  -3.697847  -2.6439734 -1.9143311 -2.0474427
 -6.9077554 -3.3841307 -6.64116   -6.9077554 -6.9077554 -3.682293
 -2.3005722]
[2026-06-18 15:38:44,165][feature_based_propensities_for_ULTR.experiments.propensity_pipeline][INFO] - Alpha: [0.5        0.26754296 0.13450779 0.17070645 0.14398155 0.17042762
 0.14152637 0.09046611 0.02902944 0.12647317 0.09561892 0.05951185
 0.02554921 0.06431481 0.02417777 0.06636143 0.12849507 0.11431104
 0.000999   0.03279511 0.00130381 0.000999   0.000999   0.02454746
 0.09107558]
[2026-06-18 15:38:45,587][feature_based_propensities_for_ULTR.experiments.regression_pipeline][INFO] - Training regression model for DM/DR...
[2026-06-18 15:38:53,200][feature_based_propensities_for_ULTR.experiments.regression_pipeline][INFO] - Regression epoch 3: train_loss=0.293272 val_loss=0.363825
[2026-06-18 15:38:59,735][feature_based_propensities_for_ULTR.experiments.regression_pipeline][INFO] - Regression epoch 6: train_loss=0.281434 val_loss=0.304323
[2026-06-18 15:39:06,283][feature_based_propensities_for_ULTR.experiments.regression_pipeline][INFO] - Regression epoch 9: train_loss=0.266783 val_loss=0.311036
[2026-06-18 15:39:12,120][feature_based_propensities_for_ULTR.experiments.ips_pipeline][INFO] - Computing DR doc weights...
[2026-06-18 15:39:12,147][feature_based_propensities_for_ULTR.experiments.ips_pipeline][INFO] - Doc weights computed in 0.03 seconds
[2026-06-18 15:39:12,158][feature_based_propensities_for_ULTR.experiments.model_pipeline][INFO] - Loading trainer (trainer_type='pl-rank', n_samples=100)...
[2026-06-18 15:39:12,159][feature_based_propensities_for_ULTR.experiments.model_pipeline][INFO] - Trainer loaded in 0.00 seconds
[2026-06-18 15:39:12,159][feature_based_propensities_for_ULTR.experiments.model_pipeline][INFO] - Training model...
[2026-06-18 16:05:29,115][feature_based_propensities_for_ULTR.experiments.ips_pipeline][INFO] - Final evaluation results:
{'metrics': {'CTR': 0.8828817009925842,
             'DCG': 2.4166224002838135,
             'NCTR': 0.6139888167381287,
             'NDCG': 0.70111083984375,
             'NDCG@25': 0.70111083984375,
             'NRCTR': 0.6139888167381287,
             'RCTR': 0.8828817009925842}}
[2026-06-18 16:05:29,182][submitit][INFO] - Job completed successfully
[2026-06-18 16:05:29,192][submitit][INFO] - Exiting after successful completion
