[2026-06-18 16:55:11,006][feature_based_propensities_for_ULTR.experiments.config_resolver][WARNING] - test_clicks=500000 is ignored because test_set_mode='label_only'. Set test_set_mode='clicks' to enable legacy click-based test behavior.
[2026-06-18 16:55:11,011][feature_based_propensities_for_ULTR.experiments.data_pipeline][INFO] - Loading or generating click datasets...
[2026-06-18 16:56:40,321][absl][INFO] - orbax-checkpoint version: 0.11.40
[2026-06-18 16:56:40,321][absl][INFO] - save_device_host_concurrent_bytes=None
[2026-06-18 16:56:40,321][absl][INFO] - Created BasePyTreeCheckpointHandler: use_ocdbt=True, use_zarr3=False, pytree_metadata_options=PyTreeMetadataOptions(support_rich_types=False), array_metadata_store=<orbax.checkpoint._src.metadata.array_metadata_store.Store object at 0x14bfff462910>, enable_pinned_host_transfer=False, save_concurrent_bytes: 96000000000 (89.4 GiB), restore_concurrent_bytes: 96000000000 (89.4 GiB)
[2026-06-18 16:56:40,322][absl][INFO] - [thread=MainThread] Failed to get flag value for EXPERIMENTAL_ORBAX_USE_DISTRIBUTED_PROCESS_ID.
[2026-06-18 16:56:40,322][absl][INFO] - [process=0][thread=MainThread] Using barrier_sync_fn: <function get_barrier_sync_fn.<locals>.<lambda> at 0x14bf4f927920> timeout: 1200 secs and primary_host=0 for async checkpoint writes
[2026-06-18 16:56:40,322][absl][INFO] - [process=0] [sync] Started load checkpoint @ /gpfs/home5/sfris1/ltr_datasets/ips_datasets/istella_logging_policy_c10000_ps1p0_pt0p5_bs1p0_drop0rel0_sessallocv2_candfullv2_topx25_maxdocs200_lprdeep_lpsegreedysampler_lppct10p0.
[2026-06-18 16:56:40,326][absl][INFO] - Restoring checkpoint from /gpfs/home5/sfris1/ltr_datasets/ips_datasets/istella_logging_policy_c10000_ps1p0_pt0p5_bs1p0_drop0rel0_sessallocv2_candfullv2_topx25_maxdocs200_lprdeep_lpsegreedysampler_lppct10p0.
[2026-06-18 16:56:40,326][absl][INFO] - [process=0] [sync] Finished blocking load in 0.00 seconds. Continuing load @ /gpfs/home5/sfris1/ltr_datasets/ips_datasets/istella_logging_policy_c10000_ps1p0_pt0p5_bs1p0_drop0rel0_sessallocv2_candfullv2_topx25_maxdocs200_lprdeep_lpsegreedysampler_lppct10p0.
[2026-06-18 16:56:40,342][absl][INFO] - [process=0] /jax/orbax/read/worker/io/requested throughput: 2.794 MiB/s (total gbytes: 31.6 KiB) (time elapsed: 0.011055231094360352 s) (per-host)
[2026-06-18 16:56:40,344][absl][INFO] - [process=0] /jax/checkpoint/read/gbytes_per_sec: 1.807 MiB/s (total gbytes: 31.6 KiB) (time elapsed: 0.017093896865844727 s) (per-host)
[2026-06-18 16:56:40,344][absl][INFO] - [process=0] [sync] Finished load in 0.02 seconds @ /gpfs/home5/sfris1/ltr_datasets/ips_datasets/istella_logging_policy_c10000_ps1p0_pt0p5_bs1p0_drop0rel0_sessallocv2_candfullv2_topx25_maxdocs200_lprdeep_lpsegreedysampler_lppct10p0
[2026-06-18 16:56:45,452][feature_based_propensities_for_ULTR.experiments.data_pipeline][INFO] - Loaded click datasets in 94.44 seconds (train=7274, val=2726, test=0)
[2026-06-18 16:56:45,452][feature_based_propensities_for_ULTR.experiments.data_pipeline][INFO] - Test split is label-only by design; no test click dataset was loaded.
[2026-06-18 16:56:45,452][feature_based_propensities_for_ULTR.data.runtime.alignment][INFO] - Applying data cutoff override: configured=25, natural=25, effective=25
[2026-06-18 16:56:45,452][feature_based_propensities_for_ULTR.data.runtime.alignment][INFO] - Applying data cutoff override: configured=25, natural=25, effective=25
[2026-06-18 16:56:45,543][feature_based_propensities_for_ULTR.data.runtime.aggregation][INFO] - Initializing simulator...
[2026-06-18 16:56:45,544][feature_based_propensities_for_ULTR.data.runtime.aggregation][INFO] - Aggregating train dataset...
[2026-06-18 16:56:51,939][feature_based_propensities_for_ULTR.data.runtime.aggregation][INFO] - Aggregating validation dataset...
[2026-06-18 16:56:55,110][feature_based_propensities_for_ULTR.data.runtime.aggregation][INFO] - Aggregating test dataset from labels only...
[2026-06-18 16:56:56,502][feature_based_propensities_for_ULTR.data.runtime.aggregation][INFO] - Aggregation done in 10.96 seconds
[2026-06-18 16:56:56,503][feature_based_propensities_for_ULTR.data.runtime.aggregation][INFO] - Session usage after aggregation: requested(train=7274,val=2726), actual(train=7274,val=2726,test=0)
[2026-06-18 16:56:56,503][feature_based_propensities_for_ULTR.data.runtime.aggregation][INFO] - Dataset persistence disabled; skipping aggregated dataset cache save.
[2026-06-18 16:56:56,503][feature_based_propensities_for_ULTR.experiments.ips_pipeline][INFO] - Test split uses label-only evaluation; raw test click diagnostics are skipped.
[2026-06-18 16:56:56,563][feature_based_propensities_for_ULTR.experiments.diagnostics][INFO] - [Data] train_docs=2043304, val_docs=684076, test_docs=681250, cutoff=25
[2026-06-18 16:56:56,657][feature_based_propensities_for_ULTR.experiments.diagnostics][INFO] - [Train] clicks=1557, displays=181030, ctr=0.0086, ctr_per_doc=0.0086
[2026-06-18 16:56:56,750][feature_based_propensities_for_ULTR.experiments.diagnostics][INFO] - [Validation] clicks=570, displays=67560, ctr=0.0084, ctr_per_doc=0.0084
[2026-06-18 16:56:56,837][feature_based_propensities_for_ULTR.experiments.diagnostics][INFO] - [Test] clicks=0, displays=0, ctr=0.0000, ctr_per_doc=0.0000
[2026-06-18 16:56:56,837][feature_based_propensities_for_ULTR.experiments.ips_pipeline][INFO] - Running estimator pipeline with model='dm'
[2026-06-18 16:56:56,837][feature_based_propensities_for_ULTR.experiments.ips_pipeline][INFO] - Computing position bias (alpha)...
[2026-06-18 16:56:56,857][ultr_bias_toolkit.bias.intervention_harvesting.all_pairs][INFO] - Position bias estimation using global all pairs estimator
[2026-06-18 16:57:46,106][feature_based_propensities_for_ULTR.experiments.position_bias_pipeline][INFO] - Saved estimated position-bias curve to position_bias.json
[2026-06-18 16:57:46,107][feature_based_propensities_for_ULTR.experiments.ips_pipeline][INFO] - Estimated position bias in-run (estimator=global_all_pairs): [ 0.        -1.0529102 -1.3300973 -1.591294  -2.0373385 -1.6875861
 -1.8868355 -2.1371    -2.0729468 -3.5743155 -2.072799  -1.95134
 -3.4779892 -2.414161  -2.4562645 -3.851441  -2.4508657 -3.907667
 -2.7200286 -2.4685879 -6.9077554 -2.0628455 -1.9244164 -6.9077554
 -2.8446546]
[2026-06-18 16:57:46,108][feature_based_propensities_for_ULTR.experiments.propensity_pipeline][INFO] - Computing propensity per doc (method=frequency_based)...
[2026-06-18 16:58:13,158][feature_based_propensities_for_ULTR.experiments.propensity_pipeline][INFO] - Propensity computed in 27.05 seconds
[2026-06-18 16:58:13,158][feature_based_propensities_for_ULTR.experiments.propensity_pipeline][INFO] - Alpha logits: [ 0.        -1.0529102 -1.3300973 -1.591294  -2.0373385 -1.6875861
 -1.8868355 -2.1371    -2.0729468 -3.5743155 -2.072799  -1.95134
 -3.4779892 -2.414161  -2.4562645 -3.851441  -2.4508657 -3.907667
 -2.7200286 -2.4685879 -6.9077554 -2.0628455 -1.9244164 -6.9077554
 -2.8446546]
[2026-06-18 16:58:13,159][feature_based_propensities_for_ULTR.experiments.propensity_pipeline][INFO] - Alpha: [0.5        0.25866663 0.20914328 0.16920193 0.11533803 0.15609355
 0.13160571 0.10554286 0.1117542  0.0272701  0.11176886 0.12440732
 0.02994504 0.0820992  0.07898165 0.02080697 0.07937526 0.01969176
 0.0618018  0.07808984 0.000999   0.11276084 0.12736988 0.000999
 0.05495829]
[2026-06-18 16:58:13,160][feature_based_propensities_for_ULTR.experiments.propensity_pipeline][INFO] - Propensity clipping disabled.
[2026-06-18 16:58:14,581][feature_based_propensities_for_ULTR.experiments.regression_pipeline][INFO] - Training regression model for DM/DR...
[2026-06-18 16:58:22,437][feature_based_propensities_for_ULTR.experiments.regression_pipeline][INFO] - Regression epoch 3: train_loss=0.381713 val_loss=0.541261
[2026-06-18 16:58:29,217][feature_based_propensities_for_ULTR.experiments.regression_pipeline][INFO] - Regression epoch 6: train_loss=0.356352 val_loss=0.468736
[2026-06-18 16:58:36,056][feature_based_propensities_for_ULTR.experiments.regression_pipeline][INFO] - Regression epoch 9: train_loss=0.367377 val_loss=0.409939
[2026-06-18 16:58:42,922][feature_based_propensities_for_ULTR.experiments.regression_pipeline][INFO] - Regression epoch 12: train_loss=0.305450 val_loss=0.500285
[2026-06-18 16:58:48,832][feature_based_propensities_for_ULTR.experiments.ips_pipeline][INFO] - Computing DM doc weights...
[2026-06-18 16:58:48,833][feature_based_propensities_for_ULTR.experiments.ips_pipeline][INFO] - Doc weights computed in 0.00 seconds
[2026-06-18 16:58:48,843][feature_based_propensities_for_ULTR.experiments.model_pipeline][INFO] - Loading trainer (trainer_type='pl-rank', n_samples=100)...
[2026-06-18 16:58:48,845][feature_based_propensities_for_ULTR.experiments.model_pipeline][INFO] - Trainer loaded in 0.00 seconds
[2026-06-18 16:58:48,845][feature_based_propensities_for_ULTR.experiments.model_pipeline][INFO] - Training model...
[2026-06-18 17:32:09,638][feature_based_propensities_for_ULTR.experiments.ips_pipeline][INFO] - Final evaluation results:
{'metrics': {'CTR': 0.6584301590919495,
             'DCG': 1.7949553728103638,
             'NCTR': 0.44585248827934265,
             'NDCG': 0.5186864137649536,
             'NDCG@25': 0.5186864137649536,
             'NRCTR': 0.44585248827934265,
             'RCTR': 0.6584301590919495}}
[2026-06-18 17:32:09,673][submitit][INFO] - Job completed successfully
[2026-06-18 17:32:09,681][submitit][INFO] - Exiting after successful completion
