[2026-03-18 21:27:57,600][jax._src.xla_bridge][ERROR] - Jax plugin configuration error: Exception when calling jax_plugins.xla_cuda12.initialize()
Traceback (most recent call last):
  File "/gpfs/home5/sfris1/two-towers-confounding-project/.venv/lib/python3.11/site-packages/jax/_src/xla_bridge.py", line 485, in discover_pjrt_plugins
    plugin_module.initialize()
  File "/gpfs/home5/sfris1/two-towers-confounding-project/.venv/lib/python3.11/site-packages/jax_plugins/xla_cuda12/__init__.py", line 328, in initialize
    _check_cuda_versions(raise_on_first_error=True)
  File "/gpfs/home5/sfris1/two-towers-confounding-project/.venv/lib/python3.11/site-packages/jax_plugins/xla_cuda12/__init__.py", line 285, in _check_cuda_versions
    local_device_count = cuda_versions.cuda_device_count()
                         ^^^^^^^^^^^^^^^^^^^^^^^^^^^^^^^^^
RuntimeError: jaxlib/cuda/versions_helpers.cc:113: operation cuInit(0) failed: CUDA_ERROR_NO_DEVICE
[2026-03-18 21:27:58,801][two_tower_confounding.experiments.ips_pipeline][WARNING] - wandb.init failed (Error uploading run: returned error 403: {"data":{"upsertBucket":null},"errors":[{"message":"permission denied","path":["upsertBucket"],"extensions":{"code":"PERMISSION_ERROR"}}]}). Continuing with local logging only.
[2026-03-18 21:27:58,801][two_tower_confounding.experiments.ips_pipeline][WARNING] - Disabling wandb for trainer components because initialization failed.
[2026-03-18 21:27:58,802][two_tower_confounding.experiments.config_resolver][WARNING] - test_clicks=500000 is ignored because test_set_mode='label_only'. Set test_set_mode='clicks' to enable legacy click-based test behavior.
[2026-03-18 21:27:58,809][two_tower_confounding.experiments.data_pipeline][INFO] - Loading or generating click datasets...
[2026-03-18 21:29:00,794][absl][INFO] - orbax-checkpoint version: 0.11.25
[2026-03-18 21:29:00,794][absl][INFO] - Created BasePyTreeCheckpointHandler: use_ocdbt=True, use_zarr3=False, pytree_metadata_options=PyTreeMetadataOptions(support_rich_types=False), array_metadata_store=<orbax.checkpoint._src.metadata.array_metadata_store.Store object at 0x150f01688e10>, enable_pinned_host_transfer=False, save_concurrent_bytes: 96000000000 (89.4 GiB), restore_concurrent_bytes: 96000000000 (89.4 GiB)
[2026-03-18 21:29:00,794][absl][INFO] - [thread=MainThread] Failed to get flag value for EXPERIMENTAL_ORBAX_USE_DISTRIBUTED_PROCESS_ID.
[2026-03-18 21:29:00,795][absl][INFO] - [process=0][thread=MainThread] Using barrier_sync_fn: <function get_barrier_sync_fn.<locals>.<lambda> at 0x150d1fc13880> timeout: 600 secs and primary_host=0 for async checkpoint writes
[2026-03-18 21:29:00,797][absl][INFO] - Restoring checkpoint from /gpfs/home5/sfris1/ltr_datasets/ips_datasets/logging_policy_c5000000_ps1p0_pt0p5_bs1p0_drop0rel0_sessallocv2_candfullv2_topx25_maxdocs200_lprdeep_lpsegreedysampler_lppct10p0.
[2026-03-18 21:29:00,820][absl][INFO] - [process=0] /jax/checkpoint/read/gbytes_per_sec: 0 Bytes/s (total gbytes: 21.4 KiB) (time elapsed: 21 milliseconds) (per-host)
[2026-03-18 21:29:00,820][absl][INFO] - Finished restoring checkpoint in 0.03 seconds from /gpfs/home5/sfris1/ltr_datasets/ips_datasets/logging_policy_c5000000_ps1p0_pt0p5_bs1p0_drop0rel0_sessallocv2_candfullv2_topx25_maxdocs200_lprdeep_lpsegreedysampler_lppct10p0.
[2026-03-18 21:36:46,512][two_tower_confounding.experiments.data_pipeline][INFO] - Loaded click datasets in 527.70 seconds (train=3750049, val=1249951, test=0)
[2026-03-18 21:36:46,512][two_tower_confounding.experiments.data_pipeline][INFO] - Test split is label-only by design; no test click dataset was loaded.
[2026-03-18 21:36:46,513][two_tower_confounding.data.runtime.aggregation][INFO] - Applying data cutoff override: configured=25, natural=25, effective=25
[2026-03-18 21:36:46,651][two_tower_confounding.data.runtime.aggregation][INFO] - Initializing simulator...
[2026-03-18 21:36:46,653][two_tower_confounding.data.runtime.aggregation][INFO] - Aggregating train dataset...
[2026-03-18 21:37:01,208][two_tower_confounding.data.runtime.aggregation][INFO] - Aggregating validation dataset...
[2026-03-18 21:37:07,192][two_tower_confounding.data.runtime.aggregation][INFO] - Aggregating test dataset from labels only...
[2026-03-18 21:37:08,250][two_tower_confounding.data.runtime.aggregation][INFO] - Aggregation done in 21.60 seconds
[2026-03-18 21:37:08,251][two_tower_confounding.data.runtime.aggregation][INFO] - Session usage after aggregation: requested(train=3750049,val=1249951), actual(train=3750049,val=1249951,test=0)
[2026-03-18 21:37:08,251][two_tower_confounding.data.runtime.aggregation][INFO] - Dataset persistence disabled; skipping aggregated dataset cache save.
[2026-03-18 21:37:08,251][two_tower_confounding.experiments.ips_pipeline][INFO] - Test split uses label-only evaluation; raw test click diagnostics are skipped.
[2026-03-18 21:37:08,313][two_tower_confounding.experiments.diagnostics][INFO] - [Data] train_docs=2132810, val_docs=707814, test_docs=708921, cutoff=25
[2026-03-18 21:37:08,402][two_tower_confounding.experiments.diagnostics][INFO] - [Train] clicks=402785, displays=91134526, ctr=0.0044, ctr_per_doc=0.0044
[2026-03-18 21:37:08,478][two_tower_confounding.experiments.diagnostics][INFO] - [Validation] clicks=134790, displays=30411028, ctr=0.0044, ctr_per_doc=0.0044
[2026-03-18 21:37:08,554][two_tower_confounding.experiments.diagnostics][INFO] - [Test] clicks=0, displays=0, ctr=0.0000, ctr_per_doc=0.0000
[2026-03-18 21:37:08,555][two_tower_confounding.experiments.ips_pipeline][INFO] - Running estimator pipeline with model='ips'
[2026-03-18 21:37:08,555][two_tower_confounding.experiments.ips_pipeline][INFO] - Computing position bias (alpha)...
[2026-03-18 21:37:08,619][two_tower_confounding.experiments.propensity_pipeline][INFO] - Computing propensity per doc (method=true_propensity)...
[2026-03-19 00:45:19,006][submitit][INFO] - Job has timed out. Ran 197 minutes out of requested 200 minutes.
[2026-03-19 00:45:19,007][submitit][WARNING] - Caught signal SIGUSR2 on tcn409.local.snellius.surf.nl: this job is timed-out.
[2026-03-19 00:45:19,007][submitit][INFO] - Calling checkpoint method.
[2026-03-19 00:45:19,049][submitit][INFO] - Job not requeued because: timed-out too many times.
[2026-03-19 00:45:19,005][submitit][WARNING] - Bypassing signal SIGCONT
[2026-03-19 00:47:50,009][submitit][WARNING] - Bypassing signal SIGTERM
[2026-03-19 00:47:50,011][submitit][WARNING] - Bypassing signal SIGCONT
[2026-03-19 00:47:50,012][submitit][WARNING] - Bypassing signal SIGTERM
