[2026-03-19 00:42:39,170][jax._src.xla_bridge][ERROR] - Jax plugin configuration error: Exception when calling jax_plugins.xla_cuda12.initialize()
Traceback (most recent call last):
  File "/gpfs/home5/sfris1/two-towers-confounding-project/.venv/lib/python3.11/site-packages/jax/_src/xla_bridge.py", line 485, in discover_pjrt_plugins
    plugin_module.initialize()
  File "/gpfs/home5/sfris1/two-towers-confounding-project/.venv/lib/python3.11/site-packages/jax_plugins/xla_cuda12/__init__.py", line 328, in initialize
    _check_cuda_versions(raise_on_first_error=True)
  File "/gpfs/home5/sfris1/two-towers-confounding-project/.venv/lib/python3.11/site-packages/jax_plugins/xla_cuda12/__init__.py", line 285, in _check_cuda_versions
    local_device_count = cuda_versions.cuda_device_count()
                         ^^^^^^^^^^^^^^^^^^^^^^^^^^^^^^^^^
RuntimeError: jaxlib/cuda/versions_helpers.cc:113: operation cuInit(0) failed: CUDA_ERROR_NO_DEVICE
[2026-03-19 00:42:40,199][two_tower_confounding.experiments.ips_pipeline][WARNING] - wandb.init failed (Error uploading run: returned error 403: {"data":{"upsertBucket":null},"errors":[{"message":"permission denied","path":["upsertBucket"],"extensions":{"code":"PERMISSION_ERROR"}}]}). Continuing with local logging only.
[2026-03-19 00:42:40,200][two_tower_confounding.experiments.ips_pipeline][WARNING] - Disabling wandb for trainer components because initialization failed.
[2026-03-19 00:42:40,201][two_tower_confounding.experiments.config_resolver][WARNING] - test_clicks=500000 is ignored because test_set_mode='label_only'. Set test_set_mode='clicks' to enable legacy click-based test behavior.
[2026-03-19 00:42:40,207][two_tower_confounding.experiments.data_pipeline][INFO] - Loading or generating click datasets...
[2026-03-19 00:44:12,513][absl][INFO] - orbax-checkpoint version: 0.11.25
[2026-03-19 00:44:12,513][absl][INFO] - Created BasePyTreeCheckpointHandler: use_ocdbt=True, use_zarr3=False, pytree_metadata_options=PyTreeMetadataOptions(support_rich_types=False), array_metadata_store=<orbax.checkpoint._src.metadata.array_metadata_store.Store object at 0x1488a54abbd0>, enable_pinned_host_transfer=False, save_concurrent_bytes: 96000000000 (89.4 GiB), restore_concurrent_bytes: 96000000000 (89.4 GiB)
[2026-03-19 00:44:12,514][absl][INFO] - [thread=MainThread] Failed to get flag value for EXPERIMENTAL_ORBAX_USE_DISTRIBUTED_PROCESS_ID.
[2026-03-19 00:44:12,514][absl][INFO] - [process=0][thread=MainThread] Using barrier_sync_fn: <function get_barrier_sync_fn.<locals>.<lambda> at 0x1486be42b6a0> timeout: 600 secs and primary_host=0 for async checkpoint writes
[2026-03-19 00:44:12,518][absl][INFO] - Restoring checkpoint from /gpfs/home5/sfris1/ltr_datasets/ips_datasets/istella_logging_policy_c500000_ps1p0_pt0p5_bs1p0_drop0rel0_sessallocv2_candfullv2_topx25_maxdocs200_lprdeep_lpsegreedysampler_lppct10p0.
[2026-03-19 00:44:12,541][absl][INFO] - [process=0] /jax/checkpoint/read/gbytes_per_sec: 0 Bytes/s (total gbytes: 31.6 KiB) (time elapsed: 22 milliseconds) (per-host)
[2026-03-19 00:44:12,541][absl][INFO] - Finished restoring checkpoint in 0.03 seconds from /gpfs/home5/sfris1/ltr_datasets/ips_datasets/istella_logging_policy_c500000_ps1p0_pt0p5_bs1p0_drop0rel0_sessallocv2_candfullv2_topx25_maxdocs200_lprdeep_lpsegreedysampler_lppct10p0.
[2026-03-19 00:45:03,797][two_tower_confounding.experiments.data_pipeline][INFO] - Loaded click datasets in 143.59 seconds (train=363717, val=136283, test=0)
[2026-03-19 00:45:03,797][two_tower_confounding.experiments.data_pipeline][INFO] - Test split is label-only by design; no test click dataset was loaded.
[2026-03-19 00:45:03,798][two_tower_confounding.data.runtime.aggregation][INFO] - Applying data cutoff override: configured=25, natural=25, effective=25
[2026-03-19 00:45:03,930][two_tower_confounding.data.runtime.aggregation][INFO] - Initializing simulator...
[2026-03-19 00:45:03,932][two_tower_confounding.data.runtime.aggregation][INFO] - Aggregating train dataset...
[2026-03-19 00:45:11,029][two_tower_confounding.data.runtime.aggregation][INFO] - Aggregating validation dataset...
[2026-03-19 00:45:15,080][two_tower_confounding.data.runtime.aggregation][INFO] - Aggregating test dataset from labels only...
[2026-03-19 00:45:17,065][two_tower_confounding.data.runtime.aggregation][INFO] - Aggregation done in 13.13 seconds
[2026-03-19 00:45:17,065][two_tower_confounding.data.runtime.aggregation][INFO] - Session usage after aggregation: requested(train=363717,val=136283), actual(train=363717,val=136283,test=0)
[2026-03-19 00:45:17,065][two_tower_confounding.data.runtime.aggregation][INFO] - Dataset persistence disabled; skipping aggregated dataset cache save.
[2026-03-19 00:45:17,066][two_tower_confounding.experiments.ips_pipeline][INFO] - Test split uses label-only evaluation; raw test click diagnostics are skipped.
[2026-03-19 00:45:17,125][two_tower_confounding.experiments.diagnostics][INFO] - [Data] train_docs=2043304, val_docs=684076, test_docs=681250, cutoff=25
[2026-03-19 00:45:17,216][two_tower_confounding.experiments.diagnostics][INFO] - [Train] clicks=80278, displays=9051041, ctr=0.0089, ctr_per_doc=0.0089
[2026-03-19 00:45:17,295][two_tower_confounding.experiments.diagnostics][INFO] - [Validation] clicks=28864, displays=3384692, ctr=0.0085, ctr_per_doc=0.0085
[2026-03-19 00:45:17,372][two_tower_confounding.experiments.diagnostics][INFO] - [Test] clicks=0, displays=0, ctr=0.0000, ctr_per_doc=0.0000
[2026-03-19 00:45:17,373][two_tower_confounding.experiments.ips_pipeline][INFO] - Running estimator pipeline with model='ips'
[2026-03-19 00:45:17,373][two_tower_confounding.experiments.ips_pipeline][INFO] - Computing position bias (alpha)...
[2026-03-19 00:45:17,438][two_tower_confounding.experiments.propensity_pipeline][INFO] - Computing propensity per doc (method=propensity_mlp_regression)...
[2026-03-19 00:45:18,191][two_tower_confounding.experiments.propensity_pipeline][INFO] - Subsampling propensity classifier training data: 50000/363717 samples
[2026-03-19 00:45:18,192][two_tower_confounding.experiments.propensity_pipeline][INFO] - Subsampling propensity classifier training data: 50000/136283 samples
[2026-03-19 00:48:43,983][two_tower_confounding.experiments.propensity_pipeline][INFO] - Propensity computed in 206.55 seconds
[2026-03-19 00:48:43,984][two_tower_confounding.experiments.propensity_pipeline][INFO] - Alpha logits: [-0.     -0.6931 -1.0986 -1.3863 -1.6094 -1.7918 -1.9459 -2.0794 -2.1972
 -2.3026 -2.3979 -2.4849 -2.5649 -2.6391 -2.7081 -2.7726 -2.8332 -2.8904
 -2.9444 -2.9957 -3.0445 -3.091  -3.1355 -3.1781 -3.2189]
[2026-03-19 00:48:43,985][two_tower_confounding.experiments.propensity_pipeline][INFO] - Alpha: [0.5    0.3333 0.25   0.2    0.1667 0.1429 0.125  0.1111 0.1    0.0909
 0.0833 0.0769 0.0714 0.0667 0.0625 0.0588 0.0556 0.0526 0.05   0.0476
 0.0455 0.0435 0.0417 0.04   0.0385]
[2026-03-19 00:48:43,986][two_tower_confounding.experiments.propensity_pipeline][INFO] - Propensity clipping disabled.
[2026-03-19 00:48:43,986][two_tower_confounding.experiments.ips_pipeline][INFO] - Computing IPS doc weights...
[2026-03-19 00:48:44,749][two_tower_confounding.experiments.ips_pipeline][INFO] - Doc weights computed in 0.76 seconds
[2026-03-19 00:48:44,758][two_tower_confounding.experiments.model_pipeline][INFO] - Loading trainer (trainer_type='pl-rank', n_samples=100)...
[2026-03-19 00:48:44,760][two_tower_confounding.experiments.model_pipeline][INFO] - Trainer loaded in 0.00 seconds
[2026-03-19 00:48:44,760][two_tower_confounding.experiments.model_pipeline][INFO] - Training model...
[2026-03-19 01:29:48,169][two_tower_confounding.experiments.ips_pipeline][INFO] - Final evaluation results:
{'metrics': {'CTR': 1.1120712757110596,
             'DCG': 2.632082223892212,
             'NCTR': 0.7133562564849854,
             'NDCG': 0.7666361331939697,
             'NDCG@25': 0.7666361331939697,
             'NRCTR': 0.7133562564849854,
             'RCTR': 1.1120712757110596}}
[2026-03-19 01:29:48,203][submitit][INFO] - Job completed successfully
[2026-03-19 01:29:48,234][submitit][INFO] - Exiting after successful completion
