[2026-06-18 16:57:03,282][feature_based_propensities_for_ULTR.experiments.config_resolver][WARNING] - test_clicks=500000 is ignored because test_set_mode='label_only'. Set test_set_mode='clicks' to enable legacy click-based test behavior.
[2026-06-18 16:57:03,287][feature_based_propensities_for_ULTR.experiments.data_pipeline][INFO] - Loading or generating click datasets...
[2026-06-18 16:58:31,984][absl][INFO] - orbax-checkpoint version: 0.11.40
[2026-06-18 16:58:31,984][absl][INFO] - save_device_host_concurrent_bytes=None
[2026-06-18 16:58:31,984][absl][INFO] - Created BasePyTreeCheckpointHandler: use_ocdbt=True, use_zarr3=False, pytree_metadata_options=PyTreeMetadataOptions(support_rich_types=False), array_metadata_store=<orbax.checkpoint._src.metadata.array_metadata_store.Store object at 0x14a10ea0b950>, enable_pinned_host_transfer=False, save_concurrent_bytes: 96000000000 (89.4 GiB), restore_concurrent_bytes: 96000000000 (89.4 GiB)
[2026-06-18 16:58:31,985][absl][INFO] - [thread=MainThread] Failed to get flag value for EXPERIMENTAL_ORBAX_USE_DISTRIBUTED_PROCESS_ID.
[2026-06-18 16:58:31,985][absl][INFO] - [process=0][thread=MainThread] Using barrier_sync_fn: <function get_barrier_sync_fn.<locals>.<lambda> at 0x14a038a7b920> timeout: 1200 secs and primary_host=0 for async checkpoint writes
[2026-06-18 16:58:31,985][absl][INFO] - [process=0] [sync] Started load checkpoint @ /gpfs/home5/sfris1/ltr_datasets/ips_datasets/istella_logging_policy_c10000_ps1p0_pt0p5_bs1p0_drop0rel0_sessallocv2_candfullv2_topx25_maxdocs200_lprdeep_lpsegreedysampler_lppct10p0.
[2026-06-18 16:58:31,988][absl][INFO] - Restoring checkpoint from /gpfs/home5/sfris1/ltr_datasets/ips_datasets/istella_logging_policy_c10000_ps1p0_pt0p5_bs1p0_drop0rel0_sessallocv2_candfullv2_topx25_maxdocs200_lprdeep_lpsegreedysampler_lppct10p0.
[2026-06-18 16:58:31,988][absl][INFO] - [process=0] [sync] Finished blocking load in 0.00 seconds. Continuing load @ /gpfs/home5/sfris1/ltr_datasets/ips_datasets/istella_logging_policy_c10000_ps1p0_pt0p5_bs1p0_drop0rel0_sessallocv2_candfullv2_topx25_maxdocs200_lprdeep_lpsegreedysampler_lppct10p0.
[2026-06-18 16:58:32,007][absl][INFO] - [process=0] /jax/orbax/read/worker/io/requested throughput: 2.580 MiB/s (total gbytes: 31.6 KiB) (time elapsed: 0.011970281600952148 s) (per-host)
[2026-06-18 16:58:32,008][absl][INFO] - [process=0] /jax/checkpoint/read/gbytes_per_sec: 1.637 MiB/s (total gbytes: 31.6 KiB) (time elapsed: 0.01886916160583496 s) (per-host)
[2026-06-18 16:58:32,008][absl][INFO] - [process=0] [sync] Finished load in 0.02 seconds @ /gpfs/home5/sfris1/ltr_datasets/ips_datasets/istella_logging_policy_c10000_ps1p0_pt0p5_bs1p0_drop0rel0_sessallocv2_candfullv2_topx25_maxdocs200_lprdeep_lpsegreedysampler_lppct10p0
[2026-06-18 16:58:37,116][feature_based_propensities_for_ULTR.experiments.data_pipeline][INFO] - Loaded click datasets in 93.83 seconds (train=7274, val=2726, test=0)
[2026-06-18 16:58:37,117][feature_based_propensities_for_ULTR.experiments.data_pipeline][INFO] - Test split is label-only by design; no test click dataset was loaded.
[2026-06-18 16:58:37,117][feature_based_propensities_for_ULTR.data.runtime.alignment][INFO] - Applying data cutoff override: configured=25, natural=25, effective=25
[2026-06-18 16:58:37,117][feature_based_propensities_for_ULTR.data.runtime.alignment][INFO] - Applying data cutoff override: configured=25, natural=25, effective=25
[2026-06-18 16:58:37,209][feature_based_propensities_for_ULTR.data.runtime.aggregation][INFO] - Initializing simulator...
[2026-06-18 16:58:37,210][feature_based_propensities_for_ULTR.data.runtime.aggregation][INFO] - Aggregating train dataset...
[2026-06-18 16:58:43,635][feature_based_propensities_for_ULTR.data.runtime.aggregation][INFO] - Aggregating validation dataset...
[2026-06-18 16:58:46,846][feature_based_propensities_for_ULTR.data.runtime.aggregation][INFO] - Aggregating test dataset from labels only...
[2026-06-18 16:58:48,273][feature_based_propensities_for_ULTR.data.runtime.aggregation][INFO] - Aggregation done in 11.06 seconds
[2026-06-18 16:58:48,273][feature_based_propensities_for_ULTR.data.runtime.aggregation][INFO] - Session usage after aggregation: requested(train=7274,val=2726), actual(train=7274,val=2726,test=0)
[2026-06-18 16:58:48,273][feature_based_propensities_for_ULTR.data.runtime.aggregation][INFO] - Dataset persistence disabled; skipping aggregated dataset cache save.
[2026-06-18 16:58:48,273][feature_based_propensities_for_ULTR.experiments.ips_pipeline][INFO] - Test split uses label-only evaluation; raw test click diagnostics are skipped.
[2026-06-18 16:58:48,326][feature_based_propensities_for_ULTR.experiments.diagnostics][INFO] - [Data] train_docs=2043304, val_docs=684076, test_docs=681250, cutoff=25
[2026-06-18 16:58:48,423][feature_based_propensities_for_ULTR.experiments.diagnostics][INFO] - [Train] clicks=1548, displays=180944, ctr=0.0086, ctr_per_doc=0.0086
[2026-06-18 16:58:48,513][feature_based_propensities_for_ULTR.experiments.diagnostics][INFO] - [Validation] clicks=602, displays=67708, ctr=0.0089, ctr_per_doc=0.0089
[2026-06-18 16:58:48,604][feature_based_propensities_for_ULTR.experiments.diagnostics][INFO] - [Test] clicks=0, displays=0, ctr=0.0000, ctr_per_doc=0.0000
[2026-06-18 16:58:48,604][feature_based_propensities_for_ULTR.experiments.ips_pipeline][INFO] - Running estimator pipeline with model='ips'
[2026-06-18 16:58:48,604][feature_based_propensities_for_ULTR.experiments.ips_pipeline][INFO] - Computing position bias (alpha)...
[2026-06-18 16:58:48,625][ultr_bias_toolkit.bias.intervention_harvesting.all_pairs][INFO] - Position bias estimation using global all pairs estimator
[2026-06-18 16:59:38,245][feature_based_propensities_for_ULTR.experiments.position_bias_pipeline][INFO] - Saved estimated position-bias curve to position_bias.json
[2026-06-18 16:59:38,245][feature_based_propensities_for_ULTR.experiments.ips_pipeline][INFO] - Estimated position bias in-run (estimator=global_all_pairs): [ 0.         -0.46621537 -0.73462486 -0.78875846 -1.100432   -1.548935
 -3.923806   -1.7978306  -1.9862934  -1.6545821  -1.8821602  -3.728247
 -2.4728584  -2.5116587  -3.7539268  -4.0041957  -2.5447567  -2.9360251
 -6.25841    -6.9077554  -1.3190987  -6.9077554  -3.670536   -6.742478
 -6.9077554 ]
[2026-06-18 16:59:38,246][feature_based_propensities_for_ULTR.experiments.propensity_pipeline][INFO] - Computing propensity per doc (method=frequency_based)...
[2026-06-18 17:00:04,607][feature_based_propensities_for_ULTR.experiments.propensity_pipeline][INFO] - Propensity computed in 26.36 seconds
[2026-06-18 17:00:04,607][feature_based_propensities_for_ULTR.experiments.propensity_pipeline][INFO] - Alpha logits: [ 0.         -0.46621537 -0.73462486 -0.78875846 -1.100432   -1.548935
 -3.923806   -1.7978306  -1.9862934  -1.6545821  -1.8821602  -3.728247
 -2.4728584  -2.5116587  -3.7539268  -4.0041957  -2.5447567  -2.9360251
 -6.25841    -6.9077554  -1.3190987  -6.9077554  -3.670536   -6.742478
 -6.9077554 ]
[2026-06-18 17:00:04,608][feature_based_propensities_for_ULTR.experiments.propensity_pipeline][INFO] - Alpha: [0.5        0.3855124  0.32418066 0.31243533 0.24965896 0.17524014
 0.01938261 0.14211535 0.12064955 0.16049063 0.13214095 0.02347082
 0.07778295 0.0750449  0.02288938 0.01791225 0.07277954 0.05040117
 0.00191063 0.000999   0.21096829 0.000999   0.02483056 0.00117833
 0.000999  ]
[2026-06-18 17:00:04,608][feature_based_propensities_for_ULTR.experiments.propensity_pipeline][INFO] - Propensity clipping disabled.
[2026-06-18 17:00:04,609][feature_based_propensities_for_ULTR.experiments.ips_pipeline][INFO] - Computing IPS doc weights...
[2026-06-18 17:00:05,138][feature_based_propensities_for_ULTR.experiments.ips_pipeline][INFO] - Doc weights computed in 0.53 seconds
[2026-06-18 17:00:05,148][feature_based_propensities_for_ULTR.experiments.model_pipeline][INFO] - Loading trainer (trainer_type='pl-rank', n_samples=100)...
[2026-06-18 17:00:05,151][feature_based_propensities_for_ULTR.experiments.model_pipeline][INFO] - Trainer loaded in 0.00 seconds
[2026-06-18 17:00:05,151][feature_based_propensities_for_ULTR.experiments.model_pipeline][INFO] - Training model...
[2026-06-18 17:02:22,437][feature_based_propensities_for_ULTR.experiments.ips_pipeline][INFO] - Final evaluation results:
{'metrics': {'CTR': 0.4379105865955353,
             'DCG': 1.0855236053466797,
             'NCTR': 0.23033016920089722,
             'NDCG': 0.3181685209274292,
             'NDCG@25': 0.3181685209274292,
             'NRCTR': 0.23033016920089722,
             'RCTR': 0.4379105865955353}}
[2026-06-18 17:02:22,469][submitit][INFO] - Job completed successfully
[2026-06-18 17:02:22,478][submitit][INFO] - Exiting after successful completion
