[2026-06-18 15:27:44,608][feature_based_propensities_for_ULTR.experiments.config_resolver][WARNING] - test_clicks=500000 is ignored because test_set_mode='label_only'. Set test_set_mode='clicks' to enable legacy click-based test behavior.
[2026-06-18 15:27:44,613][feature_based_propensities_for_ULTR.experiments.data_pipeline][INFO] - Loading or generating click datasets...
[2026-06-18 15:28:45,342][absl][INFO] - orbax-checkpoint version: 0.11.40
[2026-06-18 15:28:45,343][absl][INFO] - save_device_host_concurrent_bytes=None
[2026-06-18 15:28:45,343][absl][INFO] - Created BasePyTreeCheckpointHandler: use_ocdbt=True, use_zarr3=False, pytree_metadata_options=PyTreeMetadataOptions(support_rich_types=False), array_metadata_store=<orbax.checkpoint._src.metadata.array_metadata_store.Store object at 0x1502056becd0>, enable_pinned_host_transfer=False, save_concurrent_bytes: 96000000000 (89.4 GiB), restore_concurrent_bytes: 96000000000 (89.4 GiB)
[2026-06-18 15:28:45,343][absl][INFO] - [thread=MainThread] Failed to get flag value for EXPERIMENTAL_ORBAX_USE_DISTRIBUTED_PROCESS_ID.
[2026-06-18 15:28:45,343][absl][INFO] - [process=0][thread=MainThread] Using barrier_sync_fn: <function get_barrier_sync_fn.<locals>.<lambda> at 0x150157a939c0> timeout: 1200 secs and primary_host=0 for async checkpoint writes
[2026-06-18 15:28:45,344][absl][INFO] - [process=0] [sync] Started load checkpoint @ /gpfs/home5/sfris1/ltr_datasets/ips_datasets/logging_policy_c10000_ps1p0_pt0p5_bs1p0_drop0rel0_sessallocv2_candfullv2_topx25_maxdocs200_lprdeep_lpsegreedysampler_lppct10p0.
[2026-06-18 15:28:45,346][absl][INFO] - Restoring checkpoint from /gpfs/home5/sfris1/ltr_datasets/ips_datasets/logging_policy_c10000_ps1p0_pt0p5_bs1p0_drop0rel0_sessallocv2_candfullv2_topx25_maxdocs200_lprdeep_lpsegreedysampler_lppct10p0.
[2026-06-18 15:28:45,346][absl][INFO] - [process=0] [sync] Finished blocking load in 0.00 seconds. Continuing load @ /gpfs/home5/sfris1/ltr_datasets/ips_datasets/logging_policy_c10000_ps1p0_pt0p5_bs1p0_drop0rel0_sessallocv2_candfullv2_topx25_maxdocs200_lprdeep_lpsegreedysampler_lppct10p0.
[2026-06-18 15:28:45,362][absl][INFO] - [process=0] /jax/orbax/read/worker/io/requested throughput: 1.908 MiB/s (total gbytes: 21.4 KiB) (time elapsed: 0.010940313339233398 s) (per-host)
[2026-06-18 15:28:45,363][absl][INFO] - [process=0] /jax/checkpoint/read/gbytes_per_sec: 1.273 MiB/s (total gbytes: 21.4 KiB) (time elapsed: 0.016400814056396484 s) (per-host)
[2026-06-18 15:28:45,364][absl][INFO] - [process=0] [sync] Finished load in 0.02 seconds @ /gpfs/home5/sfris1/ltr_datasets/ips_datasets/logging_policy_c10000_ps1p0_pt0p5_bs1p0_drop0rel0_sessallocv2_candfullv2_topx25_maxdocs200_lprdeep_lpsegreedysampler_lppct10p0
[2026-06-18 15:28:49,583][feature_based_propensities_for_ULTR.experiments.data_pipeline][INFO] - Loaded click datasets in 64.97 seconds (train=7500, val=2500, test=0)
[2026-06-18 15:28:49,583][feature_based_propensities_for_ULTR.experiments.data_pipeline][INFO] - Test split is label-only by design; no test click dataset was loaded.
[2026-06-18 15:28:49,583][feature_based_propensities_for_ULTR.data.runtime.alignment][INFO] - Applying data cutoff override: configured=25, natural=25, effective=25
[2026-06-18 15:28:49,584][feature_based_propensities_for_ULTR.data.runtime.alignment][INFO] - Applying data cutoff override: configured=25, natural=25, effective=25
[2026-06-18 15:28:49,678][feature_based_propensities_for_ULTR.data.runtime.aggregation][INFO] - Initializing simulator...
[2026-06-18 15:28:49,679][feature_based_propensities_for_ULTR.data.runtime.aggregation][INFO] - Aggregating train dataset...
[2026-06-18 15:28:54,903][feature_based_propensities_for_ULTR.data.runtime.aggregation][INFO] - Aggregating validation dataset...
[2026-06-18 15:28:57,927][feature_based_propensities_for_ULTR.data.runtime.aggregation][INFO] - Aggregating test dataset from labels only...
[2026-06-18 15:28:58,766][feature_based_propensities_for_ULTR.data.runtime.aggregation][INFO] - Aggregation done in 9.09 seconds
[2026-06-18 15:28:58,766][feature_based_propensities_for_ULTR.data.runtime.aggregation][INFO] - Session usage after aggregation: requested(train=7500,val=2500), actual(train=7500,val=2500,test=0)
[2026-06-18 15:28:58,766][feature_based_propensities_for_ULTR.data.runtime.aggregation][INFO] - Dataset persistence disabled; skipping aggregated dataset cache save.
[2026-06-18 15:28:58,766][feature_based_propensities_for_ULTR.experiments.ips_pipeline][INFO] - Test split uses label-only evaluation; raw test click diagnostics are skipped.
[2026-06-18 15:28:58,819][feature_based_propensities_for_ULTR.experiments.diagnostics][INFO] - [Data] train_docs=2132810, val_docs=707814, test_docs=708921, cutoff=25
[2026-06-18 15:28:58,919][feature_based_propensities_for_ULTR.experiments.diagnostics][INFO] - [Train] clicks=788, displays=182096, ctr=0.0043, ctr_per_doc=0.0043
[2026-06-18 15:28:59,007][feature_based_propensities_for_ULTR.experiments.diagnostics][INFO] - [Validation] clicks=295, displays=60831, ctr=0.0048, ctr_per_doc=0.0048
[2026-06-18 15:28:59,095][feature_based_propensities_for_ULTR.experiments.diagnostics][INFO] - [Test] clicks=0, displays=0, ctr=0.0000, ctr_per_doc=0.0000
[2026-06-18 15:28:59,095][feature_based_propensities_for_ULTR.experiments.ips_pipeline][INFO] - Running estimator pipeline with model='dr'
[2026-06-18 15:28:59,095][feature_based_propensities_for_ULTR.experiments.ips_pipeline][INFO] - Computing position bias (alpha)...
[2026-06-18 15:28:59,113][ultr_bias_toolkit.bias.intervention_harvesting.all_pairs][INFO] - Position bias estimation using global all pairs estimator
[2026-06-18 15:29:48,381][feature_based_propensities_for_ULTR.experiments.position_bias_pipeline][INFO] - Saved estimated position-bias curve to position_bias.json
[2026-06-18 15:29:48,381][feature_based_propensities_for_ULTR.experiments.ips_pipeline][INFO] - Estimated position bias in-run (estimator=global_all_pairs): [ 0.         -0.53303564 -2.4790184  -1.3015457  -2.7986295  -2.648841
 -2.5889926  -2.5560465  -1.8425757  -2.0398235  -2.5894012  -6.9077554
 -2.9303544  -3.601412   -1.939982   -3.6976404  -2.2234464  -6.5919147
 -6.9077554  -3.2091463  -3.288588   -3.6471844  -2.6246364  -4.014752
 -6.9077554 ]
[2026-06-18 15:29:48,383][feature_based_propensities_for_ULTR.experiments.propensity_pipeline][INFO] - Computing propensity per doc (method=true_propensity)...
[2026-06-18 15:30:17,381][feature_based_propensities_for_ULTR.experiments.propensity_pipeline][INFO] - Propensity computed in 29.00 seconds
[2026-06-18 15:30:17,381][feature_based_propensities_for_ULTR.experiments.propensity_pipeline][INFO] - Alpha logits: [ 0.         -0.53303564 -2.4790184  -1.3015457  -2.7986295  -2.648841
 -2.5889926  -2.5560465  -1.8425757  -2.0398235  -2.5894012  -6.9077554
 -2.9303544  -3.601412   -1.939982   -3.6976404  -2.2234464  -6.5919147
 -6.9077554  -3.2091463  -3.288588   -3.6471844  -2.6246364  -4.014752
 -6.9077554 ]
[2026-06-18 15:30:17,382][feature_based_propensities_for_ULTR.experiments.propensity_pipeline][INFO] - Alpha: [0.5        0.36980915 0.07734221 0.21390498 0.05739827 0.06606048
 0.06985021 0.07202132 0.13674696 0.11508472 0.06982366 0.000999
 0.05067327 0.02656046 0.12564982 0.02418264 0.09766466 0.00136953
 0.000999   0.03882298 0.03596476 0.02540231 0.06756959 0.01772749
 0.000999  ]
[2026-06-18 15:30:17,383][feature_based_propensities_for_ULTR.experiments.propensity_pipeline][INFO] - Propensity clipping disabled.
[2026-06-18 15:30:17,383][feature_based_propensities_for_ULTR.experiments.propensity_pipeline][INFO] - Computing propensity per doc (method=frequency_based)...
[2026-06-18 15:30:44,282][feature_based_propensities_for_ULTR.experiments.propensity_pipeline][INFO] - Propensity computed in 26.90 seconds
[2026-06-18 15:30:44,282][feature_based_propensities_for_ULTR.experiments.propensity_pipeline][INFO] - Alpha logits: [ 0.         -0.53303564 -2.4790184  -1.3015457  -2.7986295  -2.648841
 -2.5889926  -2.5560465  -1.8425757  -2.0398235  -2.5894012  -6.9077554
 -2.9303544  -3.601412   -1.939982   -3.6976404  -2.2234464  -6.5919147
 -6.9077554  -3.2091463  -3.288588   -3.6471844  -2.6246364  -4.014752
 -6.9077554 ]
[2026-06-18 15:30:44,283][feature_based_propensities_for_ULTR.experiments.propensity_pipeline][INFO] - Alpha: [0.5        0.36980915 0.07734221 0.21390498 0.05739827 0.06606048
 0.06985021 0.07202132 0.13674696 0.11508472 0.06982366 0.000999
 0.05067327 0.02656046 0.12564982 0.02418264 0.09766466 0.00136953
 0.000999   0.03882298 0.03596476 0.02540231 0.06756959 0.01772749
 0.000999  ]
[2026-06-18 15:30:45,479][feature_based_propensities_for_ULTR.experiments.regression_pipeline][INFO] - Training regression model for DM/DR...
[2026-06-18 15:30:52,889][feature_based_propensities_for_ULTR.experiments.regression_pipeline][INFO] - Regression epoch 3: train_loss=0.267095 val_loss=0.287800
[2026-06-18 15:30:59,221][feature_based_propensities_for_ULTR.experiments.regression_pipeline][INFO] - Regression epoch 6: train_loss=0.260775 val_loss=0.300397
[2026-06-18 15:31:05,339][feature_based_propensities_for_ULTR.experiments.ips_pipeline][INFO] - Computing DR doc weights...
[2026-06-18 15:31:05,369][feature_based_propensities_for_ULTR.experiments.ips_pipeline][INFO] - Doc weights computed in 0.03 seconds
[2026-06-18 15:31:05,380][feature_based_propensities_for_ULTR.experiments.model_pipeline][INFO] - Loading trainer (trainer_type='pl-rank', n_samples=100)...
[2026-06-18 15:31:05,382][feature_based_propensities_for_ULTR.experiments.model_pipeline][INFO] - Trainer loaded in 0.00 seconds
[2026-06-18 15:31:05,382][feature_based_propensities_for_ULTR.experiments.model_pipeline][INFO] - Training model...
[2026-06-18 16:46:35,899][feature_based_propensities_for_ULTR.experiments.ips_pipeline][INFO] - Final evaluation results:
{'metrics': {'CTR': 0.5037596225738525,
             'DCG': 1.668858289718628,
             'NCTR': 0.39236143231391907,
             'NDCG': 0.4372033178806305,
             'NDCG@25': 0.4372033178806305,
             'NRCTR': 0.39236143231391907,
             'RCTR': 0.5037596225738525}}
[2026-06-18 16:46:35,930][submitit][INFO] - Job completed successfully
[2026-06-18 16:46:35,942][submitit][INFO] - Exiting after successful completion
