[2026-06-18 15:28:17,882][feature_based_propensities_for_ULTR.experiments.config_resolver][WARNING] - test_clicks=500000 is ignored because test_set_mode='label_only'. Set test_set_mode='clicks' to enable legacy click-based test behavior.
[2026-06-18 15:28:17,888][feature_based_propensities_for_ULTR.experiments.data_pipeline][INFO] - Loading or generating click datasets...
[2026-06-18 15:28:41,313][absl][INFO] - orbax-checkpoint version: 0.11.40
[2026-06-18 15:28:41,313][absl][INFO] - save_device_host_concurrent_bytes=None
[2026-06-18 15:28:41,313][absl][INFO] - Created BasePyTreeCheckpointHandler: use_ocdbt=True, use_zarr3=False, pytree_metadata_options=PyTreeMetadataOptions(support_rich_types=False), array_metadata_store=<orbax.checkpoint._src.metadata.array_metadata_store.Store object at 0x14f74f029250>, enable_pinned_host_transfer=False, save_concurrent_bytes: 96000000000 (89.4 GiB), restore_concurrent_bytes: 96000000000 (89.4 GiB)
[2026-06-18 15:28:41,314][absl][INFO] - [thread=MainThread] Failed to get flag value for EXPERIMENTAL_ORBAX_USE_DISTRIBUTED_PROCESS_ID.
[2026-06-18 15:28:41,314][absl][INFO] - [process=0][thread=MainThread] Using barrier_sync_fn: <function get_barrier_sync_fn.<locals>.<lambda> at 0x14f6a98b7880> timeout: 1200 secs and primary_host=0 for async checkpoint writes
[2026-06-18 15:28:41,314][absl][INFO] - [process=0] [sync] Started load checkpoint @ /gpfs/home5/sfris1/ltr_datasets/ips_datasets/logging_policy_c10000_ps1p0_pt0p5_bs1p0_drop0rel0_sessallocv2_candfullv2_topx25_maxdocs80_lprdeep_lpsegreedysampler_lppct10p0.
[2026-06-18 15:28:41,316][absl][INFO] - Restoring checkpoint from /gpfs/home5/sfris1/ltr_datasets/ips_datasets/logging_policy_c10000_ps1p0_pt0p5_bs1p0_drop0rel0_sessallocv2_candfullv2_topx25_maxdocs80_lprdeep_lpsegreedysampler_lppct10p0.
[2026-06-18 15:28:41,317][absl][INFO] - [process=0] [sync] Finished blocking load in 0.00 seconds. Continuing load @ /gpfs/home5/sfris1/ltr_datasets/ips_datasets/logging_policy_c10000_ps1p0_pt0p5_bs1p0_drop0rel0_sessallocv2_candfullv2_topx25_maxdocs80_lprdeep_lpsegreedysampler_lppct10p0.
[2026-06-18 15:28:41,333][absl][INFO] - [process=0] /jax/orbax/read/worker/io/requested throughput: 8.147 MiB/s (total gbytes: 91.8 KiB) (time elapsed: 0.010998964309692383 s) (per-host)
[2026-06-18 15:28:41,334][absl][INFO] - [process=0] /jax/checkpoint/read/gbytes_per_sec: 5.426 MiB/s (total gbytes: 91.8 KiB) (time elapsed: 0.01651287078857422 s) (per-host)
[2026-06-18 15:28:41,334][absl][INFO] - [process=0] [sync] Finished load in 0.02 seconds @ /gpfs/home5/sfris1/ltr_datasets/ips_datasets/logging_policy_c10000_ps1p0_pt0p5_bs1p0_drop0rel0_sessallocv2_candfullv2_topx25_maxdocs80_lprdeep_lpsegreedysampler_lppct10p0
[2026-06-18 15:28:45,584][feature_based_propensities_for_ULTR.experiments.data_pipeline][INFO] - Loaded click datasets in 27.70 seconds (train=8694, val=1306, test=0)
[2026-06-18 15:28:45,584][feature_based_propensities_for_ULTR.experiments.data_pipeline][INFO] - Test split is label-only by design; no test click dataset was loaded.
[2026-06-18 15:28:45,584][feature_based_propensities_for_ULTR.data.runtime.alignment][INFO] - Applying data cutoff override: configured=25, natural=25, effective=25
[2026-06-18 15:28:45,584][feature_based_propensities_for_ULTR.data.runtime.alignment][INFO] - Applying data cutoff override: configured=25, natural=25, effective=25
[2026-06-18 15:28:45,678][feature_based_propensities_for_ULTR.data.runtime.aggregation][INFO] - Initializing simulator...
[2026-06-18 15:28:45,679][feature_based_propensities_for_ULTR.data.runtime.aggregation][INFO] - Aggregating train dataset...
[2026-06-18 15:28:51,945][feature_based_propensities_for_ULTR.data.runtime.aggregation][INFO] - Aggregating validation dataset...
[2026-06-18 15:28:54,529][feature_based_propensities_for_ULTR.data.runtime.aggregation][INFO] - Aggregating test dataset from labels only...
[2026-06-18 15:28:56,166][feature_based_propensities_for_ULTR.data.runtime.aggregation][INFO] - Aggregation done in 10.49 seconds
[2026-06-18 15:28:56,166][feature_based_propensities_for_ULTR.data.runtime.aggregation][INFO] - Session usage after aggregation: requested(train=8694,val=1306), actual(train=8694,val=1306,test=0)
[2026-06-18 15:28:56,166][feature_based_propensities_for_ULTR.data.runtime.aggregation][INFO] - Dataset persistence disabled; skipping aggregated dataset cache save.
[2026-06-18 15:28:56,166][feature_based_propensities_for_ULTR.experiments.ips_pipeline][INFO] - Test split uses label-only evaluation; raw test click diagnostics are skipped.
[2026-06-18 15:28:56,192][feature_based_propensities_for_ULTR.experiments.diagnostics][INFO] - [Data] train_docs=470251, val_docs=70687, test_docs=164676, cutoff=25
[2026-06-18 15:28:56,284][feature_based_propensities_for_ULTR.experiments.diagnostics][INFO] - [Train] clicks=1401, displays=147947, ctr=0.0095, ctr_per_doc=0.0095
[2026-06-18 15:28:56,371][feature_based_propensities_for_ULTR.experiments.diagnostics][INFO] - [Validation] clicks=228, displays=21772, ctr=0.0105, ctr_per_doc=0.0105
[2026-06-18 15:28:56,492][feature_based_propensities_for_ULTR.experiments.diagnostics][INFO] - [Test] clicks=0, displays=0, ctr=0.0000, ctr_per_doc=0.0000
[2026-06-18 15:28:56,492][feature_based_propensities_for_ULTR.experiments.ips_pipeline][INFO] - Running estimator pipeline with model='ips'
[2026-06-18 15:28:56,492][feature_based_propensities_for_ULTR.experiments.ips_pipeline][INFO] - Computing position bias (alpha)...
[2026-06-18 15:28:56,508][ultr_bias_toolkit.bias.intervention_harvesting.all_pairs][INFO] - Position bias estimation using global all pairs estimator
[2026-06-18 15:29:45,822][feature_based_propensities_for_ULTR.experiments.position_bias_pipeline][INFO] - Saved estimated position-bias curve to position_bias.json
[2026-06-18 15:29:45,822][feature_based_propensities_for_ULTR.experiments.ips_pipeline][INFO] - Estimated position bias in-run (estimator=global_all_pairs): [ 0.         -0.56115454 -1.3160486  -1.5748917  -1.3026375  -1.2063231
 -2.357697   -2.2778971  -1.7992835  -2.0338445  -1.9043783  -2.974066
 -2.9729886  -1.5740411  -2.224213   -1.6120089  -2.9795258  -2.6750114
 -2.8170989  -3.5946405  -2.7542896  -1.9305121  -3.2589524  -6.9077554
 -2.7192168 ]
[2026-06-18 15:29:45,824][feature_based_propensities_for_ULTR.experiments.propensity_pipeline][INFO] - Computing propensity per doc (method=true_propensity)...
[2026-06-18 15:29:53,989][feature_based_propensities_for_ULTR.experiments.propensity_pipeline][INFO] - Propensity computed in 8.17 seconds
[2026-06-18 15:29:53,989][feature_based_propensities_for_ULTR.experiments.propensity_pipeline][INFO] - Alpha logits: [ 0.         -0.56115454 -1.3160486  -1.5748917  -1.3026375  -1.2063231
 -2.357697   -2.2778971  -1.7992835  -2.0338445  -1.9043783  -2.974066
 -2.9729886  -1.5740411  -2.224213   -1.6120089  -2.9795258  -2.6750114
 -2.8170989  -3.5946405  -2.7542896  -1.9305121  -3.2589524  -6.9077554
 -2.7192168 ]
[2026-06-18 15:29:53,990][feature_based_propensities_for_ULTR.experiments.propensity_pipeline][INFO] - Alpha: [0.5        0.36328036 0.21147646 0.17152017 0.21372148 0.23035227
 0.08645591 0.09297013 0.14193831 0.11569502 0.12961374 0.04861134
 0.04866118 0.17164107 0.09759714 0.1663099  0.04835945 0.06446408
 0.05640715 0.0267361  0.05984484 0.12669392 0.03700652 0.000999
 0.0618489 ]
[2026-06-18 15:29:53,991][feature_based_propensities_for_ULTR.experiments.propensity_pipeline][INFO] - Propensity clipping disabled.
[2026-06-18 15:29:53,991][feature_based_propensities_for_ULTR.experiments.ips_pipeline][INFO] - Computing IPS doc weights...
[2026-06-18 15:29:54,474][feature_based_propensities_for_ULTR.experiments.ips_pipeline][INFO] - Doc weights computed in 0.48 seconds
[2026-06-18 15:29:54,489][feature_based_propensities_for_ULTR.experiments.model_pipeline][INFO] - Loading trainer (trainer_type='pl-rank', n_samples=100)...
[2026-06-18 15:29:54,490][feature_based_propensities_for_ULTR.experiments.model_pipeline][INFO] - Trainer loaded in 0.00 seconds
[2026-06-18 15:29:54,490][feature_based_propensities_for_ULTR.experiments.model_pipeline][INFO] - Training model...
[2026-06-18 15:31:26,798][feature_based_propensities_for_ULTR.experiments.ips_pipeline][INFO] - Final evaluation results:
{'metrics': {'CTR': 0.9193375706672668,
             'DCG': 2.113154172897339,
             'NCTR': 0.7075939774513245,
             'NDCG': 0.7632560729980469,
             'NDCG@25': 0.7632560729980469,
             'NRCTR': 0.7075939774513245,
             'RCTR': 0.9193375706672668}}
[2026-06-18 15:31:26,824][submitit][INFO] - Job completed successfully
[2026-06-18 15:31:26,833][submitit][INFO] - Exiting after successful completion
