[2026-06-17 23:17:06,082][feature_based_propensities_for_ULTR.experiments.config_resolver][WARNING] - test_clicks=500000 is ignored because test_set_mode='label_only'. Set test_set_mode='clicks' to enable legacy click-based test behavior.
[2026-06-17 23:17:06,088][feature_based_propensities_for_ULTR.experiments.data_pipeline][INFO] - Loading or generating click datasets...
[2026-06-17 23:17:29,508][absl][INFO] - orbax-checkpoint version: 0.11.40
[2026-06-17 23:17:29,508][absl][INFO] - save_device_host_concurrent_bytes=None
[2026-06-17 23:17:29,508][absl][INFO] - Created BasePyTreeCheckpointHandler: use_ocdbt=True, use_zarr3=False, pytree_metadata_options=PyTreeMetadataOptions(support_rich_types=False), array_metadata_store=<orbax.checkpoint._src.metadata.array_metadata_store.Store object at 0x145666ec8750>, enable_pinned_host_transfer=False, save_concurrent_bytes: 96000000000 (89.4 GiB), restore_concurrent_bytes: 96000000000 (89.4 GiB)
[2026-06-17 23:17:29,508][absl][INFO] - [thread=MainThread] Failed to get flag value for EXPERIMENTAL_ORBAX_USE_DISTRIBUTED_PROCESS_ID.
[2026-06-17 23:17:29,509][absl][INFO] - [process=0][thread=MainThread] Using barrier_sync_fn: <function get_barrier_sync_fn.<locals>.<lambda> at 0x1455c16c6a20> timeout: 1200 secs and primary_host=0 for async checkpoint writes
[2026-06-17 23:17:29,509][absl][INFO] - [process=0] [sync] Started load checkpoint @ /gpfs/home5/sfris1/ltr_datasets/ips_datasets/logging_policy_c50000_ps1p0_pt0p5_bs1p0_drop0rel0_sessallocv2_candfullv2_topx25_maxdocs80_lprdeep_lpsegreedysampler_lppct10p0.
[2026-06-17 23:17:29,511][absl][INFO] - Restoring checkpoint from /gpfs/home5/sfris1/ltr_datasets/ips_datasets/logging_policy_c50000_ps1p0_pt0p5_bs1p0_drop0rel0_sessallocv2_candfullv2_topx25_maxdocs80_lprdeep_lpsegreedysampler_lppct10p0.
[2026-06-17 23:17:29,512][absl][INFO] - [process=0] [sync] Finished blocking load in 0.00 seconds. Continuing load @ /gpfs/home5/sfris1/ltr_datasets/ips_datasets/logging_policy_c50000_ps1p0_pt0p5_bs1p0_drop0rel0_sessallocv2_candfullv2_topx25_maxdocs80_lprdeep_lpsegreedysampler_lppct10p0.
[2026-06-17 23:17:29,528][absl][INFO] - [process=0] /jax/orbax/read/worker/io/requested throughput: 8.106 MiB/s (total gbytes: 91.8 KiB) (time elapsed: 0.011054515838623047 s) (per-host)
[2026-06-17 23:17:29,529][absl][INFO] - [process=0] /jax/checkpoint/read/gbytes_per_sec: 5.302 MiB/s (total gbytes: 91.8 KiB) (time elapsed: 0.01690053939819336 s) (per-host)
[2026-06-17 23:17:29,530][absl][INFO] - [process=0] [sync] Finished load in 0.02 seconds @ /gpfs/home5/sfris1/ltr_datasets/ips_datasets/logging_policy_c50000_ps1p0_pt0p5_bs1p0_drop0rel0_sessallocv2_candfullv2_topx25_maxdocs80_lprdeep_lpsegreedysampler_lppct10p0
[2026-06-17 23:17:36,822][feature_based_propensities_for_ULTR.experiments.data_pipeline][INFO] - Loaded click datasets in 30.73 seconds (train=43473, val=6527, test=0)
[2026-06-17 23:17:36,822][feature_based_propensities_for_ULTR.experiments.data_pipeline][INFO] - Test split is label-only by design; no test click dataset was loaded.
[2026-06-17 23:17:36,823][feature_based_propensities_for_ULTR.data.runtime.alignment][INFO] - Applying data cutoff override: configured=25, natural=25, effective=25
[2026-06-17 23:17:36,823][feature_based_propensities_for_ULTR.data.runtime.alignment][INFO] - Applying data cutoff override: configured=25, natural=25, effective=25
[2026-06-17 23:17:36,912][feature_based_propensities_for_ULTR.data.runtime.aggregation][INFO] - Initializing simulator...
[2026-06-17 23:17:36,913][feature_based_propensities_for_ULTR.data.runtime.aggregation][INFO] - Aggregating train dataset...
[2026-06-17 23:17:43,108][feature_based_propensities_for_ULTR.data.runtime.aggregation][INFO] - Aggregating validation dataset...
[2026-06-17 23:17:45,698][feature_based_propensities_for_ULTR.data.runtime.aggregation][INFO] - Aggregating test dataset from labels only...
[2026-06-17 23:17:47,287][feature_based_propensities_for_ULTR.data.runtime.aggregation][INFO] - Aggregation done in 10.37 seconds
[2026-06-17 23:17:47,287][feature_based_propensities_for_ULTR.data.runtime.aggregation][INFO] - Session usage after aggregation: requested(train=43473,val=6527), actual(train=43473,val=6527,test=0)
[2026-06-17 23:17:47,287][feature_based_propensities_for_ULTR.data.runtime.aggregation][INFO] - Dataset persistence disabled; skipping aggregated dataset cache save.
[2026-06-17 23:17:47,287][feature_based_propensities_for_ULTR.experiments.ips_pipeline][INFO] - Test split uses label-only evaluation; raw test click diagnostics are skipped.
[2026-06-17 23:17:47,309][feature_based_propensities_for_ULTR.experiments.diagnostics][INFO] - [Data] train_docs=470251, val_docs=70687, test_docs=164676, cutoff=25
[2026-06-17 23:17:47,397][feature_based_propensities_for_ULTR.experiments.diagnostics][INFO] - [Train] clicks=6566, displays=736144, ctr=0.0089, ctr_per_doc=0.0089
[2026-06-17 23:17:47,479][feature_based_propensities_for_ULTR.experiments.diagnostics][INFO] - [Validation] clicks=936, displays=108385, ctr=0.0086, ctr_per_doc=0.0086
[2026-06-17 23:17:47,595][feature_based_propensities_for_ULTR.experiments.diagnostics][INFO] - [Test] clicks=0, displays=0, ctr=0.0000, ctr_per_doc=0.0000
[2026-06-17 23:17:47,595][feature_based_propensities_for_ULTR.experiments.ips_pipeline][INFO] - Running estimator pipeline with model='dm'
[2026-06-17 23:17:47,595][feature_based_propensities_for_ULTR.experiments.ips_pipeline][INFO] - Computing position bias (alpha)...
[2026-06-17 23:17:47,645][feature_based_propensities_for_ULTR.experiments.propensity_pipeline][INFO] - Computing propensity per doc (method=true_propensity)...
