[2026-06-18 16:58:27,163][feature_based_propensities_for_ULTR.experiments.config_resolver][WARNING] - test_clicks=500000 is ignored because test_set_mode='label_only'. Set test_set_mode='clicks' to enable legacy click-based test behavior.
[2026-06-18 16:58:27,168][feature_based_propensities_for_ULTR.experiments.data_pipeline][INFO] - Loading or generating click datasets...
[2026-06-18 16:59:55,041][absl][INFO] - orbax-checkpoint version: 0.11.40
[2026-06-18 16:59:55,041][absl][INFO] - save_device_host_concurrent_bytes=None
[2026-06-18 16:59:55,041][absl][INFO] - Created BasePyTreeCheckpointHandler: use_ocdbt=True, use_zarr3=False, pytree_metadata_options=PyTreeMetadataOptions(support_rich_types=False), array_metadata_store=<orbax.checkpoint._src.metadata.array_metadata_store.Store object at 0x1460f26f35d0>, enable_pinned_host_transfer=False, save_concurrent_bytes: 96000000000 (89.4 GiB), restore_concurrent_bytes: 96000000000 (89.4 GiB)
[2026-06-18 16:59:55,042][absl][INFO] - [thread=MainThread] Failed to get flag value for EXPERIMENTAL_ORBAX_USE_DISTRIBUTED_PROCESS_ID.
[2026-06-18 16:59:55,042][absl][INFO] - [process=0][thread=MainThread] Using barrier_sync_fn: <function get_barrier_sync_fn.<locals>.<lambda> at 0x1460568bf920> timeout: 1200 secs and primary_host=0 for async checkpoint writes
[2026-06-18 16:59:55,042][absl][INFO] - [process=0] [sync] Started load checkpoint @ /gpfs/home5/sfris1/ltr_datasets/ips_datasets/istella_logging_policy_c10000_ps1p0_pt0p5_bs1p0_drop0rel0_sessallocv2_candfullv2_topx25_maxdocs200_lprdeep_lpsegreedysampler_lppct10p0.
[2026-06-18 16:59:55,044][absl][INFO] - Restoring checkpoint from /gpfs/home5/sfris1/ltr_datasets/ips_datasets/istella_logging_policy_c10000_ps1p0_pt0p5_bs1p0_drop0rel0_sessallocv2_candfullv2_topx25_maxdocs200_lprdeep_lpsegreedysampler_lppct10p0.
[2026-06-18 16:59:55,045][absl][INFO] - [process=0] [sync] Finished blocking load in 0.00 seconds. Continuing load @ /gpfs/home5/sfris1/ltr_datasets/ips_datasets/istella_logging_policy_c10000_ps1p0_pt0p5_bs1p0_drop0rel0_sessallocv2_candfullv2_topx25_maxdocs200_lprdeep_lpsegreedysampler_lppct10p0.
[2026-06-18 16:59:55,060][absl][INFO] - [process=0] /jax/orbax/read/worker/io/requested throughput: 2.806 MiB/s (total gbytes: 31.6 KiB) (time elapsed: 0.011008262634277344 s) (per-host)
[2026-06-18 16:59:55,062][absl][INFO] - [process=0] /jax/checkpoint/read/gbytes_per_sec: 1.899 MiB/s (total gbytes: 31.6 KiB) (time elapsed: 0.016267776489257812 s) (per-host)
[2026-06-18 16:59:55,062][absl][INFO] - [process=0] [sync] Finished load in 0.02 seconds @ /gpfs/home5/sfris1/ltr_datasets/ips_datasets/istella_logging_policy_c10000_ps1p0_pt0p5_bs1p0_drop0rel0_sessallocv2_candfullv2_topx25_maxdocs200_lprdeep_lpsegreedysampler_lppct10p0
[2026-06-18 17:00:00,354][feature_based_propensities_for_ULTR.experiments.data_pipeline][INFO] - Loaded click datasets in 93.19 seconds (train=7274, val=2726, test=0)
[2026-06-18 17:00:00,355][feature_based_propensities_for_ULTR.experiments.data_pipeline][INFO] - Test split is label-only by design; no test click dataset was loaded.
[2026-06-18 17:00:00,355][feature_based_propensities_for_ULTR.data.runtime.alignment][INFO] - Applying data cutoff override: configured=25, natural=25, effective=25
[2026-06-18 17:00:00,355][feature_based_propensities_for_ULTR.data.runtime.alignment][INFO] - Applying data cutoff override: configured=25, natural=25, effective=25
[2026-06-18 17:00:00,449][feature_based_propensities_for_ULTR.data.runtime.aggregation][INFO] - Initializing simulator...
[2026-06-18 17:00:00,450][feature_based_propensities_for_ULTR.data.runtime.aggregation][INFO] - Aggregating train dataset...
[2026-06-18 17:00:06,925][feature_based_propensities_for_ULTR.data.runtime.aggregation][INFO] - Aggregating validation dataset...
[2026-06-18 17:00:10,176][feature_based_propensities_for_ULTR.data.runtime.aggregation][INFO] - Aggregating test dataset from labels only...
[2026-06-18 17:00:11,687][feature_based_propensities_for_ULTR.data.runtime.aggregation][INFO] - Aggregation done in 11.24 seconds
[2026-06-18 17:00:11,688][feature_based_propensities_for_ULTR.data.runtime.aggregation][INFO] - Session usage after aggregation: requested(train=7274,val=2726), actual(train=7274,val=2726,test=0)
[2026-06-18 17:00:11,688][feature_based_propensities_for_ULTR.data.runtime.aggregation][INFO] - Dataset persistence disabled; skipping aggregated dataset cache save.
[2026-06-18 17:00:11,688][feature_based_propensities_for_ULTR.experiments.ips_pipeline][INFO] - Test split uses label-only evaluation; raw test click diagnostics are skipped.
[2026-06-18 17:00:11,740][feature_based_propensities_for_ULTR.experiments.diagnostics][INFO] - [Data] train_docs=2043304, val_docs=684076, test_docs=681250, cutoff=25
[2026-06-18 17:00:11,836][feature_based_propensities_for_ULTR.experiments.diagnostics][INFO] - [Train] clicks=1606, displays=181080, ctr=0.0089, ctr_per_doc=0.0089
[2026-06-18 17:00:11,928][feature_based_propensities_for_ULTR.experiments.diagnostics][INFO] - [Validation] clicks=593, displays=67740, ctr=0.0088, ctr_per_doc=0.0088
[2026-06-18 17:00:12,017][feature_based_propensities_for_ULTR.experiments.diagnostics][INFO] - [Test] clicks=0, displays=0, ctr=0.0000, ctr_per_doc=0.0000
[2026-06-18 17:00:12,018][feature_based_propensities_for_ULTR.experiments.ips_pipeline][INFO] - Running estimator pipeline with model='ips'
[2026-06-18 17:00:12,018][feature_based_propensities_for_ULTR.experiments.ips_pipeline][INFO] - Computing position bias (alpha)...
[2026-06-18 17:00:12,036][ultr_bias_toolkit.bias.intervention_harvesting.all_pairs][INFO] - Position bias estimation using global all pairs estimator
[2026-06-18 17:01:00,575][feature_based_propensities_for_ULTR.experiments.position_bias_pipeline][INFO] - Saved estimated position-bias curve to position_bias.json
[2026-06-18 17:01:00,575][feature_based_propensities_for_ULTR.experiments.ips_pipeline][INFO] - Estimated position bias in-run (estimator=global_all_pairs): [ 0.        -0.6407626 -1.45075   -1.4003901 -0.9297867 -1.3604149
 -2.0489728 -1.9707355 -2.4511733 -1.3780522 -3.4787214 -3.3023214
 -2.0409079 -1.4680723 -6.9077554 -3.2424204 -6.9077554 -2.0778358
 -1.6056266 -6.8175583 -2.8672895 -6.9077554 -6.785015  -2.1614673
 -6.9077554]
[2026-06-18 17:01:00,576][feature_based_propensities_for_ULTR.experiments.propensity_pipeline][INFO] - Computing propensity per doc (method=true_propensity)...
[2026-06-18 17:01:27,781][feature_based_propensities_for_ULTR.experiments.propensity_pipeline][INFO] - Propensity computed in 27.20 seconds
[2026-06-18 17:01:27,782][feature_based_propensities_for_ULTR.experiments.propensity_pipeline][INFO] - Alpha logits: [ 0.        -0.6407626 -1.45075   -1.4003901 -0.9297867 -1.3604149
 -2.0489728 -1.9707355 -2.4511733 -1.3780522 -3.4787214 -3.3023214
 -2.0409079 -1.4680723 -6.9077554 -3.2424204 -6.9077554 -2.0778358
 -1.6056266 -6.8175583 -2.8672895 -6.9077554 -6.785015  -2.1614673
 -6.9077554]
[2026-06-18 17:01:27,783][feature_based_propensities_for_ULTR.experiments.propensity_pipeline][INFO] - Alpha: [0.5        0.34507418 0.18988617 0.1977542  0.28296798 0.2041729
 0.1141562  0.12230991 0.07935279 0.201322   0.02992377 0.03549163
 0.11497433 0.18723579 0.000999   0.0376002  0.000999   0.11126979
 0.1671967  0.00109319 0.05379445 0.000999   0.00112931 0.10326451
 0.000999  ]
[2026-06-18 17:01:27,783][feature_based_propensities_for_ULTR.experiments.propensity_pipeline][INFO] - Propensity clipping disabled.
[2026-06-18 17:01:27,783][feature_based_propensities_for_ULTR.experiments.ips_pipeline][INFO] - Computing IPS doc weights...
[2026-06-18 17:01:28,302][feature_based_propensities_for_ULTR.experiments.ips_pipeline][INFO] - Doc weights computed in 0.52 seconds
[2026-06-18 17:01:28,350][feature_based_propensities_for_ULTR.experiments.model_pipeline][INFO] - Loading trainer (trainer_type='pl-rank', n_samples=100)...
[2026-06-18 17:01:28,352][feature_based_propensities_for_ULTR.experiments.model_pipeline][INFO] - Trainer loaded in 0.00 seconds
[2026-06-18 17:01:28,352][feature_based_propensities_for_ULTR.experiments.model_pipeline][INFO] - Training model...
[2026-06-18 17:06:57,515][feature_based_propensities_for_ULTR.experiments.ips_pipeline][INFO] - Final evaluation results:
{'metrics': {'CTR': 0.9979441165924072,
             'DCG': 2.283585786819458,
             'NCTR': 0.561910092830658,
             'NDCG': 0.661645770072937,
             'NDCG@25': 0.661645770072937,
             'NRCTR': 0.561910092830658,
             'RCTR': 0.9979441165924072}}
[2026-06-18 17:06:57,553][submitit][INFO] - Job completed successfully
[2026-06-18 17:06:57,562][submitit][INFO] - Exiting after successful completion
