[2026-06-18 16:58:59,396][feature_based_propensities_for_ULTR.experiments.config_resolver][WARNING] - test_clicks=500000 is ignored because test_set_mode='label_only'. Set test_set_mode='clicks' to enable legacy click-based test behavior.
[2026-06-18 16:58:59,401][feature_based_propensities_for_ULTR.experiments.data_pipeline][INFO] - Loading or generating click datasets...
[2026-06-18 17:00:28,406][absl][INFO] - orbax-checkpoint version: 0.11.40
[2026-06-18 17:00:28,407][absl][INFO] - save_device_host_concurrent_bytes=None
[2026-06-18 17:00:28,407][absl][INFO] - Created BasePyTreeCheckpointHandler: use_ocdbt=True, use_zarr3=False, pytree_metadata_options=PyTreeMetadataOptions(support_rich_types=False), array_metadata_store=<orbax.checkpoint._src.metadata.array_metadata_store.Store object at 0x1459bfd294d0>, enable_pinned_host_transfer=False, save_concurrent_bytes: 96000000000 (89.4 GiB), restore_concurrent_bytes: 96000000000 (89.4 GiB)
[2026-06-18 17:00:28,407][absl][INFO] - [thread=MainThread] Failed to get flag value for EXPERIMENTAL_ORBAX_USE_DISTRIBUTED_PROCESS_ID.
[2026-06-18 17:00:28,407][absl][INFO] - [process=0][thread=MainThread] Using barrier_sync_fn: <function get_barrier_sync_fn.<locals>.<lambda> at 0x1458fe9db920> timeout: 1200 secs and primary_host=0 for async checkpoint writes
[2026-06-18 17:00:28,408][absl][INFO] - [process=0] [sync] Started load checkpoint @ /gpfs/home5/sfris1/ltr_datasets/ips_datasets/istella_logging_policy_c10000_ps1p0_pt0p5_bs1p0_drop0rel0_sessallocv2_candfullv2_topx25_maxdocs200_lprdeep_lpsegreedysampler_lppct10p0.
[2026-06-18 17:00:28,410][absl][INFO] - Restoring checkpoint from /gpfs/home5/sfris1/ltr_datasets/ips_datasets/istella_logging_policy_c10000_ps1p0_pt0p5_bs1p0_drop0rel0_sessallocv2_candfullv2_topx25_maxdocs200_lprdeep_lpsegreedysampler_lppct10p0.
[2026-06-18 17:00:28,411][absl][INFO] - [process=0] [sync] Finished blocking load in 0.00 seconds. Continuing load @ /gpfs/home5/sfris1/ltr_datasets/ips_datasets/istella_logging_policy_c10000_ps1p0_pt0p5_bs1p0_drop0rel0_sessallocv2_candfullv2_topx25_maxdocs200_lprdeep_lpsegreedysampler_lppct10p0.
[2026-06-18 17:00:28,427][absl][INFO] - [process=0] /jax/orbax/read/worker/io/requested throughput: 2.771 MiB/s (total gbytes: 31.6 KiB) (time elapsed: 0.011146306991577148 s) (per-host)
[2026-06-18 17:00:28,428][absl][INFO] - [process=0] /jax/checkpoint/read/gbytes_per_sec: 1.823 MiB/s (total gbytes: 31.6 KiB) (time elapsed: 0.01693868637084961 s) (per-host)
[2026-06-18 17:00:28,429][absl][INFO] - [process=0] [sync] Finished load in 0.02 seconds @ /gpfs/home5/sfris1/ltr_datasets/ips_datasets/istella_logging_policy_c10000_ps1p0_pt0p5_bs1p0_drop0rel0_sessallocv2_candfullv2_topx25_maxdocs200_lprdeep_lpsegreedysampler_lppct10p0
[2026-06-18 17:00:33,634][feature_based_propensities_for_ULTR.experiments.data_pipeline][INFO] - Loaded click datasets in 94.23 seconds (train=7274, val=2726, test=0)
[2026-06-18 17:00:33,634][feature_based_propensities_for_ULTR.experiments.data_pipeline][INFO] - Test split is label-only by design; no test click dataset was loaded.
[2026-06-18 17:00:33,634][feature_based_propensities_for_ULTR.data.runtime.alignment][INFO] - Applying data cutoff override: configured=25, natural=25, effective=25
[2026-06-18 17:00:33,635][feature_based_propensities_for_ULTR.data.runtime.alignment][INFO] - Applying data cutoff override: configured=25, natural=25, effective=25
[2026-06-18 17:00:33,727][feature_based_propensities_for_ULTR.data.runtime.aggregation][INFO] - Initializing simulator...
[2026-06-18 17:00:33,728][feature_based_propensities_for_ULTR.data.runtime.aggregation][INFO] - Aggregating train dataset...
[2026-06-18 17:00:40,149][feature_based_propensities_for_ULTR.data.runtime.aggregation][INFO] - Aggregating validation dataset...
[2026-06-18 17:00:43,426][feature_based_propensities_for_ULTR.data.runtime.aggregation][INFO] - Aggregating test dataset from labels only...
[2026-06-18 17:00:44,825][feature_based_propensities_for_ULTR.data.runtime.aggregation][INFO] - Aggregation done in 11.10 seconds
[2026-06-18 17:00:44,826][feature_based_propensities_for_ULTR.data.runtime.aggregation][INFO] - Session usage after aggregation: requested(train=7274,val=2726), actual(train=7274,val=2726,test=0)
[2026-06-18 17:00:44,826][feature_based_propensities_for_ULTR.data.runtime.aggregation][INFO] - Dataset persistence disabled; skipping aggregated dataset cache save.
[2026-06-18 17:00:44,826][feature_based_propensities_for_ULTR.experiments.ips_pipeline][INFO] - Test split uses label-only evaluation; raw test click diagnostics are skipped.
[2026-06-18 17:00:44,880][feature_based_propensities_for_ULTR.experiments.diagnostics][INFO] - [Data] train_docs=2043304, val_docs=684076, test_docs=681250, cutoff=25
[2026-06-18 17:00:44,979][feature_based_propensities_for_ULTR.experiments.diagnostics][INFO] - [Train] clicks=1617, displays=180880, ctr=0.0089, ctr_per_doc=0.0089
[2026-06-18 17:00:45,072][feature_based_propensities_for_ULTR.experiments.diagnostics][INFO] - [Validation] clicks=597, displays=67648, ctr=0.0088, ctr_per_doc=0.0088
[2026-06-18 17:00:45,162][feature_based_propensities_for_ULTR.experiments.diagnostics][INFO] - [Test] clicks=0, displays=0, ctr=0.0000, ctr_per_doc=0.0000
[2026-06-18 17:00:45,163][feature_based_propensities_for_ULTR.experiments.ips_pipeline][INFO] - Running estimator pipeline with model='dr'
[2026-06-18 17:00:45,163][feature_based_propensities_for_ULTR.experiments.ips_pipeline][INFO] - Computing position bias (alpha)...
[2026-06-18 17:00:45,182][ultr_bias_toolkit.bias.intervention_harvesting.all_pairs][INFO] - Position bias estimation using global all pairs estimator
[2026-06-18 17:01:35,199][feature_based_propensities_for_ULTR.experiments.position_bias_pipeline][INFO] - Saved estimated position-bias curve to position_bias.json
[2026-06-18 17:01:35,200][feature_based_propensities_for_ULTR.experiments.ips_pipeline][INFO] - Estimated position bias in-run (estimator=global_all_pairs): [ 0.        -0.6240217 -0.8511357 -1.36847   -1.5126796 -1.209589
 -1.5899167 -2.4814894 -2.4111443 -2.0595644 -6.9077554 -2.4585705
 -0.7965068 -1.6373198 -6.4699283 -3.4995131 -6.9077554 -2.1153696
 -1.7886149 -6.4980316 -5.8024216 -2.3950634 -3.2355845 -3.3082957
 -2.5794756]
[2026-06-18 17:01:35,201][feature_based_propensities_for_ULTR.experiments.propensity_pipeline][INFO] - Computing propensity per doc (method=true_propensity)...
[2026-06-18 17:02:01,896][feature_based_propensities_for_ULTR.experiments.propensity_pipeline][INFO] - Propensity computed in 26.69 seconds
[2026-06-18 17:02:01,896][feature_based_propensities_for_ULTR.experiments.propensity_pipeline][INFO] - Alpha logits: [ 0.        -0.6240217 -0.8511357 -1.36847   -1.5126796 -1.209589
 -1.5899167 -2.4814894 -2.4111443 -2.0595644 -6.9077554 -2.4585705
 -0.7965068 -1.6373198 -6.4699283 -3.4995131 -6.9077554 -2.1153696
 -1.7886149 -6.4980316 -5.8024216 -2.3950634 -3.2355845 -3.3082957
 -2.5794756]
[2026-06-18 17:02:01,897][feature_based_propensities_for_ULTR.experiments.propensity_pipeline][INFO] - Alpha: [0.5        0.34886733 0.29919466 0.20286715 0.18054202 0.22977377
 0.16939561 0.07716607 0.08232682 0.11308952 0.000999   0.07881406
 0.31077325 0.16283008 0.00154694 0.02932609 0.000999   0.10761193
 0.14324263 0.00150414 0.00301114 0.08354991 0.03784835 0.03528769
 0.07047108]
[2026-06-18 17:02:01,898][feature_based_propensities_for_ULTR.experiments.propensity_pipeline][INFO] - Propensity clipping disabled.
[2026-06-18 17:02:01,898][feature_based_propensities_for_ULTR.experiments.propensity_pipeline][INFO] - Computing propensity per doc (method=frequency_based)...
[2026-06-18 17:02:26,354][feature_based_propensities_for_ULTR.experiments.propensity_pipeline][INFO] - Propensity computed in 24.46 seconds
[2026-06-18 17:02:26,355][feature_based_propensities_for_ULTR.experiments.propensity_pipeline][INFO] - Alpha logits: [ 0.        -0.6240217 -0.8511357 -1.36847   -1.5126796 -1.209589
 -1.5899167 -2.4814894 -2.4111443 -2.0595644 -6.9077554 -2.4585705
 -0.7965068 -1.6373198 -6.4699283 -3.4995131 -6.9077554 -2.1153696
 -1.7886149 -6.4980316 -5.8024216 -2.3950634 -3.2355845 -3.3082957
 -2.5794756]
[2026-06-18 17:02:26,355][feature_based_propensities_for_ULTR.experiments.propensity_pipeline][INFO] - Alpha: [0.5        0.34886733 0.29919466 0.20286715 0.18054202 0.22977377
 0.16939561 0.07716607 0.08232682 0.11308952 0.000999   0.07881406
 0.31077325 0.16283008 0.00154694 0.02932609 0.000999   0.10761193
 0.14324263 0.00150414 0.00301114 0.08354991 0.03784835 0.03528769
 0.07047108]
[2026-06-18 17:02:27,788][feature_based_propensities_for_ULTR.experiments.regression_pipeline][INFO] - Training regression model for DM/DR...
[2026-06-18 17:02:35,317][feature_based_propensities_for_ULTR.experiments.regression_pipeline][INFO] - Regression epoch 3: train_loss=0.289747 val_loss=0.303805
[2026-06-18 17:02:41,779][feature_based_propensities_for_ULTR.experiments.regression_pipeline][INFO] - Regression epoch 6: train_loss=0.277923 val_loss=0.315860
[2026-06-18 17:02:47,649][feature_based_propensities_for_ULTR.experiments.ips_pipeline][INFO] - Computing DR doc weights...
[2026-06-18 17:02:47,675][feature_based_propensities_for_ULTR.experiments.ips_pipeline][INFO] - Doc weights computed in 0.03 seconds
[2026-06-18 17:02:47,686][feature_based_propensities_for_ULTR.experiments.model_pipeline][INFO] - Loading trainer (trainer_type='pl-rank', n_samples=100)...
[2026-06-18 17:02:47,688][feature_based_propensities_for_ULTR.experiments.model_pipeline][INFO] - Trainer loaded in 0.00 seconds
[2026-06-18 17:02:47,688][feature_based_propensities_for_ULTR.experiments.model_pipeline][INFO] - Training model...
[2026-06-18 17:47:05,279][feature_based_propensities_for_ULTR.experiments.ips_pipeline][INFO] - Final evaluation results:
{'metrics': {'CTR': 1.093590259552002,
             'DCG': 2.3854575157165527,
             'NCTR': 0.5855597853660583,
             'NDCG': 0.6940858960151672,
             'NDCG@25': 0.6940858960151672,
             'NRCTR': 0.5855597853660583,
             'RCTR': 1.093590259552002}}
[2026-06-18 17:47:05,313][submitit][INFO] - Job completed successfully
[2026-06-18 17:47:05,323][submitit][INFO] - Exiting after successful completion
