[2026-06-17 11:48:26,639][feature_based_propensities_for_ULTR.experiments.config_resolver][WARNING] - test_clicks=500000 is ignored because test_set_mode='label_only'. Set test_set_mode='clicks' to enable legacy click-based test behavior.
[2026-06-17 11:48:26,641][feature_based_propensities_for_ULTR.experiments.data_pipeline][INFO] - Loading or generating click datasets...
[2026-06-17 11:48:50,331][absl][INFO] - orbax-checkpoint version: 0.11.40
[2026-06-17 11:48:50,331][absl][INFO] - save_device_host_concurrent_bytes=None
[2026-06-17 11:48:50,332][absl][INFO] - Created BasePyTreeCheckpointHandler: use_ocdbt=True, use_zarr3=False, pytree_metadata_options=PyTreeMetadataOptions(support_rich_types=False), array_metadata_store=<orbax.checkpoint._src.metadata.array_metadata_store.Store object at 0x1122e2250>, enable_pinned_host_transfer=False, save_concurrent_bytes: 96000000000 (89.4 GiB), restore_concurrent_bytes: 96000000000 (89.4 GiB)
[2026-06-17 11:48:50,332][absl][INFO] - [thread=MainThread] Failed to get flag value for EXPERIMENTAL_ORBAX_USE_DISTRIBUTED_PROCESS_ID.
[2026-06-17 11:48:50,332][absl][INFO] - [process=0][thread=MainThread] Using barrier_sync_fn: <function get_barrier_sync_fn.<locals>.<lambda> at 0x31da24400> timeout: 1200 secs and primary_host=0 for async checkpoint writes
[2026-06-17 11:48:50,332][absl][INFO] - [process=0] [sync] Started load checkpoint @ /Users/stanf/Documents/Uni/MSc Thesis/ltr_datasets/ips_datasets/logging_policy_c10000_ps1p0_pt0p5_bs1p0_drop0rel0_sessallocv2_candfullv2_topx25_maxdocs200_lprdeep_lpsegreedysampler_lppct10p0.
[2026-06-17 11:48:50,333][absl][INFO] - Restoring checkpoint from /Users/stanf/Documents/Uni/MSc Thesis/ltr_datasets/ips_datasets/logging_policy_c10000_ps1p0_pt0p5_bs1p0_drop0rel0_sessallocv2_candfullv2_topx25_maxdocs200_lprdeep_lpsegreedysampler_lppct10p0.
[2026-06-17 11:48:50,333][absl][INFO] - [process=0] [sync] Finished blocking load in 0.00 seconds. Continuing load @ /Users/stanf/Documents/Uni/MSc Thesis/ltr_datasets/ips_datasets/logging_policy_c10000_ps1p0_pt0p5_bs1p0_drop0rel0_sessallocv2_candfullv2_topx25_maxdocs200_lprdeep_lpsegreedysampler_lppct10p0.
[2026-06-17 11:48:50,336][absl][INFO] - [process=0][thread=MainThread] No metadata found for any process_index, checkpoint_dir=/Users/stanf/Documents/Uni/MSc Thesis/ltr_datasets/ips_datasets/logging_policy_c10000_ps1p0_pt0p5_bs1p0_drop0rel0_sessallocv2_candfullv2_topx25_maxdocs200_lprdeep_lpsegreedysampler_lppct10p0. Time taken: 0.000139s. If the checkpoint does not contain jax.Array then it is expected. If checkpoint contains jax.Array then it should lead to an error eventually; if no error is raised then it is a bug.
[2026-06-17 11:48:50,344][absl][INFO] - [process=0] /jax/orbax/read/worker/io/requested throughput: 2.585 MiB/s (total gbytes: 21.4 KiB) (time elapsed: 0.00807499885559082 s) (per-host)
[2026-06-17 11:48:50,344][absl][INFO] - [process=0] /jax/checkpoint/read/gbytes_per_sec: 1.956 MiB/s (total gbytes: 21.4 KiB) (time elapsed: 0.010672807693481445 s) (per-host)
[2026-06-17 11:48:50,344][absl][INFO] - [process=0] [sync] Finished load in 0.01 seconds @ /Users/stanf/Documents/Uni/MSc Thesis/ltr_datasets/ips_datasets/logging_policy_c10000_ps1p0_pt0p5_bs1p0_drop0rel0_sessallocv2_candfullv2_topx25_maxdocs200_lprdeep_lpsegreedysampler_lppct10p0
[2026-06-17 11:48:53,254][feature_based_propensities_for_ULTR.experiments.data_pipeline][INFO] - Loaded click datasets in 26.61 seconds (train=7500, val=2500, test=0)
[2026-06-17 11:48:53,254][feature_based_propensities_for_ULTR.experiments.data_pipeline][INFO] - Test split is label-only by design; no test click dataset was loaded.
[2026-06-17 11:48:53,254][feature_based_propensities_for_ULTR.data.runtime.alignment][INFO] - Applying data cutoff override: configured=25, natural=25, effective=25
[2026-06-17 11:48:53,254][feature_based_propensities_for_ULTR.data.runtime.alignment][INFO] - Applying data cutoff override: configured=25, natural=25, effective=25
[2026-06-17 11:48:53,287][feature_based_propensities_for_ULTR.data.runtime.aggregation][INFO] - Initializing simulator...
[2026-06-17 11:48:53,288][feature_based_propensities_for_ULTR.data.runtime.aggregation][INFO] - Aggregating train dataset...
[2026-06-17 11:48:58,213][feature_based_propensities_for_ULTR.data.runtime.aggregation][INFO] - Aggregating validation dataset...
[2026-06-17 11:48:59,659][feature_based_propensities_for_ULTR.data.runtime.aggregation][INFO] - Aggregating test dataset from labels only...
[2026-06-17 11:49:00,304][feature_based_propensities_for_ULTR.data.runtime.aggregation][INFO] - Aggregation done in 7.02 seconds
[2026-06-17 11:49:00,304][feature_based_propensities_for_ULTR.data.runtime.aggregation][INFO] - Session usage after aggregation: requested(train=7500,val=2500), actual(train=7500,val=2500,test=0)
[2026-06-17 11:49:00,304][feature_based_propensities_for_ULTR.data.runtime.aggregation][INFO] - Dataset persistence disabled; skipping aggregated dataset cache save.
[2026-06-17 11:49:00,305][feature_based_propensities_for_ULTR.experiments.ips_pipeline][INFO] - Test split uses label-only evaluation; raw test click diagnostics are skipped.
[2026-06-17 11:49:00,355][feature_based_propensities_for_ULTR.experiments.diagnostics][INFO] - [Data] train_docs=2132810, val_docs=707814, test_docs=708921, cutoff=25
[2026-06-17 11:49:00,393][feature_based_propensities_for_ULTR.experiments.diagnostics][INFO] - [Train] clicks=786, displays=182463, ctr=0.0043, ctr_per_doc=0.0043
[2026-06-17 11:49:00,428][feature_based_propensities_for_ULTR.experiments.diagnostics][INFO] - [Validation] clicks=252, displays=60854, ctr=0.0041, ctr_per_doc=0.0041
[2026-06-17 11:49:00,462][feature_based_propensities_for_ULTR.experiments.diagnostics][INFO] - [Test] clicks=0, displays=0, ctr=0.0000, ctr_per_doc=0.0000
[2026-06-17 11:49:00,462][feature_based_propensities_for_ULTR.experiments.ips_pipeline][INFO] - Running estimator pipeline with model='ips'
[2026-06-17 11:49:00,462][feature_based_propensities_for_ULTR.experiments.ips_pipeline][INFO] - Computing position bias (alpha)...
[2026-06-17 11:49:00,487][feature_based_propensities_for_ULTR.experiments.propensity_pipeline][INFO] - Computing propensity per doc (method=frequency_based)...
[2026-06-17 11:49:08,095][feature_based_propensities_for_ULTR.experiments.propensity_pipeline][INFO] - Propensity computed in 7.61 seconds
[2026-06-17 11:49:08,096][feature_based_propensities_for_ULTR.experiments.propensity_pipeline][INFO] - Alpha logits: [-0.        -0.6931472 -1.0986123 -1.3862944 -1.609438  -1.7917595
 -1.9459101 -2.0794415 -2.1972246 -2.3025851 -2.3978953 -2.4849067
 -2.5649493 -2.6390574 -2.7080503 -2.7725887 -2.8332133 -2.8903718
 -2.944439  -2.9957323 -3.0445225 -3.0910425 -3.1354942 -3.1780539
 -3.218876 ]
[2026-06-17 11:49:08,096][feature_based_propensities_for_ULTR.experiments.propensity_pipeline][INFO] - Alpha: [0.5        0.33333334 0.25       0.2        0.16666667 0.14285715
 0.12500001 0.11111111 0.1        0.09090909 0.08333333 0.07692308
 0.07142857 0.06666666 0.0625     0.05882353 0.05555556 0.05263158
 0.05       0.04761905 0.04545454 0.04347826 0.04166667 0.04
 0.03846154]
[2026-06-17 11:49:08,097][feature_based_propensities_for_ULTR.experiments.propensity_pipeline][INFO] - Propensity clipping disabled.
[2026-06-17 11:49:08,097][feature_based_propensities_for_ULTR.experiments.ips_pipeline][INFO] - Computing IPS doc weights...
[2026-06-17 11:49:08,301][feature_based_propensities_for_ULTR.experiments.ips_pipeline][INFO] - Doc weights computed in 0.20 seconds
[2026-06-17 11:49:08,305][feature_based_propensities_for_ULTR.experiments.model_pipeline][INFO] - Loading trainer (trainer_type='pl-rank', n_samples=100)...
[2026-06-17 11:49:08,306][feature_based_propensities_for_ULTR.experiments.model_pipeline][INFO] - Trainer loaded in 0.00 seconds
[2026-06-17 11:49:08,306][feature_based_propensities_for_ULTR.experiments.model_pipeline][INFO] - Training model...
[2026-06-17 11:49:37,073][feature_based_propensities_for_ULTR.experiments.ips_pipeline][INFO] - Final evaluation results:
{'metrics': {'CTR': 0.4937933385372162,
             'DCG': 1.396859049797058,
             'NCTR': 0.33058151602745056,
             'NDCG': 0.3658171594142914,
             'NDCG@25': 0.3658171594142914,
             'NRCTR': 0.33058151602745056,
             'RCTR': 0.4937933385372162}}
