[2026-06-18 15:29:04,232][feature_based_propensities_for_ULTR.experiments.config_resolver][WARNING] - test_clicks=500000 is ignored because test_set_mode='label_only'. Set test_set_mode='clicks' to enable legacy click-based test behavior.
[2026-06-18 15:29:04,237][feature_based_propensities_for_ULTR.experiments.data_pipeline][INFO] - Loading or generating click datasets...
[2026-06-18 15:29:27,539][absl][INFO] - orbax-checkpoint version: 0.11.40
[2026-06-18 15:29:27,540][absl][INFO] - save_device_host_concurrent_bytes=None
[2026-06-18 15:29:27,540][absl][INFO] - Created BasePyTreeCheckpointHandler: use_ocdbt=True, use_zarr3=False, pytree_metadata_options=PyTreeMetadataOptions(support_rich_types=False), array_metadata_store=<orbax.checkpoint._src.metadata.array_metadata_store.Store object at 0x155112966b90>, enable_pinned_host_transfer=False, save_concurrent_bytes: 96000000000 (89.4 GiB), restore_concurrent_bytes: 96000000000 (89.4 GiB)
[2026-06-18 15:29:27,540][absl][INFO] - [thread=MainThread] Failed to get flag value for EXPERIMENTAL_ORBAX_USE_DISTRIBUTED_PROCESS_ID.
[2026-06-18 15:29:27,540][absl][INFO] - [process=0][thread=MainThread] Using barrier_sync_fn: <function get_barrier_sync_fn.<locals>.<lambda> at 0x155072af7880> timeout: 1200 secs and primary_host=0 for async checkpoint writes
[2026-06-18 15:29:27,541][absl][INFO] - [process=0] [sync] Started load checkpoint @ /gpfs/home5/sfris1/ltr_datasets/ips_datasets/logging_policy_c10000_ps1p0_pt0p5_bs1p0_drop0rel0_sessallocv2_candfullv2_topx25_maxdocs80_lprdeep_lpsegreedysampler_lppct10p0.
[2026-06-18 15:29:27,543][absl][INFO] - Restoring checkpoint from /gpfs/home5/sfris1/ltr_datasets/ips_datasets/logging_policy_c10000_ps1p0_pt0p5_bs1p0_drop0rel0_sessallocv2_candfullv2_topx25_maxdocs80_lprdeep_lpsegreedysampler_lppct10p0.
[2026-06-18 15:29:27,543][absl][INFO] - [process=0] [sync] Finished blocking load in 0.00 seconds. Continuing load @ /gpfs/home5/sfris1/ltr_datasets/ips_datasets/logging_policy_c10000_ps1p0_pt0p5_bs1p0_drop0rel0_sessallocv2_candfullv2_topx25_maxdocs80_lprdeep_lpsegreedysampler_lppct10p0.
[2026-06-18 15:29:27,558][absl][INFO] - [process=0] /jax/orbax/read/worker/io/requested throughput: 8.176 MiB/s (total gbytes: 91.8 KiB) (time elapsed: 0.01095890998840332 s) (per-host)
[2026-06-18 15:29:27,560][absl][INFO] - [process=0] /jax/checkpoint/read/gbytes_per_sec: 5.542 MiB/s (total gbytes: 91.8 KiB) (time elapsed: 0.016169071197509766 s) (per-host)
[2026-06-18 15:29:27,560][absl][INFO] - [process=0] [sync] Finished load in 0.02 seconds @ /gpfs/home5/sfris1/ltr_datasets/ips_datasets/logging_policy_c10000_ps1p0_pt0p5_bs1p0_drop0rel0_sessallocv2_candfullv2_topx25_maxdocs80_lprdeep_lpsegreedysampler_lppct10p0
[2026-06-18 15:29:31,809][feature_based_propensities_for_ULTR.experiments.data_pipeline][INFO] - Loaded click datasets in 27.57 seconds (train=8694, val=1306, test=0)
[2026-06-18 15:29:31,809][feature_based_propensities_for_ULTR.experiments.data_pipeline][INFO] - Test split is label-only by design; no test click dataset was loaded.
[2026-06-18 15:29:31,810][feature_based_propensities_for_ULTR.data.runtime.alignment][INFO] - Applying data cutoff override: configured=25, natural=25, effective=25
[2026-06-18 15:29:31,810][feature_based_propensities_for_ULTR.data.runtime.alignment][INFO] - Applying data cutoff override: configured=25, natural=25, effective=25
[2026-06-18 15:29:31,898][feature_based_propensities_for_ULTR.data.runtime.aggregation][INFO] - Initializing simulator...
[2026-06-18 15:29:31,899][feature_based_propensities_for_ULTR.data.runtime.aggregation][INFO] - Aggregating train dataset...
[2026-06-18 15:29:38,056][feature_based_propensities_for_ULTR.data.runtime.aggregation][INFO] - Aggregating validation dataset...
[2026-06-18 15:29:40,571][feature_based_propensities_for_ULTR.data.runtime.aggregation][INFO] - Aggregating test dataset from labels only...
[2026-06-18 15:29:42,204][feature_based_propensities_for_ULTR.data.runtime.aggregation][INFO] - Aggregation done in 10.31 seconds
[2026-06-18 15:29:42,205][feature_based_propensities_for_ULTR.data.runtime.aggregation][INFO] - Session usage after aggregation: requested(train=8694,val=1306), actual(train=8694,val=1306,test=0)
[2026-06-18 15:29:42,205][feature_based_propensities_for_ULTR.data.runtime.aggregation][INFO] - Dataset persistence disabled; skipping aggregated dataset cache save.
[2026-06-18 15:29:42,205][feature_based_propensities_for_ULTR.experiments.ips_pipeline][INFO] - Test split uses label-only evaluation; raw test click diagnostics are skipped.
[2026-06-18 15:29:42,228][feature_based_propensities_for_ULTR.experiments.diagnostics][INFO] - [Data] train_docs=470251, val_docs=70687, test_docs=164676, cutoff=25
[2026-06-18 15:29:42,314][feature_based_propensities_for_ULTR.experiments.diagnostics][INFO] - [Train] clicks=1375, displays=147832, ctr=0.0093, ctr_per_doc=0.0093
[2026-06-18 15:29:42,393][feature_based_propensities_for_ULTR.experiments.diagnostics][INFO] - [Validation] clicks=224, displays=22436, ctr=0.0100, ctr_per_doc=0.0100
[2026-06-18 15:29:42,506][feature_based_propensities_for_ULTR.experiments.diagnostics][INFO] - [Test] clicks=0, displays=0, ctr=0.0000, ctr_per_doc=0.0000
[2026-06-18 15:29:42,507][feature_based_propensities_for_ULTR.experiments.ips_pipeline][INFO] - Running estimator pipeline with model='dm'
[2026-06-18 15:29:42,507][feature_based_propensities_for_ULTR.experiments.ips_pipeline][INFO] - Computing position bias (alpha)...
[2026-06-18 15:29:42,523][ultr_bias_toolkit.bias.intervention_harvesting.all_pairs][INFO] - Position bias estimation using global all pairs estimator
[2026-06-18 15:30:31,448][feature_based_propensities_for_ULTR.experiments.position_bias_pipeline][INFO] - Saved estimated position-bias curve to position_bias.json
[2026-06-18 15:30:31,448][feature_based_propensities_for_ULTR.experiments.ips_pipeline][INFO] - Estimated position bias in-run (estimator=global_all_pairs): [ 0.         -0.84318185 -1.1467994  -1.1474816  -1.6679502  -1.6367487
 -1.6069677  -1.947823   -2.414475   -3.6227145  -3.175228   -2.1063178
 -4.320516   -1.8341882  -6.9077554  -1.9306796  -2.186849   -4.3855457
 -3.2923944  -2.5267918  -3.4279656  -3.0804462  -2.4344337  -6.9077554
 -1.7422702 ]
[2026-06-18 15:30:31,450][feature_based_propensities_for_ULTR.experiments.propensity_pipeline][INFO] - Computing propensity per doc (method=frequency_based)...
[2026-06-18 15:30:39,675][feature_based_propensities_for_ULTR.experiments.propensity_pipeline][INFO] - Propensity computed in 8.23 seconds
[2026-06-18 15:30:39,675][feature_based_propensities_for_ULTR.experiments.propensity_pipeline][INFO] - Alpha logits: [ 0.         -0.84318185 -1.1467994  -1.1474816  -1.6679502  -1.6367487
 -1.6069677  -1.947823   -2.414475   -3.6227145  -3.175228   -2.1063178
 -4.320516   -1.8341882  -6.9077554  -1.9306796  -2.186849   -4.3855457
 -3.2923944  -2.5267918  -3.4279656  -3.0804462  -2.4344337  -6.9077554
 -1.7422702 ]
[2026-06-18 15:30:39,676][feature_based_propensities_for_ULTR.experiments.propensity_pipeline][INFO] - Alpha: [0.5        0.30086508 0.24107416 0.24094939 0.15869766 0.16290796
 0.16701002 0.12479092 0.08207554 0.0260152  0.04010865 0.10848428
 0.01311863 0.13774009 0.000999   0.12667538 0.10093769 0.01230284
 0.03583303 0.07400119 0.03143281 0.04392107 0.08058435 0.000999
 0.1490248 ]
[2026-06-18 15:30:39,677][feature_based_propensities_for_ULTR.experiments.propensity_pipeline][INFO] - Propensity clipping disabled.
[2026-06-18 15:30:41,071][feature_based_propensities_for_ULTR.experiments.regression_pipeline][INFO] - Training regression model for DM/DR...
[2026-06-18 15:30:47,679][feature_based_propensities_for_ULTR.experiments.regression_pipeline][INFO] - Regression epoch 3: train_loss=0.468977 val_loss=0.717927
[2026-06-18 15:30:53,151][feature_based_propensities_for_ULTR.experiments.regression_pipeline][INFO] - Regression epoch 6: train_loss=0.369871 val_loss=0.653256
[2026-06-18 15:30:58,699][feature_based_propensities_for_ULTR.experiments.regression_pipeline][INFO] - Regression epoch 9: train_loss=0.317921 val_loss=0.761302
[2026-06-18 15:31:00,536][feature_based_propensities_for_ULTR.experiments.ips_pipeline][INFO] - Computing DM doc weights...
[2026-06-18 15:31:00,537][feature_based_propensities_for_ULTR.experiments.ips_pipeline][INFO] - Doc weights computed in 0.00 seconds
[2026-06-18 15:31:00,543][feature_based_propensities_for_ULTR.experiments.model_pipeline][INFO] - Loading trainer (trainer_type='pl-rank', n_samples=100)...
[2026-06-18 15:31:00,545][feature_based_propensities_for_ULTR.experiments.model_pipeline][INFO] - Trainer loaded in 0.00 seconds
[2026-06-18 15:31:00,545][feature_based_propensities_for_ULTR.experiments.model_pipeline][INFO] - Training model...
[2026-06-18 15:41:02,997][feature_based_propensities_for_ULTR.experiments.ips_pipeline][INFO] - Final evaluation results:
{'metrics': {'CTR': 0.7916239500045776,
             'DCG': 2.008707284927368,
             'NCTR': 0.6597951054573059,
             'NDCG': 0.7327154278755188,
             'NDCG@25': 0.7327154278755188,
             'NRCTR': 0.6597951054573059,
             'RCTR': 0.7916239500045776}}
[2026-06-18 15:41:03,023][submitit][INFO] - Job completed successfully
[2026-06-18 15:41:03,032][submitit][INFO] - Exiting after successful completion
