[2026-06-18 16:59:00,350][feature_based_propensities_for_ULTR.experiments.config_resolver][WARNING] - test_clicks=500000 is ignored because test_set_mode='label_only'. Set test_set_mode='clicks' to enable legacy click-based test behavior.
[2026-06-18 16:59:00,356][feature_based_propensities_for_ULTR.experiments.data_pipeline][INFO] - Loading or generating click datasets...
[2026-06-18 17:00:28,328][absl][INFO] - orbax-checkpoint version: 0.11.40
[2026-06-18 17:00:28,329][absl][INFO] - save_device_host_concurrent_bytes=None
[2026-06-18 17:00:28,329][absl][INFO] - Created BasePyTreeCheckpointHandler: use_ocdbt=True, use_zarr3=False, pytree_metadata_options=PyTreeMetadataOptions(support_rich_types=False), array_metadata_store=<orbax.checkpoint._src.metadata.array_metadata_store.Store object at 0x14a4b3821250>, enable_pinned_host_transfer=False, save_concurrent_bytes: 96000000000 (89.4 GiB), restore_concurrent_bytes: 96000000000 (89.4 GiB)
[2026-06-18 17:00:28,329][absl][INFO] - [thread=MainThread] Failed to get flag value for EXPERIMENTAL_ORBAX_USE_DISTRIBUTED_PROCESS_ID.
[2026-06-18 17:00:28,329][absl][INFO] - [process=0][thread=MainThread] Using barrier_sync_fn: <function get_barrier_sync_fn.<locals>.<lambda> at 0x14a3f173f920> timeout: 1200 secs and primary_host=0 for async checkpoint writes
[2026-06-18 17:00:28,330][absl][INFO] - [process=0] [sync] Started load checkpoint @ /gpfs/home5/sfris1/ltr_datasets/ips_datasets/istella_logging_policy_c10000_ps1p0_pt0p5_bs1p0_drop0rel0_sessallocv2_candfullv2_topx25_maxdocs200_lprdeep_lpsegreedysampler_lppct10p0.
[2026-06-18 17:00:28,332][absl][INFO] - Restoring checkpoint from /gpfs/home5/sfris1/ltr_datasets/ips_datasets/istella_logging_policy_c10000_ps1p0_pt0p5_bs1p0_drop0rel0_sessallocv2_candfullv2_topx25_maxdocs200_lprdeep_lpsegreedysampler_lppct10p0.
[2026-06-18 17:00:28,332][absl][INFO] - [process=0] [sync] Finished blocking load in 0.00 seconds. Continuing load @ /gpfs/home5/sfris1/ltr_datasets/ips_datasets/istella_logging_policy_c10000_ps1p0_pt0p5_bs1p0_drop0rel0_sessallocv2_candfullv2_topx25_maxdocs200_lprdeep_lpsegreedysampler_lppct10p0.
[2026-06-18 17:00:28,349][absl][INFO] - [process=0] /jax/orbax/read/worker/io/requested throughput: 2.780 MiB/s (total gbytes: 31.6 KiB) (time elapsed: 0.011110544204711914 s) (per-host)
[2026-06-18 17:00:28,350][absl][INFO] - [process=0] /jax/checkpoint/read/gbytes_per_sec: 1.827 MiB/s (total gbytes: 31.6 KiB) (time elapsed: 0.016908884048461914 s) (per-host)
[2026-06-18 17:00:28,350][absl][INFO] - [process=0] [sync] Finished load in 0.02 seconds @ /gpfs/home5/sfris1/ltr_datasets/ips_datasets/istella_logging_policy_c10000_ps1p0_pt0p5_bs1p0_drop0rel0_sessallocv2_candfullv2_topx25_maxdocs200_lprdeep_lpsegreedysampler_lppct10p0
[2026-06-18 17:00:33,225][feature_based_propensities_for_ULTR.experiments.data_pipeline][INFO] - Loaded click datasets in 92.87 seconds (train=7274, val=2726, test=0)
[2026-06-18 17:00:33,225][feature_based_propensities_for_ULTR.experiments.data_pipeline][INFO] - Test split is label-only by design; no test click dataset was loaded.
[2026-06-18 17:00:33,225][feature_based_propensities_for_ULTR.data.runtime.alignment][INFO] - Applying data cutoff override: configured=25, natural=25, effective=25
[2026-06-18 17:00:33,226][feature_based_propensities_for_ULTR.data.runtime.alignment][INFO] - Applying data cutoff override: configured=25, natural=25, effective=25
[2026-06-18 17:00:33,317][feature_based_propensities_for_ULTR.data.runtime.aggregation][INFO] - Initializing simulator...
[2026-06-18 17:00:33,317][feature_based_propensities_for_ULTR.data.runtime.aggregation][INFO] - Aggregating train dataset...
[2026-06-18 17:00:39,630][feature_based_propensities_for_ULTR.data.runtime.aggregation][INFO] - Aggregating validation dataset...
[2026-06-18 17:00:43,192][feature_based_propensities_for_ULTR.data.runtime.aggregation][INFO] - Aggregating test dataset from labels only...
[2026-06-18 17:00:44,665][feature_based_propensities_for_ULTR.data.runtime.aggregation][INFO] - Aggregation done in 11.35 seconds
[2026-06-18 17:00:44,665][feature_based_propensities_for_ULTR.data.runtime.aggregation][INFO] - Session usage after aggregation: requested(train=7274,val=2726), actual(train=7274,val=2726,test=0)
[2026-06-18 17:00:44,665][feature_based_propensities_for_ULTR.data.runtime.aggregation][INFO] - Dataset persistence disabled; skipping aggregated dataset cache save.
[2026-06-18 17:00:44,666][feature_based_propensities_for_ULTR.experiments.ips_pipeline][INFO] - Test split uses label-only evaluation; raw test click diagnostics are skipped.
[2026-06-18 17:00:44,717][feature_based_propensities_for_ULTR.experiments.diagnostics][INFO] - [Data] train_docs=2043304, val_docs=684076, test_docs=681250, cutoff=25
[2026-06-18 17:00:44,812][feature_based_propensities_for_ULTR.experiments.diagnostics][INFO] - [Train] clicks=1606, displays=181080, ctr=0.0089, ctr_per_doc=0.0089
[2026-06-18 17:00:44,901][feature_based_propensities_for_ULTR.experiments.diagnostics][INFO] - [Validation] clicks=593, displays=67740, ctr=0.0088, ctr_per_doc=0.0088
[2026-06-18 17:00:44,988][feature_based_propensities_for_ULTR.experiments.diagnostics][INFO] - [Test] clicks=0, displays=0, ctr=0.0000, ctr_per_doc=0.0000
[2026-06-18 17:00:44,988][feature_based_propensities_for_ULTR.experiments.ips_pipeline][INFO] - Running estimator pipeline with model='dr'
[2026-06-18 17:00:44,989][feature_based_propensities_for_ULTR.experiments.ips_pipeline][INFO] - Computing position bias (alpha)...
[2026-06-18 17:00:45,010][ultr_bias_toolkit.bias.intervention_harvesting.all_pairs][INFO] - Position bias estimation using global all pairs estimator
[2026-06-18 17:01:34,291][feature_based_propensities_for_ULTR.experiments.position_bias_pipeline][INFO] - Saved estimated position-bias curve to position_bias.json
[2026-06-18 17:01:34,291][feature_based_propensities_for_ULTR.experiments.ips_pipeline][INFO] - Estimated position bias in-run (estimator=global_all_pairs): [ 0.         -0.64206046 -1.452061   -1.4010442  -0.9299274  -1.3629047
 -2.056808   -1.9649718  -2.4522877  -1.3771036  -3.3704631  -3.3012466
 -2.0128565  -1.4760671  -6.9077554  -3.1779757  -6.9077554  -2.083047
 -1.6022332  -6.7344675  -2.869829   -6.9077554  -6.9077554  -2.1671243
 -6.9077554 ]
[2026-06-18 17:01:34,292][feature_based_propensities_for_ULTR.experiments.propensity_pipeline][INFO] - Computing propensity per doc (method=propensity_mlp_regression)...
[2026-06-18 17:02:20,101][feature_based_propensities_for_ULTR.experiments.propensity_pipeline][INFO] - Propensity computed in 45.81 seconds
[2026-06-18 17:02:20,102][feature_based_propensities_for_ULTR.experiments.propensity_pipeline][INFO] - Alpha logits: [ 0.     -0.6421 -1.4521 -1.401  -0.9299 -1.3629 -2.0568 -1.965  -2.4523
 -1.3771 -3.3705 -3.3012 -2.0129 -1.4761 -6.9078 -3.178  -6.9078 -2.083
 -1.6022 -6.7345 -2.8698 -6.9078 -6.9078 -2.1671 -6.9078]
[2026-06-18 17:02:20,103][feature_based_propensities_for_ULTR.experiments.propensity_pipeline][INFO] - Alpha: [0.5    0.3448 0.1897 0.1977 0.2829 0.2038 0.1134 0.1229 0.0793 0.2015
 0.0332 0.0355 0.1179 0.186  0.001  0.04   0.001  0.1108 0.1677 0.0012
 0.0537 0.001  0.001  0.1027 0.001 ]
[2026-06-18 17:02:20,103][feature_based_propensities_for_ULTR.experiments.propensity_pipeline][INFO] - Propensity clipping disabled.
[2026-06-18 17:02:20,103][feature_based_propensities_for_ULTR.experiments.propensity_pipeline][INFO] - Computing propensity per doc (method=frequency_based)...
[2026-06-18 17:02:46,063][feature_based_propensities_for_ULTR.experiments.propensity_pipeline][INFO] - Propensity computed in 25.96 seconds
[2026-06-18 17:02:46,063][feature_based_propensities_for_ULTR.experiments.propensity_pipeline][INFO] - Alpha logits: [ 0.     -0.6421 -1.4521 -1.401  -0.9299 -1.3629 -2.0568 -1.965  -2.4523
 -1.3771 -3.3705 -3.3012 -2.0129 -1.4761 -6.9078 -3.178  -6.9078 -2.083
 -1.6022 -6.7345 -2.8698 -6.9078 -6.9078 -2.1671 -6.9078]
[2026-06-18 17:02:46,063][feature_based_propensities_for_ULTR.experiments.propensity_pipeline][INFO] - Alpha: [0.5    0.3448 0.1897 0.1977 0.2829 0.2038 0.1134 0.1229 0.0793 0.2015
 0.0332 0.0355 0.1179 0.186  0.001  0.04   0.001  0.1108 0.1677 0.0012
 0.0537 0.001  0.001  0.1027 0.001 ]
[2026-06-18 17:02:47,468][feature_based_propensities_for_ULTR.experiments.regression_pipeline][INFO] - Training regression model for DM/DR...
[2026-06-18 17:03:15,560][feature_based_propensities_for_ULTR.experiments.regression_pipeline][INFO] - Regression epoch 3: train_loss=0.100163 val_loss=0.109478
[2026-06-18 17:03:40,940][feature_based_propensities_for_ULTR.experiments.regression_pipeline][INFO] - Regression epoch 6: train_loss=0.096670 val_loss=0.114459
[2026-06-18 17:03:46,870][feature_based_propensities_for_ULTR.experiments.ips_pipeline][INFO] - Computing DR doc weights...
[2026-06-18 17:03:46,900][feature_based_propensities_for_ULTR.experiments.ips_pipeline][INFO] - Doc weights computed in 0.03 seconds
[2026-06-18 17:03:46,911][feature_based_propensities_for_ULTR.experiments.model_pipeline][INFO] - Loading trainer (trainer_type='pl-rank', n_samples=100)...
[2026-06-18 17:03:46,913][feature_based_propensities_for_ULTR.experiments.model_pipeline][INFO] - Trainer loaded in 0.00 seconds
[2026-06-18 17:03:46,913][feature_based_propensities_for_ULTR.experiments.model_pipeline][INFO] - Training model...
[2026-06-18 18:03:23,109][feature_based_propensities_for_ULTR.experiments.ips_pipeline][INFO] - Final evaluation results:
{'metrics': {'CTR': 1.1067103147506714,
             'DCG': 2.4875576496124268,
             'NCTR': 0.6244023442268372,
             'NDCG': 0.7220401167869568,
             'NDCG@25': 0.7220401167869568,
             'NRCTR': 0.6244023442268372,
             'RCTR': 1.1067103147506714}}
[2026-06-18 18:03:23,146][submitit][INFO] - Job completed successfully
[2026-06-18 18:03:23,156][submitit][INFO] - Exiting after successful completion
