[2026-05-03 14:55:08,938][two_tower_confounding.experiments.config_resolver][WARNING] - test_clicks=500000 is ignored because test_set_mode='label_only'. Set test_set_mode='clicks' to enable legacy click-based test behavior.
[2026-05-03 14:55:08,943][two_tower_confounding.experiments.data_pipeline][INFO] - Loading or generating click datasets...
[2026-05-03 14:56:41,124][absl][INFO] - orbax-checkpoint version: 0.11.37
[2026-05-03 14:56:41,125][absl][INFO] - save_device_host_concurrent_bytes=None
[2026-05-03 14:56:41,126][absl][INFO] - Created BasePyTreeCheckpointHandler: use_ocdbt=True, use_zarr3=False, pytree_metadata_options=PyTreeMetadataOptions(support_rich_types=False), array_metadata_store=<orbax.checkpoint._src.metadata.array_metadata_store.Store object at 0x15471eaa08d0>, enable_pinned_host_transfer=False, save_concurrent_bytes: 96000000000 (89.4 GiB), restore_concurrent_bytes: 96000000000 (89.4 GiB)
[2026-05-03 14:56:41,126][absl][INFO] - [thread=MainThread] Failed to get flag value for EXPERIMENTAL_ORBAX_USE_DISTRIBUTED_PROCESS_ID.
[2026-05-03 14:56:41,126][absl][INFO] - [process=0][thread=MainThread] Using barrier_sync_fn: <function get_barrier_sync_fn.<locals>.<lambda> at 0x15467d5998a0> timeout: 1200 secs and primary_host=0 for async checkpoint writes
[2026-05-03 14:56:41,126][absl][INFO] - [process=0] [sync] Started load checkpoint @ /gpfs/home5/sfris1/ltr_datasets/ips_datasets/istella_logging_policy_c10000_ps1p0_pt0p5_bs1p0_drop0rel0_sessallocv2_candfullv2_topx25_maxdocs200_lprdeep_lpsegreedysampler_lppct10p0.
[2026-05-03 14:56:41,128][absl][INFO] - Restoring checkpoint from /gpfs/home5/sfris1/ltr_datasets/ips_datasets/istella_logging_policy_c10000_ps1p0_pt0p5_bs1p0_drop0rel0_sessallocv2_candfullv2_topx25_maxdocs200_lprdeep_lpsegreedysampler_lppct10p0.
[2026-05-03 14:56:41,129][absl][INFO] - [process=0] [sync] Finished blocking load in 0.00 seconds. Continuing load @ /gpfs/home5/sfris1/ltr_datasets/ips_datasets/istella_logging_policy_c10000_ps1p0_pt0p5_bs1p0_drop0rel0_sessallocv2_candfullv2_topx25_maxdocs200_lprdeep_lpsegreedysampler_lppct10p0.
[2026-05-03 14:56:41,144][absl][INFO] - [process=0] /jax/orbax/read/worker/io/requested throughput: 2.872 MiB/s (total gbytes: 31.6 KiB) (time elapsed: 0.010755777359008789 s) (per-host)
[2026-05-03 14:56:41,146][absl][INFO] - [process=0] /jax/checkpoint/read/gbytes_per_sec: 1.899 MiB/s (total gbytes: 31.6 KiB) (time elapsed: 0.01626873016357422 s) (per-host)
[2026-05-03 14:56:41,146][absl][INFO] - [process=0] [sync] Finished load in 0.02 seconds @ /gpfs/home5/sfris1/ltr_datasets/ips_datasets/istella_logging_policy_c10000_ps1p0_pt0p5_bs1p0_drop0rel0_sessallocv2_candfullv2_topx25_maxdocs200_lprdeep_lpsegreedysampler_lppct10p0
[2026-05-03 14:56:46,086][two_tower_confounding.experiments.data_pipeline][INFO] - Loaded click datasets in 97.14 seconds (train=7274, val=2726, test=0)
[2026-05-03 14:56:46,086][two_tower_confounding.experiments.data_pipeline][INFO] - Test split is label-only by design; no test click dataset was loaded.
[2026-05-03 14:56:46,086][two_tower_confounding.data.runtime.alignment][INFO] - Applying data cutoff override: configured=25, natural=25, effective=25
[2026-05-03 14:56:46,086][two_tower_confounding.data.runtime.alignment][INFO] - Applying data cutoff override: configured=25, natural=25, effective=25
[2026-05-03 14:56:46,182][two_tower_confounding.data.runtime.aggregation][INFO] - Initializing simulator...
[2026-05-03 14:56:46,183][two_tower_confounding.data.runtime.aggregation][INFO] - Aggregating train dataset...
[2026-05-03 14:56:52,494][two_tower_confounding.data.runtime.aggregation][INFO] - Aggregating validation dataset...
[2026-05-03 14:56:56,015][two_tower_confounding.data.runtime.aggregation][INFO] - Aggregating test dataset from labels only...
[2026-05-03 14:56:57,412][two_tower_confounding.data.runtime.aggregation][INFO] - Aggregation done in 11.23 seconds
[2026-05-03 14:56:57,413][two_tower_confounding.data.runtime.aggregation][INFO] - Session usage after aggregation: requested(train=7274,val=2726), actual(train=7274,val=2726,test=0)
[2026-05-03 14:56:57,413][two_tower_confounding.data.runtime.aggregation][INFO] - Dataset persistence disabled; skipping aggregated dataset cache save.
[2026-05-03 14:56:57,413][two_tower_confounding.experiments.ips_pipeline][INFO] - Test split uses label-only evaluation; raw test click diagnostics are skipped.
[2026-05-03 14:56:57,469][two_tower_confounding.experiments.diagnostics][INFO] - [Data] train_docs=2043304, val_docs=684076, test_docs=681250, cutoff=25
[2026-05-03 14:56:57,565][two_tower_confounding.experiments.diagnostics][INFO] - [Train] clicks=1602, displays=181084, ctr=0.0088, ctr_per_doc=0.0088
[2026-05-03 14:56:57,655][two_tower_confounding.experiments.diagnostics][INFO] - [Validation] clicks=588, displays=67606, ctr=0.0087, ctr_per_doc=0.0087
[2026-05-03 14:56:57,744][two_tower_confounding.experiments.diagnostics][INFO] - [Test] clicks=0, displays=0, ctr=0.0000, ctr_per_doc=0.0000
[2026-05-03 14:56:57,744][two_tower_confounding.experiments.ips_pipeline][INFO] - Running estimator pipeline with model='ips'
[2026-05-03 14:56:57,744][two_tower_confounding.experiments.ips_pipeline][INFO] - Computing position bias (alpha)...
[2026-05-03 14:56:57,751][two_tower_confounding.experiments.ips_pipeline][INFO] - Loaded CSV position bias from /gpfs/home5/sfris1/Doubly-Robust-Optimization-With-Two-Tower-Models/results/position_bias_csv_smoke.csv (method=ctr): [ 0.         -0.87284064 -1.4357426  -1.7786874  -2.0792415  -2.3380032
 -2.7209954  -2.903117   -3.0773702  -3.2312207  -3.6363854  -3.4464424
 -3.923166   -3.7222948  -3.7677119  -4.24608    -4.1715703  -4.101471
 -4.322802   -4.09865    -4.4070883  -4.7229104  -4.4974337  -5.1883435
 -4.598519  ]
[2026-05-03 14:56:57,752][two_tower_confounding.experiments.propensity_pipeline][INFO] - Computing propensity per doc (method=propensity_mlp_regression)...
[2026-05-03 14:57:27,860][two_tower_confounding.experiments.propensity_pipeline][INFO] - Propensity computed in 30.11 seconds
[2026-05-03 14:57:27,860][two_tower_confounding.experiments.propensity_pipeline][INFO] - Alpha logits: [ 0.     -0.8728 -1.4357 -1.7787 -2.0792 -2.338  -2.721  -2.9031 -3.0774
 -3.2312 -3.6364 -3.4464 -3.9232 -3.7223 -3.7677 -4.2461 -4.1716 -4.1015
 -4.3228 -4.0986 -4.4071 -4.7229 -4.4974 -5.1883 -4.5985]
[2026-05-03 14:57:27,861][two_tower_confounding.experiments.propensity_pipeline][INFO] - Alpha: [0.5    0.2947 0.1922 0.1445 0.1111 0.088  0.0617 0.052  0.0441 0.038
 0.0257 0.0309 0.0194 0.0236 0.0226 0.0141 0.0152 0.0163 0.0131 0.0163
 0.012  0.0088 0.011  0.0056 0.01  ]
[2026-05-03 14:57:27,862][two_tower_confounding.experiments.propensity_pipeline][INFO] - Propensity clipping disabled.
[2026-05-03 14:57:27,862][two_tower_confounding.experiments.ips_pipeline][INFO] - Computing IPS doc weights...
[2026-05-03 14:57:28,369][two_tower_confounding.experiments.ips_pipeline][INFO] - Doc weights computed in 0.51 seconds
[2026-05-03 14:57:28,380][two_tower_confounding.experiments.model_pipeline][INFO] - Loading trainer (trainer_type='pl-rank', n_samples=100)...
[2026-05-03 14:57:28,382][two_tower_confounding.experiments.model_pipeline][INFO] - Trainer loaded in 0.00 seconds
[2026-05-03 14:57:28,382][two_tower_confounding.experiments.model_pipeline][INFO] - Training model...
[2026-05-03 15:02:11,174][two_tower_confounding.experiments.ips_pipeline][INFO] - Final evaluation results:
{'metrics': {'CTR': 0.7129799723625183,
             'DCG': 2.339675188064575,
             'NCTR': 0.5721412897109985,
             'NDCG': 0.6774846315383911,
             'NDCG@25': 0.6774846315383911,
             'NRCTR': 0.5721412897109985,
             'RCTR': 0.7129799723625183}}
[2026-05-03 15:02:11,205][submitit][INFO] - Job completed successfully
[2026-05-03 15:02:11,216][submitit][INFO] - Exiting after successful completion
