[2026-06-18 15:28:42,437][feature_based_propensities_for_ULTR.experiments.config_resolver][WARNING] - test_clicks=500000 is ignored because test_set_mode='label_only'. Set test_set_mode='clicks' to enable legacy click-based test behavior.
[2026-06-18 15:28:42,442][feature_based_propensities_for_ULTR.experiments.data_pipeline][INFO] - Loading or generating click datasets...
[2026-06-18 15:29:05,767][absl][INFO] - orbax-checkpoint version: 0.11.40
[2026-06-18 15:29:05,767][absl][INFO] - save_device_host_concurrent_bytes=None
[2026-06-18 15:29:05,767][absl][INFO] - Created BasePyTreeCheckpointHandler: use_ocdbt=True, use_zarr3=False, pytree_metadata_options=PyTreeMetadataOptions(support_rich_types=False), array_metadata_store=<orbax.checkpoint._src.metadata.array_metadata_store.Store object at 0x14c0df9ee790>, enable_pinned_host_transfer=False, save_concurrent_bytes: 96000000000 (89.4 GiB), restore_concurrent_bytes: 96000000000 (89.4 GiB)
[2026-06-18 15:29:05,767][absl][INFO] - [thread=MainThread] Failed to get flag value for EXPERIMENTAL_ORBAX_USE_DISTRIBUTED_PROCESS_ID.
[2026-06-18 15:29:05,768][absl][INFO] - [process=0][thread=MainThread] Using barrier_sync_fn: <function get_barrier_sync_fn.<locals>.<lambda> at 0x14c037f7b880> timeout: 1200 secs and primary_host=0 for async checkpoint writes
[2026-06-18 15:29:05,768][absl][INFO] - [process=0] [sync] Started load checkpoint @ /gpfs/home5/sfris1/ltr_datasets/ips_datasets/logging_policy_c10000_ps1p0_pt0p5_bs1p0_drop0rel0_sessallocv2_candfullv2_topx25_maxdocs80_lprdeep_lpsegreedysampler_lppct10p0.
[2026-06-18 15:29:05,771][absl][INFO] - Restoring checkpoint from /gpfs/home5/sfris1/ltr_datasets/ips_datasets/logging_policy_c10000_ps1p0_pt0p5_bs1p0_drop0rel0_sessallocv2_candfullv2_topx25_maxdocs80_lprdeep_lpsegreedysampler_lppct10p0.
[2026-06-18 15:29:05,771][absl][INFO] - [process=0] [sync] Finished blocking load in 0.00 seconds. Continuing load @ /gpfs/home5/sfris1/ltr_datasets/ips_datasets/logging_policy_c10000_ps1p0_pt0p5_bs1p0_drop0rel0_sessallocv2_candfullv2_topx25_maxdocs80_lprdeep_lpsegreedysampler_lppct10p0.
[2026-06-18 15:29:05,786][absl][INFO] - [process=0] /jax/orbax/read/worker/io/requested throughput: 8.246 MiB/s (total gbytes: 91.8 KiB) (time elapsed: 0.010866641998291016 s) (per-host)
[2026-06-18 15:29:05,788][absl][INFO] - [process=0] /jax/checkpoint/read/gbytes_per_sec: 5.523 MiB/s (total gbytes: 91.8 KiB) (time elapsed: 0.016222715377807617 s) (per-host)
[2026-06-18 15:29:05,788][absl][INFO] - [process=0] [sync] Finished load in 0.02 seconds @ /gpfs/home5/sfris1/ltr_datasets/ips_datasets/logging_policy_c10000_ps1p0_pt0p5_bs1p0_drop0rel0_sessallocv2_candfullv2_topx25_maxdocs80_lprdeep_lpsegreedysampler_lppct10p0
[2026-06-18 15:29:10,003][feature_based_propensities_for_ULTR.experiments.data_pipeline][INFO] - Loaded click datasets in 27.56 seconds (train=8694, val=1306, test=0)
[2026-06-18 15:29:10,003][feature_based_propensities_for_ULTR.experiments.data_pipeline][INFO] - Test split is label-only by design; no test click dataset was loaded.
[2026-06-18 15:29:10,003][feature_based_propensities_for_ULTR.data.runtime.alignment][INFO] - Applying data cutoff override: configured=25, natural=25, effective=25
[2026-06-18 15:29:10,004][feature_based_propensities_for_ULTR.data.runtime.alignment][INFO] - Applying data cutoff override: configured=25, natural=25, effective=25
[2026-06-18 15:29:10,095][feature_based_propensities_for_ULTR.data.runtime.aggregation][INFO] - Initializing simulator...
[2026-06-18 15:29:10,096][feature_based_propensities_for_ULTR.data.runtime.aggregation][INFO] - Aggregating train dataset...
[2026-06-18 15:29:16,204][feature_based_propensities_for_ULTR.data.runtime.aggregation][INFO] - Aggregating validation dataset...
[2026-06-18 15:29:18,716][feature_based_propensities_for_ULTR.data.runtime.aggregation][INFO] - Aggregating test dataset from labels only...
[2026-06-18 15:29:20,350][feature_based_propensities_for_ULTR.data.runtime.aggregation][INFO] - Aggregation done in 10.25 seconds
[2026-06-18 15:29:20,351][feature_based_propensities_for_ULTR.data.runtime.aggregation][INFO] - Session usage after aggregation: requested(train=8694,val=1306), actual(train=8694,val=1306,test=0)
[2026-06-18 15:29:20,351][feature_based_propensities_for_ULTR.data.runtime.aggregation][INFO] - Dataset persistence disabled; skipping aggregated dataset cache save.
[2026-06-18 15:29:20,351][feature_based_propensities_for_ULTR.experiments.ips_pipeline][INFO] - Test split uses label-only evaluation; raw test click diagnostics are skipped.
[2026-06-18 15:29:20,373][feature_based_propensities_for_ULTR.experiments.diagnostics][INFO] - [Data] train_docs=470251, val_docs=70687, test_docs=164676, cutoff=25
[2026-06-18 15:29:20,459][feature_based_propensities_for_ULTR.experiments.diagnostics][INFO] - [Train] clicks=1442, displays=147751, ctr=0.0098, ctr_per_doc=0.0098
[2026-06-18 15:29:20,539][feature_based_propensities_for_ULTR.experiments.diagnostics][INFO] - [Validation] clicks=175, displays=21330, ctr=0.0082, ctr_per_doc=0.0082
[2026-06-18 15:29:20,657][feature_based_propensities_for_ULTR.experiments.diagnostics][INFO] - [Test] clicks=0, displays=0, ctr=0.0000, ctr_per_doc=0.0000
[2026-06-18 15:29:20,658][feature_based_propensities_for_ULTR.experiments.ips_pipeline][INFO] - Running estimator pipeline with model='dr'
[2026-06-18 15:29:20,658][feature_based_propensities_for_ULTR.experiments.ips_pipeline][INFO] - Computing position bias (alpha)...
[2026-06-18 15:29:20,673][ultr_bias_toolkit.bias.intervention_harvesting.all_pairs][INFO] - Position bias estimation using global all pairs estimator
[2026-06-18 15:30:09,263][feature_based_propensities_for_ULTR.experiments.position_bias_pipeline][INFO] - Saved estimated position-bias curve to position_bias.json
[2026-06-18 15:30:09,264][feature_based_propensities_for_ULTR.experiments.ips_pipeline][INFO] - Estimated position bias in-run (estimator=global_all_pairs): [ 0.         -0.68331134 -1.1233563  -1.56791    -1.9390595  -1.7975546
 -2.3389378  -1.2885538  -1.5984417  -2.3117988  -3.6920874  -2.5711856
 -2.995887   -2.2844727  -2.4448602  -2.2183895  -3.5174232  -3.6943264
 -3.4640028  -6.9077554  -3.1548932  -6.6179843  -3.9151301  -6.9077554
 -2.6784437 ]
[2026-06-18 15:30:09,265][feature_based_propensities_for_ULTR.experiments.propensity_pipeline][INFO] - Computing propensity per doc (method=propensity_mlp_regression)...
[2026-06-18 15:31:24,888][feature_based_propensities_for_ULTR.experiments.propensity_pipeline][INFO] - Propensity computed in 75.62 seconds
[2026-06-18 15:31:24,888][feature_based_propensities_for_ULTR.experiments.propensity_pipeline][INFO] - Alpha logits: [ 0.     -0.6833 -1.1234 -1.5679 -1.9391 -1.7976 -2.3389 -1.2886 -1.5984
 -2.3118 -3.6921 -2.5712 -2.9959 -2.2845 -2.4449 -2.2184 -3.5174 -3.6943
 -3.464  -6.9078 -3.1549 -6.618  -3.9151 -6.9078 -2.6784]
[2026-06-18 15:31:24,889][feature_based_propensities_for_ULTR.experiments.propensity_pipeline][INFO] - Alpha: [0.5    0.3355 0.2454 0.1725 0.1258 0.1421 0.0879 0.2161 0.1682 0.0902
 0.0243 0.071  0.0476 0.0924 0.0798 0.0981 0.0288 0.0243 0.0304 0.001
 0.0409 0.0013 0.0195 0.001  0.0643]
[2026-06-18 15:31:24,889][feature_based_propensities_for_ULTR.experiments.propensity_pipeline][INFO] - Propensity clipping disabled.
[2026-06-18 15:31:24,890][feature_based_propensities_for_ULTR.experiments.propensity_pipeline][INFO] - Computing propensity per doc (method=frequency_based)...
[2026-06-18 15:31:33,022][feature_based_propensities_for_ULTR.experiments.propensity_pipeline][INFO] - Propensity computed in 8.13 seconds
[2026-06-18 15:31:33,022][feature_based_propensities_for_ULTR.experiments.propensity_pipeline][INFO] - Alpha logits: [ 0.     -0.6833 -1.1234 -1.5679 -1.9391 -1.7976 -2.3389 -1.2886 -1.5984
 -2.3118 -3.6921 -2.5712 -2.9959 -2.2845 -2.4449 -2.2184 -3.5174 -3.6943
 -3.464  -6.9078 -3.1549 -6.618  -3.9151 -6.9078 -2.6784]
[2026-06-18 15:31:33,022][feature_based_propensities_for_ULTR.experiments.propensity_pipeline][INFO] - Alpha: [0.5    0.3355 0.2454 0.1725 0.1258 0.1421 0.0879 0.2161 0.1682 0.0902
 0.0243 0.071  0.0476 0.0924 0.0798 0.0981 0.0288 0.0243 0.0304 0.001
 0.0409 0.0013 0.0195 0.001  0.0643]
[2026-06-18 15:31:34,262][feature_based_propensities_for_ULTR.experiments.regression_pipeline][INFO] - Training regression model for DM/DR...
[2026-06-18 15:31:42,868][feature_based_propensities_for_ULTR.experiments.regression_pipeline][INFO] - Regression epoch 3: train_loss=0.226164 val_loss=0.203376
[2026-06-18 15:31:50,204][feature_based_propensities_for_ULTR.experiments.regression_pipeline][INFO] - Regression epoch 6: train_loss=0.216795 val_loss=0.206955
[2026-06-18 15:31:52,034][feature_based_propensities_for_ULTR.experiments.ips_pipeline][INFO] - Computing DR doc weights...
[2026-06-18 15:31:52,038][feature_based_propensities_for_ULTR.experiments.ips_pipeline][INFO] - Doc weights computed in 0.00 seconds
[2026-06-18 15:31:52,045][feature_based_propensities_for_ULTR.experiments.model_pipeline][INFO] - Loading trainer (trainer_type='pl-rank', n_samples=100)...
[2026-06-18 15:31:52,047][feature_based_propensities_for_ULTR.experiments.model_pipeline][INFO] - Trainer loaded in 0.00 seconds
[2026-06-18 15:31:52,047][feature_based_propensities_for_ULTR.experiments.model_pipeline][INFO] - Training model...
[2026-06-18 15:43:35,313][feature_based_propensities_for_ULTR.experiments.ips_pipeline][INFO] - Final evaluation results:
{'metrics': {'CTR': 0.8269899487495422,
             'DCG': 2.139545440673828,
             'NCTR': 0.7033668756484985,
             'NDCG': 0.7713845372200012,
             'NDCG@25': 0.7713845372200012,
             'NRCTR': 0.7033668756484985,
             'RCTR': 0.8269899487495422}}
[2026-06-18 15:43:35,341][submitit][INFO] - Job completed successfully
[2026-06-18 15:43:35,350][submitit][INFO] - Exiting after successful completion
