[2026-06-18 15:28:33,539][feature_based_propensities_for_ULTR.experiments.config_resolver][WARNING] - test_clicks=500000 is ignored because test_set_mode='label_only'. Set test_set_mode='clicks' to enable legacy click-based test behavior.
[2026-06-18 15:28:33,545][feature_based_propensities_for_ULTR.experiments.data_pipeline][INFO] - Loading or generating click datasets...
[2026-06-18 15:29:34,603][absl][INFO] - orbax-checkpoint version: 0.11.40
[2026-06-18 15:29:34,604][absl][INFO] - save_device_host_concurrent_bytes=None
[2026-06-18 15:29:34,604][absl][INFO] - Created BasePyTreeCheckpointHandler: use_ocdbt=True, use_zarr3=False, pytree_metadata_options=PyTreeMetadataOptions(support_rich_types=False), array_metadata_store=<orbax.checkpoint._src.metadata.array_metadata_store.Store object at 0x15454743f610>, enable_pinned_host_transfer=False, save_concurrent_bytes: 96000000000 (89.4 GiB), restore_concurrent_bytes: 96000000000 (89.4 GiB)
[2026-06-18 15:29:34,604][absl][INFO] - [thread=MainThread] Failed to get flag value for EXPERIMENTAL_ORBAX_USE_DISTRIBUTED_PROCESS_ID.
[2026-06-18 15:29:34,604][absl][INFO] - [process=0][thread=MainThread] Using barrier_sync_fn: <function get_barrier_sync_fn.<locals>.<lambda> at 0x1544b86a79c0> timeout: 1200 secs and primary_host=0 for async checkpoint writes
[2026-06-18 15:29:34,605][absl][INFO] - [process=0] [sync] Started load checkpoint @ /gpfs/home5/sfris1/ltr_datasets/ips_datasets/logging_policy_c10000_ps1p0_pt0p5_bs1p0_drop0rel0_sessallocv2_candfullv2_topx25_maxdocs200_lprdeep_lpsegreedysampler_lppct10p0.
[2026-06-18 15:29:34,607][absl][INFO] - Restoring checkpoint from /gpfs/home5/sfris1/ltr_datasets/ips_datasets/logging_policy_c10000_ps1p0_pt0p5_bs1p0_drop0rel0_sessallocv2_candfullv2_topx25_maxdocs200_lprdeep_lpsegreedysampler_lppct10p0.
[2026-06-18 15:29:34,607][absl][INFO] - [process=0] [sync] Finished blocking load in 0.00 seconds. Continuing load @ /gpfs/home5/sfris1/ltr_datasets/ips_datasets/logging_policy_c10000_ps1p0_pt0p5_bs1p0_drop0rel0_sessallocv2_candfullv2_topx25_maxdocs200_lprdeep_lpsegreedysampler_lppct10p0.
[2026-06-18 15:29:34,623][absl][INFO] - [process=0] /jax/orbax/read/worker/io/requested throughput: 1.904 MiB/s (total gbytes: 21.4 KiB) (time elapsed: 0.010965347290039062 s) (per-host)
[2026-06-18 15:29:34,625][absl][INFO] - [process=0] /jax/checkpoint/read/gbytes_per_sec: 1.268 MiB/s (total gbytes: 21.4 KiB) (time elapsed: 0.016463518142700195 s) (per-host)
[2026-06-18 15:29:34,625][absl][INFO] - [process=0] [sync] Finished load in 0.02 seconds @ /gpfs/home5/sfris1/ltr_datasets/ips_datasets/logging_policy_c10000_ps1p0_pt0p5_bs1p0_drop0rel0_sessallocv2_candfullv2_topx25_maxdocs200_lprdeep_lpsegreedysampler_lppct10p0
[2026-06-18 15:29:38,681][feature_based_propensities_for_ULTR.experiments.data_pipeline][INFO] - Loaded click datasets in 65.14 seconds (train=7500, val=2500, test=0)
[2026-06-18 15:29:38,681][feature_based_propensities_for_ULTR.experiments.data_pipeline][INFO] - Test split is label-only by design; no test click dataset was loaded.
[2026-06-18 15:29:38,681][feature_based_propensities_for_ULTR.data.runtime.alignment][INFO] - Applying data cutoff override: configured=25, natural=25, effective=25
[2026-06-18 15:29:38,681][feature_based_propensities_for_ULTR.data.runtime.alignment][INFO] - Applying data cutoff override: configured=25, natural=25, effective=25
[2026-06-18 15:29:38,771][feature_based_propensities_for_ULTR.data.runtime.aggregation][INFO] - Initializing simulator...
[2026-06-18 15:29:38,772][feature_based_propensities_for_ULTR.data.runtime.aggregation][INFO] - Aggregating train dataset...
[2026-06-18 15:29:43,802][feature_based_propensities_for_ULTR.data.runtime.aggregation][INFO] - Aggregating validation dataset...
[2026-06-18 15:29:46,755][feature_based_propensities_for_ULTR.data.runtime.aggregation][INFO] - Aggregating test dataset from labels only...
[2026-06-18 15:29:47,586][feature_based_propensities_for_ULTR.data.runtime.aggregation][INFO] - Aggregation done in 8.81 seconds
[2026-06-18 15:29:47,586][feature_based_propensities_for_ULTR.data.runtime.aggregation][INFO] - Session usage after aggregation: requested(train=7500,val=2500), actual(train=7500,val=2500,test=0)
[2026-06-18 15:29:47,586][feature_based_propensities_for_ULTR.data.runtime.aggregation][INFO] - Dataset persistence disabled; skipping aggregated dataset cache save.
[2026-06-18 15:29:47,586][feature_based_propensities_for_ULTR.experiments.ips_pipeline][INFO] - Test split uses label-only evaluation; raw test click diagnostics are skipped.
[2026-06-18 15:29:47,638][feature_based_propensities_for_ULTR.experiments.diagnostics][INFO] - [Data] train_docs=2132810, val_docs=707814, test_docs=708921, cutoff=25
[2026-06-18 15:29:47,736][feature_based_propensities_for_ULTR.experiments.diagnostics][INFO] - [Train] clicks=818, displays=182020, ctr=0.0045, ctr_per_doc=0.0045
[2026-06-18 15:29:47,822][feature_based_propensities_for_ULTR.experiments.diagnostics][INFO] - [Validation] clicks=255, displays=60865, ctr=0.0042, ctr_per_doc=0.0042
[2026-06-18 15:29:47,910][feature_based_propensities_for_ULTR.experiments.diagnostics][INFO] - [Test] clicks=0, displays=0, ctr=0.0000, ctr_per_doc=0.0000
[2026-06-18 15:29:47,910][feature_based_propensities_for_ULTR.experiments.ips_pipeline][INFO] - Running estimator pipeline with model='dr'
[2026-06-18 15:29:47,910][feature_based_propensities_for_ULTR.experiments.ips_pipeline][INFO] - Computing position bias (alpha)...
[2026-06-18 15:29:47,930][ultr_bias_toolkit.bias.intervention_harvesting.all_pairs][INFO] - Position bias estimation using global all pairs estimator
[2026-06-18 15:30:36,538][feature_based_propensities_for_ULTR.experiments.position_bias_pipeline][INFO] - Saved estimated position-bias curve to position_bias.json
[2026-06-18 15:30:36,538][feature_based_propensities_for_ULTR.experiments.ips_pipeline][INFO] - Estimated position bias in-run (estimator=global_all_pairs): [ 0.        -1.2062802 -2.0541298 -3.4856298 -1.376993  -1.7574955
 -1.4704534 -3.3400655 -3.864637  -3.2515187 -2.2557425 -6.9077554
 -6.9077554 -1.347891  -1.7850857 -1.9023682 -4.7139907 -2.7480896
 -3.9052935 -6.458901  -3.4845586 -1.9007565 -6.9077554 -6.9077554
 -6.2306046]
[2026-06-18 15:30:36,540][feature_based_propensities_for_ULTR.experiments.propensity_pipeline][INFO] - Computing propensity per doc (method=true_propensity)...
[2026-06-18 15:31:04,487][feature_based_propensities_for_ULTR.experiments.propensity_pipeline][INFO] - Propensity computed in 27.95 seconds
[2026-06-18 15:31:04,488][feature_based_propensities_for_ULTR.experiments.propensity_pipeline][INFO] - Alpha logits: [ 0.        -1.2062802 -2.0541298 -3.4856298 -1.376993  -1.7574955
 -1.4704534 -3.3400655 -3.864637  -3.2515187 -2.2557425 -6.9077554
 -6.9077554 -1.347891  -1.7850857 -1.9023682 -4.7139907 -2.7480896
 -3.9052935 -6.458901  -3.4845586 -1.9007565 -6.9077554 -6.9077554
 -6.2306046]
[2026-06-18 15:31:04,489][feature_based_propensities_for_ULTR.experiments.propensity_pipeline][INFO] - Alpha: [0.5        0.23035988 0.11363576 0.02972388 0.20149238 0.1471043
 0.18687372 0.03422199 0.02053981 0.03727235 0.09485527 0.000999
 0.000999   0.2062154  0.1436763  0.12984067 0.00888919 0.06019464
 0.01973763 0.00156407 0.0297548  0.13002288 0.000999   0.000999
 0.00196439]
[2026-06-18 15:31:04,489][feature_based_propensities_for_ULTR.experiments.propensity_pipeline][INFO] - Propensity clipping disabled.
[2026-06-18 15:31:04,490][feature_based_propensities_for_ULTR.experiments.propensity_pipeline][INFO] - Computing propensity per doc (method=frequency_based)...
[2026-06-18 15:31:30,572][feature_based_propensities_for_ULTR.experiments.propensity_pipeline][INFO] - Propensity computed in 26.08 seconds
[2026-06-18 15:31:30,573][feature_based_propensities_for_ULTR.experiments.propensity_pipeline][INFO] - Alpha logits: [ 0.        -1.2062802 -2.0541298 -3.4856298 -1.376993  -1.7574955
 -1.4704534 -3.3400655 -3.864637  -3.2515187 -2.2557425 -6.9077554
 -6.9077554 -1.347891  -1.7850857 -1.9023682 -4.7139907 -2.7480896
 -3.9052935 -6.458901  -3.4845586 -1.9007565 -6.9077554 -6.9077554
 -6.2306046]
[2026-06-18 15:31:30,573][feature_based_propensities_for_ULTR.experiments.propensity_pipeline][INFO] - Alpha: [0.5        0.23035988 0.11363576 0.02972388 0.20149238 0.1471043
 0.18687372 0.03422199 0.02053981 0.03727235 0.09485527 0.000999
 0.000999   0.2062154  0.1436763  0.12984067 0.00888919 0.06019464
 0.01973763 0.00156407 0.0297548  0.13002288 0.000999   0.000999
 0.00196439]
[2026-06-18 15:31:31,731][feature_based_propensities_for_ULTR.experiments.regression_pipeline][INFO] - Training regression model for DM/DR...
[2026-06-18 15:31:39,203][feature_based_propensities_for_ULTR.experiments.regression_pipeline][INFO] - Regression epoch 3: train_loss=0.349609 val_loss=0.335313
[2026-06-18 15:31:45,619][feature_based_propensities_for_ULTR.experiments.regression_pipeline][INFO] - Regression epoch 6: train_loss=0.340959 val_loss=0.324350
[2026-06-18 15:31:52,041][feature_based_propensities_for_ULTR.experiments.regression_pipeline][INFO] - Regression epoch 9: train_loss=0.330067 val_loss=0.332606
[2026-06-18 15:31:58,115][feature_based_propensities_for_ULTR.experiments.ips_pipeline][INFO] - Computing DR doc weights...
[2026-06-18 15:31:58,147][feature_based_propensities_for_ULTR.experiments.ips_pipeline][INFO] - Doc weights computed in 0.03 seconds
[2026-06-18 15:31:58,157][feature_based_propensities_for_ULTR.experiments.model_pipeline][INFO] - Loading trainer (trainer_type='pl-rank', n_samples=100)...
[2026-06-18 15:31:58,159][feature_based_propensities_for_ULTR.experiments.model_pipeline][INFO] - Trainer loaded in 0.00 seconds
[2026-06-18 15:31:58,159][feature_based_propensities_for_ULTR.experiments.model_pipeline][INFO] - Training model...
[2026-06-18 16:43:24,729][feature_based_propensities_for_ULTR.experiments.ips_pipeline][INFO] - Final evaluation results:
{'metrics': {'CTR': 0.5005545020103455,
             'DCG': 1.6518042087554932,
             'NCTR': 0.37633541226387024,
             'NDCG': 0.42428135871887207,
             'NDCG@25': 0.42428135871887207,
             'NRCTR': 0.37633541226387024,
             'RCTR': 0.5005545020103455}}
[2026-06-18 16:43:24,759][submitit][INFO] - Job completed successfully
[2026-06-18 16:43:24,768][submitit][INFO] - Exiting after successful completion
