[2026-06-18 16:55:09,233][feature_based_propensities_for_ULTR.experiments.config_resolver][WARNING] - test_clicks=500000 is ignored because test_set_mode='label_only'. Set test_set_mode='clicks' to enable legacy click-based test behavior.
[2026-06-18 16:55:09,238][feature_based_propensities_for_ULTR.experiments.data_pipeline][INFO] - Loading or generating click datasets...
[2026-06-18 16:55:32,272][absl][INFO] - orbax-checkpoint version: 0.11.40
[2026-06-18 16:55:32,272][absl][INFO] - save_device_host_concurrent_bytes=None
[2026-06-18 16:55:32,272][absl][INFO] - Created BasePyTreeCheckpointHandler: use_ocdbt=True, use_zarr3=False, pytree_metadata_options=PyTreeMetadataOptions(support_rich_types=False), array_metadata_store=<orbax.checkpoint._src.metadata.array_metadata_store.Store object at 0x1479e91c4150>, enable_pinned_host_transfer=False, save_concurrent_bytes: 96000000000 (89.4 GiB), restore_concurrent_bytes: 96000000000 (89.4 GiB)
[2026-06-18 16:55:32,273][absl][INFO] - [thread=MainThread] Failed to get flag value for EXPERIMENTAL_ORBAX_USE_DISTRIBUTED_PROCESS_ID.
[2026-06-18 16:55:32,273][absl][INFO] - [process=0][thread=MainThread] Using barrier_sync_fn: <function get_barrier_sync_fn.<locals>.<lambda> at 0x147943a43880> timeout: 1200 secs and primary_host=0 for async checkpoint writes
[2026-06-18 16:55:32,273][absl][INFO] - [process=0] [sync] Started load checkpoint @ /gpfs/home5/sfris1/ltr_datasets/ips_datasets/logging_policy_c10000_ps1p0_pt0p5_bs1p0_drop0rel0_sessallocv2_candfullv2_topx25_maxdocs80_lprdeep_lpsegreedysampler_lppct10p0.
[2026-06-18 16:55:32,275][absl][INFO] - Restoring checkpoint from /gpfs/home5/sfris1/ltr_datasets/ips_datasets/logging_policy_c10000_ps1p0_pt0p5_bs1p0_drop0rel0_sessallocv2_candfullv2_topx25_maxdocs80_lprdeep_lpsegreedysampler_lppct10p0.
[2026-06-18 16:55:32,276][absl][INFO] - [process=0] [sync] Finished blocking load in 0.00 seconds. Continuing load @ /gpfs/home5/sfris1/ltr_datasets/ips_datasets/logging_policy_c10000_ps1p0_pt0p5_bs1p0_drop0rel0_sessallocv2_candfullv2_topx25_maxdocs80_lprdeep_lpsegreedysampler_lppct10p0.
[2026-06-18 16:55:32,292][absl][INFO] - [process=0] /jax/orbax/read/worker/io/requested throughput: 8.140 MiB/s (total gbytes: 91.8 KiB) (time elapsed: 0.011008262634277344 s) (per-host)
[2026-06-18 16:55:32,293][absl][INFO] - [process=0] /jax/checkpoint/read/gbytes_per_sec: 5.357 MiB/s (total gbytes: 91.8 KiB) (time elapsed: 0.016725540161132812 s) (per-host)
[2026-06-18 16:55:32,293][absl][INFO] - [process=0] [sync] Finished load in 0.02 seconds @ /gpfs/home5/sfris1/ltr_datasets/ips_datasets/logging_policy_c10000_ps1p0_pt0p5_bs1p0_drop0rel0_sessallocv2_candfullv2_topx25_maxdocs80_lprdeep_lpsegreedysampler_lppct10p0
[2026-06-18 16:55:36,463][feature_based_propensities_for_ULTR.experiments.data_pipeline][INFO] - Loaded click datasets in 27.22 seconds (train=8694, val=1306, test=0)
[2026-06-18 16:55:36,463][feature_based_propensities_for_ULTR.experiments.data_pipeline][INFO] - Test split is label-only by design; no test click dataset was loaded.
[2026-06-18 16:55:36,463][feature_based_propensities_for_ULTR.data.runtime.alignment][INFO] - Applying data cutoff override: configured=25, natural=25, effective=25
[2026-06-18 16:55:36,463][feature_based_propensities_for_ULTR.data.runtime.alignment][INFO] - Applying data cutoff override: configured=25, natural=25, effective=25
[2026-06-18 16:55:36,554][feature_based_propensities_for_ULTR.data.runtime.aggregation][INFO] - Initializing simulator...
[2026-06-18 16:55:36,555][feature_based_propensities_for_ULTR.data.runtime.aggregation][INFO] - Aggregating train dataset...
[2026-06-18 16:55:42,658][feature_based_propensities_for_ULTR.data.runtime.aggregation][INFO] - Aggregating validation dataset...
[2026-06-18 16:55:45,151][feature_based_propensities_for_ULTR.data.runtime.aggregation][INFO] - Aggregating test dataset from labels only...
[2026-06-18 16:55:46,751][feature_based_propensities_for_ULTR.data.runtime.aggregation][INFO] - Aggregation done in 10.20 seconds
[2026-06-18 16:55:46,751][feature_based_propensities_for_ULTR.data.runtime.aggregation][INFO] - Session usage after aggregation: requested(train=8694,val=1306), actual(train=8694,val=1306,test=0)
[2026-06-18 16:55:46,751][feature_based_propensities_for_ULTR.data.runtime.aggregation][INFO] - Dataset persistence disabled; skipping aggregated dataset cache save.
[2026-06-18 16:55:46,751][feature_based_propensities_for_ULTR.experiments.ips_pipeline][INFO] - Test split uses label-only evaluation; raw test click diagnostics are skipped.
[2026-06-18 16:55:46,775][feature_based_propensities_for_ULTR.experiments.diagnostics][INFO] - [Data] train_docs=470251, val_docs=70687, test_docs=164676, cutoff=25
[2026-06-18 16:55:46,864][feature_based_propensities_for_ULTR.experiments.diagnostics][INFO] - [Train] clicks=1338, displays=147228, ctr=0.0091, ctr_per_doc=0.0091
[2026-06-18 16:55:46,945][feature_based_propensities_for_ULTR.experiments.diagnostics][INFO] - [Validation] clicks=207, displays=22304, ctr=0.0093, ctr_per_doc=0.0093
[2026-06-18 16:55:47,062][feature_based_propensities_for_ULTR.experiments.diagnostics][INFO] - [Test] clicks=0, displays=0, ctr=0.0000, ctr_per_doc=0.0000
[2026-06-18 16:55:47,062][feature_based_propensities_for_ULTR.experiments.ips_pipeline][INFO] - Running estimator pipeline with model='dm'
[2026-06-18 16:55:47,062][feature_based_propensities_for_ULTR.experiments.ips_pipeline][INFO] - Computing position bias (alpha)...
[2026-06-18 16:55:47,078][ultr_bias_toolkit.bias.intervention_harvesting.all_pairs][INFO] - Position bias estimation using global all pairs estimator
[2026-06-18 16:56:36,455][feature_based_propensities_for_ULTR.experiments.position_bias_pipeline][INFO] - Saved estimated position-bias curve to position_bias.json
[2026-06-18 16:56:36,456][feature_based_propensities_for_ULTR.experiments.ips_pipeline][INFO] - Estimated position bias in-run (estimator=global_all_pairs): [ 0.         -0.50741935 -0.70366    -1.1465093  -0.9393774  -1.5691172
 -2.4188118  -2.4100268  -2.9795477  -1.7416823  -1.9317753  -4.39977
 -3.5161688  -3.9195797  -2.2734187  -4.156373   -1.9721802  -2.5153654
 -3.9599285  -2.624264   -6.9077554  -3.0567327  -3.9928563  -3.7321634
 -0.6359233 ]
[2026-06-18 16:56:36,457][feature_based_propensities_for_ULTR.experiments.propensity_pipeline][INFO] - Computing propensity per doc (method=true_propensity)...
[2026-06-18 16:56:44,461][feature_based_propensities_for_ULTR.experiments.propensity_pipeline][INFO] - Propensity computed in 8.00 seconds
[2026-06-18 16:56:44,461][feature_based_propensities_for_ULTR.experiments.propensity_pipeline][INFO] - Alpha logits: [ 0.         -0.50741935 -0.70366    -1.1465093  -0.9393774  -1.5691172
 -2.4188118  -2.4100268  -2.9795477  -1.7416823  -1.9317753  -4.39977
 -3.5161688  -3.9195797  -2.2734187  -4.156373   -1.9721802  -2.5153654
 -3.9599285  -2.624264   -6.9077554  -3.0567327  -3.9928563  -3.7321634
 -0.6359233 ]
[2026-06-18 16:56:44,462][feature_based_propensities_for_ULTR.experiments.propensity_pipeline][INFO] - Alpha: [0.5        0.3757987  0.33100125 0.24112725 0.28102612 0.17234227
 0.0817494  0.0824113  0.04835844 0.14909936 0.1265542  0.0121312
 0.02885566 0.01946311 0.09334847 0.01542268 0.1221549  0.07478801
 0.01870782 0.06759306 0.000999   0.04492769 0.01811282 0.02338122
 0.34616867]
[2026-06-18 16:56:44,463][feature_based_propensities_for_ULTR.experiments.propensity_pipeline][INFO] - Propensity clipping disabled.
[2026-06-18 16:56:45,850][feature_based_propensities_for_ULTR.experiments.regression_pipeline][INFO] - Training regression model for DM/DR...
[2026-06-18 16:56:52,424][feature_based_propensities_for_ULTR.experiments.regression_pipeline][INFO] - Regression epoch 3: train_loss=0.248513 val_loss=0.265843
[2026-06-18 16:56:57,895][feature_based_propensities_for_ULTR.experiments.regression_pipeline][INFO] - Regression epoch 6: train_loss=0.238353 val_loss=0.261943
[2026-06-18 16:57:03,358][feature_based_propensities_for_ULTR.experiments.regression_pipeline][INFO] - Regression epoch 9: train_loss=0.228772 val_loss=0.297398
[2026-06-18 16:57:05,209][feature_based_propensities_for_ULTR.experiments.ips_pipeline][INFO] - Computing DM doc weights...
[2026-06-18 16:57:05,210][feature_based_propensities_for_ULTR.experiments.ips_pipeline][INFO] - Doc weights computed in 0.00 seconds
[2026-06-18 16:57:05,216][feature_based_propensities_for_ULTR.experiments.model_pipeline][INFO] - Loading trainer (trainer_type='pl-rank', n_samples=100)...
[2026-06-18 16:57:05,218][feature_based_propensities_for_ULTR.experiments.model_pipeline][INFO] - Trainer loaded in 0.00 seconds
[2026-06-18 16:57:05,218][feature_based_propensities_for_ULTR.experiments.model_pipeline][INFO] - Training model...
[2026-06-18 17:13:43,046][feature_based_propensities_for_ULTR.experiments.ips_pipeline][INFO] - Final evaluation results:
{'metrics': {'CTR': 0.9623134136199951,
             'DCG': 2.1641993522644043,
             'NCTR': 0.6807279586791992,
             'NDCG': 0.7794008255004883,
             'NDCG@25': 0.7794008255004883,
             'NRCTR': 0.6807279586791992,
             'RCTR': 0.9623134136199951}}
[2026-06-18 17:13:43,073][submitit][INFO] - Job completed successfully
[2026-06-18 17:13:43,082][submitit][INFO] - Exiting after successful completion
