[2026-03-25 14:46:57,576][jax._src.xla_bridge][ERROR] - Jax plugin configuration error: Exception when calling jax_plugins.xla_cuda12.initialize()
Traceback (most recent call last):
  File "/gpfs/home5/sfris1/two-towers-confounding-project/.venv/lib/python3.11/site-packages/jax/_src/xla_bridge.py", line 485, in discover_pjrt_plugins
    plugin_module.initialize()
  File "/gpfs/home5/sfris1/two-towers-confounding-project/.venv/lib/python3.11/site-packages/jax_plugins/xla_cuda12/__init__.py", line 328, in initialize
    _check_cuda_versions(raise_on_first_error=True)
  File "/gpfs/home5/sfris1/two-towers-confounding-project/.venv/lib/python3.11/site-packages/jax_plugins/xla_cuda12/__init__.py", line 285, in _check_cuda_versions
    local_device_count = cuda_versions.cuda_device_count()
                         ^^^^^^^^^^^^^^^^^^^^^^^^^^^^^^^^^
RuntimeError: jaxlib/cuda/versions_helpers.cc:113: operation cuInit(0) failed: CUDA_ERROR_NO_DEVICE
[2026-03-25 14:46:58,669][two_tower_confounding.experiments.ips_pipeline][WARNING] - wandb.init failed (Error uploading run: returned error 403: {"data":{"upsertBucket":null},"errors":[{"message":"permission denied","path":["upsertBucket"],"extensions":{"code":"PERMISSION_ERROR"}}]}). Continuing with local logging only.
[2026-03-25 14:46:58,670][two_tower_confounding.experiments.ips_pipeline][WARNING] - Disabling wandb for trainer components because initialization failed.
[2026-03-25 14:46:58,670][two_tower_confounding.experiments.config_resolver][WARNING] - test_clicks=500000 is ignored because test_set_mode='label_only'. Set test_set_mode='clicks' to enable legacy click-based test behavior.
[2026-03-25 14:46:58,677][two_tower_confounding.experiments.data_pipeline][INFO] - Loading or generating click datasets...
[2026-03-25 14:47:23,090][absl][INFO] - orbax-checkpoint version: 0.11.25
[2026-03-25 14:47:23,090][absl][INFO] - Created BasePyTreeCheckpointHandler: use_ocdbt=True, use_zarr3=False, pytree_metadata_options=PyTreeMetadataOptions(support_rich_types=False), array_metadata_store=<orbax.checkpoint._src.metadata.array_metadata_store.Store object at 0x14e34120d0d0>, enable_pinned_host_transfer=False, save_concurrent_bytes: 96000000000 (89.4 GiB), restore_concurrent_bytes: 96000000000 (89.4 GiB)
[2026-03-25 14:47:23,091][absl][INFO] - [thread=MainThread] Failed to get flag value for EXPERIMENTAL_ORBAX_USE_DISTRIBUTED_PROCESS_ID.
[2026-03-25 14:47:23,091][absl][INFO] - [process=0][thread=MainThread] Using barrier_sync_fn: <function get_barrier_sync_fn.<locals>.<lambda> at 0x14e296afc0e0> timeout: 600 secs and primary_host=0 for async checkpoint writes
[2026-03-25 14:47:23,093][absl][INFO] - Restoring checkpoint from /gpfs/home5/sfris1/ltr_datasets/ips_datasets/logging_policy_c1000_ps1p0_pt0p5_bs1p0_drop0rel0_sessallocv2_candfullv2_topx25_maxdocs80_lprdeep_lpsegreedysampler_lppct10p0.
[2026-03-25 14:47:23,115][absl][INFO] - [process=0] /jax/checkpoint/read/gbytes_per_sec: 0 Bytes/s (total gbytes: 91.8 KiB) (time elapsed: 20 milliseconds) (per-host)
[2026-03-25 14:47:23,115][absl][INFO] - Finished restoring checkpoint in 0.02 seconds from /gpfs/home5/sfris1/ltr_datasets/ips_datasets/logging_policy_c1000_ps1p0_pt0p5_bs1p0_drop0rel0_sessallocv2_candfullv2_topx25_maxdocs80_lprdeep_lpsegreedysampler_lppct10p0.
[2026-03-25 14:47:27,251][two_tower_confounding.experiments.data_pipeline][INFO] - Loaded click datasets in 28.57 seconds (train=869, val=131, test=0)
[2026-03-25 14:47:27,251][two_tower_confounding.experiments.data_pipeline][INFO] - Test split is label-only by design; no test click dataset was loaded.
[2026-03-25 14:47:27,251][two_tower_confounding.data.runtime.alignment][INFO] - Applying data cutoff override: configured=25, natural=25, effective=25
[2026-03-25 14:47:27,251][two_tower_confounding.data.runtime.alignment][INFO] - Applying data cutoff override: configured=25, natural=25, effective=25
[2026-03-25 14:47:27,378][two_tower_confounding.data.runtime.aggregation][INFO] - Initializing simulator...
[2026-03-25 14:47:27,379][two_tower_confounding.data.runtime.aggregation][INFO] - Aggregating train dataset...
[2026-03-25 14:47:33,507][two_tower_confounding.data.runtime.aggregation][INFO] - Aggregating validation dataset...
[2026-03-25 14:47:36,291][two_tower_confounding.data.runtime.aggregation][INFO] - Aggregating test dataset from labels only...
[2026-03-25 14:47:38,013][two_tower_confounding.data.runtime.aggregation][INFO] - Aggregation done in 10.63 seconds
[2026-03-25 14:47:38,014][two_tower_confounding.data.runtime.aggregation][INFO] - Session usage after aggregation: requested(train=869,val=131), actual(train=869,val=131,test=0)
[2026-03-25 14:47:38,014][two_tower_confounding.data.runtime.aggregation][INFO] - Dataset persistence disabled; skipping aggregated dataset cache save.
[2026-03-25 14:47:38,014][two_tower_confounding.experiments.ips_pipeline][INFO] - Test split uses label-only evaluation; raw test click diagnostics are skipped.
[2026-03-25 14:47:38,039][two_tower_confounding.experiments.diagnostics][INFO] - [Data] train_docs=470251, val_docs=70687, test_docs=164676, cutoff=25
[2026-03-25 14:47:38,112][two_tower_confounding.experiments.diagnostics][INFO] - [Train] clicks=115, displays=14817, ctr=0.0078, ctr_per_doc=0.0078
[2026-03-25 14:47:38,182][two_tower_confounding.experiments.diagnostics][INFO] - [Validation] clicks=14, displays=2279, ctr=0.0061, ctr_per_doc=0.0061
[2026-03-25 14:47:38,252][two_tower_confounding.experiments.diagnostics][INFO] - [Test] clicks=0, displays=0, ctr=0.0000, ctr_per_doc=0.0000
[2026-03-25 14:47:38,253][two_tower_confounding.experiments.ips_pipeline][INFO] - Running estimator pipeline with model='dr'
[2026-03-25 14:47:38,253][two_tower_confounding.experiments.ips_pipeline][INFO] - Computing position bias (alpha)...
[2026-03-25 14:47:38,315][two_tower_confounding.experiments.propensity_pipeline][INFO] - Computing propensity per doc (method=frequency_based)...
[2026-03-25 14:47:41,231][two_tower_confounding.experiments.propensity_pipeline][INFO] - Propensity computed in 2.92 seconds
[2026-03-25 14:47:41,231][two_tower_confounding.experiments.propensity_pipeline][INFO] - Alpha logits: [-0.        -0.6931472 -1.0986123 -1.3862944 -1.609438  -1.7917595
 -1.9459101 -2.0794415 -2.1972246 -2.3025851 -2.3978953 -2.4849067
 -2.5649493 -2.6390574 -2.7080503 -2.7725887 -2.8332133 -2.8903718
 -2.944439  -2.9957323 -3.0445225 -3.0910425 -3.1354942 -3.1780539
 -3.218876 ]
[2026-03-25 14:47:41,232][two_tower_confounding.experiments.propensity_pipeline][INFO] - Alpha: [0.5        0.33333334 0.25       0.2        0.16666667 0.14285715
 0.12500001 0.11111111 0.1        0.09090909 0.08333333 0.07692308
 0.07142857 0.06666666 0.0625     0.05882353 0.05555556 0.05263158
 0.05       0.04761905 0.04545454 0.04347826 0.04166667 0.04
 0.03846154]
[2026-03-25 14:47:41,233][two_tower_confounding.experiments.propensity_pipeline][INFO] - Propensity clipping disabled.
[2026-03-25 14:47:41,233][two_tower_confounding.experiments.propensity_pipeline][INFO] - Computing propensity per doc (method=frequency_based)...
[2026-03-25 14:47:41,840][two_tower_confounding.experiments.propensity_pipeline][INFO] - Propensity computed in 0.61 seconds
[2026-03-25 14:47:41,840][two_tower_confounding.experiments.propensity_pipeline][INFO] - Alpha logits: [-0.        -0.6931472 -1.0986123 -1.3862944 -1.609438  -1.7917595
 -1.9459101 -2.0794415 -2.1972246 -2.3025851 -2.3978953 -2.4849067
 -2.5649493 -2.6390574 -2.7080503 -2.7725887 -2.8332133 -2.8903718
 -2.944439  -2.9957323 -3.0445225 -3.0910425 -3.1354942 -3.1780539
 -3.218876 ]
[2026-03-25 14:47:41,841][two_tower_confounding.experiments.propensity_pipeline][INFO] - Alpha: [0.5        0.33333334 0.25       0.2        0.16666667 0.14285715
 0.12500001 0.11111111 0.1        0.09090909 0.08333333 0.07692308
 0.07142857 0.06666666 0.0625     0.05882353 0.05555556 0.05263158
 0.05       0.04761905 0.04545454 0.04347826 0.04166667 0.04
 0.03846154]
[2026-03-25 14:47:43,280][two_tower_confounding.experiments.regression_pipeline][INFO] - Training regression model for DM/DR...
[2026-03-25 14:47:45,320][two_tower_confounding.experiments.regression_pipeline][INFO] - Regression epoch 3: train_loss=0.162738 val_loss=0.177458
[2026-03-25 14:47:45,963][two_tower_confounding.experiments.regression_pipeline][INFO] - Regression epoch 6: train_loss=0.147487 val_loss=0.164430
[2026-03-25 14:47:46,602][two_tower_confounding.experiments.regression_pipeline][INFO] - Regression epoch 9: train_loss=0.136330 val_loss=0.177745
[2026-03-25 14:47:50,875][two_tower_confounding.experiments.ips_pipeline][INFO] - Computing DR doc weights...
[2026-03-25 14:47:50,880][two_tower_confounding.experiments.ips_pipeline][INFO] - Doc weights computed in 0.00 seconds
[2026-03-25 14:47:50,884][two_tower_confounding.experiments.model_pipeline][INFO] - Loading trainer (trainer_type='pl-rank', n_samples=100)...
[2026-03-25 14:47:50,886][two_tower_confounding.experiments.model_pipeline][INFO] - Trainer loaded in 0.00 seconds
[2026-03-25 14:47:50,886][two_tower_confounding.experiments.model_pipeline][INFO] - Training model...
[2026-03-25 14:57:07,225][two_tower_confounding.experiments.ips_pipeline][INFO] - Final evaluation results:
{'metrics': {'CTR': 0.8121703863143921,
             'DCG': 2.071037769317627,
             'NCTR': 0.7005871534347534,
             'NDCG': 0.7506392598152161,
             'NDCG@25': 0.7506392598152161,
             'NRCTR': 0.7005871534347534,
             'RCTR': 0.8121703863143921}}
[2026-03-25 14:57:07,226][submitit][INFO] - Job completed successfully
[2026-03-25 14:57:07,263][submitit][INFO] - Exiting after successful completion
[2026-06-17 22:04:21,763][feature_based_propensities_for_ULTR.experiments.config_resolver][WARNING] - test_clicks=500000 is ignored because test_set_mode='label_only'. Set test_set_mode='clicks' to enable legacy click-based test behavior.
[2026-06-17 22:04:21,770][feature_based_propensities_for_ULTR.experiments.data_pipeline][INFO] - Loading or generating click datasets...
[2026-06-17 22:04:44,998][absl][INFO] - orbax-checkpoint version: 0.11.40
[2026-06-17 22:04:44,998][absl][INFO] - save_device_host_concurrent_bytes=None
[2026-06-17 22:04:44,999][absl][INFO] - Created BasePyTreeCheckpointHandler: use_ocdbt=True, use_zarr3=False, pytree_metadata_options=PyTreeMetadataOptions(support_rich_types=False), array_metadata_store=<orbax.checkpoint._src.metadata.array_metadata_store.Store object at 0x1479decc6790>, enable_pinned_host_transfer=False, save_concurrent_bytes: 96000000000 (89.4 GiB), restore_concurrent_bytes: 96000000000 (89.4 GiB)
[2026-06-17 22:04:44,999][absl][INFO] - [thread=MainThread] Failed to get flag value for EXPERIMENTAL_ORBAX_USE_DISTRIBUTED_PROCESS_ID.
[2026-06-17 22:04:44,999][absl][INFO] - [process=0][thread=MainThread] Using barrier_sync_fn: <function get_barrier_sync_fn.<locals>.<lambda> at 0x14793c752a20> timeout: 1200 secs and primary_host=0 for async checkpoint writes
[2026-06-17 22:04:45,000][absl][INFO] - [process=0] [sync] Started load checkpoint @ /gpfs/home5/sfris1/ltr_datasets/ips_datasets/logging_policy_c1000_ps1p0_pt0p5_bs1p0_drop0rel0_sessallocv2_candfullv2_topx25_maxdocs80_lprdeep_lpsegreedysampler_lppct10p0.
[2026-06-17 22:04:45,002][absl][INFO] - Restoring checkpoint from /gpfs/home5/sfris1/ltr_datasets/ips_datasets/logging_policy_c1000_ps1p0_pt0p5_bs1p0_drop0rel0_sessallocv2_candfullv2_topx25_maxdocs80_lprdeep_lpsegreedysampler_lppct10p0.
[2026-06-17 22:04:45,002][absl][INFO] - [process=0] [sync] Finished blocking load in 0.00 seconds. Continuing load @ /gpfs/home5/sfris1/ltr_datasets/ips_datasets/logging_policy_c1000_ps1p0_pt0p5_bs1p0_drop0rel0_sessallocv2_candfullv2_topx25_maxdocs80_lprdeep_lpsegreedysampler_lppct10p0.
[2026-06-17 22:04:45,018][absl][INFO] - [process=0] /jax/orbax/read/worker/io/requested throughput: 8.038 MiB/s (total gbytes: 91.8 KiB) (time elapsed: 0.01114797592163086 s) (per-host)
[2026-06-17 22:04:45,020][absl][INFO] - [process=0] /jax/checkpoint/read/gbytes_per_sec: 5.244 MiB/s (total gbytes: 91.8 KiB) (time elapsed: 0.01708817481994629 s) (per-host)
[2026-06-17 22:04:45,020][absl][INFO] - [process=0] [sync] Finished load in 0.02 seconds @ /gpfs/home5/sfris1/ltr_datasets/ips_datasets/logging_policy_c1000_ps1p0_pt0p5_bs1p0_drop0rel0_sessallocv2_candfullv2_topx25_maxdocs80_lprdeep_lpsegreedysampler_lppct10p0
[2026-06-17 22:04:48,459][feature_based_propensities_for_ULTR.experiments.data_pipeline][INFO] - Loaded click datasets in 26.69 seconds (train=869, val=131, test=0)
[2026-06-17 22:04:48,459][feature_based_propensities_for_ULTR.experiments.data_pipeline][INFO] - Test split is label-only by design; no test click dataset was loaded.
[2026-06-17 22:04:48,459][feature_based_propensities_for_ULTR.data.runtime.alignment][INFO] - Applying data cutoff override: configured=25, natural=25, effective=25
[2026-06-17 22:04:48,459][feature_based_propensities_for_ULTR.data.runtime.alignment][INFO] - Applying data cutoff override: configured=25, natural=25, effective=25
[2026-06-17 22:04:48,552][feature_based_propensities_for_ULTR.data.runtime.aggregation][INFO] - Initializing simulator...
[2026-06-17 22:04:48,553][feature_based_propensities_for_ULTR.data.runtime.aggregation][INFO] - Aggregating train dataset...
[2026-06-17 22:04:54,308][feature_based_propensities_for_ULTR.data.runtime.aggregation][INFO] - Aggregating validation dataset...
[2026-06-17 22:04:56,812][feature_based_propensities_for_ULTR.data.runtime.aggregation][INFO] - Aggregating test dataset from labels only...
[2026-06-17 22:04:58,400][feature_based_propensities_for_ULTR.data.runtime.aggregation][INFO] - Aggregation done in 9.85 seconds
[2026-06-17 22:04:58,400][feature_based_propensities_for_ULTR.data.runtime.aggregation][INFO] - Session usage after aggregation: requested(train=869,val=131), actual(train=869,val=131,test=0)
[2026-06-17 22:04:58,400][feature_based_propensities_for_ULTR.data.runtime.aggregation][INFO] - Dataset persistence disabled; skipping aggregated dataset cache save.
[2026-06-17 22:04:58,400][feature_based_propensities_for_ULTR.experiments.ips_pipeline][INFO] - Test split uses label-only evaluation; raw test click diagnostics are skipped.
[2026-06-17 22:04:58,423][feature_based_propensities_for_ULTR.experiments.diagnostics][INFO] - [Data] train_docs=470251, val_docs=70687, test_docs=164676, cutoff=25
[2026-06-17 22:04:58,510][feature_based_propensities_for_ULTR.experiments.diagnostics][INFO] - [Train] clicks=139, displays=14817, ctr=0.0094, ctr_per_doc=0.0094
[2026-06-17 22:04:58,593][feature_based_propensities_for_ULTR.experiments.diagnostics][INFO] - [Validation] clicks=15, displays=2060, ctr=0.0073, ctr_per_doc=0.0073
[2026-06-17 22:04:58,712][feature_based_propensities_for_ULTR.experiments.diagnostics][INFO] - [Test] clicks=0, displays=0, ctr=0.0000, ctr_per_doc=0.0000
[2026-06-17 22:04:58,712][feature_based_propensities_for_ULTR.experiments.ips_pipeline][INFO] - Running estimator pipeline with model='dr'
[2026-06-17 22:04:58,713][feature_based_propensities_for_ULTR.experiments.ips_pipeline][INFO] - Computing position bias (alpha)...
[2026-06-17 22:04:58,763][feature_based_propensities_for_ULTR.experiments.propensity_pipeline][INFO] - Computing propensity per doc (method=frequency_based)...
[2026-06-17 22:05:01,276][feature_based_propensities_for_ULTR.experiments.propensity_pipeline][INFO] - Propensity computed in 2.51 seconds
[2026-06-17 22:05:01,276][feature_based_propensities_for_ULTR.experiments.propensity_pipeline][INFO] - Alpha logits: [-0.        -0.6931472 -1.0986123 -1.3862944 -1.609438  -1.7917595
 -1.9459101 -2.0794415 -2.1972246 -2.3025851 -2.3978953 -2.4849067
 -2.5649493 -2.6390574 -2.7080503 -2.7725887 -2.8332133 -2.8903718
 -2.944439  -2.9957323 -3.0445225 -3.0910425 -3.1354942 -3.1780539
 -3.218876 ]
[2026-06-17 22:05:01,277][feature_based_propensities_for_ULTR.experiments.propensity_pipeline][INFO] - Alpha: [0.5        0.33333334 0.25       0.2        0.16666667 0.14285715
 0.12500001 0.11111111 0.1        0.09090909 0.08333333 0.07692308
 0.07142857 0.06666666 0.0625     0.05882353 0.05555556 0.05263158
 0.05       0.04761905 0.04545454 0.04347826 0.04166667 0.04
 0.03846154]
[2026-06-17 22:05:01,278][feature_based_propensities_for_ULTR.experiments.propensity_pipeline][INFO] - Propensity clipping disabled.
[2026-06-17 22:05:01,278][feature_based_propensities_for_ULTR.experiments.propensity_pipeline][INFO] - Computing propensity per doc (method=frequency_based)...
[2026-06-17 22:05:01,893][feature_based_propensities_for_ULTR.experiments.propensity_pipeline][INFO] - Propensity computed in 0.61 seconds
[2026-06-17 22:05:01,893][feature_based_propensities_for_ULTR.experiments.propensity_pipeline][INFO] - Alpha logits: [-0.        -0.6931472 -1.0986123 -1.3862944 -1.609438  -1.7917595
 -1.9459101 -2.0794415 -2.1972246 -2.3025851 -2.3978953 -2.4849067
 -2.5649493 -2.6390574 -2.7080503 -2.7725887 -2.8332133 -2.8903718
 -2.944439  -2.9957323 -3.0445225 -3.0910425 -3.1354942 -3.1780539
 -3.218876 ]
[2026-06-17 22:05:01,893][feature_based_propensities_for_ULTR.experiments.propensity_pipeline][INFO] - Alpha: [0.5        0.33333334 0.25       0.2        0.16666667 0.14285715
 0.12500001 0.11111111 0.1        0.09090909 0.08333333 0.07692308
 0.07142857 0.06666666 0.0625     0.05882353 0.05555556 0.05263158
 0.05       0.04761905 0.04545454 0.04347826 0.04166667 0.04
 0.03846154]
[2026-06-17 22:05:02,905][feature_based_propensities_for_ULTR.experiments.regression_pipeline][INFO] - Training regression model for DM/DR...
[2026-06-17 22:05:04,618][feature_based_propensities_for_ULTR.experiments.regression_pipeline][INFO] - Regression epoch 3: train_loss=0.204075 val_loss=0.201359
[2026-06-17 22:05:05,262][feature_based_propensities_for_ULTR.experiments.regression_pipeline][INFO] - Regression epoch 6: train_loss=0.180758 val_loss=0.191603
[2026-06-17 22:05:05,903][feature_based_propensities_for_ULTR.experiments.regression_pipeline][INFO] - Regression epoch 9: train_loss=0.153494 val_loss=0.211547
[2026-06-17 22:05:07,719][feature_based_propensities_for_ULTR.experiments.ips_pipeline][INFO] - Computing DR doc weights...
[2026-06-17 22:05:07,724][feature_based_propensities_for_ULTR.experiments.ips_pipeline][INFO] - Doc weights computed in 0.00 seconds
[2026-06-17 22:05:07,730][feature_based_propensities_for_ULTR.experiments.model_pipeline][INFO] - Loading trainer (trainer_type='pl-rank', n_samples=100)...
[2026-06-17 22:05:07,732][feature_based_propensities_for_ULTR.experiments.model_pipeline][INFO] - Trainer loaded in 0.00 seconds
[2026-06-17 22:05:07,732][feature_based_propensities_for_ULTR.experiments.model_pipeline][INFO] - Training model...
[2026-06-17 22:14:56,223][feature_based_propensities_for_ULTR.experiments.ips_pipeline][INFO] - Final evaluation results:
{'metrics': {'CTR': 0.8137103319168091,
             'DCG': 2.0712478160858154,
             'NCTR': 0.7000308036804199,
             'NDCG': 0.749760627746582,
             'NDCG@25': 0.749760627746582,
             'NRCTR': 0.7000308036804199,
             'RCTR': 0.8137103319168091}}
[2026-06-17 22:14:56,249][submitit][INFO] - Job completed successfully
[2026-06-17 22:14:56,258][submitit][INFO] - Exiting after successful completion
