[2026-06-18 15:35:46,773][feature_based_propensities_for_ULTR.experiments.config_resolver][WARNING] - test_clicks=500000 is ignored because test_set_mode='label_only'. Set test_set_mode='clicks' to enable legacy click-based test behavior.
[2026-06-18 15:35:46,779][feature_based_propensities_for_ULTR.experiments.data_pipeline][INFO] - Loading or generating click datasets...
[2026-06-18 15:37:17,225][absl][INFO] - orbax-checkpoint version: 0.11.40
[2026-06-18 15:37:17,225][absl][INFO] - save_device_host_concurrent_bytes=None
[2026-06-18 15:37:17,225][absl][INFO] - Created BasePyTreeCheckpointHandler: use_ocdbt=True, use_zarr3=False, pytree_metadata_options=PyTreeMetadataOptions(support_rich_types=False), array_metadata_store=<orbax.checkpoint._src.metadata.array_metadata_store.Store object at 0x147c2286ead0>, enable_pinned_host_transfer=False, save_concurrent_bytes: 96000000000 (89.4 GiB), restore_concurrent_bytes: 96000000000 (89.4 GiB)
[2026-06-18 15:37:17,226][absl][INFO] - [thread=MainThread] Failed to get flag value for EXPERIMENTAL_ORBAX_USE_DISTRIBUTED_PROCESS_ID.
[2026-06-18 15:37:17,226][absl][INFO] - [process=0][thread=MainThread] Using barrier_sync_fn: <function get_barrier_sync_fn.<locals>.<lambda> at 0x147b829af920> timeout: 1200 secs and primary_host=0 for async checkpoint writes
[2026-06-18 15:37:17,226][absl][INFO] - [process=0] [sync] Started load checkpoint @ /gpfs/home5/sfris1/ltr_datasets/ips_datasets/istella_logging_policy_c10000_ps1p0_pt0p5_bs1p0_drop0rel0_sessallocv2_candfullv2_topx25_maxdocs200_lprdeep_lpsegreedysampler_lppct10p0.
[2026-06-18 15:37:17,229][absl][INFO] - Restoring checkpoint from /gpfs/home5/sfris1/ltr_datasets/ips_datasets/istella_logging_policy_c10000_ps1p0_pt0p5_bs1p0_drop0rel0_sessallocv2_candfullv2_topx25_maxdocs200_lprdeep_lpsegreedysampler_lppct10p0.
[2026-06-18 15:37:17,229][absl][INFO] - [process=0] [sync] Finished blocking load in 0.00 seconds. Continuing load @ /gpfs/home5/sfris1/ltr_datasets/ips_datasets/istella_logging_policy_c10000_ps1p0_pt0p5_bs1p0_drop0rel0_sessallocv2_candfullv2_topx25_maxdocs200_lprdeep_lpsegreedysampler_lppct10p0.
[2026-06-18 15:37:17,246][absl][INFO] - [process=0] /jax/orbax/read/worker/io/requested throughput: 2.717 MiB/s (total gbytes: 31.6 KiB) (time elapsed: 0.0113677978515625 s) (per-host)
[2026-06-18 15:37:17,247][absl][INFO] - [process=0] /jax/checkpoint/read/gbytes_per_sec: 1.796 MiB/s (total gbytes: 31.6 KiB) (time elapsed: 0.017195940017700195 s) (per-host)
[2026-06-18 15:37:17,248][absl][INFO] - [process=0] [sync] Finished load in 0.02 seconds @ /gpfs/home5/sfris1/ltr_datasets/ips_datasets/istella_logging_policy_c10000_ps1p0_pt0p5_bs1p0_drop0rel0_sessallocv2_candfullv2_topx25_maxdocs200_lprdeep_lpsegreedysampler_lppct10p0
[2026-06-18 15:37:22,479][feature_based_propensities_for_ULTR.experiments.data_pipeline][INFO] - Loaded click datasets in 95.70 seconds (train=7274, val=2726, test=0)
[2026-06-18 15:37:22,479][feature_based_propensities_for_ULTR.experiments.data_pipeline][INFO] - Test split is label-only by design; no test click dataset was loaded.
[2026-06-18 15:37:22,480][feature_based_propensities_for_ULTR.data.runtime.alignment][INFO] - Applying data cutoff override: configured=25, natural=25, effective=25
[2026-06-18 15:37:22,480][feature_based_propensities_for_ULTR.data.runtime.alignment][INFO] - Applying data cutoff override: configured=25, natural=25, effective=25
[2026-06-18 15:37:22,574][feature_based_propensities_for_ULTR.data.runtime.aggregation][INFO] - Initializing simulator...
[2026-06-18 15:37:22,575][feature_based_propensities_for_ULTR.data.runtime.aggregation][INFO] - Aggregating train dataset...
[2026-06-18 15:37:29,095][feature_based_propensities_for_ULTR.data.runtime.aggregation][INFO] - Aggregating validation dataset...
[2026-06-18 15:37:32,321][feature_based_propensities_for_ULTR.data.runtime.aggregation][INFO] - Aggregating test dataset from labels only...
[2026-06-18 15:37:33,734][feature_based_propensities_for_ULTR.data.runtime.aggregation][INFO] - Aggregation done in 11.16 seconds
[2026-06-18 15:37:33,735][feature_based_propensities_for_ULTR.data.runtime.aggregation][INFO] - Session usage after aggregation: requested(train=7274,val=2726), actual(train=7274,val=2726,test=0)
[2026-06-18 15:37:33,735][feature_based_propensities_for_ULTR.data.runtime.aggregation][INFO] - Dataset persistence disabled; skipping aggregated dataset cache save.
[2026-06-18 15:37:33,735][feature_based_propensities_for_ULTR.experiments.ips_pipeline][INFO] - Test split uses label-only evaluation; raw test click diagnostics are skipped.
[2026-06-18 15:37:33,789][feature_based_propensities_for_ULTR.experiments.diagnostics][INFO] - [Data] train_docs=2043304, val_docs=684076, test_docs=681250, cutoff=25
[2026-06-18 15:37:33,886][feature_based_propensities_for_ULTR.experiments.diagnostics][INFO] - [Train] clicks=1556, displays=180983, ctr=0.0086, ctr_per_doc=0.0086
[2026-06-18 15:37:33,979][feature_based_propensities_for_ULTR.experiments.diagnostics][INFO] - [Validation] clicks=568, displays=67811, ctr=0.0084, ctr_per_doc=0.0084
[2026-06-18 15:37:34,069][feature_based_propensities_for_ULTR.experiments.diagnostics][INFO] - [Test] clicks=0, displays=0, ctr=0.0000, ctr_per_doc=0.0000
[2026-06-18 15:37:34,069][feature_based_propensities_for_ULTR.experiments.ips_pipeline][INFO] - Running estimator pipeline with model='dr'
[2026-06-18 15:37:34,069][feature_based_propensities_for_ULTR.experiments.ips_pipeline][INFO] - Computing position bias (alpha)...
[2026-06-18 15:37:34,091][ultr_bias_toolkit.bias.intervention_harvesting.all_pairs][INFO] - Position bias estimation using global all pairs estimator
[2026-06-18 15:38:24,314][feature_based_propensities_for_ULTR.experiments.position_bias_pipeline][INFO] - Saved estimated position-bias curve to position_bias.json
[2026-06-18 15:38:24,314][feature_based_propensities_for_ULTR.experiments.ips_pipeline][INFO] - Estimated position bias in-run (estimator=global_all_pairs): [ 0.         -0.7933407  -1.0022033  -1.2205421  -1.5723046  -1.9073414
 -2.022664   -3.123429   -1.5597043  -3.2744985  -3.2888036  -6.9077554
 -6.9077554  -3.6906555  -6.9077554  -3.10934    -6.9077554  -2.2971838
 -6.9077554  -6.9077554  -2.362635   -6.9077554  -0.44179958 -2.4561868
 -2.0153646 ]
[2026-06-18 15:38:24,316][feature_based_propensities_for_ULTR.experiments.propensity_pipeline][INFO] - Computing propensity per doc (method=frequency_based)...
[2026-06-18 15:38:51,505][feature_based_propensities_for_ULTR.experiments.propensity_pipeline][INFO] - Propensity computed in 27.19 seconds
[2026-06-18 15:38:51,505][feature_based_propensities_for_ULTR.experiments.propensity_pipeline][INFO] - Alpha logits: [ 0.         -0.7933407  -1.0022033  -1.2205421  -1.5723046  -1.9073414
 -2.022664   -3.123429   -1.5597043  -3.2744985  -3.2888036  -6.9077554
 -6.9077554  -3.6906555  -6.9077554  -3.10934    -6.9077554  -2.2971838
 -6.9077554  -6.9077554  -2.362635   -6.9077554  -0.44179958 -2.4561868
 -2.0153646 ]
[2026-06-18 15:38:51,506][feature_based_propensities_for_ULTR.experiments.propensity_pipeline][INFO] - Alpha: [0.5        0.31145182 0.26850843 0.22784106 0.1718881  0.12927984
 0.1168438  0.0421511  0.17368908 0.03645648 0.0359573  0.000999
 0.000999   0.02434802 0.000999   0.04272363 0.000999   0.09135646
 0.000999   0.000999   0.0860667  0.000999   0.39131224 0.07898729
 0.11759915]
[2026-06-18 15:38:51,507][feature_based_propensities_for_ULTR.experiments.propensity_pipeline][INFO] - Propensity clipping disabled.
[2026-06-18 15:38:51,507][feature_based_propensities_for_ULTR.experiments.propensity_pipeline][INFO] - Computing propensity per doc (method=frequency_based)...
[2026-06-18 15:39:16,729][feature_based_propensities_for_ULTR.experiments.propensity_pipeline][INFO] - Propensity computed in 25.22 seconds
[2026-06-18 15:39:16,729][feature_based_propensities_for_ULTR.experiments.propensity_pipeline][INFO] - Alpha logits: [ 0.         -0.7933407  -1.0022033  -1.2205421  -1.5723046  -1.9073414
 -2.022664   -3.123429   -1.5597043  -3.2744985  -3.2888036  -6.9077554
 -6.9077554  -3.6906555  -6.9077554  -3.10934    -6.9077554  -2.2971838
 -6.9077554  -6.9077554  -2.362635   -6.9077554  -0.44179958 -2.4561868
 -2.0153646 ]
[2026-06-18 15:39:16,730][feature_based_propensities_for_ULTR.experiments.propensity_pipeline][INFO] - Alpha: [0.5        0.31145182 0.26850843 0.22784106 0.1718881  0.12927984
 0.1168438  0.0421511  0.17368908 0.03645648 0.0359573  0.000999
 0.000999   0.02434802 0.000999   0.04272363 0.000999   0.09135646
 0.000999   0.000999   0.0860667  0.000999   0.39131224 0.07898729
 0.11759915]
[2026-06-18 15:39:18,155][feature_based_propensities_for_ULTR.experiments.regression_pipeline][INFO] - Training regression model for DM/DR...
[2026-06-18 15:39:25,892][feature_based_propensities_for_ULTR.experiments.regression_pipeline][INFO] - Regression epoch 3: train_loss=0.721679 val_loss=0.676178
[2026-06-18 15:39:32,584][feature_based_propensities_for_ULTR.experiments.regression_pipeline][INFO] - Regression epoch 6: train_loss=0.642205 val_loss=0.794285
[2026-06-18 15:39:38,442][feature_based_propensities_for_ULTR.experiments.ips_pipeline][INFO] - Computing DR doc weights...
[2026-06-18 15:39:38,471][feature_based_propensities_for_ULTR.experiments.ips_pipeline][INFO] - Doc weights computed in 0.03 seconds
[2026-06-18 15:39:38,481][feature_based_propensities_for_ULTR.experiments.model_pipeline][INFO] - Loading trainer (trainer_type='pl-rank', n_samples=100)...
[2026-06-18 15:39:38,483][feature_based_propensities_for_ULTR.experiments.model_pipeline][INFO] - Trainer loaded in 0.00 seconds
[2026-06-18 15:39:38,483][feature_based_propensities_for_ULTR.experiments.model_pipeline][INFO] - Training model...
[2026-06-18 17:16:16,949][feature_based_propensities_for_ULTR.experiments.ips_pipeline][INFO] - Final evaluation results:
{'metrics': {'CTR': 0.45673102140426636,
             'DCG': 1.241791009902954,
             'NCTR': 0.2525959610939026,
             'NDCG': 0.36284780502319336,
             'NDCG@25': 0.36284780502319336,
             'NRCTR': 0.2525959610939026,
             'RCTR': 0.45673102140426636}}
[2026-06-18 17:16:16,983][submitit][INFO] - Job completed successfully
[2026-06-18 17:16:16,995][submitit][INFO] - Exiting after successful completion
