[2026-06-18 16:55:45,226][feature_based_propensities_for_ULTR.experiments.config_resolver][WARNING] - test_clicks=500000 is ignored because test_set_mode='label_only'. Set test_set_mode='clicks' to enable legacy click-based test behavior.
[2026-06-18 16:55:45,232][feature_based_propensities_for_ULTR.experiments.data_pipeline][INFO] - Loading or generating click datasets...
[2026-06-18 16:56:09,274][absl][INFO] - orbax-checkpoint version: 0.11.40
[2026-06-18 16:56:09,274][absl][INFO] - save_device_host_concurrent_bytes=None
[2026-06-18 16:56:09,275][absl][INFO] - Created BasePyTreeCheckpointHandler: use_ocdbt=True, use_zarr3=False, pytree_metadata_options=PyTreeMetadataOptions(support_rich_types=False), array_metadata_store=<orbax.checkpoint._src.metadata.array_metadata_store.Store object at 0x14f395f061d0>, enable_pinned_host_transfer=False, save_concurrent_bytes: 96000000000 (89.4 GiB), restore_concurrent_bytes: 96000000000 (89.4 GiB)
[2026-06-18 16:56:09,275][absl][INFO] - [thread=MainThread] Failed to get flag value for EXPERIMENTAL_ORBAX_USE_DISTRIBUTED_PROCESS_ID.
[2026-06-18 16:56:09,275][absl][INFO] - [process=0][thread=MainThread] Using barrier_sync_fn: <function get_barrier_sync_fn.<locals>.<lambda> at 0x14f2f2def880> timeout: 1200 secs and primary_host=0 for async checkpoint writes
[2026-06-18 16:56:09,276][absl][INFO] - [process=0] [sync] Started load checkpoint @ /gpfs/home5/sfris1/ltr_datasets/ips_datasets/logging_policy_c10000_ps1p0_pt0p5_bs1p0_drop0rel0_sessallocv2_candfullv2_topx25_maxdocs80_lprdeep_lpsegreedysampler_lppct10p0.
[2026-06-18 16:56:09,278][absl][INFO] - Restoring checkpoint from /gpfs/home5/sfris1/ltr_datasets/ips_datasets/logging_policy_c10000_ps1p0_pt0p5_bs1p0_drop0rel0_sessallocv2_candfullv2_topx25_maxdocs80_lprdeep_lpsegreedysampler_lppct10p0.
[2026-06-18 16:56:09,278][absl][INFO] - [process=0] [sync] Finished blocking load in 0.00 seconds. Continuing load @ /gpfs/home5/sfris1/ltr_datasets/ips_datasets/logging_policy_c10000_ps1p0_pt0p5_bs1p0_drop0rel0_sessallocv2_candfullv2_topx25_maxdocs80_lprdeep_lpsegreedysampler_lppct10p0.
[2026-06-18 16:56:09,294][absl][INFO] - [process=0] /jax/orbax/read/worker/io/requested throughput: 8.071 MiB/s (total gbytes: 91.8 KiB) (time elapsed: 0.011101484298706055 s) (per-host)
[2026-06-18 16:56:09,296][absl][INFO] - [process=0] /jax/checkpoint/read/gbytes_per_sec: 5.410 MiB/s (total gbytes: 91.8 KiB) (time elapsed: 0.016561269760131836 s) (per-host)
[2026-06-18 16:56:09,296][absl][INFO] - [process=0] [sync] Finished load in 0.02 seconds @ /gpfs/home5/sfris1/ltr_datasets/ips_datasets/logging_policy_c10000_ps1p0_pt0p5_bs1p0_drop0rel0_sessallocv2_candfullv2_topx25_maxdocs80_lprdeep_lpsegreedysampler_lppct10p0
[2026-06-18 16:56:13,484][feature_based_propensities_for_ULTR.experiments.data_pipeline][INFO] - Loaded click datasets in 28.25 seconds (train=8694, val=1306, test=0)
[2026-06-18 16:56:13,484][feature_based_propensities_for_ULTR.experiments.data_pipeline][INFO] - Test split is label-only by design; no test click dataset was loaded.
[2026-06-18 16:56:13,484][feature_based_propensities_for_ULTR.data.runtime.alignment][INFO] - Applying data cutoff override: configured=25, natural=25, effective=25
[2026-06-18 16:56:13,485][feature_based_propensities_for_ULTR.data.runtime.alignment][INFO] - Applying data cutoff override: configured=25, natural=25, effective=25
[2026-06-18 16:56:13,578][feature_based_propensities_for_ULTR.data.runtime.aggregation][INFO] - Initializing simulator...
[2026-06-18 16:56:13,579][feature_based_propensities_for_ULTR.data.runtime.aggregation][INFO] - Aggregating train dataset...
[2026-06-18 16:56:19,712][feature_based_propensities_for_ULTR.data.runtime.aggregation][INFO] - Aggregating validation dataset...
[2026-06-18 16:56:22,384][feature_based_propensities_for_ULTR.data.runtime.aggregation][INFO] - Aggregating test dataset from labels only...
[2026-06-18 16:56:23,988][feature_based_propensities_for_ULTR.data.runtime.aggregation][INFO] - Aggregation done in 10.41 seconds
[2026-06-18 16:56:23,988][feature_based_propensities_for_ULTR.data.runtime.aggregation][INFO] - Session usage after aggregation: requested(train=8694,val=1306), actual(train=8694,val=1306,test=0)
[2026-06-18 16:56:23,988][feature_based_propensities_for_ULTR.data.runtime.aggregation][INFO] - Dataset persistence disabled; skipping aggregated dataset cache save.
[2026-06-18 16:56:23,988][feature_based_propensities_for_ULTR.experiments.ips_pipeline][INFO] - Test split uses label-only evaluation; raw test click diagnostics are skipped.
[2026-06-18 16:56:24,012][feature_based_propensities_for_ULTR.experiments.diagnostics][INFO] - [Data] train_docs=470251, val_docs=70687, test_docs=164676, cutoff=25
[2026-06-18 16:56:24,101][feature_based_propensities_for_ULTR.experiments.diagnostics][INFO] - [Train] clicks=1401, displays=146193, ctr=0.0096, ctr_per_doc=0.0096
[2026-06-18 16:56:24,186][feature_based_propensities_for_ULTR.experiments.diagnostics][INFO] - [Validation] clicks=192, displays=21546, ctr=0.0089, ctr_per_doc=0.0089
[2026-06-18 16:56:24,306][feature_based_propensities_for_ULTR.experiments.diagnostics][INFO] - [Test] clicks=0, displays=0, ctr=0.0000, ctr_per_doc=0.0000
[2026-06-18 16:56:24,306][feature_based_propensities_for_ULTR.experiments.ips_pipeline][INFO] - Running estimator pipeline with model='dr'
[2026-06-18 16:56:24,306][feature_based_propensities_for_ULTR.experiments.ips_pipeline][INFO] - Computing position bias (alpha)...
[2026-06-18 16:56:24,322][ultr_bias_toolkit.bias.intervention_harvesting.all_pairs][INFO] - Position bias estimation using global all pairs estimator
[2026-06-18 16:57:14,757][feature_based_propensities_for_ULTR.experiments.position_bias_pipeline][INFO] - Saved estimated position-bias curve to position_bias.json
[2026-06-18 16:57:14,757][feature_based_propensities_for_ULTR.experiments.ips_pipeline][INFO] - Estimated position bias in-run (estimator=global_all_pairs): [ 0.         -0.69035846 -1.3927499  -1.3388457  -0.9133072  -1.5903962
 -1.4354464  -1.7536108  -1.8615521  -2.8292685  -3.1273115  -6.9077554
 -3.4299238  -3.9671474  -1.4640819  -3.2752533  -3.100638   -3.5173802
 -2.4184437  -3.8003626  -2.612866   -2.072206   -3.3973346  -3.1989365
 -2.9651978 ]
[2026-06-18 16:57:14,759][feature_based_propensities_for_ULTR.experiments.propensity_pipeline][INFO] - Computing propensity per doc (method=frequency_based)...
[2026-06-18 16:57:22,881][feature_based_propensities_for_ULTR.experiments.propensity_pipeline][INFO] - Propensity computed in 8.12 seconds
[2026-06-18 16:57:22,882][feature_based_propensities_for_ULTR.experiments.propensity_pipeline][INFO] - Alpha logits: [ 0.         -0.69035846 -1.3927499  -1.3388457  -0.9133072  -1.5903962
 -1.4354464  -1.7536108  -1.8615521  -2.8292685  -3.1273115  -6.9077554
 -3.4299238  -3.9671474  -1.4640819  -3.2752533  -3.100638   -3.5173802
 -2.4184437  -3.8003626  -2.612866   -2.072206   -3.3973346  -3.1989365
 -2.9651978 ]
[2026-06-18 16:57:22,882][feature_based_propensities_for_ULTR.experiments.propensity_pipeline][INFO] - Alpha: [0.5        0.33395332 0.19896911 0.20769994 0.28632355 0.16932817
 0.1922515  0.14759234 0.13452224 0.05576291 0.04199464 0.000999
 0.03137324 0.01857576 0.1878438  0.03642998 0.04308095 0.02882173
 0.08177704 0.02187352 0.06831497 0.11182775 0.03237887 0.03920576
 0.04902311]
[2026-06-18 16:57:22,883][feature_based_propensities_for_ULTR.experiments.propensity_pipeline][INFO] - Propensity clipping disabled.
[2026-06-18 16:57:22,883][feature_based_propensities_for_ULTR.experiments.propensity_pipeline][INFO] - Computing propensity per doc (method=frequency_based)...
[2026-06-18 16:57:28,838][feature_based_propensities_for_ULTR.experiments.propensity_pipeline][INFO] - Propensity computed in 5.95 seconds
[2026-06-18 16:57:28,838][feature_based_propensities_for_ULTR.experiments.propensity_pipeline][INFO] - Alpha logits: [ 0.         -0.69035846 -1.3927499  -1.3388457  -0.9133072  -1.5903962
 -1.4354464  -1.7536108  -1.8615521  -2.8292685  -3.1273115  -6.9077554
 -3.4299238  -3.9671474  -1.4640819  -3.2752533  -3.100638   -3.5173802
 -2.4184437  -3.8003626  -2.612866   -2.072206   -3.3973346  -3.1989365
 -2.9651978 ]
[2026-06-18 16:57:28,838][feature_based_propensities_for_ULTR.experiments.propensity_pipeline][INFO] - Alpha: [0.5        0.33395332 0.19896911 0.20769994 0.28632355 0.16932817
 0.1922515  0.14759234 0.13452224 0.05576291 0.04199464 0.000999
 0.03137324 0.01857576 0.1878438  0.03642998 0.04308095 0.02882173
 0.08177704 0.02187352 0.06831497 0.11182775 0.03237887 0.03920576
 0.04902311]
[2026-06-18 16:57:30,271][feature_based_propensities_for_ULTR.experiments.regression_pipeline][INFO] - Training regression model for DM/DR...
[2026-06-18 16:57:36,843][feature_based_propensities_for_ULTR.experiments.regression_pipeline][INFO] - Regression epoch 3: train_loss=0.434684 val_loss=0.448631
[2026-06-18 16:57:42,257][feature_based_propensities_for_ULTR.experiments.regression_pipeline][INFO] - Regression epoch 6: train_loss=0.405866 val_loss=0.479501
[2026-06-18 16:57:44,115][feature_based_propensities_for_ULTR.experiments.ips_pipeline][INFO] - Computing DR doc weights...
[2026-06-18 16:57:44,120][feature_based_propensities_for_ULTR.experiments.ips_pipeline][INFO] - Doc weights computed in 0.00 seconds
[2026-06-18 16:57:44,126][feature_based_propensities_for_ULTR.experiments.model_pipeline][INFO] - Loading trainer (trainer_type='pl-rank', n_samples=100)...
[2026-06-18 16:57:44,128][feature_based_propensities_for_ULTR.experiments.model_pipeline][INFO] - Trainer loaded in 0.00 seconds
[2026-06-18 16:57:44,128][feature_based_propensities_for_ULTR.experiments.model_pipeline][INFO] - Training model...
[2026-06-18 17:14:12,190][feature_based_propensities_for_ULTR.experiments.ips_pipeline][INFO] - Final evaluation results:
{'metrics': {'CTR': 0.8363121151924133,
             'DCG': 2.0275673866271973,
             'NCTR': 0.6694305539131165,
             'NDCG': 0.7386515140533447,
             'NDCG@25': 0.7386515140533447,
             'NRCTR': 0.6694305539131165,
             'RCTR': 0.8363121151924133}}
[2026-06-18 17:14:12,218][submitit][INFO] - Job completed successfully
[2026-06-18 17:14:12,228][submitit][INFO] - Exiting after successful completion
