[2026-06-18 15:00:18,329][feature_based_propensities_for_ULTR.experiments.config_resolver][WARNING] - test_clicks=500000 is ignored because test_set_mode='label_only'. Set test_set_mode='clicks' to enable legacy click-based test behavior.
[2026-06-18 15:00:18,334][feature_based_propensities_for_ULTR.experiments.data_pipeline][INFO] - Loading or generating click datasets...
[2026-06-18 15:01:47,748][absl][INFO] - orbax-checkpoint version: 0.11.40
[2026-06-18 15:01:47,748][absl][INFO] - save_device_host_concurrent_bytes=None
[2026-06-18 15:01:47,748][absl][INFO] - Created BasePyTreeCheckpointHandler: use_ocdbt=True, use_zarr3=False, pytree_metadata_options=PyTreeMetadataOptions(support_rich_types=False), array_metadata_store=<orbax.checkpoint._src.metadata.array_metadata_store.Store object at 0x14ecc91baf10>, enable_pinned_host_transfer=False, save_concurrent_bytes: 96000000000 (89.4 GiB), restore_concurrent_bytes: 96000000000 (89.4 GiB)
[2026-06-18 15:01:47,748][absl][INFO] - [thread=MainThread] Failed to get flag value for EXPERIMENTAL_ORBAX_USE_DISTRIBUTED_PROCESS_ID.
[2026-06-18 15:01:47,749][absl][INFO] - [process=0][thread=MainThread] Using barrier_sync_fn: <function get_barrier_sync_fn.<locals>.<lambda> at 0x14ec2a3d7920> timeout: 1200 secs and primary_host=0 for async checkpoint writes
[2026-06-18 15:01:47,749][absl][INFO] - [process=0] [sync] Started load checkpoint @ /gpfs/home5/sfris1/ltr_datasets/ips_datasets/istella_logging_policy_c10000_ps1p0_pt0p5_bs1p0_drop0rel0_sessallocv2_candfullv2_topx25_maxdocs200_lprdeep_lpsegreedysampler_lppct10p0.
[2026-06-18 15:01:47,752][absl][INFO] - Restoring checkpoint from /gpfs/home5/sfris1/ltr_datasets/ips_datasets/istella_logging_policy_c10000_ps1p0_pt0p5_bs1p0_drop0rel0_sessallocv2_candfullv2_topx25_maxdocs200_lprdeep_lpsegreedysampler_lppct10p0.
[2026-06-18 15:01:47,752][absl][INFO] - [process=0] [sync] Finished blocking load in 0.00 seconds. Continuing load @ /gpfs/home5/sfris1/ltr_datasets/ips_datasets/istella_logging_policy_c10000_ps1p0_pt0p5_bs1p0_drop0rel0_sessallocv2_candfullv2_topx25_maxdocs200_lprdeep_lpsegreedysampler_lppct10p0.
[2026-06-18 15:01:47,769][absl][INFO] - [process=0] /jax/orbax/read/worker/io/requested throughput: 2.669 MiB/s (total gbytes: 31.6 KiB) (time elapsed: 0.01157069206237793 s) (per-host)
[2026-06-18 15:01:47,770][absl][INFO] - [process=0] /jax/checkpoint/read/gbytes_per_sec: 1.786 MiB/s (total gbytes: 31.6 KiB) (time elapsed: 0.017296791076660156 s) (per-host)
[2026-06-18 15:01:47,770][absl][INFO] - [process=0] [sync] Finished load in 0.02 seconds @ /gpfs/home5/sfris1/ltr_datasets/ips_datasets/istella_logging_policy_c10000_ps1p0_pt0p5_bs1p0_drop0rel0_sessallocv2_candfullv2_topx25_maxdocs200_lprdeep_lpsegreedysampler_lppct10p0
[2026-06-18 15:01:53,048][feature_based_propensities_for_ULTR.experiments.data_pipeline][INFO] - Loaded click datasets in 94.71 seconds (train=7274, val=2726, test=0)
[2026-06-18 15:01:53,049][feature_based_propensities_for_ULTR.experiments.data_pipeline][INFO] - Test split is label-only by design; no test click dataset was loaded.
[2026-06-18 15:01:53,049][feature_based_propensities_for_ULTR.data.runtime.alignment][INFO] - Applying data cutoff override: configured=25, natural=25, effective=25
[2026-06-18 15:01:53,049][feature_based_propensities_for_ULTR.data.runtime.alignment][INFO] - Applying data cutoff override: configured=25, natural=25, effective=25
[2026-06-18 15:01:53,144][feature_based_propensities_for_ULTR.data.runtime.aggregation][INFO] - Initializing simulator...
[2026-06-18 15:01:53,144][feature_based_propensities_for_ULTR.data.runtime.aggregation][INFO] - Aggregating train dataset...
[2026-06-18 15:01:59,432][feature_based_propensities_for_ULTR.data.runtime.aggregation][INFO] - Aggregating validation dataset...
[2026-06-18 15:02:02,882][feature_based_propensities_for_ULTR.data.runtime.aggregation][INFO] - Aggregating test dataset from labels only...
[2026-06-18 15:02:04,302][feature_based_propensities_for_ULTR.data.runtime.aggregation][INFO] - Aggregation done in 11.16 seconds
[2026-06-18 15:02:04,303][feature_based_propensities_for_ULTR.data.runtime.aggregation][INFO] - Session usage after aggregation: requested(train=7274,val=2726), actual(train=7274,val=2726,test=0)
[2026-06-18 15:02:04,303][feature_based_propensities_for_ULTR.data.runtime.aggregation][INFO] - Dataset persistence disabled; skipping aggregated dataset cache save.
[2026-06-18 15:02:04,303][feature_based_propensities_for_ULTR.experiments.ips_pipeline][INFO] - Test split uses label-only evaluation; raw test click diagnostics are skipped.
[2026-06-18 15:02:04,355][feature_based_propensities_for_ULTR.experiments.diagnostics][INFO] - [Data] train_docs=2043304, val_docs=684076, test_docs=681250, cutoff=25
[2026-06-18 15:02:04,453][feature_based_propensities_for_ULTR.experiments.diagnostics][INFO] - [Train] clicks=1591, displays=180972, ctr=0.0088, ctr_per_doc=0.0088
[2026-06-18 15:02:04,548][feature_based_propensities_for_ULTR.experiments.diagnostics][INFO] - [Validation] clicks=608, displays=67648, ctr=0.0090, ctr_per_doc=0.0090
[2026-06-18 15:02:04,637][feature_based_propensities_for_ULTR.experiments.diagnostics][INFO] - [Test] clicks=0, displays=0, ctr=0.0000, ctr_per_doc=0.0000
[2026-06-18 15:02:04,637][feature_based_propensities_for_ULTR.experiments.ips_pipeline][INFO] - Running estimator pipeline with model='dr'
[2026-06-18 15:02:04,638][feature_based_propensities_for_ULTR.experiments.ips_pipeline][INFO] - Computing position bias (alpha)...
[2026-06-18 15:02:04,639][submitit][INFO] - Job completed successfully
[2026-06-18 15:02:04,648][submitit][INFO] - Exiting after successful completion
