[2026-06-18 15:38:46,978][feature_based_propensities_for_ULTR.experiments.config_resolver][WARNING] - test_clicks=500000 is ignored because test_set_mode='label_only'. Set test_set_mode='clicks' to enable legacy click-based test behavior.
[2026-06-18 15:38:46,983][feature_based_propensities_for_ULTR.experiments.data_pipeline][INFO] - Loading or generating click datasets...
[2026-06-18 15:40:16,905][absl][INFO] - orbax-checkpoint version: 0.11.40
[2026-06-18 15:40:16,905][absl][INFO] - save_device_host_concurrent_bytes=None
[2026-06-18 15:40:16,905][absl][INFO] - Created BasePyTreeCheckpointHandler: use_ocdbt=True, use_zarr3=False, pytree_metadata_options=PyTreeMetadataOptions(support_rich_types=False), array_metadata_store=<orbax.checkpoint._src.metadata.array_metadata_store.Store object at 0x153f2e761610>, enable_pinned_host_transfer=False, save_concurrent_bytes: 96000000000 (89.4 GiB), restore_concurrent_bytes: 96000000000 (89.4 GiB)
[2026-06-18 15:40:16,905][absl][INFO] - [thread=MainThread] Failed to get flag value for EXPERIMENTAL_ORBAX_USE_DISTRIBUTED_PROCESS_ID.
[2026-06-18 15:40:16,906][absl][INFO] - [process=0][thread=MainThread] Using barrier_sync_fn: <function get_barrier_sync_fn.<locals>.<lambda> at 0x153e927b3920> timeout: 1200 secs and primary_host=0 for async checkpoint writes
[2026-06-18 15:40:16,906][absl][INFO] - [process=0] [sync] Started load checkpoint @ /gpfs/home5/sfris1/ltr_datasets/ips_datasets/istella_logging_policy_c10000_ps1p0_pt0p5_bs1p0_drop0rel0_sessallocv2_candfullv2_topx25_maxdocs200_lprdeep_lpsegreedysampler_lppct10p0.
[2026-06-18 15:40:16,909][absl][INFO] - Restoring checkpoint from /gpfs/home5/sfris1/ltr_datasets/ips_datasets/istella_logging_policy_c10000_ps1p0_pt0p5_bs1p0_drop0rel0_sessallocv2_candfullv2_topx25_maxdocs200_lprdeep_lpsegreedysampler_lppct10p0.
[2026-06-18 15:40:16,909][absl][INFO] - [process=0] [sync] Finished blocking load in 0.00 seconds. Continuing load @ /gpfs/home5/sfris1/ltr_datasets/ips_datasets/istella_logging_policy_c10000_ps1p0_pt0p5_bs1p0_drop0rel0_sessallocv2_candfullv2_topx25_maxdocs200_lprdeep_lpsegreedysampler_lppct10p0.
[2026-06-18 15:40:16,925][absl][INFO] - [process=0] /jax/orbax/read/worker/io/requested throughput: 2.761 MiB/s (total gbytes: 31.6 KiB) (time elapsed: 0.011187314987182617 s) (per-host)
[2026-06-18 15:40:16,926][absl][INFO] - [process=0] /jax/checkpoint/read/gbytes_per_sec: 1.865 MiB/s (total gbytes: 31.6 KiB) (time elapsed: 0.01656031608581543 s) (per-host)
[2026-06-18 15:40:16,927][absl][INFO] - [process=0] [sync] Finished load in 0.02 seconds @ /gpfs/home5/sfris1/ltr_datasets/ips_datasets/istella_logging_policy_c10000_ps1p0_pt0p5_bs1p0_drop0rel0_sessallocv2_candfullv2_topx25_maxdocs200_lprdeep_lpsegreedysampler_lppct10p0
[2026-06-18 15:40:22,038][feature_based_propensities_for_ULTR.experiments.data_pipeline][INFO] - Loaded click datasets in 95.05 seconds (train=7274, val=2726, test=0)
[2026-06-18 15:40:22,039][feature_based_propensities_for_ULTR.experiments.data_pipeline][INFO] - Test split is label-only by design; no test click dataset was loaded.
[2026-06-18 15:40:22,039][feature_based_propensities_for_ULTR.data.runtime.alignment][INFO] - Applying data cutoff override: configured=25, natural=25, effective=25
[2026-06-18 15:40:22,039][feature_based_propensities_for_ULTR.data.runtime.alignment][INFO] - Applying data cutoff override: configured=25, natural=25, effective=25
[2026-06-18 15:40:22,132][feature_based_propensities_for_ULTR.data.runtime.aggregation][INFO] - Initializing simulator...
[2026-06-18 15:40:22,132][feature_based_propensities_for_ULTR.data.runtime.aggregation][INFO] - Aggregating train dataset...
[2026-06-18 15:40:28,602][feature_based_propensities_for_ULTR.data.runtime.aggregation][INFO] - Aggregating validation dataset...
[2026-06-18 15:40:31,873][feature_based_propensities_for_ULTR.data.runtime.aggregation][INFO] - Aggregating test dataset from labels only...
[2026-06-18 15:40:33,258][feature_based_propensities_for_ULTR.data.runtime.aggregation][INFO] - Aggregation done in 11.13 seconds
[2026-06-18 15:40:33,258][feature_based_propensities_for_ULTR.data.runtime.aggregation][INFO] - Session usage after aggregation: requested(train=7274,val=2726), actual(train=7274,val=2726,test=0)
[2026-06-18 15:40:33,258][feature_based_propensities_for_ULTR.data.runtime.aggregation][INFO] - Dataset persistence disabled; skipping aggregated dataset cache save.
[2026-06-18 15:40:33,258][feature_based_propensities_for_ULTR.experiments.ips_pipeline][INFO] - Test split uses label-only evaluation; raw test click diagnostics are skipped.
[2026-06-18 15:40:33,318][feature_based_propensities_for_ULTR.experiments.diagnostics][INFO] - [Data] train_docs=2043304, val_docs=684076, test_docs=681250, cutoff=25
[2026-06-18 15:40:33,413][feature_based_propensities_for_ULTR.experiments.diagnostics][INFO] - [Train] clicks=1617, displays=181075, ctr=0.0089, ctr_per_doc=0.0089
[2026-06-18 15:40:33,504][feature_based_propensities_for_ULTR.experiments.diagnostics][INFO] - [Validation] clicks=544, displays=67683, ctr=0.0080, ctr_per_doc=0.0080
[2026-06-18 15:40:33,594][feature_based_propensities_for_ULTR.experiments.diagnostics][INFO] - [Test] clicks=0, displays=0, ctr=0.0000, ctr_per_doc=0.0000
[2026-06-18 15:40:33,594][feature_based_propensities_for_ULTR.experiments.ips_pipeline][INFO] - Running estimator pipeline with model='ips'
[2026-06-18 15:40:33,595][feature_based_propensities_for_ULTR.experiments.ips_pipeline][INFO] - Computing position bias (alpha)...
[2026-06-18 15:40:33,612][ultr_bias_toolkit.bias.intervention_harvesting.all_pairs][INFO] - Position bias estimation using global all pairs estimator
[2026-06-18 15:41:24,033][feature_based_propensities_for_ULTR.experiments.position_bias_pipeline][INFO] - Saved estimated position-bias curve to position_bias.json
[2026-06-18 15:41:24,033][feature_based_propensities_for_ULTR.experiments.ips_pipeline][INFO] - Estimated position bias in-run (estimator=global_all_pairs): [ 0.         -0.50226617 -0.89844185 -1.2335129  -1.4246974  -0.8640559
 -2.202299   -1.698585   -2.1068757  -1.5308896  -1.073664   -2.375347
 -3.1318724  -6.5656834  -6.9077554  -1.5548387  -1.6960853  -0.9169578
 -2.2354434  -3.3507993  -6.9077554  -1.8486534  -2.421058   -1.7098259
 -1.8919185 ]
[2026-06-18 15:41:24,034][feature_based_propensities_for_ULTR.experiments.propensity_pipeline][INFO] - Computing propensity per doc (method=frequency_based)...
[2026-06-18 15:41:50,968][feature_based_propensities_for_ULTR.experiments.propensity_pipeline][INFO] - Propensity computed in 26.93 seconds
[2026-06-18 15:41:50,968][feature_based_propensities_for_ULTR.experiments.propensity_pipeline][INFO] - Alpha logits: [ 0.         -0.50226617 -0.89844185 -1.2335129  -1.4246974  -0.8640559
 -2.202299   -1.698585   -2.1068757  -1.5308896  -1.073664   -2.375347
 -3.1318724  -6.5656834  -6.9077554  -1.5548387  -1.6960853  -0.9169578
 -2.2354434  -3.3507993  -6.9077554  -1.8486534  -2.421058   -1.7098259
 -1.8919185 ]
[2026-06-18 15:41:50,969][feature_based_propensities_for_ULTR.experiments.propensity_pipeline][INFO] - Alpha: [0.5        0.37700826 0.2893708  0.22556719 0.19392623 0.29649267
 0.09954421 0.15465015 0.10843033 0.17786355 0.25470692 0.08507204
 0.04181153 0.00140588 0.000999   0.17438851 0.15497723 0.28557816
 0.0966125  0.033869   0.000999   0.13603108 0.08158095 0.15318629
 0.13102587]
[2026-06-18 15:41:50,970][feature_based_propensities_for_ULTR.experiments.propensity_pipeline][INFO] - Propensity clipping disabled.
[2026-06-18 15:41:50,970][feature_based_propensities_for_ULTR.experiments.ips_pipeline][INFO] - Computing IPS doc weights...
[2026-06-18 15:41:51,485][feature_based_propensities_for_ULTR.experiments.ips_pipeline][INFO] - Doc weights computed in 0.51 seconds
[2026-06-18 15:41:51,496][feature_based_propensities_for_ULTR.experiments.model_pipeline][INFO] - Loading trainer (trainer_type='pl-rank', n_samples=100)...
[2026-06-18 15:41:51,498][feature_based_propensities_for_ULTR.experiments.model_pipeline][INFO] - Trainer loaded in 0.00 seconds
[2026-06-18 15:41:51,498][feature_based_propensities_for_ULTR.experiments.model_pipeline][INFO] - Training model...
[2026-06-18 15:44:25,053][feature_based_propensities_for_ULTR.experiments.ips_pipeline][INFO] - Final evaluation results:
{'metrics': {'CTR': 0.6235764622688293,
             'DCG': 1.238183856010437,
             'NCTR': 0.309439480304718,
             'NDCG': 0.362252414226532,
             'NDCG@25': 0.362252414226532,
             'NRCTR': 0.309439480304718,
             'RCTR': 0.6235764622688293}}
[2026-06-18 15:44:25,089][submitit][INFO] - Job completed successfully
[2026-06-18 15:44:25,099][submitit][INFO] - Exiting after successful completion
