[2026-06-18 17:00:30,512][feature_based_propensities_for_ULTR.experiments.config_resolver][WARNING] - test_clicks=500000 is ignored because test_set_mode='label_only'. Set test_set_mode='clicks' to enable legacy click-based test behavior.
[2026-06-18 17:00:30,517][feature_based_propensities_for_ULTR.experiments.data_pipeline][INFO] - Loading or generating click datasets...
[2026-06-18 17:01:59,613][absl][INFO] - orbax-checkpoint version: 0.11.40
[2026-06-18 17:01:59,614][absl][INFO] - save_device_host_concurrent_bytes=None
[2026-06-18 17:01:59,614][absl][INFO] - Created BasePyTreeCheckpointHandler: use_ocdbt=True, use_zarr3=False, pytree_metadata_options=PyTreeMetadataOptions(support_rich_types=False), array_metadata_store=<orbax.checkpoint._src.metadata.array_metadata_store.Store object at 0x147e33f2d410>, enable_pinned_host_transfer=False, save_concurrent_bytes: 96000000000 (89.4 GiB), restore_concurrent_bytes: 96000000000 (89.4 GiB)
[2026-06-18 17:01:59,614][absl][INFO] - [thread=MainThread] Failed to get flag value for EXPERIMENTAL_ORBAX_USE_DISTRIBUTED_PROCESS_ID.
[2026-06-18 17:01:59,615][absl][INFO] - [process=0][thread=MainThread] Using barrier_sync_fn: <function get_barrier_sync_fn.<locals>.<lambda> at 0x147d5de5f920> timeout: 1200 secs and primary_host=0 for async checkpoint writes
[2026-06-18 17:01:59,615][absl][INFO] - [process=0] [sync] Started load checkpoint @ /gpfs/home5/sfris1/ltr_datasets/ips_datasets/istella_logging_policy_c10000_ps1p0_pt0p5_bs1p0_drop0rel0_sessallocv2_candfullv2_topx25_maxdocs200_lprdeep_lpsegreedysampler_lppct10p0.
[2026-06-18 17:01:59,617][absl][INFO] - Restoring checkpoint from /gpfs/home5/sfris1/ltr_datasets/ips_datasets/istella_logging_policy_c10000_ps1p0_pt0p5_bs1p0_drop0rel0_sessallocv2_candfullv2_topx25_maxdocs200_lprdeep_lpsegreedysampler_lppct10p0.
[2026-06-18 17:01:59,618][absl][INFO] - [process=0] [sync] Finished blocking load in 0.00 seconds. Continuing load @ /gpfs/home5/sfris1/ltr_datasets/ips_datasets/istella_logging_policy_c10000_ps1p0_pt0p5_bs1p0_drop0rel0_sessallocv2_candfullv2_topx25_maxdocs200_lprdeep_lpsegreedysampler_lppct10p0.
[2026-06-18 17:01:59,635][absl][INFO] - [process=0] /jax/orbax/read/worker/io/requested throughput: 2.662 MiB/s (total gbytes: 31.6 KiB) (time elapsed: 0.011605024337768555 s) (per-host)
[2026-06-18 17:01:59,637][absl][INFO] - [process=0] /jax/checkpoint/read/gbytes_per_sec: 1.711 MiB/s (total gbytes: 31.6 KiB) (time elapsed: 0.01805734634399414 s) (per-host)
[2026-06-18 17:01:59,637][absl][INFO] - [process=0] [sync] Finished load in 0.02 seconds @ /gpfs/home5/sfris1/ltr_datasets/ips_datasets/istella_logging_policy_c10000_ps1p0_pt0p5_bs1p0_drop0rel0_sessallocv2_candfullv2_topx25_maxdocs200_lprdeep_lpsegreedysampler_lppct10p0
[2026-06-18 17:02:04,871][feature_based_propensities_for_ULTR.experiments.data_pipeline][INFO] - Loaded click datasets in 94.35 seconds (train=7274, val=2726, test=0)
[2026-06-18 17:02:04,872][feature_based_propensities_for_ULTR.experiments.data_pipeline][INFO] - Test split is label-only by design; no test click dataset was loaded.
[2026-06-18 17:02:04,872][feature_based_propensities_for_ULTR.data.runtime.alignment][INFO] - Applying data cutoff override: configured=25, natural=25, effective=25
[2026-06-18 17:02:04,872][feature_based_propensities_for_ULTR.data.runtime.alignment][INFO] - Applying data cutoff override: configured=25, natural=25, effective=25
[2026-06-18 17:02:04,963][feature_based_propensities_for_ULTR.data.runtime.aggregation][INFO] - Initializing simulator...
[2026-06-18 17:02:04,964][feature_based_propensities_for_ULTR.data.runtime.aggregation][INFO] - Aggregating train dataset...
[2026-06-18 17:02:11,341][feature_based_propensities_for_ULTR.data.runtime.aggregation][INFO] - Aggregating validation dataset...
[2026-06-18 17:02:14,529][feature_based_propensities_for_ULTR.data.runtime.aggregation][INFO] - Aggregating test dataset from labels only...
[2026-06-18 17:02:15,942][feature_based_propensities_for_ULTR.data.runtime.aggregation][INFO] - Aggregation done in 10.98 seconds
[2026-06-18 17:02:15,943][feature_based_propensities_for_ULTR.data.runtime.aggregation][INFO] - Session usage after aggregation: requested(train=7274,val=2726), actual(train=7274,val=2726,test=0)
[2026-06-18 17:02:15,943][feature_based_propensities_for_ULTR.data.runtime.aggregation][INFO] - Dataset persistence disabled; skipping aggregated dataset cache save.
[2026-06-18 17:02:15,943][feature_based_propensities_for_ULTR.experiments.ips_pipeline][INFO] - Test split uses label-only evaluation; raw test click diagnostics are skipped.
[2026-06-18 17:02:15,994][feature_based_propensities_for_ULTR.experiments.diagnostics][INFO] - [Data] train_docs=2043304, val_docs=684076, test_docs=681250, cutoff=25
[2026-06-18 17:02:16,090][feature_based_propensities_for_ULTR.experiments.diagnostics][INFO] - [Train] clicks=1607, displays=180979, ctr=0.0089, ctr_per_doc=0.0089
[2026-06-18 17:02:16,183][feature_based_propensities_for_ULTR.experiments.diagnostics][INFO] - [Validation] clicks=579, displays=67675, ctr=0.0086, ctr_per_doc=0.0086
[2026-06-18 17:02:16,274][feature_based_propensities_for_ULTR.experiments.diagnostics][INFO] - [Test] clicks=0, displays=0, ctr=0.0000, ctr_per_doc=0.0000
[2026-06-18 17:02:16,274][feature_based_propensities_for_ULTR.experiments.ips_pipeline][INFO] - Running estimator pipeline with model='dr'
[2026-06-18 17:02:16,274][feature_based_propensities_for_ULTR.experiments.ips_pipeline][INFO] - Computing position bias (alpha)...
[2026-06-18 17:02:16,297][ultr_bias_toolkit.bias.intervention_harvesting.all_pairs][INFO] - Position bias estimation using global all pairs estimator
[2026-06-18 17:03:05,712][feature_based_propensities_for_ULTR.experiments.position_bias_pipeline][INFO] - Saved estimated position-bias curve to position_bias.json
[2026-06-18 17:03:05,712][feature_based_propensities_for_ULTR.experiments.ips_pipeline][INFO] - Estimated position bias in-run (estimator=global_all_pairs): [ 0.         -0.30225274 -0.29886886 -0.58507234 -1.1373202  -0.89062554
 -1.7693154  -1.3921357  -0.9620393  -1.7780467  -1.1904565  -1.6303196
 -2.1692827  -1.2015613  -2.9965127  -1.2850372  -6.9077554  -0.9632258
 -6.9077554  -0.66584015 -6.0077577  -1.7966348  -6.6692405  -6.1676903
 -2.4423573 ]
[2026-06-18 17:03:05,714][feature_based_propensities_for_ULTR.experiments.propensity_pipeline][INFO] - Computing propensity per doc (method=true_propensity)...
[2026-06-18 17:03:32,973][feature_based_propensities_for_ULTR.experiments.propensity_pipeline][INFO] - Propensity computed in 27.26 seconds
[2026-06-18 17:03:32,973][feature_based_propensities_for_ULTR.experiments.propensity_pipeline][INFO] - Alpha logits: [ 0.         -0.30225274 -0.29886886 -0.58507234 -1.1373202  -0.89062554
 -1.7693154  -1.3921357  -0.9620393  -1.7780467  -1.1904565  -1.6303196
 -2.1692827  -1.2015613  -2.9965127  -1.2850372  -6.9077554  -0.9632258
 -6.9077554  -0.66584015 -6.0077577  -1.7966348  -6.6692405  -6.1676903
 -2.4423573 ]
[2026-06-18 17:03:32,974][feature_based_propensities_for_ULTR.experiments.propensity_pipeline][INFO] - Alpha: [0.5        0.42500687 0.42583403 0.35776627 0.24281274 0.29098076
 0.14562748 0.19906701 0.2764701  0.14454448 0.2331773  0.16378659
 0.10254303 0.2311976  0.04758367 0.216694   0.000999   0.2762328
 0.000999   0.33942893 0.00245356 0.1422612  0.00126775 0.00209169
 0.07999925]
[2026-06-18 17:03:32,975][feature_based_propensities_for_ULTR.experiments.propensity_pipeline][INFO] - Propensity clipping disabled.
[2026-06-18 17:03:32,975][feature_based_propensities_for_ULTR.experiments.propensity_pipeline][INFO] - Computing propensity per doc (method=frequency_based)...
[2026-06-18 17:03:58,132][feature_based_propensities_for_ULTR.experiments.propensity_pipeline][INFO] - Propensity computed in 25.16 seconds
[2026-06-18 17:03:58,132][feature_based_propensities_for_ULTR.experiments.propensity_pipeline][INFO] - Alpha logits: [ 0.         -0.30225274 -0.29886886 -0.58507234 -1.1373202  -0.89062554
 -1.7693154  -1.3921357  -0.9620393  -1.7780467  -1.1904565  -1.6303196
 -2.1692827  -1.2015613  -2.9965127  -1.2850372  -6.9077554  -0.9632258
 -6.9077554  -0.66584015 -6.0077577  -1.7966348  -6.6692405  -6.1676903
 -2.4423573 ]
[2026-06-18 17:03:58,133][feature_based_propensities_for_ULTR.experiments.propensity_pipeline][INFO] - Alpha: [0.5        0.42500687 0.42583403 0.35776627 0.24281274 0.29098076
 0.14562748 0.19906701 0.2764701  0.14454448 0.2331773  0.16378659
 0.10254303 0.2311976  0.04758367 0.216694   0.000999   0.2762328
 0.000999   0.33942893 0.00245356 0.1422612  0.00126775 0.00209169
 0.07999925]
[2026-06-18 17:03:59,592][feature_based_propensities_for_ULTR.experiments.regression_pipeline][INFO] - Training regression model for DM/DR...
[2026-06-18 17:04:07,128][feature_based_propensities_for_ULTR.experiments.regression_pipeline][INFO] - Regression epoch 3: train_loss=0.220079 val_loss=0.189524
[2026-06-18 17:04:13,606][feature_based_propensities_for_ULTR.experiments.regression_pipeline][INFO] - Regression epoch 6: train_loss=0.207294 val_loss=0.184935
[2026-06-18 17:04:20,056][feature_based_propensities_for_ULTR.experiments.regression_pipeline][INFO] - Regression epoch 9: train_loss=0.211859 val_loss=0.180939
[2026-06-18 17:04:26,509][feature_based_propensities_for_ULTR.experiments.regression_pipeline][INFO] - Regression epoch 12: train_loss=0.202117 val_loss=0.183659
[2026-06-18 17:04:32,425][feature_based_propensities_for_ULTR.experiments.ips_pipeline][INFO] - Computing DR doc weights...
[2026-06-18 17:04:32,452][feature_based_propensities_for_ULTR.experiments.ips_pipeline][INFO] - Doc weights computed in 0.03 seconds
[2026-06-18 17:04:32,462][feature_based_propensities_for_ULTR.experiments.model_pipeline][INFO] - Loading trainer (trainer_type='pl-rank', n_samples=100)...
[2026-06-18 17:04:32,464][feature_based_propensities_for_ULTR.experiments.model_pipeline][INFO] - Trainer loaded in 0.00 seconds
[2026-06-18 17:04:32,464][feature_based_propensities_for_ULTR.experiments.model_pipeline][INFO] - Training model...
[2026-06-18 18:29:51,711][feature_based_propensities_for_ULTR.experiments.ips_pipeline][INFO] - Final evaluation results:
{'metrics': {'CTR': 1.561362385749817,
             'DCG': 2.472022294998169,
             'NCTR': 0.6465350985527039,
             'NDCG': 0.7179464101791382,
             'NDCG@25': 0.7179464101791382,
             'NRCTR': 0.6465350985527039,
             'RCTR': 1.561362385749817}}
[2026-06-18 18:29:51,786][submitit][INFO] - Job completed successfully
[2026-06-18 18:29:51,796][submitit][INFO] - Exiting after successful completion
