[2026-04-15 16:33:59,507][jax._src.xla_bridge][ERROR] - Jax plugin configuration error: Exception when calling jax_plugins.xla_cuda12.initialize()
Traceback (most recent call last):
  File "/gpfs/home5/sfris1/two-towers-confounding-project/.venv/lib/python3.11/site-packages/jax/_src/xla_bridge.py", line 485, in discover_pjrt_plugins
    plugin_module.initialize()
  File "/gpfs/home5/sfris1/two-towers-confounding-project/.venv/lib/python3.11/site-packages/jax_plugins/xla_cuda12/__init__.py", line 328, in initialize
    _check_cuda_versions(raise_on_first_error=True)
  File "/gpfs/home5/sfris1/two-towers-confounding-project/.venv/lib/python3.11/site-packages/jax_plugins/xla_cuda12/__init__.py", line 285, in _check_cuda_versions
    local_device_count = cuda_versions.cuda_device_count()
                         ^^^^^^^^^^^^^^^^^^^^^^^^^^^^^^^^^
RuntimeError: jaxlib/cuda/versions_helpers.cc:113: operation cuInit(0) failed: CUDA_ERROR_NO_DEVICE
[2026-04-15 16:34:00,621][two_tower_confounding.experiments.ips_pipeline][WARNING] - wandb.init failed (Error uploading run: returned error 403: {"data":{"upsertBucket":null},"errors":[{"message":"permission denied","path":["upsertBucket"],"extensions":{"code":"PERMISSION_ERROR"}}]}). Continuing with local logging only.
[2026-04-15 16:34:00,622][two_tower_confounding.experiments.ips_pipeline][WARNING] - Disabling wandb for trainer components because initialization failed.
[2026-04-15 16:34:00,622][two_tower_confounding.experiments.config_resolver][WARNING] - test_clicks=500000 is ignored because test_set_mode='label_only'. Set test_set_mode='clicks' to enable legacy click-based test behavior.
[2026-04-15 16:34:00,628][two_tower_confounding.experiments.data_pipeline][INFO] - Loading or generating click datasets...
[2026-04-15 16:35:02,841][absl][INFO] - orbax-checkpoint version: 0.11.25
[2026-04-15 16:35:02,841][absl][INFO] - Created BasePyTreeCheckpointHandler: use_ocdbt=True, use_zarr3=False, pytree_metadata_options=PyTreeMetadataOptions(support_rich_types=False), array_metadata_store=<orbax.checkpoint._src.metadata.array_metadata_store.Store object at 0x14fea58c0e90>, enable_pinned_host_transfer=False, save_concurrent_bytes: 96000000000 (89.4 GiB), restore_concurrent_bytes: 96000000000 (89.4 GiB)
[2026-04-15 16:35:02,841][absl][INFO] - [thread=MainThread] Failed to get flag value for EXPERIMENTAL_ORBAX_USE_DISTRIBUTED_PROCESS_ID.
[2026-04-15 16:35:02,842][absl][INFO] - [process=0][thread=MainThread] Using barrier_sync_fn: <function get_barrier_sync_fn.<locals>.<lambda> at 0x14fddc604900> timeout: 600 secs and primary_host=0 for async checkpoint writes
[2026-04-15 16:35:02,844][absl][INFO] - Restoring checkpoint from /gpfs/home5/sfris1/ltr_datasets/ips_datasets/logging_policy_c10000_ps1p0_pt0p0_bs1p0_drop0rel0_sessallocv2_candfullv2_topx25_maxdocs200_lprdeep_lpsegreedysampler_lppct10p0.
[2026-04-15 16:35:02,865][absl][INFO] - [process=0] /jax/checkpoint/read/gbytes_per_sec: 0 Bytes/s (total gbytes: 21.4 KiB) (time elapsed: 19 milliseconds) (per-host)
[2026-04-15 16:35:02,865][absl][INFO] - Finished restoring checkpoint in 0.02 seconds from /gpfs/home5/sfris1/ltr_datasets/ips_datasets/logging_policy_c10000_ps1p0_pt0p0_bs1p0_drop0rel0_sessallocv2_candfullv2_topx25_maxdocs200_lprdeep_lpsegreedysampler_lppct10p0.
[2026-04-15 16:35:07,565][two_tower_confounding.experiments.data_pipeline][INFO] - Loaded click datasets in 66.94 seconds (train=7500, val=2500, test=0)
[2026-04-15 16:35:07,565][two_tower_confounding.experiments.data_pipeline][INFO] - Test split is label-only by design; no test click dataset was loaded.
[2026-04-15 16:35:07,565][two_tower_confounding.data.runtime.alignment][INFO] - Applying data cutoff override: configured=25, natural=25, effective=25
[2026-04-15 16:35:07,565][two_tower_confounding.data.runtime.alignment][INFO] - Applying data cutoff override: configured=25, natural=25, effective=25
[2026-04-15 16:35:07,692][two_tower_confounding.data.runtime.aggregation][INFO] - Initializing simulator...
[2026-04-15 16:35:07,693][two_tower_confounding.data.runtime.aggregation][INFO] - Aggregating train dataset...
[2026-04-15 16:35:13,232][two_tower_confounding.data.runtime.aggregation][INFO] - Aggregating validation dataset...
[2026-04-15 16:35:16,535][two_tower_confounding.data.runtime.aggregation][INFO] - Aggregating test dataset from labels only...
[2026-04-15 16:35:17,639][two_tower_confounding.data.runtime.aggregation][INFO] - Aggregation done in 9.95 seconds
[2026-04-15 16:35:17,639][two_tower_confounding.data.runtime.aggregation][INFO] - Session usage after aggregation: requested(train=7500,val=2500), actual(train=7500,val=2500,test=0)
[2026-04-15 16:35:17,639][two_tower_confounding.data.runtime.aggregation][INFO] - Dataset persistence disabled; skipping aggregated dataset cache save.
[2026-04-15 16:35:17,639][two_tower_confounding.experiments.ips_pipeline][INFO] - Test split uses label-only evaluation; raw test click diagnostics are skipped.
[2026-04-15 16:35:17,703][two_tower_confounding.experiments.diagnostics][INFO] - [Data] train_docs=2132810, val_docs=707814, test_docs=708921, cutoff=25
[2026-04-15 16:35:17,790][two_tower_confounding.experiments.diagnostics][INFO] - [Train] clicks=1009, displays=182096, ctr=0.0055, ctr_per_doc=0.0055
[2026-04-15 16:35:17,868][two_tower_confounding.experiments.diagnostics][INFO] - [Validation] clicks=370, displays=60831, ctr=0.0061, ctr_per_doc=0.0061
[2026-04-15 16:35:17,949][two_tower_confounding.experiments.diagnostics][INFO] - [Test] clicks=0, displays=0, ctr=0.0000, ctr_per_doc=0.0000
[2026-04-15 16:35:17,949][two_tower_confounding.experiments.ips_pipeline][INFO] - Running estimator pipeline with model='dm'
[2026-04-15 16:35:17,949][two_tower_confounding.experiments.ips_pipeline][INFO] - Computing position bias (alpha)...
[2026-04-15 16:35:18,015][two_tower_confounding.experiments.propensity_pipeline][INFO] - Computing propensity per doc (method=propensity_mlp_regression)...
[2026-04-15 16:36:05,613][two_tower_confounding.experiments.propensity_pipeline][INFO] - Propensity computed in 47.60 seconds
[2026-04-15 16:36:05,614][two_tower_confounding.experiments.propensity_pipeline][INFO] - Alpha logits: [-0.     -0.6931 -1.0986 -1.3863 -1.6094 -1.7918 -1.9459 -2.0794 -2.1972
 -2.3026 -2.3979 -2.4849 -2.5649 -2.6391 -2.7081 -2.7726 -2.8332 -2.8904
 -2.9444 -2.9957 -3.0445 -3.091  -3.1355 -3.1781 -3.2189]
[2026-04-15 16:36:05,615][two_tower_confounding.experiments.propensity_pipeline][INFO] - Alpha: [0.5    0.3333 0.25   0.2    0.1667 0.1429 0.125  0.1111 0.1    0.0909
 0.0833 0.0769 0.0714 0.0667 0.0625 0.0588 0.0556 0.0526 0.05   0.0476
 0.0455 0.0435 0.0417 0.04   0.0385]
[2026-04-15 16:36:05,616][two_tower_confounding.experiments.propensity_pipeline][INFO] - Propensity clipping disabled.
[2026-04-15 16:36:07,259][two_tower_confounding.experiments.regression_pipeline][INFO] - Training regression model for DM/DR...
[2026-04-15 16:36:34,291][two_tower_confounding.experiments.regression_pipeline][INFO] - Regression epoch 3: train_loss=0.047223 val_loss=0.056120
[2026-04-15 16:37:00,176][two_tower_confounding.experiments.regression_pipeline][INFO] - Regression epoch 6: train_loss=0.044961 val_loss=0.047017
[2026-04-15 16:37:26,108][two_tower_confounding.experiments.regression_pipeline][INFO] - Regression epoch 9: train_loss=0.043612 val_loss=0.049768
[2026-04-15 16:37:32,164][two_tower_confounding.experiments.ips_pipeline][INFO] - Computing DM doc weights...
[2026-04-15 16:37:32,164][two_tower_confounding.experiments.ips_pipeline][INFO] - Doc weights computed in 0.00 seconds
[2026-04-15 16:37:32,172][two_tower_confounding.experiments.model_pipeline][INFO] - Loading trainer (trainer_type='pl-rank', n_samples=100)...
[2026-04-15 16:37:32,174][two_tower_confounding.experiments.model_pipeline][INFO] - Trainer loaded in 0.00 seconds
[2026-04-15 16:37:32,174][two_tower_confounding.experiments.model_pipeline][INFO] - Training model...
[2026-04-15 17:05:03,871][two_tower_confounding.experiments.ips_pipeline][INFO] - Final evaluation results:
{'metrics': {'CTR': 0.7111806273460388,
             'DCG': 1.8800166845321655,
             'NCTR': 0.4719785749912262,
             'NDCG': 0.4901673197746277,
             'NDCG@25': 0.4901673197746277,
             'NRCTR': 0.4719785749912262,
             'RCTR': 0.7111806273460388}}
[2026-04-15 17:05:03,899][submitit][INFO] - Job completed successfully
[2026-04-15 17:05:03,909][submitit][INFO] - Exiting after successful completion
[2026-04-16 16:40:06,185][jax._src.xla_bridge][ERROR] - Jax plugin configuration error: Exception when calling jax_plugins.xla_cuda12.initialize()
Traceback (most recent call last):
  File "/gpfs/home5/sfris1/two-towers-confounding-project/.venv/lib/python3.11/site-packages/jax/_src/xla_bridge.py", line 485, in discover_pjrt_plugins
    plugin_module.initialize()
  File "/gpfs/home5/sfris1/two-towers-confounding-project/.venv/lib/python3.11/site-packages/jax_plugins/xla_cuda12/__init__.py", line 328, in initialize
    _check_cuda_versions(raise_on_first_error=True)
  File "/gpfs/home5/sfris1/two-towers-confounding-project/.venv/lib/python3.11/site-packages/jax_plugins/xla_cuda12/__init__.py", line 285, in _check_cuda_versions
    local_device_count = cuda_versions.cuda_device_count()
                         ^^^^^^^^^^^^^^^^^^^^^^^^^^^^^^^^^
RuntimeError: jaxlib/cuda/versions_helpers.cc:113: operation cuInit(0) failed: CUDA_ERROR_NO_DEVICE
[2026-04-16 16:40:07,199][two_tower_confounding.experiments.ips_pipeline][WARNING] - wandb.init failed (Error uploading run: returned error 403: {"data":{"upsertBucket":null},"errors":[{"message":"permission denied","path":["upsertBucket"],"extensions":{"code":"PERMISSION_ERROR"}}]}). Continuing with local logging only.
[2026-04-16 16:40:07,200][two_tower_confounding.experiments.ips_pipeline][WARNING] - Disabling wandb for trainer components because initialization failed.
[2026-04-16 16:40:07,201][two_tower_confounding.experiments.config_resolver][WARNING] - test_clicks=500000 is ignored because test_set_mode='label_only'. Set test_set_mode='clicks' to enable legacy click-based test behavior.
[2026-04-16 16:40:07,207][two_tower_confounding.experiments.data_pipeline][INFO] - Loading or generating click datasets...
[2026-04-16 16:41:10,605][absl][INFO] - orbax-checkpoint version: 0.11.25
[2026-04-16 16:41:10,724][absl][INFO] - Created BasePyTreeCheckpointHandler: use_ocdbt=True, use_zarr3=False, pytree_metadata_options=PyTreeMetadataOptions(support_rich_types=False), array_metadata_store=<orbax.checkpoint._src.metadata.array_metadata_store.Store object at 0x1498b27e0810>, enable_pinned_host_transfer=False, save_concurrent_bytes: 96000000000 (89.4 GiB), restore_concurrent_bytes: 96000000000 (89.4 GiB)
[2026-04-16 16:41:10,724][absl][INFO] - [thread=MainThread] Failed to get flag value for EXPERIMENTAL_ORBAX_USE_DISTRIBUTED_PROCESS_ID.
[2026-04-16 16:41:10,724][absl][INFO] - [process=0][thread=MainThread] Using barrier_sync_fn: <function get_barrier_sync_fn.<locals>.<lambda> at 0x14975dbe05e0> timeout: 600 secs and primary_host=0 for async checkpoint writes
[2026-04-16 16:41:10,727][absl][INFO] - Restoring checkpoint from /gpfs/home5/sfris1/ltr_datasets/ips_datasets/logging_policy_c10000_ps1p0_pt0p0_bs1p0_drop0rel0_sessallocv2_candfullv2_topx25_maxdocs200_lprdeep_lpsegreedysampler_lppct10p0.
[2026-04-16 16:41:10,747][absl][INFO] - [process=0] /jax/checkpoint/read/gbytes_per_sec: 0 Bytes/s (total gbytes: 21.4 KiB) (time elapsed: 19 milliseconds) (per-host)
[2026-04-16 16:41:10,748][absl][INFO] - Finished restoring checkpoint in 0.02 seconds from /gpfs/home5/sfris1/ltr_datasets/ips_datasets/logging_policy_c10000_ps1p0_pt0p0_bs1p0_drop0rel0_sessallocv2_candfullv2_topx25_maxdocs200_lprdeep_lpsegreedysampler_lppct10p0.
[2026-04-16 16:41:15,409][two_tower_confounding.experiments.data_pipeline][INFO] - Loaded click datasets in 68.20 seconds (train=7500, val=2500, test=0)
[2026-04-16 16:41:15,413][two_tower_confounding.experiments.data_pipeline][INFO] - Test split is label-only by design; no test click dataset was loaded.
[2026-04-16 16:41:15,413][two_tower_confounding.data.runtime.alignment][INFO] - Applying data cutoff override: configured=25, natural=25, effective=25
[2026-04-16 16:41:15,414][two_tower_confounding.data.runtime.alignment][INFO] - Applying data cutoff override: configured=25, natural=25, effective=25
[2026-04-16 16:41:15,547][two_tower_confounding.data.runtime.aggregation][INFO] - Initializing simulator...
[2026-04-16 16:41:15,548][two_tower_confounding.data.runtime.aggregation][INFO] - Aggregating train dataset...
[2026-04-16 16:41:20,783][two_tower_confounding.data.runtime.aggregation][INFO] - Aggregating validation dataset...
[2026-04-16 16:41:24,093][two_tower_confounding.data.runtime.aggregation][INFO] - Aggregating test dataset from labels only...
[2026-04-16 16:41:25,197][two_tower_confounding.data.runtime.aggregation][INFO] - Aggregation done in 9.65 seconds
[2026-04-16 16:41:25,198][two_tower_confounding.data.runtime.aggregation][INFO] - Session usage after aggregation: requested(train=7500,val=2500), actual(train=7500,val=2500,test=0)
[2026-04-16 16:41:25,198][two_tower_confounding.data.runtime.aggregation][INFO] - Dataset persistence disabled; skipping aggregated dataset cache save.
[2026-04-16 16:41:25,199][two_tower_confounding.experiments.ips_pipeline][INFO] - Test split uses label-only evaluation; raw test click diagnostics are skipped.
[2026-04-16 16:41:25,266][two_tower_confounding.experiments.diagnostics][INFO] - [Data] train_docs=2132810, val_docs=707814, test_docs=708921, cutoff=25
[2026-04-16 16:41:25,355][two_tower_confounding.experiments.diagnostics][INFO] - [Train] clicks=1009, displays=182096, ctr=0.0055, ctr_per_doc=0.0055
[2026-04-16 16:41:25,433][two_tower_confounding.experiments.diagnostics][INFO] - [Validation] clicks=370, displays=60831, ctr=0.0061, ctr_per_doc=0.0061
[2026-04-16 16:41:25,508][two_tower_confounding.experiments.diagnostics][INFO] - [Test] clicks=0, displays=0, ctr=0.0000, ctr_per_doc=0.0000
[2026-04-16 16:41:25,508][two_tower_confounding.experiments.ips_pipeline][INFO] - Running estimator pipeline with model='dm'
[2026-04-16 16:41:25,508][two_tower_confounding.experiments.ips_pipeline][INFO] - Computing position bias (alpha)...
[2026-04-16 16:41:25,573][two_tower_confounding.experiments.propensity_pipeline][INFO] - Computing propensity per doc (method=propensity_mlp_regression)...
[2026-04-16 16:42:22,648][two_tower_confounding.experiments.propensity_pipeline][INFO] - Propensity computed in 57.08 seconds
[2026-04-16 16:42:22,653][two_tower_confounding.experiments.propensity_pipeline][INFO] - Alpha logits: [-0.     -0.6931 -1.0986 -1.3863 -1.6094 -1.7918 -1.9459 -2.0794 -2.1972
 -2.3026 -2.3979 -2.4849 -2.5649 -2.6391 -2.7081 -2.7726 -2.8332 -2.8904
 -2.9444 -2.9957 -3.0445 -3.091  -3.1355 -3.1781 -3.2189]
[2026-04-16 16:42:22,654][two_tower_confounding.experiments.propensity_pipeline][INFO] - Alpha: [0.5    0.3333 0.25   0.2    0.1667 0.1429 0.125  0.1111 0.1    0.0909
 0.0833 0.0769 0.0714 0.0667 0.0625 0.0588 0.0556 0.0526 0.05   0.0476
 0.0455 0.0435 0.0417 0.04   0.0385]
[2026-04-16 16:42:22,655][two_tower_confounding.experiments.propensity_pipeline][INFO] - Propensity clipping disabled.
[2026-04-16 16:42:24,413][two_tower_confounding.experiments.regression_pipeline][INFO] - Training regression model for DM/DR...
[2026-04-16 16:42:52,047][two_tower_confounding.experiments.regression_pipeline][INFO] - Regression epoch 3: train_loss=0.047825 val_loss=0.055675
[2026-04-16 16:43:18,180][two_tower_confounding.experiments.regression_pipeline][INFO] - Regression epoch 6: train_loss=0.045697 val_loss=0.048201
[2026-04-16 16:43:44,205][two_tower_confounding.experiments.regression_pipeline][INFO] - Regression epoch 9: train_loss=0.044695 val_loss=0.050965
[2026-04-16 16:43:50,428][two_tower_confounding.experiments.ips_pipeline][INFO] - Computing DM doc weights...
[2026-04-16 16:43:50,428][two_tower_confounding.experiments.ips_pipeline][INFO] - Doc weights computed in 0.00 seconds
[2026-04-16 16:43:50,437][two_tower_confounding.experiments.model_pipeline][INFO] - Loading trainer (trainer_type='pl-rank', n_samples=100)...
[2026-04-16 16:43:50,439][two_tower_confounding.experiments.model_pipeline][INFO] - Trainer loaded in 0.00 seconds
[2026-04-16 16:43:50,439][two_tower_confounding.experiments.model_pipeline][INFO] - Training model...
[2026-04-16 17:23:05,831][two_tower_confounding.experiments.ips_pipeline][INFO] - Final evaluation results:
{'metrics': {'CTR': 0.7074406147003174,
             'DCG': 1.8699878454208374,
             'NCTR': 0.47021329402923584,
             'NDCG': 0.4881136417388916,
             'NDCG@25': 0.4881136417388916,
             'NRCTR': 0.47021329402923584,
             'RCTR': 0.7074406147003174}}
[2026-04-16 17:23:05,860][submitit][INFO] - Job completed successfully
[2026-04-16 17:23:05,871][submitit][INFO] - Exiting after successful completion
