[2026-03-19 02:50:52,449][jax._src.xla_bridge][ERROR] - Jax plugin configuration error: Exception when calling jax_plugins.xla_cuda12.initialize()
Traceback (most recent call last):
  File "/gpfs/home5/sfris1/two-towers-confounding-project/.venv/lib/python3.11/site-packages/jax/_src/xla_bridge.py", line 485, in discover_pjrt_plugins
    plugin_module.initialize()
  File "/gpfs/home5/sfris1/two-towers-confounding-project/.venv/lib/python3.11/site-packages/jax_plugins/xla_cuda12/__init__.py", line 328, in initialize
    _check_cuda_versions(raise_on_first_error=True)
  File "/gpfs/home5/sfris1/two-towers-confounding-project/.venv/lib/python3.11/site-packages/jax_plugins/xla_cuda12/__init__.py", line 285, in _check_cuda_versions
    local_device_count = cuda_versions.cuda_device_count()
                         ^^^^^^^^^^^^^^^^^^^^^^^^^^^^^^^^^
RuntimeError: jaxlib/cuda/versions_helpers.cc:113: operation cuInit(0) failed: CUDA_ERROR_NO_DEVICE
[2026-03-19 02:50:53,555][two_tower_confounding.experiments.ips_pipeline][WARNING] - wandb.init failed (Error uploading run: returned error 403: {"data":{"upsertBucket":null},"errors":[{"message":"permission denied","path":["upsertBucket"],"extensions":{"code":"PERMISSION_ERROR"}}]}). Continuing with local logging only.
[2026-03-19 02:50:53,555][two_tower_confounding.experiments.ips_pipeline][WARNING] - Disabling wandb for trainer components because initialization failed.
[2026-03-19 02:50:53,556][two_tower_confounding.experiments.config_resolver][WARNING] - test_clicks=500000 is ignored because test_set_mode='label_only'. Set test_set_mode='clicks' to enable legacy click-based test behavior.
[2026-03-19 02:50:53,562][two_tower_confounding.experiments.data_pipeline][INFO] - Loading or generating click datasets...
[2026-03-19 02:51:57,815][absl][INFO] - orbax-checkpoint version: 0.11.25
[2026-03-19 02:51:57,815][absl][INFO] - Created BasePyTreeCheckpointHandler: use_ocdbt=True, use_zarr3=False, pytree_metadata_options=PyTreeMetadataOptions(support_rich_types=False), array_metadata_store=<orbax.checkpoint._src.metadata.array_metadata_store.Store object at 0x14b4c42c0210>, enable_pinned_host_transfer=False, save_concurrent_bytes: 96000000000 (89.4 GiB), restore_concurrent_bytes: 96000000000 (89.4 GiB)
[2026-03-19 02:51:57,816][absl][INFO] - [thread=MainThread] Failed to get flag value for EXPERIMENTAL_ORBAX_USE_DISTRIBUTED_PROCESS_ID.
[2026-03-19 02:51:57,816][absl][INFO] - [process=0][thread=MainThread] Using barrier_sync_fn: <function get_barrier_sync_fn.<locals>.<lambda> at 0x14b2e2abf880> timeout: 600 secs and primary_host=0 for async checkpoint writes
[2026-03-19 02:51:57,819][absl][INFO] - Restoring checkpoint from /gpfs/home5/sfris1/ltr_datasets/ips_datasets/logging_policy_c1000000_ps1p0_pt0p5_bs1p0_drop0rel0_sessallocv2_candfullv2_topx25_maxdocs200_lprdeep_lpsegreedysampler_lppct10p0.
[2026-03-19 02:51:57,841][absl][INFO] - [process=0] /jax/checkpoint/read/gbytes_per_sec: 0 Bytes/s (total gbytes: 21.4 KiB) (time elapsed: 21 milliseconds) (per-host)
[2026-03-19 02:51:57,842][absl][INFO] - Finished restoring checkpoint in 0.02 seconds from /gpfs/home5/sfris1/ltr_datasets/ips_datasets/logging_policy_c1000000_ps1p0_pt0p5_bs1p0_drop0rel0_sessallocv2_candfullv2_topx25_maxdocs200_lprdeep_lpsegreedysampler_lppct10p0.
[2026-03-19 02:53:33,499][two_tower_confounding.experiments.data_pipeline][INFO] - Loaded click datasets in 159.94 seconds (train=750009, val=249991, test=0)
[2026-03-19 02:53:33,500][two_tower_confounding.experiments.data_pipeline][INFO] - Test split is label-only by design; no test click dataset was loaded.
[2026-03-19 02:53:33,500][two_tower_confounding.data.runtime.aggregation][INFO] - Applying data cutoff override: configured=25, natural=25, effective=25
[2026-03-19 02:53:33,632][two_tower_confounding.data.runtime.aggregation][INFO] - Initializing simulator...
[2026-03-19 02:53:33,633][two_tower_confounding.data.runtime.aggregation][INFO] - Aggregating train dataset...
[2026-03-19 02:53:41,940][two_tower_confounding.data.runtime.aggregation][INFO] - Aggregating validation dataset...
[2026-03-19 02:53:46,246][two_tower_confounding.data.runtime.aggregation][INFO] - Aggregating test dataset from labels only...
[2026-03-19 02:53:47,540][two_tower_confounding.data.runtime.aggregation][INFO] - Aggregation done in 13.91 seconds
[2026-03-19 02:53:47,540][two_tower_confounding.data.runtime.aggregation][INFO] - Session usage after aggregation: requested(train=750009,val=249991), actual(train=750009,val=249991,test=0)
[2026-03-19 02:53:47,540][two_tower_confounding.data.runtime.aggregation][INFO] - Dataset persistence disabled; skipping aggregated dataset cache save.
[2026-03-19 02:53:47,541][two_tower_confounding.experiments.ips_pipeline][INFO] - Test split uses label-only evaluation; raw test click diagnostics are skipped.
[2026-03-19 02:53:47,600][two_tower_confounding.experiments.diagnostics][INFO] - [Data] train_docs=2132810, val_docs=707814, test_docs=708921, cutoff=25
[2026-03-19 02:53:47,685][two_tower_confounding.experiments.diagnostics][INFO] - [Train] clicks=80847, displays=18232450, ctr=0.0044, ctr_per_doc=0.0044
[2026-03-19 02:53:47,759][two_tower_confounding.experiments.diagnostics][INFO] - [Validation] clicks=27221, displays=6081219, ctr=0.0045, ctr_per_doc=0.0045
[2026-03-19 02:53:47,833][two_tower_confounding.experiments.diagnostics][INFO] - [Test] clicks=0, displays=0, ctr=0.0000, ctr_per_doc=0.0000
[2026-03-19 02:53:47,833][two_tower_confounding.experiments.ips_pipeline][INFO] - Running estimator pipeline with model='dm'
[2026-03-19 02:53:47,833][two_tower_confounding.experiments.ips_pipeline][INFO] - Computing position bias (alpha)...
[2026-03-19 02:53:47,896][two_tower_confounding.experiments.propensity_pipeline][INFO] - Computing propensity per doc (method=true_propensity)...
[2026-03-19 03:37:28,999][two_tower_confounding.experiments.propensity_pipeline][INFO] - Propensity computed in 2621.10 seconds
[2026-03-19 03:37:29,000][two_tower_confounding.experiments.propensity_pipeline][INFO] - Alpha logits: [-0.        -0.6931472 -1.0986123 -1.3862944 -1.609438  -1.7917595
 -1.9459101 -2.0794415 -2.1972246 -2.3025851 -2.3978953 -2.4849067
 -2.5649493 -2.6390574 -2.7080503 -2.7725887 -2.8332133 -2.8903718
 -2.944439  -2.9957323 -3.0445225 -3.0910425 -3.1354942 -3.1780539
 -3.218876 ]
[2026-03-19 03:37:29,003][two_tower_confounding.experiments.propensity_pipeline][INFO] - Alpha: [0.5        0.33333334 0.25       0.2        0.16666667 0.14285715
 0.12500001 0.11111111 0.1        0.09090909 0.08333333 0.07692308
 0.07142857 0.06666666 0.0625     0.05882353 0.05555556 0.05263158
 0.05       0.04761905 0.04545454 0.04347826 0.04166667 0.04
 0.03846154]
[2026-03-19 03:37:29,004][two_tower_confounding.experiments.propensity_pipeline][INFO] - Propensity clipping disabled.
[2026-03-19 03:37:31,762][two_tower_confounding.experiments.regression_pipeline][INFO] - Training regression model for DM/DR...
[2026-03-19 03:40:07,377][two_tower_confounding.experiments.regression_pipeline][INFO] - Regression epoch 3: train_loss=0.133936 val_loss=0.133194
[2026-03-19 03:42:35,399][two_tower_confounding.experiments.regression_pipeline][INFO] - Regression epoch 6: train_loss=0.132944 val_loss=0.133093
[2026-03-19 03:42:44,239][two_tower_confounding.experiments.ips_pipeline][INFO] - Computing DM doc weights...
[2026-03-19 03:42:44,239][two_tower_confounding.experiments.ips_pipeline][INFO] - Doc weights computed in 0.00 seconds
[2026-03-19 03:42:44,249][two_tower_confounding.experiments.model_pipeline][INFO] - Loading trainer (trainer_type='pl-rank', n_samples=100)...
[2026-03-19 03:42:44,251][two_tower_confounding.experiments.model_pipeline][INFO] - Trainer loaded in 0.00 seconds
[2026-03-19 03:42:44,251][two_tower_confounding.experiments.model_pipeline][INFO] - Training model...
[2026-03-19 04:09:25,338][two_tower_confounding.experiments.ips_pipeline][INFO] - Final evaluation results:
{'metrics': {'CTR': 0.6852014660835266,
             'DCG': 1.8253371715545654,
             'NCTR': 0.4520232081413269,
             'NDCG': 0.4733319580554962,
             'NDCG@25': 0.4733319580554962,
             'NRCTR': 0.4520232081413269,
             'RCTR': 0.6852014660835266}}
[2026-03-19 04:09:25,725][submitit][INFO] - Job completed successfully
[2026-03-19 04:09:25,735][submitit][INFO] - Exiting after successful completion
