[2026-05-05 10:55:33,853][two_tower_confounding.experiments.config_resolver][WARNING] - test_clicks=500000 is ignored because test_set_mode='label_only'. Set test_set_mode='clicks' to enable legacy click-based test behavior.
[2026-05-05 10:55:33,859][two_tower_confounding.experiments.data_pipeline][INFO] - Loading or generating click datasets...
[2026-05-05 10:57:06,571][absl][INFO] - orbax-checkpoint version: 0.11.37
[2026-05-05 10:57:06,572][absl][INFO] - save_device_host_concurrent_bytes=None
[2026-05-05 10:57:06,572][absl][INFO] - Created BasePyTreeCheckpointHandler: use_ocdbt=True, use_zarr3=False, pytree_metadata_options=PyTreeMetadataOptions(support_rich_types=False), array_metadata_store=<orbax.checkpoint._src.metadata.array_metadata_store.Store object at 0x154cc99dc450>, enable_pinned_host_transfer=False, save_concurrent_bytes: 96000000000 (89.4 GiB), restore_concurrent_bytes: 96000000000 (89.4 GiB)
[2026-05-05 10:57:06,572][absl][INFO] - [thread=MainThread] Failed to get flag value for EXPERIMENTAL_ORBAX_USE_DISTRIBUTED_PROCESS_ID.
[2026-05-05 10:57:06,572][absl][INFO] - [process=0][thread=MainThread] Using barrier_sync_fn: <function get_barrier_sync_fn.<locals>.<lambda> at 0x154c2dd718a0> timeout: 1200 secs and primary_host=0 for async checkpoint writes
[2026-05-05 10:57:06,572][absl][INFO] - [process=0] [sync] Started load checkpoint @ /gpfs/home5/sfris1/ltr_datasets/ips_datasets/istella_logging_policy_c10000_ps1p0_pt0p5_bs1p0_drop0rel0_sessallocv2_candfullv2_topx25_maxdocs200_lprdeep_lpsegreedysampler_lppct10p0.
[2026-05-05 10:57:06,574][absl][INFO] - Restoring checkpoint from /gpfs/home5/sfris1/ltr_datasets/ips_datasets/istella_logging_policy_c10000_ps1p0_pt0p5_bs1p0_drop0rel0_sessallocv2_candfullv2_topx25_maxdocs200_lprdeep_lpsegreedysampler_lppct10p0.
[2026-05-05 10:57:06,575][absl][INFO] - [process=0] [sync] Finished blocking load in 0.00 seconds. Continuing load @ /gpfs/home5/sfris1/ltr_datasets/ips_datasets/istella_logging_policy_c10000_ps1p0_pt0p5_bs1p0_drop0rel0_sessallocv2_candfullv2_topx25_maxdocs200_lprdeep_lpsegreedysampler_lppct10p0.
[2026-05-05 10:57:06,590][absl][INFO] - [process=0] /jax/orbax/read/worker/io/requested throughput: 2.875 MiB/s (total gbytes: 31.6 KiB) (time elapsed: 0.0107421875 s) (per-host)
[2026-05-05 10:57:06,592][absl][INFO] - [process=0] /jax/checkpoint/read/gbytes_per_sec: 1.898 MiB/s (total gbytes: 31.6 KiB) (time elapsed: 0.016271352767944336 s) (per-host)
[2026-05-05 10:57:06,592][absl][INFO] - [process=0] [sync] Finished load in 0.02 seconds @ /gpfs/home5/sfris1/ltr_datasets/ips_datasets/istella_logging_policy_c10000_ps1p0_pt0p5_bs1p0_drop0rel0_sessallocv2_candfullv2_topx25_maxdocs200_lprdeep_lpsegreedysampler_lppct10p0
[2026-05-05 10:57:11,792][two_tower_confounding.experiments.data_pipeline][INFO] - Loaded click datasets in 97.93 seconds (train=7274, val=2726, test=0)
[2026-05-05 10:57:11,792][two_tower_confounding.experiments.data_pipeline][INFO] - Test split is label-only by design; no test click dataset was loaded.
[2026-05-05 10:57:11,792][two_tower_confounding.data.runtime.alignment][INFO] - Applying data cutoff override: configured=25, natural=25, effective=25
[2026-05-05 10:57:11,792][two_tower_confounding.data.runtime.alignment][INFO] - Applying data cutoff override: configured=25, natural=25, effective=25
[2026-05-05 10:57:11,884][two_tower_confounding.data.runtime.aggregation][INFO] - Initializing simulator...
[2026-05-05 10:57:11,885][two_tower_confounding.data.runtime.aggregation][INFO] - Aggregating train dataset...
[2026-05-05 10:57:18,100][two_tower_confounding.data.runtime.aggregation][INFO] - Aggregating validation dataset...
[2026-05-05 10:57:21,440][two_tower_confounding.data.runtime.aggregation][INFO] - Aggregating test dataset from labels only...
[2026-05-05 10:57:22,854][two_tower_confounding.data.runtime.aggregation][INFO] - Aggregation done in 10.97 seconds
[2026-05-05 10:57:22,855][two_tower_confounding.data.runtime.aggregation][INFO] - Session usage after aggregation: requested(train=7274,val=2726), actual(train=7274,val=2726,test=0)
[2026-05-05 10:57:22,855][two_tower_confounding.data.runtime.aggregation][INFO] - Dataset persistence disabled; skipping aggregated dataset cache save.
[2026-05-05 10:57:22,855][two_tower_confounding.experiments.ips_pipeline][INFO] - Test split uses label-only evaluation; raw test click diagnostics are skipped.
[2026-05-05 10:57:22,908][two_tower_confounding.experiments.diagnostics][INFO] - [Data] train_docs=2043304, val_docs=684076, test_docs=681250, cutoff=25
[2026-05-05 10:57:23,005][two_tower_confounding.experiments.diagnostics][INFO] - [Train] clicks=1602, displays=181084, ctr=0.0088, ctr_per_doc=0.0088
[2026-05-05 10:57:23,095][two_tower_confounding.experiments.diagnostics][INFO] - [Validation] clicks=588, displays=67606, ctr=0.0087, ctr_per_doc=0.0087
[2026-05-05 10:57:23,185][two_tower_confounding.experiments.diagnostics][INFO] - [Test] clicks=0, displays=0, ctr=0.0000, ctr_per_doc=0.0000
[2026-05-05 10:57:23,185][two_tower_confounding.experiments.ips_pipeline][INFO] - Running estimator pipeline with model='dr'
[2026-05-05 10:57:23,185][two_tower_confounding.experiments.ips_pipeline][INFO] - Computing position bias (alpha)...
[2026-05-05 10:57:23,192][two_tower_confounding.experiments.ips_pipeline][INFO] - Loaded CSV position bias from /gpfs/home5/sfris1/Doubly-Robust-Optimization-With-Two-Tower-Models/results/position_bias_csv_smoke.csv (method=pivot_one): [ 0.        -0.6931472  0.         0.6931472 -6.9077554 -6.9077554
 -6.9077554 -6.9077554 -6.9077554 -6.9077554 -6.9077554 -6.9077554
 -6.9077554 -6.9077554 -6.9077554 -6.9077554 -6.9077554 -6.9077554
 -6.9077554 -6.9077554 -6.9077554 -6.9077554 -6.9077554 -6.9077554
 -6.9077554]
[2026-05-05 10:57:23,193][two_tower_confounding.experiments.propensity_pipeline][INFO] - Computing propensity per doc (method=propensity_mlp_regression)...
[2026-05-05 10:58:13,346][two_tower_confounding.experiments.propensity_pipeline][INFO] - Propensity computed in 50.15 seconds
[2026-05-05 10:58:13,346][two_tower_confounding.experiments.propensity_pipeline][INFO] - Alpha logits: [ 0.     -0.6931  0.      0.6931 -6.9078 -6.9078 -6.9078 -6.9078 -6.9078
 -6.9078 -6.9078 -6.9078 -6.9078 -6.9078 -6.9078 -6.9078 -6.9078 -6.9078
 -6.9078 -6.9078 -6.9078 -6.9078 -6.9078 -6.9078 -6.9078]
[2026-05-05 10:58:13,347][two_tower_confounding.experiments.propensity_pipeline][INFO] - Alpha: [0.5    0.3333 0.5    0.6667 0.001  0.001  0.001  0.001  0.001  0.001
 0.001  0.001  0.001  0.001  0.001  0.001  0.001  0.001  0.001  0.001
 0.001  0.001  0.001  0.001  0.001 ]
[2026-05-05 10:58:13,348][two_tower_confounding.experiments.propensity_pipeline][INFO] - Propensity clipping disabled.
[2026-05-05 10:58:13,348][two_tower_confounding.experiments.propensity_pipeline][INFO] - Computing propensity per doc (method=frequency_based)...
[2026-05-05 10:58:40,345][two_tower_confounding.experiments.propensity_pipeline][INFO] - Propensity computed in 27.00 seconds
[2026-05-05 10:58:40,346][two_tower_confounding.experiments.propensity_pipeline][INFO] - Alpha logits: [ 0.     -0.6931  0.      0.6931 -6.9078 -6.9078 -6.9078 -6.9078 -6.9078
 -6.9078 -6.9078 -6.9078 -6.9078 -6.9078 -6.9078 -6.9078 -6.9078 -6.9078
 -6.9078 -6.9078 -6.9078 -6.9078 -6.9078 -6.9078 -6.9078]
[2026-05-05 10:58:40,346][two_tower_confounding.experiments.propensity_pipeline][INFO] - Alpha: [0.5    0.3333 0.5    0.6667 0.001  0.001  0.001  0.001  0.001  0.001
 0.001  0.001  0.001  0.001  0.001  0.001  0.001  0.001  0.001  0.001
 0.001  0.001  0.001  0.001  0.001 ]
[2026-05-05 10:58:41,754][two_tower_confounding.experiments.regression_pipeline][INFO] - Training regression model for DM/DR...
[2026-05-05 10:59:08,390][two_tower_confounding.experiments.regression_pipeline][INFO] - Regression epoch 3: train_loss=-0.944694 val_loss=-1.279238
[2026-05-05 10:59:33,900][two_tower_confounding.experiments.regression_pipeline][INFO] - Regression epoch 6: train_loss=-1.164215 val_loss=-1.209144
[2026-05-05 10:59:40,093][two_tower_confounding.experiments.ips_pipeline][INFO] - Computing DR doc weights...
[2026-05-05 10:59:40,121][two_tower_confounding.experiments.ips_pipeline][INFO] - Doc weights computed in 0.03 seconds
[2026-05-05 10:59:40,132][two_tower_confounding.experiments.model_pipeline][INFO] - Loading trainer (trainer_type='pl-rank', n_samples=100)...
[2026-05-05 10:59:40,134][two_tower_confounding.experiments.model_pipeline][INFO] - Trainer loaded in 0.00 seconds
[2026-05-05 10:59:40,134][two_tower_confounding.experiments.model_pipeline][INFO] - Training model...
[2026-05-05 11:44:17,446][two_tower_confounding.experiments.ips_pipeline][INFO] - Final evaluation results:
{'metrics': {'CTR': 0.013209226541221142,
             'DCG': 0.08898942917585373,
             'NCTR': 0.008168361149728298,
             'NDCG': 0.032157376408576965,
             'NDCG@25': 0.032157376408576965,
             'NRCTR': 0.008168361149728298,
             'RCTR': 0.013209226541221142}}
[2026-05-05 11:44:17,481][submitit][INFO] - Job completed successfully
[2026-05-05 11:44:17,491][submitit][INFO] - Exiting after successful completion
