[2026-04-15 16:39:48,391][jax._src.xla_bridge][ERROR] - Jax plugin configuration error: Exception when calling jax_plugins.xla_cuda12.initialize()
Traceback (most recent call last):
  File "/gpfs/home5/sfris1/two-towers-confounding-project/.venv/lib/python3.11/site-packages/jax/_src/xla_bridge.py", line 485, in discover_pjrt_plugins
    plugin_module.initialize()
  File "/gpfs/home5/sfris1/two-towers-confounding-project/.venv/lib/python3.11/site-packages/jax_plugins/xla_cuda12/__init__.py", line 328, in initialize
    _check_cuda_versions(raise_on_first_error=True)
  File "/gpfs/home5/sfris1/two-towers-confounding-project/.venv/lib/python3.11/site-packages/jax_plugins/xla_cuda12/__init__.py", line 285, in _check_cuda_versions
    local_device_count = cuda_versions.cuda_device_count()
                         ^^^^^^^^^^^^^^^^^^^^^^^^^^^^^^^^^
RuntimeError: jaxlib/cuda/versions_helpers.cc:113: operation cuInit(0) failed: CUDA_ERROR_NO_DEVICE
[2026-04-15 16:39:49,547][two_tower_confounding.experiments.ips_pipeline][WARNING] - wandb.init failed (Error uploading run: returned error 403: {"data":{"upsertBucket":null},"errors":[{"message":"permission denied","path":["upsertBucket"],"extensions":{"code":"PERMISSION_ERROR"}}]}). Continuing with local logging only.
[2026-04-15 16:39:49,548][two_tower_confounding.experiments.ips_pipeline][WARNING] - Disabling wandb for trainer components because initialization failed.
[2026-04-15 16:39:49,548][two_tower_confounding.experiments.config_resolver][WARNING] - test_clicks=500000 is ignored because test_set_mode='label_only'. Set test_set_mode='clicks' to enable legacy click-based test behavior.
[2026-04-15 16:39:49,555][two_tower_confounding.experiments.data_pipeline][INFO] - Loading or generating click datasets...
[2026-04-15 16:40:51,945][absl][INFO] - orbax-checkpoint version: 0.11.25
[2026-04-15 16:40:51,945][absl][INFO] - Created BasePyTreeCheckpointHandler: use_ocdbt=True, use_zarr3=False, pytree_metadata_options=PyTreeMetadataOptions(support_rich_types=False), array_metadata_store=<orbax.checkpoint._src.metadata.array_metadata_store.Store object at 0x146e736b9e50>, enable_pinned_host_transfer=False, save_concurrent_bytes: 96000000000 (89.4 GiB), restore_concurrent_bytes: 96000000000 (89.4 GiB)
[2026-04-15 16:40:51,945][absl][INFO] - [thread=MainThread] Failed to get flag value for EXPERIMENTAL_ORBAX_USE_DISTRIBUTED_PROCESS_ID.
[2026-04-15 16:40:51,946][absl][INFO] - [process=0][thread=MainThread] Using barrier_sync_fn: <function get_barrier_sync_fn.<locals>.<lambda> at 0x146da7540900> timeout: 600 secs and primary_host=0 for async checkpoint writes
[2026-04-15 16:40:51,948][absl][INFO] - Restoring checkpoint from /gpfs/home5/sfris1/ltr_datasets/ips_datasets/logging_policy_c10000_ps1p0_pt0p0_bs1p0_drop0rel0_sessallocv2_candfullv2_topx25_maxdocs200_lprdeep_lpsegreedysampler_lppct10p0.
[2026-04-15 16:40:51,969][absl][INFO] - [process=0] /jax/checkpoint/read/gbytes_per_sec: 0 Bytes/s (total gbytes: 21.4 KiB) (time elapsed: 19 milliseconds) (per-host)
[2026-04-15 16:40:51,969][absl][INFO] - Finished restoring checkpoint in 0.02 seconds from /gpfs/home5/sfris1/ltr_datasets/ips_datasets/logging_policy_c10000_ps1p0_pt0p0_bs1p0_drop0rel0_sessallocv2_candfullv2_topx25_maxdocs200_lprdeep_lpsegreedysampler_lppct10p0.
[2026-04-15 16:40:56,597][two_tower_confounding.experiments.data_pipeline][INFO] - Loaded click datasets in 67.04 seconds (train=7500, val=2500, test=0)
[2026-04-15 16:40:56,597][two_tower_confounding.experiments.data_pipeline][INFO] - Test split is label-only by design; no test click dataset was loaded.
[2026-04-15 16:40:56,597][two_tower_confounding.data.runtime.alignment][INFO] - Applying data cutoff override: configured=25, natural=25, effective=25
[2026-04-15 16:40:56,598][two_tower_confounding.data.runtime.alignment][INFO] - Applying data cutoff override: configured=25, natural=25, effective=25
[2026-04-15 16:40:56,720][two_tower_confounding.data.runtime.aggregation][INFO] - Initializing simulator...
[2026-04-15 16:40:56,721][two_tower_confounding.data.runtime.aggregation][INFO] - Aggregating train dataset...
[2026-04-15 16:41:02,055][two_tower_confounding.data.runtime.aggregation][INFO] - Aggregating validation dataset...
[2026-04-15 16:41:05,215][two_tower_confounding.data.runtime.aggregation][INFO] - Aggregating test dataset from labels only...
[2026-04-15 16:41:06,192][two_tower_confounding.data.runtime.aggregation][INFO] - Aggregation done in 9.47 seconds
[2026-04-15 16:41:06,192][two_tower_confounding.data.runtime.aggregation][INFO] - Session usage after aggregation: requested(train=7500,val=2500), actual(train=7500,val=2500,test=0)
[2026-04-15 16:41:06,192][two_tower_confounding.data.runtime.aggregation][INFO] - Dataset persistence disabled; skipping aggregated dataset cache save.
[2026-04-15 16:41:06,192][two_tower_confounding.experiments.ips_pipeline][INFO] - Test split uses label-only evaluation; raw test click diagnostics are skipped.
[2026-04-15 16:41:06,247][two_tower_confounding.experiments.diagnostics][INFO] - [Data] train_docs=2132810, val_docs=707814, test_docs=708921, cutoff=25
[2026-04-15 16:41:06,330][two_tower_confounding.experiments.diagnostics][INFO] - [Train] clicks=1009, displays=182096, ctr=0.0055, ctr_per_doc=0.0055
[2026-04-15 16:41:06,401][two_tower_confounding.experiments.diagnostics][INFO] - [Validation] clicks=370, displays=60831, ctr=0.0061, ctr_per_doc=0.0061
[2026-04-15 16:41:06,473][two_tower_confounding.experiments.diagnostics][INFO] - [Test] clicks=0, displays=0, ctr=0.0000, ctr_per_doc=0.0000
[2026-04-15 16:41:06,473][two_tower_confounding.experiments.ips_pipeline][INFO] - Running estimator pipeline with model='dr'
[2026-04-15 16:41:06,473][two_tower_confounding.experiments.ips_pipeline][INFO] - Computing position bias (alpha)...
[2026-04-15 16:41:06,534][two_tower_confounding.experiments.propensity_pipeline][INFO] - Computing propensity per doc (method=true_propensity)...
[2026-04-15 16:41:35,013][two_tower_confounding.experiments.propensity_pipeline][INFO] - Propensity computed in 28.48 seconds
[2026-04-15 16:41:35,014][two_tower_confounding.experiments.propensity_pipeline][INFO] - Alpha logits: [-0.        -0.6931472 -1.0986123 -1.3862944 -1.609438  -1.7917595
 -1.9459101 -2.0794415 -2.1972246 -2.3025851 -2.3978953 -2.4849067
 -2.5649493 -2.6390574 -2.7080503 -2.7725887 -2.8332133 -2.8903718
 -2.944439  -2.9957323 -3.0445225 -3.0910425 -3.1354942 -3.1780539
 -3.218876 ]
[2026-04-15 16:41:35,015][two_tower_confounding.experiments.propensity_pipeline][INFO] - Alpha: [0.5        0.33333334 0.25       0.2        0.16666667 0.14285715
 0.12500001 0.11111111 0.1        0.09090909 0.08333333 0.07692308
 0.07142857 0.06666666 0.0625     0.05882353 0.05555556 0.05263158
 0.05       0.04761905 0.04545454 0.04347826 0.04166667 0.04
 0.03846154]
[2026-04-15 16:41:35,015][two_tower_confounding.experiments.propensity_pipeline][INFO] - Propensity clipping disabled.
[2026-04-15 16:41:35,015][two_tower_confounding.experiments.propensity_pipeline][INFO] - Computing propensity per doc (method=frequency_based)...
[2026-04-15 16:42:00,819][two_tower_confounding.experiments.propensity_pipeline][INFO] - Propensity computed in 25.80 seconds
[2026-04-15 16:42:00,819][two_tower_confounding.experiments.propensity_pipeline][INFO] - Alpha logits: [-0.        -0.6931472 -1.0986123 -1.3862944 -1.609438  -1.7917595
 -1.9459101 -2.0794415 -2.1972246 -2.3025851 -2.3978953 -2.4849067
 -2.5649493 -2.6390574 -2.7080503 -2.7725887 -2.8332133 -2.8903718
 -2.944439  -2.9957323 -3.0445225 -3.0910425 -3.1354942 -3.1780539
 -3.218876 ]
[2026-04-15 16:42:00,819][two_tower_confounding.experiments.propensity_pipeline][INFO] - Alpha: [0.5        0.33333334 0.25       0.2        0.16666667 0.14285715
 0.12500001 0.11111111 0.1        0.09090909 0.08333333 0.07692308
 0.07142857 0.06666666 0.0625     0.05882353 0.05555556 0.05263158
 0.05       0.04761905 0.04545454 0.04347826 0.04166667 0.04
 0.03846154]
[2026-04-15 16:42:02,306][two_tower_confounding.experiments.regression_pipeline][INFO] - Training regression model for DM/DR...
[2026-04-15 16:42:09,186][two_tower_confounding.experiments.regression_pipeline][INFO] - Regression epoch 3: train_loss=0.150034 val_loss=0.149344
[2026-04-15 16:42:14,767][two_tower_confounding.experiments.regression_pipeline][INFO] - Regression epoch 6: train_loss=0.146488 val_loss=0.153393
[2026-04-15 16:42:20,799][two_tower_confounding.experiments.ips_pipeline][INFO] - Computing DR doc weights...
[2026-04-15 16:42:20,828][two_tower_confounding.experiments.ips_pipeline][INFO] - Doc weights computed in 0.03 seconds
[2026-04-15 16:42:20,836][two_tower_confounding.experiments.model_pipeline][INFO] - Loading trainer (trainer_type='pl-rank', n_samples=100)...
[2026-04-15 16:42:20,837][two_tower_confounding.experiments.model_pipeline][INFO] - Trainer loaded in 0.00 seconds
[2026-04-15 16:42:20,837][two_tower_confounding.experiments.model_pipeline][INFO] - Training model...
[2026-04-15 17:13:54,423][two_tower_confounding.experiments.ips_pipeline][INFO] - Final evaluation results:
{'metrics': {'CTR': 0.6157341003417969,
             'DCG': 1.6705477237701416,
             'NCTR': 0.4051409065723419,
             'NDCG': 0.4324463903903961,
             'NDCG@25': 0.4324463903903961,
             'NRCTR': 0.4051409065723419,
             'RCTR': 0.6157341003417969}}
[2026-04-15 17:13:54,471][submitit][INFO] - Job completed successfully
[2026-04-15 17:13:54,481][submitit][INFO] - Exiting after successful completion
[2026-04-16 16:40:06,185][jax._src.xla_bridge][ERROR] - Jax plugin configuration error: Exception when calling jax_plugins.xla_cuda12.initialize()
Traceback (most recent call last):
  File "/gpfs/home5/sfris1/two-towers-confounding-project/.venv/lib/python3.11/site-packages/jax/_src/xla_bridge.py", line 485, in discover_pjrt_plugins
    plugin_module.initialize()
  File "/gpfs/home5/sfris1/two-towers-confounding-project/.venv/lib/python3.11/site-packages/jax_plugins/xla_cuda12/__init__.py", line 328, in initialize
    _check_cuda_versions(raise_on_first_error=True)
  File "/gpfs/home5/sfris1/two-towers-confounding-project/.venv/lib/python3.11/site-packages/jax_plugins/xla_cuda12/__init__.py", line 285, in _check_cuda_versions
    local_device_count = cuda_versions.cuda_device_count()
                         ^^^^^^^^^^^^^^^^^^^^^^^^^^^^^^^^^
RuntimeError: jaxlib/cuda/versions_helpers.cc:113: operation cuInit(0) failed: CUDA_ERROR_NO_DEVICE
[2026-04-16 16:40:07,175][two_tower_confounding.experiments.ips_pipeline][WARNING] - wandb.init failed (Error uploading run: returned error 403: {"data":{"upsertBucket":null},"errors":[{"message":"permission denied","path":["upsertBucket"],"extensions":{"code":"PERMISSION_ERROR"}}]}). Continuing with local logging only.
[2026-04-16 16:40:07,175][two_tower_confounding.experiments.ips_pipeline][WARNING] - Disabling wandb for trainer components because initialization failed.
[2026-04-16 16:40:07,176][two_tower_confounding.experiments.config_resolver][WARNING] - test_clicks=500000 is ignored because test_set_mode='label_only'. Set test_set_mode='clicks' to enable legacy click-based test behavior.
[2026-04-16 16:40:07,183][two_tower_confounding.experiments.data_pipeline][INFO] - Loading or generating click datasets...
[2026-04-16 16:41:11,500][absl][INFO] - orbax-checkpoint version: 0.11.25
[2026-04-16 16:41:11,504][absl][INFO] - Created BasePyTreeCheckpointHandler: use_ocdbt=True, use_zarr3=False, pytree_metadata_options=PyTreeMetadataOptions(support_rich_types=False), array_metadata_store=<orbax.checkpoint._src.metadata.array_metadata_store.Store object at 0x14c639d10810>, enable_pinned_host_transfer=False, save_concurrent_bytes: 96000000000 (89.4 GiB), restore_concurrent_bytes: 96000000000 (89.4 GiB)
[2026-04-16 16:41:11,505][absl][INFO] - [thread=MainThread] Failed to get flag value for EXPERIMENTAL_ORBAX_USE_DISTRIBUTED_PROCESS_ID.
[2026-04-16 16:41:11,505][absl][INFO] - [process=0][thread=MainThread] Using barrier_sync_fn: <function get_barrier_sync_fn.<locals>.<lambda> at 0x14c4e188c5e0> timeout: 600 secs and primary_host=0 for async checkpoint writes
[2026-04-16 16:41:11,507][absl][INFO] - Restoring checkpoint from /gpfs/home5/sfris1/ltr_datasets/ips_datasets/logging_policy_c10000_ps1p0_pt0p0_bs1p0_drop0rel0_sessallocv2_candfullv2_topx25_maxdocs200_lprdeep_lpsegreedysampler_lppct10p0.
[2026-04-16 16:41:11,528][absl][INFO] - [process=0] /jax/checkpoint/read/gbytes_per_sec: 0 Bytes/s (total gbytes: 21.4 KiB) (time elapsed: 19 milliseconds) (per-host)
[2026-04-16 16:41:11,528][absl][INFO] - Finished restoring checkpoint in 0.02 seconds from /gpfs/home5/sfris1/ltr_datasets/ips_datasets/logging_policy_c10000_ps1p0_pt0p0_bs1p0_drop0rel0_sessallocv2_candfullv2_topx25_maxdocs200_lprdeep_lpsegreedysampler_lppct10p0.
[2026-04-16 16:41:16,177][two_tower_confounding.experiments.data_pipeline][INFO] - Loaded click datasets in 68.99 seconds (train=7500, val=2500, test=0)
[2026-04-16 16:41:16,177][two_tower_confounding.experiments.data_pipeline][INFO] - Test split is label-only by design; no test click dataset was loaded.
[2026-04-16 16:41:16,177][two_tower_confounding.data.runtime.alignment][INFO] - Applying data cutoff override: configured=25, natural=25, effective=25
[2026-04-16 16:41:16,177][two_tower_confounding.data.runtime.alignment][INFO] - Applying data cutoff override: configured=25, natural=25, effective=25
[2026-04-16 16:41:16,300][two_tower_confounding.data.runtime.aggregation][INFO] - Initializing simulator...
[2026-04-16 16:41:16,301][two_tower_confounding.data.runtime.aggregation][INFO] - Aggregating train dataset...
[2026-04-16 16:41:21,305][two_tower_confounding.data.runtime.aggregation][INFO] - Aggregating validation dataset...
[2026-04-16 16:41:24,521][two_tower_confounding.data.runtime.aggregation][INFO] - Aggregating test dataset from labels only...
[2026-04-16 16:41:25,453][two_tower_confounding.data.runtime.aggregation][INFO] - Aggregation done in 9.15 seconds
[2026-04-16 16:41:25,454][two_tower_confounding.data.runtime.aggregation][INFO] - Session usage after aggregation: requested(train=7500,val=2500), actual(train=7500,val=2500,test=0)
[2026-04-16 16:41:25,454][two_tower_confounding.data.runtime.aggregation][INFO] - Dataset persistence disabled; skipping aggregated dataset cache save.
[2026-04-16 16:41:25,454][two_tower_confounding.experiments.ips_pipeline][INFO] - Test split uses label-only evaluation; raw test click diagnostics are skipped.
[2026-04-16 16:41:25,517][two_tower_confounding.experiments.diagnostics][INFO] - [Data] train_docs=2132810, val_docs=707814, test_docs=708921, cutoff=25
[2026-04-16 16:41:25,598][two_tower_confounding.experiments.diagnostics][INFO] - [Train] clicks=1009, displays=182096, ctr=0.0055, ctr_per_doc=0.0055
[2026-04-16 16:41:25,670][two_tower_confounding.experiments.diagnostics][INFO] - [Validation] clicks=370, displays=60831, ctr=0.0061, ctr_per_doc=0.0061
[2026-04-16 16:41:25,743][two_tower_confounding.experiments.diagnostics][INFO] - [Test] clicks=0, displays=0, ctr=0.0000, ctr_per_doc=0.0000
[2026-04-16 16:41:25,744][two_tower_confounding.experiments.ips_pipeline][INFO] - Running estimator pipeline with model='dr'
[2026-04-16 16:41:25,744][two_tower_confounding.experiments.ips_pipeline][INFO] - Computing position bias (alpha)...
[2026-04-16 16:41:25,806][two_tower_confounding.experiments.propensity_pipeline][INFO] - Computing propensity per doc (method=true_propensity)...
[2026-04-16 16:41:55,589][two_tower_confounding.experiments.propensity_pipeline][INFO] - Propensity computed in 29.78 seconds
[2026-04-16 16:41:55,590][two_tower_confounding.experiments.propensity_pipeline][INFO] - Alpha logits: [-0.        -0.6931472 -1.0986123 -1.3862944 -1.609438  -1.7917595
 -1.9459101 -2.0794415 -2.1972246 -2.3025851 -2.3978953 -2.4849067
 -2.5649493 -2.6390574 -2.7080503 -2.7725887 -2.8332133 -2.8903718
 -2.944439  -2.9957323 -3.0445225 -3.0910425 -3.1354942 -3.1780539
 -3.218876 ]
[2026-04-16 16:41:55,591][two_tower_confounding.experiments.propensity_pipeline][INFO] - Alpha: [0.5        0.33333334 0.25       0.2        0.16666667 0.14285715
 0.12500001 0.11111111 0.1        0.09090909 0.08333333 0.07692308
 0.07142857 0.06666666 0.0625     0.05882353 0.05555556 0.05263158
 0.05       0.04761905 0.04545454 0.04347826 0.04166667 0.04
 0.03846154]
[2026-04-16 16:41:55,597][two_tower_confounding.experiments.propensity_pipeline][INFO] - Propensity clipping disabled.
[2026-04-16 16:41:55,597][two_tower_confounding.experiments.propensity_pipeline][INFO] - Computing propensity per doc (method=frequency_based)...
[2026-04-16 16:42:23,382][two_tower_confounding.experiments.propensity_pipeline][INFO] - Propensity computed in 27.79 seconds
[2026-04-16 16:42:23,384][two_tower_confounding.experiments.propensity_pipeline][INFO] - Alpha logits: [-0.        -0.6931472 -1.0986123 -1.3862944 -1.609438  -1.7917595
 -1.9459101 -2.0794415 -2.1972246 -2.3025851 -2.3978953 -2.4849067
 -2.5649493 -2.6390574 -2.7080503 -2.7725887 -2.8332133 -2.8903718
 -2.944439  -2.9957323 -3.0445225 -3.0910425 -3.1354942 -3.1780539
 -3.218876 ]
[2026-04-16 16:42:23,384][two_tower_confounding.experiments.propensity_pipeline][INFO] - Alpha: [0.5        0.33333334 0.25       0.2        0.16666667 0.14285715
 0.12500001 0.11111111 0.1        0.09090909 0.08333333 0.07692308
 0.07142857 0.06666666 0.0625     0.05882353 0.05555556 0.05263158
 0.05       0.04761905 0.04545454 0.04347826 0.04166667 0.04
 0.03846154]
[2026-04-16 16:42:25,098][two_tower_confounding.experiments.regression_pipeline][INFO] - Training regression model for DM/DR...
[2026-04-16 16:42:32,520][two_tower_confounding.experiments.regression_pipeline][INFO] - Regression epoch 3: train_loss=0.150034 val_loss=0.149344
[2026-04-16 16:42:38,605][two_tower_confounding.experiments.regression_pipeline][INFO] - Regression epoch 6: train_loss=0.146488 val_loss=0.153393
[2026-04-16 16:42:44,678][two_tower_confounding.experiments.ips_pipeline][INFO] - Computing DR doc weights...
[2026-04-16 16:42:44,709][two_tower_confounding.experiments.ips_pipeline][INFO] - Doc weights computed in 0.03 seconds
[2026-04-16 16:42:44,717][two_tower_confounding.experiments.model_pipeline][INFO] - Loading trainer (trainer_type='pl-rank', n_samples=100)...
[2026-04-16 16:42:44,719][two_tower_confounding.experiments.model_pipeline][INFO] - Trainer loaded in 0.00 seconds
[2026-04-16 16:42:44,719][two_tower_confounding.experiments.model_pipeline][INFO] - Training model...
[2026-04-16 17:14:51,701][two_tower_confounding.experiments.ips_pipeline][INFO] - Final evaluation results:
{'metrics': {'CTR': 0.6161677241325378,
             'DCG': 1.6719484329223633,
             'NCTR': 0.4060802757740021,
             'NDCG': 0.43355563282966614,
             'NDCG@25': 0.43355563282966614,
             'NRCTR': 0.4060802757740021,
             'RCTR': 0.6161677241325378}}
[2026-04-16 17:14:51,738][submitit][INFO] - Job completed successfully
[2026-04-16 17:14:51,748][submitit][INFO] - Exiting after successful completion
