[2026-06-18 15:34:46,346][feature_based_propensities_for_ULTR.experiments.config_resolver][WARNING] - test_clicks=500000 is ignored because test_set_mode='label_only'. Set test_set_mode='clicks' to enable legacy click-based test behavior.
[2026-06-18 15:34:46,352][feature_based_propensities_for_ULTR.experiments.data_pipeline][INFO] - Loading or generating click datasets...
[2026-06-18 15:36:14,962][absl][INFO] - orbax-checkpoint version: 0.11.40
[2026-06-18 15:36:14,962][absl][INFO] - save_device_host_concurrent_bytes=None
[2026-06-18 15:36:14,963][absl][INFO] - Created BasePyTreeCheckpointHandler: use_ocdbt=True, use_zarr3=False, pytree_metadata_options=PyTreeMetadataOptions(support_rich_types=False), array_metadata_store=<orbax.checkpoint._src.metadata.array_metadata_store.Store object at 0x14a16902d590>, enable_pinned_host_transfer=False, save_concurrent_bytes: 96000000000 (89.4 GiB), restore_concurrent_bytes: 96000000000 (89.4 GiB)
[2026-06-18 15:36:14,963][absl][INFO] - [thread=MainThread] Failed to get flag value for EXPERIMENTAL_ORBAX_USE_DISTRIBUTED_PROCESS_ID.
[2026-06-18 15:36:14,963][absl][INFO] - [process=0][thread=MainThread] Using barrier_sync_fn: <function get_barrier_sync_fn.<locals>.<lambda> at 0x14a0a7f7f920> timeout: 1200 secs and primary_host=0 for async checkpoint writes
[2026-06-18 15:36:14,963][absl][INFO] - [process=0] [sync] Started load checkpoint @ /gpfs/home5/sfris1/ltr_datasets/ips_datasets/istella_logging_policy_c10000_ps1p0_pt0p5_bs1p0_drop0rel0_sessallocv2_candfullv2_topx25_maxdocs200_lprdeep_lpsegreedysampler_lppct10p0.
[2026-06-18 15:36:14,966][absl][INFO] - Restoring checkpoint from /gpfs/home5/sfris1/ltr_datasets/ips_datasets/istella_logging_policy_c10000_ps1p0_pt0p5_bs1p0_drop0rel0_sessallocv2_candfullv2_topx25_maxdocs200_lprdeep_lpsegreedysampler_lppct10p0.
[2026-06-18 15:36:14,966][absl][INFO] - [process=0] [sync] Finished blocking load in 0.00 seconds. Continuing load @ /gpfs/home5/sfris1/ltr_datasets/ips_datasets/istella_logging_policy_c10000_ps1p0_pt0p5_bs1p0_drop0rel0_sessallocv2_candfullv2_topx25_maxdocs200_lprdeep_lpsegreedysampler_lppct10p0.
[2026-06-18 15:36:14,983][absl][INFO] - [process=0] /jax/orbax/read/worker/io/requested throughput: 2.758 MiB/s (total gbytes: 31.6 KiB) (time elapsed: 0.011201143264770508 s) (per-host)
[2026-06-18 15:36:14,984][absl][INFO] - [process=0] /jax/checkpoint/read/gbytes_per_sec: 1.812 MiB/s (total gbytes: 31.6 KiB) (time elapsed: 0.017049789428710938 s) (per-host)
[2026-06-18 15:36:14,984][absl][INFO] - [process=0] [sync] Finished load in 0.02 seconds @ /gpfs/home5/sfris1/ltr_datasets/ips_datasets/istella_logging_policy_c10000_ps1p0_pt0p5_bs1p0_drop0rel0_sessallocv2_candfullv2_topx25_maxdocs200_lprdeep_lpsegreedysampler_lppct10p0
[2026-06-18 15:36:20,142][feature_based_propensities_for_ULTR.experiments.data_pipeline][INFO] - Loaded click datasets in 93.79 seconds (train=7274, val=2726, test=0)
[2026-06-18 15:36:20,142][feature_based_propensities_for_ULTR.experiments.data_pipeline][INFO] - Test split is label-only by design; no test click dataset was loaded.
[2026-06-18 15:36:20,142][feature_based_propensities_for_ULTR.data.runtime.alignment][INFO] - Applying data cutoff override: configured=25, natural=25, effective=25
[2026-06-18 15:36:20,142][feature_based_propensities_for_ULTR.data.runtime.alignment][INFO] - Applying data cutoff override: configured=25, natural=25, effective=25
[2026-06-18 15:36:20,233][feature_based_propensities_for_ULTR.data.runtime.aggregation][INFO] - Initializing simulator...
[2026-06-18 15:36:20,233][feature_based_propensities_for_ULTR.data.runtime.aggregation][INFO] - Aggregating train dataset...
[2026-06-18 15:36:26,477][feature_based_propensities_for_ULTR.data.runtime.aggregation][INFO] - Aggregating validation dataset...
[2026-06-18 15:36:29,858][feature_based_propensities_for_ULTR.data.runtime.aggregation][INFO] - Aggregating test dataset from labels only...
[2026-06-18 15:36:31,245][feature_based_propensities_for_ULTR.data.runtime.aggregation][INFO] - Aggregation done in 11.01 seconds
[2026-06-18 15:36:31,246][feature_based_propensities_for_ULTR.data.runtime.aggregation][INFO] - Session usage after aggregation: requested(train=7274,val=2726), actual(train=7274,val=2726,test=0)
[2026-06-18 15:36:31,246][feature_based_propensities_for_ULTR.data.runtime.aggregation][INFO] - Dataset persistence disabled; skipping aggregated dataset cache save.
[2026-06-18 15:36:31,246][feature_based_propensities_for_ULTR.experiments.ips_pipeline][INFO] - Test split uses label-only evaluation; raw test click diagnostics are skipped.
[2026-06-18 15:36:31,295][feature_based_propensities_for_ULTR.experiments.diagnostics][INFO] - [Data] train_docs=2043304, val_docs=684076, test_docs=681250, cutoff=25
[2026-06-18 15:36:31,387][feature_based_propensities_for_ULTR.experiments.diagnostics][INFO] - [Train] clicks=1602, displays=181084, ctr=0.0088, ctr_per_doc=0.0088
[2026-06-18 15:36:31,474][feature_based_propensities_for_ULTR.experiments.diagnostics][INFO] - [Validation] clicks=588, displays=67606, ctr=0.0087, ctr_per_doc=0.0087
[2026-06-18 15:36:31,559][feature_based_propensities_for_ULTR.experiments.diagnostics][INFO] - [Test] clicks=0, displays=0, ctr=0.0000, ctr_per_doc=0.0000
[2026-06-18 15:36:31,560][feature_based_propensities_for_ULTR.experiments.ips_pipeline][INFO] - Running estimator pipeline with model='dr'
[2026-06-18 15:36:31,560][feature_based_propensities_for_ULTR.experiments.ips_pipeline][INFO] - Computing position bias (alpha)...
[2026-06-18 15:36:31,580][ultr_bias_toolkit.bias.intervention_harvesting.all_pairs][INFO] - Position bias estimation using global all pairs estimator
[2026-06-18 15:37:20,341][feature_based_propensities_for_ULTR.experiments.position_bias_pipeline][INFO] - Saved estimated position-bias curve to position_bias.json
[2026-06-18 15:37:20,342][feature_based_propensities_for_ULTR.experiments.ips_pipeline][INFO] - Estimated position bias in-run (estimator=global_all_pairs): [ 0.         -0.18232037 -0.99842614 -1.3113396  -1.4986138  -1.6944056
 -1.2824315  -1.2629821  -2.9842062  -1.6809719  -2.837763   -1.766189
 -1.3070196  -2.601405   -3.0246828  -1.7732917  -2.119169   -3.06306
 -2.141851   -2.5890446  -6.3826685  -2.0777543  -2.1715598  -6.3046923
 -6.9077554 ]
[2026-06-18 15:37:20,343][feature_based_propensities_for_ULTR.experiments.propensity_pipeline][INFO] - Computing propensity per doc (method=propensity_mlp_regression)...
[2026-06-18 15:38:04,984][feature_based_propensities_for_ULTR.experiments.propensity_pipeline][INFO] - Propensity computed in 44.64 seconds
[2026-06-18 15:38:04,984][feature_based_propensities_for_ULTR.experiments.propensity_pipeline][INFO] - Alpha logits: [ 0.     -0.1823 -0.9984 -1.3113 -1.4986 -1.6944 -1.2824 -1.263  -2.9842
 -1.681  -2.8378 -1.7662 -1.307  -2.6014 -3.0247 -1.7733 -2.1192 -3.0631
 -2.1419 -2.589  -6.3827 -2.0778 -2.1716 -6.3047 -6.9078]
[2026-06-18 15:38:04,985][feature_based_propensities_for_ULTR.experiments.propensity_pipeline][INFO] - Alpha: [0.5    0.4545 0.2693 0.2123 0.1826 0.1552 0.2171 0.2205 0.0481 0.157
 0.0553 0.146  0.213  0.069  0.0463 0.1451 0.1072 0.0447 0.1051 0.0698
 0.0017 0.1113 0.1023 0.0018 0.001 ]
[2026-06-18 15:38:04,986][feature_based_propensities_for_ULTR.experiments.propensity_pipeline][INFO] - Propensity clipping disabled.
[2026-06-18 15:38:04,987][feature_based_propensities_for_ULTR.experiments.propensity_pipeline][INFO] - Computing propensity per doc (method=frequency_based)...
[2026-06-18 15:38:31,207][feature_based_propensities_for_ULTR.experiments.propensity_pipeline][INFO] - Propensity computed in 26.22 seconds
[2026-06-18 15:38:31,207][feature_based_propensities_for_ULTR.experiments.propensity_pipeline][INFO] - Alpha logits: [ 0.     -0.1823 -0.9984 -1.3113 -1.4986 -1.6944 -1.2824 -1.263  -2.9842
 -1.681  -2.8378 -1.7662 -1.307  -2.6014 -3.0247 -1.7733 -2.1192 -3.0631
 -2.1419 -2.589  -6.3827 -2.0778 -2.1716 -6.3047 -6.9078]
[2026-06-18 15:38:31,208][feature_based_propensities_for_ULTR.experiments.propensity_pipeline][INFO] - Alpha: [0.5    0.4545 0.2693 0.2123 0.1826 0.1552 0.2171 0.2205 0.0481 0.157
 0.0553 0.146  0.213  0.069  0.0463 0.1451 0.1072 0.0447 0.1051 0.0698
 0.0017 0.1113 0.1023 0.0018 0.001 ]
[2026-06-18 15:38:32,504][feature_based_propensities_for_ULTR.experiments.regression_pipeline][INFO] - Training regression model for DM/DR...
[2026-06-18 15:38:58,693][feature_based_propensities_for_ULTR.experiments.regression_pipeline][INFO] - Regression epoch 3: train_loss=0.064397 val_loss=0.071652
[2026-06-18 15:39:23,839][feature_based_propensities_for_ULTR.experiments.regression_pipeline][INFO] - Regression epoch 6: train_loss=0.062425 val_loss=0.068525
[2026-06-18 15:39:48,995][feature_based_propensities_for_ULTR.experiments.regression_pipeline][INFO] - Regression epoch 9: train_loss=0.061426 val_loss=0.069254
[2026-06-18 15:39:54,885][feature_based_propensities_for_ULTR.experiments.ips_pipeline][INFO] - Computing DR doc weights...
[2026-06-18 15:39:54,913][feature_based_propensities_for_ULTR.experiments.ips_pipeline][INFO] - Doc weights computed in 0.03 seconds
[2026-06-18 15:39:54,923][feature_based_propensities_for_ULTR.experiments.model_pipeline][INFO] - Loading trainer (trainer_type='pl-rank', n_samples=100)...
[2026-06-18 15:39:54,926][feature_based_propensities_for_ULTR.experiments.model_pipeline][INFO] - Trainer loaded in 0.00 seconds
[2026-06-18 15:39:54,926][feature_based_propensities_for_ULTR.experiments.model_pipeline][INFO] - Training model...
[2026-06-18 16:02:32,303][feature_based_propensities_for_ULTR.experiments.ips_pipeline][INFO] - Final evaluation results:
{'metrics': {'CTR': 1.2367634773254395,
             'DCG': 2.452028512954712,
             'NCTR': 0.6415132284164429,
             'NDCG': 0.7119961977005005,
             'NDCG@25': 0.7119961977005005,
             'NRCTR': 0.6415132284164429,
             'RCTR': 1.2367634773254395}}
[2026-06-18 16:02:32,338][submitit][INFO] - Job completed successfully
[2026-06-18 16:02:32,346][submitit][INFO] - Exiting after successful completion
