[2026-06-18 11:14:47,630][feature_based_propensities_for_ULTR.experiments.config_resolver][WARNING] - test_clicks=500000 is ignored because test_set_mode='label_only'. Set test_set_mode='clicks' to enable legacy click-based test behavior.
[2026-06-18 11:14:47,636][feature_based_propensities_for_ULTR.experiments.data_pipeline][INFO] - Loading or generating click datasets...
[2026-06-18 11:16:16,302][absl][INFO] - orbax-checkpoint version: 0.11.40
[2026-06-18 11:16:16,302][absl][INFO] - save_device_host_concurrent_bytes=None
[2026-06-18 11:16:16,303][absl][INFO] - Created BasePyTreeCheckpointHandler: use_ocdbt=True, use_zarr3=False, pytree_metadata_options=PyTreeMetadataOptions(support_rich_types=False), array_metadata_store=<orbax.checkpoint._src.metadata.array_metadata_store.Store object at 0x14cf895f2e50>, enable_pinned_host_transfer=False, save_concurrent_bytes: 96000000000 (89.4 GiB), restore_concurrent_bytes: 96000000000 (89.4 GiB)
[2026-06-18 11:16:16,303][absl][INFO] - [thread=MainThread] Failed to get flag value for EXPERIMENTAL_ORBAX_USE_DISTRIBUTED_PROCESS_ID.
[2026-06-18 11:16:16,303][absl][INFO] - [process=0][thread=MainThread] Using barrier_sync_fn: <function get_barrier_sync_fn.<locals>.<lambda> at 0x14ced9d1aa20> timeout: 1200 secs and primary_host=0 for async checkpoint writes
[2026-06-18 11:16:16,303][absl][INFO] - [process=0] [sync] Started load checkpoint @ /gpfs/home5/sfris1/ltr_datasets/ips_datasets/istella_logging_policy_c10000_ps1p0_pt1p0_bs1p0_drop0rel0_sessallocv2_candfullv2_topx25_maxdocs200_lprdeep_lpsegreedysampler_lppct10p0.
[2026-06-18 11:16:16,306][absl][INFO] - Restoring checkpoint from /gpfs/home5/sfris1/ltr_datasets/ips_datasets/istella_logging_policy_c10000_ps1p0_pt1p0_bs1p0_drop0rel0_sessallocv2_candfullv2_topx25_maxdocs200_lprdeep_lpsegreedysampler_lppct10p0.
[2026-06-18 11:16:16,307][absl][INFO] - [process=0] [sync] Finished blocking load in 0.00 seconds. Continuing load @ /gpfs/home5/sfris1/ltr_datasets/ips_datasets/istella_logging_policy_c10000_ps1p0_pt1p0_bs1p0_drop0rel0_sessallocv2_candfullv2_topx25_maxdocs200_lprdeep_lpsegreedysampler_lppct10p0.
[2026-06-18 11:16:16,323][absl][INFO] - [process=0] /jax/orbax/read/worker/io/requested throughput: 2.780 MiB/s (total gbytes: 31.6 KiB) (time elapsed: 0.011110782623291016 s) (per-host)
[2026-06-18 11:16:16,324][absl][INFO] - [process=0] /jax/checkpoint/read/gbytes_per_sec: 1.824 MiB/s (total gbytes: 31.6 KiB) (time elapsed: 0.016937971115112305 s) (per-host)
[2026-06-18 11:16:16,325][absl][INFO] - [process=0] [sync] Finished load in 0.02 seconds @ /gpfs/home5/sfris1/ltr_datasets/ips_datasets/istella_logging_policy_c10000_ps1p0_pt1p0_bs1p0_drop0rel0_sessallocv2_candfullv2_topx25_maxdocs200_lprdeep_lpsegreedysampler_lppct10p0
[2026-06-18 11:16:21,291][feature_based_propensities_for_ULTR.experiments.data_pipeline][INFO] - Loaded click datasets in 93.66 seconds (train=7274, val=2726, test=0)
[2026-06-18 11:16:21,291][feature_based_propensities_for_ULTR.experiments.data_pipeline][INFO] - Test split is label-only by design; no test click dataset was loaded.
[2026-06-18 11:16:21,291][feature_based_propensities_for_ULTR.data.runtime.alignment][INFO] - Applying data cutoff override: configured=25, natural=25, effective=25
[2026-06-18 11:16:21,291][feature_based_propensities_for_ULTR.data.runtime.alignment][INFO] - Applying data cutoff override: configured=25, natural=25, effective=25
[2026-06-18 11:16:21,382][feature_based_propensities_for_ULTR.data.runtime.aggregation][INFO] - Initializing simulator...
[2026-06-18 11:16:21,383][feature_based_propensities_for_ULTR.data.runtime.aggregation][INFO] - Aggregating train dataset...
[2026-06-18 11:16:27,649][feature_based_propensities_for_ULTR.data.runtime.aggregation][INFO] - Aggregating validation dataset...
[2026-06-18 11:16:31,015][feature_based_propensities_for_ULTR.data.runtime.aggregation][INFO] - Aggregating test dataset from labels only...
[2026-06-18 11:16:32,412][feature_based_propensities_for_ULTR.data.runtime.aggregation][INFO] - Aggregation done in 11.03 seconds
[2026-06-18 11:16:32,413][feature_based_propensities_for_ULTR.data.runtime.aggregation][INFO] - Session usage after aggregation: requested(train=7274,val=2726), actual(train=7274,val=2726,test=0)
[2026-06-18 11:16:32,413][feature_based_propensities_for_ULTR.data.runtime.aggregation][INFO] - Dataset persistence disabled; skipping aggregated dataset cache save.
[2026-06-18 11:16:32,413][feature_based_propensities_for_ULTR.experiments.ips_pipeline][INFO] - Test split uses label-only evaluation; raw test click diagnostics are skipped.
[2026-06-18 11:16:32,462][feature_based_propensities_for_ULTR.experiments.diagnostics][INFO] - [Data] train_docs=2043304, val_docs=684076, test_docs=681250, cutoff=25
[2026-06-18 11:16:32,556][feature_based_propensities_for_ULTR.experiments.diagnostics][INFO] - [Train] clicks=584, displays=181052, ctr=0.0032, ctr_per_doc=0.0032
[2026-06-18 11:16:32,646][feature_based_propensities_for_ULTR.experiments.diagnostics][INFO] - [Validation] clicks=239, displays=67655, ctr=0.0035, ctr_per_doc=0.0035
[2026-06-18 11:16:32,733][feature_based_propensities_for_ULTR.experiments.diagnostics][INFO] - [Test] clicks=0, displays=0, ctr=0.0000, ctr_per_doc=0.0000
[2026-06-18 11:16:32,733][feature_based_propensities_for_ULTR.experiments.ips_pipeline][INFO] - Running estimator pipeline with model='dm'
[2026-06-18 11:16:32,733][feature_based_propensities_for_ULTR.experiments.ips_pipeline][INFO] - Computing position bias (alpha)...
[2026-06-18 11:16:32,783][feature_based_propensities_for_ULTR.experiments.propensity_pipeline][INFO] - Computing propensity per doc (method=propensity_mlp_regression)...
[2026-06-18 11:17:22,927][feature_based_propensities_for_ULTR.experiments.propensity_pipeline][INFO] - Propensity computed in 50.14 seconds
[2026-06-18 11:17:22,928][feature_based_propensities_for_ULTR.experiments.propensity_pipeline][INFO] - Alpha logits: [-0.     -0.6931 -1.0986 -1.3863 -1.6094 -1.7918 -1.9459 -2.0794 -2.1972
 -2.3026 -2.3979 -2.4849 -2.5649 -2.6391 -2.7081 -2.7726 -2.8332 -2.8904
 -2.9444 -2.9957 -3.0445 -3.091  -3.1355 -3.1781 -3.2189]
[2026-06-18 11:17:22,929][feature_based_propensities_for_ULTR.experiments.propensity_pipeline][INFO] - Alpha: [0.5    0.3333 0.25   0.2    0.1667 0.1429 0.125  0.1111 0.1    0.0909
 0.0833 0.0769 0.0714 0.0667 0.0625 0.0588 0.0556 0.0526 0.05   0.0476
 0.0455 0.0435 0.0417 0.04   0.0385]
[2026-06-18 11:17:22,929][feature_based_propensities_for_ULTR.experiments.propensity_pipeline][INFO] - Propensity clipping disabled.
[2026-06-18 11:17:24,241][feature_based_propensities_for_ULTR.experiments.regression_pipeline][INFO] - Training regression model for DM/DR...
[2026-06-18 11:17:50,253][feature_based_propensities_for_ULTR.experiments.regression_pipeline][INFO] - Regression epoch 3: train_loss=0.047301 val_loss=0.053022
[2026-06-18 11:18:15,210][feature_based_propensities_for_ULTR.experiments.regression_pipeline][INFO] - Regression epoch 6: train_loss=0.046341 val_loss=0.052569
[2026-06-18 11:18:21,053][feature_based_propensities_for_ULTR.experiments.ips_pipeline][INFO] - Computing DM doc weights...
[2026-06-18 11:18:21,054][feature_based_propensities_for_ULTR.experiments.ips_pipeline][INFO] - Doc weights computed in 0.00 seconds
[2026-06-18 11:18:21,064][feature_based_propensities_for_ULTR.experiments.model_pipeline][INFO] - Loading trainer (trainer_type='pl-rank', n_samples=100)...
[2026-06-18 11:18:21,066][feature_based_propensities_for_ULTR.experiments.model_pipeline][INFO] - Trainer loaded in 0.00 seconds
[2026-06-18 11:18:21,066][feature_based_propensities_for_ULTR.experiments.model_pipeline][INFO] - Training model...
[2026-06-18 11:40:54,905][feature_based_propensities_for_ULTR.experiments.ips_pipeline][INFO] - Final evaluation results:
{'metrics': {'CTR': 1.0308218002319336,
             'DCG': 2.4768447875976562,
             'NCTR': 0.6603792905807495,
             'NDCG': 0.720780074596405,
             'NDCG@25': 0.720780074596405,
             'NRCTR': 0.6603792905807495,
             'RCTR': 1.0308218002319336}}
[2026-06-18 11:40:54,938][submitit][INFO] - Job completed successfully
[2026-06-18 11:40:54,948][submitit][INFO] - Exiting after successful completion
