[2026-04-16 14:21:41,737][jax._src.xla_bridge][ERROR] - Jax plugin configuration error: Exception when calling jax_plugins.xla_cuda12.initialize()
Traceback (most recent call last):
  File "/gpfs/home5/sfris1/two-towers-confounding-project/.venv/lib/python3.11/site-packages/jax/_src/xla_bridge.py", line 485, in discover_pjrt_plugins
    plugin_module.initialize()
  File "/gpfs/home5/sfris1/two-towers-confounding-project/.venv/lib/python3.11/site-packages/jax_plugins/xla_cuda12/__init__.py", line 328, in initialize
    _check_cuda_versions(raise_on_first_error=True)
  File "/gpfs/home5/sfris1/two-towers-confounding-project/.venv/lib/python3.11/site-packages/jax_plugins/xla_cuda12/__init__.py", line 285, in _check_cuda_versions
    local_device_count = cuda_versions.cuda_device_count()
                         ^^^^^^^^^^^^^^^^^^^^^^^^^^^^^^^^^
RuntimeError: jaxlib/cuda/versions_helpers.cc:113: operation cuInit(0) failed: CUDA_ERROR_NO_DEVICE
[2026-04-16 14:21:43,393][two_tower_confounding.experiments.ips_pipeline][WARNING] - wandb.init failed (Error uploading run: returned error 403: {"data":{"upsertBucket":null},"errors":[{"message":"permission denied","path":["upsertBucket"],"extensions":{"code":"PERMISSION_ERROR"}}]}). Continuing with local logging only.
[2026-04-16 14:21:43,393][two_tower_confounding.experiments.ips_pipeline][WARNING] - Disabling wandb for trainer components because initialization failed.
[2026-04-16 14:21:43,394][two_tower_confounding.experiments.config_resolver][WARNING] - test_clicks=500000 is ignored because test_set_mode='label_only'. Set test_set_mode='clicks' to enable legacy click-based test behavior.
[2026-04-16 14:21:43,452][two_tower_confounding.experiments.data_pipeline][INFO] - Loading or generating click datasets...
[2026-04-16 14:23:22,120][absl][INFO] - orbax-checkpoint version: 0.11.25
[2026-04-16 14:23:22,121][absl][INFO] - Created BasePyTreeCheckpointHandler: use_ocdbt=True, use_zarr3=False, pytree_metadata_options=PyTreeMetadataOptions(support_rich_types=False), array_metadata_store=<orbax.checkpoint._src.metadata.array_metadata_store.Store object at 0x148c213bd390>, enable_pinned_host_transfer=False, save_concurrent_bytes: 96000000000 (89.4 GiB), restore_concurrent_bytes: 96000000000 (89.4 GiB)
[2026-04-16 14:23:22,121][absl][INFO] - [thread=MainThread] Failed to get flag value for EXPERIMENTAL_ORBAX_USE_DISTRIBUTED_PROCESS_ID.
[2026-04-16 14:23:22,121][absl][INFO] - [process=0][thread=MainThread] Using barrier_sync_fn: <function get_barrier_sync_fn.<locals>.<lambda> at 0x148b3d6f0540> timeout: 600 secs and primary_host=0 for async checkpoint writes
[2026-04-16 14:23:22,128][absl][INFO] - Restoring checkpoint from /gpfs/home5/sfris1/ltr_datasets/ips_datasets/istella_logging_policy_c10000_ps1p0_pt0p75_bs1p0_drop0rel0_sessallocv2_candfullv2_topx25_maxdocs200_lprdeep_lpsegreedysampler_lppct10p0.
[2026-04-16 14:23:22,159][absl][INFO] - [process=0] /jax/checkpoint/read/gbytes_per_sec: 0 Bytes/s (total gbytes: 31.6 KiB) (time elapsed: 29 milliseconds) (per-host)
[2026-04-16 14:23:22,159][absl][INFO] - Finished restoring checkpoint in 0.04 seconds from /gpfs/home5/sfris1/ltr_datasets/ips_datasets/istella_logging_policy_c10000_ps1p0_pt0p75_bs1p0_drop0rel0_sessallocv2_candfullv2_topx25_maxdocs200_lprdeep_lpsegreedysampler_lppct10p0.
[2026-04-16 14:23:28,030][two_tower_confounding.experiments.data_pipeline][INFO] - Loaded click datasets in 104.58 seconds (train=7274, val=2726, test=0)
[2026-04-16 14:23:28,031][two_tower_confounding.experiments.data_pipeline][INFO] - Test split is label-only by design; no test click dataset was loaded.
[2026-04-16 14:23:28,031][two_tower_confounding.data.runtime.alignment][INFO] - Applying data cutoff override: configured=25, natural=25, effective=25
[2026-04-16 14:23:28,031][two_tower_confounding.data.runtime.alignment][INFO] - Applying data cutoff override: configured=25, natural=25, effective=25
[2026-04-16 14:23:28,158][two_tower_confounding.data.runtime.aggregation][INFO] - Initializing simulator...
[2026-04-16 14:23:28,158][two_tower_confounding.data.runtime.aggregation][INFO] - Aggregating train dataset...
[2026-04-16 16:09:32,230][jax._src.xla_bridge][ERROR] - Jax plugin configuration error: Exception when calling jax_plugins.xla_cuda12.initialize()
Traceback (most recent call last):
  File "/gpfs/home5/sfris1/two-towers-confounding-project/.venv/lib/python3.11/site-packages/jax/_src/xla_bridge.py", line 485, in discover_pjrt_plugins
    plugin_module.initialize()
  File "/gpfs/home5/sfris1/two-towers-confounding-project/.venv/lib/python3.11/site-packages/jax_plugins/xla_cuda12/__init__.py", line 328, in initialize
    _check_cuda_versions(raise_on_first_error=True)
  File "/gpfs/home5/sfris1/two-towers-confounding-project/.venv/lib/python3.11/site-packages/jax_plugins/xla_cuda12/__init__.py", line 285, in _check_cuda_versions
    local_device_count = cuda_versions.cuda_device_count()
                         ^^^^^^^^^^^^^^^^^^^^^^^^^^^^^^^^^
RuntimeError: jaxlib/cuda/versions_helpers.cc:113: operation cuInit(0) failed: CUDA_ERROR_NO_DEVICE
[2026-04-16 16:09:40,372][two_tower_confounding.experiments.ips_pipeline][WARNING] - wandb.init failed (Error uploading run: returned error 403: {"data":{"upsertBucket":null},"errors":[{"message":"permission denied","path":["upsertBucket"],"extensions":{"code":"PERMISSION_ERROR"}}]}). Continuing with local logging only.
[2026-04-16 16:09:40,372][two_tower_confounding.experiments.ips_pipeline][WARNING] - Disabling wandb for trainer components because initialization failed.
[2026-04-16 16:09:40,373][two_tower_confounding.experiments.config_resolver][WARNING] - test_clicks=500000 is ignored because test_set_mode='label_only'. Set test_set_mode='clicks' to enable legacy click-based test behavior.
[2026-04-16 16:09:40,379][two_tower_confounding.experiments.data_pipeline][INFO] - Loading or generating click datasets...
[2026-04-16 16:11:12,055][absl][INFO] - orbax-checkpoint version: 0.11.25
[2026-04-16 16:11:12,056][absl][INFO] - Created BasePyTreeCheckpointHandler: use_ocdbt=True, use_zarr3=False, pytree_metadata_options=PyTreeMetadataOptions(support_rich_types=False), array_metadata_store=<orbax.checkpoint._src.metadata.array_metadata_store.Store object at 0x1510d99603d0>, enable_pinned_host_transfer=False, save_concurrent_bytes: 96000000000 (89.4 GiB), restore_concurrent_bytes: 96000000000 (89.4 GiB)
[2026-04-16 16:11:12,057][absl][INFO] - [thread=MainThread] Failed to get flag value for EXPERIMENTAL_ORBAX_USE_DISTRIBUTED_PROCESS_ID.
[2026-04-16 16:11:12,057][absl][INFO] - [process=0][thread=MainThread] Using barrier_sync_fn: <function get_barrier_sync_fn.<locals>.<lambda> at 0x150f83750540> timeout: 600 secs and primary_host=0 for async checkpoint writes
[2026-04-16 16:11:12,060][absl][INFO] - Restoring checkpoint from /gpfs/home5/sfris1/ltr_datasets/ips_datasets/istella_logging_policy_c10000_ps1p0_pt0p75_bs1p0_drop0rel0_sessallocv2_candfullv2_topx25_maxdocs200_lprdeep_lpsegreedysampler_lppct10p0.
[2026-04-16 16:11:12,082][absl][INFO] - [process=0] /jax/checkpoint/read/gbytes_per_sec: 0 Bytes/s (total gbytes: 31.6 KiB) (time elapsed: 21 milliseconds) (per-host)
[2026-04-16 16:11:12,083][absl][INFO] - Finished restoring checkpoint in 0.03 seconds from /gpfs/home5/sfris1/ltr_datasets/ips_datasets/istella_logging_policy_c10000_ps1p0_pt0p75_bs1p0_drop0rel0_sessallocv2_candfullv2_topx25_maxdocs200_lprdeep_lpsegreedysampler_lppct10p0.
[2026-04-16 16:11:17,899][two_tower_confounding.experiments.data_pipeline][INFO] - Loaded click datasets in 97.52 seconds (train=7274, val=2726, test=0)
[2026-04-16 16:11:17,899][two_tower_confounding.experiments.data_pipeline][INFO] - Test split is label-only by design; no test click dataset was loaded.
[2026-04-16 16:11:17,899][two_tower_confounding.data.runtime.alignment][INFO] - Applying data cutoff override: configured=25, natural=25, effective=25
[2026-04-16 16:11:17,900][two_tower_confounding.data.runtime.alignment][INFO] - Applying data cutoff override: configured=25, natural=25, effective=25
[2026-04-16 16:11:18,030][two_tower_confounding.data.runtime.aggregation][INFO] - Initializing simulator...
[2026-04-16 16:11:18,030][two_tower_confounding.data.runtime.aggregation][INFO] - Aggregating train dataset...
[2026-04-16 16:11:24,537][two_tower_confounding.data.runtime.aggregation][INFO] - Aggregating validation dataset...
[2026-04-16 16:11:28,445][two_tower_confounding.data.runtime.aggregation][INFO] - Aggregating test dataset from labels only...
[2026-04-16 16:11:30,338][two_tower_confounding.data.runtime.aggregation][INFO] - Aggregation done in 12.31 seconds
[2026-04-16 16:11:30,339][two_tower_confounding.data.runtime.aggregation][INFO] - Session usage after aggregation: requested(train=7274,val=2726), actual(train=7274,val=2726,test=0)
[2026-04-16 16:11:30,339][two_tower_confounding.data.runtime.aggregation][INFO] - Dataset persistence disabled; skipping aggregated dataset cache save.
[2026-04-16 16:11:30,339][two_tower_confounding.experiments.ips_pipeline][INFO] - Test split uses label-only evaluation; raw test click diagnostics are skipped.
[2026-04-16 16:11:30,399][two_tower_confounding.experiments.diagnostics][INFO] - [Data] train_docs=2043304, val_docs=684076, test_docs=681250, cutoff=25
[2026-04-16 16:11:30,481][two_tower_confounding.experiments.diagnostics][INFO] - [Train] clicks=1151, displays=180983, ctr=0.0064, ctr_per_doc=0.0064
[2026-04-16 16:11:30,557][two_tower_confounding.experiments.diagnostics][INFO] - [Validation] clicks=415, displays=67811, ctr=0.0061, ctr_per_doc=0.0061
[2026-04-16 16:11:30,629][two_tower_confounding.experiments.diagnostics][INFO] - [Test] clicks=0, displays=0, ctr=0.0000, ctr_per_doc=0.0000
[2026-04-16 16:11:30,629][two_tower_confounding.experiments.ips_pipeline][INFO] - Running estimator pipeline with model='dm'
[2026-04-16 16:11:30,629][two_tower_confounding.experiments.ips_pipeline][INFO] - Computing position bias (alpha)...
[2026-04-16 16:11:30,693][two_tower_confounding.experiments.propensity_pipeline][INFO] - Computing propensity per doc (method=propensity_mlp_regression)...
[2026-04-16 16:12:29,554][two_tower_confounding.experiments.propensity_pipeline][INFO] - Propensity computed in 58.86 seconds
[2026-04-16 16:12:29,555][two_tower_confounding.experiments.propensity_pipeline][INFO] - Alpha logits: [-0.     -0.6931 -1.0986 -1.3863 -1.6094 -1.7918 -1.9459 -2.0794 -2.1972
 -2.3026 -2.3979 -2.4849 -2.5649 -2.6391 -2.7081 -2.7726 -2.8332 -2.8904
 -2.9444 -2.9957 -3.0445 -3.091  -3.1355 -3.1781 -3.2189]
[2026-04-16 16:12:29,556][two_tower_confounding.experiments.propensity_pipeline][INFO] - Alpha: [0.5    0.3333 0.25   0.2    0.1667 0.1429 0.125  0.1111 0.1    0.0909
 0.0833 0.0769 0.0714 0.0667 0.0625 0.0588 0.0556 0.0526 0.05   0.0476
 0.0455 0.0435 0.0417 0.04   0.0385]
[2026-04-16 16:12:29,557][two_tower_confounding.experiments.propensity_pipeline][INFO] - Propensity clipping disabled.
[2026-04-16 16:12:31,359][two_tower_confounding.experiments.regression_pipeline][INFO] - Training regression model for DM/DR...
[2026-04-16 16:13:00,251][two_tower_confounding.experiments.regression_pipeline][INFO] - Regression epoch 3: train_loss=0.059493 val_loss=0.065889
[2026-04-16 16:13:27,751][two_tower_confounding.experiments.regression_pipeline][INFO] - Regression epoch 6: train_loss=0.057754 val_loss=0.064806
[2026-04-16 16:13:55,590][two_tower_confounding.experiments.regression_pipeline][INFO] - Regression epoch 9: train_loss=0.057274 val_loss=0.069192
[2026-04-16 16:14:01,565][two_tower_confounding.experiments.ips_pipeline][INFO] - Computing DM doc weights...
[2026-04-16 16:14:01,566][two_tower_confounding.experiments.ips_pipeline][INFO] - Doc weights computed in 0.00 seconds
[2026-04-16 16:14:01,574][two_tower_confounding.experiments.model_pipeline][INFO] - Loading trainer (trainer_type='pl-rank', n_samples=100)...
[2026-04-16 16:14:01,576][two_tower_confounding.experiments.model_pipeline][INFO] - Trainer loaded in 0.00 seconds
[2026-04-16 16:14:01,576][two_tower_confounding.experiments.model_pipeline][INFO] - Training model...
[2026-04-16 16:43:31,972][two_tower_confounding.experiments.ips_pipeline][INFO] - Final evaluation results:
{'metrics': {'CTR': 1.080011010169983,
             'DCG': 2.568119764328003,
             'NCTR': 0.6905379891395569,
             'NDCG': 0.7460425496101379,
             'NDCG@25': 0.7460425496101379,
             'NRCTR': 0.6905379891395569,
             'RCTR': 1.080011010169983}}
[2026-04-16 16:43:32,021][submitit][INFO] - Job completed successfully
[2026-04-16 16:43:32,035][submitit][INFO] - Exiting after successful completion
