[2026-06-18 16:52:57,474][feature_based_propensities_for_ULTR.experiments.config_resolver][WARNING] - test_clicks=500000 is ignored because test_set_mode='label_only'. Set test_set_mode='clicks' to enable legacy click-based test behavior.
[2026-06-18 16:52:57,479][feature_based_propensities_for_ULTR.experiments.data_pipeline][INFO] - Loading or generating click datasets...
[2026-06-18 16:53:58,152][absl][INFO] - orbax-checkpoint version: 0.11.40
[2026-06-18 16:53:58,153][absl][INFO] - save_device_host_concurrent_bytes=None
[2026-06-18 16:53:58,153][absl][INFO] - Created BasePyTreeCheckpointHandler: use_ocdbt=True, use_zarr3=False, pytree_metadata_options=PyTreeMetadataOptions(support_rich_types=False), array_metadata_store=<orbax.checkpoint._src.metadata.array_metadata_store.Store object at 0x15143dab14d0>, enable_pinned_host_transfer=False, save_concurrent_bytes: 96000000000 (89.4 GiB), restore_concurrent_bytes: 96000000000 (89.4 GiB)
[2026-06-18 16:53:58,153][absl][INFO] - [thread=MainThread] Failed to get flag value for EXPERIMENTAL_ORBAX_USE_DISTRIBUTED_PROCESS_ID.
[2026-06-18 16:53:58,153][absl][INFO] - [process=0][thread=MainThread] Using barrier_sync_fn: <function get_barrier_sync_fn.<locals>.<lambda> at 0x15139d3939c0> timeout: 1200 secs and primary_host=0 for async checkpoint writes
[2026-06-18 16:53:58,154][absl][INFO] - [process=0] [sync] Started load checkpoint @ /gpfs/home5/sfris1/ltr_datasets/ips_datasets/logging_policy_c10000_ps1p0_pt0p5_bs1p0_drop0rel0_sessallocv2_candfullv2_topx25_maxdocs200_lprdeep_lpsegreedysampler_lppct10p0.
[2026-06-18 16:53:58,156][absl][INFO] - Restoring checkpoint from /gpfs/home5/sfris1/ltr_datasets/ips_datasets/logging_policy_c10000_ps1p0_pt0p5_bs1p0_drop0rel0_sessallocv2_candfullv2_topx25_maxdocs200_lprdeep_lpsegreedysampler_lppct10p0.
[2026-06-18 16:53:58,156][absl][INFO] - [process=0] [sync] Finished blocking load in 0.00 seconds. Continuing load @ /gpfs/home5/sfris1/ltr_datasets/ips_datasets/logging_policy_c10000_ps1p0_pt0p5_bs1p0_drop0rel0_sessallocv2_candfullv2_topx25_maxdocs200_lprdeep_lpsegreedysampler_lppct10p0.
[2026-06-18 16:53:58,172][absl][INFO] - [process=0] /jax/orbax/read/worker/io/requested throughput: 1.842 MiB/s (total gbytes: 21.4 KiB) (time elapsed: 0.011333465576171875 s) (per-host)
[2026-06-18 16:53:58,174][absl][INFO] - [process=0] /jax/checkpoint/read/gbytes_per_sec: 1.249 MiB/s (total gbytes: 21.4 KiB) (time elapsed: 0.01672077178955078 s) (per-host)
[2026-06-18 16:53:58,174][absl][INFO] - [process=0] [sync] Finished load in 0.02 seconds @ /gpfs/home5/sfris1/ltr_datasets/ips_datasets/logging_policy_c10000_ps1p0_pt0p5_bs1p0_drop0rel0_sessallocv2_candfullv2_topx25_maxdocs200_lprdeep_lpsegreedysampler_lppct10p0
[2026-06-18 16:54:02,296][feature_based_propensities_for_ULTR.experiments.data_pipeline][INFO] - Loaded click datasets in 64.82 seconds (train=7500, val=2500, test=0)
[2026-06-18 16:54:02,296][feature_based_propensities_for_ULTR.experiments.data_pipeline][INFO] - Test split is label-only by design; no test click dataset was loaded.
[2026-06-18 16:54:02,296][feature_based_propensities_for_ULTR.data.runtime.alignment][INFO] - Applying data cutoff override: configured=25, natural=25, effective=25
[2026-06-18 16:54:02,297][feature_based_propensities_for_ULTR.data.runtime.alignment][INFO] - Applying data cutoff override: configured=25, natural=25, effective=25
[2026-06-18 16:54:02,387][feature_based_propensities_for_ULTR.data.runtime.aggregation][INFO] - Initializing simulator...
[2026-06-18 16:54:02,388][feature_based_propensities_for_ULTR.data.runtime.aggregation][INFO] - Aggregating train dataset...
[2026-06-18 16:54:07,416][feature_based_propensities_for_ULTR.data.runtime.aggregation][INFO] - Aggregating validation dataset...
[2026-06-18 16:54:10,320][feature_based_propensities_for_ULTR.data.runtime.aggregation][INFO] - Aggregating test dataset from labels only...
[2026-06-18 16:54:11,199][feature_based_propensities_for_ULTR.data.runtime.aggregation][INFO] - Aggregation done in 8.81 seconds
[2026-06-18 16:54:11,200][feature_based_propensities_for_ULTR.data.runtime.aggregation][INFO] - Session usage after aggregation: requested(train=7500,val=2500), actual(train=7500,val=2500,test=0)
[2026-06-18 16:54:11,200][feature_based_propensities_for_ULTR.data.runtime.aggregation][INFO] - Dataset persistence disabled; skipping aggregated dataset cache save.
[2026-06-18 16:54:11,200][feature_based_propensities_for_ULTR.experiments.ips_pipeline][INFO] - Test split uses label-only evaluation; raw test click diagnostics are skipped.
[2026-06-18 16:54:11,251][feature_based_propensities_for_ULTR.experiments.diagnostics][INFO] - [Data] train_docs=2132810, val_docs=707814, test_docs=708921, cutoff=25
[2026-06-18 16:54:11,348][feature_based_propensities_for_ULTR.experiments.diagnostics][INFO] - [Train] clicks=788, displays=182793, ctr=0.0043, ctr_per_doc=0.0043
[2026-06-18 16:54:11,434][feature_based_propensities_for_ULTR.experiments.diagnostics][INFO] - [Validation] clicks=252, displays=60889, ctr=0.0041, ctr_per_doc=0.0041
[2026-06-18 16:54:11,520][feature_based_propensities_for_ULTR.experiments.diagnostics][INFO] - [Test] clicks=0, displays=0, ctr=0.0000, ctr_per_doc=0.0000
[2026-06-18 16:54:11,521][feature_based_propensities_for_ULTR.experiments.ips_pipeline][INFO] - Running estimator pipeline with model='dr'
[2026-06-18 16:54:11,521][feature_based_propensities_for_ULTR.experiments.ips_pipeline][INFO] - Computing position bias (alpha)...
[2026-06-18 16:54:11,538][ultr_bias_toolkit.bias.intervention_harvesting.all_pairs][INFO] - Position bias estimation using global all pairs estimator
[2026-06-18 16:55:00,982][feature_based_propensities_for_ULTR.experiments.position_bias_pipeline][INFO] - Saved estimated position-bias curve to position_bias.json
[2026-06-18 16:55:00,982][feature_based_propensities_for_ULTR.experiments.ips_pipeline][INFO] - Estimated position bias in-run (estimator=global_all_pairs): [ 0.         -0.61706895 -1.6928842  -0.5646811  -2.5227146  -1.5598724
 -6.9077554  -2.4400797  -1.2997037  -3.3526359  -1.9225515  -2.4381685
 -2.240794   -1.4743247  -6.9077554  -6.4644976  -4.3764296  -6.9077554
 -4.8634224  -6.144958   -1.750802   -5.3721185  -6.9077554  -5.400907
 -5.653662  ]
[2026-06-18 16:55:00,984][feature_based_propensities_for_ULTR.experiments.propensity_pipeline][INFO] - Computing propensity per doc (method=frequency_based)...
[2026-06-18 16:55:30,118][feature_based_propensities_for_ULTR.experiments.propensity_pipeline][INFO] - Propensity computed in 29.13 seconds
[2026-06-18 16:55:30,118][feature_based_propensities_for_ULTR.experiments.propensity_pipeline][INFO] - Alpha logits: [ 0.         -0.61706895 -1.6928842  -0.5646811  -2.5227146  -1.5598724
 -6.9077554  -2.4400797  -1.2997037  -3.3526359  -1.9225515  -2.4381685
 -2.240794   -1.4743247  -6.9077554  -6.4644976  -4.3764296  -6.9077554
 -4.8634224  -6.144958   -1.750802   -5.3721185  -6.9077554  -5.400907
 -5.653662  ]
[2026-06-18 16:55:30,119][feature_based_propensities_for_ULTR.experiments.propensity_pipeline][INFO] - Alpha: [0.5        0.35044837 0.15539691 0.36246502 0.07428107 0.17366496
 0.000999   0.08016703 0.21421488 0.03380895 0.1275773  0.08030808
 0.09614652 0.18628617 0.000999   0.00155535 0.01241411 0.000999
 0.0076648  0.00213968 0.14794606 0.00462281 0.000999   0.00449221
 0.00349242]
[2026-06-18 16:55:30,120][feature_based_propensities_for_ULTR.experiments.propensity_pipeline][INFO] - Propensity clipping disabled.
[2026-06-18 16:55:30,120][feature_based_propensities_for_ULTR.experiments.propensity_pipeline][INFO] - Computing propensity per doc (method=frequency_based)...
[2026-06-18 16:55:57,567][feature_based_propensities_for_ULTR.experiments.propensity_pipeline][INFO] - Propensity computed in 27.45 seconds
[2026-06-18 16:55:57,567][feature_based_propensities_for_ULTR.experiments.propensity_pipeline][INFO] - Alpha logits: [ 0.         -0.61706895 -1.6928842  -0.5646811  -2.5227146  -1.5598724
 -6.9077554  -2.4400797  -1.2997037  -3.3526359  -1.9225515  -2.4381685
 -2.240794   -1.4743247  -6.9077554  -6.4644976  -4.3764296  -6.9077554
 -4.8634224  -6.144958   -1.750802   -5.3721185  -6.9077554  -5.400907
 -5.653662  ]
[2026-06-18 16:55:57,568][feature_based_propensities_for_ULTR.experiments.propensity_pipeline][INFO] - Alpha: [0.5        0.35044837 0.15539691 0.36246502 0.07428107 0.17366496
 0.000999   0.08016703 0.21421488 0.03380895 0.1275773  0.08030808
 0.09614652 0.18628617 0.000999   0.00155535 0.01241411 0.000999
 0.0076648  0.00213968 0.14794606 0.00462281 0.000999   0.00449221
 0.00349242]
[2026-06-18 16:55:58,715][feature_based_propensities_for_ULTR.experiments.regression_pipeline][INFO] - Training regression model for DM/DR...
[2026-06-18 16:56:06,262][feature_based_propensities_for_ULTR.experiments.regression_pipeline][INFO] - Regression epoch 3: train_loss=0.694424 val_loss=0.679415
[2026-06-18 16:56:12,646][feature_based_propensities_for_ULTR.experiments.regression_pipeline][INFO] - Regression epoch 6: train_loss=0.669202 val_loss=0.684515
[2026-06-18 16:56:18,752][feature_based_propensities_for_ULTR.experiments.ips_pipeline][INFO] - Computing DR doc weights...
[2026-06-18 16:56:18,779][feature_based_propensities_for_ULTR.experiments.ips_pipeline][INFO] - Doc weights computed in 0.03 seconds
[2026-06-18 16:56:18,789][feature_based_propensities_for_ULTR.experiments.model_pipeline][INFO] - Loading trainer (trainer_type='pl-rank', n_samples=100)...
[2026-06-18 16:56:18,791][feature_based_propensities_for_ULTR.experiments.model_pipeline][INFO] - Trainer loaded in 0.00 seconds
[2026-06-18 16:56:18,791][feature_based_propensities_for_ULTR.experiments.model_pipeline][INFO] - Training model...
[2026-06-18 17:28:09,816][feature_based_propensities_for_ULTR.experiments.ips_pipeline][INFO] - Final evaluation results:
{'metrics': {'CTR': 0.4135725200176239,
             'DCG': 1.2779074907302856,
             'NCTR': 0.2784251272678375,
             'NDCG': 0.3337239623069763,
             'NDCG@25': 0.3337239623069763,
             'NRCTR': 0.2784251272678375,
             'RCTR': 0.4135725200176239}}
[2026-06-18 17:28:09,844][submitit][INFO] - Job completed successfully
[2026-06-18 17:28:09,856][submitit][INFO] - Exiting after successful completion
