[2026-06-18 01:15:45,546][feature_based_propensities_for_ULTR.experiments.config_resolver][WARNING] - test_clicks=500000 is ignored because test_set_mode='label_only'. Set test_set_mode='clicks' to enable legacy click-based test behavior.
[2026-06-18 01:15:45,552][feature_based_propensities_for_ULTR.experiments.data_pipeline][INFO] - Loading or generating click datasets...
[2026-06-18 01:16:45,966][absl][INFO] - orbax-checkpoint version: 0.11.40
[2026-06-18 01:16:45,967][absl][INFO] - save_device_host_concurrent_bytes=None
[2026-06-18 01:16:45,967][absl][INFO] - Created BasePyTreeCheckpointHandler: use_ocdbt=True, use_zarr3=False, pytree_metadata_options=PyTreeMetadataOptions(support_rich_types=False), array_metadata_store=<orbax.checkpoint._src.metadata.array_metadata_store.Store object at 0x14a29eedbc90>, enable_pinned_host_transfer=False, save_concurrent_bytes: 96000000000 (89.4 GiB), restore_concurrent_bytes: 96000000000 (89.4 GiB)
[2026-06-18 01:16:45,967][absl][INFO] - [thread=MainThread] Failed to get flag value for EXPERIMENTAL_ORBAX_USE_DISTRIBUTED_PROCESS_ID.
[2026-06-18 01:16:45,967][absl][INFO] - [process=0][thread=MainThread] Using barrier_sync_fn: <function get_barrier_sync_fn.<locals>.<lambda> at 0x14a1ecf06b60> timeout: 1200 secs and primary_host=0 for async checkpoint writes
[2026-06-18 01:16:45,968][absl][INFO] - [process=0] [sync] Started load checkpoint @ /gpfs/home5/sfris1/ltr_datasets/ips_datasets/logging_policy_c500000_ps1p0_pt0p5_bs1p0_drop0rel0_sessallocv2_candfullv2_topx25_maxdocs200_lprdeep_lpsegreedysampler_lppct10p0.
[2026-06-18 01:16:45,971][absl][INFO] - Restoring checkpoint from /gpfs/home5/sfris1/ltr_datasets/ips_datasets/logging_policy_c500000_ps1p0_pt0p5_bs1p0_drop0rel0_sessallocv2_candfullv2_topx25_maxdocs200_lprdeep_lpsegreedysampler_lppct10p0.
[2026-06-18 01:16:45,971][absl][INFO] - [process=0] [sync] Finished blocking load in 0.00 seconds. Continuing load @ /gpfs/home5/sfris1/ltr_datasets/ips_datasets/logging_policy_c500000_ps1p0_pt0p5_bs1p0_drop0rel0_sessallocv2_candfullv2_topx25_maxdocs200_lprdeep_lpsegreedysampler_lppct10p0.
[2026-06-18 01:16:45,987][absl][INFO] - [process=0] /jax/orbax/read/worker/io/requested throughput: 1.920 MiB/s (total gbytes: 21.4 KiB) (time elapsed: 0.010874271392822266 s) (per-host)
[2026-06-18 01:16:45,988][absl][INFO] - [process=0] /jax/checkpoint/read/gbytes_per_sec: 1.268 MiB/s (total gbytes: 21.4 KiB) (time elapsed: 0.016459941864013672 s) (per-host)
[2026-06-18 01:16:45,988][absl][INFO] - [process=0] [sync] Finished load in 0.02 seconds @ /gpfs/home5/sfris1/ltr_datasets/ips_datasets/logging_policy_c500000_ps1p0_pt0p5_bs1p0_drop0rel0_sessallocv2_candfullv2_topx25_maxdocs200_lprdeep_lpsegreedysampler_lppct10p0
[2026-06-18 01:17:31,528][feature_based_propensities_for_ULTR.experiments.data_pipeline][INFO] - Loaded click datasets in 105.98 seconds (train=375004, val=124996, test=0)
[2026-06-18 01:17:31,528][feature_based_propensities_for_ULTR.experiments.data_pipeline][INFO] - Test split is label-only by design; no test click dataset was loaded.
[2026-06-18 01:17:31,528][feature_based_propensities_for_ULTR.data.runtime.alignment][INFO] - Applying data cutoff override: configured=25, natural=25, effective=25
[2026-06-18 01:17:31,528][feature_based_propensities_for_ULTR.data.runtime.alignment][INFO] - Applying data cutoff override: configured=25, natural=25, effective=25
[2026-06-18 01:17:31,620][feature_based_propensities_for_ULTR.data.runtime.aggregation][INFO] - Initializing simulator...
[2026-06-18 01:17:31,621][feature_based_propensities_for_ULTR.data.runtime.aggregation][INFO] - Aggregating train dataset...
[2026-06-18 01:17:37,042][feature_based_propensities_for_ULTR.data.runtime.aggregation][INFO] - Aggregating validation dataset...
[2026-06-18 01:17:40,135][feature_based_propensities_for_ULTR.data.runtime.aggregation][INFO] - Aggregating test dataset from labels only...
[2026-06-18 01:17:41,049][feature_based_propensities_for_ULTR.data.runtime.aggregation][INFO] - Aggregation done in 9.43 seconds
[2026-06-18 01:17:41,050][feature_based_propensities_for_ULTR.data.runtime.aggregation][INFO] - Session usage after aggregation: requested(train=375004,val=124996), actual(train=375004,val=124996,test=0)
[2026-06-18 01:17:41,050][feature_based_propensities_for_ULTR.data.runtime.aggregation][INFO] - Dataset persistence disabled; skipping aggregated dataset cache save.
[2026-06-18 01:17:41,050][feature_based_propensities_for_ULTR.experiments.ips_pipeline][INFO] - Test split uses label-only evaluation; raw test click diagnostics are skipped.
[2026-06-18 01:17:41,101][feature_based_propensities_for_ULTR.experiments.diagnostics][INFO] - [Data] train_docs=2132810, val_docs=707814, test_docs=708921, cutoff=25
[2026-06-18 01:17:41,198][feature_based_propensities_for_ULTR.experiments.diagnostics][INFO] - [Train] clicks=40222, displays=9108275, ctr=0.0044, ctr_per_doc=0.0044
[2026-06-18 01:17:41,285][feature_based_propensities_for_ULTR.experiments.diagnostics][INFO] - [Validation] clicks=13455, displays=3041772, ctr=0.0044, ctr_per_doc=0.0044
[2026-06-18 01:17:41,373][feature_based_propensities_for_ULTR.experiments.diagnostics][INFO] - [Test] clicks=0, displays=0, ctr=0.0000, ctr_per_doc=0.0000
[2026-06-18 01:17:41,374][feature_based_propensities_for_ULTR.experiments.ips_pipeline][INFO] - Running estimator pipeline with model='ips'
[2026-06-18 01:17:41,374][feature_based_propensities_for_ULTR.experiments.ips_pipeline][INFO] - Computing position bias (alpha)...
[2026-06-18 01:17:41,426][feature_based_propensities_for_ULTR.experiments.propensity_pipeline][INFO] - Computing propensity per doc (method=true_propensity)...
[2026-06-18 01:40:17,735][feature_based_propensities_for_ULTR.experiments.propensity_pipeline][INFO] - Propensity computed in 1356.31 seconds
[2026-06-18 01:40:17,736][feature_based_propensities_for_ULTR.experiments.propensity_pipeline][INFO] - Alpha logits: [-0.        -0.6931472 -1.0986123 -1.3862944 -1.609438  -1.7917595
 -1.9459101 -2.0794415 -2.1972246 -2.3025851 -2.3978953 -2.4849067
 -2.5649493 -2.6390574 -2.7080503 -2.7725887 -2.8332133 -2.8903718
 -2.944439  -2.9957323 -3.0445225 -3.0910425 -3.1354942 -3.1780539
 -3.218876 ]
[2026-06-18 01:40:17,737][feature_based_propensities_for_ULTR.experiments.propensity_pipeline][INFO] - Alpha: [0.5        0.33333334 0.25       0.2        0.16666667 0.14285715
 0.12500001 0.11111111 0.1        0.09090909 0.08333333 0.07692308
 0.07142857 0.06666666 0.0625     0.05882353 0.05555556 0.05263158
 0.05       0.04761905 0.04545454 0.04347826 0.04166667 0.04
 0.03846154]
[2026-06-18 01:40:17,738][feature_based_propensities_for_ULTR.experiments.propensity_pipeline][INFO] - Propensity clipping disabled.
[2026-06-18 01:40:17,738][feature_based_propensities_for_ULTR.experiments.ips_pipeline][INFO] - Computing IPS doc weights...
[2026-06-18 01:40:18,230][feature_based_propensities_for_ULTR.experiments.ips_pipeline][INFO] - Doc weights computed in 0.49 seconds
[2026-06-18 01:40:18,267][feature_based_propensities_for_ULTR.experiments.model_pipeline][INFO] - Loading trainer (trainer_type='pl-rank', n_samples=100)...
[2026-06-18 01:40:18,269][feature_based_propensities_for_ULTR.experiments.model_pipeline][INFO] - Trainer loaded in 0.00 seconds
[2026-06-18 01:40:18,269][feature_based_propensities_for_ULTR.experiments.model_pipeline][INFO] - Training model...
[2026-06-18 02:14:47,507][feature_based_propensities_for_ULTR.experiments.ips_pipeline][INFO] - Final evaluation results:
{'metrics': {'CTR': 0.7321913838386536,
             'DCG': 1.9363596439361572,
             'NCTR': 0.48563534021377563,
             'NDCG': 0.5040826201438904,
             'NDCG@25': 0.5040826201438904,
             'NRCTR': 0.48563534021377563,
             'RCTR': 0.7321913838386536}}
[2026-06-18 02:14:47,535][submitit][INFO] - Job completed successfully
[2026-06-18 02:14:47,545][submitit][INFO] - Exiting after successful completion
