[2026-04-22 16:24:48,506][jax._src.xla_bridge][ERROR] - Jax plugin configuration error: Exception when calling jax_plugins.xla_cuda12.initialize()
Traceback (most recent call last):
  File "/gpfs/home5/sfris1/two-towers-confounding-project/.venv/lib/python3.11/site-packages/jax/_src/xla_bridge.py", line 485, in discover_pjrt_plugins
    plugin_module.initialize()
  File "/gpfs/home5/sfris1/two-towers-confounding-project/.venv/lib/python3.11/site-packages/jax_plugins/xla_cuda12/__init__.py", line 328, in initialize
    _check_cuda_versions(raise_on_first_error=True)
  File "/gpfs/home5/sfris1/two-towers-confounding-project/.venv/lib/python3.11/site-packages/jax_plugins/xla_cuda12/__init__.py", line 285, in _check_cuda_versions
    local_device_count = cuda_versions.cuda_device_count()
                         ^^^^^^^^^^^^^^^^^^^^^^^^^^^^^^^^^
RuntimeError: jaxlib/cuda/versions_helpers.cc:113: operation cuInit(0) failed: CUDA_ERROR_NO_DEVICE
[2026-04-22 16:24:49,552][two_tower_confounding.experiments.ips_pipeline][WARNING] - wandb.init failed (Error uploading run: returned error 403: {"data":{"upsertBucket":null},"errors":[{"message":"permission denied","path":["upsertBucket"],"extensions":{"code":"PERMISSION_ERROR"}}]}). Continuing with local logging only.
[2026-04-22 16:24:49,552][two_tower_confounding.experiments.ips_pipeline][WARNING] - Disabling wandb for trainer components because initialization failed.
[2026-04-22 16:24:49,553][two_tower_confounding.experiments.config_resolver][WARNING] - test_clicks=500000 is ignored because test_set_mode='label_only'. Set test_set_mode='clicks' to enable legacy click-based test behavior.
[2026-04-22 16:24:49,560][two_tower_confounding.experiments.data_pipeline][INFO] - Loading or generating click datasets...
[2026-04-22 16:25:14,317][absl][INFO] - orbax-checkpoint version: 0.11.25
[2026-04-22 16:25:14,317][absl][INFO] - Created BasePyTreeCheckpointHandler: use_ocdbt=True, use_zarr3=False, pytree_metadata_options=PyTreeMetadataOptions(support_rich_types=False), array_metadata_store=<orbax.checkpoint._src.metadata.array_metadata_store.Store object at 0x14b93b913f10>, enable_pinned_host_transfer=False, save_concurrent_bytes: 96000000000 (89.4 GiB), restore_concurrent_bytes: 96000000000 (89.4 GiB)
[2026-04-22 16:25:14,319][absl][INFO] - [thread=MainThread] Failed to get flag value for EXPERIMENTAL_ORBAX_USE_DISTRIBUTED_PROCESS_ID.
[2026-04-22 16:25:14,319][absl][INFO] - [process=0][thread=MainThread] Using barrier_sync_fn: <function get_barrier_sync_fn.<locals>.<lambda> at 0x14b882b55300> timeout: 600 secs and primary_host=0 for async checkpoint writes
[2026-04-22 16:25:14,322][absl][INFO] - Restoring checkpoint from /gpfs/home5/sfris1/ltr_datasets/ips_datasets/logging_policy_c10000_ps1p0_pt0p5_bs1p0_drop0rel0_sessallocv2_candfullv2_topx25_maxdocs80_lprdeep_lpsegreedysampler_lppct10p0.
[2026-04-22 16:25:14,342][absl][INFO] - [process=0] /jax/checkpoint/read/gbytes_per_sec: 0 Bytes/s (total gbytes: 91.8 KiB) (time elapsed: 19 milliseconds) (per-host)
[2026-04-22 16:25:14,343][absl][INFO] - Finished restoring checkpoint in 0.02 seconds from /gpfs/home5/sfris1/ltr_datasets/ips_datasets/logging_policy_c10000_ps1p0_pt0p5_bs1p0_drop0rel0_sessallocv2_candfullv2_topx25_maxdocs80_lprdeep_lpsegreedysampler_lppct10p0.
[2026-04-22 16:25:19,167][two_tower_confounding.experiments.data_pipeline][INFO] - Loaded click datasets in 29.61 seconds (train=8694, val=1306, test=0)
[2026-04-22 16:25:19,167][two_tower_confounding.experiments.data_pipeline][INFO] - Test split is label-only by design; no test click dataset was loaded.
[2026-04-22 16:25:19,168][two_tower_confounding.data.runtime.alignment][INFO] - Applying data cutoff override: configured=25, natural=25, effective=25
[2026-04-22 16:25:19,168][two_tower_confounding.data.runtime.alignment][INFO] - Applying data cutoff override: configured=25, natural=25, effective=25
[2026-04-22 16:25:19,293][two_tower_confounding.data.runtime.aggregation][INFO] - Initializing simulator...
[2026-04-22 16:25:19,294][two_tower_confounding.data.runtime.aggregation][INFO] - Aggregating train dataset...
[2026-04-22 16:25:25,987][two_tower_confounding.data.runtime.aggregation][INFO] - Aggregating validation dataset...
[2026-04-22 16:25:28,769][two_tower_confounding.data.runtime.aggregation][INFO] - Aggregating test dataset from labels only...
[2026-04-22 16:25:30,701][two_tower_confounding.data.runtime.aggregation][INFO] - Aggregation done in 11.41 seconds
[2026-04-22 16:25:30,702][two_tower_confounding.data.runtime.aggregation][INFO] - Session usage after aggregation: requested(train=8694,val=1306), actual(train=8694,val=1306,test=0)
[2026-04-22 16:25:30,702][two_tower_confounding.data.runtime.aggregation][INFO] - Dataset persistence disabled; skipping aggregated dataset cache save.
[2026-04-22 16:25:30,702][two_tower_confounding.experiments.ips_pipeline][INFO] - Test split uses label-only evaluation; raw test click diagnostics are skipped.
[2026-04-22 16:25:30,731][two_tower_confounding.experiments.diagnostics][INFO] - [Data] train_docs=470251, val_docs=70687, test_docs=164676, cutoff=25
[2026-04-22 16:25:30,803][two_tower_confounding.experiments.diagnostics][INFO] - [Train] clicks=1353, displays=147293, ctr=0.0092, ctr_per_doc=0.0092
[2026-04-22 16:25:30,872][two_tower_confounding.experiments.diagnostics][INFO] - [Validation] clicks=160, displays=21371, ctr=0.0075, ctr_per_doc=0.0075
[2026-04-22 16:25:30,941][two_tower_confounding.experiments.diagnostics][INFO] - [Test] clicks=0, displays=0, ctr=0.0000, ctr_per_doc=0.0000
[2026-04-22 16:25:30,942][two_tower_confounding.experiments.ips_pipeline][INFO] - Running estimator pipeline with model='ips'
[2026-04-22 16:25:30,942][two_tower_confounding.experiments.ips_pipeline][INFO] - Computing position bias (alpha)...
[2026-04-22 16:25:30,947][submitit][INFO] - Job completed successfully
[2026-04-22 16:25:30,960][submitit][INFO] - Exiting after successful completion
[2026-04-22 16:48:24,219][jax._src.xla_bridge][ERROR] - Jax plugin configuration error: Exception when calling jax_plugins.xla_cuda12.initialize()
Traceback (most recent call last):
  File "/gpfs/home5/sfris1/two-towers-confounding-project/.venv/lib/python3.11/site-packages/jax/_src/xla_bridge.py", line 485, in discover_pjrt_plugins
    plugin_module.initialize()
  File "/gpfs/home5/sfris1/two-towers-confounding-project/.venv/lib/python3.11/site-packages/jax_plugins/xla_cuda12/__init__.py", line 328, in initialize
    _check_cuda_versions(raise_on_first_error=True)
  File "/gpfs/home5/sfris1/two-towers-confounding-project/.venv/lib/python3.11/site-packages/jax_plugins/xla_cuda12/__init__.py", line 285, in _check_cuda_versions
    local_device_count = cuda_versions.cuda_device_count()
                         ^^^^^^^^^^^^^^^^^^^^^^^^^^^^^^^^^
RuntimeError: jaxlib/cuda/versions_helpers.cc:113: operation cuInit(0) failed: CUDA_ERROR_NO_DEVICE
[2026-04-22 16:48:25,245][two_tower_confounding.experiments.ips_pipeline][WARNING] - wandb.init failed (Error uploading run: returned error 403: {"data":{"upsertBucket":null},"errors":[{"message":"permission denied","path":["upsertBucket"],"extensions":{"code":"PERMISSION_ERROR"}}]}). Continuing with local logging only.
[2026-04-22 16:48:25,245][two_tower_confounding.experiments.ips_pipeline][WARNING] - Disabling wandb for trainer components because initialization failed.
[2026-04-22 16:48:25,246][two_tower_confounding.experiments.config_resolver][WARNING] - test_clicks=500000 is ignored because test_set_mode='label_only'. Set test_set_mode='clicks' to enable legacy click-based test behavior.
[2026-04-22 16:48:25,252][two_tower_confounding.experiments.data_pipeline][INFO] - Loading or generating click datasets...
[2026-04-22 16:48:48,864][absl][INFO] - orbax-checkpoint version: 0.11.25
[2026-04-22 16:48:48,875][absl][INFO] - Created BasePyTreeCheckpointHandler: use_ocdbt=True, use_zarr3=False, pytree_metadata_options=PyTreeMetadataOptions(support_rich_types=False), array_metadata_store=<orbax.checkpoint._src.metadata.array_metadata_store.Store object at 0x14d9063d9390>, enable_pinned_host_transfer=False, save_concurrent_bytes: 96000000000 (89.4 GiB), restore_concurrent_bytes: 96000000000 (89.4 GiB)
[2026-04-22 16:48:48,881][absl][INFO] - [thread=MainThread] Failed to get flag value for EXPERIMENTAL_ORBAX_USE_DISTRIBUTED_PROCESS_ID.
[2026-04-22 16:48:48,881][absl][INFO] - [process=0][thread=MainThread] Using barrier_sync_fn: <function get_barrier_sync_fn.<locals>.<lambda> at 0x14d8466b9300> timeout: 600 secs and primary_host=0 for async checkpoint writes
[2026-04-22 16:48:48,883][absl][INFO] - Restoring checkpoint from /gpfs/home5/sfris1/ltr_datasets/ips_datasets/logging_policy_c10000_ps1p0_pt0p5_bs1p0_drop0rel0_sessallocv2_candfullv2_topx25_maxdocs80_lprdeep_lpsegreedysampler_lppct10p0.
[2026-04-22 16:48:48,904][absl][INFO] - [process=0] /jax/checkpoint/read/gbytes_per_sec: 0 Bytes/s (total gbytes: 91.8 KiB) (time elapsed: 19 milliseconds) (per-host)
[2026-04-22 16:48:48,904][absl][INFO] - Finished restoring checkpoint in 0.02 seconds from /gpfs/home5/sfris1/ltr_datasets/ips_datasets/logging_policy_c10000_ps1p0_pt0p5_bs1p0_drop0rel0_sessallocv2_candfullv2_topx25_maxdocs80_lprdeep_lpsegreedysampler_lppct10p0.
[2026-04-22 16:48:53,728][two_tower_confounding.experiments.data_pipeline][INFO] - Loaded click datasets in 28.48 seconds (train=8694, val=1306, test=0)
[2026-04-22 16:48:53,728][two_tower_confounding.experiments.data_pipeline][INFO] - Test split is label-only by design; no test click dataset was loaded.
[2026-04-22 16:48:53,728][two_tower_confounding.data.runtime.alignment][INFO] - Applying data cutoff override: configured=25, natural=25, effective=25
[2026-04-22 16:48:53,729][two_tower_confounding.data.runtime.alignment][INFO] - Applying data cutoff override: configured=25, natural=25, effective=25
[2026-04-22 16:48:53,855][two_tower_confounding.data.runtime.aggregation][INFO] - Initializing simulator...
[2026-04-22 16:48:53,856][two_tower_confounding.data.runtime.aggregation][INFO] - Aggregating train dataset...
[2026-04-22 16:49:00,552][two_tower_confounding.data.runtime.aggregation][INFO] - Aggregating validation dataset...
[2026-04-22 16:49:03,310][two_tower_confounding.data.runtime.aggregation][INFO] - Aggregating test dataset from labels only...
[2026-04-22 16:49:05,176][two_tower_confounding.data.runtime.aggregation][INFO] - Aggregation done in 11.32 seconds
[2026-04-22 16:49:05,176][two_tower_confounding.data.runtime.aggregation][INFO] - Session usage after aggregation: requested(train=8694,val=1306), actual(train=8694,val=1306,test=0)
[2026-04-22 16:49:05,176][two_tower_confounding.data.runtime.aggregation][INFO] - Dataset persistence disabled; skipping aggregated dataset cache save.
[2026-04-22 16:49:05,176][two_tower_confounding.experiments.ips_pipeline][INFO] - Test split uses label-only evaluation; raw test click diagnostics are skipped.
[2026-04-22 16:49:05,202][two_tower_confounding.experiments.diagnostics][INFO] - [Data] train_docs=470251, val_docs=70687, test_docs=164676, cutoff=25
[2026-04-22 16:49:05,272][two_tower_confounding.experiments.diagnostics][INFO] - [Train] clicks=1353, displays=147293, ctr=0.0092, ctr_per_doc=0.0092
[2026-04-22 16:49:05,339][two_tower_confounding.experiments.diagnostics][INFO] - [Validation] clicks=160, displays=21371, ctr=0.0075, ctr_per_doc=0.0075
[2026-04-22 16:49:05,408][two_tower_confounding.experiments.diagnostics][INFO] - [Test] clicks=0, displays=0, ctr=0.0000, ctr_per_doc=0.0000
[2026-04-22 16:49:05,408][two_tower_confounding.experiments.ips_pipeline][INFO] - Running estimator pipeline with model='ips'
[2026-04-22 16:49:05,408][two_tower_confounding.experiments.ips_pipeline][INFO] - Computing position bias (alpha)...
[2026-04-22 16:49:05,415][two_tower_confounding.experiments.ips_pipeline][INFO] - Loaded CSV position bias from /gpfs/home5/sfris1/Doubly-Robust-Optimization-With-Two-Tower-Models/results/position_bias_csv_smoke.csv (method=pivot_one): [ 0.         -0.56798404 -0.31237468 -0.14310084 -1.1451323  -1.7635885
 -2.6390574  -1.4350846  -6.9077554  -6.9077554  -1.2527629  -6.9077554
 -6.9077554  -1.3862944  -6.9077554  -1.609438   -6.9077554  -6.9077554
 -6.9077554  -6.9077554  -6.9077554  -6.9077554  -6.9077554  -6.9077554
 -6.9077554 ]
[2026-04-22 16:49:05,416][two_tower_confounding.experiments.propensity_pipeline][INFO] - Computing propensity per doc (method=propensity_mlp_regression)...
[2026-04-22 16:49:44,519][two_tower_confounding.experiments.propensity_pipeline][INFO] - Propensity computed in 39.10 seconds
[2026-04-22 16:49:44,520][two_tower_confounding.experiments.propensity_pipeline][INFO] - Alpha logits: [ 0.     -0.568  -0.3124 -0.1431 -1.1451 -1.7636 -2.6391 -1.4351 -6.9078
 -6.9078 -1.2528 -6.9078 -6.9078 -1.3863 -6.9078 -1.6094 -6.9078 -6.9078
 -6.9078 -6.9078 -6.9078 -6.9078 -6.9078 -6.9078 -6.9078]
[2026-04-22 16:49:44,521][two_tower_confounding.experiments.propensity_pipeline][INFO] - Alpha: [0.5    0.3617 0.4225 0.4643 0.2414 0.1463 0.0667 0.1923 0.001  0.001
 0.2222 0.001  0.001  0.2    0.001  0.1667 0.001  0.001  0.001  0.001
 0.001  0.001  0.001  0.001  0.001 ]
[2026-04-22 16:49:44,521][two_tower_confounding.experiments.propensity_pipeline][INFO] - Propensity clipping disabled.
[2026-04-22 16:49:44,522][two_tower_confounding.experiments.ips_pipeline][INFO] - Computing IPS doc weights...
[2026-04-22 16:49:45,179][two_tower_confounding.experiments.ips_pipeline][INFO] - Doc weights computed in 0.66 seconds
[2026-04-22 16:49:45,184][two_tower_confounding.experiments.model_pipeline][INFO] - Loading trainer (trainer_type='pl-rank', n_samples=100)...
[2026-04-22 16:49:45,186][two_tower_confounding.experiments.model_pipeline][INFO] - Trainer loaded in 0.00 seconds
[2026-04-22 16:49:45,186][two_tower_confounding.experiments.model_pipeline][INFO] - Training model...
[2026-04-22 16:51:08,766][two_tower_confounding.experiments.ips_pipeline][INFO] - Final evaluation results:
{'metrics': {'CTR': 0.8767512440681458,
             'DCG': 1.9886199235916138,
             'NCTR': 0.6230737566947937,
             'NDCG': 0.7264930009841919,
             'NDCG@25': 0.7264930009841919,
             'NRCTR': 0.6230737566947937,
             'RCTR': 0.8767512440681458}}
[2026-04-22 16:51:08,793][submitit][INFO] - Job completed successfully
[2026-04-22 16:51:08,803][submitit][INFO] - Exiting after successful completion
[2026-05-02 18:24:29,730][two_tower_confounding.experiments.config_resolver][WARNING] - test_clicks=500000 is ignored because test_set_mode='label_only'. Set test_set_mode='clicks' to enable legacy click-based test behavior.
[2026-05-02 18:24:29,738][two_tower_confounding.experiments.data_pipeline][INFO] - Loading or generating click datasets...
[2026-05-02 18:24:58,646][absl][INFO] - orbax-checkpoint version: 0.11.37
[2026-05-02 18:24:58,647][absl][INFO] - save_device_host_concurrent_bytes=None
[2026-05-02 18:24:58,647][absl][INFO] - Created BasePyTreeCheckpointHandler: use_ocdbt=True, use_zarr3=False, pytree_metadata_options=PyTreeMetadataOptions(support_rich_types=False), array_metadata_store=<orbax.checkpoint._src.metadata.array_metadata_store.Store object at 0x15088913a790>, enable_pinned_host_transfer=False, save_concurrent_bytes: 96000000000 (89.4 GiB), restore_concurrent_bytes: 96000000000 (89.4 GiB)
[2026-05-02 18:24:58,648][absl][INFO] - [thread=MainThread] Failed to get flag value for EXPERIMENTAL_ORBAX_USE_DISTRIBUTED_PROCESS_ID.
[2026-05-02 18:24:58,648][absl][INFO] - [process=0][thread=MainThread] Using barrier_sync_fn: <function get_barrier_sync_fn.<locals>.<lambda> at 0x1507ee300d60> timeout: 1200 secs and primary_host=0 for async checkpoint writes
[2026-05-02 18:24:58,648][absl][INFO] - [process=0] [sync] Started load checkpoint @ /gpfs/home5/sfris1/ltr_datasets/ips_datasets/logging_policy_c10000_ps1p0_pt0p5_bs1p0_drop0rel0_sessallocv2_candfullv2_topx25_maxdocs80_lprdeep_lpsegreedysampler_lppct10p0.
[2026-05-02 18:24:58,650][absl][INFO] - Restoring checkpoint from /gpfs/home5/sfris1/ltr_datasets/ips_datasets/logging_policy_c10000_ps1p0_pt0p5_bs1p0_drop0rel0_sessallocv2_candfullv2_topx25_maxdocs80_lprdeep_lpsegreedysampler_lppct10p0.
[2026-05-02 18:24:58,651][absl][INFO] - [process=0] [sync] Finished blocking load in 0.00 seconds. Continuing load @ /gpfs/home5/sfris1/ltr_datasets/ips_datasets/logging_policy_c10000_ps1p0_pt0p5_bs1p0_drop0rel0_sessallocv2_candfullv2_topx25_maxdocs80_lprdeep_lpsegreedysampler_lppct10p0.
[2026-05-02 18:24:58,678][absl][INFO] - [process=0] /jax/orbax/read/worker/io/requested throughput: 5.140 MiB/s (total gbytes: 91.8 KiB) (time elapsed: 0.017431020736694336 s) (per-host)
[2026-05-02 18:24:58,680][absl][INFO] - [process=0] /jax/checkpoint/read/gbytes_per_sec: 3.419 MiB/s (total gbytes: 91.8 KiB) (time elapsed: 0.026206254959106445 s) (per-host)
[2026-05-02 18:24:58,680][absl][INFO] - [process=0] [sync] Finished load in 0.03 seconds @ /gpfs/home5/sfris1/ltr_datasets/ips_datasets/logging_policy_c10000_ps1p0_pt0p5_bs1p0_drop0rel0_sessallocv2_candfullv2_topx25_maxdocs80_lprdeep_lpsegreedysampler_lppct10p0
[2026-05-02 18:25:02,822][two_tower_confounding.experiments.data_pipeline][INFO] - Loaded click datasets in 33.08 seconds (train=8694, val=1306, test=0)
[2026-05-02 18:25:02,823][two_tower_confounding.experiments.data_pipeline][INFO] - Test split is label-only by design; no test click dataset was loaded.
[2026-05-02 18:25:02,823][two_tower_confounding.data.runtime.alignment][INFO] - Applying data cutoff override: configured=25, natural=25, effective=25
[2026-05-02 18:25:02,823][two_tower_confounding.data.runtime.alignment][INFO] - Applying data cutoff override: configured=25, natural=25, effective=25
[2026-05-02 18:25:02,913][two_tower_confounding.data.runtime.aggregation][INFO] - Initializing simulator...
[2026-05-02 18:25:02,914][two_tower_confounding.data.runtime.aggregation][INFO] - Aggregating train dataset...
[2026-05-02 18:25:08,960][two_tower_confounding.data.runtime.aggregation][INFO] - Aggregating validation dataset...
[2026-05-02 18:25:11,312][two_tower_confounding.data.runtime.aggregation][INFO] - Aggregating test dataset from labels only...
[2026-05-02 18:25:13,068][two_tower_confounding.data.runtime.aggregation][INFO] - Aggregation done in 10.15 seconds
[2026-05-02 18:25:13,068][two_tower_confounding.data.runtime.aggregation][INFO] - Session usage after aggregation: requested(train=8694,val=1306), actual(train=8694,val=1306,test=0)
[2026-05-02 18:25:13,068][two_tower_confounding.data.runtime.aggregation][INFO] - Dataset persistence disabled; skipping aggregated dataset cache save.
[2026-05-02 18:25:13,069][two_tower_confounding.experiments.ips_pipeline][INFO] - Test split uses label-only evaluation; raw test click diagnostics are skipped.
[2026-05-02 18:25:13,090][two_tower_confounding.experiments.diagnostics][INFO] - [Data] train_docs=470251, val_docs=70687, test_docs=164676, cutoff=25
[2026-05-02 18:25:13,177][two_tower_confounding.experiments.diagnostics][INFO] - [Train] clicks=1353, displays=147293, ctr=0.0092, ctr_per_doc=0.0092
[2026-05-02 18:25:13,257][two_tower_confounding.experiments.diagnostics][INFO] - [Validation] clicks=160, displays=21371, ctr=0.0075, ctr_per_doc=0.0075
[2026-05-02 18:25:13,374][two_tower_confounding.experiments.diagnostics][INFO] - [Test] clicks=0, displays=0, ctr=0.0000, ctr_per_doc=0.0000
[2026-05-02 18:25:13,374][two_tower_confounding.experiments.ips_pipeline][INFO] - Running estimator pipeline with model='ips'
[2026-05-02 18:25:13,374][two_tower_confounding.experiments.ips_pipeline][INFO] - Computing position bias (alpha)...
[2026-05-02 18:25:13,381][two_tower_confounding.experiments.ips_pipeline][INFO] - Loaded CSV position bias from /gpfs/home5/sfris1/Doubly-Robust-Optimization-With-Two-Tower-Models/results/position_bias_csv_smoke.csv (method=pivot_one): [ 0.         -0.56798404 -0.31237468 -0.14310084 -1.1451323  -1.7635885
 -2.6390574  -1.4350846  -6.9077554  -6.9077554  -1.2527629  -6.9077554
 -6.9077554  -1.3862944  -6.9077554  -1.609438   -6.9077554  -6.9077554
 -6.9077554  -6.9077554  -6.9077554  -6.9077554  -6.9077554  -6.9077554
 -6.9077554 ]
[2026-05-02 18:25:13,382][two_tower_confounding.experiments.propensity_pipeline][INFO] - Computing propensity per doc (method=propensity_mlp_regression)...
[2026-05-02 18:26:23,542][two_tower_confounding.experiments.propensity_pipeline][INFO] - Propensity computed in 70.16 seconds
[2026-05-02 18:26:23,543][two_tower_confounding.experiments.propensity_pipeline][INFO] - Alpha logits: [ 0.     -0.568  -0.3124 -0.1431 -1.1451 -1.7636 -2.6391 -1.4351 -6.9078
 -6.9078 -1.2528 -6.9078 -6.9078 -1.3863 -6.9078 -1.6094 -6.9078 -6.9078
 -6.9078 -6.9078 -6.9078 -6.9078 -6.9078 -6.9078 -6.9078]
[2026-05-02 18:26:23,544][two_tower_confounding.experiments.propensity_pipeline][INFO] - Alpha: [0.5    0.3617 0.4225 0.4643 0.2414 0.1463 0.0667 0.1923 0.001  0.001
 0.2222 0.001  0.001  0.2    0.001  0.1667 0.001  0.001  0.001  0.001
 0.001  0.001  0.001  0.001  0.001 ]
[2026-05-02 18:26:23,545][two_tower_confounding.experiments.propensity_pipeline][INFO] - Propensity clipping disabled.
[2026-05-02 18:26:23,545][two_tower_confounding.experiments.ips_pipeline][INFO] - Computing IPS doc weights...
[2026-05-02 18:26:23,996][two_tower_confounding.experiments.ips_pipeline][INFO] - Doc weights computed in 0.45 seconds
[2026-05-02 18:26:24,003][two_tower_confounding.experiments.model_pipeline][INFO] - Loading trainer (trainer_type='pl-rank', n_samples=100)...
[2026-05-02 18:26:24,005][two_tower_confounding.experiments.model_pipeline][INFO] - Trainer loaded in 0.00 seconds
[2026-05-02 18:26:24,005][two_tower_confounding.experiments.model_pipeline][INFO] - Training model...
[2026-05-02 18:27:25,733][two_tower_confounding.experiments.ips_pipeline][INFO] - Final evaluation results:
{'metrics': {'CTR': 0.8612487316131592,
             'DCG': 1.9619030952453613,
             'NCTR': 0.6131095886230469,
             'NDCG': 0.7180142998695374,
             'NDCG@25': 0.7180142998695374,
             'NRCTR': 0.6131095886230469,
             'RCTR': 0.8612487316131592}}
[2026-05-02 18:27:25,755][submitit][INFO] - Job completed successfully
[2026-05-02 18:27:25,765][submitit][INFO] - Exiting after successful completion
