[2026-06-18 16:53:53,206][feature_based_propensities_for_ULTR.experiments.config_resolver][WARNING] - test_clicks=500000 is ignored because test_set_mode='label_only'. Set test_set_mode='clicks' to enable legacy click-based test behavior.
[2026-06-18 16:53:53,211][feature_based_propensities_for_ULTR.experiments.data_pipeline][INFO] - Loading or generating click datasets...
[2026-06-18 16:54:16,548][absl][INFO] - orbax-checkpoint version: 0.11.40
[2026-06-18 16:54:16,548][absl][INFO] - save_device_host_concurrent_bytes=None
[2026-06-18 16:54:16,548][absl][INFO] - Created BasePyTreeCheckpointHandler: use_ocdbt=True, use_zarr3=False, pytree_metadata_options=PyTreeMetadataOptions(support_rich_types=False), array_metadata_store=<orbax.checkpoint._src.metadata.array_metadata_store.Store object at 0x148e7849a810>, enable_pinned_host_transfer=False, save_concurrent_bytes: 96000000000 (89.4 GiB), restore_concurrent_bytes: 96000000000 (89.4 GiB)
[2026-06-18 16:54:16,549][absl][INFO] - [thread=MainThread] Failed to get flag value for EXPERIMENTAL_ORBAX_USE_DISTRIBUTED_PROCESS_ID.
[2026-06-18 16:54:16,549][absl][INFO] - [process=0][thread=MainThread] Using barrier_sync_fn: <function get_barrier_sync_fn.<locals>.<lambda> at 0x148dd13e3880> timeout: 1200 secs and primary_host=0 for async checkpoint writes
[2026-06-18 16:54:16,549][absl][INFO] - [process=0] [sync] Started load checkpoint @ /gpfs/home5/sfris1/ltr_datasets/ips_datasets/logging_policy_c10000_ps1p0_pt0p5_bs1p0_drop0rel0_sessallocv2_candfullv2_topx25_maxdocs80_lprdeep_lpsegreedysampler_lppct10p0.
[2026-06-18 16:54:16,552][absl][INFO] - Restoring checkpoint from /gpfs/home5/sfris1/ltr_datasets/ips_datasets/logging_policy_c10000_ps1p0_pt0p5_bs1p0_drop0rel0_sessallocv2_candfullv2_topx25_maxdocs80_lprdeep_lpsegreedysampler_lppct10p0.
[2026-06-18 16:54:16,552][absl][INFO] - [process=0] [sync] Finished blocking load in 0.00 seconds. Continuing load @ /gpfs/home5/sfris1/ltr_datasets/ips_datasets/logging_policy_c10000_ps1p0_pt0p5_bs1p0_drop0rel0_sessallocv2_candfullv2_topx25_maxdocs80_lprdeep_lpsegreedysampler_lppct10p0.
[2026-06-18 16:54:16,567][absl][INFO] - [process=0] /jax/orbax/read/worker/io/requested throughput: 8.346 MiB/s (total gbytes: 91.8 KiB) (time elapsed: 0.01073598861694336 s) (per-host)
[2026-06-18 16:54:16,569][absl][INFO] - [process=0] /jax/checkpoint/read/gbytes_per_sec: 5.614 MiB/s (total gbytes: 91.8 KiB) (time elapsed: 0.015960216522216797 s) (per-host)
[2026-06-18 16:54:16,569][absl][INFO] - [process=0] [sync] Finished load in 0.02 seconds @ /gpfs/home5/sfris1/ltr_datasets/ips_datasets/logging_policy_c10000_ps1p0_pt0p5_bs1p0_drop0rel0_sessallocv2_candfullv2_topx25_maxdocs80_lprdeep_lpsegreedysampler_lppct10p0
[2026-06-18 16:54:20,726][feature_based_propensities_for_ULTR.experiments.data_pipeline][INFO] - Loaded click datasets in 27.51 seconds (train=8694, val=1306, test=0)
[2026-06-18 16:54:20,726][feature_based_propensities_for_ULTR.experiments.data_pipeline][INFO] - Test split is label-only by design; no test click dataset was loaded.
[2026-06-18 16:54:20,726][feature_based_propensities_for_ULTR.data.runtime.alignment][INFO] - Applying data cutoff override: configured=25, natural=25, effective=25
[2026-06-18 16:54:20,727][feature_based_propensities_for_ULTR.data.runtime.alignment][INFO] - Applying data cutoff override: configured=25, natural=25, effective=25
[2026-06-18 16:54:20,817][feature_based_propensities_for_ULTR.data.runtime.aggregation][INFO] - Initializing simulator...
[2026-06-18 16:54:20,818][feature_based_propensities_for_ULTR.data.runtime.aggregation][INFO] - Aggregating train dataset...
[2026-06-18 16:54:26,958][feature_based_propensities_for_ULTR.data.runtime.aggregation][INFO] - Aggregating validation dataset...
[2026-06-18 16:54:29,451][feature_based_propensities_for_ULTR.data.runtime.aggregation][INFO] - Aggregating test dataset from labels only...
[2026-06-18 16:54:31,054][feature_based_propensities_for_ULTR.data.runtime.aggregation][INFO] - Aggregation done in 10.24 seconds
[2026-06-18 16:54:31,055][feature_based_propensities_for_ULTR.data.runtime.aggregation][INFO] - Session usage after aggregation: requested(train=8694,val=1306), actual(train=8694,val=1306,test=0)
[2026-06-18 16:54:31,055][feature_based_propensities_for_ULTR.data.runtime.aggregation][INFO] - Dataset persistence disabled; skipping aggregated dataset cache save.
[2026-06-18 16:54:31,055][feature_based_propensities_for_ULTR.experiments.ips_pipeline][INFO] - Test split uses label-only evaluation; raw test click diagnostics are skipped.
[2026-06-18 16:54:31,077][feature_based_propensities_for_ULTR.experiments.diagnostics][INFO] - [Data] train_docs=470251, val_docs=70687, test_docs=164676, cutoff=25
[2026-06-18 16:54:31,164][feature_based_propensities_for_ULTR.experiments.diagnostics][INFO] - [Train] clicks=1393, displays=147436, ctr=0.0094, ctr_per_doc=0.0094
[2026-06-18 16:54:31,247][feature_based_propensities_for_ULTR.experiments.diagnostics][INFO] - [Validation] clicks=203, displays=22103, ctr=0.0092, ctr_per_doc=0.0092
[2026-06-18 16:54:31,365][feature_based_propensities_for_ULTR.experiments.diagnostics][INFO] - [Test] clicks=0, displays=0, ctr=0.0000, ctr_per_doc=0.0000
[2026-06-18 16:54:31,365][feature_based_propensities_for_ULTR.experiments.ips_pipeline][INFO] - Running estimator pipeline with model='ips'
[2026-06-18 16:54:31,365][feature_based_propensities_for_ULTR.experiments.ips_pipeline][INFO] - Computing position bias (alpha)...
[2026-06-18 16:54:31,382][ultr_bias_toolkit.bias.intervention_harvesting.all_pairs][INFO] - Position bias estimation using global all pairs estimator
[2026-06-18 16:55:19,910][feature_based_propensities_for_ULTR.experiments.position_bias_pipeline][INFO] - Saved estimated position-bias curve to position_bias.json
[2026-06-18 16:55:19,910][feature_based_propensities_for_ULTR.experiments.ips_pipeline][INFO] - Estimated position bias in-run (estimator=global_all_pairs): [ 0.         -0.91941625 -1.4288712  -1.8610659  -1.9463503  -2.250603
 -1.4785287  -2.247395   -3.104116   -2.3060706  -2.3811681  -2.288232
 -3.2678742  -3.4602158  -2.453698   -3.3282316  -5.8013415  -2.5002792
 -6.9077554  -3.4158788  -4.111823   -3.4093616  -4.074687   -1.5217087
 -6.5695662 ]
[2026-06-18 16:55:19,911][feature_based_propensities_for_ULTR.experiments.propensity_pipeline][INFO] - Computing propensity per doc (method=propensity_mlp_regression)...
[2026-06-18 16:56:16,151][feature_based_propensities_for_ULTR.experiments.propensity_pipeline][INFO] - Propensity computed in 56.24 seconds
[2026-06-18 16:56:16,151][feature_based_propensities_for_ULTR.experiments.propensity_pipeline][INFO] - Alpha logits: [ 0.     -0.9194 -1.4289 -1.8611 -1.9464 -2.2506 -1.4785 -2.2474 -3.1041
 -2.3061 -2.3812 -2.2882 -3.2679 -3.4602 -2.4537 -3.3282 -5.8013 -2.5003
 -6.9078 -3.4159 -4.1118 -3.4094 -4.0747 -1.5217 -6.5696]
[2026-06-18 16:56:16,152][feature_based_propensities_for_ULTR.experiments.propensity_pipeline][INFO] - Alpha: [0.5    0.2851 0.1933 0.1346 0.125  0.0953 0.1856 0.0956 0.0429 0.0906
 0.0846 0.0921 0.0367 0.0305 0.0792 0.0346 0.003  0.0758 0.001  0.0318
 0.0161 0.032  0.0167 0.1792 0.0014]
[2026-06-18 16:56:16,153][feature_based_propensities_for_ULTR.experiments.propensity_pipeline][INFO] - Propensity clipping disabled.
[2026-06-18 16:56:16,153][feature_based_propensities_for_ULTR.experiments.ips_pipeline][INFO] - Computing IPS doc weights...
[2026-06-18 16:56:16,620][feature_based_propensities_for_ULTR.experiments.ips_pipeline][INFO] - Doc weights computed in 0.47 seconds
[2026-06-18 16:56:16,627][feature_based_propensities_for_ULTR.experiments.model_pipeline][INFO] - Loading trainer (trainer_type='pl-rank', n_samples=100)...
[2026-06-18 16:56:16,629][feature_based_propensities_for_ULTR.experiments.model_pipeline][INFO] - Trainer loaded in 0.00 seconds
[2026-06-18 16:56:16,629][feature_based_propensities_for_ULTR.experiments.model_pipeline][INFO] - Training model...
[2026-06-18 16:58:09,186][feature_based_propensities_for_ULTR.experiments.ips_pipeline][INFO] - Final evaluation results:
{'metrics': {'CTR': 0.7378500699996948,
             'DCG': 2.1426591873168945,
             'NCTR': 0.686862587928772,
             'NDCG': 0.7730895280838013,
             'NDCG@25': 0.7730895280838013,
             'NRCTR': 0.686862587928772,
             'RCTR': 0.7378500699996948}}
[2026-06-18 16:58:09,211][submitit][INFO] - Job completed successfully
[2026-06-18 16:58:09,220][submitit][INFO] - Exiting after successful completion
