[2026-03-18 16:30:38,224][jax._src.xla_bridge][ERROR] - Jax plugin configuration error: Exception when calling jax_plugins.xla_cuda12.initialize()
Traceback (most recent call last):
  File "/gpfs/home5/sfris1/two-towers-confounding-project/.venv/lib/python3.11/site-packages/jax/_src/xla_bridge.py", line 485, in discover_pjrt_plugins
    plugin_module.initialize()
  File "/gpfs/home5/sfris1/two-towers-confounding-project/.venv/lib/python3.11/site-packages/jax_plugins/xla_cuda12/__init__.py", line 328, in initialize
    _check_cuda_versions(raise_on_first_error=True)
  File "/gpfs/home5/sfris1/two-towers-confounding-project/.venv/lib/python3.11/site-packages/jax_plugins/xla_cuda12/__init__.py", line 285, in _check_cuda_versions
    local_device_count = cuda_versions.cuda_device_count()
                         ^^^^^^^^^^^^^^^^^^^^^^^^^^^^^^^^^
RuntimeError: jaxlib/cuda/versions_helpers.cc:113: operation cuInit(0) failed: CUDA_ERROR_NO_DEVICE
[2026-03-18 16:30:39,310][two_tower_confounding.experiments.ips_pipeline][WARNING] - wandb.init failed (Error uploading run: returned error 403: {"data":{"upsertBucket":null},"errors":[{"message":"permission denied","path":["upsertBucket"],"extensions":{"code":"PERMISSION_ERROR"}}]}). Continuing with local logging only.
[2026-03-18 16:30:39,310][two_tower_confounding.experiments.ips_pipeline][WARNING] - Disabling wandb for trainer components because initialization failed.
[2026-03-18 16:30:39,312][two_tower_confounding.experiments.config_resolver][WARNING] - test_clicks=500000 is ignored because test_set_mode='label_only'. Set test_set_mode='clicks' to enable legacy click-based test behavior.
[2026-03-18 16:30:39,318][two_tower_confounding.experiments.data_pipeline][INFO] - Loading or generating click datasets...
[2026-03-18 16:32:05,673][absl][INFO] - orbax-checkpoint version: 0.11.25
[2026-03-18 16:32:05,673][absl][INFO] - Created BasePyTreeCheckpointHandler: use_ocdbt=True, use_zarr3=False, pytree_metadata_options=PyTreeMetadataOptions(support_rich_types=False), array_metadata_store=<orbax.checkpoint._src.metadata.array_metadata_store.Store object at 0x14e9a9fb5550>, enable_pinned_host_transfer=False, save_concurrent_bytes: 96000000000 (89.4 GiB), restore_concurrent_bytes: 96000000000 (89.4 GiB)
[2026-03-18 16:32:05,673][absl][INFO] - [thread=MainThread] Failed to get flag value for EXPERIMENTAL_ORBAX_USE_DISTRIBUTED_PROCESS_ID.
[2026-03-18 16:32:05,674][absl][INFO] - [process=0][thread=MainThread] Using barrier_sync_fn: <function get_barrier_sync_fn.<locals>.<lambda> at 0x14e79fc7b560> timeout: 600 secs and primary_host=0 for async checkpoint writes
[2026-03-18 16:32:05,677][absl][INFO] - Restoring checkpoint from /gpfs/home5/sfris1/ltr_datasets/ips_datasets/logging_policy_c5000000_ps1p0_pt0p5_bs1p0_drop0rel0_dqchunk1_fsample1_spct50p0_candfullv2_topx25_maxdocs200_lprdeep_lpsegreedysampler_lppct10p0.
[2026-03-18 16:32:05,699][absl][INFO] - [process=0] /jax/checkpoint/read/gbytes_per_sec: 0 Bytes/s (total gbytes: 21.4 KiB) (time elapsed: 20 milliseconds) (per-host)
[2026-03-18 16:32:05,700][absl][INFO] - Finished restoring checkpoint in 0.03 seconds from /gpfs/home5/sfris1/ltr_datasets/ips_datasets/logging_policy_c5000000_ps1p0_pt0p5_bs1p0_drop0rel0_dqchunk1_fsample1_spct50p0_candfullv2_topx25_maxdocs200_lprdeep_lpsegreedysampler_lppct10p0.
[2026-03-18 16:32:13,271][two_tower_confounding.experiments.data_pipeline][INFO] - Loaded click datasets in 93.95 seconds (train=49999, val=16466, test=0)
[2026-03-18 16:32:13,271][two_tower_confounding.experiments.data_pipeline][INFO] - Test split is label-only by design; no test click dataset was loaded.
[2026-03-18 16:32:13,271][two_tower_confounding.data.runtime.aggregation][INFO] - Applying data cutoff override: configured=25, natural=25, effective=25
[2026-03-18 16:32:13,403][two_tower_confounding.data.runtime.aggregation][INFO] - Initializing simulator...
[2026-03-18 16:32:13,404][two_tower_confounding.data.runtime.aggregation][INFO] - Aggregating train dataset...
[2026-03-18 16:32:18,509][two_tower_confounding.data.runtime.aggregation][INFO] - Aggregating validation dataset...
[2026-03-18 16:32:21,916][two_tower_confounding.data.runtime.aggregation][INFO] - Aggregating test dataset from labels only...
[2026-03-18 16:32:23,435][two_tower_confounding.data.runtime.aggregation][INFO] - Aggregation done in 10.03 seconds
[2026-03-18 16:32:23,435][two_tower_confounding.data.runtime.aggregation][INFO] - Session usage after aggregation: requested(train=49999,val=16466), actual(train=49999,val=16466,test=0)
[2026-03-18 16:32:23,435][two_tower_confounding.data.runtime.aggregation][INFO] - Dataset persistence disabled; skipping aggregated dataset cache save.
[2026-03-18 16:32:23,435][two_tower_confounding.experiments.ips_pipeline][INFO] - Test split uses label-only evaluation; raw test click diagnostics are skipped.
[2026-03-18 16:32:23,498][two_tower_confounding.experiments.diagnostics][INFO] - [Data] train_docs=2270296, val_docs=747218, test_docs=708921, cutoff=25
[2026-03-18 16:32:23,585][two_tower_confounding.experiments.diagnostics][INFO] - [Train] clicks=3879, displays=1136282, ctr=0.0034, ctr_per_doc=0.0034
[2026-03-18 16:32:23,656][two_tower_confounding.experiments.diagnostics][INFO] - [Validation] clicks=1326, displays=373826, ctr=0.0035, ctr_per_doc=0.0035
[2026-03-18 16:32:23,731][two_tower_confounding.experiments.diagnostics][INFO] - [Test] clicks=0, displays=0, ctr=0.0000, ctr_per_doc=0.0000
[2026-03-18 16:32:23,732][two_tower_confounding.experiments.ips_pipeline][INFO] - Running estimator pipeline with model='ips'
[2026-03-18 16:32:23,732][two_tower_confounding.experiments.ips_pipeline][INFO] - Computing position bias (alpha)...
[2026-03-18 16:32:23,796][two_tower_confounding.experiments.propensity_pipeline][INFO] - Computing propensity per doc (method=propensity_mlp_regression)...
[2026-03-18 16:34:24,555][two_tower_confounding.experiments.propensity_pipeline][INFO] - Propensity computed in 120.76 seconds
[2026-03-18 16:34:24,556][two_tower_confounding.experiments.propensity_pipeline][INFO] - Alpha logits: [-0.     -0.6931 -1.0986 -1.3863 -1.6094 -1.7918 -1.9459 -2.0794 -2.1972
 -2.3026 -2.3979 -2.4849 -2.5649 -2.6391 -2.7081 -2.7726 -2.8332 -2.8904
 -2.9444 -2.9957 -3.0445 -3.091  -3.1355 -3.1781 -3.2189]
[2026-03-18 16:34:24,557][two_tower_confounding.experiments.propensity_pipeline][INFO] - Alpha: [0.5    0.3333 0.25   0.2    0.1667 0.1429 0.125  0.1111 0.1    0.0909
 0.0833 0.0769 0.0714 0.0667 0.0625 0.0588 0.0556 0.0526 0.05   0.0476
 0.0455 0.0435 0.0417 0.04   0.0385]
[2026-03-18 16:34:24,558][two_tower_confounding.experiments.propensity_pipeline][INFO] - Propensity clipping disabled.
[2026-03-18 16:34:24,558][two_tower_confounding.experiments.ips_pipeline][INFO] - Computing IPS doc weights...
[2026-03-18 16:34:25,635][two_tower_confounding.experiments.ips_pipeline][INFO] - Doc weights computed in 1.08 seconds
[2026-03-18 16:34:25,644][two_tower_confounding.experiments.model_pipeline][INFO] - Loading trainer (trainer_type='pl-rank', n_samples=100)...
[2026-03-18 16:34:25,646][two_tower_confounding.experiments.model_pipeline][INFO] - Trainer loaded in 0.00 seconds
[2026-03-18 16:34:25,646][two_tower_confounding.experiments.model_pipeline][INFO] - Training model...
[2026-03-18 16:35:59,022][two_tower_confounding.experiments.ips_pipeline][INFO] - Final evaluation results:
{'metrics': {'CTR': 0.6430683732032776,
             'DCG': 1.7267029285430908,
             'NCTR': 0.42501100897789,
             'NDCG': 0.4473055303096771,
             'NDCG@25': 0.4473055303096771,
             'NRCTR': 0.42501100897789,
             'RCTR': 0.6430683732032776}}
[2026-03-18 16:35:59,086][submitit][INFO] - Job completed successfully
[2026-03-18 16:35:59,097][submitit][INFO] - Exiting after successful completion
