[2026-06-18 15:41:47,537][feature_based_propensities_for_ULTR.experiments.config_resolver][WARNING] - test_clicks=500000 is ignored because test_set_mode='label_only'. Set test_set_mode='clicks' to enable legacy click-based test behavior.
[2026-06-18 15:41:47,542][feature_based_propensities_for_ULTR.experiments.data_pipeline][INFO] - Loading or generating click datasets...
[2026-06-18 15:43:15,774][absl][INFO] - orbax-checkpoint version: 0.11.40
[2026-06-18 15:43:15,774][absl][INFO] - save_device_host_concurrent_bytes=None
[2026-06-18 15:43:15,775][absl][INFO] - Created BasePyTreeCheckpointHandler: use_ocdbt=True, use_zarr3=False, pytree_metadata_options=PyTreeMetadataOptions(support_rich_types=False), array_metadata_store=<orbax.checkpoint._src.metadata.array_metadata_store.Store object at 0x14cb8fdc5a50>, enable_pinned_host_transfer=False, save_concurrent_bytes: 96000000000 (89.4 GiB), restore_concurrent_bytes: 96000000000 (89.4 GiB)
[2026-06-18 15:43:15,775][absl][INFO] - [thread=MainThread] Failed to get flag value for EXPERIMENTAL_ORBAX_USE_DISTRIBUTED_PROCESS_ID.
[2026-06-18 15:43:15,775][absl][INFO] - [process=0][thread=MainThread] Using barrier_sync_fn: <function get_barrier_sync_fn.<locals>.<lambda> at 0x14cabfa1f920> timeout: 1200 secs and primary_host=0 for async checkpoint writes
[2026-06-18 15:43:15,775][absl][INFO] - [process=0] [sync] Started load checkpoint @ /gpfs/home5/sfris1/ltr_datasets/ips_datasets/istella_logging_policy_c10000_ps1p0_pt0p5_bs1p0_drop0rel0_sessallocv2_candfullv2_topx25_maxdocs200_lprdeep_lpsegreedysampler_lppct10p0.
[2026-06-18 15:43:15,778][absl][INFO] - Restoring checkpoint from /gpfs/home5/sfris1/ltr_datasets/ips_datasets/istella_logging_policy_c10000_ps1p0_pt0p5_bs1p0_drop0rel0_sessallocv2_candfullv2_topx25_maxdocs200_lprdeep_lpsegreedysampler_lppct10p0.
[2026-06-18 15:43:15,778][absl][INFO] - [process=0] [sync] Finished blocking load in 0.00 seconds. Continuing load @ /gpfs/home5/sfris1/ltr_datasets/ips_datasets/istella_logging_policy_c10000_ps1p0_pt0p5_bs1p0_drop0rel0_sessallocv2_candfullv2_topx25_maxdocs200_lprdeep_lpsegreedysampler_lppct10p0.
[2026-06-18 15:43:15,793][absl][INFO] - [process=0] /jax/orbax/read/worker/io/requested throughput: 2.820 MiB/s (total gbytes: 31.6 KiB) (time elapsed: 0.010954618453979492 s) (per-host)
[2026-06-18 15:43:15,795][absl][INFO] - [process=0] /jax/checkpoint/read/gbytes_per_sec: 1.894 MiB/s (total gbytes: 31.6 KiB) (time elapsed: 0.01630997657775879 s) (per-host)
[2026-06-18 15:43:15,795][absl][INFO] - [process=0] [sync] Finished load in 0.02 seconds @ /gpfs/home5/sfris1/ltr_datasets/ips_datasets/istella_logging_policy_c10000_ps1p0_pt0p5_bs1p0_drop0rel0_sessallocv2_candfullv2_topx25_maxdocs200_lprdeep_lpsegreedysampler_lppct10p0
[2026-06-18 15:43:20,920][feature_based_propensities_for_ULTR.experiments.data_pipeline][INFO] - Loaded click datasets in 93.38 seconds (train=7274, val=2726, test=0)
[2026-06-18 15:43:20,921][feature_based_propensities_for_ULTR.experiments.data_pipeline][INFO] - Test split is label-only by design; no test click dataset was loaded.
[2026-06-18 15:43:20,921][feature_based_propensities_for_ULTR.data.runtime.alignment][INFO] - Applying data cutoff override: configured=25, natural=25, effective=25
[2026-06-18 15:43:20,921][feature_based_propensities_for_ULTR.data.runtime.alignment][INFO] - Applying data cutoff override: configured=25, natural=25, effective=25
[2026-06-18 15:43:21,011][feature_based_propensities_for_ULTR.data.runtime.aggregation][INFO] - Initializing simulator...
[2026-06-18 15:43:21,012][feature_based_propensities_for_ULTR.data.runtime.aggregation][INFO] - Aggregating train dataset...
[2026-06-18 15:43:27,366][feature_based_propensities_for_ULTR.data.runtime.aggregation][INFO] - Aggregating validation dataset...
[2026-06-18 15:43:30,606][feature_based_propensities_for_ULTR.data.runtime.aggregation][INFO] - Aggregating test dataset from labels only...
[2026-06-18 15:43:32,000][feature_based_propensities_for_ULTR.data.runtime.aggregation][INFO] - Aggregation done in 10.99 seconds
[2026-06-18 15:43:32,000][feature_based_propensities_for_ULTR.data.runtime.aggregation][INFO] - Session usage after aggregation: requested(train=7274,val=2726), actual(train=7274,val=2726,test=0)
[2026-06-18 15:43:32,000][feature_based_propensities_for_ULTR.data.runtime.aggregation][INFO] - Dataset persistence disabled; skipping aggregated dataset cache save.
[2026-06-18 15:43:32,001][feature_based_propensities_for_ULTR.experiments.ips_pipeline][INFO] - Test split uses label-only evaluation; raw test click diagnostics are skipped.
[2026-06-18 15:43:32,052][feature_based_propensities_for_ULTR.experiments.diagnostics][INFO] - [Data] train_docs=2043304, val_docs=684076, test_docs=681250, cutoff=25
[2026-06-18 15:43:32,146][feature_based_propensities_for_ULTR.experiments.diagnostics][INFO] - [Train] clicks=1624, displays=181051, ctr=0.0090, ctr_per_doc=0.0090
[2026-06-18 15:43:32,235][feature_based_propensities_for_ULTR.experiments.diagnostics][INFO] - [Validation] clicks=551, displays=67767, ctr=0.0081, ctr_per_doc=0.0081
[2026-06-18 15:43:32,323][feature_based_propensities_for_ULTR.experiments.diagnostics][INFO] - [Test] clicks=0, displays=0, ctr=0.0000, ctr_per_doc=0.0000
[2026-06-18 15:43:32,323][feature_based_propensities_for_ULTR.experiments.ips_pipeline][INFO] - Running estimator pipeline with model='dm'
[2026-06-18 15:43:32,323][feature_based_propensities_for_ULTR.experiments.ips_pipeline][INFO] - Computing position bias (alpha)...
[2026-06-18 15:43:32,341][ultr_bias_toolkit.bias.intervention_harvesting.all_pairs][INFO] - Position bias estimation using global all pairs estimator
[2026-06-18 15:44:21,767][feature_based_propensities_for_ULTR.experiments.position_bias_pipeline][INFO] - Saved estimated position-bias curve to position_bias.json
[2026-06-18 15:44:21,767][feature_based_propensities_for_ULTR.experiments.ips_pipeline][INFO] - Estimated position bias in-run (estimator=global_all_pairs): [ 0.         -0.51614034 -0.9338624  -1.8764644  -1.1542996  -1.8070064
 -1.7942967  -6.9077554  -1.7568492  -2.3582177  -1.0852308  -2.0833347
 -2.494084   -0.95047843 -2.428729   -2.49994    -2.4129303  -2.0459197
 -5.7741494  -1.5582623  -2.111255   -2.1177216  -6.74028    -2.4764707
 -6.9077554 ]
[2026-06-18 15:44:21,768][feature_based_propensities_for_ULTR.experiments.propensity_pipeline][INFO] - Computing propensity per doc (method=true_propensity)...
[2026-06-18 15:44:48,279][feature_based_propensities_for_ULTR.experiments.propensity_pipeline][INFO] - Propensity computed in 26.51 seconds
[2026-06-18 15:44:48,279][feature_based_propensities_for_ULTR.experiments.propensity_pipeline][INFO] - Alpha logits: [ 0.         -0.51614034 -0.9338624  -1.8764644  -1.1542996  -1.8070064
 -1.7942967  -6.9077554  -1.7568492  -2.3582177  -1.0852308  -2.0833347
 -2.494084   -0.95047843 -2.428729   -2.49994    -2.4129303  -2.0459197
 -5.7741494  -1.5582623  -2.111255   -2.1177216  -6.74028    -2.4764707
 -6.9077554 ]
[2026-06-18 15:44:48,280][feature_based_propensities_for_ULTR.experiments.propensity_pipeline][INFO] - Alpha: [0.5        0.3737552  0.28214177 0.13279551 0.23970461 0.14100032
 0.14254674 0.000999   0.1471854  0.08641481 0.2525174  0.11072718
 0.07627396 0.2787886  0.08100803 0.0758624  0.082192   0.11446533
 0.00309722 0.17389612 0.10800771 0.10738626 0.00118092 0.07752422
 0.000999  ]
[2026-06-18 15:44:48,281][feature_based_propensities_for_ULTR.experiments.propensity_pipeline][INFO] - Propensity clipping disabled.
[2026-06-18 15:44:49,421][feature_based_propensities_for_ULTR.experiments.regression_pipeline][INFO] - Training regression model for DM/DR...
[2026-06-18 15:44:57,347][feature_based_propensities_for_ULTR.experiments.regression_pipeline][INFO] - Regression epoch 3: train_loss=0.250353 val_loss=0.255556
[2026-06-18 15:45:03,921][feature_based_propensities_for_ULTR.experiments.regression_pipeline][INFO] - Regression epoch 6: train_loss=0.240265 val_loss=0.252799
[2026-06-18 15:45:10,477][feature_based_propensities_for_ULTR.experiments.regression_pipeline][INFO] - Regression epoch 9: train_loss=0.235741 val_loss=0.257016
[2026-06-18 15:45:16,333][feature_based_propensities_for_ULTR.experiments.ips_pipeline][INFO] - Computing DM doc weights...
[2026-06-18 15:45:16,333][feature_based_propensities_for_ULTR.experiments.ips_pipeline][INFO] - Doc weights computed in 0.00 seconds
[2026-06-18 15:45:16,343][feature_based_propensities_for_ULTR.experiments.model_pipeline][INFO] - Loading trainer (trainer_type='pl-rank', n_samples=100)...
[2026-06-18 15:45:16,345][feature_based_propensities_for_ULTR.experiments.model_pipeline][INFO] - Trainer loaded in 0.00 seconds
[2026-06-18 15:45:16,345][feature_based_propensities_for_ULTR.experiments.model_pipeline][INFO] - Training model...
[2026-06-18 16:22:14,899][feature_based_propensities_for_ULTR.experiments.ips_pipeline][INFO] - Final evaluation results:
{'metrics': {'CTR': 1.140816330909729,
             'DCG': 2.4150125980377197,
             'NCTR': 0.6044445037841797,
             'NDCG': 0.7028903961181641,
             'NDCG@25': 0.7028903961181641,
             'NRCTR': 0.6044445037841797,
             'RCTR': 1.140816330909729}}
[2026-06-18 16:22:14,935][submitit][INFO] - Job completed successfully
[2026-06-18 16:22:14,944][submitit][INFO] - Exiting after successful completion
