[2026-06-18 15:29:04,290][feature_based_propensities_for_ULTR.experiments.config_resolver][WARNING] - test_clicks=500000 is ignored because test_set_mode='label_only'. Set test_set_mode='clicks' to enable legacy click-based test behavior.
[2026-06-18 15:29:04,296][feature_based_propensities_for_ULTR.experiments.data_pipeline][INFO] - Loading or generating click datasets...
[2026-06-18 15:29:27,431][absl][INFO] - orbax-checkpoint version: 0.11.40
[2026-06-18 15:29:27,432][absl][INFO] - save_device_host_concurrent_bytes=None
[2026-06-18 15:29:27,432][absl][INFO] - Created BasePyTreeCheckpointHandler: use_ocdbt=True, use_zarr3=False, pytree_metadata_options=PyTreeMetadataOptions(support_rich_types=False), array_metadata_store=<orbax.checkpoint._src.metadata.array_metadata_store.Store object at 0x14694729de90>, enable_pinned_host_transfer=False, save_concurrent_bytes: 96000000000 (89.4 GiB), restore_concurrent_bytes: 96000000000 (89.4 GiB)
[2026-06-18 15:29:27,432][absl][INFO] - [thread=MainThread] Failed to get flag value for EXPERIMENTAL_ORBAX_USE_DISTRIBUTED_PROCESS_ID.
[2026-06-18 15:29:27,432][absl][INFO] - [process=0][thread=MainThread] Using barrier_sync_fn: <function get_barrier_sync_fn.<locals>.<lambda> at 0x14689fc37880> timeout: 1200 secs and primary_host=0 for async checkpoint writes
[2026-06-18 15:29:27,433][absl][INFO] - [process=0] [sync] Started load checkpoint @ /gpfs/home5/sfris1/ltr_datasets/ips_datasets/logging_policy_c10000_ps1p0_pt0p5_bs1p0_drop0rel0_sessallocv2_candfullv2_topx25_maxdocs80_lprdeep_lpsegreedysampler_lppct10p0.
[2026-06-18 15:29:27,435][absl][INFO] - Restoring checkpoint from /gpfs/home5/sfris1/ltr_datasets/ips_datasets/logging_policy_c10000_ps1p0_pt0p5_bs1p0_drop0rel0_sessallocv2_candfullv2_topx25_maxdocs80_lprdeep_lpsegreedysampler_lppct10p0.
[2026-06-18 15:29:27,435][absl][INFO] - [process=0] [sync] Finished blocking load in 0.00 seconds. Continuing load @ /gpfs/home5/sfris1/ltr_datasets/ips_datasets/logging_policy_c10000_ps1p0_pt0p5_bs1p0_drop0rel0_sessallocv2_candfullv2_topx25_maxdocs80_lprdeep_lpsegreedysampler_lppct10p0.
[2026-06-18 15:29:27,451][absl][INFO] - [process=0] /jax/orbax/read/worker/io/requested throughput: 8.088 MiB/s (total gbytes: 91.8 KiB) (time elapsed: 0.011077880859375 s) (per-host)
[2026-06-18 15:29:27,453][absl][INFO] - [process=0] /jax/checkpoint/read/gbytes_per_sec: 5.419 MiB/s (total gbytes: 91.8 KiB) (time elapsed: 0.016535520553588867 s) (per-host)
[2026-06-18 15:29:27,453][absl][INFO] - [process=0] [sync] Finished load in 0.02 seconds @ /gpfs/home5/sfris1/ltr_datasets/ips_datasets/logging_policy_c10000_ps1p0_pt0p5_bs1p0_drop0rel0_sessallocv2_candfullv2_topx25_maxdocs80_lprdeep_lpsegreedysampler_lppct10p0
[2026-06-18 15:29:31,637][feature_based_propensities_for_ULTR.experiments.data_pipeline][INFO] - Loaded click datasets in 27.34 seconds (train=8694, val=1306, test=0)
[2026-06-18 15:29:31,637][feature_based_propensities_for_ULTR.experiments.data_pipeline][INFO] - Test split is label-only by design; no test click dataset was loaded.
[2026-06-18 15:29:31,638][feature_based_propensities_for_ULTR.data.runtime.alignment][INFO] - Applying data cutoff override: configured=25, natural=25, effective=25
[2026-06-18 15:29:31,638][feature_based_propensities_for_ULTR.data.runtime.alignment][INFO] - Applying data cutoff override: configured=25, natural=25, effective=25
[2026-06-18 15:29:31,729][feature_based_propensities_for_ULTR.data.runtime.aggregation][INFO] - Initializing simulator...
[2026-06-18 15:29:31,730][feature_based_propensities_for_ULTR.data.runtime.aggregation][INFO] - Aggregating train dataset...
[2026-06-18 15:29:37,891][feature_based_propensities_for_ULTR.data.runtime.aggregation][INFO] - Aggregating validation dataset...
[2026-06-18 15:29:40,412][feature_based_propensities_for_ULTR.data.runtime.aggregation][INFO] - Aggregating test dataset from labels only...
[2026-06-18 15:29:42,121][feature_based_propensities_for_ULTR.data.runtime.aggregation][INFO] - Aggregation done in 10.39 seconds
[2026-06-18 15:29:42,121][feature_based_propensities_for_ULTR.data.runtime.aggregation][INFO] - Session usage after aggregation: requested(train=8694,val=1306), actual(train=8694,val=1306,test=0)
[2026-06-18 15:29:42,121][feature_based_propensities_for_ULTR.data.runtime.aggregation][INFO] - Dataset persistence disabled; skipping aggregated dataset cache save.
[2026-06-18 15:29:42,121][feature_based_propensities_for_ULTR.experiments.ips_pipeline][INFO] - Test split uses label-only evaluation; raw test click diagnostics are skipped.
[2026-06-18 15:29:42,145][feature_based_propensities_for_ULTR.experiments.diagnostics][INFO] - [Data] train_docs=470251, val_docs=70687, test_docs=164676, cutoff=25
[2026-06-18 15:29:42,233][feature_based_propensities_for_ULTR.experiments.diagnostics][INFO] - [Train] clicks=1375, displays=147832, ctr=0.0093, ctr_per_doc=0.0093
[2026-06-18 15:29:42,316][feature_based_propensities_for_ULTR.experiments.diagnostics][INFO] - [Validation] clicks=224, displays=22436, ctr=0.0100, ctr_per_doc=0.0100
[2026-06-18 15:29:42,431][feature_based_propensities_for_ULTR.experiments.diagnostics][INFO] - [Test] clicks=0, displays=0, ctr=0.0000, ctr_per_doc=0.0000
[2026-06-18 15:29:42,431][feature_based_propensities_for_ULTR.experiments.ips_pipeline][INFO] - Running estimator pipeline with model='ips'
[2026-06-18 15:29:42,432][feature_based_propensities_for_ULTR.experiments.ips_pipeline][INFO] - Computing position bias (alpha)...
[2026-06-18 15:29:42,447][ultr_bias_toolkit.bias.intervention_harvesting.all_pairs][INFO] - Position bias estimation using global all pairs estimator
[2026-06-18 15:30:31,242][feature_based_propensities_for_ULTR.experiments.position_bias_pipeline][INFO] - Saved estimated position-bias curve to position_bias.json
[2026-06-18 15:30:31,242][feature_based_propensities_for_ULTR.experiments.ips_pipeline][INFO] - Estimated position bias in-run (estimator=global_all_pairs): [ 0.        -0.8453533 -1.148034  -1.1464051 -1.667631  -1.6388543
 -1.6109723 -1.9496572 -2.4174376 -3.6269186 -3.1707678 -2.1065483
 -4.3159738 -1.8381745 -6.9077554 -1.9354025 -2.1849403 -4.391414
 -3.2937722 -2.5341532 -3.4264784 -3.0852613 -2.462853  -6.7975335
 -1.730214 ]
[2026-06-18 15:30:31,244][feature_based_propensities_for_ULTR.experiments.propensity_pipeline][INFO] - Computing propensity per doc (method=propensity_mlp_regression)...
[2026-06-18 15:31:52,559][feature_based_propensities_for_ULTR.experiments.propensity_pipeline][INFO] - Propensity computed in 81.32 seconds
[2026-06-18 15:31:52,559][feature_based_propensities_for_ULTR.experiments.propensity_pipeline][INFO] - Alpha logits: [ 0.     -0.8454 -1.148  -1.1464 -1.6676 -1.6389 -1.611  -1.9497 -2.4174
 -3.6269 -3.1708 -2.1065 -4.316  -1.8382 -6.9078 -1.9354 -2.1849 -4.3914
 -3.2938 -2.5342 -3.4265 -3.0853 -2.4629 -6.7975 -1.7302]
[2026-06-18 15:31:52,560][feature_based_propensities_for_ULTR.experiments.propensity_pipeline][INFO] - Alpha: [0.5    0.3004 0.2408 0.2411 0.1587 0.1626 0.1665 0.1246 0.0819 0.0259
 0.0403 0.1085 0.0132 0.1373 0.001  0.1262 0.1011 0.0122 0.0358 0.0735
 0.0315 0.0437 0.0785 0.0011 0.1506]
[2026-06-18 15:31:52,561][feature_based_propensities_for_ULTR.experiments.propensity_pipeline][INFO] - Propensity clipping disabled.
[2026-06-18 15:31:52,561][feature_based_propensities_for_ULTR.experiments.ips_pipeline][INFO] - Computing IPS doc weights...
[2026-06-18 15:31:53,018][feature_based_propensities_for_ULTR.experiments.ips_pipeline][INFO] - Doc weights computed in 0.46 seconds
[2026-06-18 15:31:53,025][feature_based_propensities_for_ULTR.experiments.model_pipeline][INFO] - Loading trainer (trainer_type='pl-rank', n_samples=100)...
[2026-06-18 15:31:53,027][feature_based_propensities_for_ULTR.experiments.model_pipeline][INFO] - Trainer loaded in 0.00 seconds
[2026-06-18 15:31:53,027][feature_based_propensities_for_ULTR.experiments.model_pipeline][INFO] - Training model...
[2026-06-18 15:33:12,100][feature_based_propensities_for_ULTR.experiments.ips_pipeline][INFO] - Final evaluation results:
{'metrics': {'CTR': 0.8464530110359192,
             'DCG': 2.113203525543213,
             'NCTR': 0.6966371536254883,
             'NDCG': 0.763202428817749,
             'NDCG@25': 0.763202428817749,
             'NRCTR': 0.6966371536254883,
             'RCTR': 0.8464530110359192}}
[2026-06-18 15:33:12,125][submitit][INFO] - Job completed successfully
[2026-06-18 15:33:12,135][submitit][INFO] - Exiting after successful completion
