[2026-06-18 15:34:44,547][feature_based_propensities_for_ULTR.experiments.config_resolver][WARNING] - test_clicks=500000 is ignored because test_set_mode='label_only'. Set test_set_mode='clicks' to enable legacy click-based test behavior.
[2026-06-18 15:34:44,553][feature_based_propensities_for_ULTR.experiments.data_pipeline][INFO] - Loading or generating click datasets...
[2026-06-18 15:36:13,917][absl][INFO] - orbax-checkpoint version: 0.11.40
[2026-06-18 15:36:13,917][absl][INFO] - save_device_host_concurrent_bytes=None
[2026-06-18 15:36:13,917][absl][INFO] - Created BasePyTreeCheckpointHandler: use_ocdbt=True, use_zarr3=False, pytree_metadata_options=PyTreeMetadataOptions(support_rich_types=False), array_metadata_store=<orbax.checkpoint._src.metadata.array_metadata_store.Store object at 0x14d09f80abd0>, enable_pinned_host_transfer=False, save_concurrent_bytes: 96000000000 (89.4 GiB), restore_concurrent_bytes: 96000000000 (89.4 GiB)
[2026-06-18 15:36:13,918][absl][INFO] - [thread=MainThread] Failed to get flag value for EXPERIMENTAL_ORBAX_USE_DISTRIBUTED_PROCESS_ID.
[2026-06-18 15:36:13,918][absl][INFO] - [process=0][thread=MainThread] Using barrier_sync_fn: <function get_barrier_sync_fn.<locals>.<lambda> at 0x14d00398b920> timeout: 1200 secs and primary_host=0 for async checkpoint writes
[2026-06-18 15:36:13,918][absl][INFO] - [process=0] [sync] Started load checkpoint @ /gpfs/home5/sfris1/ltr_datasets/ips_datasets/istella_logging_policy_c10000_ps1p0_pt0p5_bs1p0_drop0rel0_sessallocv2_candfullv2_topx25_maxdocs200_lprdeep_lpsegreedysampler_lppct10p0.
[2026-06-18 15:36:13,920][absl][INFO] - Restoring checkpoint from /gpfs/home5/sfris1/ltr_datasets/ips_datasets/istella_logging_policy_c10000_ps1p0_pt0p5_bs1p0_drop0rel0_sessallocv2_candfullv2_topx25_maxdocs200_lprdeep_lpsegreedysampler_lppct10p0.
[2026-06-18 15:36:13,921][absl][INFO] - [process=0] [sync] Finished blocking load in 0.00 seconds. Continuing load @ /gpfs/home5/sfris1/ltr_datasets/ips_datasets/istella_logging_policy_c10000_ps1p0_pt0p5_bs1p0_drop0rel0_sessallocv2_candfullv2_topx25_maxdocs200_lprdeep_lpsegreedysampler_lppct10p0.
[2026-06-18 15:36:13,937][absl][INFO] - [process=0] /jax/orbax/read/worker/io/requested throughput: 2.763 MiB/s (total gbytes: 31.6 KiB) (time elapsed: 0.011180400848388672 s) (per-host)
[2026-06-18 15:36:13,938][absl][INFO] - [process=0] /jax/checkpoint/read/gbytes_per_sec: 1.871 MiB/s (total gbytes: 31.6 KiB) (time elapsed: 0.01650834083557129 s) (per-host)
[2026-06-18 15:36:13,938][absl][INFO] - [process=0] [sync] Finished load in 0.02 seconds @ /gpfs/home5/sfris1/ltr_datasets/ips_datasets/istella_logging_policy_c10000_ps1p0_pt0p5_bs1p0_drop0rel0_sessallocv2_candfullv2_topx25_maxdocs200_lprdeep_lpsegreedysampler_lppct10p0
[2026-06-18 15:36:19,092][feature_based_propensities_for_ULTR.experiments.data_pipeline][INFO] - Loaded click datasets in 94.54 seconds (train=7274, val=2726, test=0)
[2026-06-18 15:36:19,092][feature_based_propensities_for_ULTR.experiments.data_pipeline][INFO] - Test split is label-only by design; no test click dataset was loaded.
[2026-06-18 15:36:19,092][feature_based_propensities_for_ULTR.data.runtime.alignment][INFO] - Applying data cutoff override: configured=25, natural=25, effective=25
[2026-06-18 15:36:19,092][feature_based_propensities_for_ULTR.data.runtime.alignment][INFO] - Applying data cutoff override: configured=25, natural=25, effective=25
[2026-06-18 15:36:19,183][feature_based_propensities_for_ULTR.data.runtime.aggregation][INFO] - Initializing simulator...
[2026-06-18 15:36:19,184][feature_based_propensities_for_ULTR.data.runtime.aggregation][INFO] - Aggregating train dataset...
[2026-06-18 15:36:25,376][feature_based_propensities_for_ULTR.data.runtime.aggregation][INFO] - Aggregating validation dataset...
[2026-06-18 15:36:28,728][feature_based_propensities_for_ULTR.data.runtime.aggregation][INFO] - Aggregating test dataset from labels only...
[2026-06-18 15:36:30,098][feature_based_propensities_for_ULTR.data.runtime.aggregation][INFO] - Aggregation done in 10.91 seconds
[2026-06-18 15:36:30,098][feature_based_propensities_for_ULTR.data.runtime.aggregation][INFO] - Session usage after aggregation: requested(train=7274,val=2726), actual(train=7274,val=2726,test=0)
[2026-06-18 15:36:30,098][feature_based_propensities_for_ULTR.data.runtime.aggregation][INFO] - Dataset persistence disabled; skipping aggregated dataset cache save.
[2026-06-18 15:36:30,098][feature_based_propensities_for_ULTR.experiments.ips_pipeline][INFO] - Test split uses label-only evaluation; raw test click diagnostics are skipped.
[2026-06-18 15:36:30,147][feature_based_propensities_for_ULTR.experiments.diagnostics][INFO] - [Data] train_docs=2043304, val_docs=684076, test_docs=681250, cutoff=25
[2026-06-18 15:36:30,243][feature_based_propensities_for_ULTR.experiments.diagnostics][INFO] - [Train] clicks=1602, displays=181084, ctr=0.0088, ctr_per_doc=0.0088
[2026-06-18 15:36:30,332][feature_based_propensities_for_ULTR.experiments.diagnostics][INFO] - [Validation] clicks=588, displays=67606, ctr=0.0087, ctr_per_doc=0.0087
[2026-06-18 15:36:30,420][feature_based_propensities_for_ULTR.experiments.diagnostics][INFO] - [Test] clicks=0, displays=0, ctr=0.0000, ctr_per_doc=0.0000
[2026-06-18 15:36:30,420][feature_based_propensities_for_ULTR.experiments.ips_pipeline][INFO] - Running estimator pipeline with model='dm'
[2026-06-18 15:36:30,420][feature_based_propensities_for_ULTR.experiments.ips_pipeline][INFO] - Computing position bias (alpha)...
[2026-06-18 15:36:30,438][ultr_bias_toolkit.bias.intervention_harvesting.all_pairs][INFO] - Position bias estimation using global all pairs estimator
[2026-06-18 15:37:20,022][feature_based_propensities_for_ULTR.experiments.position_bias_pipeline][INFO] - Saved estimated position-bias curve to position_bias.json
[2026-06-18 15:37:20,022][feature_based_propensities_for_ULTR.experiments.ips_pipeline][INFO] - Estimated position bias in-run (estimator=global_all_pairs): [ 0.        -0.1817672 -0.9753055 -1.3111242 -1.5009744 -1.6918795
 -1.2833831 -1.2650349 -2.9803016 -1.6871153 -2.838519  -1.7709407
 -1.3328155 -2.6107264 -3.0314033 -1.7887037 -2.1254132 -3.0525372
 -2.1514165 -2.5957465 -5.800727  -2.0883121 -2.1391063 -6.017518
 -6.9077554]
[2026-06-18 15:37:20,024][feature_based_propensities_for_ULTR.experiments.propensity_pipeline][INFO] - Computing propensity per doc (method=propensity_mlp_regression)...
[2026-06-18 15:38:01,150][feature_based_propensities_for_ULTR.experiments.propensity_pipeline][INFO] - Propensity computed in 41.13 seconds
[2026-06-18 15:38:01,150][feature_based_propensities_for_ULTR.experiments.propensity_pipeline][INFO] - Alpha logits: [ 0.     -0.1818 -0.9753 -1.3111 -1.501  -1.6919 -1.2834 -1.265  -2.9803
 -1.6871 -2.8385 -1.7709 -1.3328 -2.6107 -3.0314 -1.7887 -2.1254 -3.0525
 -2.1514 -2.5957 -5.8007 -2.0883 -2.1391 -6.0175 -6.9078]
[2026-06-18 15:38:01,151][feature_based_propensities_for_ULTR.experiments.propensity_pipeline][INFO] - Alpha: [0.5    0.4547 0.2738 0.2123 0.1823 0.1555 0.217  0.2201 0.0483 0.1562
 0.0553 0.1454 0.2087 0.0685 0.046  0.1432 0.1067 0.0451 0.1042 0.0694
 0.003  0.1102 0.1054 0.0024 0.001 ]
[2026-06-18 15:38:01,152][feature_based_propensities_for_ULTR.experiments.propensity_pipeline][INFO] - Propensity clipping disabled.
[2026-06-18 15:38:02,411][feature_based_propensities_for_ULTR.experiments.regression_pipeline][INFO] - Training regression model for DM/DR...
[2026-06-18 15:38:28,854][feature_based_propensities_for_ULTR.experiments.regression_pipeline][INFO] - Regression epoch 3: train_loss=0.064769 val_loss=0.072979
[2026-06-18 15:38:54,289][feature_based_propensities_for_ULTR.experiments.regression_pipeline][INFO] - Regression epoch 6: train_loss=0.062643 val_loss=0.069360
[2026-06-18 15:39:19,733][feature_based_propensities_for_ULTR.experiments.regression_pipeline][INFO] - Regression epoch 9: train_loss=0.062201 val_loss=0.070558
[2026-06-18 15:39:25,570][feature_based_propensities_for_ULTR.experiments.ips_pipeline][INFO] - Computing DM doc weights...
[2026-06-18 15:39:25,570][feature_based_propensities_for_ULTR.experiments.ips_pipeline][INFO] - Doc weights computed in 0.00 seconds
[2026-06-18 15:39:25,580][feature_based_propensities_for_ULTR.experiments.model_pipeline][INFO] - Loading trainer (trainer_type='pl-rank', n_samples=100)...
[2026-06-18 15:39:25,582][feature_based_propensities_for_ULTR.experiments.model_pipeline][INFO] - Trainer loaded in 0.00 seconds
[2026-06-18 15:39:25,583][feature_based_propensities_for_ULTR.experiments.model_pipeline][INFO] - Training model...
[2026-06-18 16:12:39,252][feature_based_propensities_for_ULTR.experiments.ips_pipeline][INFO] - Final evaluation results:
{'metrics': {'CTR': 1.2581331729888916,
             'DCG': 2.4844186305999756,
             'NCTR': 0.6541986465454102,
             'NDCG': 0.7234528064727783,
             'NDCG@25': 0.7234528064727783,
             'NRCTR': 0.6541986465454102,
             'RCTR': 1.2581331729888916}}
[2026-06-18 16:12:39,285][submitit][INFO] - Job completed successfully
[2026-06-18 16:12:39,295][submitit][INFO] - Exiting after successful completion
