[2026-06-18 15:29:31,127][feature_based_propensities_for_ULTR.experiments.config_resolver][WARNING] - test_clicks=500000 is ignored because test_set_mode='label_only'. Set test_set_mode='clicks' to enable legacy click-based test behavior.
[2026-06-18 15:29:31,133][feature_based_propensities_for_ULTR.experiments.data_pipeline][INFO] - Loading or generating click datasets...
[2026-06-18 15:30:31,671][absl][INFO] - orbax-checkpoint version: 0.11.40
[2026-06-18 15:30:31,672][absl][INFO] - save_device_host_concurrent_bytes=None
[2026-06-18 15:30:31,672][absl][INFO] - Created BasePyTreeCheckpointHandler: use_ocdbt=True, use_zarr3=False, pytree_metadata_options=PyTreeMetadataOptions(support_rich_types=False), array_metadata_store=<orbax.checkpoint._src.metadata.array_metadata_store.Store object at 0x14d374a5d5d0>, enable_pinned_host_transfer=False, save_concurrent_bytes: 96000000000 (89.4 GiB), restore_concurrent_bytes: 96000000000 (89.4 GiB)
[2026-06-18 15:30:31,672][absl][INFO] - [thread=MainThread] Failed to get flag value for EXPERIMENTAL_ORBAX_USE_DISTRIBUTED_PROCESS_ID.
[2026-06-18 15:30:31,672][absl][INFO] - [process=0][thread=MainThread] Using barrier_sync_fn: <function get_barrier_sync_fn.<locals>.<lambda> at 0x14d2c594b9c0> timeout: 1200 secs and primary_host=0 for async checkpoint writes
[2026-06-18 15:30:31,673][absl][INFO] - [process=0] [sync] Started load checkpoint @ /gpfs/home5/sfris1/ltr_datasets/ips_datasets/logging_policy_c10000_ps1p0_pt0p5_bs1p0_drop0rel0_sessallocv2_candfullv2_topx25_maxdocs200_lprdeep_lpsegreedysampler_lppct10p0.
[2026-06-18 15:30:31,675][absl][INFO] - Restoring checkpoint from /gpfs/home5/sfris1/ltr_datasets/ips_datasets/logging_policy_c10000_ps1p0_pt0p5_bs1p0_drop0rel0_sessallocv2_candfullv2_topx25_maxdocs200_lprdeep_lpsegreedysampler_lppct10p0.
[2026-06-18 15:30:31,675][absl][INFO] - [process=0] [sync] Finished blocking load in 0.00 seconds. Continuing load @ /gpfs/home5/sfris1/ltr_datasets/ips_datasets/logging_policy_c10000_ps1p0_pt0p5_bs1p0_drop0rel0_sessallocv2_candfullv2_topx25_maxdocs200_lprdeep_lpsegreedysampler_lppct10p0.
[2026-06-18 15:30:31,691][absl][INFO] - [process=0] /jax/orbax/read/worker/io/requested throughput: 1.915 MiB/s (total gbytes: 21.4 KiB) (time elapsed: 0.010901927947998047 s) (per-host)
[2026-06-18 15:30:31,692][absl][INFO] - [process=0] /jax/checkpoint/read/gbytes_per_sec: 1.284 MiB/s (total gbytes: 21.4 KiB) (time elapsed: 0.016261577606201172 s) (per-host)
[2026-06-18 15:30:31,692][absl][INFO] - [process=0] [sync] Finished load in 0.02 seconds @ /gpfs/home5/sfris1/ltr_datasets/ips_datasets/logging_policy_c10000_ps1p0_pt0p5_bs1p0_drop0rel0_sessallocv2_candfullv2_topx25_maxdocs200_lprdeep_lpsegreedysampler_lppct10p0
[2026-06-18 15:30:35,776][feature_based_propensities_for_ULTR.experiments.data_pipeline][INFO] - Loaded click datasets in 64.64 seconds (train=7500, val=2500, test=0)
[2026-06-18 15:30:35,777][feature_based_propensities_for_ULTR.experiments.data_pipeline][INFO] - Test split is label-only by design; no test click dataset was loaded.
[2026-06-18 15:30:35,777][feature_based_propensities_for_ULTR.data.runtime.alignment][INFO] - Applying data cutoff override: configured=25, natural=25, effective=25
[2026-06-18 15:30:35,777][feature_based_propensities_for_ULTR.data.runtime.alignment][INFO] - Applying data cutoff override: configured=25, natural=25, effective=25
[2026-06-18 15:30:35,869][feature_based_propensities_for_ULTR.data.runtime.aggregation][INFO] - Initializing simulator...
[2026-06-18 15:30:35,869][feature_based_propensities_for_ULTR.data.runtime.aggregation][INFO] - Aggregating train dataset...
[2026-06-18 15:30:40,944][feature_based_propensities_for_ULTR.data.runtime.aggregation][INFO] - Aggregating validation dataset...
[2026-06-18 15:30:43,824][feature_based_propensities_for_ULTR.data.runtime.aggregation][INFO] - Aggregating test dataset from labels only...
[2026-06-18 15:30:44,758][feature_based_propensities_for_ULTR.data.runtime.aggregation][INFO] - Aggregation done in 8.89 seconds
[2026-06-18 15:30:44,759][feature_based_propensities_for_ULTR.data.runtime.aggregation][INFO] - Session usage after aggregation: requested(train=7500,val=2500), actual(train=7500,val=2500,test=0)
[2026-06-18 15:30:44,759][feature_based_propensities_for_ULTR.data.runtime.aggregation][INFO] - Dataset persistence disabled; skipping aggregated dataset cache save.
[2026-06-18 15:30:44,759][feature_based_propensities_for_ULTR.experiments.ips_pipeline][INFO] - Test split uses label-only evaluation; raw test click diagnostics are skipped.
[2026-06-18 15:30:44,809][feature_based_propensities_for_ULTR.experiments.diagnostics][INFO] - [Data] train_docs=2132810, val_docs=707814, test_docs=708921, cutoff=25
[2026-06-18 15:30:44,908][feature_based_propensities_for_ULTR.experiments.diagnostics][INFO] - [Train] clicks=764, displays=182065, ctr=0.0042, ctr_per_doc=0.0042
[2026-06-18 15:30:44,995][feature_based_propensities_for_ULTR.experiments.diagnostics][INFO] - [Validation] clicks=252, displays=60651, ctr=0.0042, ctr_per_doc=0.0042
[2026-06-18 15:30:45,082][feature_based_propensities_for_ULTR.experiments.diagnostics][INFO] - [Test] clicks=0, displays=0, ctr=0.0000, ctr_per_doc=0.0000
[2026-06-18 15:30:45,083][feature_based_propensities_for_ULTR.experiments.ips_pipeline][INFO] - Running estimator pipeline with model='dr'
[2026-06-18 15:30:45,083][feature_based_propensities_for_ULTR.experiments.ips_pipeline][INFO] - Computing position bias (alpha)...
[2026-06-18 15:30:45,103][ultr_bias_toolkit.bias.intervention_harvesting.all_pairs][INFO] - Position bias estimation using global all pairs estimator
[2026-06-18 15:31:33,864][feature_based_propensities_for_ULTR.experiments.position_bias_pipeline][INFO] - Saved estimated position-bias curve to position_bias.json
[2026-06-18 15:31:33,864][feature_based_propensities_for_ULTR.experiments.ips_pipeline][INFO] - Estimated position bias in-run (estimator=global_all_pairs): [ 0.         -0.57869494 -1.8931061  -2.1239426  -1.8524436  -6.9077554
 -0.28769416 -3.3353055  -1.6484092  -2.5304198  -6.099125   -2.3808918
 -0.30503857 -1.852293   -3.2561464  -3.5054612  -3.1532416  -2.5035028
 -2.9394271  -2.0381002  -1.0784154  -3.3999217  -6.9077554  -1.4221389
 -6.6001596 ]
[2026-06-18 15:31:33,866][feature_based_propensities_for_ULTR.experiments.propensity_pipeline][INFO] - Computing propensity per doc (method=propensity_mlp_regression)...
[2026-06-18 15:32:06,599][feature_based_propensities_for_ULTR.experiments.propensity_pipeline][INFO] - Propensity computed in 32.73 seconds
[2026-06-18 15:32:06,600][feature_based_propensities_for_ULTR.experiments.propensity_pipeline][INFO] - Alpha logits: [ 0.     -0.5787 -1.8931 -2.1239 -1.8524 -6.9078 -0.2877 -3.3353 -1.6484
 -2.5304 -6.0991 -2.3809 -0.305  -1.8523 -3.2561 -3.5055 -3.1532 -2.5035
 -2.9394 -2.0381 -1.0784 -3.3999 -6.9078 -1.4221 -6.6002]
[2026-06-18 15:32:06,601][feature_based_propensities_for_ULTR.experiments.propensity_pipeline][INFO] - Alpha: [0.5    0.3592 0.1309 0.1068 0.1356 0.001  0.4286 0.0344 0.1613 0.0738
 0.0022 0.0846 0.4243 0.1356 0.0371 0.0292 0.041  0.0756 0.0502 0.1153
 0.2538 0.0323 0.001  0.1943 0.0014]
[2026-06-18 15:32:06,601][feature_based_propensities_for_ULTR.experiments.propensity_pipeline][INFO] - Propensity clipping disabled.
[2026-06-18 15:32:06,602][feature_based_propensities_for_ULTR.experiments.propensity_pipeline][INFO] - Computing propensity per doc (method=frequency_based)...
[2026-06-18 15:32:35,143][feature_based_propensities_for_ULTR.experiments.propensity_pipeline][INFO] - Propensity computed in 28.54 seconds
[2026-06-18 15:32:35,144][feature_based_propensities_for_ULTR.experiments.propensity_pipeline][INFO] - Alpha logits: [ 0.     -0.5787 -1.8931 -2.1239 -1.8524 -6.9078 -0.2877 -3.3353 -1.6484
 -2.5304 -6.0991 -2.3809 -0.305  -1.8523 -3.2561 -3.5055 -3.1532 -2.5035
 -2.9394 -2.0381 -1.0784 -3.3999 -6.9078 -1.4221 -6.6002]
[2026-06-18 15:32:35,144][feature_based_propensities_for_ULTR.experiments.propensity_pipeline][INFO] - Alpha: [0.5    0.3592 0.1309 0.1068 0.1356 0.001  0.4286 0.0344 0.1613 0.0738
 0.0022 0.0846 0.4243 0.1356 0.0371 0.0292 0.041  0.0756 0.0502 0.1153
 0.2538 0.0323 0.001  0.1943 0.0014]
[2026-06-18 15:32:36,379][feature_based_propensities_for_ULTR.experiments.regression_pipeline][INFO] - Training regression model for DM/DR...
[2026-06-18 15:33:05,021][feature_based_propensities_for_ULTR.experiments.regression_pipeline][INFO] - Regression epoch 3: train_loss=0.064597 val_loss=0.061375
[2026-06-18 15:33:32,560][feature_based_propensities_for_ULTR.experiments.regression_pipeline][INFO] - Regression epoch 6: train_loss=0.062927 val_loss=0.062343
[2026-06-18 15:33:38,757][feature_based_propensities_for_ULTR.experiments.ips_pipeline][INFO] - Computing DR doc weights...
[2026-06-18 15:33:38,789][feature_based_propensities_for_ULTR.experiments.ips_pipeline][INFO] - Doc weights computed in 0.03 seconds
[2026-06-18 15:33:38,799][feature_based_propensities_for_ULTR.experiments.model_pipeline][INFO] - Loading trainer (trainer_type='pl-rank', n_samples=100)...
[2026-06-18 15:33:38,802][feature_based_propensities_for_ULTR.experiments.model_pipeline][INFO] - Trainer loaded in 0.00 seconds
[2026-06-18 15:33:38,802][feature_based_propensities_for_ULTR.experiments.model_pipeline][INFO] - Training model...
[2026-06-18 16:09:31,415][feature_based_propensities_for_ULTR.experiments.ips_pipeline][INFO] - Final evaluation results:
{'metrics': {'CTR': 0.7282931208610535,
             'DCG': 1.7155115604400635,
             'NCTR': 0.3853846788406372,
             'NDCG': 0.4400010406970978,
             'NDCG@25': 0.4400010406970978,
             'NRCTR': 0.3853846788406372,
             'RCTR': 0.7282931208610535}}
[2026-06-18 16:09:31,443][submitit][INFO] - Job completed successfully
[2026-06-18 16:09:31,451][submitit][INFO] - Exiting after successful completion
