[2026-05-05 10:57:17,944][two_tower_confounding.experiments.config_resolver][WARNING] - test_clicks=500000 is ignored because test_set_mode='label_only'. Set test_set_mode='clicks' to enable legacy click-based test behavior.
[2026-05-05 10:57:17,950][two_tower_confounding.experiments.data_pipeline][INFO] - Loading or generating click datasets...
[2026-05-05 10:57:42,309][absl][INFO] - orbax-checkpoint version: 0.11.37
[2026-05-05 10:57:42,309][absl][INFO] - save_device_host_concurrent_bytes=None
[2026-05-05 10:57:42,310][absl][INFO] - Created BasePyTreeCheckpointHandler: use_ocdbt=True, use_zarr3=False, pytree_metadata_options=PyTreeMetadataOptions(support_rich_types=False), array_metadata_store=<orbax.checkpoint._src.metadata.array_metadata_store.Store object at 0x151bca8d0d90>, enable_pinned_host_transfer=False, save_concurrent_bytes: 96000000000 (89.4 GiB), restore_concurrent_bytes: 96000000000 (89.4 GiB)
[2026-05-05 10:57:42,310][absl][INFO] - [thread=MainThread] Failed to get flag value for EXPERIMENTAL_ORBAX_USE_DISTRIBUTED_PROCESS_ID.
[2026-05-05 10:57:42,310][absl][INFO] - [process=0][thread=MainThread] Using barrier_sync_fn: <function get_barrier_sync_fn.<locals>.<lambda> at 0x151b244f1800> timeout: 1200 secs and primary_host=0 for async checkpoint writes
[2026-05-05 10:57:42,310][absl][INFO] - [process=0] [sync] Started load checkpoint @ /gpfs/home5/sfris1/ltr_datasets/ips_datasets/logging_policy_c100000_ps1p0_pt0p5_bs1p0_drop0rel0_sessallocv2_candfullv2_topx25_maxdocs80_lprdeep_lpsegreedysampler_lppct10p0.
[2026-05-05 10:57:42,312][absl][INFO] - Restoring checkpoint from /gpfs/home5/sfris1/ltr_datasets/ips_datasets/logging_policy_c100000_ps1p0_pt0p5_bs1p0_drop0rel0_sessallocv2_candfullv2_topx25_maxdocs80_lprdeep_lpsegreedysampler_lppct10p0.
[2026-05-05 10:57:42,313][absl][INFO] - [process=0] [sync] Finished blocking load in 0.00 seconds. Continuing load @ /gpfs/home5/sfris1/ltr_datasets/ips_datasets/logging_policy_c100000_ps1p0_pt0p5_bs1p0_drop0rel0_sessallocv2_candfullv2_topx25_maxdocs80_lprdeep_lpsegreedysampler_lppct10p0.
[2026-05-05 10:57:42,328][absl][INFO] - [process=0] /jax/orbax/read/worker/io/requested throughput: 8.341 MiB/s (total gbytes: 91.8 KiB) (time elapsed: 0.010743141174316406 s) (per-host)
[2026-05-05 10:57:42,330][absl][INFO] - [process=0] /jax/checkpoint/read/gbytes_per_sec: 5.558 MiB/s (total gbytes: 91.8 KiB) (time elapsed: 0.01612091064453125 s) (per-host)
[2026-05-05 10:57:42,330][absl][INFO] - [process=0] [sync] Finished load in 0.02 seconds @ /gpfs/home5/sfris1/ltr_datasets/ips_datasets/logging_policy_c100000_ps1p0_pt0p5_bs1p0_drop0rel0_sessallocv2_candfullv2_topx25_maxdocs80_lprdeep_lpsegreedysampler_lppct10p0
[2026-05-05 10:57:53,508][two_tower_confounding.experiments.data_pipeline][INFO] - Loaded click datasets in 35.56 seconds (train=86947, val=13053, test=0)
[2026-05-05 10:57:53,508][two_tower_confounding.experiments.data_pipeline][INFO] - Test split is label-only by design; no test click dataset was loaded.
[2026-05-05 10:57:53,508][two_tower_confounding.data.runtime.alignment][INFO] - Applying data cutoff override: configured=25, natural=25, effective=25
[2026-05-05 10:57:53,508][two_tower_confounding.data.runtime.alignment][INFO] - Applying data cutoff override: configured=25, natural=25, effective=25
[2026-05-05 10:57:53,601][two_tower_confounding.data.runtime.aggregation][INFO] - Initializing simulator...
[2026-05-05 10:57:53,602][two_tower_confounding.data.runtime.aggregation][INFO] - Aggregating train dataset...
[2026-05-05 10:58:00,244][two_tower_confounding.data.runtime.aggregation][INFO] - Aggregating validation dataset...
[2026-05-05 10:58:05,998][two_tower_confounding.data.runtime.aggregation][INFO] - Aggregating test dataset from labels only...
[2026-05-05 10:58:07,687][two_tower_confounding.data.runtime.aggregation][INFO] - Aggregation done in 14.08 seconds
[2026-05-05 10:58:07,688][two_tower_confounding.data.runtime.aggregation][INFO] - Session usage after aggregation: requested(train=86947,val=13053), actual(train=86947,val=13053,test=0)
[2026-05-05 10:58:07,688][two_tower_confounding.data.runtime.aggregation][INFO] - Dataset persistence disabled; skipping aggregated dataset cache save.
[2026-05-05 10:58:07,688][two_tower_confounding.experiments.ips_pipeline][INFO] - Test split uses label-only evaluation; raw test click diagnostics are skipped.
[2026-05-05 10:58:07,712][two_tower_confounding.experiments.diagnostics][INFO] - [Data] train_docs=470251, val_docs=70687, test_docs=164676, cutoff=25
[2026-05-05 10:58:07,800][two_tower_confounding.experiments.diagnostics][INFO] - [Train] clicks=13326, displays=1477765, ctr=0.0090, ctr_per_doc=0.0090
[2026-05-05 10:58:07,882][two_tower_confounding.experiments.diagnostics][INFO] - [Validation] clicks=1998, displays=220489, ctr=0.0091, ctr_per_doc=0.0091
[2026-05-05 10:58:07,999][two_tower_confounding.experiments.diagnostics][INFO] - [Test] clicks=0, displays=0, ctr=0.0000, ctr_per_doc=0.0000
[2026-05-05 10:58:07,999][two_tower_confounding.experiments.ips_pipeline][INFO] - Running estimator pipeline with model='dm'
[2026-05-05 10:58:07,999][two_tower_confounding.experiments.ips_pipeline][INFO] - Computing position bias (alpha)...
[2026-05-05 10:58:08,007][two_tower_confounding.experiments.ips_pipeline][INFO] - Loaded CSV position bias from /gpfs/home5/sfris1/Doubly-Robust-Optimization-With-Two-Tower-Models/results/position_bias_csv_smoke.csv (method=global_all_pairs): [ 0.        -0.6762404 -1.078172  -1.3593199 -1.6449132 -1.7892423
 -1.9097745 -2.0003607 -2.0913854 -2.1824634 -2.3962963 -2.5267391
 -2.5543985 -2.6866524 -2.7146919 -2.464648  -2.8178678 -2.5680165
 -2.596511  -3.0224187 -2.731134  -2.8996856 -3.0862072 -3.0266771
 -2.7021465]
[2026-05-05 10:58:08,008][two_tower_confounding.experiments.propensity_pipeline][INFO] - Computing propensity per doc (method=propensity_mlp_regression)...
[2026-05-05 10:58:08,655][two_tower_confounding.experiments.propensity_pipeline][INFO] - Subsampling propensity classifier training data: 50000/86947 samples
[2026-05-05 11:02:00,530][two_tower_confounding.experiments.propensity_pipeline][INFO] - Propensity computed in 232.52 seconds
[2026-05-05 11:02:00,530][two_tower_confounding.experiments.propensity_pipeline][INFO] - Alpha logits: [ 0.     -0.6762 -1.0782 -1.3593 -1.6449 -1.7892 -1.9098 -2.0004 -2.0914
 -2.1825 -2.3963 -2.5267 -2.5544 -2.6867 -2.7147 -2.4646 -2.8179 -2.568
 -2.5965 -3.0224 -2.7311 -2.8997 -3.0862 -3.0267 -2.7021]
[2026-05-05 11:02:00,531][two_tower_confounding.experiments.propensity_pipeline][INFO] - Alpha: [0.5    0.3371 0.2539 0.2044 0.1618 0.1432 0.129  0.1192 0.1099 0.1013
 0.0835 0.074  0.0721 0.0638 0.0621 0.0784 0.0564 0.0712 0.0694 0.0464
 0.0612 0.0522 0.0437 0.0462 0.0628]
[2026-05-05 11:02:00,531][two_tower_confounding.experiments.propensity_pipeline][INFO] - Propensity clipping disabled.
[2026-05-05 11:02:01,951][two_tower_confounding.experiments.regression_pipeline][INFO] - Training regression model for DM/DR...
[2026-05-05 11:02:23,585][two_tower_confounding.experiments.regression_pipeline][INFO] - Regression epoch 3: train_loss=0.175547 val_loss=0.173266
[2026-05-05 11:02:43,988][two_tower_confounding.experiments.regression_pipeline][INFO] - Regression epoch 6: train_loss=0.172865 val_loss=0.173009
[2026-05-05 11:02:45,825][two_tower_confounding.experiments.ips_pipeline][INFO] - Computing DM doc weights...
[2026-05-05 11:02:45,825][two_tower_confounding.experiments.ips_pipeline][INFO] - Doc weights computed in 0.00 seconds
[2026-05-05 11:02:45,831][two_tower_confounding.experiments.model_pipeline][INFO] - Loading trainer (trainer_type='pl-rank', n_samples=100)...
[2026-05-05 11:02:45,833][two_tower_confounding.experiments.model_pipeline][INFO] - Trainer loaded in 0.00 seconds
[2026-05-05 11:02:45,834][two_tower_confounding.experiments.model_pipeline][INFO] - Training model...
[2026-05-05 11:14:34,356][two_tower_confounding.experiments.ips_pipeline][INFO] - Final evaluation results:
{'metrics': {'CTR': 0.9006103873252869,
             'DCG': 2.1890969276428223,
             'NCTR': 0.7494235038757324,
             'NDCG': 0.7867448925971985,
             'NDCG@25': 0.7867448925971985,
             'NRCTR': 0.7494235038757324,
             'RCTR': 0.9006103873252869}}
[2026-05-05 11:14:34,381][submitit][INFO] - Job completed successfully
[2026-05-05 11:14:34,390][submitit][INFO] - Exiting after successful completion
