[2026-06-18 16:53:23,972][feature_based_propensities_for_ULTR.experiments.config_resolver][WARNING] - test_clicks=500000 is ignored because test_set_mode='label_only'. Set test_set_mode='clicks' to enable legacy click-based test behavior.
[2026-06-18 16:53:23,978][feature_based_propensities_for_ULTR.experiments.data_pipeline][INFO] - Loading or generating click datasets...
[2026-06-18 16:54:24,950][absl][INFO] - orbax-checkpoint version: 0.11.40
[2026-06-18 16:54:24,950][absl][INFO] - save_device_host_concurrent_bytes=None
[2026-06-18 16:54:24,950][absl][INFO] - Created BasePyTreeCheckpointHandler: use_ocdbt=True, use_zarr3=False, pytree_metadata_options=PyTreeMetadataOptions(support_rich_types=False), array_metadata_store=<orbax.checkpoint._src.metadata.array_metadata_store.Store object at 0x145dd863e790>, enable_pinned_host_transfer=False, save_concurrent_bytes: 96000000000 (89.4 GiB), restore_concurrent_bytes: 96000000000 (89.4 GiB)
[2026-06-18 16:54:24,951][absl][INFO] - [thread=MainThread] Failed to get flag value for EXPERIMENTAL_ORBAX_USE_DISTRIBUTED_PROCESS_ID.
[2026-06-18 16:54:24,951][absl][INFO] - [process=0][thread=MainThread] Using barrier_sync_fn: <function get_barrier_sync_fn.<locals>.<lambda> at 0x145d2670f9c0> timeout: 1200 secs and primary_host=0 for async checkpoint writes
[2026-06-18 16:54:24,951][absl][INFO] - [process=0] [sync] Started load checkpoint @ /gpfs/home5/sfris1/ltr_datasets/ips_datasets/logging_policy_c10000_ps1p0_pt0p5_bs1p0_drop0rel0_sessallocv2_candfullv2_topx25_maxdocs200_lprdeep_lpsegreedysampler_lppct10p0.
[2026-06-18 16:54:24,954][absl][INFO] - Restoring checkpoint from /gpfs/home5/sfris1/ltr_datasets/ips_datasets/logging_policy_c10000_ps1p0_pt0p5_bs1p0_drop0rel0_sessallocv2_candfullv2_topx25_maxdocs200_lprdeep_lpsegreedysampler_lppct10p0.
[2026-06-18 16:54:24,954][absl][INFO] - [process=0] [sync] Finished blocking load in 0.00 seconds. Continuing load @ /gpfs/home5/sfris1/ltr_datasets/ips_datasets/logging_policy_c10000_ps1p0_pt0p5_bs1p0_drop0rel0_sessallocv2_candfullv2_topx25_maxdocs200_lprdeep_lpsegreedysampler_lppct10p0.
[2026-06-18 16:54:24,970][absl][INFO] - [process=0] /jax/orbax/read/worker/io/requested throughput: 1.897 MiB/s (total gbytes: 21.4 KiB) (time elapsed: 0.011005163192749023 s) (per-host)
[2026-06-18 16:54:24,972][absl][INFO] - [process=0] /jax/checkpoint/read/gbytes_per_sec: 1.257 MiB/s (total gbytes: 21.4 KiB) (time elapsed: 0.016612768173217773 s) (per-host)
[2026-06-18 16:54:24,972][absl][INFO] - [process=0] [sync] Finished load in 0.02 seconds @ /gpfs/home5/sfris1/ltr_datasets/ips_datasets/logging_policy_c10000_ps1p0_pt0p5_bs1p0_drop0rel0_sessallocv2_candfullv2_topx25_maxdocs200_lprdeep_lpsegreedysampler_lppct10p0
[2026-06-18 16:54:29,027][feature_based_propensities_for_ULTR.experiments.data_pipeline][INFO] - Loaded click datasets in 65.05 seconds (train=7500, val=2500, test=0)
[2026-06-18 16:54:29,027][feature_based_propensities_for_ULTR.experiments.data_pipeline][INFO] - Test split is label-only by design; no test click dataset was loaded.
[2026-06-18 16:54:29,028][feature_based_propensities_for_ULTR.data.runtime.alignment][INFO] - Applying data cutoff override: configured=25, natural=25, effective=25
[2026-06-18 16:54:29,028][feature_based_propensities_for_ULTR.data.runtime.alignment][INFO] - Applying data cutoff override: configured=25, natural=25, effective=25
[2026-06-18 16:54:29,117][feature_based_propensities_for_ULTR.data.runtime.aggregation][INFO] - Initializing simulator...
[2026-06-18 16:54:29,117][feature_based_propensities_for_ULTR.data.runtime.aggregation][INFO] - Aggregating train dataset...
[2026-06-18 16:54:34,216][feature_based_propensities_for_ULTR.data.runtime.aggregation][INFO] - Aggregating validation dataset...
[2026-06-18 16:54:37,171][feature_based_propensities_for_ULTR.data.runtime.aggregation][INFO] - Aggregating test dataset from labels only...
[2026-06-18 16:54:37,976][feature_based_propensities_for_ULTR.data.runtime.aggregation][INFO] - Aggregation done in 8.86 seconds
[2026-06-18 16:54:37,976][feature_based_propensities_for_ULTR.data.runtime.aggregation][INFO] - Session usage after aggregation: requested(train=7500,val=2500), actual(train=7500,val=2500,test=0)
[2026-06-18 16:54:37,976][feature_based_propensities_for_ULTR.data.runtime.aggregation][INFO] - Dataset persistence disabled; skipping aggregated dataset cache save.
[2026-06-18 16:54:37,976][feature_based_propensities_for_ULTR.experiments.ips_pipeline][INFO] - Test split uses label-only evaluation; raw test click diagnostics are skipped.
[2026-06-18 16:54:38,026][feature_based_propensities_for_ULTR.experiments.diagnostics][INFO] - [Data] train_docs=2132810, val_docs=707814, test_docs=708921, cutoff=25
[2026-06-18 16:54:38,124][feature_based_propensities_for_ULTR.experiments.diagnostics][INFO] - [Train] clicks=828, displays=182371, ctr=0.0045, ctr_per_doc=0.0045
[2026-06-18 16:54:38,210][feature_based_propensities_for_ULTR.experiments.diagnostics][INFO] - [Validation] clicks=280, displays=60770, ctr=0.0046, ctr_per_doc=0.0046
[2026-06-18 16:54:38,296][feature_based_propensities_for_ULTR.experiments.diagnostics][INFO] - [Test] clicks=0, displays=0, ctr=0.0000, ctr_per_doc=0.0000
[2026-06-18 16:54:38,297][feature_based_propensities_for_ULTR.experiments.ips_pipeline][INFO] - Running estimator pipeline with model='dm'
[2026-06-18 16:54:38,297][feature_based_propensities_for_ULTR.experiments.ips_pipeline][INFO] - Computing position bias (alpha)...
[2026-06-18 16:54:38,323][ultr_bias_toolkit.bias.intervention_harvesting.all_pairs][INFO] - Position bias estimation using global all pairs estimator
[2026-06-18 16:55:27,489][feature_based_propensities_for_ULTR.experiments.position_bias_pipeline][INFO] - Saved estimated position-bias curve to position_bias.json
[2026-06-18 16:55:27,490][feature_based_propensities_for_ULTR.experiments.ips_pipeline][INFO] - Estimated position bias in-run (estimator=global_all_pairs): [ 0.         -0.5951774  -1.3571923  -0.94459164 -1.7928139  -3.2646847
 -1.6070302  -6.7522244  -6.9077554  -2.0454607  -2.633259   -5.7492933
 -1.6755401  -2.0498536  -1.6943184  -2.4981167  -0.6942698  -3.0774298
 -6.1974707  -6.123267   -6.617878   -1.4933902   0.6610856  -6.9077554
 -1.9808402 ]
[2026-06-18 16:55:27,491][feature_based_propensities_for_ULTR.experiments.propensity_pipeline][INFO] - Computing propensity per doc (method=propensity_mlp_regression)...
[2026-06-18 16:55:58,384][feature_based_propensities_for_ULTR.experiments.propensity_pipeline][INFO] - Propensity computed in 30.89 seconds
[2026-06-18 16:55:58,384][feature_based_propensities_for_ULTR.experiments.propensity_pipeline][INFO] - Alpha logits: [ 0.     -0.5952 -1.3572 -0.9446 -1.7928 -3.2647 -1.607  -6.7522 -6.9078
 -2.0455 -2.6333 -5.7493 -1.6755 -2.0499 -1.6943 -2.4981 -0.6943 -3.0774
 -6.1975 -6.1233 -6.6179 -1.4934  0.6611 -6.9078 -1.9808]
[2026-06-18 16:55:58,385][feature_based_propensities_for_ULTR.experiments.propensity_pipeline][INFO] - Alpha: [0.5    0.3554 0.2047 0.28   0.1427 0.0368 0.167  0.0012 0.001  0.1145
 0.067  0.0032 0.1577 0.1141 0.1552 0.076  0.3331 0.044  0.002  0.0022
 0.0013 0.1834 0.6595 0.001  0.1212]
[2026-06-18 16:55:58,386][feature_based_propensities_for_ULTR.experiments.propensity_pipeline][INFO] - Propensity clipping disabled.
[2026-06-18 16:55:59,670][feature_based_propensities_for_ULTR.experiments.regression_pipeline][INFO] - Training regression model for DM/DR...
[2026-06-18 16:56:27,728][feature_based_propensities_for_ULTR.experiments.regression_pipeline][INFO] - Regression epoch 3: train_loss=0.076612 val_loss=0.090432
[2026-06-18 16:56:54,834][feature_based_propensities_for_ULTR.experiments.regression_pipeline][INFO] - Regression epoch 6: train_loss=0.074922 val_loss=0.094821
[2026-06-18 16:57:00,992][feature_based_propensities_for_ULTR.experiments.ips_pipeline][INFO] - Computing DM doc weights...
[2026-06-18 16:57:00,993][feature_based_propensities_for_ULTR.experiments.ips_pipeline][INFO] - Doc weights computed in 0.00 seconds
[2026-06-18 16:57:01,003][feature_based_propensities_for_ULTR.experiments.model_pipeline][INFO] - Loading trainer (trainer_type='pl-rank', n_samples=100)...
[2026-06-18 16:57:01,005][feature_based_propensities_for_ULTR.experiments.model_pipeline][INFO] - Trainer loaded in 0.00 seconds
[2026-06-18 16:57:01,005][feature_based_propensities_for_ULTR.experiments.model_pipeline][INFO] - Training model...
[2026-06-18 17:21:17,842][feature_based_propensities_for_ULTR.experiments.ips_pipeline][INFO] - Final evaluation results:
{'metrics': {'CTR': 0.8191606998443604,
             'DCG': 1.784958839416504,
             'NCTR': 0.39379024505615234,
             'NDCG': 0.4652487337589264,
             'NDCG@25': 0.4652487337589264,
             'NRCTR': 0.39379024505615234,
             'RCTR': 0.8191606998443604}}
[2026-06-18 17:21:17,869][submitit][INFO] - Job completed successfully
[2026-06-18 17:21:17,879][submitit][INFO] - Exiting after successful completion
