[2026-06-18 16:55:25,601][feature_based_propensities_for_ULTR.experiments.config_resolver][WARNING] - test_clicks=500000 is ignored because test_set_mode='label_only'. Set test_set_mode='clicks' to enable legacy click-based test behavior.
[2026-06-18 16:55:25,607][feature_based_propensities_for_ULTR.experiments.data_pipeline][INFO] - Loading or generating click datasets...
[2026-06-18 16:55:48,917][absl][INFO] - orbax-checkpoint version: 0.11.40
[2026-06-18 16:55:48,918][absl][INFO] - save_device_host_concurrent_bytes=None
[2026-06-18 16:55:48,918][absl][INFO] - Created BasePyTreeCheckpointHandler: use_ocdbt=True, use_zarr3=False, pytree_metadata_options=PyTreeMetadataOptions(support_rich_types=False), array_metadata_store=<orbax.checkpoint._src.metadata.array_metadata_store.Store object at 0x1465608d1410>, enable_pinned_host_transfer=False, save_concurrent_bytes: 96000000000 (89.4 GiB), restore_concurrent_bytes: 96000000000 (89.4 GiB)
[2026-06-18 16:55:48,918][absl][INFO] - [thread=MainThread] Failed to get flag value for EXPERIMENTAL_ORBAX_USE_DISTRIBUTED_PROCESS_ID.
[2026-06-18 16:55:48,918][absl][INFO] - [process=0][thread=MainThread] Using barrier_sync_fn: <function get_barrier_sync_fn.<locals>.<lambda> at 0x1464bf4b3880> timeout: 1200 secs and primary_host=0 for async checkpoint writes
[2026-06-18 16:55:48,919][absl][INFO] - [process=0] [sync] Started load checkpoint @ /gpfs/home5/sfris1/ltr_datasets/ips_datasets/logging_policy_c10000_ps1p0_pt0p5_bs1p0_drop0rel0_sessallocv2_candfullv2_topx25_maxdocs80_lprdeep_lpsegreedysampler_lppct10p0.
[2026-06-18 16:55:48,921][absl][INFO] - Restoring checkpoint from /gpfs/home5/sfris1/ltr_datasets/ips_datasets/logging_policy_c10000_ps1p0_pt0p5_bs1p0_drop0rel0_sessallocv2_candfullv2_topx25_maxdocs80_lprdeep_lpsegreedysampler_lppct10p0.
[2026-06-18 16:55:48,921][absl][INFO] - [process=0] [sync] Finished blocking load in 0.00 seconds. Continuing load @ /gpfs/home5/sfris1/ltr_datasets/ips_datasets/logging_policy_c10000_ps1p0_pt0p5_bs1p0_drop0rel0_sessallocv2_candfullv2_topx25_maxdocs80_lprdeep_lpsegreedysampler_lppct10p0.
[2026-06-18 16:55:48,937][absl][INFO] - [process=0] /jax/orbax/read/worker/io/requested throughput: 8.064 MiB/s (total gbytes: 91.8 KiB) (time elapsed: 0.011111736297607422 s) (per-host)
[2026-06-18 16:55:48,939][absl][INFO] - [process=0] /jax/checkpoint/read/gbytes_per_sec: 5.417 MiB/s (total gbytes: 91.8 KiB) (time elapsed: 0.01654052734375 s) (per-host)
[2026-06-18 16:55:48,939][absl][INFO] - [process=0] [sync] Finished load in 0.02 seconds @ /gpfs/home5/sfris1/ltr_datasets/ips_datasets/logging_policy_c10000_ps1p0_pt0p5_bs1p0_drop0rel0_sessallocv2_candfullv2_topx25_maxdocs80_lprdeep_lpsegreedysampler_lppct10p0
[2026-06-18 16:55:53,129][feature_based_propensities_for_ULTR.experiments.data_pipeline][INFO] - Loaded click datasets in 27.52 seconds (train=8694, val=1306, test=0)
[2026-06-18 16:55:53,129][feature_based_propensities_for_ULTR.experiments.data_pipeline][INFO] - Test split is label-only by design; no test click dataset was loaded.
[2026-06-18 16:55:53,129][feature_based_propensities_for_ULTR.data.runtime.alignment][INFO] - Applying data cutoff override: configured=25, natural=25, effective=25
[2026-06-18 16:55:53,130][feature_based_propensities_for_ULTR.data.runtime.alignment][INFO] - Applying data cutoff override: configured=25, natural=25, effective=25
[2026-06-18 16:55:53,222][feature_based_propensities_for_ULTR.data.runtime.aggregation][INFO] - Initializing simulator...
[2026-06-18 16:55:53,223][feature_based_propensities_for_ULTR.data.runtime.aggregation][INFO] - Aggregating train dataset...
[2026-06-18 16:55:59,494][feature_based_propensities_for_ULTR.data.runtime.aggregation][INFO] - Aggregating validation dataset...
[2026-06-18 16:56:02,078][feature_based_propensities_for_ULTR.data.runtime.aggregation][INFO] - Aggregating test dataset from labels only...
[2026-06-18 16:56:03,751][feature_based_propensities_for_ULTR.data.runtime.aggregation][INFO] - Aggregation done in 10.53 seconds
[2026-06-18 16:56:03,751][feature_based_propensities_for_ULTR.data.runtime.aggregation][INFO] - Session usage after aggregation: requested(train=8694,val=1306), actual(train=8694,val=1306,test=0)
[2026-06-18 16:56:03,751][feature_based_propensities_for_ULTR.data.runtime.aggregation][INFO] - Dataset persistence disabled; skipping aggregated dataset cache save.
[2026-06-18 16:56:03,751][feature_based_propensities_for_ULTR.experiments.ips_pipeline][INFO] - Test split uses label-only evaluation; raw test click diagnostics are skipped.
[2026-06-18 16:56:03,775][feature_based_propensities_for_ULTR.experiments.diagnostics][INFO] - [Data] train_docs=470251, val_docs=70687, test_docs=164676, cutoff=25
[2026-06-18 16:56:03,864][feature_based_propensities_for_ULTR.experiments.diagnostics][INFO] - [Train] clicks=1464, displays=146907, ctr=0.0100, ctr_per_doc=0.0100
[2026-06-18 16:56:03,950][feature_based_propensities_for_ULTR.experiments.diagnostics][INFO] - [Validation] clicks=191, displays=21910, ctr=0.0087, ctr_per_doc=0.0087
[2026-06-18 16:56:04,069][feature_based_propensities_for_ULTR.experiments.diagnostics][INFO] - [Test] clicks=0, displays=0, ctr=0.0000, ctr_per_doc=0.0000
[2026-06-18 16:56:04,069][feature_based_propensities_for_ULTR.experiments.ips_pipeline][INFO] - Running estimator pipeline with model='dr'
[2026-06-18 16:56:04,069][feature_based_propensities_for_ULTR.experiments.ips_pipeline][INFO] - Computing position bias (alpha)...
[2026-06-18 16:56:04,084][ultr_bias_toolkit.bias.intervention_harvesting.all_pairs][INFO] - Position bias estimation using global all pairs estimator
[2026-06-18 16:56:53,722][feature_based_propensities_for_ULTR.experiments.position_bias_pipeline][INFO] - Saved estimated position-bias curve to position_bias.json
[2026-06-18 16:56:53,722][feature_based_propensities_for_ULTR.experiments.ips_pipeline][INFO] - Estimated position bias in-run (estimator=global_all_pairs): [ 0.         -0.97934335 -1.2529625  -1.2819823  -1.7915599  -1.8306022
 -2.0216382  -2.063872   -2.319842   -2.4521909  -2.1694615  -2.112276
 -1.3692682  -2.2035723  -2.4472997  -3.946367   -1.3580168  -2.7686121
 -6.9077554  -6.9077554  -2.9729846  -6.9077554  -1.8441594  -2.8450909
 -3.176044  ]
[2026-06-18 16:56:53,723][feature_based_propensities_for_ULTR.experiments.propensity_pipeline][INFO] - Computing propensity per doc (method=frequency_based)...
[2026-06-18 16:57:01,902][feature_based_propensities_for_ULTR.experiments.propensity_pipeline][INFO] - Propensity computed in 8.18 seconds
[2026-06-18 16:57:01,902][feature_based_propensities_for_ULTR.experiments.propensity_pipeline][INFO] - Alpha logits: [ 0.         -0.97934335 -1.2529625  -1.2819823  -1.7915599  -1.8306022
 -2.0216382  -2.063872   -2.319842   -2.4521909  -2.1694615  -2.112276
 -1.3692682  -2.2035723  -2.4472997  -3.946367   -1.3580168  -2.7686121
 -6.9077554  -6.9077554  -2.9729846  -6.9077554  -1.8441594  -2.8450909
 -3.176044  ]
[2026-06-18 16:57:01,902][feature_based_propensities_for_ULTR.experiments.propensity_pipeline][INFO] - Alpha: [0.5        0.2730221  0.22218774 0.21721298 0.14288157 0.13816656
 0.11694971 0.11265816 0.08949292 0.07927849 0.10252657 0.10790936
 0.2027381  0.09943016 0.07963624 0.01895841 0.20456281 0.05904407
 0.000999   0.000999   0.04866137 0.000999   0.13656013 0.05493563
 0.04007725]
[2026-06-18 16:57:01,903][feature_based_propensities_for_ULTR.experiments.propensity_pipeline][INFO] - Propensity clipping disabled.
[2026-06-18 16:57:01,903][feature_based_propensities_for_ULTR.experiments.propensity_pipeline][INFO] - Computing propensity per doc (method=frequency_based)...
[2026-06-18 16:57:08,024][feature_based_propensities_for_ULTR.experiments.propensity_pipeline][INFO] - Propensity computed in 6.12 seconds
[2026-06-18 16:57:08,024][feature_based_propensities_for_ULTR.experiments.propensity_pipeline][INFO] - Alpha logits: [ 0.         -0.97934335 -1.2529625  -1.2819823  -1.7915599  -1.8306022
 -2.0216382  -2.063872   -2.319842   -2.4521909  -2.1694615  -2.112276
 -1.3692682  -2.2035723  -2.4472997  -3.946367   -1.3580168  -2.7686121
 -6.9077554  -6.9077554  -2.9729846  -6.9077554  -1.8441594  -2.8450909
 -3.176044  ]
[2026-06-18 16:57:08,025][feature_based_propensities_for_ULTR.experiments.propensity_pipeline][INFO] - Alpha: [0.5        0.2730221  0.22218774 0.21721298 0.14288157 0.13816656
 0.11694971 0.11265816 0.08949292 0.07927849 0.10252657 0.10790936
 0.2027381  0.09943016 0.07963624 0.01895841 0.20456281 0.05904407
 0.000999   0.000999   0.04866137 0.000999   0.13656013 0.05493563
 0.04007725]
[2026-06-18 16:57:09,436][feature_based_propensities_for_ULTR.experiments.regression_pipeline][INFO] - Training regression model for DM/DR...
[2026-06-18 16:57:16,173][feature_based_propensities_for_ULTR.experiments.regression_pipeline][INFO] - Regression epoch 3: train_loss=0.459493 val_loss=0.414074
[2026-06-18 16:57:21,833][feature_based_propensities_for_ULTR.experiments.regression_pipeline][INFO] - Regression epoch 6: train_loss=0.408943 val_loss=0.837732
[2026-06-18 16:57:23,662][feature_based_propensities_for_ULTR.experiments.ips_pipeline][INFO] - Computing DR doc weights...
[2026-06-18 16:57:23,667][feature_based_propensities_for_ULTR.experiments.ips_pipeline][INFO] - Doc weights computed in 0.01 seconds
[2026-06-18 16:57:23,674][feature_based_propensities_for_ULTR.experiments.model_pipeline][INFO] - Loading trainer (trainer_type='pl-rank', n_samples=100)...
[2026-06-18 16:57:23,676][feature_based_propensities_for_ULTR.experiments.model_pipeline][INFO] - Trainer loaded in 0.00 seconds
[2026-06-18 16:57:23,676][feature_based_propensities_for_ULTR.experiments.model_pipeline][INFO] - Training model...
[2026-06-18 17:08:38,438][feature_based_propensities_for_ULTR.experiments.ips_pipeline][INFO] - Final evaluation results:
{'metrics': {'CTR': 0.793342113494873,
             'DCG': 1.9965966939926147,
             'NCTR': 0.6541089415550232,
             'NDCG': 0.7271648645401001,
             'NDCG@25': 0.7271648645401001,
             'NRCTR': 0.6541089415550232,
             'RCTR': 0.793342113494873}}
[2026-06-18 17:08:38,466][submitit][INFO] - Job completed successfully
[2026-06-18 17:08:38,475][submitit][INFO] - Exiting after successful completion
