[2026-06-18 16:56:04,149][feature_based_propensities_for_ULTR.experiments.config_resolver][WARNING] - test_clicks=500000 is ignored because test_set_mode='label_only'. Set test_set_mode='clicks' to enable legacy click-based test behavior.
[2026-06-18 16:56:04,155][feature_based_propensities_for_ULTR.experiments.data_pipeline][INFO] - Loading or generating click datasets...
[2026-06-18 16:56:28,833][absl][INFO] - orbax-checkpoint version: 0.11.40
[2026-06-18 16:56:28,833][absl][INFO] - save_device_host_concurrent_bytes=None
[2026-06-18 16:56:28,834][absl][INFO] - Created BasePyTreeCheckpointHandler: use_ocdbt=True, use_zarr3=False, pytree_metadata_options=PyTreeMetadataOptions(support_rich_types=False), array_metadata_store=<orbax.checkpoint._src.metadata.array_metadata_store.Store object at 0x15492f6eeb90>, enable_pinned_host_transfer=False, save_concurrent_bytes: 96000000000 (89.4 GiB), restore_concurrent_bytes: 96000000000 (89.4 GiB)
[2026-06-18 16:56:28,834][absl][INFO] - [thread=MainThread] Failed to get flag value for EXPERIMENTAL_ORBAX_USE_DISTRIBUTED_PROCESS_ID.
[2026-06-18 16:56:28,834][absl][INFO] - [process=0][thread=MainThread] Using barrier_sync_fn: <function get_barrier_sync_fn.<locals>.<lambda> at 0x15489374f880> timeout: 1200 secs and primary_host=0 for async checkpoint writes
[2026-06-18 16:56:28,834][absl][INFO] - [process=0] [sync] Started load checkpoint @ /gpfs/home5/sfris1/ltr_datasets/ips_datasets/logging_policy_c10000_ps1p0_pt0p5_bs1p0_drop0rel0_sessallocv2_candfullv2_topx25_maxdocs80_lprdeep_lpsegreedysampler_lppct10p0.
[2026-06-18 16:56:28,837][absl][INFO] - Restoring checkpoint from /gpfs/home5/sfris1/ltr_datasets/ips_datasets/logging_policy_c10000_ps1p0_pt0p5_bs1p0_drop0rel0_sessallocv2_candfullv2_topx25_maxdocs80_lprdeep_lpsegreedysampler_lppct10p0.
[2026-06-18 16:56:28,837][absl][INFO] - [process=0] [sync] Finished blocking load in 0.00 seconds. Continuing load @ /gpfs/home5/sfris1/ltr_datasets/ips_datasets/logging_policy_c10000_ps1p0_pt0p5_bs1p0_drop0rel0_sessallocv2_candfullv2_topx25_maxdocs80_lprdeep_lpsegreedysampler_lppct10p0.
[2026-06-18 16:56:28,852][absl][INFO] - [process=0] /jax/orbax/read/worker/io/requested throughput: 8.221 MiB/s (total gbytes: 91.8 KiB) (time elapsed: 0.010899543762207031 s) (per-host)
[2026-06-18 16:56:28,854][absl][INFO] - [process=0] /jax/checkpoint/read/gbytes_per_sec: 5.500 MiB/s (total gbytes: 91.8 KiB) (time elapsed: 0.016292810440063477 s) (per-host)
[2026-06-18 16:56:28,854][absl][INFO] - [process=0] [sync] Finished load in 0.02 seconds @ /gpfs/home5/sfris1/ltr_datasets/ips_datasets/logging_policy_c10000_ps1p0_pt0p5_bs1p0_drop0rel0_sessallocv2_candfullv2_topx25_maxdocs80_lprdeep_lpsegreedysampler_lppct10p0
[2026-06-18 16:56:33,038][feature_based_propensities_for_ULTR.experiments.data_pipeline][INFO] - Loaded click datasets in 28.88 seconds (train=8694, val=1306, test=0)
[2026-06-18 16:56:33,038][feature_based_propensities_for_ULTR.experiments.data_pipeline][INFO] - Test split is label-only by design; no test click dataset was loaded.
[2026-06-18 16:56:33,038][feature_based_propensities_for_ULTR.data.runtime.alignment][INFO] - Applying data cutoff override: configured=25, natural=25, effective=25
[2026-06-18 16:56:33,039][feature_based_propensities_for_ULTR.data.runtime.alignment][INFO] - Applying data cutoff override: configured=25, natural=25, effective=25
[2026-06-18 16:56:33,132][feature_based_propensities_for_ULTR.data.runtime.aggregation][INFO] - Initializing simulator...
[2026-06-18 16:56:33,133][feature_based_propensities_for_ULTR.data.runtime.aggregation][INFO] - Aggregating train dataset...
[2026-06-18 16:56:39,356][feature_based_propensities_for_ULTR.data.runtime.aggregation][INFO] - Aggregating validation dataset...
[2026-06-18 16:56:41,874][feature_based_propensities_for_ULTR.data.runtime.aggregation][INFO] - Aggregating test dataset from labels only...
[2026-06-18 16:56:43,583][feature_based_propensities_for_ULTR.data.runtime.aggregation][INFO] - Aggregation done in 10.45 seconds
[2026-06-18 16:56:43,584][feature_based_propensities_for_ULTR.data.runtime.aggregation][INFO] - Session usage after aggregation: requested(train=8694,val=1306), actual(train=8694,val=1306,test=0)
[2026-06-18 16:56:43,584][feature_based_propensities_for_ULTR.data.runtime.aggregation][INFO] - Dataset persistence disabled; skipping aggregated dataset cache save.
[2026-06-18 16:56:43,584][feature_based_propensities_for_ULTR.experiments.ips_pipeline][INFO] - Test split uses label-only evaluation; raw test click diagnostics are skipped.
[2026-06-18 16:56:43,609][feature_based_propensities_for_ULTR.experiments.diagnostics][INFO] - [Data] train_docs=470251, val_docs=70687, test_docs=164676, cutoff=25
[2026-06-18 16:56:43,699][feature_based_propensities_for_ULTR.experiments.diagnostics][INFO] - [Train] clicks=1308, displays=147593, ctr=0.0089, ctr_per_doc=0.0089
[2026-06-18 16:56:43,783][feature_based_propensities_for_ULTR.experiments.diagnostics][INFO] - [Validation] clicks=202, displays=21889, ctr=0.0092, ctr_per_doc=0.0092
[2026-06-18 16:56:43,902][feature_based_propensities_for_ULTR.experiments.diagnostics][INFO] - [Test] clicks=0, displays=0, ctr=0.0000, ctr_per_doc=0.0000
[2026-06-18 16:56:43,902][feature_based_propensities_for_ULTR.experiments.ips_pipeline][INFO] - Running estimator pipeline with model='dm'
[2026-06-18 16:56:43,902][feature_based_propensities_for_ULTR.experiments.ips_pipeline][INFO] - Computing position bias (alpha)...
[2026-06-18 16:56:43,917][ultr_bias_toolkit.bias.intervention_harvesting.all_pairs][INFO] - Position bias estimation using global all pairs estimator
[2026-06-18 16:57:33,756][feature_based_propensities_for_ULTR.experiments.position_bias_pipeline][INFO] - Saved estimated position-bias curve to position_bias.json
[2026-06-18 16:57:33,756][feature_based_propensities_for_ULTR.experiments.ips_pipeline][INFO] - Estimated position bias in-run (estimator=global_all_pairs): [ 0.         -0.53264534 -1.3332804  -1.4355986  -1.352276   -1.809708
 -1.7250379  -1.7659998  -2.2854328  -2.5918305  -2.6713436  -2.695773
 -3.1387386  -1.5361502  -2.1222703  -2.964086   -3.9879036  -1.5973471
 -1.1864768  -2.288641   -6.4843316  -2.607384   -2.548763   -2.1004946
 -6.9077554 ]
[2026-06-18 16:57:33,758][feature_based_propensities_for_ULTR.experiments.propensity_pipeline][INFO] - Computing propensity per doc (method=true_propensity)...
[2026-06-18 16:57:42,088][feature_based_propensities_for_ULTR.experiments.propensity_pipeline][INFO] - Propensity computed in 8.33 seconds
[2026-06-18 16:57:42,089][feature_based_propensities_for_ULTR.experiments.propensity_pipeline][INFO] - Alpha logits: [ 0.         -0.53264534 -1.3332804  -1.4355986  -1.352276   -1.809708
 -1.7250379  -1.7659998  -2.2854328  -2.5918305  -2.6713436  -2.695773
 -3.1387386  -1.5361502  -2.1222703  -2.964086   -3.9879036  -1.5973471
 -1.1864768  -2.288641   -6.4843316  -2.607384   -2.548763   -2.1004946
 -6.9077554 ]
[2026-06-18 16:57:42,090][feature_based_propensities_for_ULTR.experiments.propensity_pipeline][INFO] - Alpha: [0.5        0.3699001  0.20861726 0.19222786 0.20549852 0.14067341
 0.15122339 0.1460405  0.09233661 0.06966604 0.06468563 0.06322325
 0.04153731 0.1770956  0.10695104 0.04907498 0.01820111 0.16835271
 0.23388964 0.09206808 0.00152485 0.06866471 0.07250962 0.10904875
 0.000999  ]
[2026-06-18 16:57:42,090][feature_based_propensities_for_ULTR.experiments.propensity_pipeline][INFO] - Propensity clipping disabled.
[2026-06-18 16:57:43,455][feature_based_propensities_for_ULTR.experiments.regression_pipeline][INFO] - Training regression model for DM/DR...
[2026-06-18 16:57:50,079][feature_based_propensities_for_ULTR.experiments.regression_pipeline][INFO] - Regression epoch 3: train_loss=0.222890 val_loss=0.259447
[2026-06-18 16:57:55,651][feature_based_propensities_for_ULTR.experiments.regression_pipeline][INFO] - Regression epoch 6: train_loss=0.215819 val_loss=0.257961
[2026-06-18 16:58:01,174][feature_based_propensities_for_ULTR.experiments.regression_pipeline][INFO] - Regression epoch 9: train_loss=0.209579 val_loss=0.261683
[2026-06-18 16:58:03,015][feature_based_propensities_for_ULTR.experiments.ips_pipeline][INFO] - Computing DM doc weights...
[2026-06-18 16:58:03,015][feature_based_propensities_for_ULTR.experiments.ips_pipeline][INFO] - Doc weights computed in 0.00 seconds
[2026-06-18 16:58:03,022][feature_based_propensities_for_ULTR.experiments.model_pipeline][INFO] - Loading trainer (trainer_type='pl-rank', n_samples=100)...
[2026-06-18 16:58:03,024][feature_based_propensities_for_ULTR.experiments.model_pipeline][INFO] - Trainer loaded in 0.00 seconds
[2026-06-18 16:58:03,024][feature_based_propensities_for_ULTR.experiments.model_pipeline][INFO] - Training model...
[2026-06-18 17:08:09,035][feature_based_propensities_for_ULTR.experiments.ips_pipeline][INFO] - Final evaluation results:
{'metrics': {'CTR': 0.9232036471366882,
             'DCG': 2.1195194721221924,
             'NCTR': 0.6973293423652649,
             'NDCG': 0.766391932964325,
             'NDCG@25': 0.766391932964325,
             'NRCTR': 0.6973293423652649,
             'RCTR': 0.9232036471366882}}
[2026-06-18 17:08:09,062][submitit][INFO] - Job completed successfully
[2026-06-18 17:08:09,071][submitit][INFO] - Exiting after successful completion
