[2026-04-22 16:23:46,177][jax._src.xla_bridge][ERROR] - Jax plugin configuration error: Exception when calling jax_plugins.xla_cuda12.initialize()
Traceback (most recent call last):
  File "/gpfs/home5/sfris1/two-towers-confounding-project/.venv/lib/python3.11/site-packages/jax/_src/xla_bridge.py", line 485, in discover_pjrt_plugins
    plugin_module.initialize()
  File "/gpfs/home5/sfris1/two-towers-confounding-project/.venv/lib/python3.11/site-packages/jax_plugins/xla_cuda12/__init__.py", line 328, in initialize
    _check_cuda_versions(raise_on_first_error=True)
  File "/gpfs/home5/sfris1/two-towers-confounding-project/.venv/lib/python3.11/site-packages/jax_plugins/xla_cuda12/__init__.py", line 285, in _check_cuda_versions
    local_device_count = cuda_versions.cuda_device_count()
                         ^^^^^^^^^^^^^^^^^^^^^^^^^^^^^^^^^
RuntimeError: jaxlib/cuda/versions_helpers.cc:113: operation cuInit(0) failed: CUDA_ERROR_NO_DEVICE
[2026-04-22 16:23:47,184][two_tower_confounding.experiments.ips_pipeline][WARNING] - wandb.init failed (Error uploading run: returned error 403: {"data":{"upsertBucket":null},"errors":[{"message":"permission denied","path":["upsertBucket"],"extensions":{"code":"PERMISSION_ERROR"}}]}). Continuing with local logging only.
[2026-04-22 16:23:47,185][two_tower_confounding.experiments.ips_pipeline][WARNING] - Disabling wandb for trainer components because initialization failed.
[2026-04-22 16:23:47,185][two_tower_confounding.experiments.config_resolver][WARNING] - test_clicks=500000 is ignored because test_set_mode='label_only'. Set test_set_mode='clicks' to enable legacy click-based test behavior.
[2026-04-22 16:23:47,191][two_tower_confounding.experiments.data_pipeline][INFO] - Loading or generating click datasets...
[2026-04-22 16:24:10,941][absl][INFO] - orbax-checkpoint version: 0.11.25
[2026-04-22 16:24:10,942][absl][INFO] - Created BasePyTreeCheckpointHandler: use_ocdbt=True, use_zarr3=False, pytree_metadata_options=PyTreeMetadataOptions(support_rich_types=False), array_metadata_store=<orbax.checkpoint._src.metadata.array_metadata_store.Store object at 0x1519b876e950>, enable_pinned_host_transfer=False, save_concurrent_bytes: 96000000000 (89.4 GiB), restore_concurrent_bytes: 96000000000 (89.4 GiB)
[2026-04-22 16:24:10,942][absl][INFO] - [thread=MainThread] Failed to get flag value for EXPERIMENTAL_ORBAX_USE_DISTRIBUTED_PROCESS_ID.
[2026-04-22 16:24:10,943][absl][INFO] - [process=0][thread=MainThread] Using barrier_sync_fn: <function get_barrier_sync_fn.<locals>.<lambda> at 0x1518f1625300> timeout: 600 secs and primary_host=0 for async checkpoint writes
[2026-04-22 16:24:10,945][absl][INFO] - Restoring checkpoint from /gpfs/home5/sfris1/ltr_datasets/ips_datasets/logging_policy_c100000_ps1p0_pt0p5_bs1p0_drop0rel0_sessallocv2_candfullv2_topx25_maxdocs80_lprdeep_lpsegreedysampler_lppct10p0.
[2026-04-22 16:24:10,965][absl][INFO] - [process=0] /jax/checkpoint/read/gbytes_per_sec: 0 Bytes/s (total gbytes: 91.8 KiB) (time elapsed: 19 milliseconds) (per-host)
[2026-04-22 16:24:10,965][absl][INFO] - Finished restoring checkpoint in 0.02 seconds from /gpfs/home5/sfris1/ltr_datasets/ips_datasets/logging_policy_c100000_ps1p0_pt0p5_bs1p0_drop0rel0_sessallocv2_candfullv2_topx25_maxdocs80_lprdeep_lpsegreedysampler_lppct10p0.
[2026-04-22 16:24:22,740][two_tower_confounding.experiments.data_pipeline][INFO] - Loaded click datasets in 35.55 seconds (train=86947, val=13053, test=0)
[2026-04-22 16:24:22,740][two_tower_confounding.experiments.data_pipeline][INFO] - Test split is label-only by design; no test click dataset was loaded.
[2026-04-22 16:24:22,741][two_tower_confounding.data.runtime.alignment][INFO] - Applying data cutoff override: configured=25, natural=25, effective=25
[2026-04-22 16:24:22,741][two_tower_confounding.data.runtime.alignment][INFO] - Applying data cutoff override: configured=25, natural=25, effective=25
[2026-04-22 16:24:22,870][two_tower_confounding.data.runtime.aggregation][INFO] - Initializing simulator...
[2026-04-22 16:24:22,871][two_tower_confounding.data.runtime.aggregation][INFO] - Aggregating train dataset...
[2026-04-22 16:24:29,661][two_tower_confounding.data.runtime.aggregation][INFO] - Aggregating validation dataset...
[2026-04-22 16:24:32,797][two_tower_confounding.data.runtime.aggregation][INFO] - Aggregating test dataset from labels only...
[2026-04-22 16:24:34,771][two_tower_confounding.data.runtime.aggregation][INFO] - Aggregation done in 11.90 seconds
[2026-04-22 16:24:34,772][two_tower_confounding.data.runtime.aggregation][INFO] - Session usage after aggregation: requested(train=86947,val=13053), actual(train=86947,val=13053,test=0)
[2026-04-22 16:24:34,772][two_tower_confounding.data.runtime.aggregation][INFO] - Dataset persistence disabled; skipping aggregated dataset cache save.
[2026-04-22 16:24:34,772][two_tower_confounding.experiments.ips_pipeline][INFO] - Test split uses label-only evaluation; raw test click diagnostics are skipped.
[2026-04-22 16:24:34,799][two_tower_confounding.experiments.diagnostics][INFO] - [Data] train_docs=470251, val_docs=70687, test_docs=164676, cutoff=25
[2026-04-22 16:24:34,871][two_tower_confounding.experiments.diagnostics][INFO] - [Train] clicks=13259, displays=1470025, ctr=0.0090, ctr_per_doc=0.0090
[2026-04-22 16:24:34,941][two_tower_confounding.experiments.diagnostics][INFO] - [Validation] clicks=1920, displays=219403, ctr=0.0088, ctr_per_doc=0.0088
[2026-04-22 16:24:35,011][two_tower_confounding.experiments.diagnostics][INFO] - [Test] clicks=0, displays=0, ctr=0.0000, ctr_per_doc=0.0000
[2026-04-22 16:24:35,011][two_tower_confounding.experiments.ips_pipeline][INFO] - Running estimator pipeline with model='ips'
[2026-04-22 16:24:35,011][two_tower_confounding.experiments.ips_pipeline][INFO] - Computing position bias (alpha)...
[2026-04-22 16:24:35,016][submitit][INFO] - Job completed successfully
[2026-04-22 16:24:35,230][submitit][INFO] - Exiting after successful completion
[2026-04-22 16:48:08,949][jax._src.xla_bridge][ERROR] - Jax plugin configuration error: Exception when calling jax_plugins.xla_cuda12.initialize()
Traceback (most recent call last):
  File "/gpfs/home5/sfris1/two-towers-confounding-project/.venv/lib/python3.11/site-packages/jax/_src/xla_bridge.py", line 485, in discover_pjrt_plugins
    plugin_module.initialize()
  File "/gpfs/home5/sfris1/two-towers-confounding-project/.venv/lib/python3.11/site-packages/jax_plugins/xla_cuda12/__init__.py", line 328, in initialize
    _check_cuda_versions(raise_on_first_error=True)
  File "/gpfs/home5/sfris1/two-towers-confounding-project/.venv/lib/python3.11/site-packages/jax_plugins/xla_cuda12/__init__.py", line 285, in _check_cuda_versions
    local_device_count = cuda_versions.cuda_device_count()
                         ^^^^^^^^^^^^^^^^^^^^^^^^^^^^^^^^^
RuntimeError: jaxlib/cuda/versions_helpers.cc:113: operation cuInit(0) failed: CUDA_ERROR_NO_DEVICE
[2026-04-22 16:48:09,939][two_tower_confounding.experiments.ips_pipeline][WARNING] - wandb.init failed (Error uploading run: returned error 403: {"data":{"upsertBucket":null},"errors":[{"message":"permission denied","path":["upsertBucket"],"extensions":{"code":"PERMISSION_ERROR"}}]}). Continuing with local logging only.
[2026-04-22 16:48:09,939][two_tower_confounding.experiments.ips_pipeline][WARNING] - Disabling wandb for trainer components because initialization failed.
[2026-04-22 16:48:09,940][two_tower_confounding.experiments.config_resolver][WARNING] - test_clicks=500000 is ignored because test_set_mode='label_only'. Set test_set_mode='clicks' to enable legacy click-based test behavior.
[2026-04-22 16:48:09,947][two_tower_confounding.experiments.data_pipeline][INFO] - Loading or generating click datasets...
[2026-04-22 16:48:34,680][absl][INFO] - orbax-checkpoint version: 0.11.25
[2026-04-22 16:48:34,692][absl][INFO] - Created BasePyTreeCheckpointHandler: use_ocdbt=True, use_zarr3=False, pytree_metadata_options=PyTreeMetadataOptions(support_rich_types=False), array_metadata_store=<orbax.checkpoint._src.metadata.array_metadata_store.Store object at 0x14aa5f9dc750>, enable_pinned_host_transfer=False, save_concurrent_bytes: 96000000000 (89.4 GiB), restore_concurrent_bytes: 96000000000 (89.4 GiB)
[2026-04-22 16:48:34,693][absl][INFO] - [thread=MainThread] Failed to get flag value for EXPERIMENTAL_ORBAX_USE_DISTRIBUTED_PROCESS_ID.
[2026-04-22 16:48:34,693][absl][INFO] - [process=0][thread=MainThread] Using barrier_sync_fn: <function get_barrier_sync_fn.<locals>.<lambda> at 0x14a998a99300> timeout: 600 secs and primary_host=0 for async checkpoint writes
[2026-04-22 16:48:34,695][absl][INFO] - Restoring checkpoint from /gpfs/home5/sfris1/ltr_datasets/ips_datasets/logging_policy_c100000_ps1p0_pt0p5_bs1p0_drop0rel0_sessallocv2_candfullv2_topx25_maxdocs80_lprdeep_lpsegreedysampler_lppct10p0.
[2026-04-22 16:48:34,715][absl][INFO] - [process=0] /jax/checkpoint/read/gbytes_per_sec: 0 Bytes/s (total gbytes: 91.8 KiB) (time elapsed: 18 milliseconds) (per-host)
[2026-04-22 16:48:34,715][absl][INFO] - Finished restoring checkpoint in 0.02 seconds from /gpfs/home5/sfris1/ltr_datasets/ips_datasets/logging_policy_c100000_ps1p0_pt0p5_bs1p0_drop0rel0_sessallocv2_candfullv2_topx25_maxdocs80_lprdeep_lpsegreedysampler_lppct10p0.
[2026-04-22 16:48:46,398][two_tower_confounding.experiments.data_pipeline][INFO] - Loaded click datasets in 36.45 seconds (train=86947, val=13053, test=0)
[2026-04-22 16:48:46,398][two_tower_confounding.experiments.data_pipeline][INFO] - Test split is label-only by design; no test click dataset was loaded.
[2026-04-22 16:48:46,398][two_tower_confounding.data.runtime.alignment][INFO] - Applying data cutoff override: configured=25, natural=25, effective=25
[2026-04-22 16:48:46,399][two_tower_confounding.data.runtime.alignment][INFO] - Applying data cutoff override: configured=25, natural=25, effective=25
[2026-04-22 16:48:46,528][two_tower_confounding.data.runtime.aggregation][INFO] - Initializing simulator...
[2026-04-22 16:48:46,529][two_tower_confounding.data.runtime.aggregation][INFO] - Aggregating train dataset...
[2026-04-22 16:48:53,498][two_tower_confounding.data.runtime.aggregation][INFO] - Aggregating validation dataset...
[2026-04-22 16:48:56,840][two_tower_confounding.data.runtime.aggregation][INFO] - Aggregating test dataset from labels only...
[2026-04-22 16:48:58,599][two_tower_confounding.data.runtime.aggregation][INFO] - Aggregation done in 12.07 seconds
[2026-04-22 16:48:58,600][two_tower_confounding.data.runtime.aggregation][INFO] - Session usage after aggregation: requested(train=86947,val=13053), actual(train=86947,val=13053,test=0)
[2026-04-22 16:48:58,600][two_tower_confounding.data.runtime.aggregation][INFO] - Dataset persistence disabled; skipping aggregated dataset cache save.
[2026-04-22 16:48:58,600][two_tower_confounding.experiments.ips_pipeline][INFO] - Test split uses label-only evaluation; raw test click diagnostics are skipped.
[2026-04-22 16:48:58,631][two_tower_confounding.experiments.diagnostics][INFO] - [Data] train_docs=470251, val_docs=70687, test_docs=164676, cutoff=25
[2026-04-22 16:48:58,709][two_tower_confounding.experiments.diagnostics][INFO] - [Train] clicks=13259, displays=1470025, ctr=0.0090, ctr_per_doc=0.0090
[2026-04-22 16:48:58,782][two_tower_confounding.experiments.diagnostics][INFO] - [Validation] clicks=1920, displays=219403, ctr=0.0088, ctr_per_doc=0.0088
[2026-04-22 16:48:58,854][two_tower_confounding.experiments.diagnostics][INFO] - [Test] clicks=0, displays=0, ctr=0.0000, ctr_per_doc=0.0000
[2026-04-22 16:48:58,855][two_tower_confounding.experiments.ips_pipeline][INFO] - Running estimator pipeline with model='ips'
[2026-04-22 16:48:58,855][two_tower_confounding.experiments.ips_pipeline][INFO] - Computing position bias (alpha)...
[2026-04-22 16:48:58,862][two_tower_confounding.experiments.ips_pipeline][INFO] - Loaded CSV position bias from /gpfs/home5/sfris1/Doubly-Robust-Optimization-With-Two-Tower-Models/results/position_bias_csv_smoke.csv (method=global_all_pairs): [ 0.        -0.6762404 -1.078172  -1.3593199 -1.6449132 -1.7892423
 -1.9097745 -2.0003607 -2.0913854 -2.1824634 -2.3962963 -2.5267391
 -2.5543985 -2.6866524 -2.7146919 -2.464648  -2.8178678 -2.5680165
 -2.596511  -3.0224187 -2.731134  -2.8996856 -3.0862072 -3.0266771
 -2.7021465]
[2026-04-22 16:48:58,864][two_tower_confounding.experiments.propensity_pipeline][INFO] - Computing propensity per doc (method=true_propensity)...
[2026-04-22 16:49:59,605][two_tower_confounding.experiments.propensity_pipeline][INFO] - Propensity computed in 60.74 seconds
[2026-04-22 16:49:59,607][two_tower_confounding.experiments.propensity_pipeline][INFO] - Alpha logits: [ 0.        -0.6762404 -1.078172  -1.3593199 -1.6449132 -1.7892423
 -1.9097745 -2.0003607 -2.0913854 -2.1824634 -2.3962963 -2.5267391
 -2.5543985 -2.6866524 -2.7146919 -2.464648  -2.8178678 -2.5680165
 -2.596511  -3.0224187 -2.731134  -2.8996856 -3.0862072 -3.0266771
 -2.7021465]
[2026-04-22 16:49:59,608][two_tower_confounding.experiments.propensity_pipeline][INFO] - Alpha: [0.5        0.33710092 0.2538521  0.20435084 0.16179763 0.14316565
 0.12900618 0.11916506 0.10993693 0.10133637 0.08345556 0.07400479
 0.07213154 0.06376557 0.06211197 0.07837395 0.05636624 0.0712254
 0.06936332 0.04642329 0.06116102 0.0521691  0.04367979 0.04623513
 0.06284682]
[2026-04-22 16:49:59,609][two_tower_confounding.experiments.propensity_pipeline][INFO] - Propensity clipping disabled.
[2026-04-22 16:49:59,609][two_tower_confounding.experiments.ips_pipeline][INFO] - Computing IPS doc weights...
[2026-04-22 16:50:00,295][two_tower_confounding.experiments.ips_pipeline][INFO] - Doc weights computed in 0.69 seconds
[2026-04-22 16:50:00,303][two_tower_confounding.experiments.model_pipeline][INFO] - Loading trainer (trainer_type='pl-rank', n_samples=100)...
[2026-04-22 16:50:00,305][two_tower_confounding.experiments.model_pipeline][INFO] - Trainer loaded in 0.00 seconds
[2026-04-22 16:50:00,306][two_tower_confounding.experiments.model_pipeline][INFO] - Training model...
[2026-04-22 16:57:20,720][two_tower_confounding.experiments.ips_pipeline][INFO] - Final evaluation results:
{'metrics': {'CTR': 0.901148796081543,
             'DCG': 2.189131021499634,
             'NCTR': 0.7498447895050049,
             'NDCG': 0.7865615487098694,
             'NDCG@25': 0.7865615487098694,
             'NRCTR': 0.7498447895050049,
             'RCTR': 0.901148796081543}}
[2026-04-22 16:57:20,747][submitit][INFO] - Job completed successfully
[2026-04-22 16:57:20,756][submitit][INFO] - Exiting after successful completion
[2026-05-02 18:24:30,948][two_tower_confounding.experiments.config_resolver][WARNING] - test_clicks=500000 is ignored because test_set_mode='label_only'. Set test_set_mode='clicks' to enable legacy click-based test behavior.
[2026-05-02 18:24:30,966][two_tower_confounding.experiments.data_pipeline][INFO] - Loading or generating click datasets...
[2026-05-02 18:24:58,827][absl][INFO] - orbax-checkpoint version: 0.11.37
[2026-05-02 18:24:58,828][absl][INFO] - save_device_host_concurrent_bytes=None
[2026-05-02 18:24:58,828][absl][INFO] - Created BasePyTreeCheckpointHandler: use_ocdbt=True, use_zarr3=False, pytree_metadata_options=PyTreeMetadataOptions(support_rich_types=False), array_metadata_store=<orbax.checkpoint._src.metadata.array_metadata_store.Store object at 0x14b4fb3157d0>, enable_pinned_host_transfer=False, save_concurrent_bytes: 96000000000 (89.4 GiB), restore_concurrent_bytes: 96000000000 (89.4 GiB)
[2026-05-02 18:24:58,828][absl][INFO] - [thread=MainThread] Failed to get flag value for EXPERIMENTAL_ORBAX_USE_DISTRIBUTED_PROCESS_ID.
[2026-05-02 18:24:58,828][absl][INFO] - [process=0][thread=MainThread] Using barrier_sync_fn: <function get_barrier_sync_fn.<locals>.<lambda> at 0x14b46705e3e0> timeout: 1200 secs and primary_host=0 for async checkpoint writes
[2026-05-02 18:24:58,829][absl][INFO] - [process=0] [sync] Started load checkpoint @ /gpfs/home5/sfris1/ltr_datasets/ips_datasets/logging_policy_c100000_ps1p0_pt0p5_bs1p0_drop0rel0_sessallocv2_candfullv2_topx25_maxdocs80_lprdeep_lpsegreedysampler_lppct10p0.
[2026-05-02 18:24:58,832][absl][INFO] - Restoring checkpoint from /gpfs/home5/sfris1/ltr_datasets/ips_datasets/logging_policy_c100000_ps1p0_pt0p5_bs1p0_drop0rel0_sessallocv2_candfullv2_topx25_maxdocs80_lprdeep_lpsegreedysampler_lppct10p0.
[2026-05-02 18:24:58,834][absl][INFO] - [process=0] [sync] Finished blocking load in 0.00 seconds. Continuing load @ /gpfs/home5/sfris1/ltr_datasets/ips_datasets/logging_policy_c100000_ps1p0_pt0p5_bs1p0_drop0rel0_sessallocv2_candfullv2_topx25_maxdocs80_lprdeep_lpsegreedysampler_lppct10p0.
[2026-05-02 18:24:58,862][absl][INFO] - [process=0] /jax/orbax/read/worker/io/requested throughput: 6.475 MiB/s (total gbytes: 91.8 KiB) (time elapsed: 0.013839244842529297 s) (per-host)
[2026-05-02 18:24:58,863][absl][INFO] - [process=0] /jax/checkpoint/read/gbytes_per_sec: 4.165 MiB/s (total gbytes: 91.8 KiB) (time elapsed: 0.021511316299438477 s) (per-host)
[2026-05-02 18:24:58,864][absl][INFO] - [process=0] [sync] Finished load in 0.03 seconds @ /gpfs/home5/sfris1/ltr_datasets/ips_datasets/logging_policy_c100000_ps1p0_pt0p5_bs1p0_drop0rel0_sessallocv2_candfullv2_topx25_maxdocs80_lprdeep_lpsegreedysampler_lppct10p0
[2026-05-02 18:25:09,933][two_tower_confounding.experiments.data_pipeline][INFO] - Loaded click datasets in 38.97 seconds (train=86947, val=13053, test=0)
[2026-05-02 18:25:09,933][two_tower_confounding.experiments.data_pipeline][INFO] - Test split is label-only by design; no test click dataset was loaded.
[2026-05-02 18:25:09,934][two_tower_confounding.data.runtime.alignment][INFO] - Applying data cutoff override: configured=25, natural=25, effective=25
[2026-05-02 18:25:09,934][two_tower_confounding.data.runtime.alignment][INFO] - Applying data cutoff override: configured=25, natural=25, effective=25
[2026-05-02 18:25:10,027][two_tower_confounding.data.runtime.aggregation][INFO] - Initializing simulator...
[2026-05-02 18:25:10,027][two_tower_confounding.data.runtime.aggregation][INFO] - Aggregating train dataset...
[2026-05-02 18:25:16,343][two_tower_confounding.data.runtime.aggregation][INFO] - Aggregating validation dataset...
[2026-05-02 18:25:18,885][two_tower_confounding.data.runtime.aggregation][INFO] - Aggregating test dataset from labels only...
[2026-05-02 18:25:20,593][two_tower_confounding.data.runtime.aggregation][INFO] - Aggregation done in 10.57 seconds
[2026-05-02 18:25:20,595][two_tower_confounding.data.runtime.aggregation][INFO] - Session usage after aggregation: requested(train=86947,val=13053), actual(train=86947,val=13053,test=0)
[2026-05-02 18:25:20,595][two_tower_confounding.data.runtime.aggregation][INFO] - Dataset persistence disabled; skipping aggregated dataset cache save.
[2026-05-02 18:25:20,595][two_tower_confounding.experiments.ips_pipeline][INFO] - Test split uses label-only evaluation; raw test click diagnostics are skipped.
[2026-05-02 18:25:20,619][two_tower_confounding.experiments.diagnostics][INFO] - [Data] train_docs=470251, val_docs=70687, test_docs=164676, cutoff=25
[2026-05-02 18:25:20,710][two_tower_confounding.experiments.diagnostics][INFO] - [Train] clicks=13259, displays=1470025, ctr=0.0090, ctr_per_doc=0.0090
[2026-05-02 18:25:20,795][two_tower_confounding.experiments.diagnostics][INFO] - [Validation] clicks=1920, displays=219403, ctr=0.0088, ctr_per_doc=0.0088
[2026-05-02 18:25:21,077][two_tower_confounding.experiments.diagnostics][INFO] - [Test] clicks=0, displays=0, ctr=0.0000, ctr_per_doc=0.0000
[2026-05-02 18:25:21,077][two_tower_confounding.experiments.ips_pipeline][INFO] - Running estimator pipeline with model='ips'
[2026-05-02 18:25:21,077][two_tower_confounding.experiments.ips_pipeline][INFO] - Computing position bias (alpha)...
[2026-05-02 18:25:21,084][two_tower_confounding.experiments.ips_pipeline][INFO] - Loaded CSV position bias from /gpfs/home5/sfris1/Doubly-Robust-Optimization-With-Two-Tower-Models/results/position_bias_csv_smoke.csv (method=global_all_pairs): [ 0.        -0.6762404 -1.078172  -1.3593199 -1.6449132 -1.7892423
 -1.9097745 -2.0003607 -2.0913854 -2.1824634 -2.3962963 -2.5267391
 -2.5543985 -2.6866524 -2.7146919 -2.464648  -2.8178678 -2.5680165
 -2.596511  -3.0224187 -2.731134  -2.8996856 -3.0862072 -3.0266771
 -2.7021465]
[2026-05-02 18:25:21,086][two_tower_confounding.experiments.propensity_pipeline][INFO] - Computing propensity per doc (method=true_propensity)...
[2026-05-02 18:26:21,713][two_tower_confounding.experiments.propensity_pipeline][INFO] - Propensity computed in 60.63 seconds
[2026-05-02 18:26:21,714][two_tower_confounding.experiments.propensity_pipeline][INFO] - Alpha logits: [ 0.        -0.6762404 -1.078172  -1.3593199 -1.6449132 -1.7892423
 -1.9097745 -2.0003607 -2.0913854 -2.1824634 -2.3962963 -2.5267391
 -2.5543985 -2.6866524 -2.7146919 -2.464648  -2.8178678 -2.5680165
 -2.596511  -3.0224187 -2.731134  -2.8996856 -3.0862072 -3.0266771
 -2.7021465]
[2026-05-02 18:26:21,715][two_tower_confounding.experiments.propensity_pipeline][INFO] - Alpha: [0.5        0.33710092 0.2538521  0.20435084 0.16179763 0.14316565
 0.12900618 0.11916506 0.10993693 0.10133637 0.08345556 0.07400479
 0.07213154 0.06376557 0.06211197 0.07837395 0.05636624 0.0712254
 0.06936332 0.04642329 0.06116102 0.0521691  0.04367979 0.04623513
 0.06284682]
[2026-05-02 18:26:21,716][two_tower_confounding.experiments.propensity_pipeline][INFO] - Propensity clipping disabled.
[2026-05-02 18:26:21,716][two_tower_confounding.experiments.ips_pipeline][INFO] - Computing IPS doc weights...
[2026-05-02 18:26:22,192][two_tower_confounding.experiments.ips_pipeline][INFO] - Doc weights computed in 0.48 seconds
[2026-05-02 18:26:22,204][two_tower_confounding.experiments.model_pipeline][INFO] - Loading trainer (trainer_type='pl-rank', n_samples=100)...
[2026-05-02 18:26:22,206][two_tower_confounding.experiments.model_pipeline][INFO] - Trainer loaded in 0.00 seconds
[2026-05-02 18:26:22,206][two_tower_confounding.experiments.model_pipeline][INFO] - Training model...
[2026-05-02 18:34:08,608][two_tower_confounding.experiments.ips_pipeline][INFO] - Final evaluation results:
{'metrics': {'CTR': 0.9013140797615051,
             'DCG': 2.190061092376709,
             'NCTR': 0.7503564357757568,
             'NDCG': 0.7871246933937073,
             'NDCG@25': 0.7871246933937073,
             'NRCTR': 0.7503564357757568,
             'RCTR': 0.9013140797615051}}
[2026-05-02 18:34:08,633][submitit][INFO] - Job completed successfully
[2026-05-02 18:34:08,643][submitit][INFO] - Exiting after successful completion
