[2026-05-05 10:56:29,596][two_tower_confounding.experiments.config_resolver][WARNING] - test_clicks=500000 is ignored because test_set_mode='label_only'. Set test_set_mode='clicks' to enable legacy click-based test behavior.
[2026-05-05 10:56:29,602][two_tower_confounding.experiments.data_pipeline][INFO] - Loading or generating click datasets...
[2026-05-05 10:56:53,130][absl][INFO] - orbax-checkpoint version: 0.11.37
[2026-05-05 10:56:53,131][absl][INFO] - save_device_host_concurrent_bytes=None
[2026-05-05 10:56:53,131][absl][INFO] - Created BasePyTreeCheckpointHandler: use_ocdbt=True, use_zarr3=False, pytree_metadata_options=PyTreeMetadataOptions(support_rich_types=False), array_metadata_store=<orbax.checkpoint._src.metadata.array_metadata_store.Store object at 0x14c6e9d156d0>, enable_pinned_host_transfer=False, save_concurrent_bytes: 96000000000 (89.4 GiB), restore_concurrent_bytes: 96000000000 (89.4 GiB)
[2026-05-05 10:56:53,131][absl][INFO] - [thread=MainThread] Failed to get flag value for EXPERIMENTAL_ORBAX_USE_DISTRIBUTED_PROCESS_ID.
[2026-05-05 10:56:53,131][absl][INFO] - [process=0][thread=MainThread] Using barrier_sync_fn: <function get_barrier_sync_fn.<locals>.<lambda> at 0x14c656821800> timeout: 1200 secs and primary_host=0 for async checkpoint writes
[2026-05-05 10:56:53,131][absl][INFO] - [process=0] [sync] Started load checkpoint @ /gpfs/home5/sfris1/ltr_datasets/ips_datasets/logging_policy_c10000_ps1p0_pt0p5_bs1p0_drop0rel0_sessallocv2_candfullv2_topx25_maxdocs80_lprdeep_lpsegreedysampler_lppct10p0.
[2026-05-05 10:56:53,134][absl][INFO] - Restoring checkpoint from /gpfs/home5/sfris1/ltr_datasets/ips_datasets/logging_policy_c10000_ps1p0_pt0p5_bs1p0_drop0rel0_sessallocv2_candfullv2_topx25_maxdocs80_lprdeep_lpsegreedysampler_lppct10p0.
[2026-05-05 10:56:53,134][absl][INFO] - [process=0] [sync] Finished blocking load in 0.00 seconds. Continuing load @ /gpfs/home5/sfris1/ltr_datasets/ips_datasets/logging_policy_c10000_ps1p0_pt0p5_bs1p0_drop0rel0_sessallocv2_candfullv2_topx25_maxdocs80_lprdeep_lpsegreedysampler_lppct10p0.
[2026-05-05 10:56:53,149][absl][INFO] - [process=0] /jax/orbax/read/worker/io/requested throughput: 8.382 MiB/s (total gbytes: 91.8 KiB) (time elapsed: 0.010690450668334961 s) (per-host)
[2026-05-05 10:56:53,151][absl][INFO] - [process=0] /jax/checkpoint/read/gbytes_per_sec: 5.529 MiB/s (total gbytes: 91.8 KiB) (time elapsed: 0.01620626449584961 s) (per-host)
[2026-05-05 10:56:53,151][absl][INFO] - [process=0] [sync] Finished load in 0.02 seconds @ /gpfs/home5/sfris1/ltr_datasets/ips_datasets/logging_policy_c10000_ps1p0_pt0p5_bs1p0_drop0rel0_sessallocv2_candfullv2_topx25_maxdocs80_lprdeep_lpsegreedysampler_lppct10p0
[2026-05-05 10:56:57,325][two_tower_confounding.experiments.data_pipeline][INFO] - Loaded click datasets in 27.72 seconds (train=8694, val=1306, test=0)
[2026-05-05 10:56:57,326][two_tower_confounding.experiments.data_pipeline][INFO] - Test split is label-only by design; no test click dataset was loaded.
[2026-05-05 10:56:57,326][two_tower_confounding.data.runtime.alignment][INFO] - Applying data cutoff override: configured=25, natural=25, effective=25
[2026-05-05 10:56:57,326][two_tower_confounding.data.runtime.alignment][INFO] - Applying data cutoff override: configured=25, natural=25, effective=25
[2026-05-05 10:56:58,421][two_tower_confounding.data.runtime.aggregation][INFO] - Initializing simulator...
[2026-05-05 10:56:58,422][two_tower_confounding.data.runtime.aggregation][INFO] - Aggregating train dataset...
[2026-05-05 10:57:04,540][two_tower_confounding.data.runtime.aggregation][INFO] - Aggregating validation dataset...
[2026-05-05 10:57:06,891][two_tower_confounding.data.runtime.aggregation][INFO] - Aggregating test dataset from labels only...
[2026-05-05 10:57:08,664][two_tower_confounding.data.runtime.aggregation][INFO] - Aggregation done in 10.24 seconds
[2026-05-05 10:57:08,665][two_tower_confounding.data.runtime.aggregation][INFO] - Session usage after aggregation: requested(train=8694,val=1306), actual(train=8694,val=1306,test=0)
[2026-05-05 10:57:08,665][two_tower_confounding.data.runtime.aggregation][INFO] - Dataset persistence disabled; skipping aggregated dataset cache save.
[2026-05-05 10:57:08,665][two_tower_confounding.experiments.ips_pipeline][INFO] - Test split uses label-only evaluation; raw test click diagnostics are skipped.
[2026-05-05 10:57:08,689][two_tower_confounding.experiments.diagnostics][INFO] - [Data] train_docs=470251, val_docs=70687, test_docs=164676, cutoff=25
[2026-05-05 10:57:08,776][two_tower_confounding.experiments.diagnostics][INFO] - [Train] clicks=1353, displays=147293, ctr=0.0092, ctr_per_doc=0.0092
[2026-05-05 10:57:08,856][two_tower_confounding.experiments.diagnostics][INFO] - [Validation] clicks=160, displays=21371, ctr=0.0075, ctr_per_doc=0.0075
[2026-05-05 10:57:08,974][two_tower_confounding.experiments.diagnostics][INFO] - [Test] clicks=0, displays=0, ctr=0.0000, ctr_per_doc=0.0000
[2026-05-05 10:57:08,974][two_tower_confounding.experiments.ips_pipeline][INFO] - Running estimator pipeline with model='dm'
[2026-05-05 10:57:08,974][two_tower_confounding.experiments.ips_pipeline][INFO] - Computing position bias (alpha)...
[2026-05-05 10:57:08,981][two_tower_confounding.experiments.ips_pipeline][INFO] - Loaded CSV position bias from /gpfs/home5/sfris1/Doubly-Robust-Optimization-With-Two-Tower-Models/results/position_bias_csv_smoke.csv (method=global_all_pairs): [ 0.         -0.69555205 -1.0914718  -1.5367097  -1.9896696  -1.8285061
 -2.3471622  -1.3256977  -1.596374   -2.282981   -3.696813   -2.5899024
 -3.0106232  -2.2986262  -2.4007735  -2.2980165  -3.4975617  -3.6823604
 -3.4711256  -6.9077554  -3.1470287  -6.7853017  -3.9342997  -6.9077554
 -2.7012002 ]
[2026-05-05 10:57:08,982][two_tower_confounding.experiments.propensity_pipeline][INFO] - Computing propensity per doc (method=frequency_based)...
[2026-05-05 10:57:17,071][two_tower_confounding.experiments.propensity_pipeline][INFO] - Propensity computed in 8.09 seconds
[2026-05-05 10:57:17,071][two_tower_confounding.experiments.propensity_pipeline][INFO] - Alpha logits: [ 0.         -0.69555205 -1.0914718  -1.5367097  -1.9896696  -1.8285061
 -2.3471622  -1.3256977  -1.596374   -2.282981   -3.696813   -2.5899024
 -3.0106232  -2.2986262  -2.4007735  -2.2980165  -3.4975617  -3.6823604
 -3.4711256  -6.9077554  -3.1470287  -6.7853017  -3.9342997  -6.9077554
 -2.7012002 ]
[2026-05-05 10:57:17,072][two_tower_confounding.experiments.propensity_pipeline][INFO] - Alpha: [0.5        0.33279914 0.25134122 0.1770141  0.12029183 0.13841633
 0.08729161 0.2098719  0.168489   0.09254231 0.02420217 0.06979112
 0.04694825 0.09123681 0.08311372 0.09128737 0.02938169 0.02454585
 0.03014506 0.000999   0.04120852 0.00112899 0.01918416 0.000999
 0.06290258]
[2026-05-05 10:57:17,073][two_tower_confounding.experiments.propensity_pipeline][INFO] - Propensity clipping disabled.
[2026-05-05 10:57:18,116][two_tower_confounding.experiments.regression_pipeline][INFO] - Training regression model for DM/DR...
[2026-05-05 10:57:24,540][two_tower_confounding.experiments.regression_pipeline][INFO] - Regression epoch 3: train_loss=0.430910 val_loss=0.213643
[2026-05-05 10:57:29,956][two_tower_confounding.experiments.regression_pipeline][INFO] - Regression epoch 6: train_loss=0.373876 val_loss=0.232249
[2026-05-05 10:57:31,753][two_tower_confounding.experiments.ips_pipeline][INFO] - Computing DM doc weights...
[2026-05-05 10:57:31,753][two_tower_confounding.experiments.ips_pipeline][INFO] - Doc weights computed in 0.00 seconds
[2026-05-05 10:57:31,760][two_tower_confounding.experiments.model_pipeline][INFO] - Loading trainer (trainer_type='pl-rank', n_samples=100)...
[2026-05-05 10:57:31,762][two_tower_confounding.experiments.model_pipeline][INFO] - Trainer loaded in 0.00 seconds
[2026-05-05 10:57:31,762][two_tower_confounding.experiments.model_pipeline][INFO] - Training model...
[2026-05-05 11:07:42,223][two_tower_confounding.experiments.ips_pipeline][INFO] - Final evaluation results:
{'metrics': {'CTR': 0.7387613654136658,
             'DCG': 1.977104902267456,
             'NCTR': 0.6440882086753845,
             'NDCG': 0.7244263291358948,
             'NDCG@25': 0.7244263291358948,
             'NRCTR': 0.6440882086753845,
             'RCTR': 0.7387613654136658}}
[2026-05-05 11:07:42,250][submitit][INFO] - Job completed successfully
[2026-05-05 11:07:42,260][submitit][INFO] - Exiting after successful completion
