[2026-06-18 15:34:17,603][feature_based_propensities_for_ULTR.experiments.config_resolver][WARNING] - test_clicks=500000 is ignored because test_set_mode='label_only'. Set test_set_mode='clicks' to enable legacy click-based test behavior.
[2026-06-18 15:34:17,609][feature_based_propensities_for_ULTR.experiments.data_pipeline][INFO] - Loading or generating click datasets...
[2026-06-18 15:35:45,555][absl][INFO] - orbax-checkpoint version: 0.11.40
[2026-06-18 15:35:45,555][absl][INFO] - save_device_host_concurrent_bytes=None
[2026-06-18 15:35:45,556][absl][INFO] - Created BasePyTreeCheckpointHandler: use_ocdbt=True, use_zarr3=False, pytree_metadata_options=PyTreeMetadataOptions(support_rich_types=False), array_metadata_store=<orbax.checkpoint._src.metadata.array_metadata_store.Store object at 0x14b967f77b10>, enable_pinned_host_transfer=False, save_concurrent_bytes: 96000000000 (89.4 GiB), restore_concurrent_bytes: 96000000000 (89.4 GiB)
[2026-06-18 15:35:45,556][absl][INFO] - [thread=MainThread] Failed to get flag value for EXPERIMENTAL_ORBAX_USE_DISTRIBUTED_PROCESS_ID.
[2026-06-18 15:35:45,556][absl][INFO] - [process=0][thread=MainThread] Using barrier_sync_fn: <function get_barrier_sync_fn.<locals>.<lambda> at 0x14b8b83f3920> timeout: 1200 secs and primary_host=0 for async checkpoint writes
[2026-06-18 15:35:45,556][absl][INFO] - [process=0] [sync] Started load checkpoint @ /gpfs/home5/sfris1/ltr_datasets/ips_datasets/istella_logging_policy_c10000_ps1p0_pt0p5_bs1p0_drop0rel0_sessallocv2_candfullv2_topx25_maxdocs200_lprdeep_lpsegreedysampler_lppct10p0.
[2026-06-18 15:35:45,560][absl][INFO] - Restoring checkpoint from /gpfs/home5/sfris1/ltr_datasets/ips_datasets/istella_logging_policy_c10000_ps1p0_pt0p5_bs1p0_drop0rel0_sessallocv2_candfullv2_topx25_maxdocs200_lprdeep_lpsegreedysampler_lppct10p0.
[2026-06-18 15:35:45,560][absl][INFO] - [process=0] [sync] Finished blocking load in 0.00 seconds. Continuing load @ /gpfs/home5/sfris1/ltr_datasets/ips_datasets/istella_logging_policy_c10000_ps1p0_pt0p5_bs1p0_drop0rel0_sessallocv2_candfullv2_topx25_maxdocs200_lprdeep_lpsegreedysampler_lppct10p0.
[2026-06-18 15:35:45,577][absl][INFO] - [process=0] /jax/orbax/read/worker/io/requested throughput: 2.626 MiB/s (total gbytes: 31.6 KiB) (time elapsed: 0.011761903762817383 s) (per-host)
[2026-06-18 15:35:45,579][absl][INFO] - [process=0] /jax/checkpoint/read/gbytes_per_sec: 1.738 MiB/s (total gbytes: 31.6 KiB) (time elapsed: 0.017772197723388672 s) (per-host)
[2026-06-18 15:35:45,579][absl][INFO] - [process=0] [sync] Finished load in 0.02 seconds @ /gpfs/home5/sfris1/ltr_datasets/ips_datasets/istella_logging_policy_c10000_ps1p0_pt0p5_bs1p0_drop0rel0_sessallocv2_candfullv2_topx25_maxdocs200_lprdeep_lpsegreedysampler_lppct10p0
[2026-06-18 15:35:50,794][feature_based_propensities_for_ULTR.experiments.data_pipeline][INFO] - Loaded click datasets in 93.18 seconds (train=7274, val=2726, test=0)
[2026-06-18 15:35:50,794][feature_based_propensities_for_ULTR.experiments.data_pipeline][INFO] - Test split is label-only by design; no test click dataset was loaded.
[2026-06-18 15:35:50,794][feature_based_propensities_for_ULTR.data.runtime.alignment][INFO] - Applying data cutoff override: configured=25, natural=25, effective=25
[2026-06-18 15:35:50,794][feature_based_propensities_for_ULTR.data.runtime.alignment][INFO] - Applying data cutoff override: configured=25, natural=25, effective=25
[2026-06-18 15:35:50,887][feature_based_propensities_for_ULTR.data.runtime.aggregation][INFO] - Initializing simulator...
[2026-06-18 15:35:50,888][feature_based_propensities_for_ULTR.data.runtime.aggregation][INFO] - Aggregating train dataset...
[2026-06-18 15:35:57,381][feature_based_propensities_for_ULTR.data.runtime.aggregation][INFO] - Aggregating validation dataset...
[2026-06-18 15:36:00,674][feature_based_propensities_for_ULTR.data.runtime.aggregation][INFO] - Aggregating test dataset from labels only...
[2026-06-18 15:36:02,072][feature_based_propensities_for_ULTR.data.runtime.aggregation][INFO] - Aggregation done in 11.18 seconds
[2026-06-18 15:36:02,072][feature_based_propensities_for_ULTR.data.runtime.aggregation][INFO] - Session usage after aggregation: requested(train=7274,val=2726), actual(train=7274,val=2726,test=0)
[2026-06-18 15:36:02,072][feature_based_propensities_for_ULTR.data.runtime.aggregation][INFO] - Dataset persistence disabled; skipping aggregated dataset cache save.
[2026-06-18 15:36:02,072][feature_based_propensities_for_ULTR.experiments.ips_pipeline][INFO] - Test split uses label-only evaluation; raw test click diagnostics are skipped.
[2026-06-18 15:36:02,122][feature_based_propensities_for_ULTR.experiments.diagnostics][INFO] - [Data] train_docs=2043304, val_docs=684076, test_docs=681250, cutoff=25
[2026-06-18 15:36:02,217][feature_based_propensities_for_ULTR.experiments.diagnostics][INFO] - [Train] clicks=1487, displays=181035, ctr=0.0082, ctr_per_doc=0.0082
[2026-06-18 15:36:02,307][feature_based_propensities_for_ULTR.experiments.diagnostics][INFO] - [Validation] clicks=605, displays=67736, ctr=0.0089, ctr_per_doc=0.0089
[2026-06-18 15:36:02,394][feature_based_propensities_for_ULTR.experiments.diagnostics][INFO] - [Test] clicks=0, displays=0, ctr=0.0000, ctr_per_doc=0.0000
[2026-06-18 15:36:02,395][feature_based_propensities_for_ULTR.experiments.ips_pipeline][INFO] - Running estimator pipeline with model='dr'
[2026-06-18 15:36:02,395][feature_based_propensities_for_ULTR.experiments.ips_pipeline][INFO] - Computing position bias (alpha)...
[2026-06-18 15:36:02,425][ultr_bias_toolkit.bias.intervention_harvesting.all_pairs][INFO] - Position bias estimation using global all pairs estimator
[2026-06-18 15:36:52,969][feature_based_propensities_for_ULTR.experiments.position_bias_pipeline][INFO] - Saved estimated position-bias curve to position_bias.json
[2026-06-18 15:36:52,969][feature_based_propensities_for_ULTR.experiments.ips_pipeline][INFO] - Estimated position bias in-run (estimator=global_all_pairs): [ 0.        -0.8147085 -1.1778153 -1.3099929 -2.4494636 -2.1887963
 -4.0631    -1.7544452 -2.1356382 -2.4034026 -3.720796  -2.902727
 -3.4167542 -2.9340117 -3.0379202 -3.6438532 -1.6799691 -1.9934827
 -3.2355945 -1.986269  -6.9077554 -6.1462007 -6.9077554 -3.0891714
 -6.9077554]
[2026-06-18 15:36:52,970][feature_based_propensities_for_ULTR.experiments.propensity_pipeline][INFO] - Computing propensity per doc (method=true_propensity)...
[2026-06-18 15:37:19,215][feature_based_propensities_for_ULTR.experiments.propensity_pipeline][INFO] - Propensity computed in 26.24 seconds
[2026-06-18 15:37:19,215][feature_based_propensities_for_ULTR.experiments.propensity_pipeline][INFO] - Alpha logits: [ 0.        -0.8147085 -1.1778153 -1.3099929 -2.4494636 -2.1887963
 -4.0631    -1.7544452 -2.1356382 -2.4034026 -3.720796  -2.902727
 -3.4167542 -2.9340117 -3.0379202 -3.6438532 -1.6799691 -1.9934827
 -3.2355945 -1.986269  -6.9077554 -6.1462007 -6.9077554 -3.0891714
 -6.9077554]
[2026-06-18 15:37:19,216][feature_based_propensities_for_ULTR.experiments.propensity_pipeline][INFO] - Alpha: [0.5        0.30688807 0.23544523 0.21248803 0.07947777 0.10076112
 0.01690494 0.1474874  0.10568093 0.08291361 0.0236422  0.05201893
 0.03177594 0.05049763 0.04574186 0.02548492 0.15709956 0.1198889
 0.03784799 0.12065215 0.000999   0.00213703 0.000999   0.04355614
 0.000999  ]
[2026-06-18 15:37:19,217][feature_based_propensities_for_ULTR.experiments.propensity_pipeline][INFO] - Propensity clipping disabled.
[2026-06-18 15:37:19,217][feature_based_propensities_for_ULTR.experiments.propensity_pipeline][INFO] - Computing propensity per doc (method=frequency_based)...
[2026-06-18 15:37:43,444][feature_based_propensities_for_ULTR.experiments.propensity_pipeline][INFO] - Propensity computed in 24.23 seconds
[2026-06-18 15:37:43,444][feature_based_propensities_for_ULTR.experiments.propensity_pipeline][INFO] - Alpha logits: [ 0.        -0.8147085 -1.1778153 -1.3099929 -2.4494636 -2.1887963
 -4.0631    -1.7544452 -2.1356382 -2.4034026 -3.720796  -2.902727
 -3.4167542 -2.9340117 -3.0379202 -3.6438532 -1.6799691 -1.9934827
 -3.2355945 -1.986269  -6.9077554 -6.1462007 -6.9077554 -3.0891714
 -6.9077554]
[2026-06-18 15:37:43,445][feature_based_propensities_for_ULTR.experiments.propensity_pipeline][INFO] - Alpha: [0.5        0.30688807 0.23544523 0.21248803 0.07947777 0.10076112
 0.01690494 0.1474874  0.10568093 0.08291361 0.0236422  0.05201893
 0.03177594 0.05049763 0.04574186 0.02548492 0.15709956 0.1198889
 0.03784799 0.12065215 0.000999   0.00213703 0.000999   0.04355614
 0.000999  ]
[2026-06-18 15:37:44,852][feature_based_propensities_for_ULTR.experiments.regression_pipeline][INFO] - Training regression model for DM/DR...
[2026-06-18 15:37:52,767][feature_based_propensities_for_ULTR.experiments.regression_pipeline][INFO] - Regression epoch 3: train_loss=0.278508 val_loss=0.325289
[2026-06-18 15:37:59,600][feature_based_propensities_for_ULTR.experiments.regression_pipeline][INFO] - Regression epoch 6: train_loss=0.271262 val_loss=0.330242
[2026-06-18 15:38:05,504][feature_based_propensities_for_ULTR.experiments.ips_pipeline][INFO] - Computing DR doc weights...
[2026-06-18 15:38:05,534][feature_based_propensities_for_ULTR.experiments.ips_pipeline][INFO] - Doc weights computed in 0.03 seconds
[2026-06-18 15:38:05,544][feature_based_propensities_for_ULTR.experiments.model_pipeline][INFO] - Loading trainer (trainer_type='pl-rank', n_samples=100)...
[2026-06-18 15:38:05,546][feature_based_propensities_for_ULTR.experiments.model_pipeline][INFO] - Trainer loaded in 0.00 seconds
[2026-06-18 15:38:05,546][feature_based_propensities_for_ULTR.experiments.model_pipeline][INFO] - Training model...
[2026-06-18 16:52:47,036][feature_based_propensities_for_ULTR.experiments.ips_pipeline][INFO] - Final evaluation results:
{'metrics': {'CTR': 0.8747976422309875,
             'DCG': 2.376493453979492,
             'NCTR': 0.5726648569107056,
             'NDCG': 0.6915066242218018,
             'NDCG@25': 0.6915066242218018,
             'NRCTR': 0.5726648569107056,
             'RCTR': 0.8747976422309875}}
[2026-06-18 16:52:47,070][submitit][INFO] - Job completed successfully
[2026-06-18 16:52:47,080][submitit][INFO] - Exiting after successful completion
