[2026-06-18 15:29:16,949][feature_based_propensities_for_ULTR.experiments.config_resolver][WARNING] - test_clicks=500000 is ignored because test_set_mode='label_only'. Set test_set_mode='clicks' to enable legacy click-based test behavior.
[2026-06-18 15:29:16,954][feature_based_propensities_for_ULTR.experiments.data_pipeline][INFO] - Loading or generating click datasets...
[2026-06-18 15:29:40,204][absl][INFO] - orbax-checkpoint version: 0.11.40
[2026-06-18 15:29:40,204][absl][INFO] - save_device_host_concurrent_bytes=None
[2026-06-18 15:29:40,205][absl][INFO] - Created BasePyTreeCheckpointHandler: use_ocdbt=True, use_zarr3=False, pytree_metadata_options=PyTreeMetadataOptions(support_rich_types=False), array_metadata_store=<orbax.checkpoint._src.metadata.array_metadata_store.Store object at 0x15088149e2d0>, enable_pinned_host_transfer=False, save_concurrent_bytes: 96000000000 (89.4 GiB), restore_concurrent_bytes: 96000000000 (89.4 GiB)
[2026-06-18 15:29:40,205][absl][INFO] - [thread=MainThread] Failed to get flag value for EXPERIMENTAL_ORBAX_USE_DISTRIBUTED_PROCESS_ID.
[2026-06-18 15:29:40,205][absl][INFO] - [process=0][thread=MainThread] Using barrier_sync_fn: <function get_barrier_sync_fn.<locals>.<lambda> at 0x1507d7cd7880> timeout: 1200 secs and primary_host=0 for async checkpoint writes
[2026-06-18 15:29:40,206][absl][INFO] - [process=0] [sync] Started load checkpoint @ /gpfs/home5/sfris1/ltr_datasets/ips_datasets/logging_policy_c10000_ps1p0_pt0p5_bs1p0_drop0rel0_sessallocv2_candfullv2_topx25_maxdocs80_lprdeep_lpsegreedysampler_lppct10p0.
[2026-06-18 15:29:40,208][absl][INFO] - Restoring checkpoint from /gpfs/home5/sfris1/ltr_datasets/ips_datasets/logging_policy_c10000_ps1p0_pt0p5_bs1p0_drop0rel0_sessallocv2_candfullv2_topx25_maxdocs80_lprdeep_lpsegreedysampler_lppct10p0.
[2026-06-18 15:29:40,208][absl][INFO] - [process=0] [sync] Finished blocking load in 0.00 seconds. Continuing load @ /gpfs/home5/sfris1/ltr_datasets/ips_datasets/logging_policy_c10000_ps1p0_pt0p5_bs1p0_drop0rel0_sessallocv2_candfullv2_topx25_maxdocs80_lprdeep_lpsegreedysampler_lppct10p0.
[2026-06-18 15:29:40,224][absl][INFO] - [process=0] /jax/orbax/read/worker/io/requested throughput: 8.363 MiB/s (total gbytes: 91.8 KiB) (time elapsed: 0.010714054107666016 s) (per-host)
[2026-06-18 15:29:40,225][absl][INFO] - [process=0] /jax/checkpoint/read/gbytes_per_sec: 5.493 MiB/s (total gbytes: 91.8 KiB) (time elapsed: 0.0163114070892334 s) (per-host)
[2026-06-18 15:29:40,225][absl][INFO] - [process=0] [sync] Finished load in 0.02 seconds @ /gpfs/home5/sfris1/ltr_datasets/ips_datasets/logging_policy_c10000_ps1p0_pt0p5_bs1p0_drop0rel0_sessallocv2_candfullv2_topx25_maxdocs80_lprdeep_lpsegreedysampler_lppct10p0
[2026-06-18 15:29:44,407][feature_based_propensities_for_ULTR.experiments.data_pipeline][INFO] - Loaded click datasets in 27.45 seconds (train=8694, val=1306, test=0)
[2026-06-18 15:29:44,408][feature_based_propensities_for_ULTR.experiments.data_pipeline][INFO] - Test split is label-only by design; no test click dataset was loaded.
[2026-06-18 15:29:44,408][feature_based_propensities_for_ULTR.data.runtime.alignment][INFO] - Applying data cutoff override: configured=25, natural=25, effective=25
[2026-06-18 15:29:44,408][feature_based_propensities_for_ULTR.data.runtime.alignment][INFO] - Applying data cutoff override: configured=25, natural=25, effective=25
[2026-06-18 15:29:44,498][feature_based_propensities_for_ULTR.data.runtime.aggregation][INFO] - Initializing simulator...
[2026-06-18 15:29:44,499][feature_based_propensities_for_ULTR.data.runtime.aggregation][INFO] - Aggregating train dataset...
[2026-06-18 15:29:50,665][feature_based_propensities_for_ULTR.data.runtime.aggregation][INFO] - Aggregating validation dataset...
[2026-06-18 15:29:53,129][feature_based_propensities_for_ULTR.data.runtime.aggregation][INFO] - Aggregating test dataset from labels only...
[2026-06-18 15:29:54,730][feature_based_propensities_for_ULTR.data.runtime.aggregation][INFO] - Aggregation done in 10.23 seconds
[2026-06-18 15:29:54,730][feature_based_propensities_for_ULTR.data.runtime.aggregation][INFO] - Session usage after aggregation: requested(train=8694,val=1306), actual(train=8694,val=1306,test=0)
[2026-06-18 15:29:54,730][feature_based_propensities_for_ULTR.data.runtime.aggregation][INFO] - Dataset persistence disabled; skipping aggregated dataset cache save.
[2026-06-18 15:29:54,730][feature_based_propensities_for_ULTR.experiments.ips_pipeline][INFO] - Test split uses label-only evaluation; raw test click diagnostics are skipped.
[2026-06-18 15:29:54,752][feature_based_propensities_for_ULTR.experiments.diagnostics][INFO] - [Data] train_docs=470251, val_docs=70687, test_docs=164676, cutoff=25
[2026-06-18 15:29:54,839][feature_based_propensities_for_ULTR.experiments.diagnostics][INFO] - [Train] clicks=1353, displays=147293, ctr=0.0092, ctr_per_doc=0.0092
[2026-06-18 15:29:54,917][feature_based_propensities_for_ULTR.experiments.diagnostics][INFO] - [Validation] clicks=160, displays=21371, ctr=0.0075, ctr_per_doc=0.0075
[2026-06-18 15:29:55,031][feature_based_propensities_for_ULTR.experiments.diagnostics][INFO] - [Test] clicks=0, displays=0, ctr=0.0000, ctr_per_doc=0.0000
[2026-06-18 15:29:55,031][feature_based_propensities_for_ULTR.experiments.ips_pipeline][INFO] - Running estimator pipeline with model='dm'
[2026-06-18 15:29:55,031][feature_based_propensities_for_ULTR.experiments.ips_pipeline][INFO] - Computing position bias (alpha)...
[2026-06-18 15:29:55,050][ultr_bias_toolkit.bias.intervention_harvesting.all_pairs][INFO] - Position bias estimation using global all pairs estimator
[2026-06-18 15:30:44,164][feature_based_propensities_for_ULTR.experiments.position_bias_pipeline][INFO] - Saved estimated position-bias curve to position_bias.json
[2026-06-18 15:30:44,165][feature_based_propensities_for_ULTR.experiments.ips_pipeline][INFO] - Estimated position bias in-run (estimator=global_all_pairs): [ 0.        -0.7512082 -1.2393153 -1.3316858 -1.8752636 -2.5088344
 -2.8844213 -2.0712295 -1.5912472 -2.502293  -2.0412264 -3.609078
 -2.2366982 -3.3718574 -2.0783367 -4.7212224 -3.5387604 -4.384851
 -1.7162756 -4.1202965 -2.9519732 -2.2654312 -6.9077554 -4.0469065
 -3.452709 ]
[2026-06-18 15:30:44,166][feature_based_propensities_for_ULTR.experiments.propensity_pipeline][INFO] - Computing propensity per doc (method=frequency_based)...
[2026-06-18 15:30:52,404][feature_based_propensities_for_ULTR.experiments.propensity_pipeline][INFO] - Propensity computed in 8.24 seconds
[2026-06-18 15:30:52,404][feature_based_propensities_for_ULTR.experiments.propensity_pipeline][INFO] - Alpha logits: [ 0.        -0.7512082 -1.2393153 -1.3316858 -1.8752636 -2.5088344
 -2.8844213 -2.0712295 -1.5912472 -2.502293  -2.0412264 -3.609078
 -2.2366982 -3.3718574 -2.0783367 -4.7212224 -3.5387604 -4.384851
 -1.7162756 -4.1202965 -2.9519732 -2.2654312 -6.9077554 -4.0469065
 -3.452709 ]
[2026-06-18 15:30:52,405][feature_based_propensities_for_ULTR.experiments.propensity_pipeline][INFO] - Alpha: [0.5        0.3205581  0.2245552  0.20888066 0.13293387 0.07524117
 0.05292907 0.11192477 0.1692085  0.07569757 0.11494191 0.02636297
 0.09650305 0.03318666 0.11122029 0.0088257  0.02822927 0.01231129
 0.15235153 0.01598019 0.04964333 0.0940267  0.000999   0.01717618
 0.03068817]
[2026-06-18 15:30:52,406][feature_based_propensities_for_ULTR.experiments.propensity_pipeline][INFO] - Propensity clipping disabled.
[2026-06-18 15:30:53,770][feature_based_propensities_for_ULTR.experiments.regression_pipeline][INFO] - Training regression model for DM/DR...
[2026-06-18 15:31:00,163][feature_based_propensities_for_ULTR.experiments.regression_pipeline][INFO] - Regression epoch 3: train_loss=0.370600 val_loss=0.219523
[2026-06-18 15:31:05,495][feature_based_propensities_for_ULTR.experiments.regression_pipeline][INFO] - Regression epoch 6: train_loss=0.309379 val_loss=0.205409
[2026-06-18 15:31:10,823][feature_based_propensities_for_ULTR.experiments.regression_pipeline][INFO] - Regression epoch 9: train_loss=0.256951 val_loss=0.205889
[2026-06-18 15:31:12,638][feature_based_propensities_for_ULTR.experiments.ips_pipeline][INFO] - Computing DM doc weights...
[2026-06-18 15:31:12,638][feature_based_propensities_for_ULTR.experiments.ips_pipeline][INFO] - Doc weights computed in 0.00 seconds
[2026-06-18 15:31:12,644][feature_based_propensities_for_ULTR.experiments.model_pipeline][INFO] - Loading trainer (trainer_type='pl-rank', n_samples=100)...
[2026-06-18 15:31:12,646][feature_based_propensities_for_ULTR.experiments.model_pipeline][INFO] - Trainer loaded in 0.00 seconds
[2026-06-18 15:31:12,646][feature_based_propensities_for_ULTR.experiments.model_pipeline][INFO] - Training model...
[2026-06-18 15:42:57,010][feature_based_propensities_for_ULTR.experiments.ips_pipeline][INFO] - Final evaluation results:
{'metrics': {'CTR': 0.740471363067627,
             'DCG': 2.042480707168579,
             'NCTR': 0.6547186374664307,
             'NDCG': 0.7465442419052124,
             'NDCG@25': 0.7465442419052124,
             'NRCTR': 0.6547186374664307,
             'RCTR': 0.740471363067627}}
[2026-06-18 15:42:57,037][submitit][INFO] - Job completed successfully
[2026-06-18 15:42:57,046][submitit][INFO] - Exiting after successful completion
