[2026-06-18 15:39:47,743][feature_based_propensities_for_ULTR.experiments.config_resolver][WARNING] - test_clicks=500000 is ignored because test_set_mode='label_only'. Set test_set_mode='clicks' to enable legacy click-based test behavior.
[2026-06-18 15:39:47,748][feature_based_propensities_for_ULTR.experiments.data_pipeline][INFO] - Loading or generating click datasets...
[2026-06-18 15:41:16,873][absl][INFO] - orbax-checkpoint version: 0.11.40
[2026-06-18 15:41:16,873][absl][INFO] - save_device_host_concurrent_bytes=None
[2026-06-18 15:41:16,874][absl][INFO] - Created BasePyTreeCheckpointHandler: use_ocdbt=True, use_zarr3=False, pytree_metadata_options=PyTreeMetadataOptions(support_rich_types=False), array_metadata_store=<orbax.checkpoint._src.metadata.array_metadata_store.Store object at 0x15309eb11590>, enable_pinned_host_transfer=False, save_concurrent_bytes: 96000000000 (89.4 GiB), restore_concurrent_bytes: 96000000000 (89.4 GiB)
[2026-06-18 15:41:16,874][absl][INFO] - [thread=MainThread] Failed to get flag value for EXPERIMENTAL_ORBAX_USE_DISTRIBUTED_PROCESS_ID.
[2026-06-18 15:41:16,874][absl][INFO] - [process=0][thread=MainThread] Using barrier_sync_fn: <function get_barrier_sync_fn.<locals>.<lambda> at 0x152fc8a17920> timeout: 1200 secs and primary_host=0 for async checkpoint writes
[2026-06-18 15:41:16,874][absl][INFO] - [process=0] [sync] Started load checkpoint @ /gpfs/home5/sfris1/ltr_datasets/ips_datasets/istella_logging_policy_c10000_ps1p0_pt0p5_bs1p0_drop0rel0_sessallocv2_candfullv2_topx25_maxdocs200_lprdeep_lpsegreedysampler_lppct10p0.
[2026-06-18 15:41:16,877][absl][INFO] - Restoring checkpoint from /gpfs/home5/sfris1/ltr_datasets/ips_datasets/istella_logging_policy_c10000_ps1p0_pt0p5_bs1p0_drop0rel0_sessallocv2_candfullv2_topx25_maxdocs200_lprdeep_lpsegreedysampler_lppct10p0.
[2026-06-18 15:41:16,878][absl][INFO] - [process=0] [sync] Finished blocking load in 0.00 seconds. Continuing load @ /gpfs/home5/sfris1/ltr_datasets/ips_datasets/istella_logging_policy_c10000_ps1p0_pt0p5_bs1p0_drop0rel0_sessallocv2_candfullv2_topx25_maxdocs200_lprdeep_lpsegreedysampler_lppct10p0.
[2026-06-18 15:41:16,895][absl][INFO] - [process=0] /jax/orbax/read/worker/io/requested throughput: 2.748 MiB/s (total gbytes: 31.6 KiB) (time elapsed: 0.011239290237426758 s) (per-host)
[2026-06-18 15:41:16,896][absl][INFO] - [process=0] /jax/checkpoint/read/gbytes_per_sec: 1.797 MiB/s (total gbytes: 31.6 KiB) (time elapsed: 0.01718592643737793 s) (per-host)
[2026-06-18 15:41:16,896][absl][INFO] - [process=0] [sync] Finished load in 0.02 seconds @ /gpfs/home5/sfris1/ltr_datasets/ips_datasets/istella_logging_policy_c10000_ps1p0_pt0p5_bs1p0_drop0rel0_sessallocv2_candfullv2_topx25_maxdocs200_lprdeep_lpsegreedysampler_lppct10p0
[2026-06-18 15:41:22,062][feature_based_propensities_for_ULTR.experiments.data_pipeline][INFO] - Loaded click datasets in 94.31 seconds (train=7274, val=2726, test=0)
[2026-06-18 15:41:22,062][feature_based_propensities_for_ULTR.experiments.data_pipeline][INFO] - Test split is label-only by design; no test click dataset was loaded.
[2026-06-18 15:41:22,062][feature_based_propensities_for_ULTR.data.runtime.alignment][INFO] - Applying data cutoff override: configured=25, natural=25, effective=25
[2026-06-18 15:41:22,063][feature_based_propensities_for_ULTR.data.runtime.alignment][INFO] - Applying data cutoff override: configured=25, natural=25, effective=25
[2026-06-18 15:41:22,153][feature_based_propensities_for_ULTR.data.runtime.aggregation][INFO] - Initializing simulator...
[2026-06-18 15:41:22,154][feature_based_propensities_for_ULTR.data.runtime.aggregation][INFO] - Aggregating train dataset...
[2026-06-18 15:41:28,471][feature_based_propensities_for_ULTR.data.runtime.aggregation][INFO] - Aggregating validation dataset...
[2026-06-18 15:41:31,600][feature_based_propensities_for_ULTR.data.runtime.aggregation][INFO] - Aggregating test dataset from labels only...
[2026-06-18 15:41:32,962][feature_based_propensities_for_ULTR.data.runtime.aggregation][INFO] - Aggregation done in 10.81 seconds
[2026-06-18 15:41:32,963][feature_based_propensities_for_ULTR.data.runtime.aggregation][INFO] - Session usage after aggregation: requested(train=7274,val=2726), actual(train=7274,val=2726,test=0)
[2026-06-18 15:41:32,963][feature_based_propensities_for_ULTR.data.runtime.aggregation][INFO] - Dataset persistence disabled; skipping aggregated dataset cache save.
[2026-06-18 15:41:32,963][feature_based_propensities_for_ULTR.experiments.ips_pipeline][INFO] - Test split uses label-only evaluation; raw test click diagnostics are skipped.
[2026-06-18 15:41:33,016][feature_based_propensities_for_ULTR.experiments.diagnostics][INFO] - [Data] train_docs=2043304, val_docs=684076, test_docs=681250, cutoff=25
[2026-06-18 15:41:33,110][feature_based_propensities_for_ULTR.experiments.diagnostics][INFO] - [Train] clicks=1617, displays=181075, ctr=0.0089, ctr_per_doc=0.0089
[2026-06-18 15:41:33,198][feature_based_propensities_for_ULTR.experiments.diagnostics][INFO] - [Validation] clicks=544, displays=67683, ctr=0.0080, ctr_per_doc=0.0080
[2026-06-18 15:41:33,286][feature_based_propensities_for_ULTR.experiments.diagnostics][INFO] - [Test] clicks=0, displays=0, ctr=0.0000, ctr_per_doc=0.0000
[2026-06-18 15:41:33,286][feature_based_propensities_for_ULTR.experiments.ips_pipeline][INFO] - Running estimator pipeline with model='dr'
[2026-06-18 15:41:33,286][feature_based_propensities_for_ULTR.experiments.ips_pipeline][INFO] - Computing position bias (alpha)...
[2026-06-18 15:41:33,308][ultr_bias_toolkit.bias.intervention_harvesting.all_pairs][INFO] - Position bias estimation using global all pairs estimator
[2026-06-18 15:42:23,215][feature_based_propensities_for_ULTR.experiments.position_bias_pipeline][INFO] - Saved estimated position-bias curve to position_bias.json
[2026-06-18 15:42:23,215][feature_based_propensities_for_ULTR.experiments.ips_pipeline][INFO] - Estimated position bias in-run (estimator=global_all_pairs): [ 0.         -0.5027367  -0.89888114 -1.2300068  -1.4255669  -0.86095434
 -2.200764   -1.699168   -2.111549   -1.531945   -1.0715566  -2.3693094
 -3.1165185  -6.7024007  -6.9077554  -1.5558249  -1.6983368  -0.9104424
 -2.230913   -3.3320184  -6.9077554  -1.8434272  -2.4097438  -1.707145
 -1.9106435 ]
[2026-06-18 15:42:23,217][feature_based_propensities_for_ULTR.experiments.propensity_pipeline][INFO] - Computing propensity per doc (method=true_propensity)...
[2026-06-18 15:42:49,705][feature_based_propensities_for_ULTR.experiments.propensity_pipeline][INFO] - Propensity computed in 26.49 seconds
[2026-06-18 15:42:49,705][feature_based_propensities_for_ULTR.experiments.propensity_pipeline][INFO] - Alpha logits: [ 0.         -0.5027367  -0.89888114 -1.2300068  -1.4255669  -0.86095434
 -2.200764   -1.699168   -2.111549   -1.531945   -1.0715566  -2.3693094
 -3.1165185  -6.7024007  -6.9077554  -1.5558249  -1.6983368  -0.9104424
 -2.230913   -3.3320184  -6.9077554  -1.8434272  -2.4097438  -1.707145
 -1.9106435 ]
[2026-06-18 15:42:49,706][feature_based_propensities_for_ULTR.experiments.propensity_pipeline][INFO] - Alpha: [0.5        0.37689775 0.28928047 0.22618024 0.19379036 0.29714
 0.09968191 0.15457396 0.10797937 0.1777093  0.2551072  0.08554315
 0.042431   0.00122645 0.000999   0.17424656 0.1546826  0.2869093
 0.09700864 0.03448896 0.000999   0.13664646 0.08243269 0.1535344
 0.12890857]
[2026-06-18 15:42:49,707][feature_based_propensities_for_ULTR.experiments.propensity_pipeline][INFO] - Propensity clipping disabled.
[2026-06-18 15:42:49,707][feature_based_propensities_for_ULTR.experiments.propensity_pipeline][INFO] - Computing propensity per doc (method=frequency_based)...
[2026-06-18 15:43:14,187][feature_based_propensities_for_ULTR.experiments.propensity_pipeline][INFO] - Propensity computed in 24.48 seconds
[2026-06-18 15:43:14,187][feature_based_propensities_for_ULTR.experiments.propensity_pipeline][INFO] - Alpha logits: [ 0.         -0.5027367  -0.89888114 -1.2300068  -1.4255669  -0.86095434
 -2.200764   -1.699168   -2.111549   -1.531945   -1.0715566  -2.3693094
 -3.1165185  -6.7024007  -6.9077554  -1.5558249  -1.6983368  -0.9104424
 -2.230913   -3.3320184  -6.9077554  -1.8434272  -2.4097438  -1.707145
 -1.9106435 ]
[2026-06-18 15:43:14,188][feature_based_propensities_for_ULTR.experiments.propensity_pipeline][INFO] - Alpha: [0.5        0.37689775 0.28928047 0.22618024 0.19379036 0.29714
 0.09968191 0.15457396 0.10797937 0.1777093  0.2551072  0.08554315
 0.042431   0.00122645 0.000999   0.17424656 0.1546826  0.2869093
 0.09700864 0.03448896 0.000999   0.13664646 0.08243269 0.1535344
 0.12890857]
[2026-06-18 15:43:15,596][feature_based_propensities_for_ULTR.experiments.regression_pipeline][INFO] - Training regression model for DM/DR...
[2026-06-18 15:43:23,192][feature_based_propensities_for_ULTR.experiments.regression_pipeline][INFO] - Regression epoch 3: train_loss=0.217453 val_loss=0.199787
[2026-06-18 15:43:29,708][feature_based_propensities_for_ULTR.experiments.regression_pipeline][INFO] - Regression epoch 6: train_loss=0.210310 val_loss=0.202354
[2026-06-18 15:43:35,505][feature_based_propensities_for_ULTR.experiments.ips_pipeline][INFO] - Computing DR doc weights...
[2026-06-18 15:43:35,532][feature_based_propensities_for_ULTR.experiments.ips_pipeline][INFO] - Doc weights computed in 0.03 seconds
[2026-06-18 15:43:35,542][feature_based_propensities_for_ULTR.experiments.model_pipeline][INFO] - Loading trainer (trainer_type='pl-rank', n_samples=100)...
[2026-06-18 15:43:35,544][feature_based_propensities_for_ULTR.experiments.model_pipeline][INFO] - Trainer loaded in 0.00 seconds
[2026-06-18 15:43:35,544][feature_based_propensities_for_ULTR.experiments.model_pipeline][INFO] - Training model...
[2026-06-18 16:31:46,090][feature_based_propensities_for_ULTR.experiments.ips_pipeline][INFO] - Final evaluation results:
{'metrics': {'CTR': 1.199758768081665,
             'DCG': 2.330228328704834,
             'NCTR': 0.5904629230499268,
             'NDCG': 0.6762055158615112,
             'NDCG@25': 0.6762055158615112,
             'NRCTR': 0.5904629230499268,
             'RCTR': 1.199758768081665}}
[2026-06-18 16:31:46,159][submitit][INFO] - Job completed successfully
[2026-06-18 16:31:46,168][submitit][INFO] - Exiting after successful completion
