[2026-05-05 10:54:52,822][two_tower_confounding.experiments.config_resolver][WARNING] - test_clicks=500000 is ignored because test_set_mode='label_only'. Set test_set_mode='clicks' to enable legacy click-based test behavior.
[2026-05-05 10:54:52,827][two_tower_confounding.experiments.data_pipeline][INFO] - Loading or generating click datasets...
[2026-05-05 10:55:16,604][absl][INFO] - orbax-checkpoint version: 0.11.37
[2026-05-05 10:55:16,604][absl][INFO] - save_device_host_concurrent_bytes=None
[2026-05-05 10:55:16,604][absl][INFO] - Created BasePyTreeCheckpointHandler: use_ocdbt=True, use_zarr3=False, pytree_metadata_options=PyTreeMetadataOptions(support_rich_types=False), array_metadata_store=<orbax.checkpoint._src.metadata.array_metadata_store.Store object at 0x1456b6ee8310>, enable_pinned_host_transfer=False, save_concurrent_bytes: 96000000000 (89.4 GiB), restore_concurrent_bytes: 96000000000 (89.4 GiB)
[2026-05-05 10:55:16,604][absl][INFO] - [thread=MainThread] Failed to get flag value for EXPERIMENTAL_ORBAX_USE_DISTRIBUTED_PROCESS_ID.
[2026-05-05 10:55:16,604][absl][INFO] - [process=0][thread=MainThread] Using barrier_sync_fn: <function get_barrier_sync_fn.<locals>.<lambda> at 0x1456197e9800> timeout: 1200 secs and primary_host=0 for async checkpoint writes
[2026-05-05 10:55:16,605][absl][INFO] - [process=0] [sync] Started load checkpoint @ /gpfs/home5/sfris1/ltr_datasets/ips_datasets/logging_policy_c100000_ps1p0_pt0p5_bs1p0_drop0rel0_sessallocv2_candfullv2_topx25_maxdocs80_lprdeep_lpsegreedysampler_lppct10p0.
[2026-05-05 10:55:16,607][absl][INFO] - Restoring checkpoint from /gpfs/home5/sfris1/ltr_datasets/ips_datasets/logging_policy_c100000_ps1p0_pt0p5_bs1p0_drop0rel0_sessallocv2_candfullv2_topx25_maxdocs80_lprdeep_lpsegreedysampler_lppct10p0.
[2026-05-05 10:55:16,607][absl][INFO] - [process=0] [sync] Finished blocking load in 0.00 seconds. Continuing load @ /gpfs/home5/sfris1/ltr_datasets/ips_datasets/logging_policy_c100000_ps1p0_pt0p5_bs1p0_drop0rel0_sessallocv2_candfullv2_topx25_maxdocs80_lprdeep_lpsegreedysampler_lppct10p0.
[2026-05-05 10:55:16,623][absl][INFO] - [process=0] /jax/orbax/read/worker/io/requested throughput: 7.948 MiB/s (total gbytes: 91.8 KiB) (time elapsed: 0.011273384094238281 s) (per-host)
[2026-05-05 10:55:16,625][absl][INFO] - [process=0] /jax/checkpoint/read/gbytes_per_sec: 5.276 MiB/s (total gbytes: 91.8 KiB) (time elapsed: 0.016983747482299805 s) (per-host)
[2026-05-05 10:55:16,625][absl][INFO] - [process=0] [sync] Finished load in 0.02 seconds @ /gpfs/home5/sfris1/ltr_datasets/ips_datasets/logging_policy_c100000_ps1p0_pt0p5_bs1p0_drop0rel0_sessallocv2_candfullv2_topx25_maxdocs80_lprdeep_lpsegreedysampler_lppct10p0
[2026-05-05 10:55:27,979][two_tower_confounding.experiments.data_pipeline][INFO] - Loaded click datasets in 35.15 seconds (train=86947, val=13053, test=0)
[2026-05-05 10:55:27,979][two_tower_confounding.experiments.data_pipeline][INFO] - Test split is label-only by design; no test click dataset was loaded.
[2026-05-05 10:55:27,980][two_tower_confounding.data.runtime.alignment][INFO] - Applying data cutoff override: configured=25, natural=25, effective=25
[2026-05-05 10:55:27,980][two_tower_confounding.data.runtime.alignment][INFO] - Applying data cutoff override: configured=25, natural=25, effective=25
[2026-05-05 10:55:28,079][two_tower_confounding.data.runtime.aggregation][INFO] - Initializing simulator...
[2026-05-05 10:55:28,080][two_tower_confounding.data.runtime.aggregation][INFO] - Aggregating train dataset...
[2026-05-05 10:55:34,376][two_tower_confounding.data.runtime.aggregation][INFO] - Aggregating validation dataset...
[2026-05-05 10:55:36,871][two_tower_confounding.data.runtime.aggregation][INFO] - Aggregating test dataset from labels only...
[2026-05-05 10:55:38,651][two_tower_confounding.data.runtime.aggregation][INFO] - Aggregation done in 10.57 seconds
[2026-05-05 10:55:38,652][two_tower_confounding.data.runtime.aggregation][INFO] - Session usage after aggregation: requested(train=86947,val=13053), actual(train=86947,val=13053,test=0)
[2026-05-05 10:55:38,652][two_tower_confounding.data.runtime.aggregation][INFO] - Dataset persistence disabled; skipping aggregated dataset cache save.
[2026-05-05 10:55:38,652][two_tower_confounding.experiments.ips_pipeline][INFO] - Test split uses label-only evaluation; raw test click diagnostics are skipped.
[2026-05-05 10:55:38,675][two_tower_confounding.experiments.diagnostics][INFO] - [Data] train_docs=470251, val_docs=70687, test_docs=164676, cutoff=25
[2026-05-05 10:55:38,764][two_tower_confounding.experiments.diagnostics][INFO] - [Train] clicks=13326, displays=1477765, ctr=0.0090, ctr_per_doc=0.0090
[2026-05-05 10:55:38,845][two_tower_confounding.experiments.diagnostics][INFO] - [Validation] clicks=1998, displays=220489, ctr=0.0091, ctr_per_doc=0.0091
[2026-05-05 10:55:38,961][two_tower_confounding.experiments.diagnostics][INFO] - [Test] clicks=0, displays=0, ctr=0.0000, ctr_per_doc=0.0000
[2026-05-05 10:55:38,961][two_tower_confounding.experiments.ips_pipeline][INFO] - Running estimator pipeline with model='dr'
[2026-05-05 10:55:38,961][two_tower_confounding.experiments.ips_pipeline][INFO] - Computing position bias (alpha)...
[2026-05-05 10:55:38,968][two_tower_confounding.experiments.ips_pipeline][INFO] - Loaded CSV position bias from /gpfs/home5/sfris1/Doubly-Robust-Optimization-With-Two-Tower-Models/results/position_bias_csv_smoke.csv (method=ctr): [ 0.        -0.8516505 -1.369954  -1.6543572 -1.9565722 -2.1049669
 -2.3728406 -2.413449  -2.5263228 -2.6814098 -2.821046  -2.9396124
 -3.0816176 -3.1708205 -3.2345896 -3.0130436 -3.4126163 -3.309676
 -3.351216  -3.4790862 -3.4899235 -3.5636754 -3.5932357 -3.639966
 -3.5878994]
[2026-05-05 10:55:38,969][two_tower_confounding.experiments.propensity_pipeline][INFO] - Computing propensity per doc (method=true_propensity)...
[2026-05-05 10:56:41,467][two_tower_confounding.experiments.propensity_pipeline][INFO] - Propensity computed in 62.50 seconds
[2026-05-05 10:56:41,467][two_tower_confounding.experiments.propensity_pipeline][INFO] - Alpha logits: [ 0.        -0.8516505 -1.369954  -1.6543572 -1.9565722 -2.1049669
 -2.3728406 -2.413449  -2.5263228 -2.6814098 -2.821046  -2.9396124
 -3.0816176 -3.1708205 -3.2345896 -3.0130436 -3.4126163 -3.309676
 -3.351216  -3.4790862 -3.4899235 -3.5636754 -3.5932357 -3.639966
 -3.5878994]
[2026-05-05 10:56:41,468][two_tower_confounding.experiments.propensity_pipeline][INFO] - Alpha: [0.5        0.29908675 0.20262729 0.16052093 0.1238385  0.108615
 0.08526732 0.08215287 0.07403333 0.06407927 0.05619742 0.05022976
 0.04387191 0.04027869 0.0378846  0.04684007 0.03190349 0.03524074
 0.03385536 0.02991319 0.02960031 0.02755377 0.02677268 0.02558163
 0.02691207]
[2026-05-05 10:56:41,469][two_tower_confounding.experiments.propensity_pipeline][INFO] - Propensity clipping disabled.
[2026-05-05 10:56:41,469][two_tower_confounding.experiments.propensity_pipeline][INFO] - Computing propensity per doc (method=frequency_based)...
[2026-05-05 10:57:42,040][two_tower_confounding.experiments.propensity_pipeline][INFO] - Propensity computed in 60.57 seconds
[2026-05-05 10:57:42,040][two_tower_confounding.experiments.propensity_pipeline][INFO] - Alpha logits: [ 0.        -0.8516505 -1.369954  -1.6543572 -1.9565722 -2.1049669
 -2.3728406 -2.413449  -2.5263228 -2.6814098 -2.821046  -2.9396124
 -3.0816176 -3.1708205 -3.2345896 -3.0130436 -3.4126163 -3.309676
 -3.351216  -3.4790862 -3.4899235 -3.5636754 -3.5932357 -3.639966
 -3.5878994]
[2026-05-05 10:57:42,041][two_tower_confounding.experiments.propensity_pipeline][INFO] - Alpha: [0.5        0.29908675 0.20262729 0.16052093 0.1238385  0.108615
 0.08526732 0.08215287 0.07403333 0.06407927 0.05619742 0.05022976
 0.04387191 0.04027869 0.0378846  0.04684007 0.03190349 0.03524074
 0.03385536 0.02991319 0.02960031 0.02755377 0.02677268 0.02558163
 0.02691207]
[2026-05-05 10:57:43,484][two_tower_confounding.experiments.regression_pipeline][INFO] - Training regression model for DM/DR...
[2026-05-05 10:58:03,379][two_tower_confounding.experiments.regression_pipeline][INFO] - Regression epoch 3: train_loss=0.270550 val_loss=0.271646
[2026-05-05 10:58:22,223][two_tower_confounding.experiments.regression_pipeline][INFO] - Regression epoch 6: train_loss=0.266292 val_loss=0.267616
[2026-05-05 10:58:41,231][two_tower_confounding.experiments.regression_pipeline][INFO] - Regression epoch 9: train_loss=0.263510 val_loss=0.269062
[2026-05-05 10:58:43,082][two_tower_confounding.experiments.ips_pipeline][INFO] - Computing DR doc weights...
[2026-05-05 10:58:43,087][two_tower_confounding.experiments.ips_pipeline][INFO] - Doc weights computed in 0.00 seconds
[2026-05-05 10:58:43,094][two_tower_confounding.experiments.model_pipeline][INFO] - Loading trainer (trainer_type='pl-rank', n_samples=100)...
[2026-05-05 10:58:43,096][two_tower_confounding.experiments.model_pipeline][INFO] - Trainer loaded in 0.00 seconds
[2026-05-05 10:58:43,096][two_tower_confounding.experiments.model_pipeline][INFO] - Training model...
[2026-05-05 11:17:10,338][two_tower_confounding.experiments.ips_pipeline][INFO] - Final evaluation results:
{'metrics': {'CTR': 0.6847231984138489,
             'DCG': 2.1143746376037598,
             'NCTR': 0.6941291093826294,
             'NDCG': 0.765339195728302,
             'NDCG@25': 0.765339195728302,
             'NRCTR': 0.6941291093826294,
             'RCTR': 0.6847231984138489}}
[2026-05-05 11:17:10,366][submitit][INFO] - Job completed successfully
[2026-05-05 11:17:10,376][submitit][INFO] - Exiting after successful completion
