[2026-06-18 17:00:28,674][feature_based_propensities_for_ULTR.experiments.config_resolver][WARNING] - test_clicks=500000 is ignored because test_set_mode='label_only'. Set test_set_mode='clicks' to enable legacy click-based test behavior.
[2026-06-18 17:00:28,679][feature_based_propensities_for_ULTR.experiments.data_pipeline][INFO] - Loading or generating click datasets...
[2026-06-18 17:01:56,662][absl][INFO] - orbax-checkpoint version: 0.11.40
[2026-06-18 17:01:56,663][absl][INFO] - save_device_host_concurrent_bytes=None
[2026-06-18 17:01:56,663][absl][INFO] - Created BasePyTreeCheckpointHandler: use_ocdbt=True, use_zarr3=False, pytree_metadata_options=PyTreeMetadataOptions(support_rich_types=False), array_metadata_store=<orbax.checkpoint._src.metadata.array_metadata_store.Store object at 0x14cd25622ad0>, enable_pinned_host_transfer=False, save_concurrent_bytes: 96000000000 (89.4 GiB), restore_concurrent_bytes: 96000000000 (89.4 GiB)
[2026-06-18 17:01:56,663][absl][INFO] - [thread=MainThread] Failed to get flag value for EXPERIMENTAL_ORBAX_USE_DISTRIBUTED_PROCESS_ID.
[2026-06-18 17:01:56,663][absl][INFO] - [process=0][thread=MainThread] Using barrier_sync_fn: <function get_barrier_sync_fn.<locals>.<lambda> at 0x14cc78c07920> timeout: 1200 secs and primary_host=0 for async checkpoint writes
[2026-06-18 17:01:56,664][absl][INFO] - [process=0] [sync] Started load checkpoint @ /gpfs/home5/sfris1/ltr_datasets/ips_datasets/istella_logging_policy_c10000_ps1p0_pt0p5_bs1p0_drop0rel0_sessallocv2_candfullv2_topx25_maxdocs200_lprdeep_lpsegreedysampler_lppct10p0.
[2026-06-18 17:01:56,666][absl][INFO] - Restoring checkpoint from /gpfs/home5/sfris1/ltr_datasets/ips_datasets/istella_logging_policy_c10000_ps1p0_pt0p5_bs1p0_drop0rel0_sessallocv2_candfullv2_topx25_maxdocs200_lprdeep_lpsegreedysampler_lppct10p0.
[2026-06-18 17:01:56,666][absl][INFO] - [process=0] [sync] Finished blocking load in 0.00 seconds. Continuing load @ /gpfs/home5/sfris1/ltr_datasets/ips_datasets/istella_logging_policy_c10000_ps1p0_pt0p5_bs1p0_drop0rel0_sessallocv2_candfullv2_topx25_maxdocs200_lprdeep_lpsegreedysampler_lppct10p0.
[2026-06-18 17:01:56,682][absl][INFO] - [process=0] /jax/orbax/read/worker/io/requested throughput: 2.789 MiB/s (total gbytes: 31.6 KiB) (time elapsed: 0.011073589324951172 s) (per-host)
[2026-06-18 17:01:56,683][absl][INFO] - [process=0] /jax/checkpoint/read/gbytes_per_sec: 1.874 MiB/s (total gbytes: 31.6 KiB) (time elapsed: 0.01648402214050293 s) (per-host)
[2026-06-18 17:01:56,684][absl][INFO] - [process=0] [sync] Finished load in 0.02 seconds @ /gpfs/home5/sfris1/ltr_datasets/ips_datasets/istella_logging_policy_c10000_ps1p0_pt0p5_bs1p0_drop0rel0_sessallocv2_candfullv2_topx25_maxdocs200_lprdeep_lpsegreedysampler_lppct10p0
[2026-06-18 17:02:01,935][feature_based_propensities_for_ULTR.experiments.data_pipeline][INFO] - Loaded click datasets in 93.26 seconds (train=7274, val=2726, test=0)
[2026-06-18 17:02:01,936][feature_based_propensities_for_ULTR.experiments.data_pipeline][INFO] - Test split is label-only by design; no test click dataset was loaded.
[2026-06-18 17:02:01,936][feature_based_propensities_for_ULTR.data.runtime.alignment][INFO] - Applying data cutoff override: configured=25, natural=25, effective=25
[2026-06-18 17:02:01,936][feature_based_propensities_for_ULTR.data.runtime.alignment][INFO] - Applying data cutoff override: configured=25, natural=25, effective=25
[2026-06-18 17:02:02,029][feature_based_propensities_for_ULTR.data.runtime.aggregation][INFO] - Initializing simulator...
[2026-06-18 17:02:02,030][feature_based_propensities_for_ULTR.data.runtime.aggregation][INFO] - Aggregating train dataset...
[2026-06-18 17:02:08,305][feature_based_propensities_for_ULTR.data.runtime.aggregation][INFO] - Aggregating validation dataset...
[2026-06-18 17:02:11,778][feature_based_propensities_for_ULTR.data.runtime.aggregation][INFO] - Aggregating test dataset from labels only...
[2026-06-18 17:02:13,377][feature_based_propensities_for_ULTR.data.runtime.aggregation][INFO] - Aggregation done in 11.35 seconds
[2026-06-18 17:02:13,378][feature_based_propensities_for_ULTR.data.runtime.aggregation][INFO] - Session usage after aggregation: requested(train=7274,val=2726), actual(train=7274,val=2726,test=0)
[2026-06-18 17:02:13,378][feature_based_propensities_for_ULTR.data.runtime.aggregation][INFO] - Dataset persistence disabled; skipping aggregated dataset cache save.
[2026-06-18 17:02:13,378][feature_based_propensities_for_ULTR.experiments.ips_pipeline][INFO] - Test split uses label-only evaluation; raw test click diagnostics are skipped.
[2026-06-18 17:02:13,428][feature_based_propensities_for_ULTR.experiments.diagnostics][INFO] - [Data] train_docs=2043304, val_docs=684076, test_docs=681250, cutoff=25
[2026-06-18 17:02:13,524][feature_based_propensities_for_ULTR.experiments.diagnostics][INFO] - [Train] clicks=1607, displays=180979, ctr=0.0089, ctr_per_doc=0.0089
[2026-06-18 17:02:13,615][feature_based_propensities_for_ULTR.experiments.diagnostics][INFO] - [Validation] clicks=579, displays=67675, ctr=0.0086, ctr_per_doc=0.0086
[2026-06-18 17:02:13,704][feature_based_propensities_for_ULTR.experiments.diagnostics][INFO] - [Test] clicks=0, displays=0, ctr=0.0000, ctr_per_doc=0.0000
[2026-06-18 17:02:13,704][feature_based_propensities_for_ULTR.experiments.ips_pipeline][INFO] - Running estimator pipeline with model='dm'
[2026-06-18 17:02:13,704][feature_based_propensities_for_ULTR.experiments.ips_pipeline][INFO] - Computing position bias (alpha)...
[2026-06-18 17:02:13,723][ultr_bias_toolkit.bias.intervention_harvesting.all_pairs][INFO] - Position bias estimation using global all pairs estimator
[2026-06-18 17:03:02,448][feature_based_propensities_for_ULTR.experiments.position_bias_pipeline][INFO] - Saved estimated position-bias curve to position_bias.json
[2026-06-18 17:03:02,448][feature_based_propensities_for_ULTR.experiments.ips_pipeline][INFO] - Estimated position bias in-run (estimator=global_all_pairs): [ 0.         -0.30462238 -0.30011484 -0.58416766 -1.1391377  -0.888242
 -1.7799112  -1.3866765  -0.9627835  -1.7760904  -1.2009995  -1.6254019
 -2.166467   -1.1971607  -3.0006185  -1.2818316  -6.9077554  -0.9684646
 -6.9077554  -0.66206115 -6.140243   -1.8168755  -6.277292   -5.880883
 -2.4668937 ]
[2026-06-18 17:03:02,449][feature_based_propensities_for_ULTR.experiments.propensity_pipeline][INFO] - Computing propensity per doc (method=propensity_mlp_regression)...
[2026-06-18 17:03:50,941][feature_based_propensities_for_ULTR.experiments.propensity_pipeline][INFO] - Propensity computed in 48.49 seconds
[2026-06-18 17:03:50,941][feature_based_propensities_for_ULTR.experiments.propensity_pipeline][INFO] - Alpha logits: [ 0.     -0.3046 -0.3001 -0.5842 -1.1391 -0.8882 -1.7799 -1.3867 -0.9628
 -1.7761 -1.201  -1.6254 -2.1665 -1.1972 -3.0006 -1.2818 -6.9078 -0.9685
 -6.9078 -0.6621 -6.1402 -1.8169 -6.2773 -5.8809 -2.4669]
[2026-06-18 17:03:50,942][feature_based_propensities_for_ULTR.experiments.propensity_pipeline][INFO] - Alpha: [0.5    0.4244 0.4255 0.358  0.2425 0.2915 0.1443 0.1999 0.2763 0.1448
 0.2313 0.1645 0.1028 0.232  0.0474 0.2172 0.001  0.2752 0.001  0.3403
 0.0021 0.1398 0.0019 0.0028 0.0782]
[2026-06-18 17:03:50,943][feature_based_propensities_for_ULTR.experiments.propensity_pipeline][INFO] - Propensity clipping disabled.
[2026-06-18 17:03:52,285][feature_based_propensities_for_ULTR.experiments.regression_pipeline][INFO] - Training regression model for DM/DR...
[2026-06-18 17:04:18,922][feature_based_propensities_for_ULTR.experiments.regression_pipeline][INFO] - Regression epoch 3: train_loss=0.062101 val_loss=0.062112
[2026-06-18 17:04:44,474][feature_based_propensities_for_ULTR.experiments.regression_pipeline][INFO] - Regression epoch 6: train_loss=0.059771 val_loss=0.062509
[2026-06-18 17:04:50,541][feature_based_propensities_for_ULTR.experiments.ips_pipeline][INFO] - Computing DM doc weights...
[2026-06-18 17:04:50,542][feature_based_propensities_for_ULTR.experiments.ips_pipeline][INFO] - Doc weights computed in 0.00 seconds
[2026-06-18 17:04:50,552][feature_based_propensities_for_ULTR.experiments.model_pipeline][INFO] - Loading trainer (trainer_type='pl-rank', n_samples=100)...
[2026-06-18 17:04:50,555][feature_based_propensities_for_ULTR.experiments.model_pipeline][INFO] - Trainer loaded in 0.00 seconds
[2026-06-18 17:04:50,555][feature_based_propensities_for_ULTR.experiments.model_pipeline][INFO] - Training model...
[2026-06-18 17:31:29,794][feature_based_propensities_for_ULTR.experiments.ips_pipeline][INFO] - Final evaluation results:
{'metrics': {'CTR': 1.5740569829940796,
             'DCG': 2.487624406814575,
             'NCTR': 0.652211606502533,
             'NDCG': 0.7225768566131592,
             'NDCG@25': 0.7225768566131592,
             'NRCTR': 0.652211606502533,
             'RCTR': 1.5740569829940796}}
[2026-06-18 17:31:29,827][submitit][INFO] - Job completed successfully
[2026-06-18 17:31:29,838][submitit][INFO] - Exiting after successful completion
