[2026-05-05 10:53:25,326][two_tower_confounding.experiments.config_resolver][WARNING] - test_clicks=500000 is ignored because test_set_mode='label_only'. Set test_set_mode='clicks' to enable legacy click-based test behavior.
[2026-05-05 10:53:25,333][two_tower_confounding.experiments.data_pipeline][INFO] - Loading or generating click datasets...
[2026-05-05 10:53:49,164][absl][INFO] - orbax-checkpoint version: 0.11.37
[2026-05-05 10:53:49,165][absl][INFO] - save_device_host_concurrent_bytes=None
[2026-05-05 10:53:49,165][absl][INFO] - Created BasePyTreeCheckpointHandler: use_ocdbt=True, use_zarr3=False, pytree_metadata_options=PyTreeMetadataOptions(support_rich_types=False), array_metadata_store=<orbax.checkpoint._src.metadata.array_metadata_store.Store object at 0x14bffb9dcf90>, enable_pinned_host_transfer=False, save_concurrent_bytes: 96000000000 (89.4 GiB), restore_concurrent_bytes: 96000000000 (89.4 GiB)
[2026-05-05 10:53:49,165][absl][INFO] - [thread=MainThread] Failed to get flag value for EXPERIMENTAL_ORBAX_USE_DISTRIBUTED_PROCESS_ID.
[2026-05-05 10:53:49,165][absl][INFO] - [process=0][thread=MainThread] Using barrier_sync_fn: <function get_barrier_sync_fn.<locals>.<lambda> at 0x14bf5c015800> timeout: 1200 secs and primary_host=0 for async checkpoint writes
[2026-05-05 10:53:49,166][absl][INFO] - [process=0] [sync] Started load checkpoint @ /gpfs/home5/sfris1/ltr_datasets/ips_datasets/logging_policy_c10000_ps1p0_pt0p5_bs1p0_drop0rel0_sessallocv2_candfullv2_topx25_maxdocs80_lprdeep_lpsegreedysampler_lppct10p0.
[2026-05-05 10:53:49,168][absl][INFO] - Restoring checkpoint from /gpfs/home5/sfris1/ltr_datasets/ips_datasets/logging_policy_c10000_ps1p0_pt0p5_bs1p0_drop0rel0_sessallocv2_candfullv2_topx25_maxdocs80_lprdeep_lpsegreedysampler_lppct10p0.
[2026-05-05 10:53:49,168][absl][INFO] - [process=0] [sync] Finished blocking load in 0.00 seconds. Continuing load @ /gpfs/home5/sfris1/ltr_datasets/ips_datasets/logging_policy_c10000_ps1p0_pt0p5_bs1p0_drop0rel0_sessallocv2_candfullv2_topx25_maxdocs80_lprdeep_lpsegreedysampler_lppct10p0.
[2026-05-05 10:53:49,184][absl][INFO] - [process=0] /jax/orbax/read/worker/io/requested throughput: 8.293 MiB/s (total gbytes: 91.8 KiB) (time elapsed: 0.01080465316772461 s) (per-host)
[2026-05-05 10:53:49,185][absl][INFO] - [process=0] /jax/checkpoint/read/gbytes_per_sec: 5.498 MiB/s (total gbytes: 91.8 KiB) (time elapsed: 0.0162961483001709 s) (per-host)
[2026-05-05 10:53:49,185][absl][INFO] - [process=0] [sync] Finished load in 0.02 seconds @ /gpfs/home5/sfris1/ltr_datasets/ips_datasets/logging_policy_c10000_ps1p0_pt0p5_bs1p0_drop0rel0_sessallocv2_candfullv2_topx25_maxdocs80_lprdeep_lpsegreedysampler_lppct10p0
[2026-05-05 10:53:53,411][two_tower_confounding.experiments.data_pipeline][INFO] - Loaded click datasets in 28.08 seconds (train=8694, val=1306, test=0)
[2026-05-05 10:53:53,411][two_tower_confounding.experiments.data_pipeline][INFO] - Test split is label-only by design; no test click dataset was loaded.
[2026-05-05 10:53:53,411][two_tower_confounding.data.runtime.alignment][INFO] - Applying data cutoff override: configured=25, natural=25, effective=25
[2026-05-05 10:53:53,411][two_tower_confounding.data.runtime.alignment][INFO] - Applying data cutoff override: configured=25, natural=25, effective=25
[2026-05-05 10:53:53,505][two_tower_confounding.data.runtime.aggregation][INFO] - Initializing simulator...
[2026-05-05 10:53:53,506][two_tower_confounding.data.runtime.aggregation][INFO] - Aggregating train dataset...
[2026-05-05 10:53:59,736][two_tower_confounding.data.runtime.aggregation][INFO] - Aggregating validation dataset...
[2026-05-05 10:54:02,126][two_tower_confounding.data.runtime.aggregation][INFO] - Aggregating test dataset from labels only...
[2026-05-05 10:54:03,781][two_tower_confounding.data.runtime.aggregation][INFO] - Aggregation done in 10.28 seconds
[2026-05-05 10:54:03,782][two_tower_confounding.data.runtime.aggregation][INFO] - Session usage after aggregation: requested(train=8694,val=1306), actual(train=8694,val=1306,test=0)
[2026-05-05 10:54:03,782][two_tower_confounding.data.runtime.aggregation][INFO] - Dataset persistence disabled; skipping aggregated dataset cache save.
[2026-05-05 10:54:03,782][two_tower_confounding.experiments.ips_pipeline][INFO] - Test split uses label-only evaluation; raw test click diagnostics are skipped.
[2026-05-05 10:54:03,805][two_tower_confounding.experiments.diagnostics][INFO] - [Data] train_docs=470251, val_docs=70687, test_docs=164676, cutoff=25
[2026-05-05 10:54:03,891][two_tower_confounding.experiments.diagnostics][INFO] - [Train] clicks=1353, displays=147293, ctr=0.0092, ctr_per_doc=0.0092
[2026-05-05 10:54:03,972][two_tower_confounding.experiments.diagnostics][INFO] - [Validation] clicks=160, displays=21371, ctr=0.0075, ctr_per_doc=0.0075
[2026-05-05 10:54:04,087][two_tower_confounding.experiments.diagnostics][INFO] - [Test] clicks=0, displays=0, ctr=0.0000, ctr_per_doc=0.0000
[2026-05-05 10:54:04,088][two_tower_confounding.experiments.ips_pipeline][INFO] - Running estimator pipeline with model='dr'
[2026-05-05 10:54:04,088][two_tower_confounding.experiments.ips_pipeline][INFO] - Computing position bias (alpha)...
[2026-05-05 10:54:04,096][two_tower_confounding.experiments.ips_pipeline][INFO] - Loaded CSV position bias from /gpfs/home5/sfris1/Doubly-Robust-Optimization-With-Two-Tower-Models/results/position_bias_csv_smoke.csv (method=pivot_one): [ 0.         -0.56798404 -0.31237468 -0.14310084 -1.1451323  -1.7635885
 -2.6390574  -1.4350846  -6.9077554  -6.9077554  -1.2527629  -6.9077554
 -6.9077554  -1.3862944  -6.9077554  -1.609438   -6.9077554  -6.9077554
 -6.9077554  -6.9077554  -6.9077554  -6.9077554  -6.9077554  -6.9077554
 -6.9077554 ]
[2026-05-05 10:54:04,097][two_tower_confounding.experiments.propensity_pipeline][INFO] - Computing propensity per doc (method=propensity_mlp_regression)...
[2026-05-05 10:55:10,102][two_tower_confounding.experiments.propensity_pipeline][INFO] - Propensity computed in 66.00 seconds
[2026-05-05 10:55:10,102][two_tower_confounding.experiments.propensity_pipeline][INFO] - Alpha logits: [ 0.     -0.568  -0.3124 -0.1431 -1.1451 -1.7636 -2.6391 -1.4351 -6.9078
 -6.9078 -1.2528 -6.9078 -6.9078 -1.3863 -6.9078 -1.6094 -6.9078 -6.9078
 -6.9078 -6.9078 -6.9078 -6.9078 -6.9078 -6.9078 -6.9078]
[2026-05-05 10:55:10,103][two_tower_confounding.experiments.propensity_pipeline][INFO] - Alpha: [0.5    0.3617 0.4225 0.4643 0.2414 0.1463 0.0667 0.1923 0.001  0.001
 0.2222 0.001  0.001  0.2    0.001  0.1667 0.001  0.001  0.001  0.001
 0.001  0.001  0.001  0.001  0.001 ]
[2026-05-05 10:55:10,104][two_tower_confounding.experiments.propensity_pipeline][INFO] - Propensity clipping disabled.
[2026-05-05 10:55:10,104][two_tower_confounding.experiments.propensity_pipeline][INFO] - Computing propensity per doc (method=frequency_based)...
[2026-05-05 10:55:18,247][two_tower_confounding.experiments.propensity_pipeline][INFO] - Propensity computed in 8.14 seconds
[2026-05-05 10:55:18,247][two_tower_confounding.experiments.propensity_pipeline][INFO] - Alpha logits: [ 0.     -0.568  -0.3124 -0.1431 -1.1451 -1.7636 -2.6391 -1.4351 -6.9078
 -6.9078 -1.2528 -6.9078 -6.9078 -1.3863 -6.9078 -1.6094 -6.9078 -6.9078
 -6.9078 -6.9078 -6.9078 -6.9078 -6.9078 -6.9078 -6.9078]
[2026-05-05 10:55:18,248][two_tower_confounding.experiments.propensity_pipeline][INFO] - Alpha: [0.5    0.3617 0.4225 0.4643 0.2414 0.1463 0.0667 0.1923 0.001  0.001
 0.2222 0.001  0.001  0.2    0.001  0.1667 0.001  0.001  0.001  0.001
 0.001  0.001  0.001  0.001  0.001 ]
[2026-05-05 10:55:19,406][two_tower_confounding.experiments.regression_pipeline][INFO] - Training regression model for DM/DR...
[2026-05-05 10:55:27,978][two_tower_confounding.experiments.regression_pipeline][INFO] - Regression epoch 3: train_loss=0.480616 val_loss=0.398603
[2026-05-05 10:55:35,370][two_tower_confounding.experiments.regression_pipeline][INFO] - Regression epoch 6: train_loss=0.463555 val_loss=0.469080
[2026-05-05 10:55:37,204][two_tower_confounding.experiments.ips_pipeline][INFO] - Computing DR doc weights...
[2026-05-05 10:55:37,209][two_tower_confounding.experiments.ips_pipeline][INFO] - Doc weights computed in 0.00 seconds
[2026-05-05 10:55:37,216][two_tower_confounding.experiments.model_pipeline][INFO] - Loading trainer (trainer_type='pl-rank', n_samples=100)...
[2026-05-05 10:55:37,218][two_tower_confounding.experiments.model_pipeline][INFO] - Trainer loaded in 0.00 seconds
[2026-05-05 10:55:37,218][two_tower_confounding.experiments.model_pipeline][INFO] - Training model...
[2026-05-05 11:10:35,302][two_tower_confounding.experiments.ips_pipeline][INFO] - Final evaluation results:
{'metrics': {'CTR': 0.9453566670417786,
             'DCG': 2.083265781402588,
             'NCTR': 0.657198965549469,
             'NDCG': 0.7512012124061584,
             'NDCG@25': 0.7512012124061584,
             'NRCTR': 0.657198965549469,
             'RCTR': 0.9453566670417786}}
[2026-05-05 11:10:35,328][submitit][INFO] - Job completed successfully
[2026-05-05 11:10:35,338][submitit][INFO] - Exiting after successful completion
