[2026-06-18 15:34:18,904][feature_based_propensities_for_ULTR.experiments.config_resolver][WARNING] - test_clicks=500000 is ignored because test_set_mode='label_only'. Set test_set_mode='clicks' to enable legacy click-based test behavior.
[2026-06-18 15:34:18,909][feature_based_propensities_for_ULTR.experiments.data_pipeline][INFO] - Loading or generating click datasets...
[2026-06-18 15:35:47,457][absl][INFO] - orbax-checkpoint version: 0.11.40
[2026-06-18 15:35:47,457][absl][INFO] - save_device_host_concurrent_bytes=None
[2026-06-18 15:35:47,457][absl][INFO] - Created BasePyTreeCheckpointHandler: use_ocdbt=True, use_zarr3=False, pytree_metadata_options=PyTreeMetadataOptions(support_rich_types=False), array_metadata_store=<orbax.checkpoint._src.metadata.array_metadata_store.Store object at 0x148e9c4e6d90>, enable_pinned_host_transfer=False, save_concurrent_bytes: 96000000000 (89.4 GiB), restore_concurrent_bytes: 96000000000 (89.4 GiB)
[2026-06-18 15:35:47,457][absl][INFO] - [thread=MainThread] Failed to get flag value for EXPERIMENTAL_ORBAX_USE_DISTRIBUTED_PROCESS_ID.
[2026-06-18 15:35:47,458][absl][INFO] - [process=0][thread=MainThread] Using barrier_sync_fn: <function get_barrier_sync_fn.<locals>.<lambda> at 0x148e053bb920> timeout: 1200 secs and primary_host=0 for async checkpoint writes
[2026-06-18 15:35:47,458][absl][INFO] - [process=0] [sync] Started load checkpoint @ /gpfs/home5/sfris1/ltr_datasets/ips_datasets/istella_logging_policy_c10000_ps1p0_pt0p5_bs1p0_drop0rel0_sessallocv2_candfullv2_topx25_maxdocs200_lprdeep_lpsegreedysampler_lppct10p0.
[2026-06-18 15:35:47,460][absl][INFO] - Restoring checkpoint from /gpfs/home5/sfris1/ltr_datasets/ips_datasets/istella_logging_policy_c10000_ps1p0_pt0p5_bs1p0_drop0rel0_sessallocv2_candfullv2_topx25_maxdocs200_lprdeep_lpsegreedysampler_lppct10p0.
[2026-06-18 15:35:47,461][absl][INFO] - [process=0] [sync] Finished blocking load in 0.00 seconds. Continuing load @ /gpfs/home5/sfris1/ltr_datasets/ips_datasets/istella_logging_policy_c10000_ps1p0_pt0p5_bs1p0_drop0rel0_sessallocv2_candfullv2_topx25_maxdocs200_lprdeep_lpsegreedysampler_lppct10p0.
[2026-06-18 15:35:47,477][absl][INFO] - [process=0] /jax/orbax/read/worker/io/requested throughput: 2.764 MiB/s (total gbytes: 31.6 KiB) (time elapsed: 0.011174678802490234 s) (per-host)
[2026-06-18 15:35:47,478][absl][INFO] - [process=0] /jax/checkpoint/read/gbytes_per_sec: 1.832 MiB/s (total gbytes: 31.6 KiB) (time elapsed: 0.01686406135559082 s) (per-host)
[2026-06-18 15:35:47,478][absl][INFO] - [process=0] [sync] Finished load in 0.02 seconds @ /gpfs/home5/sfris1/ltr_datasets/ips_datasets/istella_logging_policy_c10000_ps1p0_pt0p5_bs1p0_drop0rel0_sessallocv2_candfullv2_topx25_maxdocs200_lprdeep_lpsegreedysampler_lppct10p0
[2026-06-18 15:35:52,578][feature_based_propensities_for_ULTR.experiments.data_pipeline][INFO] - Loaded click datasets in 93.67 seconds (train=7274, val=2726, test=0)
[2026-06-18 15:35:52,579][feature_based_propensities_for_ULTR.experiments.data_pipeline][INFO] - Test split is label-only by design; no test click dataset was loaded.
[2026-06-18 15:35:52,579][feature_based_propensities_for_ULTR.data.runtime.alignment][INFO] - Applying data cutoff override: configured=25, natural=25, effective=25
[2026-06-18 15:35:52,579][feature_based_propensities_for_ULTR.data.runtime.alignment][INFO] - Applying data cutoff override: configured=25, natural=25, effective=25
[2026-06-18 15:35:52,669][feature_based_propensities_for_ULTR.data.runtime.aggregation][INFO] - Initializing simulator...
[2026-06-18 15:35:52,670][feature_based_propensities_for_ULTR.data.runtime.aggregation][INFO] - Aggregating train dataset...
[2026-06-18 15:35:58,872][feature_based_propensities_for_ULTR.data.runtime.aggregation][INFO] - Aggregating validation dataset...
[2026-06-18 15:36:02,324][feature_based_propensities_for_ULTR.data.runtime.aggregation][INFO] - Aggregating test dataset from labels only...
[2026-06-18 15:36:03,703][feature_based_propensities_for_ULTR.data.runtime.aggregation][INFO] - Aggregation done in 11.03 seconds
[2026-06-18 15:36:03,703][feature_based_propensities_for_ULTR.data.runtime.aggregation][INFO] - Session usage after aggregation: requested(train=7274,val=2726), actual(train=7274,val=2726,test=0)
[2026-06-18 15:36:03,704][feature_based_propensities_for_ULTR.data.runtime.aggregation][INFO] - Dataset persistence disabled; skipping aggregated dataset cache save.
[2026-06-18 15:36:03,704][feature_based_propensities_for_ULTR.experiments.ips_pipeline][INFO] - Test split uses label-only evaluation; raw test click diagnostics are skipped.
[2026-06-18 15:36:03,755][feature_based_propensities_for_ULTR.experiments.diagnostics][INFO] - [Data] train_docs=2043304, val_docs=684076, test_docs=681250, cutoff=25
[2026-06-18 15:36:03,849][feature_based_propensities_for_ULTR.experiments.diagnostics][INFO] - [Train] clicks=1487, displays=181035, ctr=0.0082, ctr_per_doc=0.0082
[2026-06-18 15:36:03,938][feature_based_propensities_for_ULTR.experiments.diagnostics][INFO] - [Validation] clicks=605, displays=67736, ctr=0.0089, ctr_per_doc=0.0089
[2026-06-18 15:36:04,026][feature_based_propensities_for_ULTR.experiments.diagnostics][INFO] - [Test] clicks=0, displays=0, ctr=0.0000, ctr_per_doc=0.0000
[2026-06-18 15:36:04,026][feature_based_propensities_for_ULTR.experiments.ips_pipeline][INFO] - Running estimator pipeline with model='dr'
[2026-06-18 15:36:04,027][feature_based_propensities_for_ULTR.experiments.ips_pipeline][INFO] - Computing position bias (alpha)...
[2026-06-18 15:36:04,044][ultr_bias_toolkit.bias.intervention_harvesting.all_pairs][INFO] - Position bias estimation using global all pairs estimator
[2026-06-18 15:36:54,144][feature_based_propensities_for_ULTR.experiments.position_bias_pipeline][INFO] - Saved estimated position-bias curve to position_bias.json
[2026-06-18 15:36:54,144][feature_based_propensities_for_ULTR.experiments.ips_pipeline][INFO] - Estimated position bias in-run (estimator=global_all_pairs): [ 0.        -0.8131325 -1.1782968 -1.3062626 -2.4416895 -2.1863577
 -4.040377  -1.7531444 -2.1397018 -2.3915806 -3.6931698 -2.8883512
 -3.4059002 -2.9054167 -3.0101216 -3.6357756 -1.6835076 -1.9750314
 -3.2374651 -1.996206  -6.9077554 -6.9077554 -6.9077554 -3.078431
 -6.9077554]
[2026-06-18 15:36:54,145][feature_based_propensities_for_ULTR.experiments.propensity_pipeline][INFO] - Computing propensity per doc (method=propensity_mlp_regression)...
[2026-06-18 15:37:27,638][feature_based_propensities_for_ULTR.experiments.propensity_pipeline][INFO] - Propensity computed in 33.49 seconds
[2026-06-18 15:37:27,639][feature_based_propensities_for_ULTR.experiments.propensity_pipeline][INFO] - Alpha logits: [ 0.     -0.8131 -1.1783 -1.3063 -2.4417 -2.1864 -4.0404 -1.7531 -2.1397
 -2.3916 -3.6932 -2.8884 -3.4059 -2.9054 -3.0101 -3.6358 -1.6835 -1.975
 -3.2375 -1.9962 -6.9078 -6.9078 -6.9078 -3.0784 -6.9078]
[2026-06-18 15:37:27,640][feature_based_propensities_for_ULTR.experiments.propensity_pipeline][INFO] - Alpha: [0.5    0.3072 0.2354 0.2131 0.08   0.101  0.0173 0.1477 0.1053 0.0838
 0.0243 0.0527 0.0321 0.0519 0.047  0.0257 0.1566 0.1218 0.0378 0.1196
 0.001  0.001  0.001  0.044  0.001 ]
[2026-06-18 15:37:27,641][feature_based_propensities_for_ULTR.experiments.propensity_pipeline][INFO] - Propensity clipping disabled.
[2026-06-18 15:37:27,641][feature_based_propensities_for_ULTR.experiments.propensity_pipeline][INFO] - Computing propensity per doc (method=frequency_based)...
[2026-06-18 15:37:53,504][feature_based_propensities_for_ULTR.experiments.propensity_pipeline][INFO] - Propensity computed in 25.86 seconds
[2026-06-18 15:37:53,504][feature_based_propensities_for_ULTR.experiments.propensity_pipeline][INFO] - Alpha logits: [ 0.     -0.8131 -1.1783 -1.3063 -2.4417 -2.1864 -4.0404 -1.7531 -2.1397
 -2.3916 -3.6932 -2.8884 -3.4059 -2.9054 -3.0101 -3.6358 -1.6835 -1.975
 -3.2375 -1.9962 -6.9078 -6.9078 -6.9078 -3.0784 -6.9078]
[2026-06-18 15:37:53,505][feature_based_propensities_for_ULTR.experiments.propensity_pipeline][INFO] - Alpha: [0.5    0.3072 0.2354 0.2131 0.08   0.101  0.0173 0.1477 0.1053 0.0838
 0.0243 0.0527 0.0321 0.0519 0.047  0.0257 0.1566 0.1218 0.0378 0.1196
 0.001  0.001  0.001  0.044  0.001 ]
[2026-06-18 15:37:54,747][feature_based_propensities_for_ULTR.experiments.regression_pipeline][INFO] - Training regression model for DM/DR...
[2026-06-18 15:38:20,946][feature_based_propensities_for_ULTR.experiments.regression_pipeline][INFO] - Regression epoch 3: train_loss=0.099917 val_loss=0.115252
[2026-06-18 15:38:46,052][feature_based_propensities_for_ULTR.experiments.regression_pipeline][INFO] - Regression epoch 6: train_loss=0.096925 val_loss=0.113126
[2026-06-18 15:39:11,191][feature_based_propensities_for_ULTR.experiments.regression_pipeline][INFO] - Regression epoch 9: train_loss=0.092319 val_loss=0.109358
[2026-06-18 15:39:36,316][feature_based_propensities_for_ULTR.experiments.regression_pipeline][INFO] - Regression epoch 12: train_loss=0.092387 val_loss=0.113225
[2026-06-18 15:39:42,197][feature_based_propensities_for_ULTR.experiments.ips_pipeline][INFO] - Computing DR doc weights...
[2026-06-18 15:39:42,229][feature_based_propensities_for_ULTR.experiments.ips_pipeline][INFO] - Doc weights computed in 0.03 seconds
[2026-06-18 15:39:42,240][feature_based_propensities_for_ULTR.experiments.model_pipeline][INFO] - Loading trainer (trainer_type='pl-rank', n_samples=100)...
[2026-06-18 15:39:42,242][feature_based_propensities_for_ULTR.experiments.model_pipeline][INFO] - Trainer loaded in 0.00 seconds
[2026-06-18 15:39:42,243][feature_based_propensities_for_ULTR.experiments.model_pipeline][INFO] - Training model...
[2026-06-18 16:31:03,732][feature_based_propensities_for_ULTR.experiments.ips_pipeline][INFO] - Final evaluation results:
{'metrics': {'CTR': 0.9337494969367981,
             'DCG': 2.490048408508301,
             'NCTR': 0.6106441020965576,
             'NDCG': 0.7240541577339172,
             'NDCG@25': 0.7240541577339172,
             'NRCTR': 0.6106441020965576,
             'RCTR': 0.9337494969367981}}
[2026-06-18 16:31:03,817][submitit][INFO] - Job completed successfully
[2026-06-18 16:31:03,827][submitit][INFO] - Exiting after successful completion
