[2026-04-09 15:23:02,008][jax._src.xla_bridge][ERROR] - Jax plugin configuration error: Exception when calling jax_plugins.xla_cuda12.initialize()
Traceback (most recent call last):
  File "/gpfs/home5/sfris1/two-towers-confounding-project/.venv/lib/python3.11/site-packages/jax/_src/xla_bridge.py", line 485, in discover_pjrt_plugins
    plugin_module.initialize()
  File "/gpfs/home5/sfris1/two-towers-confounding-project/.venv/lib/python3.11/site-packages/jax_plugins/xla_cuda12/__init__.py", line 328, in initialize
    _check_cuda_versions(raise_on_first_error=True)
  File "/gpfs/home5/sfris1/two-towers-confounding-project/.venv/lib/python3.11/site-packages/jax_plugins/xla_cuda12/__init__.py", line 285, in _check_cuda_versions
    local_device_count = cuda_versions.cuda_device_count()
                         ^^^^^^^^^^^^^^^^^^^^^^^^^^^^^^^^^
RuntimeError: jaxlib/cuda/versions_helpers.cc:113: operation cuInit(0) failed: CUDA_ERROR_NO_DEVICE
[2026-04-09 15:23:03,087][two_tower_confounding.experiments.ips_pipeline][WARNING] - wandb.init failed (Error uploading run: returned error 403: {"data":{"upsertBucket":null},"errors":[{"message":"permission denied","path":["upsertBucket"],"extensions":{"code":"PERMISSION_ERROR"}}]}). Continuing with local logging only.
[2026-04-09 15:23:03,087][two_tower_confounding.experiments.ips_pipeline][WARNING] - Disabling wandb for trainer components because initialization failed.
[2026-04-09 15:23:03,088][two_tower_confounding.experiments.config_resolver][WARNING] - test_clicks=500000 is ignored because test_set_mode='label_only'. Set test_set_mode='clicks' to enable legacy click-based test behavior.
[2026-04-09 15:23:03,093][two_tower_confounding.experiments.data_pipeline][INFO] - Loading or generating click datasets...
[2026-04-09 15:24:35,455][absl][INFO] - orbax-checkpoint version: 0.11.25
[2026-04-09 15:24:35,456][absl][INFO] - Created BasePyTreeCheckpointHandler: use_ocdbt=True, use_zarr3=False, pytree_metadata_options=PyTreeMetadataOptions(support_rich_types=False), array_metadata_store=<orbax.checkpoint._src.metadata.array_metadata_store.Store object at 0x152c16cebdd0>, enable_pinned_host_transfer=False, save_concurrent_bytes: 96000000000 (89.4 GiB), restore_concurrent_bytes: 96000000000 (89.4 GiB)
[2026-04-09 15:24:35,456][absl][INFO] - [thread=MainThread] Failed to get flag value for EXPERIMENTAL_ORBAX_USE_DISTRIBUTED_PROCESS_ID.
[2026-04-09 15:24:35,456][absl][INFO] - [process=0][thread=MainThread] Using barrier_sync_fn: <function get_barrier_sync_fn.<locals>.<lambda> at 0x152b29a2c4a0> timeout: 600 secs and primary_host=0 for async checkpoint writes
[2026-04-09 15:24:35,459][absl][INFO] - Restoring checkpoint from /gpfs/home5/sfris1/ltr_datasets/ips_datasets/istella_logging_policy_c50000_ps1p0_pt0p5_bs1p0_drop0rel0_sessallocv2_candfullv2_topx25_maxdocs200_lprdeep_lpsegreedysampler_lppct10p0.
[2026-04-09 15:24:35,481][absl][INFO] - [process=0] /jax/checkpoint/read/gbytes_per_sec: 0 Bytes/s (total gbytes: 31.6 KiB) (time elapsed: 21 milliseconds) (per-host)
[2026-04-09 15:24:35,481][absl][INFO] - Finished restoring checkpoint in 0.02 seconds from /gpfs/home5/sfris1/ltr_datasets/ips_datasets/istella_logging_policy_c50000_ps1p0_pt0p5_bs1p0_drop0rel0_sessallocv2_candfullv2_topx25_maxdocs200_lprdeep_lpsegreedysampler_lppct10p0.
[2026-04-09 15:24:44,657][two_tower_confounding.experiments.data_pipeline][INFO] - Loaded click datasets in 101.56 seconds (train=36371, val=13629, test=0)
[2026-04-09 15:24:44,657][two_tower_confounding.experiments.data_pipeline][INFO] - Test split is label-only by design; no test click dataset was loaded.
[2026-04-09 15:24:44,657][two_tower_confounding.data.runtime.alignment][INFO] - Applying data cutoff override: configured=25, natural=25, effective=25
[2026-04-09 15:24:44,658][two_tower_confounding.data.runtime.alignment][INFO] - Applying data cutoff override: configured=25, natural=25, effective=25
[2026-04-09 15:24:44,786][two_tower_confounding.data.runtime.aggregation][INFO] - Initializing simulator...
[2026-04-09 15:24:44,787][two_tower_confounding.data.runtime.aggregation][INFO] - Aggregating train dataset...
[2026-04-09 15:24:51,573][two_tower_confounding.data.runtime.aggregation][INFO] - Aggregating validation dataset...
[2026-04-09 15:24:55,489][two_tower_confounding.data.runtime.aggregation][INFO] - Aggregating test dataset from labels only...
[2026-04-09 15:24:57,163][two_tower_confounding.data.runtime.aggregation][INFO] - Aggregation done in 12.38 seconds
[2026-04-09 15:24:57,164][two_tower_confounding.data.runtime.aggregation][INFO] - Session usage after aggregation: requested(train=36371,val=13629), actual(train=36371,val=13629,test=0)
[2026-04-09 15:24:57,164][two_tower_confounding.data.runtime.aggregation][INFO] - Dataset persistence disabled; skipping aggregated dataset cache save.
[2026-04-09 15:24:57,164][two_tower_confounding.experiments.ips_pipeline][INFO] - Test split uses label-only evaluation; raw test click diagnostics are skipped.
[2026-04-09 15:24:57,222][two_tower_confounding.experiments.diagnostics][INFO] - [Data] train_docs=2043304, val_docs=684076, test_docs=681250, cutoff=25
[2026-04-09 15:24:57,299][two_tower_confounding.experiments.diagnostics][INFO] - [Train] clicks=8047, displays=905069, ctr=0.0089, ctr_per_doc=0.0089
[2026-04-09 15:24:57,371][two_tower_confounding.experiments.diagnostics][INFO] - [Validation] clicks=2834, displays=338579, ctr=0.0084, ctr_per_doc=0.0084
[2026-04-09 15:24:57,441][two_tower_confounding.experiments.diagnostics][INFO] - [Test] clicks=0, displays=0, ctr=0.0000, ctr_per_doc=0.0000
[2026-04-09 15:24:57,441][two_tower_confounding.experiments.ips_pipeline][INFO] - Running estimator pipeline with model='dr'
[2026-04-09 15:24:57,441][two_tower_confounding.experiments.ips_pipeline][INFO] - Computing position bias (alpha)...
[2026-04-09 15:24:57,502][two_tower_confounding.experiments.propensity_pipeline][INFO] - Computing propensity per doc (method=propensity_mlp_regression)...
[2026-04-09 15:27:13,579][two_tower_confounding.experiments.propensity_pipeline][INFO] - Propensity computed in 136.08 seconds
[2026-04-09 15:27:13,579][two_tower_confounding.experiments.propensity_pipeline][INFO] - Alpha logits: [-0.     -0.6931 -1.0986 -1.3863 -1.6094 -1.7918 -1.9459 -2.0794 -2.1972
 -2.3026 -2.3979 -2.4849 -2.5649 -2.6391 -2.7081 -2.7726 -2.8332 -2.8904
 -2.9444 -2.9957 -3.0445 -3.091  -3.1355 -3.1781 -3.2189]
[2026-04-09 15:27:13,580][two_tower_confounding.experiments.propensity_pipeline][INFO] - Alpha: [0.5    0.3333 0.25   0.2    0.1667 0.1429 0.125  0.1111 0.1    0.0909
 0.0833 0.0769 0.0714 0.0667 0.0625 0.0588 0.0556 0.0526 0.05   0.0476
 0.0455 0.0435 0.0417 0.04   0.0385]
[2026-04-09 15:27:13,581][two_tower_confounding.experiments.propensity_pipeline][INFO] - Propensity clipping disabled.
[2026-04-09 15:27:13,581][two_tower_confounding.experiments.propensity_pipeline][INFO] - Computing propensity per doc (method=frequency_based)...
[2026-04-09 15:29:16,695][two_tower_confounding.experiments.propensity_pipeline][INFO] - Propensity computed in 123.11 seconds
[2026-04-09 15:29:16,695][two_tower_confounding.experiments.propensity_pipeline][INFO] - Alpha logits: [-0.     -0.6931 -1.0986 -1.3863 -1.6094 -1.7918 -1.9459 -2.0794 -2.1972
 -2.3026 -2.3979 -2.4849 -2.5649 -2.6391 -2.7081 -2.7726 -2.8332 -2.8904
 -2.9444 -2.9957 -3.0445 -3.091  -3.1355 -3.1781 -3.2189]
[2026-04-09 15:29:16,696][two_tower_confounding.experiments.propensity_pipeline][INFO] - Alpha: [0.5    0.3333 0.25   0.2    0.1667 0.1429 0.125  0.1111 0.1    0.0909
 0.0833 0.0769 0.0714 0.0667 0.0625 0.0588 0.0556 0.0526 0.05   0.0476
 0.0455 0.0435 0.0417 0.04   0.0385]
[2026-04-09 15:29:18,673][two_tower_confounding.experiments.regression_pipeline][INFO] - Training regression model for DM/DR...
[2026-04-09 15:30:27,603][two_tower_confounding.experiments.regression_pipeline][INFO] - Regression epoch 3: train_loss=0.060473 val_loss=0.069430
[2026-04-09 15:31:35,331][two_tower_confounding.experiments.regression_pipeline][INFO] - Regression epoch 6: train_loss=0.059312 val_loss=0.076006
[2026-04-09 15:31:41,139][two_tower_confounding.experiments.ips_pipeline][INFO] - Computing DR doc weights...
[2026-04-09 15:31:41,171][two_tower_confounding.experiments.ips_pipeline][INFO] - Doc weights computed in 0.03 seconds
[2026-04-09 15:31:41,179][two_tower_confounding.experiments.model_pipeline][INFO] - Loading trainer (trainer_type='pl-rank', n_samples=100)...
[2026-04-09 15:31:41,181][two_tower_confounding.experiments.model_pipeline][INFO] - Trainer loaded in 0.00 seconds
[2026-04-09 15:31:41,181][two_tower_confounding.experiments.model_pipeline][INFO] - Training model...
[2026-04-09 16:01:29,979][two_tower_confounding.experiments.ips_pipeline][INFO] - Final evaluation results:
{'metrics': {'CTR': 1.0591721534729004,
             'DCG': 2.5295917987823486,
             'NCTR': 0.6775010228157043,
             'NDCG': 0.7348989844322205,
             'NDCG@25': 0.7348989844322205,
             'NRCTR': 0.6775010228157043,
             'RCTR': 1.0591721534729004}}
[2026-04-09 16:01:30,015][submitit][INFO] - Job completed successfully
[2026-04-09 16:01:30,024][submitit][INFO] - Exiting after successful completion
[2026-06-17 20:15:26,400][feature_based_propensities_for_ULTR.experiments.config_resolver][WARNING] - test_clicks=500000 is ignored because test_set_mode='label_only'. Set test_set_mode='clicks' to enable legacy click-based test behavior.
[2026-06-17 20:15:26,408][feature_based_propensities_for_ULTR.experiments.data_pipeline][INFO] - Loading or generating click datasets...
[2026-06-17 20:16:57,635][absl][INFO] - orbax-checkpoint version: 0.11.40
[2026-06-17 20:16:57,635][absl][INFO] - save_device_host_concurrent_bytes=None
[2026-06-17 20:16:57,636][absl][INFO] - Created BasePyTreeCheckpointHandler: use_ocdbt=True, use_zarr3=False, pytree_metadata_options=PyTreeMetadataOptions(support_rich_types=False), array_metadata_store=<orbax.checkpoint._src.metadata.array_metadata_store.Store object at 0x14e5c7e150d0>, enable_pinned_host_transfer=False, save_concurrent_bytes: 96000000000 (89.4 GiB), restore_concurrent_bytes: 96000000000 (89.4 GiB)
[2026-06-17 20:16:57,636][absl][INFO] - [thread=MainThread] Failed to get flag value for EXPERIMENTAL_ORBAX_USE_DISTRIBUTED_PROCESS_ID.
[2026-06-17 20:16:57,636][absl][INFO] - [process=0][thread=MainThread] Using barrier_sync_fn: <function get_barrier_sync_fn.<locals>.<lambda> at 0x14e5186e2ac0> timeout: 1200 secs and primary_host=0 for async checkpoint writes
[2026-06-17 20:16:57,637][absl][INFO] - [process=0] [sync] Started load checkpoint @ /gpfs/home5/sfris1/ltr_datasets/ips_datasets/istella_logging_policy_c50000_ps1p0_pt0p5_bs1p0_drop0rel0_sessallocv2_candfullv2_topx25_maxdocs200_lprdeep_lpsegreedysampler_lppct10p0.
[2026-06-17 20:16:57,639][absl][INFO] - Restoring checkpoint from /gpfs/home5/sfris1/ltr_datasets/ips_datasets/istella_logging_policy_c50000_ps1p0_pt0p5_bs1p0_drop0rel0_sessallocv2_candfullv2_topx25_maxdocs200_lprdeep_lpsegreedysampler_lppct10p0.
[2026-06-17 20:16:57,639][absl][INFO] - [process=0] [sync] Finished blocking load in 0.00 seconds. Continuing load @ /gpfs/home5/sfris1/ltr_datasets/ips_datasets/istella_logging_policy_c50000_ps1p0_pt0p5_bs1p0_drop0rel0_sessallocv2_candfullv2_topx25_maxdocs200_lprdeep_lpsegreedysampler_lppct10p0.
[2026-06-17 20:16:57,657][absl][INFO] - [process=0] /jax/orbax/read/worker/io/requested throughput: 2.526 MiB/s (total gbytes: 31.6 KiB) (time elapsed: 0.012227296829223633 s) (per-host)
[2026-06-17 20:16:57,659][absl][INFO] - [process=0] /jax/checkpoint/read/gbytes_per_sec: 1.658 MiB/s (total gbytes: 31.6 KiB) (time elapsed: 0.018633604049682617 s) (per-host)
[2026-06-17 20:16:57,659][absl][INFO] - [process=0] [sync] Finished load in 0.02 seconds @ /gpfs/home5/sfris1/ltr_datasets/ips_datasets/istella_logging_policy_c50000_ps1p0_pt0p5_bs1p0_drop0rel0_sessallocv2_candfullv2_topx25_maxdocs200_lprdeep_lpsegreedysampler_lppct10p0
[2026-06-17 20:17:06,406][feature_based_propensities_for_ULTR.experiments.data_pipeline][INFO] - Loaded click datasets in 100.00 seconds (train=36371, val=13629, test=0)
[2026-06-17 20:17:06,406][feature_based_propensities_for_ULTR.experiments.data_pipeline][INFO] - Test split is label-only by design; no test click dataset was loaded.
[2026-06-17 20:17:06,408][feature_based_propensities_for_ULTR.data.runtime.alignment][INFO] - Applying data cutoff override: configured=25, natural=25, effective=25
[2026-06-17 20:17:06,408][feature_based_propensities_for_ULTR.data.runtime.alignment][INFO] - Applying data cutoff override: configured=25, natural=25, effective=25
[2026-06-17 20:17:06,503][feature_based_propensities_for_ULTR.data.runtime.aggregation][INFO] - Initializing simulator...
[2026-06-17 20:17:06,504][feature_based_propensities_for_ULTR.data.runtime.aggregation][INFO] - Aggregating train dataset...
[2026-06-17 20:17:12,811][feature_based_propensities_for_ULTR.data.runtime.aggregation][INFO] - Aggregating validation dataset...
[2026-06-17 20:17:16,358][feature_based_propensities_for_ULTR.data.runtime.aggregation][INFO] - Aggregating test dataset from labels only...
[2026-06-17 20:17:17,785][feature_based_propensities_for_ULTR.data.runtime.aggregation][INFO] - Aggregation done in 11.28 seconds
[2026-06-17 20:17:17,786][feature_based_propensities_for_ULTR.data.runtime.aggregation][INFO] - Session usage after aggregation: requested(train=36371,val=13629), actual(train=36371,val=13629,test=0)
[2026-06-17 20:17:17,786][feature_based_propensities_for_ULTR.data.runtime.aggregation][INFO] - Dataset persistence disabled; skipping aggregated dataset cache save.
[2026-06-17 20:17:17,786][feature_based_propensities_for_ULTR.experiments.ips_pipeline][INFO] - Test split uses label-only evaluation; raw test click diagnostics are skipped.
[2026-06-17 20:17:17,841][feature_based_propensities_for_ULTR.experiments.diagnostics][INFO] - [Data] train_docs=2043304, val_docs=684076, test_docs=681250, cutoff=25
[2026-06-17 20:17:17,944][feature_based_propensities_for_ULTR.experiments.diagnostics][INFO] - [Train] clicks=8047, displays=905069, ctr=0.0089, ctr_per_doc=0.0089
[2026-06-17 20:17:18,034][feature_based_propensities_for_ULTR.experiments.diagnostics][INFO] - [Validation] clicks=2834, displays=338579, ctr=0.0084, ctr_per_doc=0.0084
[2026-06-17 20:17:18,124][feature_based_propensities_for_ULTR.experiments.diagnostics][INFO] - [Test] clicks=0, displays=0, ctr=0.0000, ctr_per_doc=0.0000
[2026-06-17 20:17:18,124][feature_based_propensities_for_ULTR.experiments.ips_pipeline][INFO] - Running estimator pipeline with model='dr'
[2026-06-17 20:17:18,124][feature_based_propensities_for_ULTR.experiments.ips_pipeline][INFO] - Computing position bias (alpha)...
[2026-06-17 20:17:18,176][feature_based_propensities_for_ULTR.experiments.propensity_pipeline][INFO] - Computing propensity per doc (method=propensity_mlp_regression)...
[2026-06-17 20:19:07,909][feature_based_propensities_for_ULTR.experiments.propensity_pipeline][INFO] - Propensity computed in 109.73 seconds
[2026-06-17 20:19:07,910][feature_based_propensities_for_ULTR.experiments.propensity_pipeline][INFO] - Alpha logits: [-0.     -0.6931 -1.0986 -1.3863 -1.6094 -1.7918 -1.9459 -2.0794 -2.1972
 -2.3026 -2.3979 -2.4849 -2.5649 -2.6391 -2.7081 -2.7726 -2.8332 -2.8904
 -2.9444 -2.9957 -3.0445 -3.091  -3.1355 -3.1781 -3.2189]
[2026-06-17 20:19:07,911][feature_based_propensities_for_ULTR.experiments.propensity_pipeline][INFO] - Alpha: [0.5    0.3333 0.25   0.2    0.1667 0.1429 0.125  0.1111 0.1    0.0909
 0.0833 0.0769 0.0714 0.0667 0.0625 0.0588 0.0556 0.0526 0.05   0.0476
 0.0455 0.0435 0.0417 0.04   0.0385]
[2026-06-17 20:19:07,911][feature_based_propensities_for_ULTR.experiments.propensity_pipeline][INFO] - Propensity clipping disabled.
[2026-06-17 20:19:07,912][feature_based_propensities_for_ULTR.experiments.propensity_pipeline][INFO] - Computing propensity per doc (method=frequency_based)...
[2026-06-17 20:21:13,070][feature_based_propensities_for_ULTR.experiments.propensity_pipeline][INFO] - Propensity computed in 125.16 seconds
[2026-06-17 20:21:13,070][feature_based_propensities_for_ULTR.experiments.propensity_pipeline][INFO] - Alpha logits: [-0.     -0.6931 -1.0986 -1.3863 -1.6094 -1.7918 -1.9459 -2.0794 -2.1972
 -2.3026 -2.3979 -2.4849 -2.5649 -2.6391 -2.7081 -2.7726 -2.8332 -2.8904
 -2.9444 -2.9957 -3.0445 -3.091  -3.1355 -3.1781 -3.2189]
[2026-06-17 20:21:13,072][feature_based_propensities_for_ULTR.experiments.propensity_pipeline][INFO] - Alpha: [0.5    0.3333 0.25   0.2    0.1667 0.1429 0.125  0.1111 0.1    0.0909
 0.0833 0.0769 0.0714 0.0667 0.0625 0.0588 0.0556 0.0526 0.05   0.0476
 0.0455 0.0435 0.0417 0.04   0.0385]
[2026-06-17 20:21:14,696][feature_based_propensities_for_ULTR.experiments.regression_pipeline][INFO] - Training regression model for DM/DR...
[2026-06-17 20:22:23,261][feature_based_propensities_for_ULTR.experiments.regression_pipeline][INFO] - Regression epoch 3: train_loss=0.060199 val_loss=0.069352
[2026-06-17 20:23:30,723][feature_based_propensities_for_ULTR.experiments.regression_pipeline][INFO] - Regression epoch 6: train_loss=0.058991 val_loss=0.072427
[2026-06-17 20:23:36,545][feature_based_propensities_for_ULTR.experiments.ips_pipeline][INFO] - Computing DR doc weights...
[2026-06-17 20:23:36,576][feature_based_propensities_for_ULTR.experiments.ips_pipeline][INFO] - Doc weights computed in 0.03 seconds
[2026-06-17 20:23:36,586][feature_based_propensities_for_ULTR.experiments.model_pipeline][INFO] - Loading trainer (trainer_type='pl-rank', n_samples=100)...
[2026-06-17 20:23:36,588][feature_based_propensities_for_ULTR.experiments.model_pipeline][INFO] - Trainer loaded in 0.00 seconds
[2026-06-17 20:23:36,588][feature_based_propensities_for_ULTR.experiments.model_pipeline][INFO] - Training model...
[2026-06-17 20:53:52,089][feature_based_propensities_for_ULTR.experiments.ips_pipeline][INFO] - Final evaluation results:
{'metrics': {'CTR': 1.0621410608291626,
             'DCG': 2.5368378162384033,
             'NCTR': 0.679487407207489,
             'NDCG': 0.7370210289955139,
             'NDCG@25': 0.7370210289955139,
             'NRCTR': 0.679487407207489,
             'RCTR': 1.0621410608291626}}
[2026-06-17 20:53:52,140][submitit][INFO] - Job completed successfully
[2026-06-17 20:53:52,149][submitit][INFO] - Exiting after successful completion
