[2026-06-17 23:20:40,077][feature_based_propensities_for_ULTR.experiments.config_resolver][WARNING] - test_clicks=500000 is ignored because test_set_mode='label_only'. Set test_set_mode='clicks' to enable legacy click-based test behavior.
[2026-06-17 23:20:40,083][feature_based_propensities_for_ULTR.experiments.data_pipeline][INFO] - Loading or generating click datasets...
[2026-06-17 23:21:03,553][absl][INFO] - orbax-checkpoint version: 0.11.40
[2026-06-17 23:21:03,553][absl][INFO] - save_device_host_concurrent_bytes=None
[2026-06-17 23:21:03,553][absl][INFO] - Created BasePyTreeCheckpointHandler: use_ocdbt=True, use_zarr3=False, pytree_metadata_options=PyTreeMetadataOptions(support_rich_types=False), array_metadata_store=<orbax.checkpoint._src.metadata.array_metadata_store.Store object at 0x152d132f6f10>, enable_pinned_host_transfer=False, save_concurrent_bytes: 96000000000 (89.4 GiB), restore_concurrent_bytes: 96000000000 (89.4 GiB)
[2026-06-17 23:21:03,554][absl][INFO] - [thread=MainThread] Failed to get flag value for EXPERIMENTAL_ORBAX_USE_DISTRIBUTED_PROCESS_ID.
[2026-06-17 23:21:03,554][absl][INFO] - [process=0][thread=MainThread] Using barrier_sync_fn: <function get_barrier_sync_fn.<locals>.<lambda> at 0x152c68dcaa20> timeout: 1200 secs and primary_host=0 for async checkpoint writes
[2026-06-17 23:21:03,554][absl][INFO] - [process=0] [sync] Started load checkpoint @ /gpfs/home5/sfris1/ltr_datasets/ips_datasets/logging_policy_c1000_ps1p0_pt0p5_bs1p0_drop0rel0_sessallocv2_candfullv2_topx25_maxdocs80_lprdeep_lpsegreedysampler_lppct10p0.
[2026-06-17 23:21:03,557][absl][INFO] - Restoring checkpoint from /gpfs/home5/sfris1/ltr_datasets/ips_datasets/logging_policy_c1000_ps1p0_pt0p5_bs1p0_drop0rel0_sessallocv2_candfullv2_topx25_maxdocs80_lprdeep_lpsegreedysampler_lppct10p0.
[2026-06-17 23:21:03,557][absl][INFO] - [process=0] [sync] Finished blocking load in 0.00 seconds. Continuing load @ /gpfs/home5/sfris1/ltr_datasets/ips_datasets/logging_policy_c1000_ps1p0_pt0p5_bs1p0_drop0rel0_sessallocv2_candfullv2_topx25_maxdocs80_lprdeep_lpsegreedysampler_lppct10p0.
[2026-06-17 23:21:03,574][absl][INFO] - [process=0] /jax/orbax/read/worker/io/requested throughput: 8.017 MiB/s (total gbytes: 91.8 KiB) (time elapsed: 0.011176347732543945 s) (per-host)
[2026-06-17 23:21:03,575][absl][INFO] - [process=0] /jax/checkpoint/read/gbytes_per_sec: 5.192 MiB/s (total gbytes: 91.8 KiB) (time elapsed: 0.017256975173950195 s) (per-host)
[2026-06-17 23:21:03,575][absl][INFO] - [process=0] [sync] Finished load in 0.02 seconds @ /gpfs/home5/sfris1/ltr_datasets/ips_datasets/logging_policy_c1000_ps1p0_pt0p5_bs1p0_drop0rel0_sessallocv2_candfullv2_topx25_maxdocs80_lprdeep_lpsegreedysampler_lppct10p0
[2026-06-17 23:21:07,127][feature_based_propensities_for_ULTR.experiments.data_pipeline][INFO] - Loaded click datasets in 27.04 seconds (train=869, val=131, test=0)
[2026-06-17 23:21:07,127][feature_based_propensities_for_ULTR.experiments.data_pipeline][INFO] - Test split is label-only by design; no test click dataset was loaded.
[2026-06-17 23:21:07,127][feature_based_propensities_for_ULTR.data.runtime.alignment][INFO] - Applying data cutoff override: configured=25, natural=25, effective=25
[2026-06-17 23:21:07,127][feature_based_propensities_for_ULTR.data.runtime.alignment][INFO] - Applying data cutoff override: configured=25, natural=25, effective=25
[2026-06-17 23:21:07,222][feature_based_propensities_for_ULTR.data.runtime.aggregation][INFO] - Initializing simulator...
[2026-06-17 23:21:07,223][feature_based_propensities_for_ULTR.data.runtime.aggregation][INFO] - Aggregating train dataset...
[2026-06-17 23:21:13,069][feature_based_propensities_for_ULTR.data.runtime.aggregation][INFO] - Aggregating validation dataset...
[2026-06-17 23:21:15,648][feature_based_propensities_for_ULTR.data.runtime.aggregation][INFO] - Aggregating test dataset from labels only...
[2026-06-17 23:21:17,277][feature_based_propensities_for_ULTR.data.runtime.aggregation][INFO] - Aggregation done in 10.05 seconds
[2026-06-17 23:21:17,277][feature_based_propensities_for_ULTR.data.runtime.aggregation][INFO] - Session usage after aggregation: requested(train=869,val=131), actual(train=869,val=131,test=0)
[2026-06-17 23:21:17,277][feature_based_propensities_for_ULTR.data.runtime.aggregation][INFO] - Dataset persistence disabled; skipping aggregated dataset cache save.
[2026-06-17 23:21:17,277][feature_based_propensities_for_ULTR.experiments.ips_pipeline][INFO] - Test split uses label-only evaluation; raw test click diagnostics are skipped.
[2026-06-17 23:21:17,300][feature_based_propensities_for_ULTR.experiments.diagnostics][INFO] - [Data] train_docs=470251, val_docs=70687, test_docs=164676, cutoff=25
[2026-06-17 23:21:17,390][feature_based_propensities_for_ULTR.experiments.diagnostics][INFO] - [Train] clicks=101, displays=14914, ctr=0.0068, ctr_per_doc=0.0068
[2026-06-17 23:21:17,475][feature_based_propensities_for_ULTR.experiments.diagnostics][INFO] - [Validation] clicks=13, displays=2174, ctr=0.0060, ctr_per_doc=0.0060
[2026-06-17 23:21:17,595][feature_based_propensities_for_ULTR.experiments.diagnostics][INFO] - [Test] clicks=0, displays=0, ctr=0.0000, ctr_per_doc=0.0000
[2026-06-17 23:21:17,595][feature_based_propensities_for_ULTR.experiments.ips_pipeline][INFO] - Running estimator pipeline with model='dr'
[2026-06-17 23:21:17,595][feature_based_propensities_for_ULTR.experiments.ips_pipeline][INFO] - Computing position bias (alpha)...
[2026-06-17 23:21:17,646][feature_based_propensities_for_ULTR.experiments.propensity_pipeline][INFO] - Computing propensity per doc (method=true_propensity)...
[2026-06-17 23:21:20,196][feature_based_propensities_for_ULTR.experiments.propensity_pipeline][INFO] - Propensity computed in 2.55 seconds
[2026-06-17 23:21:20,196][feature_based_propensities_for_ULTR.experiments.propensity_pipeline][INFO] - Alpha logits: [-0.        -0.6931472 -1.0986123 -1.3862944 -1.609438  -1.7917595
 -1.9459101 -2.0794415 -2.1972246 -2.3025851 -2.3978953 -2.4849067
 -2.5649493 -2.6390574 -2.7080503 -2.7725887 -2.8332133 -2.8903718
 -2.944439  -2.9957323 -3.0445225 -3.0910425 -3.1354942 -3.1780539
 -3.218876 ]
[2026-06-17 23:21:20,197][feature_based_propensities_for_ULTR.experiments.propensity_pipeline][INFO] - Alpha: [0.5        0.33333334 0.25       0.2        0.16666667 0.14285715
 0.12500001 0.11111111 0.1        0.09090909 0.08333333 0.07692308
 0.07142857 0.06666666 0.0625     0.05882353 0.05555556 0.05263158
 0.05       0.04761905 0.04545454 0.04347826 0.04166667 0.04
 0.03846154]
[2026-06-17 23:21:20,197][feature_based_propensities_for_ULTR.experiments.propensity_pipeline][INFO] - Propensity clipping disabled.
[2026-06-17 23:21:20,197][feature_based_propensities_for_ULTR.experiments.propensity_pipeline][INFO] - Computing propensity per doc (method=frequency_based)...
[2026-06-17 23:21:20,859][feature_based_propensities_for_ULTR.experiments.propensity_pipeline][INFO] - Propensity computed in 0.66 seconds
[2026-06-17 23:21:20,859][feature_based_propensities_for_ULTR.experiments.propensity_pipeline][INFO] - Alpha logits: [-0.        -0.6931472 -1.0986123 -1.3862944 -1.609438  -1.7917595
 -1.9459101 -2.0794415 -2.1972246 -2.3025851 -2.3978953 -2.4849067
 -2.5649493 -2.6390574 -2.7080503 -2.7725887 -2.8332133 -2.8903718
 -2.944439  -2.9957323 -3.0445225 -3.0910425 -3.1354942 -3.1780539
 -3.218876 ]
[2026-06-17 23:21:20,860][feature_based_propensities_for_ULTR.experiments.propensity_pipeline][INFO] - Alpha: [0.5        0.33333334 0.25       0.2        0.16666667 0.14285715
 0.12500001 0.11111111 0.1        0.09090909 0.08333333 0.07692308
 0.07142857 0.06666666 0.0625     0.05882353 0.05555556 0.05263158
 0.05       0.04761905 0.04545454 0.04347826 0.04166667 0.04
 0.03846154]
[2026-06-17 23:21:21,902][feature_based_propensities_for_ULTR.experiments.regression_pipeline][INFO] - Training regression model for DM/DR...
[2026-06-17 23:21:23,906][feature_based_propensities_for_ULTR.experiments.regression_pipeline][INFO] - Regression epoch 3: train_loss=0.177542 val_loss=0.165631
[2026-06-17 23:21:24,555][feature_based_propensities_for_ULTR.experiments.regression_pipeline][INFO] - Regression epoch 6: train_loss=0.161242 val_loss=0.168209
[2026-06-17 23:21:26,378][feature_based_propensities_for_ULTR.experiments.ips_pipeline][INFO] - Computing DR doc weights...
[2026-06-17 23:21:26,382][feature_based_propensities_for_ULTR.experiments.ips_pipeline][INFO] - Doc weights computed in 0.00 seconds
[2026-06-17 23:21:26,389][feature_based_propensities_for_ULTR.experiments.model_pipeline][INFO] - Loading trainer (trainer_type='pl-rank', n_samples=100)...
[2026-06-17 23:21:26,390][feature_based_propensities_for_ULTR.experiments.model_pipeline][INFO] - Trainer loaded in 0.00 seconds
[2026-06-17 23:21:26,390][feature_based_propensities_for_ULTR.experiments.model_pipeline][INFO] - Training model...
[2026-06-17 23:31:35,106][feature_based_propensities_for_ULTR.experiments.ips_pipeline][INFO] - Final evaluation results:
{'metrics': {'CTR': 0.8081585764884949,
             'DCG': 2.0629310607910156,
             'NCTR': 0.6970309019088745,
             'NDCG': 0.7474762797355652,
             'NDCG@25': 0.7474762797355652,
             'NRCTR': 0.6970309019088745,
             'RCTR': 0.8081585764884949}}
[2026-06-17 23:31:35,133][submitit][INFO] - Job completed successfully
[2026-06-17 23:31:35,143][submitit][INFO] - Exiting after successful completion
