[2026-03-05 17:18:31,150][jax._src.xla_bridge][ERROR] - Jax plugin configuration error: Exception when calling jax_plugins.xla_cuda12.initialize()
Traceback (most recent call last):
  File "/gpfs/home5/sfris1/two-towers-confounding-project/.venv/lib/python3.11/site-packages/jax/_src/xla_bridge.py", line 485, in discover_pjrt_plugins
    plugin_module.initialize()
  File "/gpfs/home5/sfris1/two-towers-confounding-project/.venv/lib/python3.11/site-packages/jax_plugins/xla_cuda12/__init__.py", line 328, in initialize
    _check_cuda_versions(raise_on_first_error=True)
  File "/gpfs/home5/sfris1/two-towers-confounding-project/.venv/lib/python3.11/site-packages/jax_plugins/xla_cuda12/__init__.py", line 285, in _check_cuda_versions
    local_device_count = cuda_versions.cuda_device_count()
                         ^^^^^^^^^^^^^^^^^^^^^^^^^^^^^^^^^
RuntimeError: jaxlib/cuda/versions_helpers.cc:113: operation cuInit(0) failed: CUDA_ERROR_NO_DEVICE
[2026-03-05 17:18:35,315][two_tower_confounding.experiments.data_pipeline][INFO] - Loading aggregated datasets from /home/sfris1/ltr_datasets/ips_datasets...
[2026-03-05 17:18:40,569][two_tower_confounding.experiments.ips_pipeline][INFO] - Running estimator pipeline with model='ips'
[2026-03-05 17:18:40,570][two_tower_confounding.experiments.ips_pipeline][INFO] - Computing position bias (alpha)...
[2026-03-05 17:18:40,634][two_tower_confounding.experiments.propensity_pipeline][INFO] - Computing propensity per doc (method=true_propensity)...
[2026-03-05 17:18:43,552][two_tower_confounding.experiments.propensity_pipeline][INFO] - Propensity computed in 2.92 seconds
[2026-03-05 17:18:43,573][two_tower_confounding.experiments.propensity_pipeline][INFO] - Propensity clipping disabled.
[2026-03-05 17:18:43,573][two_tower_confounding.experiments.ips_pipeline][INFO] - Computing IPS doc weights...
[2026-03-05 17:18:44,313][two_tower_confounding.experiments.ips_pipeline][INFO] - Doc weights computed in 0.74 seconds
[2026-03-05 17:18:45,361][two_tower_confounding.experiments.model_pipeline][INFO] - Loading trainer (trainer_type='pl-rank', n_samples=100)...
[2026-03-05 17:18:45,361][two_tower_confounding.experiments.model_pipeline][INFO] - Trainer loaded in 0.00 seconds
[2026-03-05 17:18:45,361][two_tower_confounding.experiments.model_pipeline][INFO] - Training model...
[2026-03-05 17:19:36,764][two_tower_confounding.experiments.ips_pipeline][INFO] - Final evaluation results:
{'metrics': {'CTR': 1.5695762634277344,
             'DCG': 4.065106391906738,
             'NCTR': 0.8676924109458923,
             'NDCG': 0.9174538254737854,
             'NRCTR': 0.8676924109458923,
             'RCTR': 1.5695762634277344}}
[2026-03-05 17:19:41,220][submitit][INFO] - Job completed successfully
[2026-03-05 17:19:41,229][submitit][INFO] - Exiting after successful completion
