[2026-05-05 10:54:31,573][two_tower_confounding.experiments.config_resolver][WARNING] - test_clicks=500000 is ignored because test_set_mode='label_only'. Set test_set_mode='clicks' to enable legacy click-based test behavior.
[2026-05-05 10:54:31,579][two_tower_confounding.experiments.data_pipeline][INFO] - Loading or generating click datasets...
[2026-05-05 10:56:03,412][absl][INFO] - orbax-checkpoint version: 0.11.37
[2026-05-05 10:56:03,413][absl][INFO] - save_device_host_concurrent_bytes=None
[2026-05-05 10:56:03,413][absl][INFO] - Created BasePyTreeCheckpointHandler: use_ocdbt=True, use_zarr3=False, pytree_metadata_options=PyTreeMetadataOptions(support_rich_types=False), array_metadata_store=<orbax.checkpoint._src.metadata.array_metadata_store.Store object at 0x14fb5e780cd0>, enable_pinned_host_transfer=False, save_concurrent_bytes: 96000000000 (89.4 GiB), restore_concurrent_bytes: 96000000000 (89.4 GiB)
[2026-05-05 10:56:03,413][absl][INFO] - [thread=MainThread] Failed to get flag value for EXPERIMENTAL_ORBAX_USE_DISTRIBUTED_PROCESS_ID.
[2026-05-05 10:56:03,413][absl][INFO] - [process=0][thread=MainThread] Using barrier_sync_fn: <function get_barrier_sync_fn.<locals>.<lambda> at 0x14faabbfd8a0> timeout: 1200 secs and primary_host=0 for async checkpoint writes
[2026-05-05 10:56:03,414][absl][INFO] - [process=0] [sync] Started load checkpoint @ /gpfs/home5/sfris1/ltr_datasets/ips_datasets/istella_logging_policy_c10000_ps1p0_pt0p5_bs1p0_drop0rel0_sessallocv2_candfullv2_topx25_maxdocs200_lprdeep_lpsegreedysampler_lppct10p0.
[2026-05-05 10:56:03,417][absl][INFO] - Restoring checkpoint from /gpfs/home5/sfris1/ltr_datasets/ips_datasets/istella_logging_policy_c10000_ps1p0_pt0p5_bs1p0_drop0rel0_sessallocv2_candfullv2_topx25_maxdocs200_lprdeep_lpsegreedysampler_lppct10p0.
[2026-05-05 10:56:03,417][absl][INFO] - [process=0] [sync] Finished blocking load in 0.00 seconds. Continuing load @ /gpfs/home5/sfris1/ltr_datasets/ips_datasets/istella_logging_policy_c10000_ps1p0_pt0p5_bs1p0_drop0rel0_sessallocv2_candfullv2_topx25_maxdocs200_lprdeep_lpsegreedysampler_lppct10p0.
[2026-05-05 10:56:03,434][absl][INFO] - [process=0] /jax/orbax/read/worker/io/requested throughput: 2.763 MiB/s (total gbytes: 31.6 KiB) (time elapsed: 0.011179924011230469 s) (per-host)
[2026-05-05 10:56:03,436][absl][INFO] - [process=0] /jax/checkpoint/read/gbytes_per_sec: 1.810 MiB/s (total gbytes: 31.6 KiB) (time elapsed: 0.017064809799194336 s) (per-host)
[2026-05-05 10:56:03,436][absl][INFO] - [process=0] [sync] Finished load in 0.02 seconds @ /gpfs/home5/sfris1/ltr_datasets/ips_datasets/istella_logging_policy_c10000_ps1p0_pt0p5_bs1p0_drop0rel0_sessallocv2_candfullv2_topx25_maxdocs200_lprdeep_lpsegreedysampler_lppct10p0
[2026-05-05 10:56:08,345][two_tower_confounding.experiments.data_pipeline][INFO] - Loaded click datasets in 96.77 seconds (train=7274, val=2726, test=0)
[2026-05-05 10:56:08,345][two_tower_confounding.experiments.data_pipeline][INFO] - Test split is label-only by design; no test click dataset was loaded.
[2026-05-05 10:56:08,345][two_tower_confounding.data.runtime.alignment][INFO] - Applying data cutoff override: configured=25, natural=25, effective=25
[2026-05-05 10:56:08,345][two_tower_confounding.data.runtime.alignment][INFO] - Applying data cutoff override: configured=25, natural=25, effective=25
[2026-05-05 10:56:08,438][two_tower_confounding.data.runtime.aggregation][INFO] - Initializing simulator...
[2026-05-05 10:56:08,438][two_tower_confounding.data.runtime.aggregation][INFO] - Aggregating train dataset...
[2026-05-05 10:56:14,743][two_tower_confounding.data.runtime.aggregation][INFO] - Aggregating validation dataset...
[2026-05-05 10:56:18,246][two_tower_confounding.data.runtime.aggregation][INFO] - Aggregating test dataset from labels only...
[2026-05-05 10:56:19,827][two_tower_confounding.data.runtime.aggregation][INFO] - Aggregation done in 11.39 seconds
[2026-05-05 10:56:19,828][two_tower_confounding.data.runtime.aggregation][INFO] - Session usage after aggregation: requested(train=7274,val=2726), actual(train=7274,val=2726,test=0)
[2026-05-05 10:56:19,828][two_tower_confounding.data.runtime.aggregation][INFO] - Dataset persistence disabled; skipping aggregated dataset cache save.
[2026-05-05 10:56:19,828][two_tower_confounding.experiments.ips_pipeline][INFO] - Test split uses label-only evaluation; raw test click diagnostics are skipped.
[2026-05-05 10:56:19,881][two_tower_confounding.experiments.diagnostics][INFO] - [Data] train_docs=2043304, val_docs=684076, test_docs=681250, cutoff=25
[2026-05-05 10:56:19,978][two_tower_confounding.experiments.diagnostics][INFO] - [Train] clicks=1510, displays=180914, ctr=0.0083, ctr_per_doc=0.0083
[2026-05-05 10:56:20,070][two_tower_confounding.experiments.diagnostics][INFO] - [Validation] clicks=579, displays=67686, ctr=0.0086, ctr_per_doc=0.0086
[2026-05-05 10:56:20,157][two_tower_confounding.experiments.diagnostics][INFO] - [Test] clicks=0, displays=0, ctr=0.0000, ctr_per_doc=0.0000
[2026-05-05 10:56:20,158][two_tower_confounding.experiments.ips_pipeline][INFO] - Running estimator pipeline with model='dm'
[2026-05-05 10:56:20,158][two_tower_confounding.experiments.ips_pipeline][INFO] - Computing position bias (alpha)...
[2026-05-05 10:56:20,164][two_tower_confounding.experiments.ips_pipeline][INFO] - Loaded CSV position bias from /gpfs/home5/sfris1/Doubly-Robust-Optimization-With-Two-Tower-Models/results/position_bias_csv_smoke.csv (method=pivot_one): [ 0.        -0.6931472  0.         0.6931472 -6.9077554 -6.9077554
 -6.9077554 -6.9077554 -6.9077554 -6.9077554 -6.9077554 -6.9077554
 -6.9077554 -6.9077554 -6.9077554 -6.9077554 -6.9077554 -6.9077554
 -6.9077554 -6.9077554 -6.9077554 -6.9077554 -6.9077554 -6.9077554
 -6.9077554]
[2026-05-05 10:56:20,166][two_tower_confounding.experiments.propensity_pipeline][INFO] - Computing propensity per doc (method=true_propensity)...
[2026-05-05 10:56:47,326][two_tower_confounding.experiments.propensity_pipeline][INFO] - Propensity computed in 27.16 seconds
[2026-05-05 10:56:47,327][two_tower_confounding.experiments.propensity_pipeline][INFO] - Alpha logits: [ 0.        -0.6931472  0.         0.6931472 -6.9077554 -6.9077554
 -6.9077554 -6.9077554 -6.9077554 -6.9077554 -6.9077554 -6.9077554
 -6.9077554 -6.9077554 -6.9077554 -6.9077554 -6.9077554 -6.9077554
 -6.9077554 -6.9077554 -6.9077554 -6.9077554 -6.9077554 -6.9077554
 -6.9077554]
[2026-05-05 10:56:47,328][two_tower_confounding.experiments.propensity_pipeline][INFO] - Alpha: [0.5        0.33333334 0.5        0.6666667  0.000999   0.000999
 0.000999   0.000999   0.000999   0.000999   0.000999   0.000999
 0.000999   0.000999   0.000999   0.000999   0.000999   0.000999
 0.000999   0.000999   0.000999   0.000999   0.000999   0.000999
 0.000999  ]
[2026-05-05 10:56:47,329][two_tower_confounding.experiments.propensity_pipeline][INFO] - Propensity clipping disabled.
[2026-05-05 10:56:48,477][two_tower_confounding.experiments.regression_pipeline][INFO] - Training regression model for DM/DR...
[2026-05-05 10:56:56,187][two_tower_confounding.experiments.regression_pipeline][INFO] - Regression epoch 3: train_loss=-6.268697 val_loss=-7.555841
[2026-05-05 10:57:02,742][two_tower_confounding.experiments.regression_pipeline][INFO] - Regression epoch 6: train_loss=-5.523004 val_loss=-7.555841
[2026-05-05 10:57:08,709][two_tower_confounding.experiments.ips_pipeline][INFO] - Computing DM doc weights...
[2026-05-05 10:57:08,710][two_tower_confounding.experiments.ips_pipeline][INFO] - Doc weights computed in 0.00 seconds
[2026-05-05 10:57:08,720][two_tower_confounding.experiments.model_pipeline][INFO] - Loading trainer (trainer_type='pl-rank', n_samples=100)...
[2026-05-05 10:57:08,722][two_tower_confounding.experiments.model_pipeline][INFO] - Trainer loaded in 0.00 seconds
[2026-05-05 10:57:08,722][two_tower_confounding.experiments.model_pipeline][INFO] - Training model...
[2026-05-05 11:20:14,790][two_tower_confounding.experiments.ips_pipeline][INFO] - Final evaluation results:
{'metrics': {'CTR': 0.20609141886234283,
             'DCG': 0.8014588952064514,
             'NCTR': 0.1178114041686058,
             'NDCG': 0.23945803940296173,
             'NDCG@25': 0.23945803940296173,
             'NRCTR': 0.1178114041686058,
             'RCTR': 0.20609141886234283}}
[2026-05-05 11:20:14,825][submitit][INFO] - Job completed successfully
[2026-05-05 11:20:14,836][submitit][INFO] - Exiting after successful completion
