[2026-03-18 21:48:19,220][jax._src.xla_bridge][ERROR] - Jax plugin configuration error: Exception when calling jax_plugins.xla_cuda12.initialize()
Traceback (most recent call last):
  File "/gpfs/home5/sfris1/two-towers-confounding-project/.venv/lib/python3.11/site-packages/jax/_src/xla_bridge.py", line 485, in discover_pjrt_plugins
    plugin_module.initialize()
  File "/gpfs/home5/sfris1/two-towers-confounding-project/.venv/lib/python3.11/site-packages/jax_plugins/xla_cuda12/__init__.py", line 328, in initialize
    _check_cuda_versions(raise_on_first_error=True)
  File "/gpfs/home5/sfris1/two-towers-confounding-project/.venv/lib/python3.11/site-packages/jax_plugins/xla_cuda12/__init__.py", line 285, in _check_cuda_versions
    local_device_count = cuda_versions.cuda_device_count()
                         ^^^^^^^^^^^^^^^^^^^^^^^^^^^^^^^^^
RuntimeError: jaxlib/cuda/versions_helpers.cc:113: operation cuInit(0) failed: CUDA_ERROR_NO_DEVICE
[2026-03-18 21:48:20,353][two_tower_confounding.experiments.ips_pipeline][WARNING] - wandb.init failed (Error uploading run: returned error 403: {"data":{"upsertBucket":null},"errors":[{"message":"permission denied","path":["upsertBucket"],"extensions":{"code":"PERMISSION_ERROR"}}]}). Continuing with local logging only.
[2026-03-18 21:48:20,354][two_tower_confounding.experiments.ips_pipeline][WARNING] - Disabling wandb for trainer components because initialization failed.
[2026-03-18 21:48:20,355][two_tower_confounding.experiments.config_resolver][WARNING] - test_clicks=500000 is ignored because test_set_mode='label_only'. Set test_set_mode='clicks' to enable legacy click-based test behavior.
[2026-03-18 21:48:20,362][two_tower_confounding.experiments.data_pipeline][INFO] - Loading or generating click datasets...
[2026-03-18 21:49:23,165][absl][INFO] - orbax-checkpoint version: 0.11.25
[2026-03-18 21:49:23,166][absl][INFO] - Created BasePyTreeCheckpointHandler: use_ocdbt=True, use_zarr3=False, pytree_metadata_options=PyTreeMetadataOptions(support_rich_types=False), array_metadata_store=<orbax.checkpoint._src.metadata.array_metadata_store.Store object at 0x150a989f7990>, enable_pinned_host_transfer=False, save_concurrent_bytes: 96000000000 (89.4 GiB), restore_concurrent_bytes: 96000000000 (89.4 GiB)
[2026-03-18 21:49:23,166][absl][INFO] - [thread=MainThread] Failed to get flag value for EXPERIMENTAL_ORBAX_USE_DISTRIBUTED_PROCESS_ID.
[2026-03-18 21:49:23,166][absl][INFO] - [process=0][thread=MainThread] Using barrier_sync_fn: <function get_barrier_sync_fn.<locals>.<lambda> at 0x1508ac56f880> timeout: 600 secs and primary_host=0 for async checkpoint writes
[2026-03-18 21:49:23,169][absl][INFO] - Restoring checkpoint from /gpfs/home5/sfris1/ltr_datasets/ips_datasets/logging_policy_c5000000_ps1p0_pt0p5_bs1p0_drop0rel0_sessallocv2_candfullv2_topx25_maxdocs200_lprdeep_lpsegreedysampler_lppct10p0.
[2026-03-18 21:49:23,192][absl][INFO] - [process=0] /jax/checkpoint/read/gbytes_per_sec: 0 Bytes/s (total gbytes: 21.4 KiB) (time elapsed: 22 milliseconds) (per-host)
[2026-03-18 21:49:23,193][absl][INFO] - Finished restoring checkpoint in 0.03 seconds from /gpfs/home5/sfris1/ltr_datasets/ips_datasets/logging_policy_c5000000_ps1p0_pt0p5_bs1p0_drop0rel0_sessallocv2_candfullv2_topx25_maxdocs200_lprdeep_lpsegreedysampler_lppct10p0.
[2026-03-18 21:57:22,728][two_tower_confounding.experiments.data_pipeline][INFO] - Loaded click datasets in 542.37 seconds (train=3750049, val=1249951, test=0)
[2026-03-18 21:57:22,728][two_tower_confounding.experiments.data_pipeline][INFO] - Test split is label-only by design; no test click dataset was loaded.
[2026-03-18 21:57:22,729][two_tower_confounding.data.runtime.aggregation][INFO] - Applying data cutoff override: configured=25, natural=25, effective=25
[2026-03-18 21:57:22,861][two_tower_confounding.data.runtime.aggregation][INFO] - Initializing simulator...
[2026-03-18 21:57:22,863][two_tower_confounding.data.runtime.aggregation][INFO] - Aggregating train dataset...
[2026-03-18 21:57:37,119][two_tower_confounding.data.runtime.aggregation][INFO] - Aggregating validation dataset...
[2026-03-18 21:57:42,970][two_tower_confounding.data.runtime.aggregation][INFO] - Aggregating test dataset from labels only...
[2026-03-18 21:57:43,970][two_tower_confounding.data.runtime.aggregation][INFO] - Aggregation done in 21.11 seconds
[2026-03-18 21:57:43,971][two_tower_confounding.data.runtime.aggregation][INFO] - Session usage after aggregation: requested(train=3750049,val=1249951), actual(train=3750049,val=1249951,test=0)
[2026-03-18 21:57:43,971][two_tower_confounding.data.runtime.aggregation][INFO] - Dataset persistence disabled; skipping aggregated dataset cache save.
[2026-03-18 21:57:43,972][two_tower_confounding.experiments.ips_pipeline][INFO] - Test split uses label-only evaluation; raw test click diagnostics are skipped.
[2026-03-18 21:57:44,026][two_tower_confounding.experiments.diagnostics][INFO] - [Data] train_docs=2132810, val_docs=707814, test_docs=708921, cutoff=25
[2026-03-18 21:57:44,105][two_tower_confounding.experiments.diagnostics][INFO] - [Train] clicks=403056, displays=91143335, ctr=0.0044, ctr_per_doc=0.0044
[2026-03-18 21:57:44,175][two_tower_confounding.experiments.diagnostics][INFO] - [Validation] clicks=135176, displays=30417350, ctr=0.0044, ctr_per_doc=0.0044
[2026-03-18 21:57:44,248][two_tower_confounding.experiments.diagnostics][INFO] - [Test] clicks=0, displays=0, ctr=0.0000, ctr_per_doc=0.0000
[2026-03-18 21:57:44,248][two_tower_confounding.experiments.ips_pipeline][INFO] - Running estimator pipeline with model='ips'
[2026-03-18 21:57:44,248][two_tower_confounding.experiments.ips_pipeline][INFO] - Computing position bias (alpha)...
[2026-03-18 21:57:44,310][two_tower_confounding.experiments.propensity_pipeline][INFO] - Computing propensity per doc (method=frequency_based)...
[2026-03-19 01:05:56,013][submitit][WARNING] - Bypassing signal SIGCONT
[2026-03-19 01:05:56,012][submitit][INFO] - Job has timed out. Ran 198 minutes out of requested 200 minutes.
[2026-03-19 01:05:56,013][submitit][WARNING] - Caught signal SIGUSR2 on tcn36.local.snellius.surf.nl: this job is timed-out.
[2026-03-19 01:05:56,014][submitit][INFO] - Calling checkpoint method.
[2026-03-19 01:05:56,053][submitit][INFO] - Job not requeued because: timed-out too many times.
[2026-03-19 01:05:56,054][submitit][INFO] - Job completed successfully
[2026-03-19 01:05:56,059][submitit][INFO] - Exiting after successful completion
