[2026-06-18 16:53:17,660][feature_based_propensities_for_ULTR.experiments.config_resolver][WARNING] - test_clicks=500000 is ignored because test_set_mode='label_only'. Set test_set_mode='clicks' to enable legacy click-based test behavior.
[2026-06-18 16:53:17,666][feature_based_propensities_for_ULTR.experiments.data_pipeline][INFO] - Loading or generating click datasets...
[2026-06-18 16:54:18,382][absl][INFO] - orbax-checkpoint version: 0.11.40
[2026-06-18 16:54:18,382][absl][INFO] - save_device_host_concurrent_bytes=None
[2026-06-18 16:54:18,382][absl][INFO] - Created BasePyTreeCheckpointHandler: use_ocdbt=True, use_zarr3=False, pytree_metadata_options=PyTreeMetadataOptions(support_rich_types=False), array_metadata_store=<orbax.checkpoint._src.metadata.array_metadata_store.Store object at 0x145546a54310>, enable_pinned_host_transfer=False, save_concurrent_bytes: 96000000000 (89.4 GiB), restore_concurrent_bytes: 96000000000 (89.4 GiB)
[2026-06-18 16:54:18,383][absl][INFO] - [thread=MainThread] Failed to get flag value for EXPERIMENTAL_ORBAX_USE_DISTRIBUTED_PROCESS_ID.
[2026-06-18 16:54:18,383][absl][INFO] - [process=0][thread=MainThread] Using barrier_sync_fn: <function get_barrier_sync_fn.<locals>.<lambda> at 0x14546f04f9c0> timeout: 1200 secs and primary_host=0 for async checkpoint writes
[2026-06-18 16:54:18,383][absl][INFO] - [process=0] [sync] Started load checkpoint @ /gpfs/home5/sfris1/ltr_datasets/ips_datasets/logging_policy_c10000_ps1p0_pt0p5_bs1p0_drop0rel0_sessallocv2_candfullv2_topx25_maxdocs200_lprdeep_lpsegreedysampler_lppct10p0.
[2026-06-18 16:54:18,386][absl][INFO] - Restoring checkpoint from /gpfs/home5/sfris1/ltr_datasets/ips_datasets/logging_policy_c10000_ps1p0_pt0p5_bs1p0_drop0rel0_sessallocv2_candfullv2_topx25_maxdocs200_lprdeep_lpsegreedysampler_lppct10p0.
[2026-06-18 16:54:18,386][absl][INFO] - [process=0] [sync] Finished blocking load in 0.00 seconds. Continuing load @ /gpfs/home5/sfris1/ltr_datasets/ips_datasets/logging_policy_c10000_ps1p0_pt0p5_bs1p0_drop0rel0_sessallocv2_candfullv2_topx25_maxdocs200_lprdeep_lpsegreedysampler_lppct10p0.
[2026-06-18 16:54:18,401][absl][INFO] - [process=0] /jax/orbax/read/worker/io/requested throughput: 1.925 MiB/s (total gbytes: 21.4 KiB) (time elapsed: 0.010846853256225586 s) (per-host)
[2026-06-18 16:54:18,403][absl][INFO] - [process=0] /jax/checkpoint/read/gbytes_per_sec: 1.294 MiB/s (total gbytes: 21.4 KiB) (time elapsed: 0.016132593154907227 s) (per-host)
[2026-06-18 16:54:18,403][absl][INFO] - [process=0] [sync] Finished load in 0.02 seconds @ /gpfs/home5/sfris1/ltr_datasets/ips_datasets/logging_policy_c10000_ps1p0_pt0p5_bs1p0_drop0rel0_sessallocv2_candfullv2_topx25_maxdocs200_lprdeep_lpsegreedysampler_lppct10p0
[2026-06-18 16:54:22,523][feature_based_propensities_for_ULTR.experiments.data_pipeline][INFO] - Loaded click datasets in 64.86 seconds (train=7500, val=2500, test=0)
[2026-06-18 16:54:22,523][feature_based_propensities_for_ULTR.experiments.data_pipeline][INFO] - Test split is label-only by design; no test click dataset was loaded.
[2026-06-18 16:54:22,523][feature_based_propensities_for_ULTR.data.runtime.alignment][INFO] - Applying data cutoff override: configured=25, natural=25, effective=25
[2026-06-18 16:54:22,524][feature_based_propensities_for_ULTR.data.runtime.alignment][INFO] - Applying data cutoff override: configured=25, natural=25, effective=25
[2026-06-18 16:54:22,613][feature_based_propensities_for_ULTR.data.runtime.aggregation][INFO] - Initializing simulator...
[2026-06-18 16:54:22,614][feature_based_propensities_for_ULTR.data.runtime.aggregation][INFO] - Aggregating train dataset...
[2026-06-18 16:54:27,619][feature_based_propensities_for_ULTR.data.runtime.aggregation][INFO] - Aggregating validation dataset...
[2026-06-18 16:54:30,540][feature_based_propensities_for_ULTR.data.runtime.aggregation][INFO] - Aggregating test dataset from labels only...
[2026-06-18 16:54:31,383][feature_based_propensities_for_ULTR.data.runtime.aggregation][INFO] - Aggregation done in 8.77 seconds
[2026-06-18 16:54:31,383][feature_based_propensities_for_ULTR.data.runtime.aggregation][INFO] - Session usage after aggregation: requested(train=7500,val=2500), actual(train=7500,val=2500,test=0)
[2026-06-18 16:54:31,383][feature_based_propensities_for_ULTR.data.runtime.aggregation][INFO] - Dataset persistence disabled; skipping aggregated dataset cache save.
[2026-06-18 16:54:31,383][feature_based_propensities_for_ULTR.experiments.ips_pipeline][INFO] - Test split uses label-only evaluation; raw test click diagnostics are skipped.
[2026-06-18 16:54:31,435][feature_based_propensities_for_ULTR.experiments.diagnostics][INFO] - [Data] train_docs=2132810, val_docs=707814, test_docs=708921, cutoff=25
[2026-06-18 16:54:31,534][feature_based_propensities_for_ULTR.experiments.diagnostics][INFO] - [Train] clicks=806, displays=182271, ctr=0.0044, ctr_per_doc=0.0044
[2026-06-18 16:54:31,620][feature_based_propensities_for_ULTR.experiments.diagnostics][INFO] - [Validation] clicks=285, displays=60655, ctr=0.0047, ctr_per_doc=0.0047
[2026-06-18 16:54:31,706][feature_based_propensities_for_ULTR.experiments.diagnostics][INFO] - [Test] clicks=0, displays=0, ctr=0.0000, ctr_per_doc=0.0000
[2026-06-18 16:54:31,706][feature_based_propensities_for_ULTR.experiments.ips_pipeline][INFO] - Running estimator pipeline with model='dm'
[2026-06-18 16:54:31,706][feature_based_propensities_for_ULTR.experiments.ips_pipeline][INFO] - Computing position bias (alpha)...
[2026-06-18 16:54:31,725][ultr_bias_toolkit.bias.intervention_harvesting.all_pairs][INFO] - Position bias estimation using global all pairs estimator
[2026-06-18 16:55:21,001][feature_based_propensities_for_ULTR.experiments.position_bias_pipeline][INFO] - Saved estimated position-bias curve to position_bias.json
[2026-06-18 16:55:21,002][feature_based_propensities_for_ULTR.experiments.ips_pipeline][INFO] - Estimated position bias in-run (estimator=global_all_pairs): [ 0.         -0.03926513 -1.3779421  -1.8643535  -2.0229912  -2.2907727
 -3.2069554  -2.3291893  -2.929536   -1.512496   -0.7542248  -2.2015216
 -6.9077554  -3.4833465  -2.2751563  -6.8639493  -6.9077554  -6.9077554
 -6.376425   -3.2766864  -4.3803024  -3.0093148  -3.1639345  -2.0270445
 -2.9891348 ]
[2026-06-18 16:55:21,003][feature_based_propensities_for_ULTR.experiments.propensity_pipeline][INFO] - Computing propensity per doc (method=true_propensity)...
[2026-06-18 16:55:49,892][feature_based_propensities_for_ULTR.experiments.propensity_pipeline][INFO] - Propensity computed in 28.89 seconds
[2026-06-18 16:55:49,893][feature_based_propensities_for_ULTR.experiments.propensity_pipeline][INFO] - Alpha logits: [ 0.         -0.03926513 -1.3779421  -1.8643535  -2.0229912  -2.2907727
 -3.2069554  -2.3291893  -2.929536   -1.512496   -0.7542248  -2.2015216
 -6.9077554  -3.4833465  -2.2751563  -6.8639493  -6.9077554  -6.9077554
 -6.376425   -3.2766864  -4.3803024  -3.0093148  -3.1639345  -2.0270445
 -2.9891348 ]
[2026-06-18 16:55:49,894][feature_based_propensities_for_ULTR.experiments.propensity_pipeline][INFO] - Alpha: [0.5        0.490185   0.2013397  0.13419642 0.11681004 0.09189004
 0.03890482 0.08873419 0.05071265 0.18056917 0.31990144 0.09961392
 0.000999   0.02978981 0.09320152 0.00104369 0.000999   0.000999
 0.0016983  0.0363797  0.01236672 0.04700683 0.04054572 0.11639253
 0.04791915]
[2026-06-18 16:55:49,895][feature_based_propensities_for_ULTR.experiments.propensity_pipeline][INFO] - Propensity clipping disabled.
[2026-06-18 16:55:51,062][feature_based_propensities_for_ULTR.experiments.regression_pipeline][INFO] - Training regression model for DM/DR...
[2026-06-18 16:55:58,453][feature_based_propensities_for_ULTR.experiments.regression_pipeline][INFO] - Regression epoch 3: train_loss=0.292666 val_loss=0.289197
[2026-06-18 16:56:04,783][feature_based_propensities_for_ULTR.experiments.regression_pipeline][INFO] - Regression epoch 6: train_loss=0.285433 val_loss=0.303326
[2026-06-18 16:56:10,858][feature_based_propensities_for_ULTR.experiments.ips_pipeline][INFO] - Computing DM doc weights...
[2026-06-18 16:56:10,858][feature_based_propensities_for_ULTR.experiments.ips_pipeline][INFO] - Doc weights computed in 0.00 seconds
[2026-06-18 16:56:10,868][feature_based_propensities_for_ULTR.experiments.model_pipeline][INFO] - Loading trainer (trainer_type='pl-rank', n_samples=100)...
[2026-06-18 16:56:10,870][feature_based_propensities_for_ULTR.experiments.model_pipeline][INFO] - Trainer loaded in 0.00 seconds
[2026-06-18 16:56:10,871][feature_based_propensities_for_ULTR.experiments.model_pipeline][INFO] - Training model...
[2026-06-18 17:20:57,285][feature_based_propensities_for_ULTR.experiments.ips_pipeline][INFO] - Final evaluation results:
{'metrics': {'CTR': 0.6370500326156616,
             'DCG': 1.757036805152893,
             'NCTR': 0.4108244776725769,
             'NDCG': 0.4596584439277649,
             'NDCG@25': 0.4596584439277649,
             'NRCTR': 0.4108244776725769,
             'RCTR': 0.6370500326156616}}
[2026-06-18 17:20:57,313][submitit][INFO] - Job completed successfully
[2026-06-18 17:20:57,323][submitit][INFO] - Exiting after successful completion
