[2026-04-09 15:48:53,371][jax._src.xla_bridge][ERROR] - Jax plugin configuration error: Exception when calling jax_plugins.xla_cuda12.initialize()
Traceback (most recent call last):
  File "/gpfs/home5/sfris1/two-towers-confounding-project/.venv/lib/python3.11/site-packages/jax/_src/xla_bridge.py", line 485, in discover_pjrt_plugins
    plugin_module.initialize()
  File "/gpfs/home5/sfris1/two-towers-confounding-project/.venv/lib/python3.11/site-packages/jax_plugins/xla_cuda12/__init__.py", line 328, in initialize
    _check_cuda_versions(raise_on_first_error=True)
  File "/gpfs/home5/sfris1/two-towers-confounding-project/.venv/lib/python3.11/site-packages/jax_plugins/xla_cuda12/__init__.py", line 285, in _check_cuda_versions
    local_device_count = cuda_versions.cuda_device_count()
                         ^^^^^^^^^^^^^^^^^^^^^^^^^^^^^^^^^
RuntimeError: jaxlib/cuda/versions_helpers.cc:113: operation cuInit(0) failed: CUDA_ERROR_NO_DEVICE
[2026-04-09 15:48:54,398][two_tower_confounding.experiments.ips_pipeline][WARNING] - wandb.init failed (Error uploading run: returned error 403: {"data":{"upsertBucket":null},"errors":[{"message":"permission denied","path":["upsertBucket"],"extensions":{"code":"PERMISSION_ERROR"}}]}). Continuing with local logging only.
[2026-04-09 15:48:54,399][two_tower_confounding.experiments.ips_pipeline][WARNING] - Disabling wandb for trainer components because initialization failed.
[2026-04-09 15:48:54,399][two_tower_confounding.experiments.config_resolver][WARNING] - test_clicks=500000 is ignored because test_set_mode='label_only'. Set test_set_mode='clicks' to enable legacy click-based test behavior.
[2026-04-09 15:48:54,404][two_tower_confounding.experiments.data_pipeline][INFO] - Loading or generating click datasets...
[2026-04-09 15:50:24,276][absl][INFO] - orbax-checkpoint version: 0.11.25
[2026-04-09 15:50:24,277][absl][INFO] - Created BasePyTreeCheckpointHandler: use_ocdbt=True, use_zarr3=False, pytree_metadata_options=PyTreeMetadataOptions(support_rich_types=False), array_metadata_store=<orbax.checkpoint._src.metadata.array_metadata_store.Store object at 0x1522960c0810>, enable_pinned_host_transfer=False, save_concurrent_bytes: 96000000000 (89.4 GiB), restore_concurrent_bytes: 96000000000 (89.4 GiB)
[2026-04-09 15:50:24,277][absl][INFO] - [thread=MainThread] Failed to get flag value for EXPERIMENTAL_ORBAX_USE_DISTRIBUTED_PROCESS_ID.
[2026-04-09 15:50:24,277][absl][INFO] - [process=0][thread=MainThread] Using barrier_sync_fn: <function get_barrier_sync_fn.<locals>.<lambda> at 0x1521f4d004a0> timeout: 600 secs and primary_host=0 for async checkpoint writes
[2026-04-09 15:50:24,280][absl][INFO] - Restoring checkpoint from /gpfs/home5/sfris1/ltr_datasets/ips_datasets/istella_logging_policy_c10000_ps1p0_pt0p5_bs1p0_drop0rel0_sessallocv2_candfullv2_topx25_maxdocs200_lprdeep_lpsegreedysampler_lppct10p0.
[2026-04-09 15:50:24,303][absl][INFO] - [process=0] /jax/checkpoint/read/gbytes_per_sec: 0 Bytes/s (total gbytes: 31.6 KiB) (time elapsed: 21 milliseconds) (per-host)
[2026-04-09 15:50:24,303][absl][INFO] - Finished restoring checkpoint in 0.03 seconds from /gpfs/home5/sfris1/ltr_datasets/ips_datasets/istella_logging_policy_c10000_ps1p0_pt0p5_bs1p0_drop0rel0_sessallocv2_candfullv2_topx25_maxdocs200_lprdeep_lpsegreedysampler_lppct10p0.
[2026-04-09 15:50:30,039][two_tower_confounding.experiments.data_pipeline][INFO] - Loaded click datasets in 95.63 seconds (train=7274, val=2726, test=0)
[2026-04-09 15:50:30,039][two_tower_confounding.experiments.data_pipeline][INFO] - Test split is label-only by design; no test click dataset was loaded.
[2026-04-09 15:50:30,039][two_tower_confounding.data.runtime.alignment][INFO] - Applying data cutoff override: configured=25, natural=25, effective=25
[2026-04-09 15:50:30,040][two_tower_confounding.data.runtime.alignment][INFO] - Applying data cutoff override: configured=25, natural=25, effective=25
[2026-04-09 15:50:30,168][two_tower_confounding.data.runtime.aggregation][INFO] - Initializing simulator...
[2026-04-09 15:50:30,169][two_tower_confounding.data.runtime.aggregation][INFO] - Aggregating train dataset...
[2026-04-09 15:50:36,987][two_tower_confounding.data.runtime.aggregation][INFO] - Aggregating validation dataset...
[2026-04-09 15:50:40,726][two_tower_confounding.data.runtime.aggregation][INFO] - Aggregating test dataset from labels only...
[2026-04-09 15:50:42,444][two_tower_confounding.data.runtime.aggregation][INFO] - Aggregation done in 12.27 seconds
[2026-04-09 15:50:42,444][two_tower_confounding.data.runtime.aggregation][INFO] - Session usage after aggregation: requested(train=7274,val=2726), actual(train=7274,val=2726,test=0)
[2026-04-09 15:50:42,444][two_tower_confounding.data.runtime.aggregation][INFO] - Dataset persistence disabled; skipping aggregated dataset cache save.
[2026-04-09 15:50:42,444][two_tower_confounding.experiments.ips_pipeline][INFO] - Test split uses label-only evaluation; raw test click diagnostics are skipped.
[2026-04-09 15:50:42,500][two_tower_confounding.experiments.diagnostics][INFO] - [Data] train_docs=2043304, val_docs=684076, test_docs=681250, cutoff=25
[2026-04-09 15:50:42,580][two_tower_confounding.experiments.diagnostics][INFO] - [Train] clicks=1624, displays=181051, ctr=0.0090, ctr_per_doc=0.0090
[2026-04-09 15:50:42,656][two_tower_confounding.experiments.diagnostics][INFO] - [Validation] clicks=551, displays=67767, ctr=0.0081, ctr_per_doc=0.0081
[2026-04-09 15:50:42,729][two_tower_confounding.experiments.diagnostics][INFO] - [Test] clicks=0, displays=0, ctr=0.0000, ctr_per_doc=0.0000
[2026-04-09 15:50:42,729][two_tower_confounding.experiments.ips_pipeline][INFO] - Running estimator pipeline with model='dm'
[2026-04-09 15:50:42,729][two_tower_confounding.experiments.ips_pipeline][INFO] - Computing position bias (alpha)...
[2026-04-09 15:50:42,791][two_tower_confounding.experiments.propensity_pipeline][INFO] - Computing propensity per doc (method=true_propensity)...
[2026-04-09 15:51:09,829][two_tower_confounding.experiments.propensity_pipeline][INFO] - Propensity computed in 27.04 seconds
[2026-04-09 15:51:09,829][two_tower_confounding.experiments.propensity_pipeline][INFO] - Alpha logits: [-0.        -0.6931472 -1.0986123 -1.3862944 -1.609438  -1.7917595
 -1.9459101 -2.0794415 -2.1972246 -2.3025851 -2.3978953 -2.4849067
 -2.5649493 -2.6390574 -2.7080503 -2.7725887 -2.8332133 -2.8903718
 -2.944439  -2.9957323 -3.0445225 -3.0910425 -3.1354942 -3.1780539
 -3.218876 ]
[2026-04-09 15:51:09,831][two_tower_confounding.experiments.propensity_pipeline][INFO] - Alpha: [0.5        0.33333334 0.25       0.2        0.16666667 0.14285715
 0.12500001 0.11111111 0.1        0.09090909 0.08333333 0.07692308
 0.07142857 0.06666666 0.0625     0.05882353 0.05555556 0.05263158
 0.05       0.04761905 0.04545454 0.04347826 0.04166667 0.04
 0.03846154]
[2026-04-09 15:51:09,831][two_tower_confounding.experiments.propensity_pipeline][INFO] - Propensity clipping disabled.
[2026-04-09 15:51:11,385][two_tower_confounding.experiments.regression_pipeline][INFO] - Training regression model for DM/DR...
[2026-04-09 15:51:19,126][two_tower_confounding.experiments.regression_pipeline][INFO] - Regression epoch 3: train_loss=0.182684 val_loss=0.185219
[2026-04-09 15:51:25,632][two_tower_confounding.experiments.regression_pipeline][INFO] - Regression epoch 6: train_loss=0.178570 val_loss=0.184518
[2026-04-09 15:51:31,396][two_tower_confounding.experiments.ips_pipeline][INFO] - Computing DM doc weights...
[2026-04-09 15:51:31,396][two_tower_confounding.experiments.ips_pipeline][INFO] - Doc weights computed in 0.00 seconds
[2026-04-09 15:51:31,403][two_tower_confounding.experiments.model_pipeline][INFO] - Loading trainer (trainer_type='pl-rank', n_samples=100)...
[2026-04-09 15:51:31,405][two_tower_confounding.experiments.model_pipeline][INFO] - Trainer loaded in 0.00 seconds
[2026-04-09 15:51:31,405][two_tower_confounding.experiments.model_pipeline][INFO] - Training model...
[2026-04-09 16:19:33,111][submitit][WARNING] - Bypassing signal SIGTERM
[2026-04-09 16:19:33,112][submitit][WARNING] - Bypassing signal SIGCONT
[2026-06-17 21:28:24,784][feature_based_propensities_for_ULTR.experiments.config_resolver][WARNING] - test_clicks=500000 is ignored because test_set_mode='label_only'. Set test_set_mode='clicks' to enable legacy click-based test behavior.
[2026-06-17 21:28:24,790][feature_based_propensities_for_ULTR.experiments.data_pipeline][INFO] - Loading or generating click datasets...
[2026-06-17 21:29:55,628][absl][INFO] - orbax-checkpoint version: 0.11.40
[2026-06-17 21:29:55,629][absl][INFO] - save_device_host_concurrent_bytes=None
[2026-06-17 21:29:55,629][absl][INFO] - Created BasePyTreeCheckpointHandler: use_ocdbt=True, use_zarr3=False, pytree_metadata_options=PyTreeMetadataOptions(support_rich_types=False), array_metadata_store=<orbax.checkpoint._src.metadata.array_metadata_store.Store object at 0x14c9f13a5150>, enable_pinned_host_transfer=False, save_concurrent_bytes: 96000000000 (89.4 GiB), restore_concurrent_bytes: 96000000000 (89.4 GiB)
[2026-06-17 21:29:55,629][absl][INFO] - [thread=MainThread] Failed to get flag value for EXPERIMENTAL_ORBAX_USE_DISTRIBUTED_PROCESS_ID.
[2026-06-17 21:29:55,629][absl][INFO] - [process=0][thread=MainThread] Using barrier_sync_fn: <function get_barrier_sync_fn.<locals>.<lambda> at 0x14c9525baac0> timeout: 1200 secs and primary_host=0 for async checkpoint writes
[2026-06-17 21:29:55,630][absl][INFO] - [process=0] [sync] Started load checkpoint @ /gpfs/home5/sfris1/ltr_datasets/ips_datasets/istella_logging_policy_c10000_ps1p0_pt0p5_bs1p0_drop0rel0_sessallocv2_candfullv2_topx25_maxdocs200_lprdeep_lpsegreedysampler_lppct10p0.
[2026-06-17 21:29:55,632][absl][INFO] - Restoring checkpoint from /gpfs/home5/sfris1/ltr_datasets/ips_datasets/istella_logging_policy_c10000_ps1p0_pt0p5_bs1p0_drop0rel0_sessallocv2_candfullv2_topx25_maxdocs200_lprdeep_lpsegreedysampler_lppct10p0.
[2026-06-17 21:29:55,632][absl][INFO] - [process=0] [sync] Finished blocking load in 0.00 seconds. Continuing load @ /gpfs/home5/sfris1/ltr_datasets/ips_datasets/istella_logging_policy_c10000_ps1p0_pt0p5_bs1p0_drop0rel0_sessallocv2_candfullv2_topx25_maxdocs200_lprdeep_lpsegreedysampler_lppct10p0.
[2026-06-17 21:29:55,654][absl][INFO] - [process=0] /jax/orbax/read/worker/io/requested throughput: 1.984 MiB/s (total gbytes: 31.6 KiB) (time elapsed: 0.015568017959594727 s) (per-host)
[2026-06-17 21:29:55,656][absl][INFO] - [process=0] /jax/checkpoint/read/gbytes_per_sec: 1.393 MiB/s (total gbytes: 31.6 KiB) (time elapsed: 0.022176742553710938 s) (per-host)
[2026-06-17 21:29:55,656][absl][INFO] - [process=0] [sync] Finished load in 0.03 seconds @ /gpfs/home5/sfris1/ltr_datasets/ips_datasets/istella_logging_policy_c10000_ps1p0_pt0p5_bs1p0_drop0rel0_sessallocv2_candfullv2_topx25_maxdocs200_lprdeep_lpsegreedysampler_lppct10p0
[2026-06-17 21:30:00,903][feature_based_propensities_for_ULTR.experiments.data_pipeline][INFO] - Loaded click datasets in 96.11 seconds (train=7274, val=2726, test=0)
[2026-06-17 21:30:00,903][feature_based_propensities_for_ULTR.experiments.data_pipeline][INFO] - Test split is label-only by design; no test click dataset was loaded.
[2026-06-17 21:30:00,904][feature_based_propensities_for_ULTR.data.runtime.alignment][INFO] - Applying data cutoff override: configured=25, natural=25, effective=25
[2026-06-17 21:30:00,904][feature_based_propensities_for_ULTR.data.runtime.alignment][INFO] - Applying data cutoff override: configured=25, natural=25, effective=25
[2026-06-17 21:30:00,996][feature_based_propensities_for_ULTR.data.runtime.aggregation][INFO] - Initializing simulator...
[2026-06-17 21:30:00,997][feature_based_propensities_for_ULTR.data.runtime.aggregation][INFO] - Aggregating train dataset...
[2026-06-17 21:30:07,411][feature_based_propensities_for_ULTR.data.runtime.aggregation][INFO] - Aggregating validation dataset...
[2026-06-17 21:30:10,713][feature_based_propensities_for_ULTR.data.runtime.aggregation][INFO] - Aggregating test dataset from labels only...
[2026-06-17 21:30:12,165][feature_based_propensities_for_ULTR.data.runtime.aggregation][INFO] - Aggregation done in 11.17 seconds
[2026-06-17 21:30:12,166][feature_based_propensities_for_ULTR.data.runtime.aggregation][INFO] - Session usage after aggregation: requested(train=7274,val=2726), actual(train=7274,val=2726,test=0)
[2026-06-17 21:30:12,166][feature_based_propensities_for_ULTR.data.runtime.aggregation][INFO] - Dataset persistence disabled; skipping aggregated dataset cache save.
[2026-06-17 21:30:12,166][feature_based_propensities_for_ULTR.experiments.ips_pipeline][INFO] - Test split uses label-only evaluation; raw test click diagnostics are skipped.
[2026-06-17 21:30:12,217][feature_based_propensities_for_ULTR.experiments.diagnostics][INFO] - [Data] train_docs=2043304, val_docs=684076, test_docs=681250, cutoff=25
[2026-06-17 21:30:12,315][feature_based_propensities_for_ULTR.experiments.diagnostics][INFO] - [Train] clicks=1624, displays=181051, ctr=0.0090, ctr_per_doc=0.0090
[2026-06-17 21:30:12,408][feature_based_propensities_for_ULTR.experiments.diagnostics][INFO] - [Validation] clicks=551, displays=67767, ctr=0.0081, ctr_per_doc=0.0081
[2026-06-17 21:30:12,499][feature_based_propensities_for_ULTR.experiments.diagnostics][INFO] - [Test] clicks=0, displays=0, ctr=0.0000, ctr_per_doc=0.0000
[2026-06-17 21:30:12,499][feature_based_propensities_for_ULTR.experiments.ips_pipeline][INFO] - Running estimator pipeline with model='dm'
[2026-06-17 21:30:12,499][feature_based_propensities_for_ULTR.experiments.ips_pipeline][INFO] - Computing position bias (alpha)...
[2026-06-17 21:30:12,553][feature_based_propensities_for_ULTR.experiments.propensity_pipeline][INFO] - Computing propensity per doc (method=true_propensity)...
[2026-06-17 21:30:38,838][feature_based_propensities_for_ULTR.experiments.propensity_pipeline][INFO] - Propensity computed in 26.29 seconds
[2026-06-17 21:30:38,838][feature_based_propensities_for_ULTR.experiments.propensity_pipeline][INFO] - Alpha logits: [-0.        -0.6931472 -1.0986123 -1.3862944 -1.609438  -1.7917595
 -1.9459101 -2.0794415 -2.1972246 -2.3025851 -2.3978953 -2.4849067
 -2.5649493 -2.6390574 -2.7080503 -2.7725887 -2.8332133 -2.8903718
 -2.944439  -2.9957323 -3.0445225 -3.0910425 -3.1354942 -3.1780539
 -3.218876 ]
[2026-06-17 21:30:38,839][feature_based_propensities_for_ULTR.experiments.propensity_pipeline][INFO] - Alpha: [0.5        0.33333334 0.25       0.2        0.16666667 0.14285715
 0.12500001 0.11111111 0.1        0.09090909 0.08333333 0.07692308
 0.07142857 0.06666666 0.0625     0.05882353 0.05555556 0.05263158
 0.05       0.04761905 0.04545454 0.04347826 0.04166667 0.04
 0.03846154]
[2026-06-17 21:30:38,839][feature_based_propensities_for_ULTR.experiments.propensity_pipeline][INFO] - Propensity clipping disabled.
[2026-06-17 21:30:39,935][feature_based_propensities_for_ULTR.experiments.regression_pipeline][INFO] - Training regression model for DM/DR...
[2026-06-17 21:30:47,634][feature_based_propensities_for_ULTR.experiments.regression_pipeline][INFO] - Regression epoch 3: train_loss=0.182696 val_loss=0.184986
[2026-06-17 21:30:54,285][feature_based_propensities_for_ULTR.experiments.regression_pipeline][INFO] - Regression epoch 6: train_loss=0.178805 val_loss=0.186564
[2026-06-17 21:31:00,077][feature_based_propensities_for_ULTR.experiments.ips_pipeline][INFO] - Computing DM doc weights...
[2026-06-17 21:31:00,078][feature_based_propensities_for_ULTR.experiments.ips_pipeline][INFO] - Doc weights computed in 0.00 seconds
[2026-06-17 21:31:00,088][feature_based_propensities_for_ULTR.experiments.model_pipeline][INFO] - Loading trainer (trainer_type='pl-rank', n_samples=100)...
[2026-06-17 21:31:00,089][feature_based_propensities_for_ULTR.experiments.model_pipeline][INFO] - Trainer loaded in 0.00 seconds
[2026-06-17 21:31:00,089][feature_based_propensities_for_ULTR.experiments.model_pipeline][INFO] - Training model...
[2026-06-17 21:53:17,864][feature_based_propensities_for_ULTR.experiments.ips_pipeline][INFO] - Final evaluation results:
{'metrics': {'CTR': 1.0157607793807983,
             'DCG': 2.4269747734069824,
             'NCTR': 0.652108907699585,
             'NDCG': 0.708125114440918,
             'NDCG@25': 0.708125114440918,
             'NRCTR': 0.652108907699585,
             'RCTR': 1.0157607793807983}}
[2026-06-17 21:53:17,897][submitit][INFO] - Job completed successfully
[2026-06-17 21:53:17,905][submitit][INFO] - Exiting after successful completion
