[2026-04-22 16:23:22,945][jax._src.xla_bridge][ERROR] - Jax plugin configuration error: Exception when calling jax_plugins.xla_cuda12.initialize()
Traceback (most recent call last):
  File "/gpfs/home5/sfris1/two-towers-confounding-project/.venv/lib/python3.11/site-packages/jax/_src/xla_bridge.py", line 485, in discover_pjrt_plugins
    plugin_module.initialize()
  File "/gpfs/home5/sfris1/two-towers-confounding-project/.venv/lib/python3.11/site-packages/jax_plugins/xla_cuda12/__init__.py", line 328, in initialize
    _check_cuda_versions(raise_on_first_error=True)
  File "/gpfs/home5/sfris1/two-towers-confounding-project/.venv/lib/python3.11/site-packages/jax_plugins/xla_cuda12/__init__.py", line 285, in _check_cuda_versions
    local_device_count = cuda_versions.cuda_device_count()
                         ^^^^^^^^^^^^^^^^^^^^^^^^^^^^^^^^^
RuntimeError: jaxlib/cuda/versions_helpers.cc:113: operation cuInit(0) failed: CUDA_ERROR_NO_DEVICE
[2026-04-22 16:23:23,916][two_tower_confounding.experiments.ips_pipeline][WARNING] - wandb.init failed (Error uploading run: returned error 403: {"data":{"upsertBucket":null},"errors":[{"message":"permission denied","path":["upsertBucket"],"extensions":{"code":"PERMISSION_ERROR"}}]}). Continuing with local logging only.
[2026-04-22 16:23:23,916][two_tower_confounding.experiments.ips_pipeline][WARNING] - Disabling wandb for trainer components because initialization failed.
[2026-04-22 16:23:23,917][two_tower_confounding.experiments.config_resolver][WARNING] - test_clicks=500000 is ignored because test_set_mode='label_only'. Set test_set_mode='clicks' to enable legacy click-based test behavior.
[2026-04-22 16:23:23,924][two_tower_confounding.experiments.data_pipeline][INFO] - Loading or generating click datasets...
[2026-04-22 16:23:48,550][absl][INFO] - orbax-checkpoint version: 0.11.25
[2026-04-22 16:23:48,551][absl][INFO] - Created BasePyTreeCheckpointHandler: use_ocdbt=True, use_zarr3=False, pytree_metadata_options=PyTreeMetadataOptions(support_rich_types=False), array_metadata_store=<orbax.checkpoint._src.metadata.array_metadata_store.Store object at 0x14e7aebd0e50>, enable_pinned_host_transfer=False, save_concurrent_bytes: 96000000000 (89.4 GiB), restore_concurrent_bytes: 96000000000 (89.4 GiB)
[2026-04-22 16:23:48,551][absl][INFO] - [thread=MainThread] Failed to get flag value for EXPERIMENTAL_ORBAX_USE_DISTRIBUTED_PROCESS_ID.
[2026-04-22 16:23:48,551][absl][INFO] - [process=0][thread=MainThread] Using barrier_sync_fn: <function get_barrier_sync_fn.<locals>.<lambda> at 0x14e6e7035300> timeout: 600 secs and primary_host=0 for async checkpoint writes
[2026-04-22 16:23:48,553][absl][INFO] - Restoring checkpoint from /gpfs/home5/sfris1/ltr_datasets/ips_datasets/logging_policy_c100000_ps1p0_pt0p5_bs1p0_drop0rel0_sessallocv2_candfullv2_topx25_maxdocs80_lprdeep_lpsegreedysampler_lppct10p0.
[2026-04-22 16:23:48,578][absl][INFO] - [process=0] /jax/checkpoint/read/gbytes_per_sec: 0 Bytes/s (total gbytes: 91.8 KiB) (time elapsed: 23 milliseconds) (per-host)
[2026-04-22 16:23:48,578][absl][INFO] - Finished restoring checkpoint in 0.03 seconds from /gpfs/home5/sfris1/ltr_datasets/ips_datasets/logging_policy_c100000_ps1p0_pt0p5_bs1p0_drop0rel0_sessallocv2_candfullv2_topx25_maxdocs80_lprdeep_lpsegreedysampler_lppct10p0.
[2026-04-22 16:24:00,079][two_tower_confounding.experiments.data_pipeline][INFO] - Loaded click datasets in 36.16 seconds (train=86947, val=13053, test=0)
[2026-04-22 16:24:00,080][two_tower_confounding.experiments.data_pipeline][INFO] - Test split is label-only by design; no test click dataset was loaded.
[2026-04-22 16:24:00,080][two_tower_confounding.data.runtime.alignment][INFO] - Applying data cutoff override: configured=25, natural=25, effective=25
[2026-04-22 16:24:00,080][two_tower_confounding.data.runtime.alignment][INFO] - Applying data cutoff override: configured=25, natural=25, effective=25
[2026-04-22 16:24:00,204][two_tower_confounding.data.runtime.aggregation][INFO] - Initializing simulator...
[2026-04-22 16:24:00,205][two_tower_confounding.data.runtime.aggregation][INFO] - Aggregating train dataset...
[2026-04-22 16:24:06,983][two_tower_confounding.data.runtime.aggregation][INFO] - Aggregating validation dataset...
[2026-04-22 16:24:10,138][two_tower_confounding.data.runtime.aggregation][INFO] - Aggregating test dataset from labels only...
[2026-04-22 16:24:11,846][two_tower_confounding.data.runtime.aggregation][INFO] - Aggregation done in 11.64 seconds
[2026-04-22 16:24:11,846][two_tower_confounding.data.runtime.aggregation][INFO] - Session usage after aggregation: requested(train=86947,val=13053), actual(train=86947,val=13053,test=0)
[2026-04-22 16:24:11,846][two_tower_confounding.data.runtime.aggregation][INFO] - Dataset persistence disabled; skipping aggregated dataset cache save.
[2026-04-22 16:24:11,846][two_tower_confounding.experiments.ips_pipeline][INFO] - Test split uses label-only evaluation; raw test click diagnostics are skipped.
[2026-04-22 16:24:11,873][two_tower_confounding.experiments.diagnostics][INFO] - [Data] train_docs=470251, val_docs=70687, test_docs=164676, cutoff=25
[2026-04-22 16:24:11,944][two_tower_confounding.experiments.diagnostics][INFO] - [Train] clicks=13326, displays=1477765, ctr=0.0090, ctr_per_doc=0.0090
[2026-04-22 16:24:12,014][two_tower_confounding.experiments.diagnostics][INFO] - [Validation] clicks=1998, displays=220489, ctr=0.0091, ctr_per_doc=0.0091
[2026-04-22 16:24:12,083][two_tower_confounding.experiments.diagnostics][INFO] - [Test] clicks=0, displays=0, ctr=0.0000, ctr_per_doc=0.0000
[2026-04-22 16:24:12,083][two_tower_confounding.experiments.ips_pipeline][INFO] - Running estimator pipeline with model='ips'
[2026-04-22 16:24:12,083][two_tower_confounding.experiments.ips_pipeline][INFO] - Computing position bias (alpha)...
[2026-04-22 16:24:12,089][submitit][INFO] - Job completed successfully
[2026-04-22 16:24:12,099][submitit][INFO] - Exiting after successful completion
[2026-04-22 16:48:10,441][jax._src.xla_bridge][ERROR] - Jax plugin configuration error: Exception when calling jax_plugins.xla_cuda12.initialize()
Traceback (most recent call last):
  File "/gpfs/home5/sfris1/two-towers-confounding-project/.venv/lib/python3.11/site-packages/jax/_src/xla_bridge.py", line 485, in discover_pjrt_plugins
    plugin_module.initialize()
  File "/gpfs/home5/sfris1/two-towers-confounding-project/.venv/lib/python3.11/site-packages/jax_plugins/xla_cuda12/__init__.py", line 328, in initialize
    _check_cuda_versions(raise_on_first_error=True)
  File "/gpfs/home5/sfris1/two-towers-confounding-project/.venv/lib/python3.11/site-packages/jax_plugins/xla_cuda12/__init__.py", line 285, in _check_cuda_versions
    local_device_count = cuda_versions.cuda_device_count()
                         ^^^^^^^^^^^^^^^^^^^^^^^^^^^^^^^^^
RuntimeError: jaxlib/cuda/versions_helpers.cc:113: operation cuInit(0) failed: CUDA_ERROR_NO_DEVICE
[2026-04-22 16:48:11,385][two_tower_confounding.experiments.ips_pipeline][WARNING] - wandb.init failed (Error uploading run: returned error 403: {"data":{"upsertBucket":null},"errors":[{"message":"permission denied","path":["upsertBucket"],"extensions":{"code":"PERMISSION_ERROR"}}]}). Continuing with local logging only.
[2026-04-22 16:48:11,386][two_tower_confounding.experiments.ips_pipeline][WARNING] - Disabling wandb for trainer components because initialization failed.
[2026-04-22 16:48:11,386][two_tower_confounding.experiments.config_resolver][WARNING] - test_clicks=500000 is ignored because test_set_mode='label_only'. Set test_set_mode='clicks' to enable legacy click-based test behavior.
[2026-04-22 16:48:11,393][two_tower_confounding.experiments.data_pipeline][INFO] - Loading or generating click datasets...
[2026-04-22 16:48:35,013][absl][INFO] - orbax-checkpoint version: 0.11.25
[2026-04-22 16:48:35,014][absl][INFO] - Created BasePyTreeCheckpointHandler: use_ocdbt=True, use_zarr3=False, pytree_metadata_options=PyTreeMetadataOptions(support_rich_types=False), array_metadata_store=<orbax.checkpoint._src.metadata.array_metadata_store.Store object at 0x1459a9501d90>, enable_pinned_host_transfer=False, save_concurrent_bytes: 96000000000 (89.4 GiB), restore_concurrent_bytes: 96000000000 (89.4 GiB)
[2026-04-22 16:48:35,015][absl][INFO] - [thread=MainThread] Failed to get flag value for EXPERIMENTAL_ORBAX_USE_DISTRIBUTED_PROCESS_ID.
[2026-04-22 16:48:35,015][absl][INFO] - [process=0][thread=MainThread] Using barrier_sync_fn: <function get_barrier_sync_fn.<locals>.<lambda> at 0x1458e998d300> timeout: 600 secs and primary_host=0 for async checkpoint writes
[2026-04-22 16:48:35,018][absl][INFO] - Restoring checkpoint from /gpfs/home5/sfris1/ltr_datasets/ips_datasets/logging_policy_c100000_ps1p0_pt0p5_bs1p0_drop0rel0_sessallocv2_candfullv2_topx25_maxdocs80_lprdeep_lpsegreedysampler_lppct10p0.
[2026-04-22 16:48:35,038][absl][INFO] - [process=0] /jax/checkpoint/read/gbytes_per_sec: 0 Bytes/s (total gbytes: 91.8 KiB) (time elapsed: 19 milliseconds) (per-host)
[2026-04-22 16:48:35,038][absl][INFO] - Finished restoring checkpoint in 0.02 seconds from /gpfs/home5/sfris1/ltr_datasets/ips_datasets/logging_policy_c100000_ps1p0_pt0p5_bs1p0_drop0rel0_sessallocv2_candfullv2_topx25_maxdocs80_lprdeep_lpsegreedysampler_lppct10p0.
[2026-04-22 16:48:46,835][two_tower_confounding.experiments.data_pipeline][INFO] - Loaded click datasets in 35.44 seconds (train=86947, val=13053, test=0)
[2026-04-22 16:48:46,835][two_tower_confounding.experiments.data_pipeline][INFO] - Test split is label-only by design; no test click dataset was loaded.
[2026-04-22 16:48:46,835][two_tower_confounding.data.runtime.alignment][INFO] - Applying data cutoff override: configured=25, natural=25, effective=25
[2026-04-22 16:48:46,836][two_tower_confounding.data.runtime.alignment][INFO] - Applying data cutoff override: configured=25, natural=25, effective=25
[2026-04-22 16:48:46,959][two_tower_confounding.data.runtime.aggregation][INFO] - Initializing simulator...
[2026-04-22 16:48:46,960][two_tower_confounding.data.runtime.aggregation][INFO] - Aggregating train dataset...
[2026-04-22 16:48:53,742][two_tower_confounding.data.runtime.aggregation][INFO] - Aggregating validation dataset...
[2026-04-22 16:48:56,961][two_tower_confounding.data.runtime.aggregation][INFO] - Aggregating test dataset from labels only...
[2026-04-22 16:48:58,949][two_tower_confounding.data.runtime.aggregation][INFO] - Aggregation done in 11.99 seconds
[2026-04-22 16:48:58,950][two_tower_confounding.data.runtime.aggregation][INFO] - Session usage after aggregation: requested(train=86947,val=13053), actual(train=86947,val=13053,test=0)
[2026-04-22 16:48:58,950][two_tower_confounding.data.runtime.aggregation][INFO] - Dataset persistence disabled; skipping aggregated dataset cache save.
[2026-04-22 16:48:58,950][two_tower_confounding.experiments.ips_pipeline][INFO] - Test split uses label-only evaluation; raw test click diagnostics are skipped.
[2026-04-22 16:48:58,975][two_tower_confounding.experiments.diagnostics][INFO] - [Data] train_docs=470251, val_docs=70687, test_docs=164676, cutoff=25
[2026-04-22 16:48:59,047][two_tower_confounding.experiments.diagnostics][INFO] - [Train] clicks=13326, displays=1477765, ctr=0.0090, ctr_per_doc=0.0090
[2026-04-22 16:48:59,117][two_tower_confounding.experiments.diagnostics][INFO] - [Validation] clicks=1998, displays=220489, ctr=0.0091, ctr_per_doc=0.0091
[2026-04-22 16:48:59,191][two_tower_confounding.experiments.diagnostics][INFO] - [Test] clicks=0, displays=0, ctr=0.0000, ctr_per_doc=0.0000
[2026-04-22 16:48:59,191][two_tower_confounding.experiments.ips_pipeline][INFO] - Running estimator pipeline with model='ips'
[2026-04-22 16:48:59,191][two_tower_confounding.experiments.ips_pipeline][INFO] - Computing position bias (alpha)...
[2026-04-22 16:48:59,198][two_tower_confounding.experiments.ips_pipeline][INFO] - Loaded CSV position bias from /gpfs/home5/sfris1/Doubly-Robust-Optimization-With-Two-Tower-Models/results/position_bias_csv_smoke.csv (method=ctr): [ 0.        -0.8516505 -1.369954  -1.6543572 -1.9565722 -2.1049669
 -2.3728406 -2.413449  -2.5263228 -2.6814098 -2.821046  -2.9396124
 -3.0816176 -3.1708205 -3.2345896 -3.0130436 -3.4126163 -3.309676
 -3.351216  -3.4790862 -3.4899235 -3.5636754 -3.5932357 -3.639966
 -3.5878994]
[2026-04-22 16:48:59,199][two_tower_confounding.experiments.propensity_pipeline][INFO] - Computing propensity per doc (method=frequency_based)...
[2026-04-22 16:50:00,252][two_tower_confounding.experiments.propensity_pipeline][INFO] - Propensity computed in 61.05 seconds
[2026-04-22 16:50:00,257][two_tower_confounding.experiments.propensity_pipeline][INFO] - Alpha logits: [ 0.        -0.8516505 -1.369954  -1.6543572 -1.9565722 -2.1049669
 -2.3728406 -2.413449  -2.5263228 -2.6814098 -2.821046  -2.9396124
 -3.0816176 -3.1708205 -3.2345896 -3.0130436 -3.4126163 -3.309676
 -3.351216  -3.4790862 -3.4899235 -3.5636754 -3.5932357 -3.639966
 -3.5878994]
[2026-04-22 16:50:00,258][two_tower_confounding.experiments.propensity_pipeline][INFO] - Alpha: [0.5        0.29908675 0.20262729 0.16052093 0.1238385  0.108615
 0.08526732 0.08215287 0.07403333 0.06407927 0.05619742 0.05022976
 0.04387191 0.04027869 0.0378846  0.04684007 0.03190349 0.03524074
 0.03385536 0.02991319 0.02960031 0.02755377 0.02677268 0.02558163
 0.02691207]
[2026-04-22 16:50:00,259][two_tower_confounding.experiments.propensity_pipeline][INFO] - Propensity clipping disabled.
[2026-04-22 16:50:00,259][two_tower_confounding.experiments.ips_pipeline][INFO] - Computing IPS doc weights...
[2026-04-22 16:50:00,926][two_tower_confounding.experiments.ips_pipeline][INFO] - Doc weights computed in 0.67 seconds
[2026-04-22 16:50:00,931][two_tower_confounding.experiments.model_pipeline][INFO] - Loading trainer (trainer_type='pl-rank', n_samples=100)...
[2026-04-22 16:50:00,933][two_tower_confounding.experiments.model_pipeline][INFO] - Trainer loaded in 0.00 seconds
[2026-04-22 16:50:00,933][two_tower_confounding.experiments.model_pipeline][INFO] - Training model...
[2026-04-22 17:01:26,273][two_tower_confounding.experiments.ips_pipeline][INFO] - Final evaluation results:
{'metrics': {'CTR': 0.7193644046783447,
             'DCG': 2.179408073425293,
             'NCTR': 0.7224016189575195,
             'NDCG': 0.7839662432670593,
             'NDCG@25': 0.7839662432670593,
             'NRCTR': 0.7224016189575195,
             'RCTR': 0.7193644046783447}}
[2026-04-22 17:01:26,326][submitit][INFO] - Job completed successfully
[2026-04-22 17:01:26,342][submitit][INFO] - Exiting after successful completion
[2026-05-02 18:24:51,240][two_tower_confounding.experiments.config_resolver][WARNING] - test_clicks=500000 is ignored because test_set_mode='label_only'. Set test_set_mode='clicks' to enable legacy click-based test behavior.
[2026-05-02 18:24:51,248][two_tower_confounding.experiments.data_pipeline][INFO] - Loading or generating click datasets...
[2026-05-02 18:25:15,584][absl][INFO] - orbax-checkpoint version: 0.11.37
[2026-05-02 18:25:15,585][absl][INFO] - save_device_host_concurrent_bytes=None
[2026-05-02 18:25:15,586][absl][INFO] - Created BasePyTreeCheckpointHandler: use_ocdbt=True, use_zarr3=False, pytree_metadata_options=PyTreeMetadataOptions(support_rich_types=False), array_metadata_store=<orbax.checkpoint._src.metadata.array_metadata_store.Store object at 0x14574c10bed0>, enable_pinned_host_transfer=False, save_concurrent_bytes: 96000000000 (89.4 GiB), restore_concurrent_bytes: 96000000000 (89.4 GiB)
[2026-05-02 18:25:15,586][absl][INFO] - [thread=MainThread] Failed to get flag value for EXPERIMENTAL_ORBAX_USE_DISTRIBUTED_PROCESS_ID.
[2026-05-02 18:25:15,586][absl][INFO] - [process=0][thread=MainThread] Using barrier_sync_fn: <function get_barrier_sync_fn.<locals>.<lambda> at 0x1456a9751800> timeout: 1200 secs and primary_host=0 for async checkpoint writes
[2026-05-02 18:25:15,586][absl][INFO] - [process=0] [sync] Started load checkpoint @ /gpfs/home5/sfris1/ltr_datasets/ips_datasets/logging_policy_c100000_ps1p0_pt0p5_bs1p0_drop0rel0_sessallocv2_candfullv2_topx25_maxdocs80_lprdeep_lpsegreedysampler_lppct10p0.
[2026-05-02 18:25:15,588][absl][INFO] - Restoring checkpoint from /gpfs/home5/sfris1/ltr_datasets/ips_datasets/logging_policy_c100000_ps1p0_pt0p5_bs1p0_drop0rel0_sessallocv2_candfullv2_topx25_maxdocs80_lprdeep_lpsegreedysampler_lppct10p0.
[2026-05-02 18:25:15,600][absl][INFO] - [process=0] [sync] Finished blocking load in 0.01 seconds. Continuing load @ /gpfs/home5/sfris1/ltr_datasets/ips_datasets/logging_policy_c100000_ps1p0_pt0p5_bs1p0_drop0rel0_sessallocv2_candfullv2_topx25_maxdocs80_lprdeep_lpsegreedysampler_lppct10p0.
[2026-05-02 18:25:15,619][absl][INFO] - [process=0] /jax/orbax/read/worker/io/requested throughput: 7.151 MiB/s (total gbytes: 91.8 KiB) (time elapsed: 0.012529850006103516 s) (per-host)
[2026-05-02 18:25:15,620][absl][INFO] - [process=0] /jax/checkpoint/read/gbytes_per_sec: 4.717 MiB/s (total gbytes: 91.8 KiB) (time elapsed: 0.018996477127075195 s) (per-host)
[2026-05-02 18:25:15,620][absl][INFO] - [process=0] [sync] Finished load in 0.03 seconds @ /gpfs/home5/sfris1/ltr_datasets/ips_datasets/logging_policy_c100000_ps1p0_pt0p5_bs1p0_drop0rel0_sessallocv2_candfullv2_topx25_maxdocs80_lprdeep_lpsegreedysampler_lppct10p0
[2026-05-02 18:25:26,926][two_tower_confounding.experiments.data_pipeline][INFO] - Loaded click datasets in 35.68 seconds (train=86947, val=13053, test=0)
[2026-05-02 18:25:26,927][two_tower_confounding.experiments.data_pipeline][INFO] - Test split is label-only by design; no test click dataset was loaded.
[2026-05-02 18:25:26,927][two_tower_confounding.data.runtime.alignment][INFO] - Applying data cutoff override: configured=25, natural=25, effective=25
[2026-05-02 18:25:26,927][two_tower_confounding.data.runtime.alignment][INFO] - Applying data cutoff override: configured=25, natural=25, effective=25
[2026-05-02 18:25:27,020][two_tower_confounding.data.runtime.aggregation][INFO] - Initializing simulator...
[2026-05-02 18:25:27,021][two_tower_confounding.data.runtime.aggregation][INFO] - Aggregating train dataset...
[2026-05-02 18:25:33,319][two_tower_confounding.data.runtime.aggregation][INFO] - Aggregating validation dataset...
[2026-05-02 18:25:35,808][two_tower_confounding.data.runtime.aggregation][INFO] - Aggregating test dataset from labels only...
[2026-05-02 18:25:37,589][two_tower_confounding.data.runtime.aggregation][INFO] - Aggregation done in 10.57 seconds
[2026-05-02 18:25:37,589][two_tower_confounding.data.runtime.aggregation][INFO] - Session usage after aggregation: requested(train=86947,val=13053), actual(train=86947,val=13053,test=0)
[2026-05-02 18:25:37,589][two_tower_confounding.data.runtime.aggregation][INFO] - Dataset persistence disabled; skipping aggregated dataset cache save.
[2026-05-02 18:25:37,589][two_tower_confounding.experiments.ips_pipeline][INFO] - Test split uses label-only evaluation; raw test click diagnostics are skipped.
[2026-05-02 18:25:37,614][two_tower_confounding.experiments.diagnostics][INFO] - [Data] train_docs=470251, val_docs=70687, test_docs=164676, cutoff=25
[2026-05-02 18:25:37,703][two_tower_confounding.experiments.diagnostics][INFO] - [Train] clicks=13326, displays=1477765, ctr=0.0090, ctr_per_doc=0.0090
[2026-05-02 18:25:37,784][two_tower_confounding.experiments.diagnostics][INFO] - [Validation] clicks=1998, displays=220489, ctr=0.0091, ctr_per_doc=0.0091
[2026-05-02 18:25:37,898][two_tower_confounding.experiments.diagnostics][INFO] - [Test] clicks=0, displays=0, ctr=0.0000, ctr_per_doc=0.0000
[2026-05-02 18:25:37,898][two_tower_confounding.experiments.ips_pipeline][INFO] - Running estimator pipeline with model='ips'
[2026-05-02 18:25:37,898][two_tower_confounding.experiments.ips_pipeline][INFO] - Computing position bias (alpha)...
[2026-05-02 18:25:37,905][two_tower_confounding.experiments.ips_pipeline][INFO] - Loaded CSV position bias from /gpfs/home5/sfris1/Doubly-Robust-Optimization-With-Two-Tower-Models/results/position_bias_csv_smoke.csv (method=ctr): [ 0.        -0.8516505 -1.369954  -1.6543572 -1.9565722 -2.1049669
 -2.3728406 -2.413449  -2.5263228 -2.6814098 -2.821046  -2.9396124
 -3.0816176 -3.1708205 -3.2345896 -3.0130436 -3.4126163 -3.309676
 -3.351216  -3.4790862 -3.4899235 -3.5636754 -3.5932357 -3.639966
 -3.5878994]
[2026-05-02 18:25:37,906][two_tower_confounding.experiments.propensity_pipeline][INFO] - Computing propensity per doc (method=frequency_based)...
[2026-05-02 18:26:40,269][two_tower_confounding.experiments.propensity_pipeline][INFO] - Propensity computed in 62.36 seconds
[2026-05-02 18:26:40,270][two_tower_confounding.experiments.propensity_pipeline][INFO] - Alpha logits: [ 0.        -0.8516505 -1.369954  -1.6543572 -1.9565722 -2.1049669
 -2.3728406 -2.413449  -2.5263228 -2.6814098 -2.821046  -2.9396124
 -3.0816176 -3.1708205 -3.2345896 -3.0130436 -3.4126163 -3.309676
 -3.351216  -3.4790862 -3.4899235 -3.5636754 -3.5932357 -3.639966
 -3.5878994]
[2026-05-02 18:26:40,271][two_tower_confounding.experiments.propensity_pipeline][INFO] - Alpha: [0.5        0.29908675 0.20262729 0.16052093 0.1238385  0.108615
 0.08526732 0.08215287 0.07403333 0.06407927 0.05619742 0.05022976
 0.04387191 0.04027869 0.0378846  0.04684007 0.03190349 0.03524074
 0.03385536 0.02991319 0.02960031 0.02755377 0.02677268 0.02558163
 0.02691207]
[2026-05-02 18:26:40,272][two_tower_confounding.experiments.propensity_pipeline][INFO] - Propensity clipping disabled.
[2026-05-02 18:26:40,272][two_tower_confounding.experiments.ips_pipeline][INFO] - Computing IPS doc weights...
[2026-05-02 18:26:40,736][two_tower_confounding.experiments.ips_pipeline][INFO] - Doc weights computed in 0.46 seconds
[2026-05-02 18:26:40,744][two_tower_confounding.experiments.model_pipeline][INFO] - Loading trainer (trainer_type='pl-rank', n_samples=100)...
[2026-05-02 18:26:40,745][two_tower_confounding.experiments.model_pipeline][INFO] - Trainer loaded in 0.00 seconds
[2026-05-02 18:26:40,745][two_tower_confounding.experiments.model_pipeline][INFO] - Training model...
[2026-05-02 18:41:31,375][two_tower_confounding.experiments.ips_pipeline][INFO] - Final evaluation results:
{'metrics': {'CTR': 0.7219662070274353,
             'DCG': 2.18463134765625,
             'NCTR': 0.7248170971870422,
             'NDCG': 0.7857807874679565,
             'NDCG@25': 0.7857807874679565,
             'NRCTR': 0.7248170971870422,
             'RCTR': 0.7219662070274353}}
[2026-05-02 18:41:31,400][submitit][INFO] - Job completed successfully
[2026-05-02 18:41:31,413][submitit][INFO] - Exiting after successful completion
