[2026-05-05 10:53:57,375][two_tower_confounding.experiments.config_resolver][WARNING] - test_clicks=500000 is ignored because test_set_mode='label_only'. Set test_set_mode='clicks' to enable legacy click-based test behavior.
[2026-05-05 10:53:57,381][two_tower_confounding.experiments.data_pipeline][INFO] - Loading or generating click datasets...
[2026-05-05 10:54:21,135][absl][INFO] - orbax-checkpoint version: 0.11.37
[2026-05-05 10:54:21,135][absl][INFO] - save_device_host_concurrent_bytes=None
[2026-05-05 10:54:21,135][absl][INFO] - Created BasePyTreeCheckpointHandler: use_ocdbt=True, use_zarr3=False, pytree_metadata_options=PyTreeMetadataOptions(support_rich_types=False), array_metadata_store=<orbax.checkpoint._src.metadata.array_metadata_store.Store object at 0x153f868abd50>, enable_pinned_host_transfer=False, save_concurrent_bytes: 96000000000 (89.4 GiB), restore_concurrent_bytes: 96000000000 (89.4 GiB)
[2026-05-05 10:54:21,136][absl][INFO] - [thread=MainThread] Failed to get flag value for EXPERIMENTAL_ORBAX_USE_DISTRIBUTED_PROCESS_ID.
[2026-05-05 10:54:21,136][absl][INFO] - [process=0][thread=MainThread] Using barrier_sync_fn: <function get_barrier_sync_fn.<locals>.<lambda> at 0x153ee6e89800> timeout: 1200 secs and primary_host=0 for async checkpoint writes
[2026-05-05 10:54:21,136][absl][INFO] - [process=0] [sync] Started load checkpoint @ /gpfs/home5/sfris1/ltr_datasets/ips_datasets/logging_policy_c100000_ps1p0_pt0p5_bs1p0_drop0rel0_sessallocv2_candfullv2_topx25_maxdocs80_lprdeep_lpsegreedysampler_lppct10p0.
[2026-05-05 10:54:21,138][absl][INFO] - Restoring checkpoint from /gpfs/home5/sfris1/ltr_datasets/ips_datasets/logging_policy_c100000_ps1p0_pt0p5_bs1p0_drop0rel0_sessallocv2_candfullv2_topx25_maxdocs80_lprdeep_lpsegreedysampler_lppct10p0.
[2026-05-05 10:54:21,138][absl][INFO] - [process=0] [sync] Finished blocking load in 0.00 seconds. Continuing load @ /gpfs/home5/sfris1/ltr_datasets/ips_datasets/logging_policy_c100000_ps1p0_pt0p5_bs1p0_drop0rel0_sessallocv2_candfullv2_topx25_maxdocs80_lprdeep_lpsegreedysampler_lppct10p0.
[2026-05-05 10:54:21,154][absl][INFO] - [process=0] /jax/orbax/read/worker/io/requested throughput: 8.357 MiB/s (total gbytes: 91.8 KiB) (time elapsed: 0.01072239875793457 s) (per-host)
[2026-05-05 10:54:21,155][absl][INFO] - [process=0] /jax/checkpoint/read/gbytes_per_sec: 5.515 MiB/s (total gbytes: 91.8 KiB) (time elapsed: 0.016247272491455078 s) (per-host)
[2026-05-05 10:54:21,156][absl][INFO] - [process=0] [sync] Finished load in 0.02 seconds @ /gpfs/home5/sfris1/ltr_datasets/ips_datasets/logging_policy_c100000_ps1p0_pt0p5_bs1p0_drop0rel0_sessallocv2_candfullv2_topx25_maxdocs80_lprdeep_lpsegreedysampler_lppct10p0
[2026-05-05 10:54:32,299][two_tower_confounding.experiments.data_pipeline][INFO] - Loaded click datasets in 34.92 seconds (train=86947, val=13053, test=0)
[2026-05-05 10:54:32,299][two_tower_confounding.experiments.data_pipeline][INFO] - Test split is label-only by design; no test click dataset was loaded.
[2026-05-05 10:54:32,300][two_tower_confounding.data.runtime.alignment][INFO] - Applying data cutoff override: configured=25, natural=25, effective=25
[2026-05-05 10:54:32,300][two_tower_confounding.data.runtime.alignment][INFO] - Applying data cutoff override: configured=25, natural=25, effective=25
[2026-05-05 10:54:32,391][two_tower_confounding.data.runtime.aggregation][INFO] - Initializing simulator...
[2026-05-05 10:54:32,391][two_tower_confounding.data.runtime.aggregation][INFO] - Aggregating train dataset...
[2026-05-05 10:54:38,555][two_tower_confounding.data.runtime.aggregation][INFO] - Aggregating validation dataset...
[2026-05-05 10:54:41,005][two_tower_confounding.data.runtime.aggregation][INFO] - Aggregating test dataset from labels only...
[2026-05-05 10:54:42,807][two_tower_confounding.data.runtime.aggregation][INFO] - Aggregation done in 10.42 seconds
[2026-05-05 10:54:42,808][two_tower_confounding.data.runtime.aggregation][INFO] - Session usage after aggregation: requested(train=86947,val=13053), actual(train=86947,val=13053,test=0)
[2026-05-05 10:54:42,808][two_tower_confounding.data.runtime.aggregation][INFO] - Dataset persistence disabled; skipping aggregated dataset cache save.
[2026-05-05 10:54:42,808][two_tower_confounding.experiments.ips_pipeline][INFO] - Test split uses label-only evaluation; raw test click diagnostics are skipped.
[2026-05-05 10:54:42,832][two_tower_confounding.experiments.diagnostics][INFO] - [Data] train_docs=470251, val_docs=70687, test_docs=164676, cutoff=25
[2026-05-05 10:54:42,920][two_tower_confounding.experiments.diagnostics][INFO] - [Train] clicks=13259, displays=1470025, ctr=0.0090, ctr_per_doc=0.0090
[2026-05-05 10:54:43,001][two_tower_confounding.experiments.diagnostics][INFO] - [Validation] clicks=1920, displays=219403, ctr=0.0088, ctr_per_doc=0.0088
[2026-05-05 10:54:43,116][two_tower_confounding.experiments.diagnostics][INFO] - [Test] clicks=0, displays=0, ctr=0.0000, ctr_per_doc=0.0000
[2026-05-05 10:54:43,116][two_tower_confounding.experiments.ips_pipeline][INFO] - Running estimator pipeline with model='dr'
[2026-05-05 10:54:43,116][two_tower_confounding.experiments.ips_pipeline][INFO] - Computing position bias (alpha)...
[2026-05-05 10:54:43,124][two_tower_confounding.experiments.ips_pipeline][INFO] - Loaded CSV position bias from /gpfs/home5/sfris1/Doubly-Robust-Optimization-With-Two-Tower-Models/results/position_bias_csv_smoke.csv (method=adjacent_chain): [ 0.         -0.61061436 -0.9636136  -1.3918216  -1.8466424  -2.0047195
 -2.345135   -2.410578   -2.5700867  -2.8911116  -3.2466629  -3.20286
 -2.7213922  -2.6307952  -2.436438   -2.3167303  -2.5692418  -1.9294696
 -1.5668246  -2.3777547  -1.2193924  -0.3031017   0.64597887  0.64597887
  0.6859842 ]
[2026-05-05 10:54:43,125][two_tower_confounding.experiments.propensity_pipeline][INFO] - Computing propensity per doc (method=true_propensity)...
[2026-05-05 10:55:44,356][two_tower_confounding.experiments.propensity_pipeline][INFO] - Propensity computed in 61.23 seconds
[2026-05-05 10:55:44,356][two_tower_confounding.experiments.propensity_pipeline][INFO] - Alpha logits: [ 0.         -0.61061436 -0.9636136  -1.3918216  -1.8466424  -2.0047195
 -2.345135   -2.410578   -2.5700867  -2.8911116  -3.2466629  -3.20286
 -2.7213922  -2.6307952  -2.436438   -2.3167303  -2.5692418  -1.9294696
 -1.5668246  -2.3777547  -1.2193924  -0.3031017   0.64597887  0.64597887
  0.6859842 ]
[2026-05-05 10:55:44,357][two_tower_confounding.experiments.propensity_pipeline][INFO] - Alpha: [0.5        0.35191908 0.27615526 0.1991171  0.1362676  0.11870829
 0.08745325 0.08236962 0.07108858 0.0525947  0.03744699 0.03905823
 0.06172279 0.06718259 0.08043598 0.08974682 0.0711444  0.1268093
 0.17266956 0.08488481 0.22804339 0.4247994  0.65610373 0.65610373
 0.665073  ]
[2026-05-05 10:55:44,358][two_tower_confounding.experiments.propensity_pipeline][INFO] - Propensity clipping disabled.
[2026-05-05 10:55:44,358][two_tower_confounding.experiments.propensity_pipeline][INFO] - Computing propensity per doc (method=frequency_based)...
[2026-05-05 10:56:43,520][two_tower_confounding.experiments.propensity_pipeline][INFO] - Propensity computed in 59.16 seconds
[2026-05-05 10:56:43,520][two_tower_confounding.experiments.propensity_pipeline][INFO] - Alpha logits: [ 0.         -0.61061436 -0.9636136  -1.3918216  -1.8466424  -2.0047195
 -2.345135   -2.410578   -2.5700867  -2.8911116  -3.2466629  -3.20286
 -2.7213922  -2.6307952  -2.436438   -2.3167303  -2.5692418  -1.9294696
 -1.5668246  -2.3777547  -1.2193924  -0.3031017   0.64597887  0.64597887
  0.6859842 ]
[2026-05-05 10:56:43,521][two_tower_confounding.experiments.propensity_pipeline][INFO] - Alpha: [0.5        0.35191908 0.27615526 0.1991171  0.1362676  0.11870829
 0.08745325 0.08236962 0.07108858 0.0525947  0.03744699 0.03905823
 0.06172279 0.06718259 0.08043598 0.08974682 0.0711444  0.1268093
 0.17266956 0.08488481 0.22804339 0.4247994  0.65610373 0.65610373
 0.665073  ]
[2026-05-05 10:56:44,928][two_tower_confounding.experiments.regression_pipeline][INFO] - Training regression model for DM/DR...
[2026-05-05 10:57:04,578][two_tower_confounding.experiments.regression_pipeline][INFO] - Regression epoch 3: train_loss=0.173707 val_loss=0.169526
[2026-05-05 10:57:23,519][two_tower_confounding.experiments.regression_pipeline][INFO] - Regression epoch 6: train_loss=0.171608 val_loss=0.172140
[2026-05-05 10:57:25,325][two_tower_confounding.experiments.ips_pipeline][INFO] - Computing DR doc weights...
[2026-05-05 10:57:25,330][two_tower_confounding.experiments.ips_pipeline][INFO] - Doc weights computed in 0.00 seconds
[2026-05-05 10:57:25,337][two_tower_confounding.experiments.model_pipeline][INFO] - Loading trainer (trainer_type='pl-rank', n_samples=100)...
[2026-05-05 10:57:25,339][two_tower_confounding.experiments.model_pipeline][INFO] - Trainer loaded in 0.00 seconds
[2026-05-05 10:57:25,339][two_tower_confounding.experiments.model_pipeline][INFO] - Training model...
[2026-05-05 11:15:45,982][two_tower_confounding.experiments.ips_pipeline][INFO] - Final evaluation results:
{'metrics': {'CTR': 1.1224215030670166,
             'DCG': 2.101957082748413,
             'NCTR': 0.4752380847930908,
             'NDCG': 0.7594844102859497,
             'NDCG@25': 0.7594844102859497,
             'NRCTR': 0.4752380847930908,
             'RCTR': 1.1224215030670166}}
[2026-05-05 11:15:46,008][submitit][INFO] - Job completed successfully
[2026-05-05 11:15:46,018][submitit][INFO] - Exiting after successful completion
