[2026-06-17 13:25:13,838][feature_based_propensities_for_ULTR.experiments.config_resolver][WARNING] - test_clicks=500000 is ignored because test_set_mode='label_only'. Set test_set_mode='clicks' to enable legacy click-based test behavior.
[2026-06-17 13:25:13,844][feature_based_propensities_for_ULTR.experiments.data_pipeline][INFO] - Loading or generating click datasets...
[2026-06-17 13:25:38,334][absl][INFO] - orbax-checkpoint version: 0.11.40
[2026-06-17 13:25:38,335][absl][INFO] - save_device_host_concurrent_bytes=None
[2026-06-17 13:25:38,335][absl][INFO] - Created BasePyTreeCheckpointHandler: use_ocdbt=True, use_zarr3=False, pytree_metadata_options=PyTreeMetadataOptions(support_rich_types=False), array_metadata_store=<orbax.checkpoint._src.metadata.array_metadata_store.Store object at 0x14fa0e576290>, enable_pinned_host_transfer=False, save_concurrent_bytes: 96000000000 (89.4 GiB), restore_concurrent_bytes: 96000000000 (89.4 GiB)
[2026-06-17 13:25:38,335][absl][INFO] - [thread=MainThread] Failed to get flag value for EXPERIMENTAL_ORBAX_USE_DISTRIBUTED_PROCESS_ID.
[2026-06-17 13:25:38,335][absl][INFO] - [process=0][thread=MainThread] Using barrier_sync_fn: <function get_barrier_sync_fn.<locals>.<lambda> at 0x14f96811aa20> timeout: 1200 secs and primary_host=0 for async checkpoint writes
[2026-06-17 13:25:38,336][absl][INFO] - [process=0] [sync] Started load checkpoint @ /gpfs/home5/sfris1/ltr_datasets/ips_datasets/logging_policy_c50000_ps1p0_pt0p5_bs1p0_drop0rel0_sessallocv2_candfullv2_topx25_maxdocs80_lprdeep_lpsegreedysampler_lppct10p0.
[2026-06-17 13:25:38,338][absl][INFO] - Restoring checkpoint from /gpfs/home5/sfris1/ltr_datasets/ips_datasets/logging_policy_c50000_ps1p0_pt0p5_bs1p0_drop0rel0_sessallocv2_candfullv2_topx25_maxdocs80_lprdeep_lpsegreedysampler_lppct10p0.
[2026-06-17 13:25:38,338][absl][INFO] - [process=0] [sync] Finished blocking load in 0.00 seconds. Continuing load @ /gpfs/home5/sfris1/ltr_datasets/ips_datasets/logging_policy_c50000_ps1p0_pt0p5_bs1p0_drop0rel0_sessallocv2_candfullv2_topx25_maxdocs80_lprdeep_lpsegreedysampler_lppct10p0.
[2026-06-17 13:25:38,358][absl][INFO] - [process=0] /jax/orbax/read/worker/io/requested throughput: 6.558 MiB/s (total gbytes: 91.8 KiB) (time elapsed: 0.013663291931152344 s) (per-host)
[2026-06-17 13:25:38,360][absl][INFO] - [process=0] /jax/checkpoint/read/gbytes_per_sec: 4.471 MiB/s (total gbytes: 91.8 KiB) (time elapsed: 0.020041704177856445 s) (per-host)
[2026-06-17 13:25:38,360][absl][INFO] - [process=0] [sync] Finished load in 0.02 seconds @ /gpfs/home5/sfris1/ltr_datasets/ips_datasets/logging_policy_c50000_ps1p0_pt0p5_bs1p0_drop0rel0_sessallocv2_candfullv2_topx25_maxdocs80_lprdeep_lpsegreedysampler_lppct10p0
[2026-06-17 13:25:45,543][feature_based_propensities_for_ULTR.experiments.data_pipeline][INFO] - Loaded click datasets in 31.70 seconds (train=43473, val=6527, test=0)
[2026-06-17 13:25:45,543][feature_based_propensities_for_ULTR.experiments.data_pipeline][INFO] - Test split is label-only by design; no test click dataset was loaded.
[2026-06-17 13:25:45,544][feature_based_propensities_for_ULTR.data.runtime.alignment][INFO] - Applying data cutoff override: configured=25, natural=25, effective=25
[2026-06-17 13:25:45,544][feature_based_propensities_for_ULTR.data.runtime.alignment][INFO] - Applying data cutoff override: configured=25, natural=25, effective=25
[2026-06-17 13:25:45,634][feature_based_propensities_for_ULTR.data.runtime.aggregation][INFO] - Initializing simulator...
[2026-06-17 13:25:45,635][feature_based_propensities_for_ULTR.data.runtime.aggregation][INFO] - Aggregating train dataset...
[2026-06-17 13:25:51,738][feature_based_propensities_for_ULTR.data.runtime.aggregation][INFO] - Aggregating validation dataset...
[2026-06-17 13:25:54,307][feature_based_propensities_for_ULTR.data.runtime.aggregation][INFO] - Aggregating test dataset from labels only...
[2026-06-17 13:25:55,942][feature_based_propensities_for_ULTR.data.runtime.aggregation][INFO] - Aggregation done in 10.31 seconds
[2026-06-17 13:25:55,943][feature_based_propensities_for_ULTR.data.runtime.aggregation][INFO] - Session usage after aggregation: requested(train=43473,val=6527), actual(train=43473,val=6527,test=0)
[2026-06-17 13:25:55,943][feature_based_propensities_for_ULTR.data.runtime.aggregation][INFO] - Dataset persistence disabled; skipping aggregated dataset cache save.
[2026-06-17 13:25:55,943][feature_based_propensities_for_ULTR.experiments.ips_pipeline][INFO] - Test split uses label-only evaluation; raw test click diagnostics are skipped.
[2026-06-17 13:25:55,965][feature_based_propensities_for_ULTR.experiments.diagnostics][INFO] - [Data] train_docs=470251, val_docs=70687, test_docs=164676, cutoff=25
[2026-06-17 13:25:56,053][feature_based_propensities_for_ULTR.experiments.diagnostics][INFO] - [Train] clicks=6677, displays=737313, ctr=0.0091, ctr_per_doc=0.0091
[2026-06-17 13:25:56,134][feature_based_propensities_for_ULTR.experiments.diagnostics][INFO] - [Validation] clicks=954, displays=110056, ctr=0.0087, ctr_per_doc=0.0087
[2026-06-17 13:25:56,250][feature_based_propensities_for_ULTR.experiments.diagnostics][INFO] - [Test] clicks=0, displays=0, ctr=0.0000, ctr_per_doc=0.0000
[2026-06-17 13:25:56,250][feature_based_propensities_for_ULTR.experiments.ips_pipeline][INFO] - Running estimator pipeline with model='dm'
[2026-06-17 13:25:56,250][feature_based_propensities_for_ULTR.experiments.ips_pipeline][INFO] - Computing position bias (alpha)...
[2026-06-17 13:25:56,301][feature_based_propensities_for_ULTR.experiments.propensity_pipeline][INFO] - Computing propensity per doc (method=propensity_mlp_regression)...
[2026-06-17 13:28:25,221][feature_based_propensities_for_ULTR.experiments.propensity_pipeline][INFO] - Propensity computed in 148.92 seconds
[2026-06-17 13:28:25,221][feature_based_propensities_for_ULTR.experiments.propensity_pipeline][INFO] - Alpha logits: [-0.     -0.6931 -1.0986 -1.3863 -1.6094 -1.7918 -1.9459 -2.0794 -2.1972
 -2.3026 -2.3979 -2.4849 -2.5649 -2.6391 -2.7081 -2.7726 -2.8332 -2.8904
 -2.9444 -2.9957 -3.0445 -3.091  -3.1355 -3.1781 -3.2189]
[2026-06-17 13:28:25,222][feature_based_propensities_for_ULTR.experiments.propensity_pipeline][INFO] - Alpha: [0.5    0.3333 0.25   0.2    0.1667 0.1429 0.125  0.1111 0.1    0.0909
 0.0833 0.0769 0.0714 0.0667 0.0625 0.0588 0.0556 0.0526 0.05   0.0476
 0.0455 0.0435 0.0417 0.04   0.0385]
[2026-06-17 13:28:25,222][feature_based_propensities_for_ULTR.experiments.propensity_pipeline][INFO] - Propensity clipping disabled.
[2026-06-17 13:28:26,548][feature_based_propensities_for_ULTR.experiments.regression_pipeline][INFO] - Training regression model for DM/DR...
[2026-06-17 13:28:46,051][feature_based_propensities_for_ULTR.experiments.regression_pipeline][INFO] - Regression epoch 3: train_loss=0.184594 val_loss=0.176092
[2026-06-17 13:29:04,372][feature_based_propensities_for_ULTR.experiments.regression_pipeline][INFO] - Regression epoch 6: train_loss=0.180442 val_loss=0.171557
[2026-06-17 13:29:22,699][feature_based_propensities_for_ULTR.experiments.regression_pipeline][INFO] - Regression epoch 9: train_loss=0.178331 val_loss=0.175111
[2026-06-17 13:29:24,529][feature_based_propensities_for_ULTR.experiments.ips_pipeline][INFO] - Computing DM doc weights...
[2026-06-17 13:29:24,529][feature_based_propensities_for_ULTR.experiments.ips_pipeline][INFO] - Doc weights computed in 0.00 seconds
[2026-06-17 13:29:24,535][feature_based_propensities_for_ULTR.experiments.model_pipeline][INFO] - Loading trainer (trainer_type='pl-rank', n_samples=100)...
[2026-06-17 13:29:24,537][feature_based_propensities_for_ULTR.experiments.model_pipeline][INFO] - Trainer loaded in 0.00 seconds
[2026-06-17 13:29:24,537][feature_based_propensities_for_ULTR.experiments.model_pipeline][INFO] - Training model...
[2026-06-17 13:41:18,081][feature_based_propensities_for_ULTR.experiments.ips_pipeline][INFO] - Final evaluation results:
{'metrics': {'CTR': 0.8708326816558838,
             'DCG': 2.180386781692505,
             'NCTR': 0.7426601648330688,
             'NDCG': 0.7841766476631165,
             'NDCG@25': 0.7841766476631165,
             'NRCTR': 0.7426601648330688,
             'RCTR': 0.8708326816558838}}
[2026-06-17 13:41:18,107][submitit][INFO] - Job completed successfully
[2026-06-17 13:41:18,117][submitit][INFO] - Exiting after successful completion
