[2026-04-22 16:21:22,395][jax._src.xla_bridge][ERROR] - Jax plugin configuration error: Exception when calling jax_plugins.xla_cuda12.initialize()
Traceback (most recent call last):
  File "/gpfs/home5/sfris1/two-towers-confounding-project/.venv/lib/python3.11/site-packages/jax/_src/xla_bridge.py", line 485, in discover_pjrt_plugins
    plugin_module.initialize()
  File "/gpfs/home5/sfris1/two-towers-confounding-project/.venv/lib/python3.11/site-packages/jax_plugins/xla_cuda12/__init__.py", line 328, in initialize
    _check_cuda_versions(raise_on_first_error=True)
  File "/gpfs/home5/sfris1/two-towers-confounding-project/.venv/lib/python3.11/site-packages/jax_plugins/xla_cuda12/__init__.py", line 285, in _check_cuda_versions
    local_device_count = cuda_versions.cuda_device_count()
                         ^^^^^^^^^^^^^^^^^^^^^^^^^^^^^^^^^
RuntimeError: jaxlib/cuda/versions_helpers.cc:113: operation cuInit(0) failed: CUDA_ERROR_NO_DEVICE
[2026-04-22 16:21:23,946][two_tower_confounding.experiments.ips_pipeline][WARNING] - wandb.init failed (Error uploading run: returned error 403: {"data":{"upsertBucket":null},"errors":[{"message":"permission denied","path":["upsertBucket"],"extensions":{"code":"PERMISSION_ERROR"}}]}). Continuing with local logging only.
[2026-04-22 16:21:23,946][two_tower_confounding.experiments.ips_pipeline][WARNING] - Disabling wandb for trainer components because initialization failed.
[2026-04-22 16:21:23,947][two_tower_confounding.experiments.config_resolver][WARNING] - test_clicks=500000 is ignored because test_set_mode='label_only'. Set test_set_mode='clicks' to enable legacy click-based test behavior.
[2026-04-22 16:21:23,954][two_tower_confounding.experiments.data_pipeline][INFO] - Loading or generating click datasets...
[2026-04-22 16:23:18,367][jax._src.xla_bridge][ERROR] - Jax plugin configuration error: Exception when calling jax_plugins.xla_cuda12.initialize()
Traceback (most recent call last):
  File "/gpfs/home5/sfris1/two-towers-confounding-project/.venv/lib/python3.11/site-packages/jax/_src/xla_bridge.py", line 485, in discover_pjrt_plugins
    plugin_module.initialize()
  File "/gpfs/home5/sfris1/two-towers-confounding-project/.venv/lib/python3.11/site-packages/jax_plugins/xla_cuda12/__init__.py", line 328, in initialize
    _check_cuda_versions(raise_on_first_error=True)
  File "/gpfs/home5/sfris1/two-towers-confounding-project/.venv/lib/python3.11/site-packages/jax_plugins/xla_cuda12/__init__.py", line 285, in _check_cuda_versions
    local_device_count = cuda_versions.cuda_device_count()
                         ^^^^^^^^^^^^^^^^^^^^^^^^^^^^^^^^^
RuntimeError: jaxlib/cuda/versions_helpers.cc:113: operation cuInit(0) failed: CUDA_ERROR_NO_DEVICE
[2026-04-22 16:23:19,392][two_tower_confounding.experiments.ips_pipeline][WARNING] - wandb.init failed (Error uploading run: returned error 403: {"data":{"upsertBucket":null},"errors":[{"message":"permission denied","path":["upsertBucket"],"extensions":{"code":"PERMISSION_ERROR"}}]}). Continuing with local logging only.
[2026-04-22 16:23:19,392][two_tower_confounding.experiments.ips_pipeline][WARNING] - Disabling wandb for trainer components because initialization failed.
[2026-04-22 16:23:19,393][two_tower_confounding.experiments.config_resolver][WARNING] - test_clicks=500000 is ignored because test_set_mode='label_only'. Set test_set_mode='clicks' to enable legacy click-based test behavior.
[2026-04-22 16:23:19,400][two_tower_confounding.experiments.data_pipeline][INFO] - Loading or generating click datasets...
[2026-04-22 16:23:43,660][absl][INFO] - orbax-checkpoint version: 0.11.25
[2026-04-22 16:23:43,660][absl][INFO] - Created BasePyTreeCheckpointHandler: use_ocdbt=True, use_zarr3=False, pytree_metadata_options=PyTreeMetadataOptions(support_rich_types=False), array_metadata_store=<orbax.checkpoint._src.metadata.array_metadata_store.Store object at 0x14e61ea10310>, enable_pinned_host_transfer=False, save_concurrent_bytes: 96000000000 (89.4 GiB), restore_concurrent_bytes: 96000000000 (89.4 GiB)
[2026-04-22 16:23:43,661][absl][INFO] - [thread=MainThread] Failed to get flag value for EXPERIMENTAL_ORBAX_USE_DISTRIBUTED_PROCESS_ID.
[2026-04-22 16:23:43,661][absl][INFO] - [process=0][thread=MainThread] Using barrier_sync_fn: <function get_barrier_sync_fn.<locals>.<lambda> at 0x14e562ac1300> timeout: 600 secs and primary_host=0 for async checkpoint writes
[2026-04-22 16:23:43,664][absl][INFO] - Restoring checkpoint from /gpfs/home5/sfris1/ltr_datasets/ips_datasets/logging_policy_c100000_ps1p0_pt0p5_bs1p0_drop0rel0_sessallocv2_candfullv2_topx25_maxdocs80_lprdeep_lpsegreedysampler_lppct10p0.
[2026-04-22 16:23:43,692][absl][INFO] - [process=0] /jax/checkpoint/read/gbytes_per_sec: 0 Bytes/s (total gbytes: 91.8 KiB) (time elapsed: 26 milliseconds) (per-host)
[2026-04-22 16:23:43,692][absl][INFO] - Finished restoring checkpoint in 0.03 seconds from /gpfs/home5/sfris1/ltr_datasets/ips_datasets/logging_policy_c100000_ps1p0_pt0p5_bs1p0_drop0rel0_sessallocv2_candfullv2_topx25_maxdocs80_lprdeep_lpsegreedysampler_lppct10p0.
[2026-04-22 16:23:55,169][two_tower_confounding.experiments.data_pipeline][INFO] - Loaded click datasets in 35.77 seconds (train=86947, val=13053, test=0)
[2026-04-22 16:23:55,169][two_tower_confounding.experiments.data_pipeline][INFO] - Test split is label-only by design; no test click dataset was loaded.
[2026-04-22 16:23:55,169][two_tower_confounding.data.runtime.alignment][INFO] - Applying data cutoff override: configured=25, natural=25, effective=25
[2026-04-22 16:23:55,170][two_tower_confounding.data.runtime.alignment][INFO] - Applying data cutoff override: configured=25, natural=25, effective=25
[2026-04-22 16:23:55,294][two_tower_confounding.data.runtime.aggregation][INFO] - Initializing simulator...
[2026-04-22 16:23:55,294][two_tower_confounding.data.runtime.aggregation][INFO] - Aggregating train dataset...
[2026-04-22 16:24:02,085][two_tower_confounding.data.runtime.aggregation][INFO] - Aggregating validation dataset...
[2026-04-22 16:24:05,244][two_tower_confounding.data.runtime.aggregation][INFO] - Aggregating test dataset from labels only...
[2026-04-22 16:24:07,061][two_tower_confounding.data.runtime.aggregation][INFO] - Aggregation done in 11.77 seconds
[2026-04-22 16:24:07,061][two_tower_confounding.data.runtime.aggregation][INFO] - Session usage after aggregation: requested(train=86947,val=13053), actual(train=86947,val=13053,test=0)
[2026-04-22 16:24:07,062][two_tower_confounding.data.runtime.aggregation][INFO] - Dataset persistence disabled; skipping aggregated dataset cache save.
[2026-04-22 16:24:07,062][two_tower_confounding.experiments.ips_pipeline][INFO] - Test split uses label-only evaluation; raw test click diagnostics are skipped.
[2026-04-22 16:24:07,088][two_tower_confounding.experiments.diagnostics][INFO] - [Data] train_docs=470251, val_docs=70687, test_docs=164676, cutoff=25
[2026-04-22 16:24:07,159][two_tower_confounding.experiments.diagnostics][INFO] - [Train] clicks=13259, displays=1470025, ctr=0.0090, ctr_per_doc=0.0090
[2026-04-22 16:24:07,228][two_tower_confounding.experiments.diagnostics][INFO] - [Validation] clicks=1920, displays=219403, ctr=0.0088, ctr_per_doc=0.0088
[2026-04-22 16:24:07,300][two_tower_confounding.experiments.diagnostics][INFO] - [Test] clicks=0, displays=0, ctr=0.0000, ctr_per_doc=0.0000
[2026-04-22 16:24:07,300][two_tower_confounding.experiments.ips_pipeline][INFO] - Running estimator pipeline with model='ips'
[2026-04-22 16:24:07,300][two_tower_confounding.experiments.ips_pipeline][INFO] - Computing position bias (alpha)...
[2026-04-22 16:24:07,307][submitit][INFO] - Job completed successfully
[2026-04-22 16:24:07,318][submitit][INFO] - Exiting after successful completion
[2026-04-22 16:47:35,862][jax._src.xla_bridge][ERROR] - Jax plugin configuration error: Exception when calling jax_plugins.xla_cuda12.initialize()
Traceback (most recent call last):
  File "/gpfs/home5/sfris1/two-towers-confounding-project/.venv/lib/python3.11/site-packages/jax/_src/xla_bridge.py", line 485, in discover_pjrt_plugins
    plugin_module.initialize()
  File "/gpfs/home5/sfris1/two-towers-confounding-project/.venv/lib/python3.11/site-packages/jax_plugins/xla_cuda12/__init__.py", line 328, in initialize
    _check_cuda_versions(raise_on_first_error=True)
  File "/gpfs/home5/sfris1/two-towers-confounding-project/.venv/lib/python3.11/site-packages/jax_plugins/xla_cuda12/__init__.py", line 285, in _check_cuda_versions
    local_device_count = cuda_versions.cuda_device_count()
                         ^^^^^^^^^^^^^^^^^^^^^^^^^^^^^^^^^
RuntimeError: jaxlib/cuda/versions_helpers.cc:113: operation cuInit(0) failed: CUDA_ERROR_NO_DEVICE
[2026-04-22 16:47:36,942][two_tower_confounding.experiments.ips_pipeline][WARNING] - wandb.init failed (Error uploading run: returned error 403: {"data":{"upsertBucket":null},"errors":[{"message":"permission denied","path":["upsertBucket"],"extensions":{"code":"PERMISSION_ERROR"}}]}). Continuing with local logging only.
[2026-04-22 16:47:36,943][two_tower_confounding.experiments.ips_pipeline][WARNING] - Disabling wandb for trainer components because initialization failed.
[2026-04-22 16:47:36,943][two_tower_confounding.experiments.config_resolver][WARNING] - test_clicks=500000 is ignored because test_set_mode='label_only'. Set test_set_mode='clicks' to enable legacy click-based test behavior.
[2026-04-22 16:47:36,950][two_tower_confounding.experiments.data_pipeline][INFO] - Loading or generating click datasets...
[2026-04-22 16:48:01,100][absl][INFO] - orbax-checkpoint version: 0.11.25
[2026-04-22 16:48:01,104][absl][INFO] - Created BasePyTreeCheckpointHandler: use_ocdbt=True, use_zarr3=False, pytree_metadata_options=PyTreeMetadataOptions(support_rich_types=False), array_metadata_store=<orbax.checkpoint._src.metadata.array_metadata_store.Store object at 0x14d904fb11d0>, enable_pinned_host_transfer=False, save_concurrent_bytes: 96000000000 (89.4 GiB), restore_concurrent_bytes: 96000000000 (89.4 GiB)
[2026-04-22 16:48:01,104][absl][INFO] - [thread=MainThread] Failed to get flag value for EXPERIMENTAL_ORBAX_USE_DISTRIBUTED_PROCESS_ID.
[2026-04-22 16:48:01,104][absl][INFO] - [process=0][thread=MainThread] Using barrier_sync_fn: <function get_barrier_sync_fn.<locals>.<lambda> at 0x14d8450ad300> timeout: 600 secs and primary_host=0 for async checkpoint writes
[2026-04-22 16:48:01,107][absl][INFO] - Restoring checkpoint from /gpfs/home5/sfris1/ltr_datasets/ips_datasets/logging_policy_c100000_ps1p0_pt0p5_bs1p0_drop0rel0_sessallocv2_candfullv2_topx25_maxdocs80_lprdeep_lpsegreedysampler_lppct10p0.
[2026-04-22 16:48:01,128][absl][INFO] - [process=0] /jax/checkpoint/read/gbytes_per_sec: 0 Bytes/s (total gbytes: 91.8 KiB) (time elapsed: 19 milliseconds) (per-host)
[2026-04-22 16:48:01,128][absl][INFO] - Finished restoring checkpoint in 0.02 seconds from /gpfs/home5/sfris1/ltr_datasets/ips_datasets/logging_policy_c100000_ps1p0_pt0p5_bs1p0_drop0rel0_sessallocv2_candfullv2_topx25_maxdocs80_lprdeep_lpsegreedysampler_lppct10p0.
[2026-04-22 16:48:13,011][two_tower_confounding.experiments.data_pipeline][INFO] - Loaded click datasets in 36.06 seconds (train=86947, val=13053, test=0)
[2026-04-22 16:48:13,012][two_tower_confounding.experiments.data_pipeline][INFO] - Test split is label-only by design; no test click dataset was loaded.
[2026-04-22 16:48:13,012][two_tower_confounding.data.runtime.alignment][INFO] - Applying data cutoff override: configured=25, natural=25, effective=25
[2026-04-22 16:48:13,012][two_tower_confounding.data.runtime.alignment][INFO] - Applying data cutoff override: configured=25, natural=25, effective=25
[2026-04-22 16:48:13,137][two_tower_confounding.data.runtime.aggregation][INFO] - Initializing simulator...
[2026-04-22 16:48:13,138][two_tower_confounding.data.runtime.aggregation][INFO] - Aggregating train dataset...
[2026-04-22 16:48:20,032][two_tower_confounding.data.runtime.aggregation][INFO] - Aggregating validation dataset...
[2026-04-22 16:48:23,302][two_tower_confounding.data.runtime.aggregation][INFO] - Aggregating test dataset from labels only...
[2026-04-22 16:48:25,223][two_tower_confounding.data.runtime.aggregation][INFO] - Aggregation done in 12.09 seconds
[2026-04-22 16:48:25,224][two_tower_confounding.data.runtime.aggregation][INFO] - Session usage after aggregation: requested(train=86947,val=13053), actual(train=86947,val=13053,test=0)
[2026-04-22 16:48:25,224][two_tower_confounding.data.runtime.aggregation][INFO] - Dataset persistence disabled; skipping aggregated dataset cache save.
[2026-04-22 16:48:25,224][two_tower_confounding.experiments.ips_pipeline][INFO] - Test split uses label-only evaluation; raw test click diagnostics are skipped.
[2026-04-22 16:48:25,250][two_tower_confounding.experiments.diagnostics][INFO] - [Data] train_docs=470251, val_docs=70687, test_docs=164676, cutoff=25
[2026-04-22 16:48:25,326][two_tower_confounding.experiments.diagnostics][INFO] - [Train] clicks=13259, displays=1470025, ctr=0.0090, ctr_per_doc=0.0090
[2026-04-22 16:48:25,398][two_tower_confounding.experiments.diagnostics][INFO] - [Validation] clicks=1920, displays=219403, ctr=0.0088, ctr_per_doc=0.0088
[2026-04-22 16:48:25,472][two_tower_confounding.experiments.diagnostics][INFO] - [Test] clicks=0, displays=0, ctr=0.0000, ctr_per_doc=0.0000
[2026-04-22 16:48:25,473][two_tower_confounding.experiments.ips_pipeline][INFO] - Running estimator pipeline with model='ips'
[2026-04-22 16:48:25,473][two_tower_confounding.experiments.ips_pipeline][INFO] - Computing position bias (alpha)...
[2026-04-22 16:48:25,479][two_tower_confounding.experiments.ips_pipeline][INFO] - Loaded CSV position bias from /gpfs/home5/sfris1/Doubly-Robust-Optimization-With-Two-Tower-Models/results/position_bias_csv_smoke.csv (method=global_all_pairs): [ 0.        -0.6762404 -1.078172  -1.3593199 -1.6449132 -1.7892423
 -1.9097745 -2.0003607 -2.0913854 -2.1824634 -2.3962963 -2.5267391
 -2.5543985 -2.6866524 -2.7146919 -2.464648  -2.8178678 -2.5680165
 -2.596511  -3.0224187 -2.731134  -2.8996856 -3.0862072 -3.0266771
 -2.7021465]
[2026-04-22 16:48:25,481][two_tower_confounding.experiments.propensity_pipeline][INFO] - Computing propensity per doc (method=propensity_mlp_regression)...
[2026-04-22 16:48:26,224][two_tower_confounding.experiments.propensity_pipeline][INFO] - Subsampling propensity classifier training data: 50000/86947 samples
[2026-04-22 16:53:00,887][two_tower_confounding.experiments.propensity_pipeline][INFO] - Propensity computed in 275.41 seconds
[2026-04-22 16:53:00,890][two_tower_confounding.experiments.propensity_pipeline][INFO] - Alpha logits: [ 0.     -0.6762 -1.0782 -1.3593 -1.6449 -1.7892 -1.9098 -2.0004 -2.0914
 -2.1825 -2.3963 -2.5267 -2.5544 -2.6867 -2.7147 -2.4646 -2.8179 -2.568
 -2.5965 -3.0224 -2.7311 -2.8997 -3.0862 -3.0267 -2.7021]
[2026-04-22 16:53:00,891][two_tower_confounding.experiments.propensity_pipeline][INFO] - Alpha: [0.5    0.3371 0.2539 0.2044 0.1618 0.1432 0.129  0.1192 0.1099 0.1013
 0.0835 0.074  0.0721 0.0638 0.0621 0.0784 0.0564 0.0712 0.0694 0.0464
 0.0612 0.0522 0.0437 0.0462 0.0628]
[2026-04-22 16:53:00,891][two_tower_confounding.experiments.propensity_pipeline][INFO] - Propensity clipping disabled.
[2026-04-22 16:53:00,891][two_tower_confounding.experiments.ips_pipeline][INFO] - Computing IPS doc weights...
[2026-04-22 16:53:01,593][two_tower_confounding.experiments.ips_pipeline][INFO] - Doc weights computed in 0.70 seconds
[2026-04-22 16:53:01,598][two_tower_confounding.experiments.model_pipeline][INFO] - Loading trainer (trainer_type='pl-rank', n_samples=100)...
[2026-04-22 16:53:01,600][two_tower_confounding.experiments.model_pipeline][INFO] - Trainer loaded in 0.00 seconds
[2026-04-22 16:53:01,600][two_tower_confounding.experiments.model_pipeline][INFO] - Training model...
[2026-04-22 17:04:11,585][two_tower_confounding.experiments.ips_pipeline][INFO] - Final evaluation results:
{'metrics': {'CTR': 0.9072842001914978,
             'DCG': 2.201814889907837,
             'NCTR': 0.7554766535758972,
             'NDCG': 0.7915930151939392,
             'NDCG@25': 0.7915930151939392,
             'NRCTR': 0.7554766535758972,
             'RCTR': 0.9072842001914978}}
[2026-04-22 17:04:11,611][submitit][INFO] - Job completed successfully
[2026-04-22 17:04:11,621][submitit][INFO] - Exiting after successful completion
[2026-05-02 18:24:56,134][two_tower_confounding.experiments.config_resolver][WARNING] - test_clicks=500000 is ignored because test_set_mode='label_only'. Set test_set_mode='clicks' to enable legacy click-based test behavior.
[2026-05-02 18:24:56,142][two_tower_confounding.experiments.data_pipeline][INFO] - Loading or generating click datasets...
[2026-05-02 18:25:20,723][absl][INFO] - orbax-checkpoint version: 0.11.37
[2026-05-02 18:25:20,724][absl][INFO] - save_device_host_concurrent_bytes=None
[2026-05-02 18:25:20,724][absl][INFO] - Created BasePyTreeCheckpointHandler: use_ocdbt=True, use_zarr3=False, pytree_metadata_options=PyTreeMetadataOptions(support_rich_types=False), array_metadata_store=<orbax.checkpoint._src.metadata.array_metadata_store.Store object at 0x15295303ddd0>, enable_pinned_host_transfer=False, save_concurrent_bytes: 96000000000 (89.4 GiB), restore_concurrent_bytes: 96000000000 (89.4 GiB)
[2026-05-02 18:25:20,724][absl][INFO] - [thread=MainThread] Failed to get flag value for EXPERIMENTAL_ORBAX_USE_DISTRIBUTED_PROCESS_ID.
[2026-05-02 18:25:20,724][absl][INFO] - [process=0][thread=MainThread] Using barrier_sync_fn: <function get_barrier_sync_fn.<locals>.<lambda> at 0x1528bedc1800> timeout: 1200 secs and primary_host=0 for async checkpoint writes
[2026-05-02 18:25:20,725][absl][INFO] - [process=0] [sync] Started load checkpoint @ /gpfs/home5/sfris1/ltr_datasets/ips_datasets/logging_policy_c100000_ps1p0_pt0p5_bs1p0_drop0rel0_sessallocv2_candfullv2_topx25_maxdocs80_lprdeep_lpsegreedysampler_lppct10p0.
[2026-05-02 18:25:20,727][absl][INFO] - Restoring checkpoint from /gpfs/home5/sfris1/ltr_datasets/ips_datasets/logging_policy_c100000_ps1p0_pt0p5_bs1p0_drop0rel0_sessallocv2_candfullv2_topx25_maxdocs80_lprdeep_lpsegreedysampler_lppct10p0.
[2026-05-02 18:25:20,728][absl][INFO] - [process=0] [sync] Finished blocking load in 0.00 seconds. Continuing load @ /gpfs/home5/sfris1/ltr_datasets/ips_datasets/logging_policy_c100000_ps1p0_pt0p5_bs1p0_drop0rel0_sessallocv2_candfullv2_topx25_maxdocs80_lprdeep_lpsegreedysampler_lppct10p0.
[2026-05-02 18:25:20,748][absl][INFO] - [process=0] /jax/orbax/read/worker/io/requested throughput: 6.592 MiB/s (total gbytes: 91.8 KiB) (time elapsed: 0.013593673706054688 s) (per-host)
[2026-05-02 18:25:20,749][absl][INFO] - [process=0] /jax/checkpoint/read/gbytes_per_sec: 4.390 MiB/s (total gbytes: 91.8 KiB) (time elapsed: 0.02041149139404297 s) (per-host)
[2026-05-02 18:25:20,749][absl][INFO] - [process=0] [sync] Finished load in 0.02 seconds @ /gpfs/home5/sfris1/ltr_datasets/ips_datasets/logging_policy_c100000_ps1p0_pt0p5_bs1p0_drop0rel0_sessallocv2_candfullv2_topx25_maxdocs80_lprdeep_lpsegreedysampler_lppct10p0
[2026-05-02 18:25:31,955][two_tower_confounding.experiments.data_pipeline][INFO] - Loaded click datasets in 35.81 seconds (train=86947, val=13053, test=0)
[2026-05-02 18:25:31,956][two_tower_confounding.experiments.data_pipeline][INFO] - Test split is label-only by design; no test click dataset was loaded.
[2026-05-02 18:25:31,956][two_tower_confounding.data.runtime.alignment][INFO] - Applying data cutoff override: configured=25, natural=25, effective=25
[2026-05-02 18:25:31,956][two_tower_confounding.data.runtime.alignment][INFO] - Applying data cutoff override: configured=25, natural=25, effective=25
[2026-05-02 18:25:32,048][two_tower_confounding.data.runtime.aggregation][INFO] - Initializing simulator...
[2026-05-02 18:25:32,048][two_tower_confounding.data.runtime.aggregation][INFO] - Aggregating train dataset...
[2026-05-02 18:25:38,332][two_tower_confounding.data.runtime.aggregation][INFO] - Aggregating validation dataset...
[2026-05-02 18:25:40,734][two_tower_confounding.data.runtime.aggregation][INFO] - Aggregating test dataset from labels only...
[2026-05-02 18:25:42,481][two_tower_confounding.data.runtime.aggregation][INFO] - Aggregation done in 10.43 seconds
[2026-05-02 18:25:42,482][two_tower_confounding.data.runtime.aggregation][INFO] - Session usage after aggregation: requested(train=86947,val=13053), actual(train=86947,val=13053,test=0)
[2026-05-02 18:25:42,482][two_tower_confounding.data.runtime.aggregation][INFO] - Dataset persistence disabled; skipping aggregated dataset cache save.
[2026-05-02 18:25:42,483][two_tower_confounding.experiments.ips_pipeline][INFO] - Test split uses label-only evaluation; raw test click diagnostics are skipped.
[2026-05-02 18:25:42,507][two_tower_confounding.experiments.diagnostics][INFO] - [Data] train_docs=470251, val_docs=70687, test_docs=164676, cutoff=25
[2026-05-02 18:25:42,595][two_tower_confounding.experiments.diagnostics][INFO] - [Train] clicks=13259, displays=1470025, ctr=0.0090, ctr_per_doc=0.0090
[2026-05-02 18:25:42,680][two_tower_confounding.experiments.diagnostics][INFO] - [Validation] clicks=1920, displays=219403, ctr=0.0088, ctr_per_doc=0.0088
[2026-05-02 18:25:42,799][two_tower_confounding.experiments.diagnostics][INFO] - [Test] clicks=0, displays=0, ctr=0.0000, ctr_per_doc=0.0000
[2026-05-02 18:25:42,799][two_tower_confounding.experiments.ips_pipeline][INFO] - Running estimator pipeline with model='ips'
[2026-05-02 18:25:42,800][two_tower_confounding.experiments.ips_pipeline][INFO] - Computing position bias (alpha)...
[2026-05-02 18:25:42,806][two_tower_confounding.experiments.ips_pipeline][INFO] - Loaded CSV position bias from /gpfs/home5/sfris1/Doubly-Robust-Optimization-With-Two-Tower-Models/results/position_bias_csv_smoke.csv (method=global_all_pairs): [ 0.        -0.6762404 -1.078172  -1.3593199 -1.6449132 -1.7892423
 -1.9097745 -2.0003607 -2.0913854 -2.1824634 -2.3962963 -2.5267391
 -2.5543985 -2.6866524 -2.7146919 -2.464648  -2.8178678 -2.5680165
 -2.596511  -3.0224187 -2.731134  -2.8996856 -3.0862072 -3.0266771
 -2.7021465]
[2026-05-02 18:25:42,808][two_tower_confounding.experiments.propensity_pipeline][INFO] - Computing propensity per doc (method=propensity_mlp_regression)...
[2026-05-02 18:25:43,468][two_tower_confounding.experiments.propensity_pipeline][INFO] - Subsampling propensity classifier training data: 50000/86947 samples
[2026-05-02 18:29:06,869][two_tower_confounding.experiments.propensity_pipeline][INFO] - Propensity computed in 204.06 seconds
[2026-05-02 18:29:06,869][two_tower_confounding.experiments.propensity_pipeline][INFO] - Alpha logits: [ 0.     -0.6762 -1.0782 -1.3593 -1.6449 -1.7892 -1.9098 -2.0004 -2.0914
 -2.1825 -2.3963 -2.5267 -2.5544 -2.6867 -2.7147 -2.4646 -2.8179 -2.568
 -2.5965 -3.0224 -2.7311 -2.8997 -3.0862 -3.0267 -2.7021]
[2026-05-02 18:29:06,870][two_tower_confounding.experiments.propensity_pipeline][INFO] - Alpha: [0.5    0.3371 0.2539 0.2044 0.1618 0.1432 0.129  0.1192 0.1099 0.1013
 0.0835 0.074  0.0721 0.0638 0.0621 0.0784 0.0564 0.0712 0.0694 0.0464
 0.0612 0.0522 0.0437 0.0462 0.0628]
[2026-05-02 18:29:06,871][two_tower_confounding.experiments.propensity_pipeline][INFO] - Propensity clipping disabled.
[2026-05-02 18:29:06,871][two_tower_confounding.experiments.ips_pipeline][INFO] - Computing IPS doc weights...
[2026-05-02 18:29:07,329][two_tower_confounding.experiments.ips_pipeline][INFO] - Doc weights computed in 0.46 seconds
[2026-05-02 18:29:07,337][two_tower_confounding.experiments.model_pipeline][INFO] - Loading trainer (trainer_type='pl-rank', n_samples=100)...
[2026-05-02 18:29:07,339][two_tower_confounding.experiments.model_pipeline][INFO] - Trainer loaded in 0.00 seconds
[2026-05-02 18:29:07,339][two_tower_confounding.experiments.model_pipeline][INFO] - Training model...
[2026-05-02 18:36:54,511][two_tower_confounding.experiments.ips_pipeline][INFO] - Final evaluation results:
{'metrics': {'CTR': 0.9010499119758606,
             'DCG': 2.190462112426758,
             'NCTR': 0.7511674761772156,
             'NDCG': 0.7880707383155823,
             'NDCG@25': 0.7880707383155823,
             'NRCTR': 0.7511674761772156,
             'RCTR': 0.9010499119758606}}
[2026-05-02 18:36:54,536][submitit][INFO] - Job completed successfully
[2026-05-02 18:36:54,545][submitit][INFO] - Exiting after successful completion
