[2026-05-05 10:56:50,835][two_tower_confounding.experiments.config_resolver][WARNING] - test_clicks=500000 is ignored because test_set_mode='label_only'. Set test_set_mode='clicks' to enable legacy click-based test behavior.
[2026-05-05 10:56:50,841][two_tower_confounding.experiments.data_pipeline][INFO] - Loading or generating click datasets...
[2026-05-05 10:57:14,593][absl][INFO] - orbax-checkpoint version: 0.11.37
[2026-05-05 10:57:14,593][absl][INFO] - save_device_host_concurrent_bytes=None
[2026-05-05 10:57:14,593][absl][INFO] - Created BasePyTreeCheckpointHandler: use_ocdbt=True, use_zarr3=False, pytree_metadata_options=PyTreeMetadataOptions(support_rich_types=False), array_metadata_store=<orbax.checkpoint._src.metadata.array_metadata_store.Store object at 0x151d303cf4d0>, enable_pinned_host_transfer=False, save_concurrent_bytes: 96000000000 (89.4 GiB), restore_concurrent_bytes: 96000000000 (89.4 GiB)
[2026-05-05 10:57:14,593][absl][INFO] - [thread=MainThread] Failed to get flag value for EXPERIMENTAL_ORBAX_USE_DISTRIBUTED_PROCESS_ID.
[2026-05-05 10:57:14,593][absl][INFO] - [process=0][thread=MainThread] Using barrier_sync_fn: <function get_barrier_sync_fn.<locals>.<lambda> at 0x151ca1299800> timeout: 1200 secs and primary_host=0 for async checkpoint writes
[2026-05-05 10:57:14,594][absl][INFO] - [process=0] [sync] Started load checkpoint @ /gpfs/home5/sfris1/ltr_datasets/ips_datasets/logging_policy_c10000_ps1p0_pt0p5_bs1p0_drop0rel0_sessallocv2_candfullv2_topx25_maxdocs80_lprdeep_lpsegreedysampler_lppct10p0.
[2026-05-05 10:57:14,596][absl][INFO] - Restoring checkpoint from /gpfs/home5/sfris1/ltr_datasets/ips_datasets/logging_policy_c10000_ps1p0_pt0p5_bs1p0_drop0rel0_sessallocv2_candfullv2_topx25_maxdocs80_lprdeep_lpsegreedysampler_lppct10p0.
[2026-05-05 10:57:14,596][absl][INFO] - [process=0] [sync] Finished blocking load in 0.00 seconds. Continuing load @ /gpfs/home5/sfris1/ltr_datasets/ips_datasets/logging_policy_c10000_ps1p0_pt0p5_bs1p0_drop0rel0_sessallocv2_candfullv2_topx25_maxdocs80_lprdeep_lpsegreedysampler_lppct10p0.
[2026-05-05 10:57:14,612][absl][INFO] - [process=0] /jax/orbax/read/worker/io/requested throughput: 8.148 MiB/s (total gbytes: 91.8 KiB) (time elapsed: 0.010996818542480469 s) (per-host)
[2026-05-05 10:57:14,614][absl][INFO] - [process=0] /jax/checkpoint/read/gbytes_per_sec: 5.314 MiB/s (total gbytes: 91.8 KiB) (time elapsed: 0.016860485076904297 s) (per-host)
[2026-05-05 10:57:14,614][absl][INFO] - [process=0] [sync] Finished load in 0.02 seconds @ /gpfs/home5/sfris1/ltr_datasets/ips_datasets/logging_policy_c10000_ps1p0_pt0p5_bs1p0_drop0rel0_sessallocv2_candfullv2_topx25_maxdocs80_lprdeep_lpsegreedysampler_lppct10p0
[2026-05-05 10:57:18,969][two_tower_confounding.experiments.data_pipeline][INFO] - Loaded click datasets in 28.13 seconds (train=8694, val=1306, test=0)
[2026-05-05 10:57:18,969][two_tower_confounding.experiments.data_pipeline][INFO] - Test split is label-only by design; no test click dataset was loaded.
[2026-05-05 10:57:18,969][two_tower_confounding.data.runtime.alignment][INFO] - Applying data cutoff override: configured=25, natural=25, effective=25
[2026-05-05 10:57:18,969][two_tower_confounding.data.runtime.alignment][INFO] - Applying data cutoff override: configured=25, natural=25, effective=25
[2026-05-05 10:57:19,062][two_tower_confounding.data.runtime.aggregation][INFO] - Initializing simulator...
[2026-05-05 10:57:19,063][two_tower_confounding.data.runtime.aggregation][INFO] - Aggregating train dataset...
[2026-05-05 10:57:25,249][two_tower_confounding.data.runtime.aggregation][INFO] - Aggregating validation dataset...
[2026-05-05 10:57:27,596][two_tower_confounding.data.runtime.aggregation][INFO] - Aggregating test dataset from labels only...
[2026-05-05 10:57:29,395][two_tower_confounding.data.runtime.aggregation][INFO] - Aggregation done in 10.33 seconds
[2026-05-05 10:57:29,396][two_tower_confounding.data.runtime.aggregation][INFO] - Session usage after aggregation: requested(train=8694,val=1306), actual(train=8694,val=1306,test=0)
[2026-05-05 10:57:29,396][two_tower_confounding.data.runtime.aggregation][INFO] - Dataset persistence disabled; skipping aggregated dataset cache save.
[2026-05-05 10:57:29,396][two_tower_confounding.experiments.ips_pipeline][INFO] - Test split uses label-only evaluation; raw test click diagnostics are skipped.
[2026-05-05 10:57:29,419][two_tower_confounding.experiments.diagnostics][INFO] - [Data] train_docs=470251, val_docs=70687, test_docs=164676, cutoff=25
[2026-05-05 10:57:29,505][two_tower_confounding.experiments.diagnostics][INFO] - [Train] clicks=1442, displays=147751, ctr=0.0098, ctr_per_doc=0.0098
[2026-05-05 10:57:29,587][two_tower_confounding.experiments.diagnostics][INFO] - [Validation] clicks=175, displays=21330, ctr=0.0082, ctr_per_doc=0.0082
[2026-05-05 10:57:29,704][two_tower_confounding.experiments.diagnostics][INFO] - [Test] clicks=0, displays=0, ctr=0.0000, ctr_per_doc=0.0000
[2026-05-05 10:57:29,704][two_tower_confounding.experiments.ips_pipeline][INFO] - Running estimator pipeline with model='dr'
[2026-05-05 10:57:29,704][two_tower_confounding.experiments.ips_pipeline][INFO] - Computing position bias (alpha)...
[2026-05-05 10:57:29,711][two_tower_confounding.experiments.ips_pipeline][INFO] - Loaded CSV position bias from /gpfs/home5/sfris1/Doubly-Robust-Optimization-With-Two-Tower-Models/results/position_bias_csv_smoke.csv (method=pivot_one): [ 0.         -0.56798404 -0.31237468 -0.14310084 -1.1451323  -1.7635885
 -2.6390574  -1.4350846  -6.9077554  -6.9077554  -1.2527629  -6.9077554
 -6.9077554  -1.3862944  -6.9077554  -1.609438   -6.9077554  -6.9077554
 -6.9077554  -6.9077554  -6.9077554  -6.9077554  -6.9077554  -6.9077554
 -6.9077554 ]
[2026-05-05 10:57:29,712][two_tower_confounding.experiments.propensity_pipeline][INFO] - Computing propensity per doc (method=frequency_based)...
[2026-05-05 10:57:37,647][two_tower_confounding.experiments.propensity_pipeline][INFO] - Propensity computed in 7.93 seconds
[2026-05-05 10:57:37,647][two_tower_confounding.experiments.propensity_pipeline][INFO] - Alpha logits: [ 0.         -0.56798404 -0.31237468 -0.14310084 -1.1451323  -1.7635885
 -2.6390574  -1.4350846  -6.9077554  -6.9077554  -1.2527629  -6.9077554
 -6.9077554  -1.3862944  -6.9077554  -1.609438   -6.9077554  -6.9077554
 -6.9077554  -6.9077554  -6.9077554  -6.9077554  -6.9077554  -6.9077554
 -6.9077554 ]
[2026-05-05 10:57:37,648][two_tower_confounding.experiments.propensity_pipeline][INFO] - Alpha: [0.5        0.3617021  0.4225352  0.4642857  0.2413793  0.14634146
 0.06666667 0.1923077  0.000999   0.000999   0.22222222 0.000999
 0.000999   0.2        0.000999   0.16666667 0.000999   0.000999
 0.000999   0.000999   0.000999   0.000999   0.000999   0.000999
 0.000999  ]
[2026-05-05 10:57:37,648][two_tower_confounding.experiments.propensity_pipeline][INFO] - Propensity clipping disabled.
[2026-05-05 10:57:37,649][two_tower_confounding.experiments.propensity_pipeline][INFO] - Computing propensity per doc (method=frequency_based)...
[2026-05-05 10:57:43,717][two_tower_confounding.experiments.propensity_pipeline][INFO] - Propensity computed in 6.07 seconds
[2026-05-05 10:57:43,717][two_tower_confounding.experiments.propensity_pipeline][INFO] - Alpha logits: [ 0.         -0.56798404 -0.31237468 -0.14310084 -1.1451323  -1.7635885
 -2.6390574  -1.4350846  -6.9077554  -6.9077554  -1.2527629  -6.9077554
 -6.9077554  -1.3862944  -6.9077554  -1.609438   -6.9077554  -6.9077554
 -6.9077554  -6.9077554  -6.9077554  -6.9077554  -6.9077554  -6.9077554
 -6.9077554 ]
[2026-05-05 10:57:43,717][two_tower_confounding.experiments.propensity_pipeline][INFO] - Alpha: [0.5        0.3617021  0.4225352  0.4642857  0.2413793  0.14634146
 0.06666667 0.1923077  0.000999   0.000999   0.22222222 0.000999
 0.000999   0.2        0.000999   0.16666667 0.000999   0.000999
 0.000999   0.000999   0.000999   0.000999   0.000999   0.000999
 0.000999  ]
[2026-05-05 10:57:44,808][two_tower_confounding.experiments.regression_pipeline][INFO] - Training regression model for DM/DR...
[2026-05-05 10:57:51,349][two_tower_confounding.experiments.regression_pipeline][INFO] - Regression epoch 3: train_loss=-1.187947 val_loss=0.132805
[2026-05-05 10:57:56,762][two_tower_confounding.experiments.regression_pipeline][INFO] - Regression epoch 6: train_loss=-1.990667 val_loss=-0.206971
[2026-05-05 10:58:02,163][two_tower_confounding.experiments.regression_pipeline][INFO] - Regression epoch 9: train_loss=-3.222631 val_loss=-0.523757
[2026-05-05 10:58:07,586][two_tower_confounding.experiments.regression_pipeline][INFO] - Regression epoch 12: train_loss=-3.798853 val_loss=0.232785
[2026-05-05 10:58:09,428][two_tower_confounding.experiments.ips_pipeline][INFO] - Computing DR doc weights...
[2026-05-05 10:58:09,433][two_tower_confounding.experiments.ips_pipeline][INFO] - Doc weights computed in 0.00 seconds
[2026-05-05 10:58:09,440][two_tower_confounding.experiments.model_pipeline][INFO] - Loading trainer (trainer_type='pl-rank', n_samples=100)...
[2026-05-05 10:58:09,441][two_tower_confounding.experiments.model_pipeline][INFO] - Trainer loaded in 0.00 seconds
[2026-05-05 10:58:09,441][two_tower_confounding.experiments.model_pipeline][INFO] - Training model...
[2026-05-05 11:13:41,748][two_tower_confounding.experiments.ips_pipeline][INFO] - Final evaluation results:
{'metrics': {'CTR': 0.8862925171852112,
             'DCG': 2.0056138038635254,
             'NCTR': 0.6275569200515747,
             'NDCG': 0.7300534248352051,
             'NDCG@25': 0.7300534248352051,
             'NRCTR': 0.6275569200515747,
             'RCTR': 0.8862925171852112}}
[2026-05-05 11:13:41,774][submitit][INFO] - Job completed successfully
[2026-05-05 11:13:41,784][submitit][INFO] - Exiting after successful completion
