[2026-05-05 10:55:09,843][two_tower_confounding.experiments.config_resolver][WARNING] - test_clicks=500000 is ignored because test_set_mode='label_only'. Set test_set_mode='clicks' to enable legacy click-based test behavior.
[2026-05-05 10:55:09,849][two_tower_confounding.experiments.data_pipeline][INFO] - Loading or generating click datasets...
[2026-05-05 10:56:42,368][absl][INFO] - orbax-checkpoint version: 0.11.37
[2026-05-05 10:56:42,368][absl][INFO] - save_device_host_concurrent_bytes=None
[2026-05-05 10:56:42,369][absl][INFO] - Created BasePyTreeCheckpointHandler: use_ocdbt=True, use_zarr3=False, pytree_metadata_options=PyTreeMetadataOptions(support_rich_types=False), array_metadata_store=<orbax.checkpoint._src.metadata.array_metadata_store.Store object at 0x153f6ad03c10>, enable_pinned_host_transfer=False, save_concurrent_bytes: 96000000000 (89.4 GiB), restore_concurrent_bytes: 96000000000 (89.4 GiB)
[2026-05-05 10:56:42,369][absl][INFO] - [thread=MainThread] Failed to get flag value for EXPERIMENTAL_ORBAX_USE_DISTRIBUTED_PROCESS_ID.
[2026-05-05 10:56:42,369][absl][INFO] - [process=0][thread=MainThread] Using barrier_sync_fn: <function get_barrier_sync_fn.<locals>.<lambda> at 0x153ed776d8a0> timeout: 1200 secs and primary_host=0 for async checkpoint writes
[2026-05-05 10:56:42,369][absl][INFO] - [process=0] [sync] Started load checkpoint @ /gpfs/home5/sfris1/ltr_datasets/ips_datasets/istella_logging_policy_c10000_ps1p0_pt0p5_bs1p0_drop0rel0_sessallocv2_candfullv2_topx25_maxdocs200_lprdeep_lpsegreedysampler_lppct10p0.
[2026-05-05 10:56:42,373][absl][INFO] - Restoring checkpoint from /gpfs/home5/sfris1/ltr_datasets/ips_datasets/istella_logging_policy_c10000_ps1p0_pt0p5_bs1p0_drop0rel0_sessallocv2_candfullv2_topx25_maxdocs200_lprdeep_lpsegreedysampler_lppct10p0.
[2026-05-05 10:56:42,373][absl][INFO] - [process=0] [sync] Finished blocking load in 0.00 seconds. Continuing load @ /gpfs/home5/sfris1/ltr_datasets/ips_datasets/istella_logging_policy_c10000_ps1p0_pt0p5_bs1p0_drop0rel0_sessallocv2_candfullv2_topx25_maxdocs200_lprdeep_lpsegreedysampler_lppct10p0.
[2026-05-05 10:56:42,389][absl][INFO] - [process=0] /jax/orbax/read/worker/io/requested throughput: 2.773 MiB/s (total gbytes: 31.6 KiB) (time elapsed: 0.011137723922729492 s) (per-host)
[2026-05-05 10:56:42,391][absl][INFO] - [process=0] /jax/checkpoint/read/gbytes_per_sec: 1.835 MiB/s (total gbytes: 31.6 KiB) (time elapsed: 0.016834259033203125 s) (per-host)
[2026-05-05 10:56:42,391][absl][INFO] - [process=0] [sync] Finished load in 0.02 seconds @ /gpfs/home5/sfris1/ltr_datasets/ips_datasets/istella_logging_policy_c10000_ps1p0_pt0p5_bs1p0_drop0rel0_sessallocv2_candfullv2_topx25_maxdocs200_lprdeep_lpsegreedysampler_lppct10p0
[2026-05-05 10:56:47,332][two_tower_confounding.experiments.data_pipeline][INFO] - Loaded click datasets in 97.48 seconds (train=7274, val=2726, test=0)
[2026-05-05 10:56:47,332][two_tower_confounding.experiments.data_pipeline][INFO] - Test split is label-only by design; no test click dataset was loaded.
[2026-05-05 10:56:47,332][two_tower_confounding.data.runtime.alignment][INFO] - Applying data cutoff override: configured=25, natural=25, effective=25
[2026-05-05 10:56:47,332][two_tower_confounding.data.runtime.alignment][INFO] - Applying data cutoff override: configured=25, natural=25, effective=25
[2026-05-05 10:56:47,427][two_tower_confounding.data.runtime.aggregation][INFO] - Initializing simulator...
[2026-05-05 10:56:47,428][two_tower_confounding.data.runtime.aggregation][INFO] - Aggregating train dataset...
[2026-05-05 10:56:53,789][two_tower_confounding.data.runtime.aggregation][INFO] - Aggregating validation dataset...
[2026-05-05 10:56:57,096][two_tower_confounding.data.runtime.aggregation][INFO] - Aggregating test dataset from labels only...
[2026-05-05 10:56:58,738][two_tower_confounding.data.runtime.aggregation][INFO] - Aggregation done in 11.31 seconds
[2026-05-05 10:56:58,739][two_tower_confounding.data.runtime.aggregation][INFO] - Session usage after aggregation: requested(train=7274,val=2726), actual(train=7274,val=2726,test=0)
[2026-05-05 10:56:58,739][two_tower_confounding.data.runtime.aggregation][INFO] - Dataset persistence disabled; skipping aggregated dataset cache save.
[2026-05-05 10:56:58,739][two_tower_confounding.experiments.ips_pipeline][INFO] - Test split uses label-only evaluation; raw test click diagnostics are skipped.
[2026-05-05 10:56:58,790][two_tower_confounding.experiments.diagnostics][INFO] - [Data] train_docs=2043304, val_docs=684076, test_docs=681250, cutoff=25
[2026-05-05 10:56:58,886][two_tower_confounding.experiments.diagnostics][INFO] - [Train] clicks=1487, displays=181035, ctr=0.0082, ctr_per_doc=0.0082
[2026-05-05 10:56:58,985][two_tower_confounding.experiments.diagnostics][INFO] - [Validation] clicks=605, displays=67736, ctr=0.0089, ctr_per_doc=0.0089
[2026-05-05 10:56:59,075][two_tower_confounding.experiments.diagnostics][INFO] - [Test] clicks=0, displays=0, ctr=0.0000, ctr_per_doc=0.0000
[2026-05-05 10:56:59,075][two_tower_confounding.experiments.ips_pipeline][INFO] - Running estimator pipeline with model='dr'
[2026-05-05 10:56:59,076][two_tower_confounding.experiments.ips_pipeline][INFO] - Computing position bias (alpha)...
[2026-05-05 10:56:59,083][two_tower_confounding.experiments.ips_pipeline][INFO] - Loaded CSV position bias from /gpfs/home5/sfris1/Doubly-Robust-Optimization-With-Two-Tower-Models/results/position_bias_csv_smoke.csv (method=global_all_pairs): [ 0.         -0.62439424 -1.7092274  -1.4411129  -2.4828434  -2.4996822
 -2.6469336  -1.7694052  -2.0439684  -2.6066346  -6.9077554  -1.8268268
 -3.3291297  -2.5634136  -2.3944514  -3.290017   -2.3777092  -6.9077554
 -2.6497242  -2.0037193  -6.9077554  -6.9077554  -6.9077554  -3.1132357
 -6.543296  ]
[2026-05-05 10:56:59,084][two_tower_confounding.experiments.propensity_pipeline][INFO] - Computing propensity per doc (method=frequency_based)...
[2026-05-05 10:57:25,884][two_tower_confounding.experiments.propensity_pipeline][INFO] - Propensity computed in 26.80 seconds
[2026-05-05 10:57:25,884][two_tower_confounding.experiments.propensity_pipeline][INFO] - Alpha logits: [ 0.         -0.62439424 -1.7092274  -1.4411129  -2.4828434  -2.4996822
 -2.6469336  -1.7694052  -2.0439684  -2.6066346  -6.9077554  -1.8268268
 -3.3291297  -2.5634136  -2.3944514  -3.290017   -2.3777092  -6.9077554
 -2.6497242  -2.0037193  -6.9077554  -6.9077554  -6.9077554  -3.1132357
 -6.543296  ]
[2026-05-05 10:57:25,885][two_tower_confounding.experiments.propensity_pipeline][INFO] - Alpha: [0.5        0.34878272 0.15326396 0.19137307 0.07706971 0.07588045
 0.06617825 0.14561631 0.11466325 0.06871265 0.000999   0.13861673
 0.03458528 0.07153051 0.08359679 0.03591526 0.08488835 0.000999
 0.06600601 0.11881296 0.000999   0.000999   0.000999   0.04256459
 0.00143767]
[2026-05-05 10:57:25,886][two_tower_confounding.experiments.propensity_pipeline][INFO] - Propensity clipping disabled.
[2026-05-05 10:57:25,886][two_tower_confounding.experiments.propensity_pipeline][INFO] - Computing propensity per doc (method=frequency_based)...
[2026-05-05 10:57:50,750][two_tower_confounding.experiments.propensity_pipeline][INFO] - Propensity computed in 24.86 seconds
[2026-05-05 10:57:50,750][two_tower_confounding.experiments.propensity_pipeline][INFO] - Alpha logits: [ 0.         -0.62439424 -1.7092274  -1.4411129  -2.4828434  -2.4996822
 -2.6469336  -1.7694052  -2.0439684  -2.6066346  -6.9077554  -1.8268268
 -3.3291297  -2.5634136  -2.3944514  -3.290017   -2.3777092  -6.9077554
 -2.6497242  -2.0037193  -6.9077554  -6.9077554  -6.9077554  -3.1132357
 -6.543296  ]
[2026-05-05 10:57:50,750][two_tower_confounding.experiments.propensity_pipeline][INFO] - Alpha: [0.5        0.34878272 0.15326396 0.19137307 0.07706971 0.07588045
 0.06617825 0.14561631 0.11466325 0.06871265 0.000999   0.13861673
 0.03458528 0.07153051 0.08359679 0.03591526 0.08488835 0.000999
 0.06600601 0.11881296 0.000999   0.000999   0.000999   0.04256459
 0.00143767]
[2026-05-05 10:57:51,924][two_tower_confounding.experiments.regression_pipeline][INFO] - Training regression model for DM/DR...
[2026-05-05 10:57:59,689][two_tower_confounding.experiments.regression_pipeline][INFO] - Regression epoch 3: train_loss=0.639803 val_loss=0.697407
[2026-05-05 10:58:06,383][two_tower_confounding.experiments.regression_pipeline][INFO] - Regression epoch 6: train_loss=0.648211 val_loss=0.701876
[2026-05-05 10:58:12,416][two_tower_confounding.experiments.ips_pipeline][INFO] - Computing DR doc weights...
[2026-05-05 10:58:12,443][two_tower_confounding.experiments.ips_pipeline][INFO] - Doc weights computed in 0.03 seconds
[2026-05-05 10:58:12,454][two_tower_confounding.experiments.model_pipeline][INFO] - Loading trainer (trainer_type='pl-rank', n_samples=100)...
[2026-05-05 10:58:12,456][two_tower_confounding.experiments.model_pipeline][INFO] - Trainer loaded in 0.00 seconds
[2026-05-05 10:58:12,456][two_tower_confounding.experiments.model_pipeline][INFO] - Training model...
[2026-05-05 11:21:08,232][two_tower_confounding.experiments.ips_pipeline][INFO] - Final evaluation results:
{'metrics': {'CTR': 0.25206074118614197,
             'DCG': 0.8248422145843506,
             'NCTR': 0.17531317472457886,
             'NDCG': 0.24753151834011078,
             'NDCG@25': 0.24753151834011078,
             'NRCTR': 0.17531317472457886,
             'RCTR': 0.25206074118614197}}
[2026-05-05 11:21:08,267][submitit][INFO] - Job completed successfully
[2026-05-05 11:21:08,278][submitit][INFO] - Exiting after successful completion
