[2026-06-18 16:55:25,480][feature_based_propensities_for_ULTR.experiments.config_resolver][WARNING] - test_clicks=500000 is ignored because test_set_mode='label_only'. Set test_set_mode='clicks' to enable legacy click-based test behavior.
[2026-06-18 16:55:25,485][feature_based_propensities_for_ULTR.experiments.data_pipeline][INFO] - Loading or generating click datasets...
[2026-06-18 16:55:48,505][absl][INFO] - orbax-checkpoint version: 0.11.40
[2026-06-18 16:55:48,505][absl][INFO] - save_device_host_concurrent_bytes=None
[2026-06-18 16:55:48,506][absl][INFO] - Created BasePyTreeCheckpointHandler: use_ocdbt=True, use_zarr3=False, pytree_metadata_options=PyTreeMetadataOptions(support_rich_types=False), array_metadata_store=<orbax.checkpoint._src.metadata.array_metadata_store.Store object at 0x14d3c3659510>, enable_pinned_host_transfer=False, save_concurrent_bytes: 96000000000 (89.4 GiB), restore_concurrent_bytes: 96000000000 (89.4 GiB)
[2026-06-18 16:55:48,506][absl][INFO] - [thread=MainThread] Failed to get flag value for EXPERIMENTAL_ORBAX_USE_DISTRIBUTED_PROCESS_ID.
[2026-06-18 16:55:48,506][absl][INFO] - [process=0][thread=MainThread] Using barrier_sync_fn: <function get_barrier_sync_fn.<locals>.<lambda> at 0x14d318ffb880> timeout: 1200 secs and primary_host=0 for async checkpoint writes
[2026-06-18 16:55:48,507][absl][INFO] - [process=0] [sync] Started load checkpoint @ /gpfs/home5/sfris1/ltr_datasets/ips_datasets/logging_policy_c10000_ps1p0_pt0p5_bs1p0_drop0rel0_sessallocv2_candfullv2_topx25_maxdocs80_lprdeep_lpsegreedysampler_lppct10p0.
[2026-06-18 16:55:48,509][absl][INFO] - Restoring checkpoint from /gpfs/home5/sfris1/ltr_datasets/ips_datasets/logging_policy_c10000_ps1p0_pt0p5_bs1p0_drop0rel0_sessallocv2_candfullv2_topx25_maxdocs80_lprdeep_lpsegreedysampler_lppct10p0.
[2026-06-18 16:55:48,509][absl][INFO] - [process=0] [sync] Finished blocking load in 0.00 seconds. Continuing load @ /gpfs/home5/sfris1/ltr_datasets/ips_datasets/logging_policy_c10000_ps1p0_pt0p5_bs1p0_drop0rel0_sessallocv2_candfullv2_topx25_maxdocs80_lprdeep_lpsegreedysampler_lppct10p0.
[2026-06-18 16:55:48,525][absl][INFO] - [process=0] /jax/orbax/read/worker/io/requested throughput: 8.057 MiB/s (total gbytes: 91.8 KiB) (time elapsed: 0.011120796203613281 s) (per-host)
[2026-06-18 16:55:48,527][absl][INFO] - [process=0] /jax/checkpoint/read/gbytes_per_sec: 5.351 MiB/s (total gbytes: 91.8 KiB) (time elapsed: 0.016744136810302734 s) (per-host)
[2026-06-18 16:55:48,527][absl][INFO] - [process=0] [sync] Finished load in 0.02 seconds @ /gpfs/home5/sfris1/ltr_datasets/ips_datasets/logging_policy_c10000_ps1p0_pt0p5_bs1p0_drop0rel0_sessallocv2_candfullv2_topx25_maxdocs80_lprdeep_lpsegreedysampler_lppct10p0
[2026-06-18 16:55:52,681][feature_based_propensities_for_ULTR.experiments.data_pipeline][INFO] - Loaded click datasets in 27.20 seconds (train=8694, val=1306, test=0)
[2026-06-18 16:55:52,682][feature_based_propensities_for_ULTR.experiments.data_pipeline][INFO] - Test split is label-only by design; no test click dataset was loaded.
[2026-06-18 16:55:52,682][feature_based_propensities_for_ULTR.data.runtime.alignment][INFO] - Applying data cutoff override: configured=25, natural=25, effective=25
[2026-06-18 16:55:52,682][feature_based_propensities_for_ULTR.data.runtime.alignment][INFO] - Applying data cutoff override: configured=25, natural=25, effective=25
[2026-06-18 16:55:52,773][feature_based_propensities_for_ULTR.data.runtime.aggregation][INFO] - Initializing simulator...
[2026-06-18 16:55:52,774][feature_based_propensities_for_ULTR.data.runtime.aggregation][INFO] - Aggregating train dataset...
[2026-06-18 16:55:58,975][feature_based_propensities_for_ULTR.data.runtime.aggregation][INFO] - Aggregating validation dataset...
[2026-06-18 16:56:01,527][feature_based_propensities_for_ULTR.data.runtime.aggregation][INFO] - Aggregating test dataset from labels only...
[2026-06-18 16:56:03,197][feature_based_propensities_for_ULTR.data.runtime.aggregation][INFO] - Aggregation done in 10.42 seconds
[2026-06-18 16:56:03,197][feature_based_propensities_for_ULTR.data.runtime.aggregation][INFO] - Session usage after aggregation: requested(train=8694,val=1306), actual(train=8694,val=1306,test=0)
[2026-06-18 16:56:03,197][feature_based_propensities_for_ULTR.data.runtime.aggregation][INFO] - Dataset persistence disabled; skipping aggregated dataset cache save.
[2026-06-18 16:56:03,197][feature_based_propensities_for_ULTR.experiments.ips_pipeline][INFO] - Test split uses label-only evaluation; raw test click diagnostics are skipped.
[2026-06-18 16:56:03,220][feature_based_propensities_for_ULTR.experiments.diagnostics][INFO] - [Data] train_docs=470251, val_docs=70687, test_docs=164676, cutoff=25
[2026-06-18 16:56:03,307][feature_based_propensities_for_ULTR.experiments.diagnostics][INFO] - [Train] clicks=1464, displays=146907, ctr=0.0100, ctr_per_doc=0.0100
[2026-06-18 16:56:03,389][feature_based_propensities_for_ULTR.experiments.diagnostics][INFO] - [Validation] clicks=191, displays=21910, ctr=0.0087, ctr_per_doc=0.0087
[2026-06-18 16:56:03,507][feature_based_propensities_for_ULTR.experiments.diagnostics][INFO] - [Test] clicks=0, displays=0, ctr=0.0000, ctr_per_doc=0.0000
[2026-06-18 16:56:03,507][feature_based_propensities_for_ULTR.experiments.ips_pipeline][INFO] - Running estimator pipeline with model='dm'
[2026-06-18 16:56:03,507][feature_based_propensities_for_ULTR.experiments.ips_pipeline][INFO] - Computing position bias (alpha)...
[2026-06-18 16:56:03,523][ultr_bias_toolkit.bias.intervention_harvesting.all_pairs][INFO] - Position bias estimation using global all pairs estimator
[2026-06-18 16:56:52,031][feature_based_propensities_for_ULTR.experiments.position_bias_pipeline][INFO] - Saved estimated position-bias curve to position_bias.json
[2026-06-18 16:56:52,031][feature_based_propensities_for_ULTR.experiments.ips_pipeline][INFO] - Estimated position bias in-run (estimator=global_all_pairs): [ 0.         -0.98048407 -1.2504075  -1.2827522  -1.7914329  -1.8316681
 -2.0188951  -2.0665164  -2.3209226  -2.4521585  -2.1697357  -2.1125047
 -1.3758979  -2.1997247  -2.4459848  -3.9441874  -1.3690312  -2.7615123
 -6.9077554  -6.9077554  -2.9623618  -6.9077554  -1.8210977  -2.8470466
 -3.1805573 ]
[2026-06-18 16:56:52,032][feature_based_propensities_for_ULTR.experiments.propensity_pipeline][INFO] - Computing propensity per doc (method=propensity_mlp_regression)...
[2026-06-18 16:57:50,941][feature_based_propensities_for_ULTR.experiments.propensity_pipeline][INFO] - Propensity computed in 58.91 seconds
[2026-06-18 16:57:50,941][feature_based_propensities_for_ULTR.experiments.propensity_pipeline][INFO] - Alpha logits: [ 0.     -0.9805 -1.2504 -1.2828 -1.7914 -1.8317 -2.0189 -2.0665 -2.3209
 -2.4522 -2.1697 -2.1125 -1.3759 -2.1997 -2.446  -3.9442 -1.369  -2.7615
 -6.9078 -6.9078 -2.9624 -6.9078 -1.8211 -2.847  -3.1806]
[2026-06-18 16:57:50,942][feature_based_propensities_for_ULTR.experiments.propensity_pipeline][INFO] - Alpha: [0.5    0.2728 0.2226 0.2171 0.1429 0.138  0.1172 0.1124 0.0894 0.0793
 0.1025 0.1079 0.2017 0.0998 0.0797 0.019  0.2028 0.0594 0.001  0.001
 0.0492 0.001  0.1393 0.0548 0.0399]
[2026-06-18 16:57:50,943][feature_based_propensities_for_ULTR.experiments.propensity_pipeline][INFO] - Propensity clipping disabled.
[2026-06-18 16:57:52,181][feature_based_propensities_for_ULTR.experiments.regression_pipeline][INFO] - Training regression model for DM/DR...
[2026-06-18 16:58:00,514][feature_based_propensities_for_ULTR.experiments.regression_pipeline][INFO] - Regression epoch 3: train_loss=0.211665 val_loss=0.203298
[2026-06-18 16:58:07,770][feature_based_propensities_for_ULTR.experiments.regression_pipeline][INFO] - Regression epoch 6: train_loss=0.203426 val_loss=0.204208
[2026-06-18 16:58:09,576][feature_based_propensities_for_ULTR.experiments.ips_pipeline][INFO] - Computing DM doc weights...
[2026-06-18 16:58:09,576][feature_based_propensities_for_ULTR.experiments.ips_pipeline][INFO] - Doc weights computed in 0.00 seconds
[2026-06-18 16:58:09,582][feature_based_propensities_for_ULTR.experiments.model_pipeline][INFO] - Loading trainer (trainer_type='pl-rank', n_samples=100)...
[2026-06-18 16:58:09,584][feature_based_propensities_for_ULTR.experiments.model_pipeline][INFO] - Trainer loaded in 0.00 seconds
[2026-06-18 16:58:09,584][feature_based_propensities_for_ULTR.experiments.model_pipeline][INFO] - Training model...
[2026-06-18 17:08:13,214][feature_based_propensities_for_ULTR.experiments.ips_pipeline][INFO] - Final evaluation results:
{'metrics': {'CTR': 0.8572414517402649,
             'DCG': 2.125498056411743,
             'NCTR': 0.6997604966163635,
             'NDCG': 0.7672857046127319,
             'NDCG@25': 0.7672857046127319,
             'NRCTR': 0.6997604966163635,
             'RCTR': 0.8572414517402649}}
[2026-06-18 17:08:13,240][submitit][INFO] - Job completed successfully
[2026-06-18 17:08:13,249][submitit][INFO] - Exiting after successful completion
