[2026-04-19 14:59:22,302][jax._src.xla_bridge][ERROR] - Jax plugin configuration error: Exception when calling jax_plugins.xla_cuda12.initialize()
Traceback (most recent call last):
  File "/gpfs/home5/sfris1/two-towers-confounding-project/.venv/lib/python3.11/site-packages/jax/_src/xla_bridge.py", line 485, in discover_pjrt_plugins
    plugin_module.initialize()
  File "/gpfs/home5/sfris1/two-towers-confounding-project/.venv/lib/python3.11/site-packages/jax_plugins/xla_cuda12/__init__.py", line 328, in initialize
    _check_cuda_versions(raise_on_first_error=True)
  File "/gpfs/home5/sfris1/two-towers-confounding-project/.venv/lib/python3.11/site-packages/jax_plugins/xla_cuda12/__init__.py", line 285, in _check_cuda_versions
    local_device_count = cuda_versions.cuda_device_count()
                         ^^^^^^^^^^^^^^^^^^^^^^^^^^^^^^^^^
RuntimeError: jaxlib/cuda/versions_helpers.cc:113: operation cuInit(0) failed: CUDA_ERROR_NO_DEVICE
[2026-04-19 14:59:23,334][two_tower_confounding.experiments.ips_pipeline][WARNING] - wandb.init failed (Error uploading run: returned error 403: {"data":{"upsertBucket":null},"errors":[{"message":"permission denied","path":["upsertBucket"],"extensions":{"code":"PERMISSION_ERROR"}}]}). Continuing with local logging only.
[2026-04-19 14:59:23,335][two_tower_confounding.experiments.ips_pipeline][WARNING] - Disabling wandb for trainer components because initialization failed.
[2026-04-19 14:59:23,336][two_tower_confounding.experiments.config_resolver][WARNING] - test_clicks=500000 is ignored because test_set_mode='label_only'. Set test_set_mode='clicks' to enable legacy click-based test behavior.
[2026-04-19 14:59:23,343][two_tower_confounding.experiments.data_pipeline][INFO] - Loading or generating click datasets...
[2026-04-19 15:00:27,711][absl][INFO] - orbax-checkpoint version: 0.11.25
[2026-04-19 15:00:27,712][absl][INFO] - Created BasePyTreeCheckpointHandler: use_ocdbt=True, use_zarr3=False, pytree_metadata_options=PyTreeMetadataOptions(support_rich_types=False), array_metadata_store=<orbax.checkpoint._src.metadata.array_metadata_store.Store object at 0x147165b3f4d0>, enable_pinned_host_transfer=False, save_concurrent_bytes: 96000000000 (89.4 GiB), restore_concurrent_bytes: 96000000000 (89.4 GiB)
[2026-04-19 15:00:27,712][absl][INFO] - [thread=MainThread] Failed to get flag value for EXPERIMENTAL_ORBAX_USE_DISTRIBUTED_PROCESS_ID.
[2026-04-19 15:00:27,712][absl][INFO] - [process=0][thread=MainThread] Using barrier_sync_fn: <function get_barrier_sync_fn.<locals>.<lambda> at 0x1470af4893a0> timeout: 600 secs and primary_host=0 for async checkpoint writes
[2026-04-19 15:00:27,716][absl][INFO] - Restoring checkpoint from /gpfs/home5/sfris1/ltr_datasets/ips_datasets/logging_policy_c10000_ps1p0_pt0p5_bs1p0_drop0rel0_sessallocv2_candfullv2_topx25_maxdocs200_lprdeep_lpsegreedysampler_lppct10p0.
[2026-04-19 15:00:27,743][absl][INFO] - [process=0] /jax/checkpoint/read/gbytes_per_sec: 0 Bytes/s (total gbytes: 21.4 KiB) (time elapsed: 25 milliseconds) (per-host)
[2026-04-19 15:00:27,743][absl][INFO] - Finished restoring checkpoint in 0.03 seconds from /gpfs/home5/sfris1/ltr_datasets/ips_datasets/logging_policy_c10000_ps1p0_pt0p5_bs1p0_drop0rel0_sessallocv2_candfullv2_topx25_maxdocs200_lprdeep_lpsegreedysampler_lppct10p0.
[2026-04-19 15:00:32,376][two_tower_confounding.experiments.data_pipeline][INFO] - Loaded click datasets in 69.03 seconds (train=7500, val=2500, test=0)
[2026-04-19 15:00:32,376][two_tower_confounding.experiments.data_pipeline][INFO] - Test split is label-only by design; no test click dataset was loaded.
[2026-04-19 15:00:32,376][two_tower_confounding.data.runtime.alignment][INFO] - Applying data cutoff override: configured=25, natural=25, effective=25
[2026-04-19 15:00:32,377][two_tower_confounding.data.runtime.alignment][INFO] - Applying data cutoff override: configured=25, natural=25, effective=25
[2026-04-19 15:00:32,499][two_tower_confounding.data.runtime.aggregation][INFO] - Initializing simulator...
[2026-04-19 15:00:32,500][two_tower_confounding.data.runtime.aggregation][INFO] - Aggregating train dataset...
[2026-04-19 15:00:37,834][two_tower_confounding.data.runtime.aggregation][INFO] - Aggregating validation dataset...
[2026-04-19 15:00:41,003][two_tower_confounding.data.runtime.aggregation][INFO] - Aggregating test dataset from labels only...
[2026-04-19 15:00:41,959][two_tower_confounding.data.runtime.aggregation][INFO] - Aggregation done in 9.46 seconds
[2026-04-19 15:00:41,960][two_tower_confounding.data.runtime.aggregation][INFO] - Session usage after aggregation: requested(train=7500,val=2500), actual(train=7500,val=2500,test=0)
[2026-04-19 15:00:41,960][two_tower_confounding.data.runtime.aggregation][INFO] - Dataset persistence disabled; skipping aggregated dataset cache save.
[2026-04-19 15:00:41,960][two_tower_confounding.experiments.ips_pipeline][INFO] - Test split uses label-only evaluation; raw test click diagnostics are skipped.
[2026-04-19 15:00:42,017][two_tower_confounding.experiments.diagnostics][INFO] - [Data] train_docs=2132810, val_docs=707814, test_docs=708921, cutoff=25
[2026-04-19 15:00:42,100][two_tower_confounding.experiments.diagnostics][INFO] - [Train] clicks=820, displays=182723, ctr=0.0045, ctr_per_doc=0.0045
[2026-04-19 15:00:42,171][two_tower_confounding.experiments.diagnostics][INFO] - [Validation] clicks=285, displays=60792, ctr=0.0047, ctr_per_doc=0.0047
[2026-04-19 15:00:42,242][two_tower_confounding.experiments.diagnostics][INFO] - [Test] clicks=0, displays=0, ctr=0.0000, ctr_per_doc=0.0000
[2026-04-19 15:00:42,242][two_tower_confounding.experiments.ips_pipeline][INFO] - Running estimator pipeline with model='ips'
[2026-04-19 15:00:42,242][two_tower_confounding.experiments.ips_pipeline][INFO] - Computing position bias (alpha)...
[2026-04-19 15:00:42,249][two_tower_confounding.experiments.position_bias_pipeline][WARNING] - Applying base epsilon=0.001 to 4 position-bias values while reading /gpfs/home5/sfris1/Doubly-Robust-Optimization-With-Two-Tower-Models/results/position_bias_csv_smoke.csv (invalid=0, below_floor=4).
[2026-04-19 15:00:42,250][two_tower_confounding.experiments.ips_pipeline][INFO] - Loaded CSV position bias from /gpfs/home5/sfris1/Doubly-Robust-Optimization-With-Two-Tower-Models/results/position_bias_csv_smoke.csv (method=global_all_pairs): [ 0.        -0.4920215 -1.9585952 -1.6669055 -2.3400593 -1.2984341
 -1.4000233 -1.97628   -2.3171015 -1.5302968 -1.8056777 -6.511131
 -6.9077554 -2.9905024 -2.2249844 -2.762062  -2.2274835 -6.1087966
 -6.9077554 -6.147115  -2.2584925 -6.9077554 -6.9077554 -2.5356207
 -2.3979325]
[2026-04-19 15:00:42,251][two_tower_confounding.experiments.propensity_pipeline][INFO] - Computing propensity per doc (method=frequency_based)...
[2026-04-19 15:01:11,478][two_tower_confounding.experiments.propensity_pipeline][INFO] - Propensity computed in 29.23 seconds
[2026-04-19 15:01:11,478][two_tower_confounding.experiments.propensity_pipeline][INFO] - Alpha logits: [ 0.        -0.4920215 -1.9585952 -1.6669055 -2.3400593 -1.2984341
 -1.4000233 -1.97628   -2.3171015 -1.5302968 -1.8056777 -6.511131
 -6.9077554 -2.9905024 -2.2249844 -2.762062  -2.2274835 -6.1087966
 -6.9077554 -6.147115  -2.2584925 -6.9077554 -6.9077554 -2.5356207
 -2.3979325]
[2026-04-19 15:01:11,480][two_tower_confounding.experiments.propensity_pipeline][INFO] - Alpha: [0.5        0.37941748 0.12361917 0.15883718 0.08785917 0.21442866
 0.19781241 0.12171595 0.0897165  0.17795026 0.14116134 0.00148459
 0.000999   0.0478568  0.0975292  0.05940904 0.09730946 0.00221829
 0.000999   0.00213508 0.09461944 0.000999   0.000999   0.07339846
 0.08333048]
[2026-04-19 15:01:11,480][two_tower_confounding.experiments.propensity_pipeline][INFO] - Propensity clipping disabled.
[2026-04-19 15:01:11,480][two_tower_confounding.experiments.ips_pipeline][INFO] - Computing IPS doc weights...
[2026-04-19 15:01:12,160][two_tower_confounding.experiments.ips_pipeline][INFO] - Doc weights computed in 0.68 seconds
[2026-04-19 15:01:12,168][two_tower_confounding.experiments.model_pipeline][INFO] - Loading trainer (trainer_type='pl-rank', n_samples=100)...
[2026-04-19 15:01:12,170][two_tower_confounding.experiments.model_pipeline][INFO] - Trainer loaded in 0.00 seconds
[2026-04-19 15:01:12,170][two_tower_confounding.experiments.model_pipeline][INFO] - Training model...
[2026-04-19 15:03:31,143][two_tower_confounding.experiments.ips_pipeline][INFO] - Final evaluation results:
{'metrics': {'CTR': 0.46634337306022644,
             'DCG': 1.366007924079895,
             'NCTR': 0.3094170093536377,
             'NDCG': 0.35436350107192993,
             'NDCG@25': 0.35436350107192993,
             'NRCTR': 0.3094170093536377,
             'RCTR': 0.46634337306022644}}
[2026-04-19 15:03:31,177][submitit][INFO] - Job completed successfully
[2026-04-19 15:03:31,186][submitit][INFO] - Exiting after successful completion
