[2026-06-18 16:58:59,678][feature_based_propensities_for_ULTR.experiments.config_resolver][WARNING] - test_clicks=500000 is ignored because test_set_mode='label_only'. Set test_set_mode='clicks' to enable legacy click-based test behavior.
[2026-06-18 16:58:59,683][feature_based_propensities_for_ULTR.experiments.data_pipeline][INFO] - Loading or generating click datasets...
[2026-06-18 17:00:28,668][absl][INFO] - orbax-checkpoint version: 0.11.40
[2026-06-18 17:00:28,668][absl][INFO] - save_device_host_concurrent_bytes=None
[2026-06-18 17:00:28,668][absl][INFO] - Created BasePyTreeCheckpointHandler: use_ocdbt=True, use_zarr3=False, pytree_metadata_options=PyTreeMetadataOptions(support_rich_types=False), array_metadata_store=<orbax.checkpoint._src.metadata.array_metadata_store.Store object at 0x153d325d4150>, enable_pinned_host_transfer=False, save_concurrent_bytes: 96000000000 (89.4 GiB), restore_concurrent_bytes: 96000000000 (89.4 GiB)
[2026-06-18 17:00:28,668][absl][INFO] - [thread=MainThread] Failed to get flag value for EXPERIMENTAL_ORBAX_USE_DISTRIBUTED_PROCESS_ID.
[2026-06-18 17:00:28,669][absl][INFO] - [process=0][thread=MainThread] Using barrier_sync_fn: <function get_barrier_sync_fn.<locals>.<lambda> at 0x153c82873920> timeout: 1200 secs and primary_host=0 for async checkpoint writes
[2026-06-18 17:00:28,669][absl][INFO] - [process=0] [sync] Started load checkpoint @ /gpfs/home5/sfris1/ltr_datasets/ips_datasets/istella_logging_policy_c10000_ps1p0_pt0p5_bs1p0_drop0rel0_sessallocv2_candfullv2_topx25_maxdocs200_lprdeep_lpsegreedysampler_lppct10p0.
[2026-06-18 17:00:28,672][absl][INFO] - Restoring checkpoint from /gpfs/home5/sfris1/ltr_datasets/ips_datasets/istella_logging_policy_c10000_ps1p0_pt0p5_bs1p0_drop0rel0_sessallocv2_candfullv2_topx25_maxdocs200_lprdeep_lpsegreedysampler_lppct10p0.
[2026-06-18 17:00:28,672][absl][INFO] - [process=0] [sync] Finished blocking load in 0.00 seconds. Continuing load @ /gpfs/home5/sfris1/ltr_datasets/ips_datasets/istella_logging_policy_c10000_ps1p0_pt0p5_bs1p0_drop0rel0_sessallocv2_candfullv2_topx25_maxdocs200_lprdeep_lpsegreedysampler_lppct10p0.
[2026-06-18 17:00:28,690][absl][INFO] - [process=0] /jax/orbax/read/worker/io/requested throughput: 2.611 MiB/s (total gbytes: 31.6 KiB) (time elapsed: 0.011827945709228516 s) (per-host)
[2026-06-18 17:00:28,691][absl][INFO] - [process=0] /jax/checkpoint/read/gbytes_per_sec: 1.721 MiB/s (total gbytes: 31.6 KiB) (time elapsed: 0.01794600486755371 s) (per-host)
[2026-06-18 17:00:28,691][absl][INFO] - [process=0] [sync] Finished load in 0.02 seconds @ /gpfs/home5/sfris1/ltr_datasets/ips_datasets/istella_logging_policy_c10000_ps1p0_pt0p5_bs1p0_drop0rel0_sessallocv2_candfullv2_topx25_maxdocs200_lprdeep_lpsegreedysampler_lppct10p0
[2026-06-18 17:00:33,884][feature_based_propensities_for_ULTR.experiments.data_pipeline][INFO] - Loaded click datasets in 94.20 seconds (train=7274, val=2726, test=0)
[2026-06-18 17:00:33,884][feature_based_propensities_for_ULTR.experiments.data_pipeline][INFO] - Test split is label-only by design; no test click dataset was loaded.
[2026-06-18 17:00:33,884][feature_based_propensities_for_ULTR.data.runtime.alignment][INFO] - Applying data cutoff override: configured=25, natural=25, effective=25
[2026-06-18 17:00:33,885][feature_based_propensities_for_ULTR.data.runtime.alignment][INFO] - Applying data cutoff override: configured=25, natural=25, effective=25
[2026-06-18 17:00:33,979][feature_based_propensities_for_ULTR.data.runtime.aggregation][INFO] - Initializing simulator...
[2026-06-18 17:00:33,979][feature_based_propensities_for_ULTR.data.runtime.aggregation][INFO] - Aggregating train dataset...
[2026-06-18 17:00:40,451][feature_based_propensities_for_ULTR.data.runtime.aggregation][INFO] - Aggregating validation dataset...
[2026-06-18 17:00:43,669][feature_based_propensities_for_ULTR.data.runtime.aggregation][INFO] - Aggregating test dataset from labels only...
[2026-06-18 17:00:45,060][feature_based_propensities_for_ULTR.data.runtime.aggregation][INFO] - Aggregation done in 11.08 seconds
[2026-06-18 17:00:45,060][feature_based_propensities_for_ULTR.data.runtime.aggregation][INFO] - Session usage after aggregation: requested(train=7274,val=2726), actual(train=7274,val=2726,test=0)
[2026-06-18 17:00:45,060][feature_based_propensities_for_ULTR.data.runtime.aggregation][INFO] - Dataset persistence disabled; skipping aggregated dataset cache save.
[2026-06-18 17:00:45,060][feature_based_propensities_for_ULTR.experiments.ips_pipeline][INFO] - Test split uses label-only evaluation; raw test click diagnostics are skipped.
[2026-06-18 17:00:45,113][feature_based_propensities_for_ULTR.experiments.diagnostics][INFO] - [Data] train_docs=2043304, val_docs=684076, test_docs=681250, cutoff=25
[2026-06-18 17:00:45,210][feature_based_propensities_for_ULTR.experiments.diagnostics][INFO] - [Train] clicks=1617, displays=180880, ctr=0.0089, ctr_per_doc=0.0089
[2026-06-18 17:00:45,302][feature_based_propensities_for_ULTR.experiments.diagnostics][INFO] - [Validation] clicks=597, displays=67648, ctr=0.0088, ctr_per_doc=0.0088
[2026-06-18 17:00:45,393][feature_based_propensities_for_ULTR.experiments.diagnostics][INFO] - [Test] clicks=0, displays=0, ctr=0.0000, ctr_per_doc=0.0000
[2026-06-18 17:00:45,393][feature_based_propensities_for_ULTR.experiments.ips_pipeline][INFO] - Running estimator pipeline with model='dm'
[2026-06-18 17:00:45,393][feature_based_propensities_for_ULTR.experiments.ips_pipeline][INFO] - Computing position bias (alpha)...
[2026-06-18 17:00:45,414][ultr_bias_toolkit.bias.intervention_harvesting.all_pairs][INFO] - Position bias estimation using global all pairs estimator
[2026-06-18 17:01:35,051][feature_based_propensities_for_ULTR.experiments.position_bias_pipeline][INFO] - Saved estimated position-bias curve to position_bias.json
[2026-06-18 17:01:35,052][feature_based_propensities_for_ULTR.experiments.ips_pipeline][INFO] - Estimated position bias in-run (estimator=global_all_pairs): [ 0.        -0.6237083 -0.8498566 -1.3652284 -1.5121354 -1.20709
 -1.5828062 -2.4737644 -2.4142816 -2.0367317 -6.9077554 -2.4570837
 -0.7932732 -1.631659  -6.9077554 -3.4712527 -6.5443788 -2.1222234
 -1.803545  -6.652078  -6.044344  -2.3710577 -3.2162669 -3.2824128
 -2.5769176]
[2026-06-18 17:01:35,053][feature_based_propensities_for_ULTR.experiments.propensity_pipeline][INFO] - Computing propensity per doc (method=true_propensity)...
[2026-06-18 17:02:01,737][feature_based_propensities_for_ULTR.experiments.propensity_pipeline][INFO] - Propensity computed in 26.68 seconds
[2026-06-18 17:02:01,737][feature_based_propensities_for_ULTR.experiments.propensity_pipeline][INFO] - Alpha logits: [ 0.        -0.6237083 -0.8498566 -1.3652284 -1.5121354 -1.20709
 -1.5828062 -2.4737644 -2.4142816 -2.0367317 -6.9077554 -2.4570837
 -0.7932732 -1.631659  -6.9077554 -3.4712527 -6.5443788 -2.1222234
 -1.803545  -6.652078  -6.044344  -2.3710577 -3.2162669 -3.2824128
 -2.5769176]
[2026-06-18 17:02:01,738][feature_based_propensities_for_ULTR.experiments.propensity_pipeline][INFO] - Alpha: [0.5        0.34893852 0.29946294 0.20339185 0.18062255 0.23021634
 0.17039841 0.07771797 0.08209012 0.11539996 0.000999   0.07892208
 0.31146628 0.16360323 0.000999   0.03014134 0.00143611 0.10695551
 0.14142008 0.00128967 0.00236563 0.08540648 0.03855814 0.03617949
 0.07063882]
[2026-06-18 17:02:01,738][feature_based_propensities_for_ULTR.experiments.propensity_pipeline][INFO] - Propensity clipping disabled.
[2026-06-18 17:02:02,916][feature_based_propensities_for_ULTR.experiments.regression_pipeline][INFO] - Training regression model for DM/DR...
[2026-06-18 17:02:10,939][feature_based_propensities_for_ULTR.experiments.regression_pipeline][INFO] - Regression epoch 3: train_loss=0.292721 val_loss=0.302489
[2026-06-18 17:02:17,642][feature_based_propensities_for_ULTR.experiments.regression_pipeline][INFO] - Regression epoch 6: train_loss=0.284483 val_loss=0.309971
[2026-06-18 17:02:23,474][feature_based_propensities_for_ULTR.experiments.ips_pipeline][INFO] - Computing DM doc weights...
[2026-06-18 17:02:23,474][feature_based_propensities_for_ULTR.experiments.ips_pipeline][INFO] - Doc weights computed in 0.00 seconds
[2026-06-18 17:02:23,484][feature_based_propensities_for_ULTR.experiments.model_pipeline][INFO] - Loading trainer (trainer_type='pl-rank', n_samples=100)...
[2026-06-18 17:02:23,486][feature_based_propensities_for_ULTR.experiments.model_pipeline][INFO] - Trainer loaded in 0.00 seconds
[2026-06-18 17:02:23,486][feature_based_propensities_for_ULTR.experiments.model_pipeline][INFO] - Training model...
[2026-06-18 17:29:06,001][feature_based_propensities_for_ULTR.experiments.ips_pipeline][INFO] - Final evaluation results:
{'metrics': {'CTR': 1.1017059087753296,
             'DCG': 2.399465799331665,
             'NCTR': 0.5894204378128052,
             'NDCG': 0.6981402039527893,
             'NDCG@25': 0.6981402039527893,
             'NRCTR': 0.5894204378128052,
             'RCTR': 1.1017059087753296}}
[2026-06-18 17:29:06,036][submitit][INFO] - Job completed successfully
[2026-06-18 17:29:06,045][submitit][INFO] - Exiting after successful completion
