[2026-05-03 14:55:19,870][two_tower_confounding.experiments.config_resolver][WARNING] - test_clicks=500000 is ignored because test_set_mode='label_only'. Set test_set_mode='clicks' to enable legacy click-based test behavior.
[2026-05-03 14:55:19,876][two_tower_confounding.experiments.data_pipeline][INFO] - Loading or generating click datasets...
[2026-05-03 14:56:51,602][absl][INFO] - orbax-checkpoint version: 0.11.37
[2026-05-03 14:56:51,603][absl][INFO] - save_device_host_concurrent_bytes=None
[2026-05-03 14:56:51,604][absl][INFO] - Created BasePyTreeCheckpointHandler: use_ocdbt=True, use_zarr3=False, pytree_metadata_options=PyTreeMetadataOptions(support_rich_types=False), array_metadata_store=<orbax.checkpoint._src.metadata.array_metadata_store.Store object at 0x154c06247850>, enable_pinned_host_transfer=False, save_concurrent_bytes: 96000000000 (89.4 GiB), restore_concurrent_bytes: 96000000000 (89.4 GiB)
[2026-05-03 14:56:51,604][absl][INFO] - [thread=MainThread] Failed to get flag value for EXPERIMENTAL_ORBAX_USE_DISTRIBUTED_PROCESS_ID.
[2026-05-03 14:56:51,604][absl][INFO] - [process=0][thread=MainThread] Using barrier_sync_fn: <function get_barrier_sync_fn.<locals>.<lambda> at 0x154b400118a0> timeout: 1200 secs and primary_host=0 for async checkpoint writes
[2026-05-03 14:56:51,604][absl][INFO] - [process=0] [sync] Started load checkpoint @ /gpfs/home5/sfris1/ltr_datasets/ips_datasets/istella_logging_policy_c10000_ps1p0_pt0p5_bs1p0_drop0rel0_sessallocv2_candfullv2_topx25_maxdocs200_lprdeep_lpsegreedysampler_lppct10p0.
[2026-05-03 14:56:51,608][absl][INFO] - Restoring checkpoint from /gpfs/home5/sfris1/ltr_datasets/ips_datasets/istella_logging_policy_c10000_ps1p0_pt0p5_bs1p0_drop0rel0_sessallocv2_candfullv2_topx25_maxdocs200_lprdeep_lpsegreedysampler_lppct10p0.
[2026-05-03 14:56:51,608][absl][INFO] - [process=0] [sync] Finished blocking load in 0.00 seconds. Continuing load @ /gpfs/home5/sfris1/ltr_datasets/ips_datasets/istella_logging_policy_c10000_ps1p0_pt0p5_bs1p0_drop0rel0_sessallocv2_candfullv2_topx25_maxdocs200_lprdeep_lpsegreedysampler_lppct10p0.
[2026-05-03 14:56:51,627][absl][INFO] - [process=0] /jax/orbax/read/worker/io/requested throughput: 2.562 MiB/s (total gbytes: 31.6 KiB) (time elapsed: 0.012053728103637695 s) (per-host)
[2026-05-03 14:56:51,628][absl][INFO] - [process=0] /jax/checkpoint/read/gbytes_per_sec: 1.622 MiB/s (total gbytes: 31.6 KiB) (time elapsed: 0.019047021865844727 s) (per-host)
[2026-05-03 14:56:51,629][absl][INFO] - [process=0] [sync] Finished load in 0.02 seconds @ /gpfs/home5/sfris1/ltr_datasets/ips_datasets/istella_logging_policy_c10000_ps1p0_pt0p5_bs1p0_drop0rel0_sessallocv2_candfullv2_topx25_maxdocs200_lprdeep_lpsegreedysampler_lppct10p0
[2026-05-03 14:56:56,785][two_tower_confounding.experiments.data_pipeline][INFO] - Loaded click datasets in 96.91 seconds (train=7274, val=2726, test=0)
[2026-05-03 14:56:56,786][two_tower_confounding.experiments.data_pipeline][INFO] - Test split is label-only by design; no test click dataset was loaded.
[2026-05-03 14:56:56,786][two_tower_confounding.data.runtime.alignment][INFO] - Applying data cutoff override: configured=25, natural=25, effective=25
[2026-05-03 14:56:56,786][two_tower_confounding.data.runtime.alignment][INFO] - Applying data cutoff override: configured=25, natural=25, effective=25
[2026-05-03 14:56:56,883][two_tower_confounding.data.runtime.aggregation][INFO] - Initializing simulator...
[2026-05-03 14:56:56,884][two_tower_confounding.data.runtime.aggregation][INFO] - Aggregating train dataset...
[2026-05-03 14:57:03,211][two_tower_confounding.data.runtime.aggregation][INFO] - Aggregating validation dataset...
[2026-05-03 14:57:06,522][two_tower_confounding.data.runtime.aggregation][INFO] - Aggregating test dataset from labels only...
[2026-05-03 14:57:08,211][two_tower_confounding.data.runtime.aggregation][INFO] - Aggregation done in 11.33 seconds
[2026-05-03 14:57:08,212][two_tower_confounding.data.runtime.aggregation][INFO] - Session usage after aggregation: requested(train=7274,val=2726), actual(train=7274,val=2726,test=0)
[2026-05-03 14:57:08,212][two_tower_confounding.data.runtime.aggregation][INFO] - Dataset persistence disabled; skipping aggregated dataset cache save.
[2026-05-03 14:57:08,212][two_tower_confounding.experiments.ips_pipeline][INFO] - Test split uses label-only evaluation; raw test click diagnostics are skipped.
[2026-05-03 14:57:08,265][two_tower_confounding.experiments.diagnostics][INFO] - [Data] train_docs=2043304, val_docs=684076, test_docs=681250, cutoff=25
[2026-05-03 14:57:08,362][two_tower_confounding.experiments.diagnostics][INFO] - [Train] clicks=1487, displays=181035, ctr=0.0082, ctr_per_doc=0.0082
[2026-05-03 14:57:08,453][two_tower_confounding.experiments.diagnostics][INFO] - [Validation] clicks=605, displays=67736, ctr=0.0089, ctr_per_doc=0.0089
[2026-05-03 14:57:08,543][two_tower_confounding.experiments.diagnostics][INFO] - [Test] clicks=0, displays=0, ctr=0.0000, ctr_per_doc=0.0000
[2026-05-03 14:57:08,543][two_tower_confounding.experiments.ips_pipeline][INFO] - Running estimator pipeline with model='ips'
[2026-05-03 14:57:08,543][two_tower_confounding.experiments.ips_pipeline][INFO] - Computing position bias (alpha)...
[2026-05-03 14:57:08,550][two_tower_confounding.experiments.ips_pipeline][INFO] - Loaded CSV position bias from /gpfs/home5/sfris1/Doubly-Robust-Optimization-With-Two-Tower-Models/results/position_bias_csv_smoke.csv (method=pivot_one): [ 0.        -0.6931472  0.         0.6931472 -6.9077554 -6.9077554
 -6.9077554 -6.9077554 -6.9077554 -6.9077554 -6.9077554 -6.9077554
 -6.9077554 -6.9077554 -6.9077554 -6.9077554 -6.9077554 -6.9077554
 -6.9077554 -6.9077554 -6.9077554 -6.9077554 -6.9077554 -6.9077554
 -6.9077554]
[2026-05-03 14:57:08,551][two_tower_confounding.experiments.propensity_pipeline][INFO] - Computing propensity per doc (method=true_propensity)...
[2026-05-03 14:57:35,036][two_tower_confounding.experiments.propensity_pipeline][INFO] - Propensity computed in 26.48 seconds
[2026-05-03 14:57:35,036][two_tower_confounding.experiments.propensity_pipeline][INFO] - Alpha logits: [ 0.        -0.6931472  0.         0.6931472 -6.9077554 -6.9077554
 -6.9077554 -6.9077554 -6.9077554 -6.9077554 -6.9077554 -6.9077554
 -6.9077554 -6.9077554 -6.9077554 -6.9077554 -6.9077554 -6.9077554
 -6.9077554 -6.9077554 -6.9077554 -6.9077554 -6.9077554 -6.9077554
 -6.9077554]
[2026-05-03 14:57:35,037][two_tower_confounding.experiments.propensity_pipeline][INFO] - Alpha: [0.5        0.33333334 0.5        0.6666667  0.000999   0.000999
 0.000999   0.000999   0.000999   0.000999   0.000999   0.000999
 0.000999   0.000999   0.000999   0.000999   0.000999   0.000999
 0.000999   0.000999   0.000999   0.000999   0.000999   0.000999
 0.000999  ]
[2026-05-03 14:57:35,038][two_tower_confounding.experiments.propensity_pipeline][INFO] - Propensity clipping disabled.
[2026-05-03 14:57:35,038][two_tower_confounding.experiments.ips_pipeline][INFO] - Computing IPS doc weights...
[2026-05-03 14:57:35,553][two_tower_confounding.experiments.ips_pipeline][INFO] - Doc weights computed in 0.52 seconds
[2026-05-03 14:57:35,588][two_tower_confounding.experiments.model_pipeline][INFO] - Loading trainer (trainer_type='pl-rank', n_samples=100)...
[2026-05-03 14:57:35,590][two_tower_confounding.experiments.model_pipeline][INFO] - Trainer loaded in 0.00 seconds
[2026-05-03 14:57:35,590][two_tower_confounding.experiments.model_pipeline][INFO] - Training model...
[2026-05-03 15:01:20,132][two_tower_confounding.experiments.ips_pipeline][INFO] - Final evaluation results:
{'metrics': {'CTR': 0.6982495188713074,
             'DCG': 1.986251711845398,
             'NCTR': 0.3959357738494873,
             'NDCG': 0.5766693949699402,
             'NDCG@25': 0.5766693949699402,
             'NRCTR': 0.3959357738494873,
             'RCTR': 0.6982495188713074}}
[2026-05-03 15:01:20,164][submitit][INFO] - Job completed successfully
[2026-05-03 15:01:20,174][submitit][INFO] - Exiting after successful completion
