[2026-04-09 15:51:58,136][jax._src.xla_bridge][ERROR] - Jax plugin configuration error: Exception when calling jax_plugins.xla_cuda12.initialize()
Traceback (most recent call last):
  File "/gpfs/home5/sfris1/two-towers-confounding-project/.venv/lib/python3.11/site-packages/jax/_src/xla_bridge.py", line 485, in discover_pjrt_plugins
    plugin_module.initialize()
  File "/gpfs/home5/sfris1/two-towers-confounding-project/.venv/lib/python3.11/site-packages/jax_plugins/xla_cuda12/__init__.py", line 328, in initialize
    _check_cuda_versions(raise_on_first_error=True)
  File "/gpfs/home5/sfris1/two-towers-confounding-project/.venv/lib/python3.11/site-packages/jax_plugins/xla_cuda12/__init__.py", line 285, in _check_cuda_versions
    local_device_count = cuda_versions.cuda_device_count()
                         ^^^^^^^^^^^^^^^^^^^^^^^^^^^^^^^^^
RuntimeError: jaxlib/cuda/versions_helpers.cc:113: operation cuInit(0) failed: CUDA_ERROR_NO_DEVICE
[2026-04-09 15:51:59,186][two_tower_confounding.experiments.ips_pipeline][WARNING] - wandb.init failed (Error uploading run: returned error 403: {"data":{"upsertBucket":null},"errors":[{"message":"permission denied","path":["upsertBucket"],"extensions":{"code":"PERMISSION_ERROR"}}]}). Continuing with local logging only.
[2026-04-09 15:51:59,187][two_tower_confounding.experiments.ips_pipeline][WARNING] - Disabling wandb for trainer components because initialization failed.
[2026-04-09 15:51:59,187][two_tower_confounding.experiments.config_resolver][WARNING] - test_clicks=500000 is ignored because test_set_mode='label_only'. Set test_set_mode='clicks' to enable legacy click-based test behavior.
[2026-04-09 15:51:59,193][two_tower_confounding.experiments.data_pipeline][INFO] - Loading or generating click datasets...
[2026-04-09 15:53:03,131][absl][INFO] - orbax-checkpoint version: 0.11.25
[2026-04-09 15:53:03,132][absl][INFO] - Created BasePyTreeCheckpointHandler: use_ocdbt=True, use_zarr3=False, pytree_metadata_options=PyTreeMetadataOptions(support_rich_types=False), array_metadata_store=<orbax.checkpoint._src.metadata.array_metadata_store.Store object at 0x14c0dbc51090>, enable_pinned_host_transfer=False, save_concurrent_bytes: 96000000000 (89.4 GiB), restore_concurrent_bytes: 96000000000 (89.4 GiB)
[2026-04-09 15:53:03,132][absl][INFO] - [thread=MainThread] Failed to get flag value for EXPERIMENTAL_ORBAX_USE_DISTRIBUTED_PROCESS_ID.
[2026-04-09 15:53:03,132][absl][INFO] - [process=0][thread=MainThread] Using barrier_sync_fn: <function get_barrier_sync_fn.<locals>.<lambda> at 0x14c00fb24b80> timeout: 600 secs and primary_host=0 for async checkpoint writes
[2026-04-09 15:53:03,134][absl][INFO] - Restoring checkpoint from /gpfs/home5/sfris1/ltr_datasets/ips_datasets/logging_policy_c50000_ps1p0_pt0p5_bs1p0_drop0rel0_sessallocv2_candfullv2_topx25_maxdocs200_lprdeep_lpsegreedysampler_lppct10p0.
[2026-04-09 15:53:03,157][absl][INFO] - [process=0] /jax/checkpoint/read/gbytes_per_sec: 0 Bytes/s (total gbytes: 21.4 KiB) (time elapsed: 20 milliseconds) (per-host)
[2026-04-09 15:53:03,157][absl][INFO] - Finished restoring checkpoint in 0.02 seconds from /gpfs/home5/sfris1/ltr_datasets/ips_datasets/logging_policy_c50000_ps1p0_pt0p5_bs1p0_drop0rel0_sessallocv2_candfullv2_topx25_maxdocs200_lprdeep_lpsegreedysampler_lppct10p0.
[2026-04-09 15:53:11,450][two_tower_confounding.experiments.data_pipeline][INFO] - Loaded click datasets in 72.26 seconds (train=37500, val=12500, test=0)
[2026-04-09 15:53:11,450][two_tower_confounding.experiments.data_pipeline][INFO] - Test split is label-only by design; no test click dataset was loaded.
[2026-04-09 15:53:11,450][two_tower_confounding.data.runtime.alignment][INFO] - Applying data cutoff override: configured=25, natural=25, effective=25
[2026-04-09 15:53:11,451][two_tower_confounding.data.runtime.alignment][INFO] - Applying data cutoff override: configured=25, natural=25, effective=25
[2026-04-09 15:53:11,581][two_tower_confounding.data.runtime.aggregation][INFO] - Initializing simulator...
[2026-04-09 15:53:11,582][two_tower_confounding.data.runtime.aggregation][INFO] - Aggregating train dataset...
[2026-04-09 15:53:17,119][two_tower_confounding.data.runtime.aggregation][INFO] - Aggregating validation dataset...
[2026-04-09 15:53:20,488][two_tower_confounding.data.runtime.aggregation][INFO] - Aggregating test dataset from labels only...
[2026-04-09 15:53:21,496][two_tower_confounding.data.runtime.aggregation][INFO] - Aggregation done in 9.91 seconds
[2026-04-09 15:53:21,497][two_tower_confounding.data.runtime.aggregation][INFO] - Session usage after aggregation: requested(train=37500,val=12500), actual(train=37500,val=12500,test=0)
[2026-04-09 15:53:21,497][two_tower_confounding.data.runtime.aggregation][INFO] - Dataset persistence disabled; skipping aggregated dataset cache save.
[2026-04-09 15:53:21,497][two_tower_confounding.experiments.ips_pipeline][INFO] - Test split uses label-only evaluation; raw test click diagnostics are skipped.
[2026-04-09 15:53:21,553][two_tower_confounding.experiments.diagnostics][INFO] - [Data] train_docs=2132810, val_docs=707814, test_docs=708921, cutoff=25
[2026-04-09 15:53:21,641][two_tower_confounding.experiments.diagnostics][INFO] - [Train] clicks=3896, displays=910733, ctr=0.0043, ctr_per_doc=0.0043
[2026-04-09 15:53:21,717][two_tower_confounding.experiments.diagnostics][INFO] - [Validation] clicks=1342, displays=304674, ctr=0.0044, ctr_per_doc=0.0044
[2026-04-09 15:53:21,791][two_tower_confounding.experiments.diagnostics][INFO] - [Test] clicks=0, displays=0, ctr=0.0000, ctr_per_doc=0.0000
[2026-04-09 15:53:21,791][two_tower_confounding.experiments.ips_pipeline][INFO] - Running estimator pipeline with model='dr'
[2026-04-09 15:53:21,791][two_tower_confounding.experiments.ips_pipeline][INFO] - Computing position bias (alpha)...
[2026-04-09 15:53:21,855][two_tower_confounding.experiments.propensity_pipeline][INFO] - Computing propensity per doc (method=frequency_based)...
[2026-04-09 15:55:36,995][two_tower_confounding.experiments.propensity_pipeline][INFO] - Propensity computed in 135.14 seconds
[2026-04-09 15:55:36,996][two_tower_confounding.experiments.propensity_pipeline][INFO] - Alpha logits: [-0.        -0.6931472 -1.0986123 -1.3862944 -1.609438  -1.7917595
 -1.9459101 -2.0794415 -2.1972246 -2.3025851 -2.3978953 -2.4849067
 -2.5649493 -2.6390574 -2.7080503 -2.7725887 -2.8332133 -2.8903718
 -2.944439  -2.9957323 -3.0445225 -3.0910425 -3.1354942 -3.1780539
 -3.218876 ]
[2026-04-09 15:55:36,997][two_tower_confounding.experiments.propensity_pipeline][INFO] - Alpha: [0.5        0.33333334 0.25       0.2        0.16666667 0.14285715
 0.12500001 0.11111111 0.1        0.09090909 0.08333333 0.07692308
 0.07142857 0.06666666 0.0625     0.05882353 0.05555556 0.05263158
 0.05       0.04761905 0.04545454 0.04347826 0.04166667 0.04
 0.03846154]
[2026-04-09 15:55:36,998][two_tower_confounding.experiments.propensity_pipeline][INFO] - Propensity clipping disabled.
[2026-04-09 15:55:36,998][two_tower_confounding.experiments.propensity_pipeline][INFO] - Computing propensity per doc (method=frequency_based)...
[2026-04-09 15:57:49,306][two_tower_confounding.experiments.propensity_pipeline][INFO] - Propensity computed in 132.31 seconds
[2026-04-09 15:57:49,306][two_tower_confounding.experiments.propensity_pipeline][INFO] - Alpha logits: [-0.        -0.6931472 -1.0986123 -1.3862944 -1.609438  -1.7917595
 -1.9459101 -2.0794415 -2.1972246 -2.3025851 -2.3978953 -2.4849067
 -2.5649493 -2.6390574 -2.7080503 -2.7725887 -2.8332133 -2.8903718
 -2.944439  -2.9957323 -3.0445225 -3.0910425 -3.1354942 -3.1780539
 -3.218876 ]
[2026-04-09 15:57:49,307][two_tower_confounding.experiments.propensity_pipeline][INFO] - Alpha: [0.5        0.33333334 0.25       0.2        0.16666667 0.14285715
 0.12500001 0.11111111 0.1        0.09090909 0.08333333 0.07692308
 0.07142857 0.06666666 0.0625     0.05882353 0.05555556 0.05263158
 0.05       0.04761905 0.04545454 0.04347826 0.04166667 0.04
 0.03846154]
[2026-04-09 15:57:51,273][two_tower_confounding.experiments.regression_pipeline][INFO] - Training regression model for DM/DR...
[2026-04-09 15:58:16,241][two_tower_confounding.experiments.regression_pipeline][INFO] - Regression epoch 3: train_loss=0.125277 val_loss=0.140083
[2026-04-09 15:58:39,697][two_tower_confounding.experiments.regression_pipeline][INFO] - Regression epoch 6: train_loss=0.124238 val_loss=0.128864
[2026-04-09 15:59:03,183][two_tower_confounding.experiments.regression_pipeline][INFO] - Regression epoch 9: train_loss=0.123061 val_loss=0.128367
[2026-04-09 15:59:09,225][two_tower_confounding.experiments.ips_pipeline][INFO] - Computing DR doc weights...
[2026-04-09 15:59:09,258][two_tower_confounding.experiments.ips_pipeline][INFO] - Doc weights computed in 0.03 seconds
[2026-04-09 15:59:09,266][two_tower_confounding.experiments.model_pipeline][INFO] - Loading trainer (trainer_type='pl-rank', n_samples=100)...
[2026-04-09 15:59:09,268][two_tower_confounding.experiments.model_pipeline][INFO] - Trainer loaded in 0.00 seconds
[2026-04-09 15:59:09,268][two_tower_confounding.experiments.model_pipeline][INFO] - Training model...
[2026-04-09 16:19:33,212][submitit][WARNING] - Bypassing signal SIGTERM
[2026-04-09 16:19:33,212][submitit][WARNING] - Bypassing signal SIGCONT
[2026-06-17 13:55:42,631][feature_based_propensities_for_ULTR.experiments.config_resolver][WARNING] - test_clicks=500000 is ignored because test_set_mode='label_only'. Set test_set_mode='clicks' to enable legacy click-based test behavior.
[2026-06-17 13:55:42,638][feature_based_propensities_for_ULTR.experiments.data_pipeline][INFO] - Loading or generating click datasets...
[2026-06-17 13:56:43,529][absl][INFO] - orbax-checkpoint version: 0.11.40
[2026-06-17 13:56:43,530][absl][INFO] - save_device_host_concurrent_bytes=None
[2026-06-17 13:56:43,530][absl][INFO] - Created BasePyTreeCheckpointHandler: use_ocdbt=True, use_zarr3=False, pytree_metadata_options=PyTreeMetadataOptions(support_rich_types=False), array_metadata_store=<orbax.checkpoint._src.metadata.array_metadata_store.Store object at 0x14cfb822a190>, enable_pinned_host_transfer=False, save_concurrent_bytes: 96000000000 (89.4 GiB), restore_concurrent_bytes: 96000000000 (89.4 GiB)
[2026-06-17 13:56:43,530][absl][INFO] - [thread=MainThread] Failed to get flag value for EXPERIMENTAL_ORBAX_USE_DISTRIBUTED_PROCESS_ID.
[2026-06-17 13:56:43,530][absl][INFO] - [process=0][thread=MainThread] Using barrier_sync_fn: <function get_barrier_sync_fn.<locals>.<lambda> at 0x14ceeffb2b60> timeout: 1200 secs and primary_host=0 for async checkpoint writes
[2026-06-17 13:56:43,531][absl][INFO] - [process=0] [sync] Started load checkpoint @ /gpfs/home5/sfris1/ltr_datasets/ips_datasets/logging_policy_c50000_ps1p0_pt0p5_bs1p0_drop0rel0_sessallocv2_candfullv2_topx25_maxdocs200_lprdeep_lpsegreedysampler_lppct10p0.
[2026-06-17 13:56:43,534][absl][INFO] - Restoring checkpoint from /gpfs/home5/sfris1/ltr_datasets/ips_datasets/logging_policy_c50000_ps1p0_pt0p5_bs1p0_drop0rel0_sessallocv2_candfullv2_topx25_maxdocs200_lprdeep_lpsegreedysampler_lppct10p0.
[2026-06-17 13:56:43,534][absl][INFO] - [process=0] [sync] Finished blocking load in 0.00 seconds. Continuing load @ /gpfs/home5/sfris1/ltr_datasets/ips_datasets/logging_policy_c50000_ps1p0_pt0p5_bs1p0_drop0rel0_sessallocv2_candfullv2_topx25_maxdocs200_lprdeep_lpsegreedysampler_lppct10p0.
[2026-06-17 13:56:43,552][absl][INFO] - [process=0] /jax/orbax/read/worker/io/requested throughput: 1.748 MiB/s (total gbytes: 21.4 KiB) (time elapsed: 0.011943817138671875 s) (per-host)
[2026-06-17 13:56:43,554][absl][INFO] - [process=0] /jax/checkpoint/read/gbytes_per_sec: 1.137 MiB/s (total gbytes: 21.4 KiB) (time elapsed: 0.018356800079345703 s) (per-host)
[2026-06-17 13:56:43,554][absl][INFO] - [process=0] [sync] Finished load in 0.02 seconds @ /gpfs/home5/sfris1/ltr_datasets/ips_datasets/logging_policy_c50000_ps1p0_pt0p5_bs1p0_drop0rel0_sessallocv2_candfullv2_topx25_maxdocs200_lprdeep_lpsegreedysampler_lppct10p0
[2026-06-17 13:56:51,151][feature_based_propensities_for_ULTR.experiments.data_pipeline][INFO] - Loaded click datasets in 68.51 seconds (train=37500, val=12500, test=0)
[2026-06-17 13:56:51,151][feature_based_propensities_for_ULTR.experiments.data_pipeline][INFO] - Test split is label-only by design; no test click dataset was loaded.
[2026-06-17 13:56:51,152][feature_based_propensities_for_ULTR.data.runtime.alignment][INFO] - Applying data cutoff override: configured=25, natural=25, effective=25
[2026-06-17 13:56:51,152][feature_based_propensities_for_ULTR.data.runtime.alignment][INFO] - Applying data cutoff override: configured=25, natural=25, effective=25
[2026-06-17 13:56:51,246][feature_based_propensities_for_ULTR.data.runtime.aggregation][INFO] - Initializing simulator...
[2026-06-17 13:56:51,246][feature_based_propensities_for_ULTR.data.runtime.aggregation][INFO] - Aggregating train dataset...
[2026-06-17 13:56:56,466][feature_based_propensities_for_ULTR.data.runtime.aggregation][INFO] - Aggregating validation dataset...
[2026-06-17 13:56:59,506][feature_based_propensities_for_ULTR.data.runtime.aggregation][INFO] - Aggregating test dataset from labels only...
[2026-06-17 13:57:00,320][feature_based_propensities_for_ULTR.data.runtime.aggregation][INFO] - Aggregation done in 9.07 seconds
[2026-06-17 13:57:00,320][feature_based_propensities_for_ULTR.data.runtime.aggregation][INFO] - Session usage after aggregation: requested(train=37500,val=12500), actual(train=37500,val=12500,test=0)
[2026-06-17 13:57:00,320][feature_based_propensities_for_ULTR.data.runtime.aggregation][INFO] - Dataset persistence disabled; skipping aggregated dataset cache save.
[2026-06-17 13:57:00,320][feature_based_propensities_for_ULTR.experiments.ips_pipeline][INFO] - Test split uses label-only evaluation; raw test click diagnostics are skipped.
[2026-06-17 13:57:00,372][feature_based_propensities_for_ULTR.experiments.diagnostics][INFO] - [Data] train_docs=2132810, val_docs=707814, test_docs=708921, cutoff=25
[2026-06-17 13:57:00,475][feature_based_propensities_for_ULTR.experiments.diagnostics][INFO] - [Train] clicks=3896, displays=910733, ctr=0.0043, ctr_per_doc=0.0043
[2026-06-17 13:57:00,563][feature_based_propensities_for_ULTR.experiments.diagnostics][INFO] - [Validation] clicks=1342, displays=304674, ctr=0.0044, ctr_per_doc=0.0044
[2026-06-17 13:57:00,652][feature_based_propensities_for_ULTR.experiments.diagnostics][INFO] - [Test] clicks=0, displays=0, ctr=0.0000, ctr_per_doc=0.0000
[2026-06-17 13:57:00,652][feature_based_propensities_for_ULTR.experiments.ips_pipeline][INFO] - Running estimator pipeline with model='dr'
[2026-06-17 13:57:00,652][feature_based_propensities_for_ULTR.experiments.ips_pipeline][INFO] - Computing position bias (alpha)...
[2026-06-17 13:57:00,703][feature_based_propensities_for_ULTR.experiments.propensity_pipeline][INFO] - Computing propensity per doc (method=frequency_based)...
[2026-06-17 13:59:14,413][feature_based_propensities_for_ULTR.experiments.propensity_pipeline][INFO] - Propensity computed in 133.71 seconds
[2026-06-17 13:59:14,414][feature_based_propensities_for_ULTR.experiments.propensity_pipeline][INFO] - Alpha logits: [-0.        -0.6931472 -1.0986123 -1.3862944 -1.609438  -1.7917595
 -1.9459101 -2.0794415 -2.1972246 -2.3025851 -2.3978953 -2.4849067
 -2.5649493 -2.6390574 -2.7080503 -2.7725887 -2.8332133 -2.8903718
 -2.944439  -2.9957323 -3.0445225 -3.0910425 -3.1354942 -3.1780539
 -3.218876 ]
[2026-06-17 13:59:14,415][feature_based_propensities_for_ULTR.experiments.propensity_pipeline][INFO] - Alpha: [0.5        0.33333334 0.25       0.2        0.16666667 0.14285715
 0.12500001 0.11111111 0.1        0.09090909 0.08333333 0.07692308
 0.07142857 0.06666666 0.0625     0.05882353 0.05555556 0.05263158
 0.05       0.04761905 0.04545454 0.04347826 0.04166667 0.04
 0.03846154]
[2026-06-17 13:59:14,416][feature_based_propensities_for_ULTR.experiments.propensity_pipeline][INFO] - Propensity clipping disabled.
[2026-06-17 13:59:14,416][feature_based_propensities_for_ULTR.experiments.propensity_pipeline][INFO] - Computing propensity per doc (method=frequency_based)...
[2026-06-17 14:01:26,995][feature_based_propensities_for_ULTR.experiments.propensity_pipeline][INFO] - Propensity computed in 132.58 seconds
[2026-06-17 14:01:26,996][feature_based_propensities_for_ULTR.experiments.propensity_pipeline][INFO] - Alpha logits: [-0.        -0.6931472 -1.0986123 -1.3862944 -1.609438  -1.7917595
 -1.9459101 -2.0794415 -2.1972246 -2.3025851 -2.3978953 -2.4849067
 -2.5649493 -2.6390574 -2.7080503 -2.7725887 -2.8332133 -2.8903718
 -2.944439  -2.9957323 -3.0445225 -3.0910425 -3.1354942 -3.1780539
 -3.218876 ]
[2026-06-17 14:01:26,997][feature_based_propensities_for_ULTR.experiments.propensity_pipeline][INFO] - Alpha: [0.5        0.33333334 0.25       0.2        0.16666667 0.14285715
 0.12500001 0.11111111 0.1        0.09090909 0.08333333 0.07692308
 0.07142857 0.06666666 0.0625     0.05882353 0.05555556 0.05263158
 0.05       0.04761905 0.04545454 0.04347826 0.04166667 0.04
 0.03846154]
[2026-06-17 14:01:28,348][feature_based_propensities_for_ULTR.experiments.regression_pipeline][INFO] - Training regression model for DM/DR...
[2026-06-17 14:01:53,525][feature_based_propensities_for_ULTR.experiments.regression_pipeline][INFO] - Regression epoch 3: train_loss=0.125297 val_loss=0.139485
[2026-06-17 14:02:17,542][feature_based_propensities_for_ULTR.experiments.regression_pipeline][INFO] - Regression epoch 6: train_loss=0.124194 val_loss=0.128651
[2026-06-17 14:02:41,584][feature_based_propensities_for_ULTR.experiments.regression_pipeline][INFO] - Regression epoch 9: train_loss=0.122988 val_loss=0.128614
[2026-06-17 14:02:47,667][feature_based_propensities_for_ULTR.experiments.ips_pipeline][INFO] - Computing DR doc weights...
[2026-06-17 14:02:47,699][feature_based_propensities_for_ULTR.experiments.ips_pipeline][INFO] - Doc weights computed in 0.03 seconds
[2026-06-17 14:02:47,709][feature_based_propensities_for_ULTR.experiments.model_pipeline][INFO] - Loading trainer (trainer_type='pl-rank', n_samples=100)...
[2026-06-17 14:02:47,711][feature_based_propensities_for_ULTR.experiments.model_pipeline][INFO] - Trainer loaded in 0.00 seconds
[2026-06-17 14:02:47,711][feature_based_propensities_for_ULTR.experiments.model_pipeline][INFO] - Training model...
[2026-06-17 14:26:19,872][feature_based_propensities_for_ULTR.experiments.ips_pipeline][INFO] - Final evaluation results:
{'metrics': {'CTR': 0.643444836139679,
             'DCG': 1.7247107028961182,
             'NCTR': 0.42051559686660767,
             'NDCG': 0.4426349699497223,
             'NDCG@25': 0.4426349699497223,
             'NRCTR': 0.42051559686660767,
             'RCTR': 0.643444836139679}}
[2026-06-17 14:26:19,909][submitit][INFO] - Job completed successfully
[2026-06-17 14:26:19,919][submitit][INFO] - Exiting after successful completion
