[2026-06-18 16:57:28,461][feature_based_propensities_for_ULTR.experiments.config_resolver][WARNING] - test_clicks=500000 is ignored because test_set_mode='label_only'. Set test_set_mode='clicks' to enable legacy click-based test behavior.
[2026-06-18 16:57:28,466][feature_based_propensities_for_ULTR.experiments.data_pipeline][INFO] - Loading or generating click datasets...
[2026-06-18 16:58:56,993][absl][INFO] - orbax-checkpoint version: 0.11.40
[2026-06-18 16:58:56,994][absl][INFO] - save_device_host_concurrent_bytes=None
[2026-06-18 16:58:56,994][absl][INFO] - Created BasePyTreeCheckpointHandler: use_ocdbt=True, use_zarr3=False, pytree_metadata_options=PyTreeMetadataOptions(support_rich_types=False), array_metadata_store=<orbax.checkpoint._src.metadata.array_metadata_store.Store object at 0x151e6e4784d0>, enable_pinned_host_transfer=False, save_concurrent_bytes: 96000000000 (89.4 GiB), restore_concurrent_bytes: 96000000000 (89.4 GiB)
[2026-06-18 16:58:56,994][absl][INFO] - [thread=MainThread] Failed to get flag value for EXPERIMENTAL_ORBAX_USE_DISTRIBUTED_PROCESS_ID.
[2026-06-18 16:58:56,994][absl][INFO] - [process=0][thread=MainThread] Using barrier_sync_fn: <function get_barrier_sync_fn.<locals>.<lambda> at 0x151dc1a97920> timeout: 1200 secs and primary_host=0 for async checkpoint writes
[2026-06-18 16:58:56,995][absl][INFO] - [process=0] [sync] Started load checkpoint @ /gpfs/home5/sfris1/ltr_datasets/ips_datasets/istella_logging_policy_c10000_ps1p0_pt0p5_bs1p0_drop0rel0_sessallocv2_candfullv2_topx25_maxdocs200_lprdeep_lpsegreedysampler_lppct10p0.
[2026-06-18 16:58:56,997][absl][INFO] - Restoring checkpoint from /gpfs/home5/sfris1/ltr_datasets/ips_datasets/istella_logging_policy_c10000_ps1p0_pt0p5_bs1p0_drop0rel0_sessallocv2_candfullv2_topx25_maxdocs200_lprdeep_lpsegreedysampler_lppct10p0.
[2026-06-18 16:58:56,997][absl][INFO] - [process=0] [sync] Finished blocking load in 0.00 seconds. Continuing load @ /gpfs/home5/sfris1/ltr_datasets/ips_datasets/istella_logging_policy_c10000_ps1p0_pt0p5_bs1p0_drop0rel0_sessallocv2_candfullv2_topx25_maxdocs200_lprdeep_lpsegreedysampler_lppct10p0.
[2026-06-18 16:58:57,014][absl][INFO] - [process=0] /jax/orbax/read/worker/io/requested throughput: 2.776 MiB/s (total gbytes: 31.6 KiB) (time elapsed: 0.011125802993774414 s) (per-host)
[2026-06-18 16:58:57,015][absl][INFO] - [process=0] /jax/checkpoint/read/gbytes_per_sec: 1.842 MiB/s (total gbytes: 31.6 KiB) (time elapsed: 0.01676774024963379 s) (per-host)
[2026-06-18 16:58:57,015][absl][INFO] - [process=0] [sync] Finished load in 0.02 seconds @ /gpfs/home5/sfris1/ltr_datasets/ips_datasets/istella_logging_policy_c10000_ps1p0_pt0p5_bs1p0_drop0rel0_sessallocv2_candfullv2_topx25_maxdocs200_lprdeep_lpsegreedysampler_lppct10p0
[2026-06-18 16:59:02,080][feature_based_propensities_for_ULTR.experiments.data_pipeline][INFO] - Loaded click datasets in 93.61 seconds (train=7274, val=2726, test=0)
[2026-06-18 16:59:02,080][feature_based_propensities_for_ULTR.experiments.data_pipeline][INFO] - Test split is label-only by design; no test click dataset was loaded.
[2026-06-18 16:59:02,080][feature_based_propensities_for_ULTR.data.runtime.alignment][INFO] - Applying data cutoff override: configured=25, natural=25, effective=25
[2026-06-18 16:59:02,080][feature_based_propensities_for_ULTR.data.runtime.alignment][INFO] - Applying data cutoff override: configured=25, natural=25, effective=25
[2026-06-18 16:59:02,174][feature_based_propensities_for_ULTR.data.runtime.aggregation][INFO] - Initializing simulator...
[2026-06-18 16:59:02,175][feature_based_propensities_for_ULTR.data.runtime.aggregation][INFO] - Aggregating train dataset...
[2026-06-18 16:59:08,590][feature_based_propensities_for_ULTR.data.runtime.aggregation][INFO] - Aggregating validation dataset...
[2026-06-18 16:59:11,779][feature_based_propensities_for_ULTR.data.runtime.aggregation][INFO] - Aggregating test dataset from labels only...
[2026-06-18 16:59:13,204][feature_based_propensities_for_ULTR.data.runtime.aggregation][INFO] - Aggregation done in 11.03 seconds
[2026-06-18 16:59:13,204][feature_based_propensities_for_ULTR.data.runtime.aggregation][INFO] - Session usage after aggregation: requested(train=7274,val=2726), actual(train=7274,val=2726,test=0)
[2026-06-18 16:59:13,204][feature_based_propensities_for_ULTR.data.runtime.aggregation][INFO] - Dataset persistence disabled; skipping aggregated dataset cache save.
[2026-06-18 16:59:13,205][feature_based_propensities_for_ULTR.experiments.ips_pipeline][INFO] - Test split uses label-only evaluation; raw test click diagnostics are skipped.
[2026-06-18 16:59:13,255][feature_based_propensities_for_ULTR.experiments.diagnostics][INFO] - [Data] train_docs=2043304, val_docs=684076, test_docs=681250, cutoff=25
[2026-06-18 16:59:13,354][feature_based_propensities_for_ULTR.experiments.diagnostics][INFO] - [Train] clicks=1548, displays=180944, ctr=0.0086, ctr_per_doc=0.0086
[2026-06-18 16:59:13,447][feature_based_propensities_for_ULTR.experiments.diagnostics][INFO] - [Validation] clicks=602, displays=67708, ctr=0.0089, ctr_per_doc=0.0089
[2026-06-18 16:59:13,536][feature_based_propensities_for_ULTR.experiments.diagnostics][INFO] - [Test] clicks=0, displays=0, ctr=0.0000, ctr_per_doc=0.0000
[2026-06-18 16:59:13,537][feature_based_propensities_for_ULTR.experiments.ips_pipeline][INFO] - Running estimator pipeline with model='dr'
[2026-06-18 16:59:13,537][feature_based_propensities_for_ULTR.experiments.ips_pipeline][INFO] - Computing position bias (alpha)...
[2026-06-18 16:59:13,557][ultr_bias_toolkit.bias.intervention_harvesting.all_pairs][INFO] - Position bias estimation using global all pairs estimator
[2026-06-18 17:00:02,123][feature_based_propensities_for_ULTR.experiments.position_bias_pipeline][INFO] - Saved estimated position-bias curve to position_bias.json
[2026-06-18 17:00:02,124][feature_based_propensities_for_ULTR.experiments.ips_pipeline][INFO] - Estimated position bias in-run (estimator=global_all_pairs): [ 0.         -0.46587673 -0.73384976 -0.7907408  -1.0969143  -1.550818
 -3.9369073  -1.8048111  -1.9824421  -1.6521821  -1.8788221  -3.724524
 -2.4893274  -2.5158384  -3.7568185  -4.0121837  -2.5895183  -2.9383285
 -6.2654166  -6.7886276  -1.3196251  -6.9077554  -3.677875   -6.798961
 -6.683786  ]
[2026-06-18 17:00:02,125][feature_based_propensities_for_ULTR.experiments.propensity_pipeline][INFO] - Computing propensity per doc (method=frequency_based)...
[2026-06-18 17:00:28,653][feature_based_propensities_for_ULTR.experiments.propensity_pipeline][INFO] - Propensity computed in 26.53 seconds
[2026-06-18 17:00:28,653][feature_based_propensities_for_ULTR.experiments.propensity_pipeline][INFO] - Alpha logits: [ 0.         -0.46587673 -0.73384976 -0.7907408  -1.0969143  -1.550818
 -3.9369073  -1.8048111  -1.9824421  -1.6521821  -1.8788221  -3.724524
 -2.4893274  -2.5158384  -3.7568185  -4.0121837  -2.5895183  -2.9383285
 -6.2654166  -6.7886276  -1.3196251  -6.9077554  -3.677875   -6.798961
 -6.683786  ]
[2026-06-18 17:00:28,655][feature_based_propensities_for_ULTR.experiments.propensity_pipeline][INFO] - Alpha: [0.5        0.38559264 0.3243505  0.31200963 0.25031853 0.17496817
 0.01913516 0.14126642 0.12105874 0.16081424 0.13252424 0.02355629
 0.07660977 0.07475528 0.02282479 0.01777227 0.06981605 0.05029104
 0.00189731 0.00112525 0.21088067 0.000999   0.02465347 0.00111369
 0.00124947]
[2026-06-18 17:00:28,655][feature_based_propensities_for_ULTR.experiments.propensity_pipeline][INFO] - Propensity clipping disabled.
[2026-06-18 17:00:28,656][feature_based_propensities_for_ULTR.experiments.propensity_pipeline][INFO] - Computing propensity per doc (method=frequency_based)...
[2026-06-18 17:00:53,014][feature_based_propensities_for_ULTR.experiments.propensity_pipeline][INFO] - Propensity computed in 24.36 seconds
[2026-06-18 17:00:53,014][feature_based_propensities_for_ULTR.experiments.propensity_pipeline][INFO] - Alpha logits: [ 0.         -0.46587673 -0.73384976 -0.7907408  -1.0969143  -1.550818
 -3.9369073  -1.8048111  -1.9824421  -1.6521821  -1.8788221  -3.724524
 -2.4893274  -2.5158384  -3.7568185  -4.0121837  -2.5895183  -2.9383285
 -6.2654166  -6.7886276  -1.3196251  -6.9077554  -3.677875   -6.798961
 -6.683786  ]
[2026-06-18 17:00:53,015][feature_based_propensities_for_ULTR.experiments.propensity_pipeline][INFO] - Alpha: [0.5        0.38559264 0.3243505  0.31200963 0.25031853 0.17496817
 0.01913516 0.14126642 0.12105874 0.16081424 0.13252424 0.02355629
 0.07660977 0.07475528 0.02282479 0.01777227 0.06981605 0.05029104
 0.00189731 0.00112525 0.21088067 0.000999   0.02465347 0.00111369
 0.00124947]
[2026-06-18 17:00:54,487][feature_based_propensities_for_ULTR.experiments.regression_pipeline][INFO] - Training regression model for DM/DR...
[2026-06-18 17:01:02,167][feature_based_propensities_for_ULTR.experiments.regression_pipeline][INFO] - Regression epoch 3: train_loss=0.453283 val_loss=0.401180
[2026-06-18 17:01:08,757][feature_based_propensities_for_ULTR.experiments.regression_pipeline][INFO] - Regression epoch 6: train_loss=0.452066 val_loss=0.424247
[2026-06-18 17:01:14,625][feature_based_propensities_for_ULTR.experiments.ips_pipeline][INFO] - Computing DR doc weights...
[2026-06-18 17:01:14,652][feature_based_propensities_for_ULTR.experiments.ips_pipeline][INFO] - Doc weights computed in 0.03 seconds
[2026-06-18 17:01:14,662][feature_based_propensities_for_ULTR.experiments.model_pipeline][INFO] - Loading trainer (trainer_type='pl-rank', n_samples=100)...
[2026-06-18 17:01:14,664][feature_based_propensities_for_ULTR.experiments.model_pipeline][INFO] - Trainer loaded in 0.00 seconds
[2026-06-18 17:01:14,664][feature_based_propensities_for_ULTR.experiments.model_pipeline][INFO] - Training model...
[2026-06-18 18:37:28,033][feature_based_propensities_for_ULTR.experiments.ips_pipeline][INFO] - Final evaluation results:
{'metrics': {'CTR': 0.7960132360458374,
             'DCG': 1.7995059490203857,
             'NCTR': 0.41661345958709717,
             'NDCG': 0.5232982635498047,
             'NDCG@25': 0.5232982635498047,
             'NRCTR': 0.41661345958709717,
             'RCTR': 0.7960132360458374}}
[2026-06-18 18:37:28,068][submitit][INFO] - Job completed successfully
[2026-06-18 18:37:28,078][submitit][INFO] - Exiting after successful completion
