[2026-04-15 19:10:41,657][jax._src.xla_bridge][ERROR] - Jax plugin configuration error: Exception when calling jax_plugins.xla_cuda12.initialize()
Traceback (most recent call last):
  File "/gpfs/home5/sfris1/two-towers-confounding-project/.venv/lib/python3.11/site-packages/jax/_src/xla_bridge.py", line 485, in discover_pjrt_plugins
    plugin_module.initialize()
  File "/gpfs/home5/sfris1/two-towers-confounding-project/.venv/lib/python3.11/site-packages/jax_plugins/xla_cuda12/__init__.py", line 328, in initialize
    _check_cuda_versions(raise_on_first_error=True)
  File "/gpfs/home5/sfris1/two-towers-confounding-project/.venv/lib/python3.11/site-packages/jax_plugins/xla_cuda12/__init__.py", line 285, in _check_cuda_versions
    local_device_count = cuda_versions.cuda_device_count()
                         ^^^^^^^^^^^^^^^^^^^^^^^^^^^^^^^^^
RuntimeError: jaxlib/cuda/versions_helpers.cc:113: operation cuInit(0) failed: CUDA_ERROR_NO_DEVICE
[2026-04-15 19:10:42,806][two_tower_confounding.experiments.ips_pipeline][WARNING] - wandb.init failed (Error uploading run: returned error 403: {"data":{"upsertBucket":null},"errors":[{"message":"permission denied","path":["upsertBucket"],"extensions":{"code":"PERMISSION_ERROR"}}]}). Continuing with local logging only.
[2026-04-15 19:10:42,807][two_tower_confounding.experiments.ips_pipeline][WARNING] - Disabling wandb for trainer components because initialization failed.
[2026-04-15 19:10:42,807][two_tower_confounding.experiments.config_resolver][WARNING] - test_clicks=500000 is ignored because test_set_mode='label_only'. Set test_set_mode='clicks' to enable legacy click-based test behavior.
[2026-04-15 19:10:42,813][two_tower_confounding.experiments.data_pipeline][INFO] - Loading or generating click datasets...
[2026-04-15 19:11:45,678][absl][INFO] - orbax-checkpoint version: 0.11.25
[2026-04-15 19:11:45,678][absl][INFO] - Created BasePyTreeCheckpointHandler: use_ocdbt=True, use_zarr3=False, pytree_metadata_options=PyTreeMetadataOptions(support_rich_types=False), array_metadata_store=<orbax.checkpoint._src.metadata.array_metadata_store.Store object at 0x148ec7ea8310>, enable_pinned_host_transfer=False, save_concurrent_bytes: 96000000000 (89.4 GiB), restore_concurrent_bytes: 96000000000 (89.4 GiB)
[2026-04-15 19:11:45,678][absl][INFO] - [thread=MainThread] Failed to get flag value for EXPERIMENTAL_ORBAX_USE_DISTRIBUTED_PROCESS_ID.
[2026-04-15 19:11:45,678][absl][INFO] - [process=0][thread=MainThread] Using barrier_sync_fn: <function get_barrier_sync_fn.<locals>.<lambda> at 0x148e1aacc900> timeout: 600 secs and primary_host=0 for async checkpoint writes
[2026-04-15 19:11:45,681][absl][INFO] - Restoring checkpoint from /gpfs/home5/sfris1/ltr_datasets/ips_datasets/logging_policy_c10000_ps1p0_pt0p0_bs1p0_drop0rel0_sessallocv2_candfullv2_topx25_maxdocs200_lprdeep_lpsegreedysampler_lppct10p0.
[2026-04-15 19:11:45,702][absl][INFO] - [process=0] /jax/checkpoint/read/gbytes_per_sec: 0 Bytes/s (total gbytes: 21.4 KiB) (time elapsed: 19 milliseconds) (per-host)
[2026-04-15 19:11:45,702][absl][INFO] - Finished restoring checkpoint in 0.02 seconds from /gpfs/home5/sfris1/ltr_datasets/ips_datasets/logging_policy_c10000_ps1p0_pt0p0_bs1p0_drop0rel0_sessallocv2_candfullv2_topx25_maxdocs200_lprdeep_lpsegreedysampler_lppct10p0.
[2026-04-15 19:11:50,390][two_tower_confounding.experiments.data_pipeline][INFO] - Loaded click datasets in 67.58 seconds (train=7500, val=2500, test=0)
[2026-04-15 19:11:50,390][two_tower_confounding.experiments.data_pipeline][INFO] - Test split is label-only by design; no test click dataset was loaded.
[2026-04-15 19:11:50,390][two_tower_confounding.data.runtime.alignment][INFO] - Applying data cutoff override: configured=25, natural=25, effective=25
[2026-04-15 19:11:50,390][two_tower_confounding.data.runtime.alignment][INFO] - Applying data cutoff override: configured=25, natural=25, effective=25
[2026-04-15 19:11:50,523][two_tower_confounding.data.runtime.aggregation][INFO] - Initializing simulator...
[2026-04-15 19:11:50,524][two_tower_confounding.data.runtime.aggregation][INFO] - Aggregating train dataset...
[2026-04-15 19:11:56,048][two_tower_confounding.data.runtime.aggregation][INFO] - Aggregating validation dataset...
[2026-04-15 19:11:59,294][two_tower_confounding.data.runtime.aggregation][INFO] - Aggregating test dataset from labels only...
[2026-04-15 19:12:00,379][two_tower_confounding.data.runtime.aggregation][INFO] - Aggregation done in 9.86 seconds
[2026-04-15 19:12:00,380][two_tower_confounding.data.runtime.aggregation][INFO] - Session usage after aggregation: requested(train=7500,val=2500), actual(train=7500,val=2500,test=0)
[2026-04-15 19:12:00,380][two_tower_confounding.data.runtime.aggregation][INFO] - Dataset persistence disabled; skipping aggregated dataset cache save.
[2026-04-15 19:12:00,380][two_tower_confounding.experiments.ips_pipeline][INFO] - Test split uses label-only evaluation; raw test click diagnostics are skipped.
[2026-04-15 19:12:00,440][two_tower_confounding.experiments.diagnostics][INFO] - [Data] train_docs=2132810, val_docs=707814, test_docs=708921, cutoff=25
[2026-04-15 19:12:00,525][two_tower_confounding.experiments.diagnostics][INFO] - [Train] clicks=1032, displays=182723, ctr=0.0056, ctr_per_doc=0.0056
[2026-04-15 19:12:00,598][two_tower_confounding.experiments.diagnostics][INFO] - [Validation] clicks=360, displays=60792, ctr=0.0059, ctr_per_doc=0.0059
[2026-04-15 19:12:00,672][two_tower_confounding.experiments.diagnostics][INFO] - [Test] clicks=0, displays=0, ctr=0.0000, ctr_per_doc=0.0000
[2026-04-15 19:12:00,672][two_tower_confounding.experiments.ips_pipeline][INFO] - Running estimator pipeline with model='ips'
[2026-04-15 19:12:00,672][two_tower_confounding.experiments.ips_pipeline][INFO] - Computing position bias (alpha)...
[2026-04-15 19:12:00,736][two_tower_confounding.experiments.propensity_pipeline][INFO] - Computing propensity per doc (method=propensity_mlp_regression)...
[2026-04-15 19:12:55,159][two_tower_confounding.experiments.propensity_pipeline][INFO] - Propensity computed in 54.42 seconds
[2026-04-15 19:12:55,159][two_tower_confounding.experiments.propensity_pipeline][INFO] - Alpha logits: [-0.     -0.6931 -1.0986 -1.3863 -1.6094 -1.7918 -1.9459 -2.0794 -2.1972
 -2.3026 -2.3979 -2.4849 -2.5649 -2.6391 -2.7081 -2.7726 -2.8332 -2.8904
 -2.9444 -2.9957 -3.0445 -3.091  -3.1355 -3.1781 -3.2189]
[2026-04-15 19:12:55,160][two_tower_confounding.experiments.propensity_pipeline][INFO] - Alpha: [0.5    0.3333 0.25   0.2    0.1667 0.1429 0.125  0.1111 0.1    0.0909
 0.0833 0.0769 0.0714 0.0667 0.0625 0.0588 0.0556 0.0526 0.05   0.0476
 0.0455 0.0435 0.0417 0.04   0.0385]
[2026-04-15 19:12:55,161][two_tower_confounding.experiments.propensity_pipeline][INFO] - Propensity clipping disabled.
[2026-04-15 19:12:55,161][two_tower_confounding.experiments.ips_pipeline][INFO] - Computing IPS doc weights...
[2026-04-15 19:12:55,884][two_tower_confounding.experiments.ips_pipeline][INFO] - Doc weights computed in 0.72 seconds
[2026-04-15 19:12:55,892][two_tower_confounding.experiments.model_pipeline][INFO] - Loading trainer (trainer_type='pl-rank', n_samples=100)...
[2026-04-15 19:12:55,894][two_tower_confounding.experiments.model_pipeline][INFO] - Trainer loaded in 0.00 seconds
[2026-04-15 19:12:55,894][two_tower_confounding.experiments.model_pipeline][INFO] - Training model...
[2026-04-15 19:15:46,347][two_tower_confounding.experiments.ips_pipeline][INFO] - Final evaluation results:
{'metrics': {'CTR': 0.6525935530662537,
             'DCG': 1.7427923679351807,
             'NCTR': 0.42976540327072144,
             'NDCG': 0.4502820372581482,
             'NDCG@25': 0.4502820372581482,
             'NRCTR': 0.42976540327072144,
             'RCTR': 0.6525935530662537}}
[2026-04-15 19:15:46,372][submitit][INFO] - Job completed successfully
[2026-04-15 19:15:46,381][submitit][INFO] - Exiting after successful completion
[2026-04-16 16:40:17,607][jax._src.xla_bridge][ERROR] - Jax plugin configuration error: Exception when calling jax_plugins.xla_cuda12.initialize()
Traceback (most recent call last):
  File "/gpfs/home5/sfris1/two-towers-confounding-project/.venv/lib/python3.11/site-packages/jax/_src/xla_bridge.py", line 485, in discover_pjrt_plugins
    plugin_module.initialize()
  File "/gpfs/home5/sfris1/two-towers-confounding-project/.venv/lib/python3.11/site-packages/jax_plugins/xla_cuda12/__init__.py", line 328, in initialize
    _check_cuda_versions(raise_on_first_error=True)
  File "/gpfs/home5/sfris1/two-towers-confounding-project/.venv/lib/python3.11/site-packages/jax_plugins/xla_cuda12/__init__.py", line 285, in _check_cuda_versions
    local_device_count = cuda_versions.cuda_device_count()
                         ^^^^^^^^^^^^^^^^^^^^^^^^^^^^^^^^^
RuntimeError: jaxlib/cuda/versions_helpers.cc:113: operation cuInit(0) failed: CUDA_ERROR_NO_DEVICE
[2026-04-16 16:40:18,743][two_tower_confounding.experiments.ips_pipeline][WARNING] - wandb.init failed (Error uploading run: returned error 403: {"data":{"upsertBucket":null},"errors":[{"message":"permission denied","path":["upsertBucket"],"extensions":{"code":"PERMISSION_ERROR"}}]}). Continuing with local logging only.
[2026-04-16 16:40:18,743][two_tower_confounding.experiments.ips_pipeline][WARNING] - Disabling wandb for trainer components because initialization failed.
[2026-04-16 16:40:18,744][two_tower_confounding.experiments.config_resolver][WARNING] - test_clicks=500000 is ignored because test_set_mode='label_only'. Set test_set_mode='clicks' to enable legacy click-based test behavior.
[2026-04-16 16:40:18,751][two_tower_confounding.experiments.data_pipeline][INFO] - Loading or generating click datasets...
[2026-04-16 16:41:22,101][absl][INFO] - orbax-checkpoint version: 0.11.25
[2026-04-16 16:41:22,102][absl][INFO] - Created BasePyTreeCheckpointHandler: use_ocdbt=True, use_zarr3=False, pytree_metadata_options=PyTreeMetadataOptions(support_rich_types=False), array_metadata_store=<orbax.checkpoint._src.metadata.array_metadata_store.Store object at 0x1455c90a8d10>, enable_pinned_host_transfer=False, save_concurrent_bytes: 96000000000 (89.4 GiB), restore_concurrent_bytes: 96000000000 (89.4 GiB)
[2026-04-16 16:41:22,102][absl][INFO] - [thread=MainThread] Failed to get flag value for EXPERIMENTAL_ORBAX_USE_DISTRIBUTED_PROCESS_ID.
[2026-04-16 16:41:22,102][absl][INFO] - [process=0][thread=MainThread] Using barrier_sync_fn: <function get_barrier_sync_fn.<locals>.<lambda> at 0x1454738bc5e0> timeout: 600 secs and primary_host=0 for async checkpoint writes
[2026-04-16 16:41:22,105][absl][INFO] - Restoring checkpoint from /gpfs/home5/sfris1/ltr_datasets/ips_datasets/logging_policy_c10000_ps1p0_pt0p0_bs1p0_drop0rel0_sessallocv2_candfullv2_topx25_maxdocs200_lprdeep_lpsegreedysampler_lppct10p0.
[2026-04-16 16:41:22,130][absl][INFO] - [process=0] /jax/checkpoint/read/gbytes_per_sec: 0 Bytes/s (total gbytes: 21.4 KiB) (time elapsed: 23 milliseconds) (per-host)
[2026-04-16 16:41:22,130][absl][INFO] - Finished restoring checkpoint in 0.03 seconds from /gpfs/home5/sfris1/ltr_datasets/ips_datasets/logging_policy_c10000_ps1p0_pt0p0_bs1p0_drop0rel0_sessallocv2_candfullv2_topx25_maxdocs200_lprdeep_lpsegreedysampler_lppct10p0.
[2026-04-16 16:41:26,845][two_tower_confounding.experiments.data_pipeline][INFO] - Loaded click datasets in 68.09 seconds (train=7500, val=2500, test=0)
[2026-04-16 16:41:26,846][two_tower_confounding.experiments.data_pipeline][INFO] - Test split is label-only by design; no test click dataset was loaded.
[2026-04-16 16:41:26,846][two_tower_confounding.data.runtime.alignment][INFO] - Applying data cutoff override: configured=25, natural=25, effective=25
[2026-04-16 16:41:26,846][two_tower_confounding.data.runtime.alignment][INFO] - Applying data cutoff override: configured=25, natural=25, effective=25
[2026-04-16 16:41:26,973][two_tower_confounding.data.runtime.aggregation][INFO] - Initializing simulator...
[2026-04-16 16:41:26,974][two_tower_confounding.data.runtime.aggregation][INFO] - Aggregating train dataset...
[2026-04-16 16:41:32,181][two_tower_confounding.data.runtime.aggregation][INFO] - Aggregating validation dataset...
[2026-04-16 16:41:35,441][two_tower_confounding.data.runtime.aggregation][INFO] - Aggregating test dataset from labels only...
[2026-04-16 16:41:36,391][two_tower_confounding.data.runtime.aggregation][INFO] - Aggregation done in 9.42 seconds
[2026-04-16 16:41:36,392][two_tower_confounding.data.runtime.aggregation][INFO] - Session usage after aggregation: requested(train=7500,val=2500), actual(train=7500,val=2500,test=0)
[2026-04-16 16:41:36,392][two_tower_confounding.data.runtime.aggregation][INFO] - Dataset persistence disabled; skipping aggregated dataset cache save.
[2026-04-16 16:41:36,392][two_tower_confounding.experiments.ips_pipeline][INFO] - Test split uses label-only evaluation; raw test click diagnostics are skipped.
[2026-04-16 16:41:36,448][two_tower_confounding.experiments.diagnostics][INFO] - [Data] train_docs=2132810, val_docs=707814, test_docs=708921, cutoff=25
[2026-04-16 16:41:36,530][two_tower_confounding.experiments.diagnostics][INFO] - [Train] clicks=1032, displays=182723, ctr=0.0056, ctr_per_doc=0.0056
[2026-04-16 16:41:36,600][two_tower_confounding.experiments.diagnostics][INFO] - [Validation] clicks=360, displays=60792, ctr=0.0059, ctr_per_doc=0.0059
[2026-04-16 16:41:36,669][two_tower_confounding.experiments.diagnostics][INFO] - [Test] clicks=0, displays=0, ctr=0.0000, ctr_per_doc=0.0000
[2026-04-16 16:41:36,669][two_tower_confounding.experiments.ips_pipeline][INFO] - Running estimator pipeline with model='ips'
[2026-04-16 16:41:36,669][two_tower_confounding.experiments.ips_pipeline][INFO] - Computing position bias (alpha)...
[2026-04-16 16:41:36,732][two_tower_confounding.experiments.propensity_pipeline][INFO] - Computing propensity per doc (method=propensity_mlp_regression)...
[2026-04-16 16:42:32,351][two_tower_confounding.experiments.propensity_pipeline][INFO] - Propensity computed in 55.62 seconds
[2026-04-16 16:42:32,352][two_tower_confounding.experiments.propensity_pipeline][INFO] - Alpha logits: [-0.     -0.6931 -1.0986 -1.3863 -1.6094 -1.7918 -1.9459 -2.0794 -2.1972
 -2.3026 -2.3979 -2.4849 -2.5649 -2.6391 -2.7081 -2.7726 -2.8332 -2.8904
 -2.9444 -2.9957 -3.0445 -3.091  -3.1355 -3.1781 -3.2189]
[2026-04-16 16:42:32,353][two_tower_confounding.experiments.propensity_pipeline][INFO] - Alpha: [0.5    0.3333 0.25   0.2    0.1667 0.1429 0.125  0.1111 0.1    0.0909
 0.0833 0.0769 0.0714 0.0667 0.0625 0.0588 0.0556 0.0526 0.05   0.0476
 0.0455 0.0435 0.0417 0.04   0.0385]
[2026-04-16 16:42:32,354][two_tower_confounding.experiments.propensity_pipeline][INFO] - Propensity clipping disabled.
[2026-04-16 16:42:32,354][two_tower_confounding.experiments.ips_pipeline][INFO] - Computing IPS doc weights...
[2026-04-16 16:42:33,065][two_tower_confounding.experiments.ips_pipeline][INFO] - Doc weights computed in 0.71 seconds
[2026-04-16 16:42:33,077][two_tower_confounding.experiments.model_pipeline][INFO] - Loading trainer (trainer_type='pl-rank', n_samples=100)...
[2026-04-16 16:42:33,079][two_tower_confounding.experiments.model_pipeline][INFO] - Trainer loaded in 0.00 seconds
[2026-04-16 16:42:33,079][two_tower_confounding.experiments.model_pipeline][INFO] - Training model...
[2026-04-16 16:45:22,944][two_tower_confounding.experiments.ips_pipeline][INFO] - Final evaluation results:
{'metrics': {'CTR': 0.6514429450035095,
             'DCG': 1.7393914461135864,
             'NCTR': 0.42859309911727905,
             'NDCG': 0.44901567697525024,
             'NDCG@25': 0.44901567697525024,
             'NRCTR': 0.42859309911727905,
             'RCTR': 0.6514429450035095}}
[2026-04-16 16:45:22,979][submitit][INFO] - Job completed successfully
[2026-04-16 16:45:22,989][submitit][INFO] - Exiting after successful completion
