[2026-04-22 16:24:49,059][jax._src.xla_bridge][ERROR] - Jax plugin configuration error: Exception when calling jax_plugins.xla_cuda12.initialize()
Traceback (most recent call last):
  File "/gpfs/home5/sfris1/two-towers-confounding-project/.venv/lib/python3.11/site-packages/jax/_src/xla_bridge.py", line 485, in discover_pjrt_plugins
    plugin_module.initialize()
  File "/gpfs/home5/sfris1/two-towers-confounding-project/.venv/lib/python3.11/site-packages/jax_plugins/xla_cuda12/__init__.py", line 328, in initialize
    _check_cuda_versions(raise_on_first_error=True)
  File "/gpfs/home5/sfris1/two-towers-confounding-project/.venv/lib/python3.11/site-packages/jax_plugins/xla_cuda12/__init__.py", line 285, in _check_cuda_versions
    local_device_count = cuda_versions.cuda_device_count()
                         ^^^^^^^^^^^^^^^^^^^^^^^^^^^^^^^^^
RuntimeError: jaxlib/cuda/versions_helpers.cc:113: operation cuInit(0) failed: CUDA_ERROR_NO_DEVICE
[2026-04-22 16:24:54,883][two_tower_confounding.experiments.ips_pipeline][WARNING] - wandb.init failed (Error uploading run: returned error 403: {"data":{"upsertBucket":null},"errors":[{"message":"permission denied","path":["upsertBucket"],"extensions":{"code":"PERMISSION_ERROR"}}]}). Continuing with local logging only.
[2026-04-22 16:24:54,884][two_tower_confounding.experiments.ips_pipeline][WARNING] - Disabling wandb for trainer components because initialization failed.
[2026-04-22 16:24:54,884][two_tower_confounding.experiments.config_resolver][WARNING] - test_clicks=500000 is ignored because test_set_mode='label_only'. Set test_set_mode='clicks' to enable legacy click-based test behavior.
[2026-04-22 16:24:54,890][two_tower_confounding.experiments.data_pipeline][INFO] - Loading or generating click datasets...
[2026-04-22 16:25:18,368][absl][INFO] - orbax-checkpoint version: 0.11.25
[2026-04-22 16:25:18,369][absl][INFO] - Created BasePyTreeCheckpointHandler: use_ocdbt=True, use_zarr3=False, pytree_metadata_options=PyTreeMetadataOptions(support_rich_types=False), array_metadata_store=<orbax.checkpoint._src.metadata.array_metadata_store.Store object at 0x14e4481391d0>, enable_pinned_host_transfer=False, save_concurrent_bytes: 96000000000 (89.4 GiB), restore_concurrent_bytes: 96000000000 (89.4 GiB)
[2026-04-22 16:25:18,369][absl][INFO] - [thread=MainThread] Failed to get flag value for EXPERIMENTAL_ORBAX_USE_DISTRIBUTED_PROCESS_ID.
[2026-04-22 16:25:18,369][absl][INFO] - [process=0][thread=MainThread] Using barrier_sync_fn: <function get_barrier_sync_fn.<locals>.<lambda> at 0x14e398f81300> timeout: 600 secs and primary_host=0 for async checkpoint writes
[2026-04-22 16:25:18,371][absl][INFO] - Restoring checkpoint from /gpfs/home5/sfris1/ltr_datasets/ips_datasets/logging_policy_c100000_ps1p0_pt0p5_bs1p0_drop0rel0_sessallocv2_candfullv2_topx25_maxdocs80_lprdeep_lpsegreedysampler_lppct10p0.
[2026-04-22 16:25:18,392][absl][INFO] - [process=0] /jax/checkpoint/read/gbytes_per_sec: 0 Bytes/s (total gbytes: 91.8 KiB) (time elapsed: 19 milliseconds) (per-host)
[2026-04-22 16:25:18,392][absl][INFO] - Finished restoring checkpoint in 0.02 seconds from /gpfs/home5/sfris1/ltr_datasets/ips_datasets/logging_policy_c100000_ps1p0_pt0p5_bs1p0_drop0rel0_sessallocv2_candfullv2_topx25_maxdocs80_lprdeep_lpsegreedysampler_lppct10p0.
[2026-04-22 16:25:29,982][two_tower_confounding.experiments.data_pipeline][INFO] - Loaded click datasets in 35.09 seconds (train=86947, val=13053, test=0)
[2026-04-22 16:25:29,983][two_tower_confounding.experiments.data_pipeline][INFO] - Test split is label-only by design; no test click dataset was loaded.
[2026-04-22 16:25:29,983][two_tower_confounding.data.runtime.alignment][INFO] - Applying data cutoff override: configured=25, natural=25, effective=25
[2026-04-22 16:25:29,983][two_tower_confounding.data.runtime.alignment][INFO] - Applying data cutoff override: configured=25, natural=25, effective=25
[2026-04-22 16:25:30,115][two_tower_confounding.data.runtime.aggregation][INFO] - Initializing simulator...
[2026-04-22 16:25:30,116][two_tower_confounding.data.runtime.aggregation][INFO] - Aggregating train dataset...
[2026-04-22 16:25:36,892][two_tower_confounding.data.runtime.aggregation][INFO] - Aggregating validation dataset...
[2026-04-22 16:25:40,061][two_tower_confounding.data.runtime.aggregation][INFO] - Aggregating test dataset from labels only...
[2026-04-22 16:25:41,879][two_tower_confounding.data.runtime.aggregation][INFO] - Aggregation done in 11.76 seconds
[2026-04-22 16:25:41,880][two_tower_confounding.data.runtime.aggregation][INFO] - Session usage after aggregation: requested(train=86947,val=13053), actual(train=86947,val=13053,test=0)
[2026-04-22 16:25:41,880][two_tower_confounding.data.runtime.aggregation][INFO] - Dataset persistence disabled; skipping aggregated dataset cache save.
[2026-04-22 16:25:41,880][two_tower_confounding.experiments.ips_pipeline][INFO] - Test split uses label-only evaluation; raw test click diagnostics are skipped.
[2026-04-22 16:25:41,905][two_tower_confounding.experiments.diagnostics][INFO] - [Data] train_docs=470251, val_docs=70687, test_docs=164676, cutoff=25
[2026-04-22 16:25:41,977][two_tower_confounding.experiments.diagnostics][INFO] - [Train] clicks=13115, displays=1471619, ctr=0.0089, ctr_per_doc=0.0089
[2026-04-22 16:25:42,047][two_tower_confounding.experiments.diagnostics][INFO] - [Validation] clicks=1959, displays=219167, ctr=0.0089, ctr_per_doc=0.0089
[2026-04-22 16:25:42,117][two_tower_confounding.experiments.diagnostics][INFO] - [Test] clicks=0, displays=0, ctr=0.0000, ctr_per_doc=0.0000
[2026-04-22 16:25:42,117][two_tower_confounding.experiments.ips_pipeline][INFO] - Running estimator pipeline with model='ips'
[2026-04-22 16:25:42,117][two_tower_confounding.experiments.ips_pipeline][INFO] - Computing position bias (alpha)...
[2026-04-22 16:25:42,123][submitit][INFO] - Job completed successfully
[2026-04-22 16:25:42,132][submitit][INFO] - Exiting after successful completion
[2026-04-22 16:50:15,592][jax._src.xla_bridge][ERROR] - Jax plugin configuration error: Exception when calling jax_plugins.xla_cuda12.initialize()
Traceback (most recent call last):
  File "/gpfs/home5/sfris1/two-towers-confounding-project/.venv/lib/python3.11/site-packages/jax/_src/xla_bridge.py", line 485, in discover_pjrt_plugins
    plugin_module.initialize()
  File "/gpfs/home5/sfris1/two-towers-confounding-project/.venv/lib/python3.11/site-packages/jax_plugins/xla_cuda12/__init__.py", line 328, in initialize
    _check_cuda_versions(raise_on_first_error=True)
  File "/gpfs/home5/sfris1/two-towers-confounding-project/.venv/lib/python3.11/site-packages/jax_plugins/xla_cuda12/__init__.py", line 285, in _check_cuda_versions
    local_device_count = cuda_versions.cuda_device_count()
                         ^^^^^^^^^^^^^^^^^^^^^^^^^^^^^^^^^
RuntimeError: jaxlib/cuda/versions_helpers.cc:113: operation cuInit(0) failed: CUDA_ERROR_NO_DEVICE
[2026-04-22 16:50:16,600][two_tower_confounding.experiments.ips_pipeline][WARNING] - wandb.init failed (Error uploading run: returned error 403: {"data":{"upsertBucket":null},"errors":[{"message":"permission denied","path":["upsertBucket"],"extensions":{"code":"PERMISSION_ERROR"}}]}). Continuing with local logging only.
[2026-04-22 16:50:16,600][two_tower_confounding.experiments.ips_pipeline][WARNING] - Disabling wandb for trainer components because initialization failed.
[2026-04-22 16:50:16,601][two_tower_confounding.experiments.config_resolver][WARNING] - test_clicks=500000 is ignored because test_set_mode='label_only'. Set test_set_mode='clicks' to enable legacy click-based test behavior.
[2026-04-22 16:50:16,607][two_tower_confounding.experiments.data_pipeline][INFO] - Loading or generating click datasets...
[2026-04-22 16:50:40,283][absl][INFO] - orbax-checkpoint version: 0.11.25
[2026-04-22 16:50:40,337][absl][INFO] - Created BasePyTreeCheckpointHandler: use_ocdbt=True, use_zarr3=False, pytree_metadata_options=PyTreeMetadataOptions(support_rich_types=False), array_metadata_store=<orbax.checkpoint._src.metadata.array_metadata_store.Store object at 0x14beaf1ae950>, enable_pinned_host_transfer=False, save_concurrent_bytes: 96000000000 (89.4 GiB), restore_concurrent_bytes: 96000000000 (89.4 GiB)
[2026-04-22 16:50:40,344][absl][INFO] - [thread=MainThread] Failed to get flag value for EXPERIMENTAL_ORBAX_USE_DISTRIBUTED_PROCESS_ID.
[2026-04-22 16:50:40,344][absl][INFO] - [process=0][thread=MainThread] Using barrier_sync_fn: <function get_barrier_sync_fn.<locals>.<lambda> at 0x14bdef469300> timeout: 600 secs and primary_host=0 for async checkpoint writes
[2026-04-22 16:50:40,347][absl][INFO] - Restoring checkpoint from /gpfs/home5/sfris1/ltr_datasets/ips_datasets/logging_policy_c100000_ps1p0_pt0p5_bs1p0_drop0rel0_sessallocv2_candfullv2_topx25_maxdocs80_lprdeep_lpsegreedysampler_lppct10p0.
[2026-04-22 16:50:40,368][absl][INFO] - [process=0] /jax/checkpoint/read/gbytes_per_sec: 0 Bytes/s (total gbytes: 91.8 KiB) (time elapsed: 19 milliseconds) (per-host)
[2026-04-22 16:50:40,368][absl][INFO] - Finished restoring checkpoint in 0.02 seconds from /gpfs/home5/sfris1/ltr_datasets/ips_datasets/logging_policy_c100000_ps1p0_pt0p5_bs1p0_drop0rel0_sessallocv2_candfullv2_topx25_maxdocs80_lprdeep_lpsegreedysampler_lppct10p0.
[2026-04-22 16:50:52,183][two_tower_confounding.experiments.data_pipeline][INFO] - Loaded click datasets in 35.58 seconds (train=86947, val=13053, test=0)
[2026-04-22 16:50:52,183][two_tower_confounding.experiments.data_pipeline][INFO] - Test split is label-only by design; no test click dataset was loaded.
[2026-04-22 16:50:52,183][two_tower_confounding.data.runtime.alignment][INFO] - Applying data cutoff override: configured=25, natural=25, effective=25
[2026-04-22 16:50:52,184][two_tower_confounding.data.runtime.alignment][INFO] - Applying data cutoff override: configured=25, natural=25, effective=25
[2026-04-22 16:50:52,310][two_tower_confounding.data.runtime.aggregation][INFO] - Initializing simulator...
[2026-04-22 16:50:52,311][two_tower_confounding.data.runtime.aggregation][INFO] - Aggregating train dataset...
[2026-04-22 16:50:59,085][two_tower_confounding.data.runtime.aggregation][INFO] - Aggregating validation dataset...
[2026-04-22 16:51:02,237][two_tower_confounding.data.runtime.aggregation][INFO] - Aggregating test dataset from labels only...
[2026-04-22 16:51:04,127][two_tower_confounding.data.runtime.aggregation][INFO] - Aggregation done in 11.82 seconds
[2026-04-22 16:51:04,128][two_tower_confounding.data.runtime.aggregation][INFO] - Session usage after aggregation: requested(train=86947,val=13053), actual(train=86947,val=13053,test=0)
[2026-04-22 16:51:04,128][two_tower_confounding.data.runtime.aggregation][INFO] - Dataset persistence disabled; skipping aggregated dataset cache save.
[2026-04-22 16:51:04,128][two_tower_confounding.experiments.ips_pipeline][INFO] - Test split uses label-only evaluation; raw test click diagnostics are skipped.
[2026-04-22 16:51:04,155][two_tower_confounding.experiments.diagnostics][INFO] - [Data] train_docs=470251, val_docs=70687, test_docs=164676, cutoff=25
[2026-04-22 16:51:04,227][two_tower_confounding.experiments.diagnostics][INFO] - [Train] clicks=13115, displays=1471619, ctr=0.0089, ctr_per_doc=0.0089
[2026-04-22 16:51:04,297][two_tower_confounding.experiments.diagnostics][INFO] - [Validation] clicks=1959, displays=219167, ctr=0.0089, ctr_per_doc=0.0089
[2026-04-22 16:51:04,368][two_tower_confounding.experiments.diagnostics][INFO] - [Test] clicks=0, displays=0, ctr=0.0000, ctr_per_doc=0.0000
[2026-04-22 16:51:04,368][two_tower_confounding.experiments.ips_pipeline][INFO] - Running estimator pipeline with model='ips'
[2026-04-22 16:51:04,368][two_tower_confounding.experiments.ips_pipeline][INFO] - Computing position bias (alpha)...
[2026-04-22 16:51:04,374][two_tower_confounding.experiments.ips_pipeline][INFO] - Loaded CSV position bias from /gpfs/home5/sfris1/Doubly-Robust-Optimization-With-Two-Tower-Models/results/position_bias_csv_smoke.csv (method=adjacent_chain): [ 0.         -0.61061436 -0.9636136  -1.3918216  -1.8466424  -2.0047195
 -2.345135   -2.410578   -2.5700867  -2.8911116  -3.2466629  -3.20286
 -2.7213922  -2.6307952  -2.436438   -2.3167303  -2.5692418  -1.9294696
 -1.5668246  -2.3777547  -1.2193924  -0.3031017   0.64597887  0.64597887
  0.6859842 ]
[2026-04-22 16:51:04,376][two_tower_confounding.experiments.propensity_pipeline][INFO] - Computing propensity per doc (method=propensity_mlp_regression)...
[2026-04-22 16:51:05,095][two_tower_confounding.experiments.propensity_pipeline][INFO] - Subsampling propensity classifier training data: 50000/86947 samples
[2026-04-22 16:55:12,496][two_tower_confounding.experiments.propensity_pipeline][INFO] - Propensity computed in 248.12 seconds
[2026-04-22 16:55:12,508][two_tower_confounding.experiments.propensity_pipeline][INFO] - Alpha logits: [ 0.     -0.6106 -0.9636 -1.3918 -1.8466 -2.0047 -2.3451 -2.4106 -2.5701
 -2.8911 -3.2467 -3.2029 -2.7214 -2.6308 -2.4364 -2.3167 -2.5692 -1.9295
 -1.5668 -2.3778 -1.2194 -0.3031  0.646   0.646   0.686 ]
[2026-04-22 16:55:12,509][two_tower_confounding.experiments.propensity_pipeline][INFO] - Alpha: [0.5    0.3519 0.2762 0.1991 0.1363 0.1187 0.0875 0.0824 0.0711 0.0526
 0.0374 0.0391 0.0617 0.0672 0.0804 0.0897 0.0711 0.1268 0.1727 0.0849
 0.228  0.4248 0.6561 0.6561 0.6651]
[2026-04-22 16:55:12,510][two_tower_confounding.experiments.propensity_pipeline][INFO] - Propensity clipping disabled.
[2026-04-22 16:55:12,510][two_tower_confounding.experiments.ips_pipeline][INFO] - Computing IPS doc weights...
[2026-04-22 16:55:13,162][two_tower_confounding.experiments.ips_pipeline][INFO] - Doc weights computed in 0.65 seconds
[2026-04-22 16:55:13,167][two_tower_confounding.experiments.model_pipeline][INFO] - Loading trainer (trainer_type='pl-rank', n_samples=100)...
[2026-04-22 16:55:13,169][two_tower_confounding.experiments.model_pipeline][INFO] - Trainer loaded in 0.00 seconds
[2026-04-22 16:55:13,169][two_tower_confounding.experiments.model_pipeline][INFO] - Training model...
[2026-04-22 17:03:10,791][two_tower_confounding.experiments.ips_pipeline][INFO] - Final evaluation results:
{'metrics': {'CTR': 1.140493392944336,
             'DCG': 2.1468756198883057,
             'NCTR': 0.48275327682495117,
             'NDCG': 0.7734910845756531,
             'NDCG@25': 0.7734910845756531,
             'NRCTR': 0.48275327682495117,
             'RCTR': 1.140493392944336}}
[2026-04-22 17:03:10,817][submitit][INFO] - Job completed successfully
[2026-04-22 17:03:10,827][submitit][INFO] - Exiting after successful completion
[2026-05-02 18:24:29,723][two_tower_confounding.experiments.config_resolver][WARNING] - test_clicks=500000 is ignored because test_set_mode='label_only'. Set test_set_mode='clicks' to enable legacy click-based test behavior.
[2026-05-02 18:24:29,736][two_tower_confounding.experiments.data_pipeline][INFO] - Loading or generating click datasets...
[2026-05-02 18:24:58,941][absl][INFO] - orbax-checkpoint version: 0.11.37
[2026-05-02 18:24:58,942][absl][INFO] - save_device_host_concurrent_bytes=None
[2026-05-02 18:24:58,942][absl][INFO] - Created BasePyTreeCheckpointHandler: use_ocdbt=True, use_zarr3=False, pytree_metadata_options=PyTreeMetadataOptions(support_rich_types=False), array_metadata_store=<orbax.checkpoint._src.metadata.array_metadata_store.Store object at 0x14d67ab71b90>, enable_pinned_host_transfer=False, save_concurrent_bytes: 96000000000 (89.4 GiB), restore_concurrent_bytes: 96000000000 (89.4 GiB)
[2026-05-02 18:24:58,943][absl][INFO] - [thread=MainThread] Failed to get flag value for EXPERIMENTAL_ORBAX_USE_DISTRIBUTED_PROCESS_ID.
[2026-05-02 18:24:58,943][absl][INFO] - [process=0][thread=MainThread] Using barrier_sync_fn: <function get_barrier_sync_fn.<locals>.<lambda> at 0x14d5e86023e0> timeout: 1200 secs and primary_host=0 for async checkpoint writes
[2026-05-02 18:24:58,943][absl][INFO] - [process=0] [sync] Started load checkpoint @ /gpfs/home5/sfris1/ltr_datasets/ips_datasets/logging_policy_c100000_ps1p0_pt0p5_bs1p0_drop0rel0_sessallocv2_candfullv2_topx25_maxdocs80_lprdeep_lpsegreedysampler_lppct10p0.
[2026-05-02 18:24:58,945][absl][INFO] - Restoring checkpoint from /gpfs/home5/sfris1/ltr_datasets/ips_datasets/logging_policy_c100000_ps1p0_pt0p5_bs1p0_drop0rel0_sessallocv2_candfullv2_topx25_maxdocs80_lprdeep_lpsegreedysampler_lppct10p0.
[2026-05-02 18:24:58,946][absl][INFO] - [process=0] [sync] Finished blocking load in 0.00 seconds. Continuing load @ /gpfs/home5/sfris1/ltr_datasets/ips_datasets/logging_policy_c100000_ps1p0_pt0p5_bs1p0_drop0rel0_sessallocv2_candfullv2_topx25_maxdocs80_lprdeep_lpsegreedysampler_lppct10p0.
[2026-05-02 18:24:58,965][absl][INFO] - [process=0] /jax/orbax/read/worker/io/requested throughput: 6.396 MiB/s (total gbytes: 91.8 KiB) (time elapsed: 0.014009714126586914 s) (per-host)
[2026-05-02 18:24:58,967][absl][INFO] - [process=0] /jax/checkpoint/read/gbytes_per_sec: 4.543 MiB/s (total gbytes: 91.8 KiB) (time elapsed: 0.019724130630493164 s) (per-host)
[2026-05-02 18:24:58,967][absl][INFO] - [process=0] [sync] Finished load in 0.02 seconds @ /gpfs/home5/sfris1/ltr_datasets/ips_datasets/logging_policy_c100000_ps1p0_pt0p5_bs1p0_drop0rel0_sessallocv2_candfullv2_topx25_maxdocs80_lprdeep_lpsegreedysampler_lppct10p0
[2026-05-02 18:25:10,170][two_tower_confounding.experiments.data_pipeline][INFO] - Loaded click datasets in 40.43 seconds (train=86947, val=13053, test=0)
[2026-05-02 18:25:10,171][two_tower_confounding.experiments.data_pipeline][INFO] - Test split is label-only by design; no test click dataset was loaded.
[2026-05-02 18:25:10,171][two_tower_confounding.data.runtime.alignment][INFO] - Applying data cutoff override: configured=25, natural=25, effective=25
[2026-05-02 18:25:10,172][two_tower_confounding.data.runtime.alignment][INFO] - Applying data cutoff override: configured=25, natural=25, effective=25
[2026-05-02 18:25:10,262][two_tower_confounding.data.runtime.aggregation][INFO] - Initializing simulator...
[2026-05-02 18:25:10,263][two_tower_confounding.data.runtime.aggregation][INFO] - Aggregating train dataset...
[2026-05-02 18:25:16,425][two_tower_confounding.data.runtime.aggregation][INFO] - Aggregating validation dataset...
[2026-05-02 18:25:18,864][two_tower_confounding.data.runtime.aggregation][INFO] - Aggregating test dataset from labels only...
[2026-05-02 18:25:20,716][two_tower_confounding.data.runtime.aggregation][INFO] - Aggregation done in 10.45 seconds
[2026-05-02 18:25:20,717][two_tower_confounding.data.runtime.aggregation][INFO] - Session usage after aggregation: requested(train=86947,val=13053), actual(train=86947,val=13053,test=0)
[2026-05-02 18:25:20,717][two_tower_confounding.data.runtime.aggregation][INFO] - Dataset persistence disabled; skipping aggregated dataset cache save.
[2026-05-02 18:25:20,717][two_tower_confounding.experiments.ips_pipeline][INFO] - Test split uses label-only evaluation; raw test click diagnostics are skipped.
[2026-05-02 18:25:20,739][two_tower_confounding.experiments.diagnostics][INFO] - [Data] train_docs=470251, val_docs=70687, test_docs=164676, cutoff=25
[2026-05-02 18:25:20,826][two_tower_confounding.experiments.diagnostics][INFO] - [Train] clicks=13115, displays=1471619, ctr=0.0089, ctr_per_doc=0.0089
[2026-05-02 18:25:20,908][two_tower_confounding.experiments.diagnostics][INFO] - [Validation] clicks=1959, displays=219167, ctr=0.0089, ctr_per_doc=0.0089
[2026-05-02 18:25:21,025][two_tower_confounding.experiments.diagnostics][INFO] - [Test] clicks=0, displays=0, ctr=0.0000, ctr_per_doc=0.0000
[2026-05-02 18:25:21,025][two_tower_confounding.experiments.ips_pipeline][INFO] - Running estimator pipeline with model='ips'
[2026-05-02 18:25:21,025][two_tower_confounding.experiments.ips_pipeline][INFO] - Computing position bias (alpha)...
[2026-05-02 18:25:21,032][two_tower_confounding.experiments.ips_pipeline][INFO] - Loaded CSV position bias from /gpfs/home5/sfris1/Doubly-Robust-Optimization-With-Two-Tower-Models/results/position_bias_csv_smoke.csv (method=adjacent_chain): [ 0.         -0.61061436 -0.9636136  -1.3918216  -1.8466424  -2.0047195
 -2.345135   -2.410578   -2.5700867  -2.8911116  -3.2466629  -3.20286
 -2.7213922  -2.6307952  -2.436438   -2.3167303  -2.5692418  -1.9294696
 -1.5668246  -2.3777547  -1.2193924  -0.3031017   0.64597887  0.64597887
  0.6859842 ]
[2026-05-02 18:25:21,033][two_tower_confounding.experiments.propensity_pipeline][INFO] - Computing propensity per doc (method=propensity_mlp_regression)...
[2026-05-02 18:25:21,517][two_tower_confounding.experiments.propensity_pipeline][INFO] - Subsampling propensity classifier training data: 50000/86947 samples
[2026-05-02 18:30:51,916][two_tower_confounding.experiments.propensity_pipeline][INFO] - Propensity computed in 330.88 seconds
[2026-05-02 18:30:51,919][two_tower_confounding.experiments.propensity_pipeline][INFO] - Alpha logits: [ 0.     -0.6106 -0.9636 -1.3918 -1.8466 -2.0047 -2.3451 -2.4106 -2.5701
 -2.8911 -3.2467 -3.2029 -2.7214 -2.6308 -2.4364 -2.3167 -2.5692 -1.9295
 -1.5668 -2.3778 -1.2194 -0.3031  0.646   0.646   0.686 ]
[2026-05-02 18:30:51,920][two_tower_confounding.experiments.propensity_pipeline][INFO] - Alpha: [0.5    0.3519 0.2762 0.1991 0.1363 0.1187 0.0875 0.0824 0.0711 0.0526
 0.0374 0.0391 0.0617 0.0672 0.0804 0.0897 0.0711 0.1268 0.1727 0.0849
 0.228  0.4248 0.6561 0.6561 0.6651]
[2026-05-02 18:30:51,921][two_tower_confounding.experiments.propensity_pipeline][INFO] - Propensity clipping disabled.
[2026-05-02 18:30:51,921][two_tower_confounding.experiments.ips_pipeline][INFO] - Computing IPS doc weights...
[2026-05-02 18:30:52,374][two_tower_confounding.experiments.ips_pipeline][INFO] - Doc weights computed in 0.45 seconds
[2026-05-02 18:30:52,381][two_tower_confounding.experiments.model_pipeline][INFO] - Loading trainer (trainer_type='pl-rank', n_samples=100)...
[2026-05-02 18:30:52,383][two_tower_confounding.experiments.model_pipeline][INFO] - Trainer loaded in 0.00 seconds
[2026-05-02 18:30:52,383][two_tower_confounding.experiments.model_pipeline][INFO] - Training model...
[2026-05-02 18:40:02,384][two_tower_confounding.experiments.ips_pipeline][INFO] - Final evaluation results:
{'metrics': {'CTR': 1.1419095993041992,
             'DCG': 2.149764060974121,
             'NCTR': 0.48353102803230286,
             'NDCG': 0.774724543094635,
             'NDCG@25': 0.774724543094635,
             'NRCTR': 0.48353102803230286,
             'RCTR': 1.1419095993041992}}
[2026-05-02 18:40:02,408][submitit][INFO] - Job completed successfully
[2026-05-02 18:40:02,419][submitit][INFO] - Exiting after successful completion
