[2026-04-21 15:51:39,574][jax._src.xla_bridge][ERROR] - Jax plugin configuration error: Exception when calling jax_plugins.xla_cuda12.initialize()
Traceback (most recent call last):
  File "/gpfs/home5/sfris1/two-towers-confounding-project/.venv/lib/python3.11/site-packages/jax/_src/xla_bridge.py", line 485, in discover_pjrt_plugins
    plugin_module.initialize()
  File "/gpfs/home5/sfris1/two-towers-confounding-project/.venv/lib/python3.11/site-packages/jax_plugins/xla_cuda12/__init__.py", line 328, in initialize
    _check_cuda_versions(raise_on_first_error=True)
  File "/gpfs/home5/sfris1/two-towers-confounding-project/.venv/lib/python3.11/site-packages/jax_plugins/xla_cuda12/__init__.py", line 285, in _check_cuda_versions
    local_device_count = cuda_versions.cuda_device_count()
                         ^^^^^^^^^^^^^^^^^^^^^^^^^^^^^^^^^
RuntimeError: jaxlib/cuda/versions_helpers.cc:113: operation cuInit(0) failed: CUDA_ERROR_NO_DEVICE
[2026-04-21 15:51:40,543][two_tower_confounding.experiments.ips_pipeline][WARNING] - wandb.init failed (Error uploading run: returned error 403: {"data":{"upsertBucket":null},"errors":[{"message":"permission denied","path":["upsertBucket"],"extensions":{"code":"PERMISSION_ERROR"}}]}). Continuing with local logging only.
[2026-04-21 15:51:40,544][two_tower_confounding.experiments.ips_pipeline][WARNING] - Disabling wandb for trainer components because initialization failed.
[2026-04-21 15:51:40,544][two_tower_confounding.experiments.config_resolver][WARNING] - test_clicks=500000 is ignored because test_set_mode='label_only'. Set test_set_mode='clicks' to enable legacy click-based test behavior.
[2026-04-21 15:51:40,551][two_tower_confounding.experiments.data_pipeline][INFO] - Loading or generating click datasets...
[2026-04-21 15:52:42,504][absl][INFO] - orbax-checkpoint version: 0.11.25
[2026-04-21 15:52:42,504][absl][INFO] - Created BasePyTreeCheckpointHandler: use_ocdbt=True, use_zarr3=False, pytree_metadata_options=PyTreeMetadataOptions(support_rich_types=False), array_metadata_store=<orbax.checkpoint._src.metadata.array_metadata_store.Store object at 0x153e33661d90>, enable_pinned_host_transfer=False, save_concurrent_bytes: 96000000000 (89.4 GiB), restore_concurrent_bytes: 96000000000 (89.4 GiB)
[2026-04-21 15:52:42,504][absl][INFO] - [thread=MainThread] Failed to get flag value for EXPERIMENTAL_ORBAX_USE_DISTRIBUTED_PROCESS_ID.
[2026-04-21 15:52:42,505][absl][INFO] - [process=0][thread=MainThread] Using barrier_sync_fn: <function get_barrier_sync_fn.<locals>.<lambda> at 0x153d676f1300> timeout: 600 secs and primary_host=0 for async checkpoint writes
[2026-04-21 15:52:42,507][absl][INFO] - Restoring checkpoint from /gpfs/home5/sfris1/ltr_datasets/ips_datasets/logging_policy_c100000_ps1p0_pt0p5_bs1p0_drop0rel0_sessallocv2_candfullv2_topx25_maxdocs200_lprdeep_lpsegreedysampler_lppct10p0.
[2026-04-21 15:52:42,527][absl][INFO] - [process=0] /jax/checkpoint/read/gbytes_per_sec: 0 Bytes/s (total gbytes: 21.4 KiB) (time elapsed: 19 milliseconds) (per-host)
[2026-04-21 15:52:42,527][absl][INFO] - Finished restoring checkpoint in 0.02 seconds from /gpfs/home5/sfris1/ltr_datasets/ips_datasets/logging_policy_c100000_ps1p0_pt0p5_bs1p0_drop0rel0_sessallocv2_candfullv2_topx25_maxdocs200_lprdeep_lpsegreedysampler_lppct10p0.
[2026-04-21 15:52:54,938][two_tower_confounding.experiments.data_pipeline][INFO] - Loaded click datasets in 74.39 seconds (train=75000, val=25000, test=0)
[2026-04-21 15:52:54,938][two_tower_confounding.experiments.data_pipeline][INFO] - Test split is label-only by design; no test click dataset was loaded.
[2026-04-21 15:52:54,938][two_tower_confounding.data.runtime.alignment][INFO] - Applying data cutoff override: configured=25, natural=25, effective=25
[2026-04-21 15:52:54,938][two_tower_confounding.data.runtime.alignment][INFO] - Applying data cutoff override: configured=25, natural=25, effective=25
[2026-04-21 15:52:55,069][two_tower_confounding.data.runtime.aggregation][INFO] - Initializing simulator...
[2026-04-21 15:52:55,069][two_tower_confounding.data.runtime.aggregation][INFO] - Aggregating train dataset...
[2026-04-21 15:53:00,762][two_tower_confounding.data.runtime.aggregation][INFO] - Aggregating validation dataset...
[2026-04-21 15:53:04,079][two_tower_confounding.data.runtime.aggregation][INFO] - Aggregating test dataset from labels only...
[2026-04-21 15:53:05,032][two_tower_confounding.data.runtime.aggregation][INFO] - Aggregation done in 9.96 seconds
[2026-04-21 15:53:05,032][two_tower_confounding.data.runtime.aggregation][INFO] - Session usage after aggregation: requested(train=75000,val=25000), actual(train=75000,val=25000,test=0)
[2026-04-21 15:53:05,033][two_tower_confounding.data.runtime.aggregation][INFO] - Dataset persistence disabled; skipping aggregated dataset cache save.
[2026-04-21 15:53:05,033][two_tower_confounding.experiments.ips_pipeline][INFO] - Test split uses label-only evaluation; raw test click diagnostics are skipped.
[2026-04-21 15:53:05,088][two_tower_confounding.experiments.diagnostics][INFO] - [Data] train_docs=2132810, val_docs=707814, test_docs=708921, cutoff=25
[2026-04-21 15:53:05,175][two_tower_confounding.experiments.diagnostics][INFO] - [Train] clicks=8055, displays=1820929, ctr=0.0044, ctr_per_doc=0.0044
[2026-04-21 15:53:05,248][two_tower_confounding.experiments.diagnostics][INFO] - [Validation] clicks=2749, displays=608971, ctr=0.0045, ctr_per_doc=0.0045
[2026-04-21 15:53:05,321][two_tower_confounding.experiments.diagnostics][INFO] - [Test] clicks=0, displays=0, ctr=0.0000, ctr_per_doc=0.0000
[2026-04-21 15:53:05,321][two_tower_confounding.experiments.ips_pipeline][INFO] - Running estimator pipeline with model='dr'
[2026-04-21 15:53:05,321][two_tower_confounding.experiments.ips_pipeline][INFO] - Computing position bias (alpha)...
[2026-04-21 15:53:05,328][two_tower_confounding.experiments.position_bias_pipeline][WARNING] - Applying base epsilon=0.001 to 6 position-bias values while reading /gpfs/home5/sfris1/Doubly-Robust-Optimization-With-Two-Tower-Models/results/position_bias_csv_smoke.csv (invalid=6, below_floor=0).
[2026-04-21 15:53:05,328][two_tower_confounding.experiments.ips_pipeline][INFO] - Loaded CSV position bias from /gpfs/home5/sfris1/Doubly-Robust-Optimization-With-Two-Tower-Models/results/position_bias_csv_smoke.csv (method=adjacent_chain): [ 0.         -0.7707867  -1.1093272  -1.1787001  -1.6642176  -1.7852956
 -1.5094479  -1.0478126  -0.8314196  -2.6091928  -2.141643   -3.0684052
 -3.042872   -2.806483   -1.6804719  -1.5851617   0.06349696  1.0931164
  2.4794106  -6.9077554  -6.9077554  -6.9077554  -6.9077554  -6.9077554
 -6.9077554 ]
[2026-04-21 15:53:05,330][two_tower_confounding.experiments.propensity_pipeline][INFO] - Computing propensity per doc (method=frequency_based)...
[2026-04-21 15:57:25,053][two_tower_confounding.experiments.propensity_pipeline][INFO] - Propensity computed in 259.72 seconds
[2026-04-21 15:57:25,053][two_tower_confounding.experiments.propensity_pipeline][INFO] - Alpha logits: [ 0.         -0.7707867  -1.1093272  -1.1787001  -1.6642176  -1.7852956
 -1.5094479  -1.0478126  -0.8314196  -2.6091928  -2.141643   -3.0684052
 -3.042872   -2.806483   -1.6804719  -1.5851617   0.06349696  1.0931164
  2.4794106  -6.9077554  -6.9077554  -6.9077554  -6.9077554  -6.9077554
 -6.9077554 ]
[2026-04-21 15:57:25,054][two_tower_confounding.experiments.propensity_pipeline][INFO] - Alpha: [0.5        0.31630895 0.24799633 0.235286   0.15919665 0.14365047
 0.18102062 0.25964537 0.303345   0.06854913 0.10511473 0.04442949
 0.04552621 0.05697484 0.157033   0.1700657  0.5158689  0.7489681
 0.9226858  0.000999   0.000999   0.000999   0.000999   0.000999
 0.000999  ]
[2026-04-21 15:57:25,055][two_tower_confounding.experiments.propensity_pipeline][INFO] - Propensity clipping disabled.
[2026-04-21 15:57:25,055][two_tower_confounding.experiments.propensity_pipeline][INFO] - Computing propensity per doc (method=frequency_based)...
[2026-04-21 16:01:42,049][two_tower_confounding.experiments.propensity_pipeline][INFO] - Propensity computed in 256.99 seconds
[2026-04-21 16:01:42,049][two_tower_confounding.experiments.propensity_pipeline][INFO] - Alpha logits: [ 0.         -0.7707867  -1.1093272  -1.1787001  -1.6642176  -1.7852956
 -1.5094479  -1.0478126  -0.8314196  -2.6091928  -2.141643   -3.0684052
 -3.042872   -2.806483   -1.6804719  -1.5851617   0.06349696  1.0931164
  2.4794106  -6.9077554  -6.9077554  -6.9077554  -6.9077554  -6.9077554
 -6.9077554 ]
[2026-04-21 16:01:42,050][two_tower_confounding.experiments.propensity_pipeline][INFO] - Alpha: [0.5        0.31630895 0.24799633 0.235286   0.15919665 0.14365047
 0.18102062 0.25964537 0.303345   0.06854913 0.10511473 0.04442949
 0.04552621 0.05697484 0.157033   0.1700657  0.5158689  0.7489681
 0.9226858  0.000999   0.000999   0.000999   0.000999   0.000999
 0.000999  ]
[2026-04-21 16:01:44,207][two_tower_confounding.experiments.regression_pipeline][INFO] - Training regression model for DM/DR...
[2026-04-21 16:02:22,086][two_tower_confounding.experiments.regression_pipeline][INFO] - Regression epoch 3: train_loss=0.503935 val_loss=0.473277
[2026-04-21 16:02:58,784][two_tower_confounding.experiments.regression_pipeline][INFO] - Regression epoch 6: train_loss=0.505790 val_loss=0.519873
[2026-04-21 16:03:04,935][two_tower_confounding.experiments.ips_pipeline][INFO] - Computing DR doc weights...
[2026-04-21 16:03:04,968][two_tower_confounding.experiments.ips_pipeline][INFO] - Doc weights computed in 0.03 seconds
[2026-04-21 16:03:04,977][two_tower_confounding.experiments.model_pipeline][INFO] - Loading trainer (trainer_type='pl-rank', n_samples=100)...
[2026-04-21 16:03:04,979][two_tower_confounding.experiments.model_pipeline][INFO] - Trainer loaded in 0.00 seconds
[2026-04-21 16:03:04,979][two_tower_confounding.experiments.model_pipeline][INFO] - Training model...
[2026-04-21 16:45:51,199][two_tower_confounding.experiments.ips_pipeline][INFO] - Final evaluation results:
{'metrics': {'CTR': 0.8083314895629883,
             'DCG': 1.2673530578613281,
             'NCTR': 0.27903592586517334,
             'NDCG': 0.33101144433021545,
             'NDCG@25': 0.33101144433021545,
             'NRCTR': 0.27903592586517334,
             'RCTR': 0.8083314895629883}}
[2026-04-21 16:45:51,292][submitit][INFO] - Job completed successfully
[2026-04-21 16:45:51,307][submitit][INFO] - Exiting after successful completion
