[2026-06-18 16:56:00,985][feature_based_propensities_for_ULTR.experiments.config_resolver][WARNING] - test_clicks=500000 is ignored because test_set_mode='label_only'. Set test_set_mode='clicks' to enable legacy click-based test behavior.
[2026-06-18 16:56:00,990][feature_based_propensities_for_ULTR.experiments.data_pipeline][INFO] - Loading or generating click datasets...
[2026-06-18 16:56:24,367][absl][INFO] - orbax-checkpoint version: 0.11.40
[2026-06-18 16:56:24,367][absl][INFO] - save_device_host_concurrent_bytes=None
[2026-06-18 16:56:24,367][absl][INFO] - Created BasePyTreeCheckpointHandler: use_ocdbt=True, use_zarr3=False, pytree_metadata_options=PyTreeMetadataOptions(support_rich_types=False), array_metadata_store=<orbax.checkpoint._src.metadata.array_metadata_store.Store object at 0x14c0b4a16c50>, enable_pinned_host_transfer=False, save_concurrent_bytes: 96000000000 (89.4 GiB), restore_concurrent_bytes: 96000000000 (89.4 GiB)
[2026-06-18 16:56:24,368][absl][INFO] - [thread=MainThread] Failed to get flag value for EXPERIMENTAL_ORBAX_USE_DISTRIBUTED_PROCESS_ID.
[2026-06-18 16:56:24,368][absl][INFO] - [process=0][thread=MainThread] Using barrier_sync_fn: <function get_barrier_sync_fn.<locals>.<lambda> at 0x14c024b37880> timeout: 1200 secs and primary_host=0 for async checkpoint writes
[2026-06-18 16:56:24,368][absl][INFO] - [process=0] [sync] Started load checkpoint @ /gpfs/home5/sfris1/ltr_datasets/ips_datasets/logging_policy_c10000_ps1p0_pt0p5_bs1p0_drop0rel0_sessallocv2_candfullv2_topx25_maxdocs80_lprdeep_lpsegreedysampler_lppct10p0.
[2026-06-18 16:56:24,370][absl][INFO] - Restoring checkpoint from /gpfs/home5/sfris1/ltr_datasets/ips_datasets/logging_policy_c10000_ps1p0_pt0p5_bs1p0_drop0rel0_sessallocv2_candfullv2_topx25_maxdocs80_lprdeep_lpsegreedysampler_lppct10p0.
[2026-06-18 16:56:24,370][absl][INFO] - [process=0] [sync] Finished blocking load in 0.00 seconds. Continuing load @ /gpfs/home5/sfris1/ltr_datasets/ips_datasets/logging_policy_c10000_ps1p0_pt0p5_bs1p0_drop0rel0_sessallocv2_candfullv2_topx25_maxdocs80_lprdeep_lpsegreedysampler_lppct10p0.
[2026-06-18 16:56:24,386][absl][INFO] - [process=0] /jax/orbax/read/worker/io/requested throughput: 8.320 MiB/s (total gbytes: 91.8 KiB) (time elapsed: 0.010769367218017578 s) (per-host)
[2026-06-18 16:56:24,387][absl][INFO] - [process=0] /jax/checkpoint/read/gbytes_per_sec: 5.576 MiB/s (total gbytes: 91.8 KiB) (time elapsed: 0.01607060432434082 s) (per-host)
[2026-06-18 16:56:24,387][absl][INFO] - [process=0] [sync] Finished load in 0.02 seconds @ /gpfs/home5/sfris1/ltr_datasets/ips_datasets/logging_policy_c10000_ps1p0_pt0p5_bs1p0_drop0rel0_sessallocv2_candfullv2_topx25_maxdocs80_lprdeep_lpsegreedysampler_lppct10p0
[2026-06-18 16:56:28,613][feature_based_propensities_for_ULTR.experiments.data_pipeline][INFO] - Loaded click datasets in 27.62 seconds (train=8694, val=1306, test=0)
[2026-06-18 16:56:28,613][feature_based_propensities_for_ULTR.experiments.data_pipeline][INFO] - Test split is label-only by design; no test click dataset was loaded.
[2026-06-18 16:56:28,613][feature_based_propensities_for_ULTR.data.runtime.alignment][INFO] - Applying data cutoff override: configured=25, natural=25, effective=25
[2026-06-18 16:56:28,614][feature_based_propensities_for_ULTR.data.runtime.alignment][INFO] - Applying data cutoff override: configured=25, natural=25, effective=25
[2026-06-18 16:56:28,708][feature_based_propensities_for_ULTR.data.runtime.aggregation][INFO] - Initializing simulator...
[2026-06-18 16:56:28,709][feature_based_propensities_for_ULTR.data.runtime.aggregation][INFO] - Aggregating train dataset...
[2026-06-18 16:56:34,950][feature_based_propensities_for_ULTR.data.runtime.aggregation][INFO] - Aggregating validation dataset...
[2026-06-18 16:56:37,488][feature_based_propensities_for_ULTR.data.runtime.aggregation][INFO] - Aggregating test dataset from labels only...
[2026-06-18 16:56:39,211][feature_based_propensities_for_ULTR.data.runtime.aggregation][INFO] - Aggregation done in 10.50 seconds
[2026-06-18 16:56:39,211][feature_based_propensities_for_ULTR.data.runtime.aggregation][INFO] - Session usage after aggregation: requested(train=8694,val=1306), actual(train=8694,val=1306,test=0)
[2026-06-18 16:56:39,211][feature_based_propensities_for_ULTR.data.runtime.aggregation][INFO] - Dataset persistence disabled; skipping aggregated dataset cache save.
[2026-06-18 16:56:39,211][feature_based_propensities_for_ULTR.experiments.ips_pipeline][INFO] - Test split uses label-only evaluation; raw test click diagnostics are skipped.
[2026-06-18 16:56:39,234][feature_based_propensities_for_ULTR.experiments.diagnostics][INFO] - [Data] train_docs=470251, val_docs=70687, test_docs=164676, cutoff=25
[2026-06-18 16:56:39,325][feature_based_propensities_for_ULTR.experiments.diagnostics][INFO] - [Train] clicks=1401, displays=146193, ctr=0.0096, ctr_per_doc=0.0096
[2026-06-18 16:56:39,412][feature_based_propensities_for_ULTR.experiments.diagnostics][INFO] - [Validation] clicks=192, displays=21546, ctr=0.0089, ctr_per_doc=0.0089
[2026-06-18 16:56:39,530][feature_based_propensities_for_ULTR.experiments.diagnostics][INFO] - [Test] clicks=0, displays=0, ctr=0.0000, ctr_per_doc=0.0000
[2026-06-18 16:56:39,530][feature_based_propensities_for_ULTR.experiments.ips_pipeline][INFO] - Running estimator pipeline with model='dm'
[2026-06-18 16:56:39,530][feature_based_propensities_for_ULTR.experiments.ips_pipeline][INFO] - Computing position bias (alpha)...
[2026-06-18 16:56:39,547][ultr_bias_toolkit.bias.intervention_harvesting.all_pairs][INFO] - Position bias estimation using global all pairs estimator
[2026-06-18 16:57:29,302][feature_based_propensities_for_ULTR.experiments.position_bias_pipeline][INFO] - Saved estimated position-bias curve to position_bias.json
[2026-06-18 16:57:29,303][feature_based_propensities_for_ULTR.experiments.ips_pipeline][INFO] - Estimated position bias in-run (estimator=global_all_pairs): [ 0.         -0.6891488  -1.3896208  -1.3366874  -0.91057885 -1.5887656
 -1.4373151  -1.7526014  -1.8569412  -2.8202105  -3.1249468  -6.9077554
 -3.4225628  -3.9582934  -1.4649853  -3.2493272  -3.0871572  -3.5137854
 -2.40473    -3.771249   -2.6310434  -2.06391    -3.3665543  -3.1948848
 -2.9258783 ]
[2026-06-18 16:57:29,304][feature_based_propensities_for_ULTR.experiments.propensity_pipeline][INFO] - Computing propensity per doc (method=true_propensity)...
[2026-06-18 16:57:37,594][feature_based_propensities_for_ULTR.experiments.propensity_pipeline][INFO] - Propensity computed in 8.29 seconds
[2026-06-18 16:57:37,595][feature_based_propensities_for_ULTR.experiments.propensity_pipeline][INFO] - Alpha logits: [ 0.         -0.6891488  -1.3896208  -1.3366874  -0.91057885 -1.5887656
 -1.4373151  -1.7526014  -1.8569412  -2.8202105  -3.1249468  -6.9077554
 -3.4225628  -3.9582934  -1.4649853  -3.2493272  -3.0871572  -3.5137854
 -2.40473    -3.771249   -2.6310434  -2.06391    -3.3665543  -3.1948848
 -2.9258783 ]
[2026-06-18 16:57:37,595][feature_based_propensities_for_ULTR.experiments.propensity_pipeline][INFO] - Alpha: [0.5        0.33422247 0.1994683  0.20805533 0.28688142 0.16955763
 0.19196147 0.1477194  0.13505998 0.05624176 0.04208987 0.000999
 0.03159771 0.01873786 0.18770604 0.03735107 0.04364012 0.02892253
 0.08281272 0.02250514 0.06716704 0.1126544  0.03335724 0.03935867
 0.05088903]
[2026-06-18 16:57:37,596][feature_based_propensities_for_ULTR.experiments.propensity_pipeline][INFO] - Propensity clipping disabled.
[2026-06-18 16:57:39,008][feature_based_propensities_for_ULTR.experiments.regression_pipeline][INFO] - Training regression model for DM/DR...
[2026-06-18 16:57:45,577][feature_based_propensities_for_ULTR.experiments.regression_pipeline][INFO] - Regression epoch 3: train_loss=0.268849 val_loss=0.251206
[2026-06-18 16:57:51,124][feature_based_propensities_for_ULTR.experiments.regression_pipeline][INFO] - Regression epoch 6: train_loss=0.258943 val_loss=0.261406
[2026-06-18 16:57:53,023][feature_based_propensities_for_ULTR.experiments.ips_pipeline][INFO] - Computing DM doc weights...
[2026-06-18 16:57:53,023][feature_based_propensities_for_ULTR.experiments.ips_pipeline][INFO] - Doc weights computed in 0.00 seconds
[2026-06-18 16:57:53,030][feature_based_propensities_for_ULTR.experiments.model_pipeline][INFO] - Loading trainer (trainer_type='pl-rank', n_samples=100)...
[2026-06-18 16:57:53,032][feature_based_propensities_for_ULTR.experiments.model_pipeline][INFO] - Trainer loaded in 0.00 seconds
[2026-06-18 16:57:53,032][feature_based_propensities_for_ULTR.experiments.model_pipeline][INFO] - Training model...
[2026-06-18 17:07:57,535][feature_based_propensities_for_ULTR.experiments.ips_pipeline][INFO] - Final evaluation results:
{'metrics': {'CTR': 0.885625422000885,
             'DCG': 2.1185474395751953,
             'NCTR': 0.7021394968032837,
             'NDCG': 0.7668906450271606,
             'NDCG@25': 0.7668906450271606,
             'NRCTR': 0.7021394968032837,
             'RCTR': 0.885625422000885}}
[2026-06-18 17:07:57,563][submitit][INFO] - Job completed successfully
[2026-06-18 17:07:57,573][submitit][INFO] - Exiting after successful completion
