[2026-05-05 10:56:53,844][two_tower_confounding.experiments.config_resolver][WARNING] - test_clicks=500000 is ignored because test_set_mode='label_only'. Set test_set_mode='clicks' to enable legacy click-based test behavior.
[2026-05-05 10:56:53,850][two_tower_confounding.experiments.data_pipeline][INFO] - Loading or generating click datasets...
[2026-05-05 10:57:18,332][absl][INFO] - orbax-checkpoint version: 0.11.37
[2026-05-05 10:57:18,333][absl][INFO] - save_device_host_concurrent_bytes=None
[2026-05-05 10:57:18,333][absl][INFO] - Created BasePyTreeCheckpointHandler: use_ocdbt=True, use_zarr3=False, pytree_metadata_options=PyTreeMetadataOptions(support_rich_types=False), array_metadata_store=<orbax.checkpoint._src.metadata.array_metadata_store.Store object at 0x150b6abae790>, enable_pinned_host_transfer=False, save_concurrent_bytes: 96000000000 (89.4 GiB), restore_concurrent_bytes: 96000000000 (89.4 GiB)
[2026-05-05 10:57:18,333][absl][INFO] - [thread=MainThread] Failed to get flag value for EXPERIMENTAL_ORBAX_USE_DISTRIBUTED_PROCESS_ID.
[2026-05-05 10:57:18,333][absl][INFO] - [process=0][thread=MainThread] Using barrier_sync_fn: <function get_barrier_sync_fn.<locals>.<lambda> at 0x150ad7695800> timeout: 1200 secs and primary_host=0 for async checkpoint writes
[2026-05-05 10:57:18,334][absl][INFO] - [process=0] [sync] Started load checkpoint @ /gpfs/home5/sfris1/ltr_datasets/ips_datasets/logging_policy_c10000_ps1p0_pt0p5_bs1p0_drop0rel0_sessallocv2_candfullv2_topx25_maxdocs80_lprdeep_lpsegreedysampler_lppct10p0.
[2026-05-05 10:57:18,336][absl][INFO] - Restoring checkpoint from /gpfs/home5/sfris1/ltr_datasets/ips_datasets/logging_policy_c10000_ps1p0_pt0p5_bs1p0_drop0rel0_sessallocv2_candfullv2_topx25_maxdocs80_lprdeep_lpsegreedysampler_lppct10p0.
[2026-05-05 10:57:18,336][absl][INFO] - [process=0] [sync] Finished blocking load in 0.00 seconds. Continuing load @ /gpfs/home5/sfris1/ltr_datasets/ips_datasets/logging_policy_c10000_ps1p0_pt0p5_bs1p0_drop0rel0_sessallocv2_candfullv2_topx25_maxdocs80_lprdeep_lpsegreedysampler_lppct10p0.
[2026-05-05 10:57:18,352][absl][INFO] - [process=0] /jax/orbax/read/worker/io/requested throughput: 8.163 MiB/s (total gbytes: 91.8 KiB) (time elapsed: 0.010977029800415039 s) (per-host)
[2026-05-05 10:57:18,354][absl][INFO] - [process=0] /jax/checkpoint/read/gbytes_per_sec: 5.346 MiB/s (total gbytes: 91.8 KiB) (time elapsed: 0.016759395599365234 s) (per-host)
[2026-05-05 10:57:18,354][absl][INFO] - [process=0] [sync] Finished load in 0.02 seconds @ /gpfs/home5/sfris1/ltr_datasets/ips_datasets/logging_policy_c10000_ps1p0_pt0p5_bs1p0_drop0rel0_sessallocv2_candfullv2_topx25_maxdocs80_lprdeep_lpsegreedysampler_lppct10p0
[2026-05-05 10:57:22,579][two_tower_confounding.experiments.data_pipeline][INFO] - Loaded click datasets in 28.73 seconds (train=8694, val=1306, test=0)
[2026-05-05 10:57:22,580][two_tower_confounding.experiments.data_pipeline][INFO] - Test split is label-only by design; no test click dataset was loaded.
[2026-05-05 10:57:22,580][two_tower_confounding.data.runtime.alignment][INFO] - Applying data cutoff override: configured=25, natural=25, effective=25
[2026-05-05 10:57:22,580][two_tower_confounding.data.runtime.alignment][INFO] - Applying data cutoff override: configured=25, natural=25, effective=25
[2026-05-05 10:57:22,670][two_tower_confounding.data.runtime.aggregation][INFO] - Initializing simulator...
[2026-05-05 10:57:22,671][two_tower_confounding.data.runtime.aggregation][INFO] - Aggregating train dataset...
[2026-05-05 10:57:28,762][two_tower_confounding.data.runtime.aggregation][INFO] - Aggregating validation dataset...
[2026-05-05 10:57:31,042][two_tower_confounding.data.runtime.aggregation][INFO] - Aggregating test dataset from labels only...
[2026-05-05 10:57:32,616][two_tower_confounding.data.runtime.aggregation][INFO] - Aggregation done in 9.94 seconds
[2026-05-05 10:57:32,617][two_tower_confounding.data.runtime.aggregation][INFO] - Session usage after aggregation: requested(train=8694,val=1306), actual(train=8694,val=1306,test=0)
[2026-05-05 10:57:32,617][two_tower_confounding.data.runtime.aggregation][INFO] - Dataset persistence disabled; skipping aggregated dataset cache save.
[2026-05-05 10:57:32,617][two_tower_confounding.experiments.ips_pipeline][INFO] - Test split uses label-only evaluation; raw test click diagnostics are skipped.
[2026-05-05 10:57:32,640][two_tower_confounding.experiments.diagnostics][INFO] - [Data] train_docs=470251, val_docs=70687, test_docs=164676, cutoff=25
[2026-05-05 10:57:32,727][two_tower_confounding.experiments.diagnostics][INFO] - [Train] clicks=1401, displays=147947, ctr=0.0095, ctr_per_doc=0.0095
[2026-05-05 10:57:32,808][two_tower_confounding.experiments.diagnostics][INFO] - [Validation] clicks=228, displays=21772, ctr=0.0105, ctr_per_doc=0.0105
[2026-05-05 10:57:32,924][two_tower_confounding.experiments.diagnostics][INFO] - [Test] clicks=0, displays=0, ctr=0.0000, ctr_per_doc=0.0000
[2026-05-05 10:57:32,924][two_tower_confounding.experiments.ips_pipeline][INFO] - Running estimator pipeline with model='dm'
[2026-05-05 10:57:32,924][two_tower_confounding.experiments.ips_pipeline][INFO] - Computing position bias (alpha)...
[2026-05-05 10:57:32,931][two_tower_confounding.experiments.ips_pipeline][INFO] - Loaded CSV position bias from /gpfs/home5/sfris1/Doubly-Robust-Optimization-With-Two-Tower-Models/results/position_bias_csv_smoke.csv (method=ctr): [ 0.         -0.88920724 -1.4546025  -1.6229489  -2.1797712  -2.3430865
 -2.3002396  -2.1621134  -2.68351    -2.9162612  -2.8434684  -3.1653183
 -3.1780622  -3.4288645  -3.313895   -2.9077036  -3.5193193  -4.0001216
 -3.969766   -3.425169   -3.3891518  -4.2698483  -4.2322526  -4.1910386
 -3.4611254 ]
[2026-05-05 10:57:32,932][two_tower_confounding.experiments.propensity_pipeline][INFO] - Computing propensity per doc (method=propensity_mlp_regression)...
[2026-05-05 10:58:32,327][two_tower_confounding.experiments.propensity_pipeline][INFO] - Propensity computed in 59.39 seconds
[2026-05-05 10:58:32,327][two_tower_confounding.experiments.propensity_pipeline][INFO] - Alpha logits: [ 0.     -0.8892 -1.4546 -1.6229 -2.1798 -2.3431 -2.3002 -2.1621 -2.6835
 -2.9163 -2.8435 -3.1653 -3.1781 -3.4289 -3.3139 -2.9077 -3.5193 -4.0001
 -3.9698 -3.4252 -3.3892 -4.2698 -4.2323 -4.191  -3.4611]
[2026-05-05 10:58:32,328][two_tower_confounding.experiments.propensity_pipeline][INFO] - Alpha: [0.5    0.2913 0.1893 0.1648 0.1016 0.0876 0.0911 0.1032 0.064  0.0514
 0.055  0.0405 0.04   0.0314 0.0351 0.0518 0.0288 0.018  0.0185 0.0315
 0.0326 0.0138 0.0143 0.0149 0.0304]
[2026-05-05 10:58:32,329][two_tower_confounding.experiments.propensity_pipeline][INFO] - Propensity clipping disabled.
[2026-05-05 10:58:33,458][two_tower_confounding.experiments.regression_pipeline][INFO] - Training regression model for DM/DR...
[2026-05-05 10:58:42,073][two_tower_confounding.experiments.regression_pipeline][INFO] - Regression epoch 3: train_loss=0.247208 val_loss=0.282764
[2026-05-05 10:58:49,449][two_tower_confounding.experiments.regression_pipeline][INFO] - Regression epoch 6: train_loss=0.240534 val_loss=0.280259
[2026-05-05 10:58:56,777][two_tower_confounding.experiments.regression_pipeline][INFO] - Regression epoch 9: train_loss=0.229792 val_loss=0.280897
[2026-05-05 10:58:58,625][two_tower_confounding.experiments.ips_pipeline][INFO] - Computing DM doc weights...
[2026-05-05 10:58:58,625][two_tower_confounding.experiments.ips_pipeline][INFO] - Doc weights computed in 0.00 seconds
[2026-05-05 10:58:58,632][two_tower_confounding.experiments.model_pipeline][INFO] - Loading trainer (trainer_type='pl-rank', n_samples=100)...
[2026-05-05 10:58:58,634][two_tower_confounding.experiments.model_pipeline][INFO] - Trainer loaded in 0.00 seconds
[2026-05-05 10:58:58,634][two_tower_confounding.experiments.model_pipeline][INFO] - Training model...
[2026-05-05 11:08:59,444][two_tower_confounding.experiments.ips_pipeline][INFO] - Final evaluation results:
{'metrics': {'CTR': 0.6898965239524841,
             'DCG': 2.190114736557007,
             'NCTR': 0.720877468585968,
             'NDCG': 0.7899337410926819,
             'NDCG@25': 0.7899337410926819,
             'NRCTR': 0.720877468585968,
             'RCTR': 0.6898965239524841}}
[2026-05-05 11:08:59,469][submitit][INFO] - Job completed successfully
[2026-05-05 11:08:59,480][submitit][INFO] - Exiting after successful completion
