[2026-04-20 10:38:54,142][jax._src.xla_bridge][ERROR] - Jax plugin configuration error: Exception when calling jax_plugins.xla_cuda12.initialize()
Traceback (most recent call last):
  File "/gpfs/home5/sfris1/two-towers-confounding-project/.venv/lib/python3.11/site-packages/jax/_src/xla_bridge.py", line 485, in discover_pjrt_plugins
    plugin_module.initialize()
  File "/gpfs/home5/sfris1/two-towers-confounding-project/.venv/lib/python3.11/site-packages/jax_plugins/xla_cuda12/__init__.py", line 328, in initialize
    _check_cuda_versions(raise_on_first_error=True)
  File "/gpfs/home5/sfris1/two-towers-confounding-project/.venv/lib/python3.11/site-packages/jax_plugins/xla_cuda12/__init__.py", line 285, in _check_cuda_versions
    local_device_count = cuda_versions.cuda_device_count()
                         ^^^^^^^^^^^^^^^^^^^^^^^^^^^^^^^^^
RuntimeError: jaxlib/cuda/versions_helpers.cc:113: operation cuInit(0) failed: CUDA_ERROR_NO_DEVICE
[2026-04-20 10:38:55,172][two_tower_confounding.experiments.ips_pipeline][WARNING] - wandb.init failed (Error uploading run: returned error 403: {"data":{"upsertBucket":null},"errors":[{"message":"permission denied","path":["upsertBucket"],"extensions":{"code":"PERMISSION_ERROR"}}]}). Continuing with local logging only.
[2026-04-20 10:38:55,172][two_tower_confounding.experiments.ips_pipeline][WARNING] - Disabling wandb for trainer components because initialization failed.
[2026-04-20 10:38:55,173][two_tower_confounding.experiments.config_resolver][WARNING] - test_clicks=500000 is ignored because test_set_mode='label_only'. Set test_set_mode='clicks' to enable legacy click-based test behavior.
[2026-04-20 10:38:55,179][two_tower_confounding.experiments.data_pipeline][INFO] - Loading or generating click datasets...
[2026-04-20 10:39:58,390][absl][INFO] - orbax-checkpoint version: 0.11.25
[2026-04-20 10:39:58,390][absl][INFO] - Created BasePyTreeCheckpointHandler: use_ocdbt=True, use_zarr3=False, pytree_metadata_options=PyTreeMetadataOptions(support_rich_types=False), array_metadata_store=<orbax.checkpoint._src.metadata.array_metadata_store.Store object at 0x148336bee990>, enable_pinned_host_transfer=False, save_concurrent_bytes: 96000000000 (89.4 GiB), restore_concurrent_bytes: 96000000000 (89.4 GiB)
[2026-04-20 10:39:58,391][absl][INFO] - [thread=MainThread] Failed to get flag value for EXPERIMENTAL_ORBAX_USE_DISTRIBUTED_PROCESS_ID.
[2026-04-20 10:39:58,391][absl][INFO] - [process=0][thread=MainThread] Using barrier_sync_fn: <function get_barrier_sync_fn.<locals>.<lambda> at 0x14827002d3a0> timeout: 600 secs and primary_host=0 for async checkpoint writes
[2026-04-20 10:39:58,393][absl][INFO] - Restoring checkpoint from /gpfs/home5/sfris1/ltr_datasets/ips_datasets/logging_policy_c100000_ps1p0_pt0p5_bs1p0_drop0rel0_sessallocv2_candfullv2_topx25_maxdocs200_lprdeep_lpsegreedysampler_lppct10p0.
[2026-04-20 10:39:58,414][absl][INFO] - [process=0] /jax/checkpoint/read/gbytes_per_sec: 0 Bytes/s (total gbytes: 21.4 KiB) (time elapsed: 19 milliseconds) (per-host)
[2026-04-20 10:39:58,414][absl][INFO] - Finished restoring checkpoint in 0.02 seconds from /gpfs/home5/sfris1/ltr_datasets/ips_datasets/logging_policy_c100000_ps1p0_pt0p5_bs1p0_drop0rel0_sessallocv2_candfullv2_topx25_maxdocs200_lprdeep_lpsegreedysampler_lppct10p0.
[2026-04-20 10:40:11,011][two_tower_confounding.experiments.data_pipeline][INFO] - Loaded click datasets in 75.83 seconds (train=75000, val=25000, test=0)
[2026-04-20 10:40:11,012][two_tower_confounding.experiments.data_pipeline][INFO] - Test split is label-only by design; no test click dataset was loaded.
[2026-04-20 10:40:11,012][two_tower_confounding.data.runtime.alignment][INFO] - Applying data cutoff override: configured=25, natural=25, effective=25
[2026-04-20 10:40:11,012][two_tower_confounding.data.runtime.alignment][INFO] - Applying data cutoff override: configured=25, natural=25, effective=25
[2026-04-20 10:40:11,139][two_tower_confounding.data.runtime.aggregation][INFO] - Initializing simulator...
[2026-04-20 10:40:11,140][two_tower_confounding.data.runtime.aggregation][INFO] - Aggregating train dataset...
[2026-04-20 10:40:16,565][two_tower_confounding.data.runtime.aggregation][INFO] - Aggregating validation dataset...
[2026-04-20 10:40:19,898][two_tower_confounding.data.runtime.aggregation][INFO] - Aggregating test dataset from labels only...
[2026-04-20 10:40:20,855][two_tower_confounding.data.runtime.aggregation][INFO] - Aggregation done in 9.72 seconds
[2026-04-20 10:40:20,856][two_tower_confounding.data.runtime.aggregation][INFO] - Session usage after aggregation: requested(train=75000,val=25000), actual(train=75000,val=25000,test=0)
[2026-04-20 10:40:20,856][two_tower_confounding.data.runtime.aggregation][INFO] - Dataset persistence disabled; skipping aggregated dataset cache save.
[2026-04-20 10:40:20,856][two_tower_confounding.experiments.ips_pipeline][INFO] - Test split uses label-only evaluation; raw test click diagnostics are skipped.
[2026-04-20 10:40:20,920][two_tower_confounding.experiments.diagnostics][INFO] - [Data] train_docs=2132810, val_docs=707814, test_docs=708921, cutoff=25
[2026-04-20 10:40:21,002][two_tower_confounding.experiments.diagnostics][INFO] - [Train] clicks=8070, displays=1823982, ctr=0.0044, ctr_per_doc=0.0044
[2026-04-20 10:40:21,073][two_tower_confounding.experiments.diagnostics][INFO] - [Validation] clicks=2817, displays=608370, ctr=0.0046, ctr_per_doc=0.0046
[2026-04-20 10:40:21,144][two_tower_confounding.experiments.diagnostics][INFO] - [Test] clicks=0, displays=0, ctr=0.0000, ctr_per_doc=0.0000
[2026-04-20 10:40:21,144][two_tower_confounding.experiments.ips_pipeline][INFO] - Running estimator pipeline with model='ips'
[2026-04-20 10:40:21,144][two_tower_confounding.experiments.ips_pipeline][INFO] - Computing position bias (alpha)...
[2026-04-20 10:40:21,151][two_tower_confounding.experiments.position_bias_pipeline][WARNING] - Applying base epsilon=0.001 to 1 position-bias values while reading /gpfs/home5/sfris1/Doubly-Robust-Optimization-With-Two-Tower-Models/results/position_bias_csv_smoke.csv (invalid=0, below_floor=1).
[2026-04-20 10:40:21,152][two_tower_confounding.experiments.ips_pipeline][INFO] - Loaded CSV position bias from /gpfs/home5/sfris1/Doubly-Robust-Optimization-With-Two-Tower-Models/results/position_bias_csv_smoke.csv (method=pivot_one): [ 0.        -0.7707867 -0.8415591 -1.4691149 -1.3382697 -2.010199
 -1.9776151 -1.7789363 -2.2419605 -2.675818  -3.8013706 -2.5004518
 -2.518545  -2.3690748 -3.3044853 -2.585036  -3.9106889 -2.9508097
 -3.7759488 -4.36652   -4.8393197 -2.6880903 -3.9419055 -3.8736286
 -6.9077554]
[2026-04-20 10:40:21,153][two_tower_confounding.experiments.propensity_pipeline][INFO] - Computing propensity per doc (method=propensity_mlp_regression)...
[2026-04-20 10:40:21,836][two_tower_confounding.experiments.propensity_pipeline][INFO] - Subsampling propensity classifier training data: 50000/75000 samples
[2026-04-20 10:43:17,655][two_tower_confounding.experiments.propensity_pipeline][INFO] - Propensity computed in 176.50 seconds
[2026-04-20 10:43:17,655][two_tower_confounding.experiments.propensity_pipeline][INFO] - Alpha logits: [ 0.     -0.7708 -0.8416 -1.4691 -1.3383 -2.0102 -1.9776 -1.7789 -2.242
 -2.6758 -3.8014 -2.5005 -2.5185 -2.3691 -3.3045 -2.585  -3.9107 -2.9508
 -3.7759 -4.3665 -4.8393 -2.6881 -3.9419 -3.8736 -6.9078]
[2026-04-20 10:43:17,656][two_tower_confounding.experiments.propensity_pipeline][INFO] - Alpha: [0.5    0.3163 0.3012 0.1871 0.2078 0.1181 0.1216 0.1444 0.096  0.0644
 0.0219 0.0758 0.0746 0.0856 0.0354 0.0701 0.0196 0.0497 0.0224 0.0125
 0.0079 0.0637 0.019  0.0204 0.001 ]
[2026-04-20 10:43:17,657][two_tower_confounding.experiments.propensity_pipeline][INFO] - Propensity clipping disabled.
[2026-04-20 10:43:17,657][two_tower_confounding.experiments.ips_pipeline][INFO] - Computing IPS doc weights...
[2026-04-20 10:43:18,345][two_tower_confounding.experiments.ips_pipeline][INFO] - Doc weights computed in 0.69 seconds
[2026-04-20 10:43:18,353][two_tower_confounding.experiments.model_pipeline][INFO] - Loading trainer (trainer_type='pl-rank', n_samples=100)...
[2026-04-20 10:43:18,355][two_tower_confounding.experiments.model_pipeline][INFO] - Trainer loaded in 0.00 seconds
[2026-04-20 10:43:18,355][two_tower_confounding.experiments.model_pipeline][INFO] - Training model...
[2026-04-20 11:02:04,690][two_tower_confounding.experiments.ips_pipeline][INFO] - Final evaluation results:
{'metrics': {'CTR': 0.6883183121681213,
             'DCG': 1.9189850091934204,
             'NCTR': 0.4736494719982147,
             'NDCG': 0.5003579258918762,
             'NDCG@25': 0.5003579258918762,
             'NRCTR': 0.4736494719982147,
             'RCTR': 0.6883183121681213}}
[2026-04-20 11:02:04,721][submitit][INFO] - Job completed successfully
[2026-04-20 11:02:04,737][submitit][INFO] - Exiting after successful completion
