[2026-06-18 16:56:00,936][feature_based_propensities_for_ULTR.experiments.config_resolver][WARNING] - test_clicks=500000 is ignored because test_set_mode='label_only'. Set test_set_mode='clicks' to enable legacy click-based test behavior.
[2026-06-18 16:56:00,941][feature_based_propensities_for_ULTR.experiments.data_pipeline][INFO] - Loading or generating click datasets...
[2026-06-18 16:56:24,331][absl][INFO] - orbax-checkpoint version: 0.11.40
[2026-06-18 16:56:24,331][absl][INFO] - save_device_host_concurrent_bytes=None
[2026-06-18 16:56:24,332][absl][INFO] - Created BasePyTreeCheckpointHandler: use_ocdbt=True, use_zarr3=False, pytree_metadata_options=PyTreeMetadataOptions(support_rich_types=False), array_metadata_store=<orbax.checkpoint._src.metadata.array_metadata_store.Store object at 0x1516c9629090>, enable_pinned_host_transfer=False, save_concurrent_bytes: 96000000000 (89.4 GiB), restore_concurrent_bytes: 96000000000 (89.4 GiB)
[2026-06-18 16:56:24,332][absl][INFO] - [thread=MainThread] Failed to get flag value for EXPERIMENTAL_ORBAX_USE_DISTRIBUTED_PROCESS_ID.
[2026-06-18 16:56:24,332][absl][INFO] - [process=0][thread=MainThread] Using barrier_sync_fn: <function get_barrier_sync_fn.<locals>.<lambda> at 0x151635793880> timeout: 1200 secs and primary_host=0 for async checkpoint writes
[2026-06-18 16:56:24,333][absl][INFO] - [process=0] [sync] Started load checkpoint @ /gpfs/home5/sfris1/ltr_datasets/ips_datasets/logging_policy_c10000_ps1p0_pt0p5_bs1p0_drop0rel0_sessallocv2_candfullv2_topx25_maxdocs80_lprdeep_lpsegreedysampler_lppct10p0.
[2026-06-18 16:56:24,335][absl][INFO] - Restoring checkpoint from /gpfs/home5/sfris1/ltr_datasets/ips_datasets/logging_policy_c10000_ps1p0_pt0p5_bs1p0_drop0rel0_sessallocv2_candfullv2_topx25_maxdocs80_lprdeep_lpsegreedysampler_lppct10p0.
[2026-06-18 16:56:24,335][absl][INFO] - [process=0] [sync] Finished blocking load in 0.00 seconds. Continuing load @ /gpfs/home5/sfris1/ltr_datasets/ips_datasets/logging_policy_c10000_ps1p0_pt0p5_bs1p0_drop0rel0_sessallocv2_candfullv2_topx25_maxdocs80_lprdeep_lpsegreedysampler_lppct10p0.
[2026-06-18 16:56:24,351][absl][INFO] - [process=0] /jax/orbax/read/worker/io/requested throughput: 8.354 MiB/s (total gbytes: 91.8 KiB) (time elapsed: 0.010726213455200195 s) (per-host)
[2026-06-18 16:56:24,352][absl][INFO] - [process=0] /jax/checkpoint/read/gbytes_per_sec: 5.532 MiB/s (total gbytes: 91.8 KiB) (time elapsed: 0.016198396682739258 s) (per-host)
[2026-06-18 16:56:24,352][absl][INFO] - [process=0] [sync] Finished load in 0.02 seconds @ /gpfs/home5/sfris1/ltr_datasets/ips_datasets/logging_policy_c10000_ps1p0_pt0p5_bs1p0_drop0rel0_sessallocv2_candfullv2_topx25_maxdocs80_lprdeep_lpsegreedysampler_lppct10p0
[2026-06-18 16:56:28,611][feature_based_propensities_for_ULTR.experiments.data_pipeline][INFO] - Loaded click datasets in 27.67 seconds (train=8694, val=1306, test=0)
[2026-06-18 16:56:28,611][feature_based_propensities_for_ULTR.experiments.data_pipeline][INFO] - Test split is label-only by design; no test click dataset was loaded.
[2026-06-18 16:56:28,611][feature_based_propensities_for_ULTR.data.runtime.alignment][INFO] - Applying data cutoff override: configured=25, natural=25, effective=25
[2026-06-18 16:56:28,611][feature_based_propensities_for_ULTR.data.runtime.alignment][INFO] - Applying data cutoff override: configured=25, natural=25, effective=25
[2026-06-18 16:56:28,706][feature_based_propensities_for_ULTR.data.runtime.aggregation][INFO] - Initializing simulator...
[2026-06-18 16:56:28,706][feature_based_propensities_for_ULTR.data.runtime.aggregation][INFO] - Aggregating train dataset...
[2026-06-18 16:56:34,919][feature_based_propensities_for_ULTR.data.runtime.aggregation][INFO] - Aggregating validation dataset...
[2026-06-18 16:56:37,473][feature_based_propensities_for_ULTR.data.runtime.aggregation][INFO] - Aggregating test dataset from labels only...
[2026-06-18 16:56:39,095][feature_based_propensities_for_ULTR.data.runtime.aggregation][INFO] - Aggregation done in 10.39 seconds
[2026-06-18 16:56:39,096][feature_based_propensities_for_ULTR.data.runtime.aggregation][INFO] - Session usage after aggregation: requested(train=8694,val=1306), actual(train=8694,val=1306,test=0)
[2026-06-18 16:56:39,096][feature_based_propensities_for_ULTR.data.runtime.aggregation][INFO] - Dataset persistence disabled; skipping aggregated dataset cache save.
[2026-06-18 16:56:39,096][feature_based_propensities_for_ULTR.experiments.ips_pipeline][INFO] - Test split uses label-only evaluation; raw test click diagnostics are skipped.
[2026-06-18 16:56:39,120][feature_based_propensities_for_ULTR.experiments.diagnostics][INFO] - [Data] train_docs=470251, val_docs=70687, test_docs=164676, cutoff=25
[2026-06-18 16:56:39,207][feature_based_propensities_for_ULTR.experiments.diagnostics][INFO] - [Train] clicks=1401, displays=146193, ctr=0.0096, ctr_per_doc=0.0096
[2026-06-18 16:56:39,289][feature_based_propensities_for_ULTR.experiments.diagnostics][INFO] - [Validation] clicks=192, displays=21546, ctr=0.0089, ctr_per_doc=0.0089
[2026-06-18 16:56:39,404][feature_based_propensities_for_ULTR.experiments.diagnostics][INFO] - [Test] clicks=0, displays=0, ctr=0.0000, ctr_per_doc=0.0000
[2026-06-18 16:56:39,405][feature_based_propensities_for_ULTR.experiments.ips_pipeline][INFO] - Running estimator pipeline with model='ips'
[2026-06-18 16:56:39,405][feature_based_propensities_for_ULTR.experiments.ips_pipeline][INFO] - Computing position bias (alpha)...
[2026-06-18 16:56:39,421][ultr_bias_toolkit.bias.intervention_harvesting.all_pairs][INFO] - Position bias estimation using global all pairs estimator
[2026-06-18 16:57:29,036][feature_based_propensities_for_ULTR.experiments.position_bias_pipeline][INFO] - Saved estimated position-bias curve to position_bias.json
[2026-06-18 16:57:29,036][feature_based_propensities_for_ULTR.experiments.ips_pipeline][INFO] - Estimated position bias in-run (estimator=global_all_pairs): [ 0.        -0.6896792 -1.3918225 -1.3381858 -0.910164  -1.5885154
 -1.4380552 -1.7528319 -1.8596966 -2.8225007 -3.126665  -6.9077554
 -3.4237452 -3.956611  -1.4652624 -3.2569366 -3.0886667 -3.5107245
 -2.4103117 -3.776655  -2.6088555 -2.0711198 -3.3743305 -3.1910892
 -2.9380586]
[2026-06-18 16:57:29,038][feature_based_propensities_for_ULTR.experiments.propensity_pipeline][INFO] - Computing propensity per doc (method=frequency_based)...
[2026-06-18 16:57:36,994][feature_based_propensities_for_ULTR.experiments.propensity_pipeline][INFO] - Propensity computed in 7.96 seconds
[2026-06-18 16:57:36,994][feature_based_propensities_for_ULTR.experiments.propensity_pipeline][INFO] - Alpha logits: [ 0.        -0.6896792 -1.3918225 -1.3381858 -0.910164  -1.5885154
 -1.4380552 -1.7528319 -1.8596966 -2.8225007 -3.126665  -6.9077554
 -3.4237452 -3.956611  -1.4652624 -3.2569366 -3.0886667 -3.5107245
 -2.4103117 -3.776655  -2.6088555 -2.0711198 -3.3743305 -3.1910892
 -2.9380586]
[2026-06-18 16:57:36,995][feature_based_propensities_for_ULTR.experiments.propensity_pipeline][INFO] - Alpha: [0.5        0.33410445 0.19911696 0.20780857 0.2869663  0.16959287
 0.1918467  0.14769036 0.13473842 0.05612032 0.04202064 0.000999
 0.03156156 0.01876882 0.18766376 0.03707843 0.04357717 0.02900862
 0.08238975 0.02238653 0.06857066 0.11193568 0.0331074  0.03950244
 0.05030394]
[2026-06-18 16:57:36,995][feature_based_propensities_for_ULTR.experiments.propensity_pipeline][INFO] - Propensity clipping disabled.
[2026-06-18 16:57:36,995][feature_based_propensities_for_ULTR.experiments.ips_pipeline][INFO] - Computing IPS doc weights...
[2026-06-18 16:57:37,494][feature_based_propensities_for_ULTR.experiments.ips_pipeline][INFO] - Doc weights computed in 0.50 seconds
[2026-06-18 16:57:37,500][feature_based_propensities_for_ULTR.experiments.model_pipeline][INFO] - Loading trainer (trainer_type='pl-rank', n_samples=100)...
[2026-06-18 16:57:37,502][feature_based_propensities_for_ULTR.experiments.model_pipeline][INFO] - Trainer loaded in 0.00 seconds
[2026-06-18 16:57:37,502][feature_based_propensities_for_ULTR.experiments.model_pipeline][INFO] - Training model...
[2026-06-18 16:58:26,227][feature_based_propensities_for_ULTR.experiments.ips_pipeline][INFO] - Final evaluation results:
{'metrics': {'CTR': 0.8022710680961609,
             'DCG': 1.9549436569213867,
             'NCTR': 0.6444197297096252,
             'NDCG': 0.7154491543769836,
             'NDCG@25': 0.7154491543769836,
             'NRCTR': 0.6444197297096252,
             'RCTR': 0.8022710680961609}}
[2026-06-18 16:58:26,253][submitit][INFO] - Job completed successfully
[2026-06-18 16:58:26,261][submitit][INFO] - Exiting after successful completion
