[2026-06-18 15:38:47,773][feature_based_propensities_for_ULTR.experiments.config_resolver][WARNING] - test_clicks=500000 is ignored because test_set_mode='label_only'. Set test_set_mode='clicks' to enable legacy click-based test behavior.
[2026-06-18 15:38:47,779][feature_based_propensities_for_ULTR.experiments.data_pipeline][INFO] - Loading or generating click datasets...
[2026-06-18 15:40:16,538][absl][INFO] - orbax-checkpoint version: 0.11.40
[2026-06-18 15:40:16,538][absl][INFO] - save_device_host_concurrent_bytes=None
[2026-06-18 15:40:16,538][absl][INFO] - Created BasePyTreeCheckpointHandler: use_ocdbt=True, use_zarr3=False, pytree_metadata_options=PyTreeMetadataOptions(support_rich_types=False), array_metadata_store=<orbax.checkpoint._src.metadata.array_metadata_store.Store object at 0x14e2e57dddd0>, enable_pinned_host_transfer=False, save_concurrent_bytes: 96000000000 (89.4 GiB), restore_concurrent_bytes: 96000000000 (89.4 GiB)
[2026-06-18 15:40:16,539][absl][INFO] - [thread=MainThread] Failed to get flag value for EXPERIMENTAL_ORBAX_USE_DISTRIBUTED_PROCESS_ID.
[2026-06-18 15:40:16,539][absl][INFO] - [process=0][thread=MainThread] Using barrier_sync_fn: <function get_barrier_sync_fn.<locals>.<lambda> at 0x14e227533920> timeout: 1200 secs and primary_host=0 for async checkpoint writes
[2026-06-18 15:40:16,539][absl][INFO] - [process=0] [sync] Started load checkpoint @ /gpfs/home5/sfris1/ltr_datasets/ips_datasets/istella_logging_policy_c10000_ps1p0_pt0p5_bs1p0_drop0rel0_sessallocv2_candfullv2_topx25_maxdocs200_lprdeep_lpsegreedysampler_lppct10p0.
[2026-06-18 15:40:16,542][absl][INFO] - Restoring checkpoint from /gpfs/home5/sfris1/ltr_datasets/ips_datasets/istella_logging_policy_c10000_ps1p0_pt0p5_bs1p0_drop0rel0_sessallocv2_candfullv2_topx25_maxdocs200_lprdeep_lpsegreedysampler_lppct10p0.
[2026-06-18 15:40:16,542][absl][INFO] - [process=0] [sync] Finished blocking load in 0.00 seconds. Continuing load @ /gpfs/home5/sfris1/ltr_datasets/ips_datasets/istella_logging_policy_c10000_ps1p0_pt0p5_bs1p0_drop0rel0_sessallocv2_candfullv2_topx25_maxdocs200_lprdeep_lpsegreedysampler_lppct10p0.
[2026-06-18 15:40:16,558][absl][INFO] - [process=0] /jax/orbax/read/worker/io/requested throughput: 2.811 MiB/s (total gbytes: 31.6 KiB) (time elapsed: 0.010988712310791016 s) (per-host)
[2026-06-18 15:40:16,560][absl][INFO] - [process=0] /jax/checkpoint/read/gbytes_per_sec: 1.844 MiB/s (total gbytes: 31.6 KiB) (time elapsed: 0.016754150390625 s) (per-host)
[2026-06-18 15:40:16,560][absl][INFO] - [process=0] [sync] Finished load in 0.02 seconds @ /gpfs/home5/sfris1/ltr_datasets/ips_datasets/istella_logging_policy_c10000_ps1p0_pt0p5_bs1p0_drop0rel0_sessallocv2_candfullv2_topx25_maxdocs200_lprdeep_lpsegreedysampler_lppct10p0
[2026-06-18 15:40:21,618][feature_based_propensities_for_ULTR.experiments.data_pipeline][INFO] - Loaded click datasets in 93.84 seconds (train=7274, val=2726, test=0)
[2026-06-18 15:40:21,618][feature_based_propensities_for_ULTR.experiments.data_pipeline][INFO] - Test split is label-only by design; no test click dataset was loaded.
[2026-06-18 15:40:21,618][feature_based_propensities_for_ULTR.data.runtime.alignment][INFO] - Applying data cutoff override: configured=25, natural=25, effective=25
[2026-06-18 15:40:21,619][feature_based_propensities_for_ULTR.data.runtime.alignment][INFO] - Applying data cutoff override: configured=25, natural=25, effective=25
[2026-06-18 15:40:21,709][feature_based_propensities_for_ULTR.data.runtime.aggregation][INFO] - Initializing simulator...
[2026-06-18 15:40:21,710][feature_based_propensities_for_ULTR.data.runtime.aggregation][INFO] - Aggregating train dataset...
[2026-06-18 15:40:27,866][feature_based_propensities_for_ULTR.data.runtime.aggregation][INFO] - Aggregating validation dataset...
[2026-06-18 15:40:31,215][feature_based_propensities_for_ULTR.data.runtime.aggregation][INFO] - Aggregating test dataset from labels only...
[2026-06-18 15:40:32,712][feature_based_propensities_for_ULTR.data.runtime.aggregation][INFO] - Aggregation done in 11.00 seconds
[2026-06-18 15:40:32,712][feature_based_propensities_for_ULTR.data.runtime.aggregation][INFO] - Session usage after aggregation: requested(train=7274,val=2726), actual(train=7274,val=2726,test=0)
[2026-06-18 15:40:32,712][feature_based_propensities_for_ULTR.data.runtime.aggregation][INFO] - Dataset persistence disabled; skipping aggregated dataset cache save.
[2026-06-18 15:40:32,712][feature_based_propensities_for_ULTR.experiments.ips_pipeline][INFO] - Test split uses label-only evaluation; raw test click diagnostics are skipped.
[2026-06-18 15:40:32,765][feature_based_propensities_for_ULTR.experiments.diagnostics][INFO] - [Data] train_docs=2043304, val_docs=684076, test_docs=681250, cutoff=25
[2026-06-18 15:40:32,858][feature_based_propensities_for_ULTR.experiments.diagnostics][INFO] - [Train] clicks=1617, displays=181075, ctr=0.0089, ctr_per_doc=0.0089
[2026-06-18 15:40:32,945][feature_based_propensities_for_ULTR.experiments.diagnostics][INFO] - [Validation] clicks=544, displays=67683, ctr=0.0080, ctr_per_doc=0.0080
[2026-06-18 15:40:33,031][feature_based_propensities_for_ULTR.experiments.diagnostics][INFO] - [Test] clicks=0, displays=0, ctr=0.0000, ctr_per_doc=0.0000
[2026-06-18 15:40:33,031][feature_based_propensities_for_ULTR.experiments.ips_pipeline][INFO] - Running estimator pipeline with model='ips'
[2026-06-18 15:40:33,031][feature_based_propensities_for_ULTR.experiments.ips_pipeline][INFO] - Computing position bias (alpha)...
[2026-06-18 15:40:33,049][ultr_bias_toolkit.bias.intervention_harvesting.all_pairs][INFO] - Position bias estimation using global all pairs estimator
[2026-06-18 15:41:22,612][feature_based_propensities_for_ULTR.experiments.position_bias_pipeline][INFO] - Saved estimated position-bias curve to position_bias.json
[2026-06-18 15:41:22,612][feature_based_propensities_for_ULTR.experiments.ips_pipeline][INFO] - Estimated position bias in-run (estimator=global_all_pairs): [ 0.         -0.5009825  -0.8961169  -1.2294694  -1.4229926  -0.86275506
 -2.200602   -1.6994317  -2.1030462  -1.532892   -1.0700939  -2.3719504
 -3.1101146  -6.9077554  -6.9077554  -1.5534941  -1.6983045  -0.91517043
 -2.2345235  -3.3288562  -6.688593   -1.8494009  -2.398287   -1.7091203
 -1.8972169 ]
[2026-06-18 15:41:22,613][feature_based_propensities_for_ULTR.experiments.propensity_pipeline][INFO] - Computing propensity per doc (method=propensity_mlp_regression)...
[2026-06-18 15:42:09,173][feature_based_propensities_for_ULTR.experiments.propensity_pipeline][INFO] - Propensity computed in 46.56 seconds
[2026-06-18 15:42:09,173][feature_based_propensities_for_ULTR.experiments.propensity_pipeline][INFO] - Alpha logits: [ 0.     -0.501  -0.8961 -1.2295 -1.423  -0.8628 -2.2006 -1.6994 -2.103
 -1.5329 -1.0701 -2.372  -3.1101 -6.9078 -6.9078 -1.5535 -1.6983 -0.9152
 -2.2345 -3.3289 -6.6886 -1.8494 -2.3983 -1.7091 -1.8972]
[2026-06-18 15:42:09,174][feature_based_propensities_for_ULTR.experiments.propensity_pipeline][INFO] - Alpha: [0.5    0.3773 0.2898 0.2263 0.1942 0.2968 0.0997 0.1545 0.1088 0.1776
 0.2554 0.0853 0.0427 0.001  0.001  0.1746 0.1547 0.2859 0.0967 0.0346
 0.0012 0.1359 0.0833 0.1533 0.1304]
[2026-06-18 15:42:09,175][feature_based_propensities_for_ULTR.experiments.propensity_pipeline][INFO] - Propensity clipping disabled.
[2026-06-18 15:42:09,175][feature_based_propensities_for_ULTR.experiments.ips_pipeline][INFO] - Computing IPS doc weights...
[2026-06-18 15:42:09,664][feature_based_propensities_for_ULTR.experiments.ips_pipeline][INFO] - Doc weights computed in 0.49 seconds
[2026-06-18 15:42:09,675][feature_based_propensities_for_ULTR.experiments.model_pipeline][INFO] - Loading trainer (trainer_type='pl-rank', n_samples=100)...
[2026-06-18 15:42:09,677][feature_based_propensities_for_ULTR.experiments.model_pipeline][INFO] - Trainer loaded in 0.00 seconds
[2026-06-18 15:42:09,677][feature_based_propensities_for_ULTR.experiments.model_pipeline][INFO] - Training model...
[2026-06-18 15:46:33,995][feature_based_propensities_for_ULTR.experiments.ips_pipeline][INFO] - Final evaluation results:
{'metrics': {'CTR': 1.1903445720672607,
             'DCG': 2.3087356090545654,
             'NCTR': 0.5844110250473022,
             'NDCG': 0.6686761379241943,
             'NDCG@25': 0.6686761379241943,
             'NRCTR': 0.5844110250473022,
             'RCTR': 1.1903445720672607}}
[2026-06-18 15:46:34,062][submitit][INFO] - Job completed successfully
[2026-06-18 15:46:34,071][submitit][INFO] - Exiting after successful completion
