[2026-05-03 14:54:42,609][two_tower_confounding.experiments.config_resolver][WARNING] - test_clicks=500000 is ignored because test_set_mode='label_only'. Set test_set_mode='clicks' to enable legacy click-based test behavior.
[2026-05-03 14:54:42,614][two_tower_confounding.experiments.data_pipeline][INFO] - Loading or generating click datasets...
[2026-05-03 14:56:14,723][absl][INFO] - orbax-checkpoint version: 0.11.37
[2026-05-03 14:56:14,724][absl][INFO] - save_device_host_concurrent_bytes=None
[2026-05-03 14:56:14,724][absl][INFO] - Created BasePyTreeCheckpointHandler: use_ocdbt=True, use_zarr3=False, pytree_metadata_options=PyTreeMetadataOptions(support_rich_types=False), array_metadata_store=<orbax.checkpoint._src.metadata.array_metadata_store.Store object at 0x148398d3e490>, enable_pinned_host_transfer=False, save_concurrent_bytes: 96000000000 (89.4 GiB), restore_concurrent_bytes: 96000000000 (89.4 GiB)
[2026-05-03 14:56:14,725][absl][INFO] - [thread=MainThread] Failed to get flag value for EXPERIMENTAL_ORBAX_USE_DISTRIBUTED_PROCESS_ID.
[2026-05-03 14:56:14,725][absl][INFO] - [process=0][thread=MainThread] Using barrier_sync_fn: <function get_barrier_sync_fn.<locals>.<lambda> at 0x1482cd3458a0> timeout: 1200 secs and primary_host=0 for async checkpoint writes
[2026-05-03 14:56:14,725][absl][INFO] - [process=0] [sync] Started load checkpoint @ /gpfs/home5/sfris1/ltr_datasets/ips_datasets/istella_logging_policy_c100000_ps1p0_pt0p5_bs1p0_drop0rel0_sessallocv2_candfullv2_topx25_maxdocs200_lprdeep_lpsegreedysampler_lppct10p0.
[2026-05-03 14:56:14,729][absl][INFO] - Restoring checkpoint from /gpfs/home5/sfris1/ltr_datasets/ips_datasets/istella_logging_policy_c100000_ps1p0_pt0p5_bs1p0_drop0rel0_sessallocv2_candfullv2_topx25_maxdocs200_lprdeep_lpsegreedysampler_lppct10p0.
[2026-05-03 14:56:14,729][absl][INFO] - [process=0] [sync] Finished blocking load in 0.00 seconds. Continuing load @ /gpfs/home5/sfris1/ltr_datasets/ips_datasets/istella_logging_policy_c100000_ps1p0_pt0p5_bs1p0_drop0rel0_sessallocv2_candfullv2_topx25_maxdocs200_lprdeep_lpsegreedysampler_lppct10p0.
[2026-05-03 14:56:14,745][absl][INFO] - [process=0] /jax/orbax/read/worker/io/requested throughput: 2.771 MiB/s (total gbytes: 31.6 KiB) (time elapsed: 0.011145353317260742 s) (per-host)
[2026-05-03 14:56:14,747][absl][INFO] - [process=0] /jax/checkpoint/read/gbytes_per_sec: 1.818 MiB/s (total gbytes: 31.6 KiB) (time elapsed: 0.01699090003967285 s) (per-host)
[2026-05-03 14:56:14,747][absl][INFO] - [process=0] [sync] Finished load in 0.02 seconds @ /gpfs/home5/sfris1/ltr_datasets/ips_datasets/istella_logging_policy_c100000_ps1p0_pt0p5_bs1p0_drop0rel0_sessallocv2_candfullv2_topx25_maxdocs200_lprdeep_lpsegreedysampler_lppct10p0
[2026-05-03 14:56:27,864][two_tower_confounding.experiments.data_pipeline][INFO] - Loaded click datasets in 105.25 seconds (train=72743, val=27257, test=0)
[2026-05-03 14:56:27,865][two_tower_confounding.experiments.data_pipeline][INFO] - Test split is label-only by design; no test click dataset was loaded.
[2026-05-03 14:56:27,865][two_tower_confounding.data.runtime.alignment][INFO] - Applying data cutoff override: configured=25, natural=25, effective=25
[2026-05-03 14:56:27,865][two_tower_confounding.data.runtime.alignment][INFO] - Applying data cutoff override: configured=25, natural=25, effective=25
[2026-05-03 14:56:27,958][two_tower_confounding.data.runtime.aggregation][INFO] - Initializing simulator...
[2026-05-03 14:56:27,959][two_tower_confounding.data.runtime.aggregation][INFO] - Aggregating train dataset...
[2026-05-03 14:56:34,301][two_tower_confounding.data.runtime.aggregation][INFO] - Aggregating validation dataset...
[2026-05-03 14:56:37,672][two_tower_confounding.data.runtime.aggregation][INFO] - Aggregating test dataset from labels only...
[2026-05-03 14:56:39,271][two_tower_confounding.data.runtime.aggregation][INFO] - Aggregation done in 11.31 seconds
[2026-05-03 14:56:39,271][two_tower_confounding.data.runtime.aggregation][INFO] - Session usage after aggregation: requested(train=72743,val=27257), actual(train=72743,val=27257,test=0)
[2026-05-03 14:56:39,271][two_tower_confounding.data.runtime.aggregation][INFO] - Dataset persistence disabled; skipping aggregated dataset cache save.
[2026-05-03 14:56:39,272][two_tower_confounding.experiments.ips_pipeline][INFO] - Test split uses label-only evaluation; raw test click diagnostics are skipped.
[2026-05-03 14:56:39,324][two_tower_confounding.experiments.diagnostics][INFO] - [Data] train_docs=2043304, val_docs=684076, test_docs=681250, cutoff=25
[2026-05-03 14:56:39,422][two_tower_confounding.experiments.diagnostics][INFO] - [Train] clicks=15800, displays=1809818, ctr=0.0087, ctr_per_doc=0.0087
[2026-05-03 14:56:39,513][two_tower_confounding.experiments.diagnostics][INFO] - [Validation] clicks=5712, displays=676943, ctr=0.0084, ctr_per_doc=0.0084
[2026-05-03 14:56:39,603][two_tower_confounding.experiments.diagnostics][INFO] - [Test] clicks=0, displays=0, ctr=0.0000, ctr_per_doc=0.0000
[2026-05-03 14:56:39,603][two_tower_confounding.experiments.ips_pipeline][INFO] - Running estimator pipeline with model='ips'
[2026-05-03 14:56:39,603][two_tower_confounding.experiments.ips_pipeline][INFO] - Computing position bias (alpha)...
[2026-05-03 14:56:39,610][two_tower_confounding.experiments.ips_pipeline][INFO] - Loaded CSV position bias from /gpfs/home5/sfris1/Doubly-Robust-Optimization-With-Two-Tower-Models/results/position_bias_csv_smoke.csv (method=global_all_pairs): [ 0.        -0.6328167 -1.0071512 -1.207084  -1.4022496 -1.7184186
 -1.813603  -1.9886445 -1.9224156 -2.1666658 -2.3163047 -2.3282363
 -2.2757087 -2.5168834 -2.3761554 -2.865345  -2.5086544 -2.813683
 -2.9516935 -2.61771   -2.7692318 -2.9358823 -2.987475  -2.9559863
 -3.433718 ]
[2026-05-03 14:56:39,611][two_tower_confounding.experiments.propensity_pipeline][INFO] - Computing propensity per doc (method=true_propensity)...
[2026-05-03 15:00:50,604][two_tower_confounding.experiments.propensity_pipeline][INFO] - Propensity computed in 250.99 seconds
[2026-05-03 15:00:50,604][two_tower_confounding.experiments.propensity_pipeline][INFO] - Alpha logits: [ 0.        -0.6328167 -1.0071512 -1.207084  -1.4022496 -1.7184186
 -1.813603  -1.9886445 -1.9224156 -2.1666658 -2.3163047 -2.3282363
 -2.2757087 -2.5168834 -2.3761554 -2.865345  -2.5086544 -2.813683
 -2.9516935 -2.61771   -2.7692318 -2.9358823 -2.987475  -2.9559863
 -3.433718 ]
[2026-05-03 15:00:50,605][two_tower_confounding.experiments.propensity_pipeline][INFO] - Alpha: [0.5        0.34687215 0.26753774 0.23021743 0.19745938 0.15207498
 0.14020322 0.12040035 0.12759243 0.1027841  0.08978158 0.08881129
 0.09315483 0.07468304 0.08500914 0.05389352 0.0752537  0.05658924
 0.04965653 0.06800729 0.05900966 0.05040801 0.04799494 0.04945435
 0.03125815]
[2026-05-03 15:00:50,606][two_tower_confounding.experiments.propensity_pipeline][INFO] - Propensity clipping disabled.
[2026-05-03 15:00:50,606][two_tower_confounding.experiments.ips_pipeline][INFO] - Computing IPS doc weights...
[2026-05-03 15:00:51,127][two_tower_confounding.experiments.ips_pipeline][INFO] - Doc weights computed in 0.52 seconds
[2026-05-03 15:00:51,168][two_tower_confounding.experiments.model_pipeline][INFO] - Loading trainer (trainer_type='pl-rank', n_samples=100)...
[2026-05-03 15:00:51,170][two_tower_confounding.experiments.model_pipeline][INFO] - Trainer loaded in 0.00 seconds
[2026-05-03 15:00:51,170][two_tower_confounding.experiments.model_pipeline][INFO] - Training model...
[2026-05-03 15:28:45,242][two_tower_confounding.experiments.ips_pipeline][INFO] - Final evaluation results:
{'metrics': {'CTR': 1.1680759191513062,
             'DCG': 2.573852300643921,
             'NCTR': 0.6992906928062439,
             'NDCG': 0.7484588623046875,
             'NDCG@25': 0.7484588623046875,
             'NRCTR': 0.6992906928062439,
             'RCTR': 1.1680759191513062}}
[2026-05-03 15:28:45,275][submitit][INFO] - Job completed successfully
[2026-05-03 15:28:45,284][submitit][INFO] - Exiting after successful completion
