[2026-05-05 10:52:33,885][two_tower_confounding.experiments.config_resolver][WARNING] - test_clicks=500000 is ignored because test_set_mode='label_only'. Set test_set_mode='clicks' to enable legacy click-based test behavior.
[2026-05-05 10:52:33,892][two_tower_confounding.experiments.data_pipeline][INFO] - Loading or generating click datasets...
[2026-05-05 10:54:05,747][absl][INFO] - orbax-checkpoint version: 0.11.37
[2026-05-05 10:54:05,748][absl][INFO] - save_device_host_concurrent_bytes=None
[2026-05-05 10:54:05,748][absl][INFO] - Created BasePyTreeCheckpointHandler: use_ocdbt=True, use_zarr3=False, pytree_metadata_options=PyTreeMetadataOptions(support_rich_types=False), array_metadata_store=<orbax.checkpoint._src.metadata.array_metadata_store.Store object at 0x146d13405790>, enable_pinned_host_transfer=False, save_concurrent_bytes: 96000000000 (89.4 GiB), restore_concurrent_bytes: 96000000000 (89.4 GiB)
[2026-05-05 10:54:05,748][absl][INFO] - [thread=MainThread] Failed to get flag value for EXPERIMENTAL_ORBAX_USE_DISTRIBUTED_PROCESS_ID.
[2026-05-05 10:54:05,749][absl][INFO] - [process=0][thread=MainThread] Using barrier_sync_fn: <function get_barrier_sync_fn.<locals>.<lambda> at 0x146c7f17d8a0> timeout: 1200 secs and primary_host=0 for async checkpoint writes
[2026-05-05 10:54:05,749][absl][INFO] - [process=0] [sync] Started load checkpoint @ /gpfs/home5/sfris1/ltr_datasets/ips_datasets/istella_logging_policy_c10000_ps1p0_pt0p5_bs1p0_drop0rel0_sessallocv2_candfullv2_topx25_maxdocs200_lprdeep_lpsegreedysampler_lppct10p0.
[2026-05-05 10:54:05,753][absl][INFO] - Restoring checkpoint from /gpfs/home5/sfris1/ltr_datasets/ips_datasets/istella_logging_policy_c10000_ps1p0_pt0p5_bs1p0_drop0rel0_sessallocv2_candfullv2_topx25_maxdocs200_lprdeep_lpsegreedysampler_lppct10p0.
[2026-05-05 10:54:05,754][absl][INFO] - [process=0] [sync] Finished blocking load in 0.00 seconds. Continuing load @ /gpfs/home5/sfris1/ltr_datasets/ips_datasets/istella_logging_policy_c10000_ps1p0_pt0p5_bs1p0_drop0rel0_sessallocv2_candfullv2_topx25_maxdocs200_lprdeep_lpsegreedysampler_lppct10p0.
[2026-05-05 10:54:05,774][absl][INFO] - [process=0] /jax/orbax/read/worker/io/requested throughput: 2.193 MiB/s (total gbytes: 31.6 KiB) (time elapsed: 0.014085769653320312 s) (per-host)
[2026-05-05 10:54:05,776][absl][INFO] - [process=0] /jax/checkpoint/read/gbytes_per_sec: 1.459 MiB/s (total gbytes: 31.6 KiB) (time elapsed: 0.021166086196899414 s) (per-host)
[2026-05-05 10:54:05,776][absl][INFO] - [process=0] [sync] Finished load in 0.03 seconds @ /gpfs/home5/sfris1/ltr_datasets/ips_datasets/istella_logging_policy_c10000_ps1p0_pt0p5_bs1p0_drop0rel0_sessallocv2_candfullv2_topx25_maxdocs200_lprdeep_lpsegreedysampler_lppct10p0
[2026-05-05 10:54:10,835][two_tower_confounding.experiments.data_pipeline][INFO] - Loaded click datasets in 96.94 seconds (train=7274, val=2726, test=0)
[2026-05-05 10:54:10,835][two_tower_confounding.experiments.data_pipeline][INFO] - Test split is label-only by design; no test click dataset was loaded.
[2026-05-05 10:54:10,836][two_tower_confounding.data.runtime.alignment][INFO] - Applying data cutoff override: configured=25, natural=25, effective=25
[2026-05-05 10:54:10,836][two_tower_confounding.data.runtime.alignment][INFO] - Applying data cutoff override: configured=25, natural=25, effective=25
[2026-05-05 10:54:10,929][two_tower_confounding.data.runtime.aggregation][INFO] - Initializing simulator...
[2026-05-05 10:54:10,930][two_tower_confounding.data.runtime.aggregation][INFO] - Aggregating train dataset...
[2026-05-05 10:54:17,125][two_tower_confounding.data.runtime.aggregation][INFO] - Aggregating validation dataset...
[2026-05-05 10:54:20,300][two_tower_confounding.data.runtime.aggregation][INFO] - Aggregating test dataset from labels only...
[2026-05-05 10:54:21,833][two_tower_confounding.data.runtime.aggregation][INFO] - Aggregation done in 10.90 seconds
[2026-05-05 10:54:21,834][two_tower_confounding.data.runtime.aggregation][INFO] - Session usage after aggregation: requested(train=7274,val=2726), actual(train=7274,val=2726,test=0)
[2026-05-05 10:54:21,834][two_tower_confounding.data.runtime.aggregation][INFO] - Dataset persistence disabled; skipping aggregated dataset cache save.
[2026-05-05 10:54:21,834][two_tower_confounding.experiments.ips_pipeline][INFO] - Test split uses label-only evaluation; raw test click diagnostics are skipped.
[2026-05-05 10:54:21,886][two_tower_confounding.experiments.diagnostics][INFO] - [Data] train_docs=2043304, val_docs=684076, test_docs=681250, cutoff=25
[2026-05-05 10:54:21,979][two_tower_confounding.experiments.diagnostics][INFO] - [Train] clicks=1510, displays=180914, ctr=0.0083, ctr_per_doc=0.0083
[2026-05-05 10:54:22,068][two_tower_confounding.experiments.diagnostics][INFO] - [Validation] clicks=579, displays=67686, ctr=0.0086, ctr_per_doc=0.0086
[2026-05-05 10:54:22,154][two_tower_confounding.experiments.diagnostics][INFO] - [Test] clicks=0, displays=0, ctr=0.0000, ctr_per_doc=0.0000
[2026-05-05 10:54:22,155][two_tower_confounding.experiments.ips_pipeline][INFO] - Running estimator pipeline with model='dm'
[2026-05-05 10:54:22,155][two_tower_confounding.experiments.ips_pipeline][INFO] - Computing position bias (alpha)...
[2026-05-05 10:54:22,163][two_tower_confounding.experiments.ips_pipeline][INFO] - Loaded CSV position bias from /gpfs/home5/sfris1/Doubly-Robust-Optimization-With-Two-Tower-Models/results/position_bias_csv_smoke.csv (method=global_all_pairs): [ 0.         -0.62439424 -1.7092274  -1.4411129  -2.4828434  -2.4996822
 -2.6469336  -1.7694052  -2.0439684  -2.6066346  -6.9077554  -1.8268268
 -3.3291297  -2.5634136  -2.3944514  -3.290017   -2.3777092  -6.9077554
 -2.6497242  -2.0037193  -6.9077554  -6.9077554  -6.9077554  -3.1132357
 -6.543296  ]
[2026-05-05 10:54:22,164][two_tower_confounding.experiments.propensity_pipeline][INFO] - Computing propensity per doc (method=frequency_based)...
[2026-05-05 10:54:48,933][two_tower_confounding.experiments.propensity_pipeline][INFO] - Propensity computed in 26.77 seconds
[2026-05-05 10:54:48,933][two_tower_confounding.experiments.propensity_pipeline][INFO] - Alpha logits: [ 0.         -0.62439424 -1.7092274  -1.4411129  -2.4828434  -2.4996822
 -2.6469336  -1.7694052  -2.0439684  -2.6066346  -6.9077554  -1.8268268
 -3.3291297  -2.5634136  -2.3944514  -3.290017   -2.3777092  -6.9077554
 -2.6497242  -2.0037193  -6.9077554  -6.9077554  -6.9077554  -3.1132357
 -6.543296  ]
[2026-05-05 10:54:48,934][two_tower_confounding.experiments.propensity_pipeline][INFO] - Alpha: [0.5        0.34878272 0.15326396 0.19137307 0.07706971 0.07588045
 0.06617825 0.14561631 0.11466325 0.06871265 0.000999   0.13861673
 0.03458528 0.07153051 0.08359679 0.03591526 0.08488835 0.000999
 0.06600601 0.11881296 0.000999   0.000999   0.000999   0.04256459
 0.00143767]
[2026-05-05 10:54:48,935][two_tower_confounding.experiments.propensity_pipeline][INFO] - Propensity clipping disabled.
[2026-05-05 10:54:50,038][two_tower_confounding.experiments.regression_pipeline][INFO] - Training regression model for DM/DR...
[2026-05-05 10:54:57,765][two_tower_confounding.experiments.regression_pipeline][INFO] - Regression epoch 3: train_loss=0.533886 val_loss=1.116757
[2026-05-05 10:55:04,432][two_tower_confounding.experiments.regression_pipeline][INFO] - Regression epoch 6: train_loss=0.520731 val_loss=0.731012
[2026-05-05 10:55:11,127][two_tower_confounding.experiments.regression_pipeline][INFO] - Regression epoch 9: train_loss=0.543800 val_loss=0.805722
[2026-05-05 10:55:17,266][two_tower_confounding.experiments.ips_pipeline][INFO] - Computing DM doc weights...
[2026-05-05 10:55:17,266][two_tower_confounding.experiments.ips_pipeline][INFO] - Doc weights computed in 0.00 seconds
[2026-05-05 10:55:17,277][two_tower_confounding.experiments.model_pipeline][INFO] - Loading trainer (trainer_type='pl-rank', n_samples=100)...
[2026-05-05 10:55:17,279][two_tower_confounding.experiments.model_pipeline][INFO] - Trainer loaded in 0.00 seconds
[2026-05-05 10:55:17,279][two_tower_confounding.experiments.model_pipeline][INFO] - Training model...
[2026-05-05 11:18:12,384][two_tower_confounding.experiments.ips_pipeline][INFO] - Final evaluation results:
{'metrics': {'CTR': 0.5017311573028564,
             'DCG': 1.5835191011428833,
             'NCTR': 0.34689319133758545,
             'NDCG': 0.4678742587566376,
             'NDCG@25': 0.4678742587566376,
             'NRCTR': 0.34689319133758545,
             'RCTR': 0.5017311573028564}}
[2026-05-05 11:18:12,435][submitit][INFO] - Job completed successfully
[2026-05-05 11:18:12,447][submitit][INFO] - Exiting after successful completion
